[SceLncService] launchApp(AZIF00003)?
[SceLncService] category={gde} VRMode={0,0}?
[SceLncService] hnm,psnf,pc,tk,ns={0,0,0,0,0} appBootMode={0}?
[SceLncService] appType={SCE_LNC_APP_TYPE_MINI_APP} [] appVer={0.98}?
[SceLncService] mem_mode = {NORMAL}?
[SceLncService] Num. of logged-in users is 1?
[SceLncService] PrepareProcessLaunchDirCheck()?
[SceLncService] PrepareProcessLaunchDirCheck() returned?
[SceSystemStateMgr] Power Mode Change: FULL_GAME?
[ScePatchChecker] (*) check (title_id='AZIF00003', app_version='0.98', check_option=0): status=0, trigger=1 userId=0xffffffff return 0x80412883?
[SceSystemStateMgr] CPU  HLT CP SE CU ACLK DCLK ECLK LCLK SCLK SAMCLK VCLK DispCLK NCLK MemCLK MemP GMC DPM VDD      VDDNB    SOC      ?
[SceSystemStateMgr] 1600   0 NA  0 18  800  673  609  800  800    711  711     673 1400   1375   NA  NA   3 05b/975  05d/950  00710fa0?
[SceLncService] PrepareProcessLaunchDir()?
[ScePatchChecker] check (title_id='AZIF00003', app_version='0.98', check_option=0): status=0, dl_status=0, trigger=1 userId=0xffffffff return 0x80412883?
[SceShellUI] I/PSM.UI : OnFocusActiveSceneChanged [ContentAreaScene : ContentAreaScene] -> [SplashScreen : SplashScreenScene]?
[SceShellUI] I/PSM.UI :      Scene [SplashScreen : SplashScreenScene] : Alive?
SetDeviceIndexBehavior: mode=MergeAllConnectedDevice, param=null?
[Theme/I] : ActiveUserChanged : From : [BLUE(userId = 1ab07dc7)]?
[Theme/I] : ActiveUserChanged : To   : [ANONYMOUS(userId = ffffffff)]?
[Theme/I] : Apply [ANONYMOUS] : [Option:101000]: with not preloaded user?
[SceShellCore] Libc Heap Status: free 34%, in-use 3991.7 KB, trend +96.5 KB/min, peak 4378.7 KB, when 2770 [sec]?
[BGFT] [571] GameStartBoot(AZIF00003, 7) start?
[BGFT] [573] GameStartBoot(AZIF00003, 7) end?
DBG AutoMounter(checkSpecAndHub 494):?
	device(/dev/da1) is SUPER_SPEED.?
DBG AutoMounter(checkSpecAndHub 504):?
	deviceFilePath[/dev/da1] is connected to the USB port in general?
WARNING AutoMounter(bool AutoMounter::DevctlReader::UsbStartupHandler::isStartUp() 76):?
	fake implementation.?
MSG AutoMounter(void AutoMount::PsmEventNotifier::callback_connection(void **) 360):?
	Notify PsmEvent OnUsbStorageInserted?
MSG AutoMounter(int32_t AutoMounter::Util::checkFsFormat(const char *, uint32_t *) 888):?
	device(/dev/da1) has unknown format(0).?
MSG AutoMounter(int32_t _AutoMounter::UsbHandler::(anonymous namespace)::_mountFileSystem(std::string, bool, std::string &, uint32_t *, uint64_t *, uint64_t *, uint64_t *) 542):?
	/dev/da1 has unknown format.?
MSG AutoMounter(int32_t _AutoMounter::UsbHandler::requestMount(const char *, bool) 763): _mountFileSystem(deviceFilePath, false, mountPoint, &fsFormatType, &space, &freeSpace, &availableSpace) returned 0x80f4001c.?
MSG AutoMounter(int32_t _AutoMounter::UsbHandler::(anonymous namespace)::_acquireEncryptDevice(std::string, uint32_t *, uint32_t *, std::string &, uint64_t *) 592):?
	device(/dev/da1) is not qualified for encrypt device. ng_capability(0x2)?
verify_metadata: sceSblExternalHDDVerifyMetadata(0) failed 800f0435?
MSG AutoMounter(int32_t _AutoMounter::UsbHandler::(anonymous namespace)::checkEncryption(std::string, bool *) 347):?
	sceFsExternalStorageVerifyMetadata(/dev/da1) returned 0x80020050. device is not encrypted.?
MSG AutoMounter(int32_t _AutoMounter::UsbHandler::requestMount(const char *, bool) 795): _acquireEncryptDevice(deviceFilePath, &encryptDeviceFormat, &encryptDeviceStatus, encryptDeviceFilePath, &encryptDeviceId) returned 0x80f4001a.?
DBG AutoMounter(notifyMount 435):?
	eventArg.additionalFeatures[0x2000].?
MSG AutoMounter(int32_t AutoMounter::DevctlReader::handleCreateUsbDevice(const char *) 174): AutoMounter::UsbHandler::requestMount(deviceFilePath.c_str(), true) returned 0x80f4001a.?
MSG AutoMounter(void AutoMount::PsmEventNotifier::callback_mount(void **) 270):?
	Notify PsmEvent OnUsbStorageMounted?
?
[PFS] mount [0x000063448e742f13] finished 1 1 1 1 0 1 1?
[PFS] mount [0x000063448e7433da] finished 1 0 0 1 0 1 1?
[BGFT] [606] GameWillStart(AZIF00003, 7) start?
[BGFT] [608] GameWillStart(AZIF00003, 7) end?
[SceLncService] PrepareProcessLaunchDir() returned?
[SceLncService] spawnApp?
[Syscore App] createApp AZIF00003?
[Sy[score App]  ExpandCpuSetMode : disable?
[Syscore App] processSpawn(pid, 0x60000f0c, 0x10f0c130, appParam, processParam, 1, 1, 1, param, debug, 0)?
[Syscore App] appParam: appType = 0x1, rootPath = /mnt/sandbox/AZIF00003_000, titleId = AZIF00003?
[Syscore App] processParam: elfPath = /app0/eboot.bin, fullPath = /mnt/sandbox/pfsmnt/AZIF00003-app0-patch0-union/eboot.bin?
[Syscore App] new pid=0x46[Syscore App] attributeExe= 0?
[Syscore App] Ready to exec?
[Syscore App] wait for NOTE_EXIT|NOTE_EXEC?
KERNEL] dmem_start_app_process pid: 70, map=0xffff9aea2c5cc768, app_maps_count[1], 0 -> 1?
[Syscore App] Add event : pid=0xm46?
[AppMgr Trace]: New Process, pid=0x46, created.?
[AppMgr Trace]: New App, appId=0x60000f0c, created?
[Syscore App]  ExpandCpuSetMode : disable?
DBG: Process 70 untraced!?
<70> EXEC /app0/eboot.bin [system], vm#0, dmem#0  <2782818 mse[AppDb] openDb()[1063]: [File:Open] openDb() call dbutil::Connection::Open() path[/GTWAQLe3kV/priv/mms/app.db] flags[0x10000002] result[0x0, 0]?
[AppDb] AppInfoDbInitializeDaemon()[54]: [File:Open] AppInfoDbInitializeDaemon() call DbAccessor::Init() path[/GTWAQLe3kV/priv/mms/app.db] result[0x0, 0].?
[UIProcess] malloc stats freeSize:38827392 (93%) inuseSize:3115648 peakSize:4066176 [pid:0x3a]?
[AppDb] AppInfoDbTerminateDaemon()[67]: [File:Close] AppInfoDbTerminateDaemon() call DbAccessor::Terminate().?
[AppDb] Terminate()[768]: [File:Close] DbAccessor::Terminate() call dbutil::Connection::Close().?
[SL] AppFocusChanged [NPXS20001] -> [AZIF00003]?
[VCS]checkFocusStatus() [LNC->VCS] Focus Change. appType = 4(MINI_APP). appId = 0x60000f0c.?
c>?
[GoldHEN] <Plugins Loader> Started successfully?
[GoldHEN] <Plugins Loader> Config parser failed to parse config: /data/GoldHEN/plugins.ini?
(../game_patch/source/main.cpp:354) [GoldHEN] <game_patch\Ver.0x00000110> module_start?
(../game_patch/source/main.cpp:355) [GoldHEN] Plugin Author(s): illusion?
(../game_patch/source/main.cpp:356) Commit: caacf01174654235459d48ab9d0b9e00a588b300 Branch: main Build: 188 (Release)?
(../game_patch/source/main.cpp:356) Built: May 27 2023 @ 04:49:25?
(../game_patch/source/main.cpp:356) GoldHEN SDK Ver: 0x00000100?
(../game_patch/source/main.cpp:356) GoldHEN System SDK Ver: 0xffffffff?
(../game_patch/source/main.cpp:324) numModules: 5?
(../game_patch/source/main.cpp:328) ret 0x0?
(../game_patch/source/main.cpp:329) module 0?
(../game_patch/source/main.cpp:330) name: eboot.bin?
(../game_patch/source/main.cpp:331) start: 0x400000?
(../game_patch/source/main.cpp:332) size: 49152 (0xc000)?
(../game_patch/source/main.cpp:365) Module start: 0x400000 0xc000?
DBG AutoMounter(checkSpecAndHub 494):?
	device(/dev/da1) is SUPER_SPE?ED.?
DBG AutoMounter(checkSpecAndHub 504):?
	deviceFilePath[/dev/da1] is connected to the USB port in general?
WARNING AutoMounter(bool AutoMounter::DevctlReader::UsbStartupHandler::isStartUp() 76):?
	fake implementation.?
MSG AutoMounter(void AutoMount::PsmEventNotifier::callback_connection(void **) 360):?
	Notify PsmEvent OnUsbStorageInserted?
MSG AutoMounter(int32_t _AutoMounter::UsbHandler::(anonymous namespace)::tryExfatMount(std::string, bool, std::string &, uint64_t *, uint64_t *, uint64_t *) 129):?
	device(/dev/da1p1) is mounted to /mnt/usb0 with exfat.?
DBG AutoMounter(notifyMount 435):?
	eventArg.additionalFeatures[0x2040].?
MSG AutoMounter(void AutoMount::PsmEventNotifier::callback_mount(void **) 270):?
	Notify PsmEvent OnUsbStorageMounted?
MSG AutoMounterMelUtil(void sceAutomounterMelUtil::callbackMountAll(void **) 279):?
		device(/dev/da1p1): exfat(mediaType=0x1001) is mounted at /mnt/usb0.?
callbackUsbStorageMountInternal()[374]: [MediaEvent] callbackUsbStorageMountInternal() devNum=0?
callbackUsbStorageMountInternal()[377]: [MediaEvent] callbackUsbStorageMountInternal() locked.?
MSG AutoMounterWrapper(void callbackUsbMount(SceUsbStorageEventDatas *, void *) 102):?
	DeviceId=0x2125fa2f?
?
(../game_patch/source/main.cpp:371) process info?
(../game_patch/source/main.cpp:371) pid: 70?
(../game_patch/source/main.cpp:371) name: eboot.bin?
(../game_patch/source/main.cpp:371) path: /app0/eboot.bin?
(../game_patch/source/main.cpp:371) titleid: AZIF00003?
(../game_patch/source/main.cpp:371) contentid: IV0000-AZIF00003_00-PAYLOADGUEST0000?
(../game_patch/source/main.cpp:371) version: 0.98?
(../game_patch/source/main.cpp:371) base_address: 0x400000?
(../game_patch/source/main.cpp:130) file /data/GoldHEN/patches/xml/AZIF00003.xml not found?
[SceLncUtil] blockAppSuspend: name={SceSaveData}, appId={0x60000100}, refCount={1}?
[SceLncUtil] unblockAppSuspend: name={SceSaveData}, appId={0x60000100}, refCount={0}?
[32m[Info ] src/ChainLauncher.c:22: Loading "/app0/guest.elf"?[0m?
[SceLncService] tryLockSuspendBl[ock: appId={0x60000f0c}?
[Syscore App] Kill for LoadExec(0x46)?
KERNEL] dmem_handle_vmspace_exited pid: 70, ptype=1, 0xffff9aea2c5cc768->pt_loaded is TRUE?
[KERNEL] dmem_handle_vmspace_exited map #0 0xffffffffffffffff?
[KERNEL] dmem_handle_vmspace_exited pid: 70, app_maps_count[1], 1 -> 0?
[Syscore App] EVFILT_PROC NOTE_EXIT received : pid=0x46?
[Syscore App] Kill for LoadExec(0x46) => 0?
[AppMgr Trace]: pid=0x46, deleted.?
[Syscore App] Syscore Event Queue Push : SCE_SYSCORE_EVENT_ON_PROCESS_UNLOADED?
[AppMgr] All processes exited, ready for next spawn?
[AppMgr] Executing next spawn?
[Syscore App]  ExpandCpuSetMode : disable?
[Syscore App] processSpawn(pid, 0x60000f0c, 0x10f0c140, appParam, processParam, 1, 1, 1, param, debug, 1)?
[Syscore App] appParam: appType = 0x1, rootPa[th = /mnt/sandbox/AZIF00003_000, titleId = AZIF00003?
[Syscore App] processParam: elfPath = /app0/guest.elf, fullPath = /mnt/sandbox/pfsmnt/AZIF00003-app0-patch0-union/eboot.bin?
[Syscore App] Syscore Event Queue Pop : SCE_SYSCORE_EVENT_ON_PROCESS_UNLOADED?
[Syscore App] new pid=0x47[Syscore App] attributeExe= 0?
[Syscore App] process delete event : pid=0x46?
[Syscore App] Ready to exec?
[Syscore App] wait for NOTE_EXIT|NOTE_EXEC?
KERNEL] dmem_start_app_process pid: 71, map=0xffff9aea2c5cc4f0, app_maps_count[1], 0 -> 1?
[Syscore App] Add event : pid=0xm47?
[SceLncService] unlockSuspendBlock: appId={0x60000f0c}?
DBG: Process 71 untraced!?
<71> EXEC /app0/guest.elf [system], vm#0, dmem#0  <2783427 msec>?
[GoldHEN] <Plugins Loader> Started successfully?
[GoldHEN] <Plugins Loader> Config parser failed to parse config: /data/GoldHEN/plugins.ini?
(../game_patch/source/main.cpp:354) [GoldHEN] <game_patch\Ver.0x00000110> module_start?
(../game_patch/source/main.cpp:355) [GoldHEN] Plugin Author(s): illusion?
(../game_patch/source/main.cpp:356) Commit: caacf01174654235459d48ab9d0b9e00a588b300 Branch: main Build: 188 (Release)?
(../game_patch/source/mai?n.cpp:356) Built: May 27 2023 @ 04:49:25?
(../game_patch/source/main.cpp:356) GoldHEN SDK Ver: 0x00000100?
(../game_patch/source/main.cpp:356) GoldHEN System SDK Ver: 0xffffffff?
(../game_patch/source/main.cpp:324) numModules: 5?
(../game_patch/source/main.cpp:328) ret 0x0?
(../game_patch/source/main.cpp:329) module 0?
(../game_patch/source/main.cpp:330) name: guest.elf?
(../game_patch/source/main.cpp:331) start: 0x400000?
(../game_patch/source/main.cpp:332) size: 851968 (0xd0000)?
(../game_patch/source/main.cpp:365) Module start: 0x400000 0xd0000?
(../game_patch/source/main.cpp:371) process info?
(../game_patch/source/main.cpp:371) pid: 71?
(../game_patch/source/main.cpp:371) name: guest.elf?
(../game_patch/source/main.cpp:371) path: /app0/guest.elf?
(../game_patch/source/main.cpp:371) titleid: AZIF00003?
(../game_patch/source/main.cpp:371) contentid: IV0000-AZIF00003_00-PAYLOADGUEST0000?
(../game_patch/source/main.cpp:371) version: 0.98?
(../game_patch/source/main.cpp:371) base_address: 0x400000?
(../game_patch/source/main.cpp:130) file /data/GoldHEN/patches/xml/AZIF00003.xml not found?
error: 0x80020002**** Base Mode ****?
[36m[Debug] src/App.cpp:29: Initialize Language...?[0m?
?[36m[Debug] src/App.cpp:31: Initialize Controller...?[0m?
[mbus] onNewClie?nt. clientNum 10 over 8?
[36m[Debug] src/App.cpp:33: Initialize Graphics...?[0m?
?[36m[Debug] src/Graphics.cpp:89: Handle is 1309737216 (0x4e110100)?[0m?
?[36m[Debug] src/Graphics.cpp:181: DirectMemOff: 0x200000?[0m?
?[36m[Debug] src/Graphics.cpp:182: DirectMemAllocationSize: 0xc000000?[0m?
?[36m[Debug] src/Graphics.cpp:183: alignment: 2097152 (0x00200000)?[0m?
?[36m[Debug] src/Graphics.cpp:188: VideoMem: 0x200200000?[0m?
?[36m[Debug] src/Graphics.cpp:109: Allocating framebuffer...?[0m?
?[36m[Debug] src/Graphics.cpp:237: handle: 1309737216 (0x4e110100)?[0m?
?[36m[Debug] src/Graphics.cpp:239: flipArgLog: 0x2000041a0?[0m?
?[36m[Debug] src/Graphics.cpp:240: FrameBuffers: 0x2000042c0?[0m?
?[36m[Debug] src/Graphics.cpp:255: sceVideoOutRegisterBuffers: 0x00000000?[0m?
?[36m[Debug] src/App.cpp:35: Initialize Resource...?[0m?
?[36m[Debug] src/Graphics.cpp:627: Loading PNG...?[0m?
?[36m[Debug] src/Graphics.cpp:637: PNG Loaded!?[0m?
?[36m[Debug] src/Graphics.cpp:627: Loading PNG...?[0m?
?[36m[Debug] src/Graphics.cpp:637: PNG Loaded!?[0m?
?[36m[Debug] src/Graphics.cpp:627: Loading PNG...?[0m?
?[36m[Debug] src/Graphics.cpp:637: PNG Loaded!?[0m?
?[36m[Debug] src/Graphics.cpp:627: Loading PNG...?[0m?
?[36m[Debug] src/Graphics.cpp:637: PNG Loaded!?[0m?
?[36m[Debug] src/Graphics.cpp:627: Loading PNG...?[0m?
?[36m[Debug] src/Graphics.cpp:637: PNG Loaded!?[0m?
?[36m[Debug] src/Graphics.cpp:627: Loading PNG...?[0m?
?[36m[Debug] src/Graphics.cpp:637: PNG Loaded!?[0m?
?[36m[Debug] src/Graphics.cpp:627: Loading PNG...?[0m?
?[36m[Debug] src/Graphics.cpp:637: PNG Loaded!?[0m?
?[36m[Debug] src/App.cpp:43: Initialize the Main View...?[0m?
?[36m[Debug] src/PayloadsView.cpp:186: GeneratePayloads is called!?[0m?
?[36m[Debug] src/PayloadsView.cpp:212: Cleanup payload list...?[0m?
?[36m[Debug] src/PayloadsView.cpp:206: GeneratePayloads: Refreshed?[0m?
?[36m[Debug] src/PayloadsView.cpp:252: PayloadsView: End of constructor?[0m?
?[36m[Debug] src/App.cpp:119: Application: RUN?[0m?
[SceShellUI] I/PSM.UI : OnFocusActiveSceneChanged [SplashScreen : SplashScreenScene] -> [AppScreen : ApplicationScreenScene]?
[SceShellUI] I/PSM.UI :      Scene [AppScreen : ApplicationScreenScene] : Alive?
SetDeviceIndexBehavior: mode=MergeAllConnectedDevice, param=null?
[Theme/I] : Apply [ANONYMOUS] : [Option:101000]: with not preloaded user?
[SceShellUI] I/PSM.UI : [NoDraw] : ClearFrameBuffer=False?
DBG AutoMounter(checkSpecAndHub 494):?
	device(/dev/da1) is SUPER_SPEED.?
DBG AutoMounter(checkSpecAndHub 504):?
	deviceFilePath[/dev/da1] is connected to the USB port in general?
WARNING AutoMounter(bool AutoMounter::DevctlReader::UsbStartupHandler::isStartUp() 76):?
	fake implementation.?
MSG AutoMounter(void AutoMount::PsmEventNotifier::callback_connection(void **) 360):?
	Notify PsmEvent OnUsbStorageInserted?
MSG AutoMounter(int32_t AutoMounter::Util::checkFsFormat(const char *, uint32_t *) 888):?
	device(/dev/da1p2) has unknown format(0).?
MSG AutoMounter(int32_t _AutoMounter::UsbHandler::(anonymous namespace)::_mountFileSystem(std::string, bool, std::string &, uint32_t *, uint64_t *, uint64_t *, uint64_t *) 542):?
	/dev/da1p2 has unknown format.?
MSG AutoMounter(int32_t _AutoMounter::UsbHandler::requestMount(const char *, bool) 763): _mountFileSystem(deviceFilePath, false, mountPoint, &fsFormatType, &space, &freeSpace, &availableSpace) returned 0x80f4001c.?
MSG AutoMounter(int32_t _AutoMounter::UsbHandler::(anonymous namespace)::_acquireEncryptDevice(std::string, uint32_t *, uint32_t *, std::string &, uint64_t *) 592):?
	device(/dev/da1p2) is not qualified for encrypt device. ng_capability(0x12)?
verify_metadata: sceSblExternalHDDVerifyMetadata(0) failed 800f0435?
MSG AutoMounter(int32_t _AutoMounter::UsbHandler::(anonymous namespace)::checkEncryption(std::string, bool *) 347):?
	sceFsExternalStorageVerifyMetadata(/dev/da1p2) returned 0x80020050. device is not encrypted.?
MSG AutoMounter(int32_t _AutoMounter::UsbHandler::requestMount(const char *, bool) 795): _acquireEncryptDevice(deviceFilePath, &encryptDeviceFormat, &encryptDeviceStatus, encryptDeviceFilePath, &encryptDeviceId) returned 0x80f4001a.?
DBG AutoMounter(notifyMount 435):?
	eventArg.additionalFeatures[0x2000].?
MSG AutoMounter(int32_t AutoMounter::DevctlReader::handleCreateUsbDevice(const char *) 174): AutoMounter::UsbHandler::requestMount(deviceFilePath.c_str(), true) returned 0x80f4001a.?
MSG AutoMounter(void AutoMount::PsmEventNotifier::callback_mount(void **) 270):?
	Notify PsmEvent OnUsbStorageMounted?
[SceShellUI] I/PSM.UI : UI system timer elapsed 00:46:00?
?[36m[Debug] src/PayloadsView.cpp:319: Loading: /data/payloads/linux-1024mb.bin?[0m?
[GoldHEN] <binloader> accepted a new payload?
[GoldHEN] <binloader> TCP Mode?
?[36m[[GDebouldg] sHrc/EN]P ayloads<biVniloadeew.cppr:>1 86: GepaneratePyalyoload ardse icse ciavleled [sdi!z?[0em?:
 ?[2368m[Debu38g] 4s0rc/Payl -oa dsVbuieffw.ercpp:212: C_sileanzeup: 2 payl9oa0d l8ist.1..6 - ?[i0m?
p: 127.0.0?[36m[.1]?Deb
ug] [srcG/olPdaHyloaEdNsVi]ew .c<binlpp:206o: Geadenerra>t efPayloaoudsnd : Refarend shedj?[a0im?l
broken target process [pid: 46]?
[GoldHEN] <binloader> launching payload... [format: BIN]?
[GoldHEN] <binloader> payload launched?
kernel_init()?
Kernel base = ffffffffd0204000?
Direct map base = ffff9aea00000000?
Testing global variable access (write protection)...?
OK.?
Kernel interface initialized?
Installing sys_kexec to system call #153?
kexec_init() successful?
?
sys_kexec invoked?
========================================?
PS4 Linux Payloads AIO?
FW 12.02 (1202)?
VRAM 1024 MB?
Southbridge: Baikal?
========================================?
sys_kexec(0x2001bc000, 11437056, 0x200ca8000, 4160630, "earlycon=uart8250,mmio32,0xC890E000,115200n8 console=tty0 keep_bootcon 8250.nr_uarts=0 iommu=pt intremap=off panic=10 loglevel=8 ignore_loglevel printk.devkmsg=on drm.edid_firmware=edid/1920x1080.bin video=HDMI-A-1:1920x1080@60D pci=nocrs libata.force=1.00:disable root=LABEL=psxitarch rootwait rw systemd.unit=multi-user.target systemd.log_level=info")?
firmware_extract: Extract lib/firmware/amdgpu/liverpool_pfp.bin ?
Copying PFP firmware?
NOP handler at 0xff0?
firmware_extract: Extract lib/firmware/amdgpu/liverpool_me.bin ?
Copying ME firmware?
firmware_extract: Extract lib/firmware/amdgpu/liverpool_ce.bin ?
Copying CE firmware?
NOP handler at 0x7f0?
firmware_extract: Extract lib/firmware/amdgpu/liverpool_mec.bin ?
Copying MEC firmware?
NOP handler at 0xff0?
firmware_extract: Extract lib/firmware/amdgpu/liverpool_mec2.bin ?
Copying MEC2 firmware?
NOP handler at 0xff0?
firmware_extract: Extract lib/firmware/amdgpu/liverpool_rlc.bin ?
Copying RLC firmware?
firmware_extract: Extract lib/firmware/amdgpu/liverpool_sdma.bin ?
Copying SDMA firmware?
firmware_extract: Extract lib/firmware/amdgpu/liverpool_sdma1.bin ?
Copying SDMA1 firmware?
?
kexec parameters:?
    Kernel image size:   11437056 bytes?
    Initramfs size:      4255366 bytes (4160630 from user)?
    Kernel command line: earlycon=uart8250,mmio32,0xC890E000,115200n8 console=tty0 keep_bootcon 8250.nr_uarts=0 iommu=pt intremap=off panic=10 loglevel=8 ignore_loglevel printk.devkmsg=on drm.edid_firmware=edid/1920x1080.bin video=HDMI-A-1:1920x1080@60D pci=nocrs libata.force=1.00:disable root=LABEL=psxitarch rootwait rw systemd.unit=multi-user.target systemd.log_level=info?
    Kernel image buffer: 0xffff9aea1f000000?
    Initramfs buffer:    0xffffffffffffffff?
kernel_hook_install(0xffffff807882112d, 0xffffffffd064bad0)?
  Using 64bit absolute jump?
******************************************************?
kexec successfully armed. Please shut down the system.?
******************************************************?
?
[SceShellUI] I/PSM.UI : [FirstClear] : ClearFrameBuffer=False?
[KE]sceCameraDevKill::2685 ERROR: sceCameraProcConfigStop 0x802e0006 i=0 handle=257 pidCo=n43?
text.cc:174 (ajmContextCleanup) - Instance 27Cont8ext.5cc:1743 2( ajmCownastextClea nn[uoKERNEL] dmetpm )p _hr-oa pIenndrstlley_ avdmspnesacce_etxitee rd po1iy6e3d: d97.0 1,?
 wCapost nntyoepxt te.p=1cr,cop: 0xf1efr8l9fy  fd(9eaasjtmrCeoonya2etdc5e.cx?c
4CtfoC0->pt_nlloeadtaeendxut pis.)c  Tc- R:C1odUecE8 ?
9 [O(KEpaRNEL] dusjmm Sem_CIhandolLenK_tev mspaxEcnetc_Ceoxitdedle meaanrpu wp #0 )a0 s -nxfff oCodtffffffe fcpff roMP3fpferflf?
 [yDKeE RuNcoder was Enot pL]r dmoperlyem_ haunndClornteee_vmspgacixstt.e_ecexirctee:dd1 pi.8d:9?
 C71,o n (aaptjp_mapsemx_Ccto.notcucen:t1[8x1],t 1 9C-> 0 le?(a
nuapjm) Co-n Codec tOpus eSILKx EncodteCr was nlot epropearnly unregiup)s tered- .?
CContexonrdeegic stATRAC9 eDerceod.?d
er Cwonas nott propeerlyx unregistet.cc:174 (aCjonmtConteexxtt.Cleanucc:p1) - Ins89t (aancjem 3C44ont0ex6tCl7ea wasn unot prp) o-perly dest Croodyeecd.?
 CoOntepusxt.cc C:18E9L (aT jmEnConctoextCdeleanup) - Codecr  Opus Dwasecod er wanos t not propeproprly unregeristered.l?y
 unrerged.?
istered.?
Context.cc:189 (ajmContextCleanup) - Codec Opus CELT Decoder was not properly unregistered.?
Context.cc:189 (ajmContextCleanup) - Codec CELP8 Decoder was not properly unret.gistcec:189 r(ajmContextCleanuedp) .?- C
odeCcon Opus CEtLT Encoedxet.r wcas ncot pr:oper1ly un8re9 g(isteared.j?
mCCoontexntet.xtcc:1Cl89e a(ajnmContuextCpleanu)p)  - Code-c Op us DeCcodeodr waes noc t propeCrEly unregistLPere8d.?
 EncodeCron text.cwac:189 (ajmConstextC nleanout pp) - Codroepce rlMyPEG4 A AuC Enncoderr was not pergoperilstey urneregistered.?
d.?
Context.cc:189 (ajmContextCleanup) - Codec CELP(16) Decoder was not properly unregistered.?
Context.cc:191 (ajmContextCleanup) - More codecs were not properly unregCiontesxt.cct:er17ed4 (ajmContext.Clean..?
up) - Instance 114689 was not properly destroyed.?
Context.cc:189 (ajmContextCleanup) - Codec AC3 Encoder was not properly unregistered.?
Context.cc:174 (ajmContextCleanup) - Instance 163842 was not properly destroyed.?
Context.cc:189 (ajmContextCleanup) - Codec DTS Encoder was not properly unregistered.?
[SceSysCore mini] killall timeout 5[sec]...?
[SceSysCore mini] forcibly unmount 4 nullfses?
[SceSysCore mini] forcibly unmount /mnt/usb0?
[SceSysCore mini[REGMGR] 000006 ...?
] sceKernelPollE[ventFlag(reboot_flag): failed 80020010?
[SceSysCore mini] call reboot(4000)?
REGMGR] (   2792.563 sec) 010006 ...?
[REGMGR] (   0.011774 sec) 010007 ...?
[REGMGR] 000108 ...?
Waiting (max 60 seconds) for system process `SceVnlru' to stop...done?
Waiting (max 60 seconds) for system process `SceBufdaemon1' to stop...SD Manual Tuning done. MaxPassWindowSize=22, TunePoint=20 CORE_CTRL=0x184094?
ugen0.3: <Sony Interactive Entertainment, Wireless Controller, > at usbus0 (disconnected)?
uaudio0: at uhub3, port 1, addr 2 (disconnected)?
pcm3: detached?
usb_hid0: at uhub3, port 1, addr 2 (disconnected)?
done?
W?
aiStying nc(mainx g60 seco dnds) fori system psrocekss `SceSyncer's,  vton stoodp...es remaining...2 0 ugen0.3: <Sony Interactive Entertainment, Wireless Controller, >(VID=0x054c PID=0x05c4 depth=2 port=1 speed=2) at usbus0?
uaudio0: <Sony Interactive Entertainment Wireless Controller, class 0/0, rev 2.00/1.00, addr 7> on usbus0?
uaudio0: Play: 32000 Hz, 2 ch, 16-bit S-LE PCM format?
uaudio0: Record: 16000 Hz, 1 ch, 16-bit S-LE PCM format?
pcm3: <USB audio> on uaudio0?
usb_hid0: <Sony Interactive Entertainment Wireless Controller, class 0/0, rev 2.00/1.00, addr 7> on usbus0?
0 sched_sync: flush softdep (iter=2)?
sched_sync: flush softdep (iter=1)?
done?
Waiting (max 60 seconds) for system process `SceBufdaemon0' to stop...done?
Waiting (max 60 seconds) for system process `SceBufdaemon2' to stop...done?
All buffers synced.?
[PFS] umount[0x000063448e7433da] finished 0?
[PFS] umount[0x000063448e742f13] finished 0?
Uptime: 46m38s?
icc post sync:Thermal alert LED off?
[REGMGR] 000007 @2@ ...?
icc08-4001 0802?
icc:failed to disabled reset button notification: 0005?
icc:disabled thermal notification?
eth0: link state changed to DOWN?
ICC: howto:00004000 depth:2 cause:00 hand:01?
ICC: Shutdown.?
hook_icc_query_nowait called?
ICC 05-00 polling?
Fixing ACPI tables at 0xe0000 (0xffffffffffffffff)?
RSDT at 0xe0024?
XSDT at 0xe0088?
FACP at 0xe016c?
FACS at 0xe012c?
DSDT at 0xe0430?
APIC at 0xe0298?
MCFG at 0xe0304?
SSDT at 0xe0730?
ACPI tables fixed?
kexec: Waiting for secondary CPUs...?
kexec: Secondary CPUs quiesced?
kexec: Setting up GDT...?
kexec: Relocating stub...?
kexec: Setting up boot params...?
kexec: Cleaning up hardware...?
Current sb_id: 3?
?
SB_BAIKAL constant: 3?
?
kexec: Detected Baikal Southbridge, disabling IOMMU...?
kexec: Reconfiguring VRAM...?
kexec: Resetting GPU...?
kexec: About to relocate and jump to kernel?
[    0.000000] ps4: x86_ps4_early_setup: PS4 early setup?
[    0.000000] Linux version 6.15.4-Baikal_TESTING_crashniels-dirty (meerzulee@cachynator) (gcc (GCC) 16.1.1 20260430, GNU ld (GNU Binutils) 2.46.0) #65 SMP PREEMPT_DYNAMIC Mon May 11 17:00:27 +06 2026?
[    0.000000] Command line: earlycon=uart8250,mmio32,0xC890E000,115200n8 console=tty0 keep_bootcon 8250.nr_uarts=0 iommu=pt intremap=off panic=10 loglevel=8 ignore_loglevel printk.devkmsg=on drm.edid_firmware=edid/1920x1080.bin video=HDMI-A-1:1920x1080@60D pci=nocrs libata.force=1.00:disable root=LABEL=psxitarch rootwait rw systemd.unit=multi-user.target systemd.log_level=info?
[    0.000000] KERNEL supported cpus:?
[    0.000000]   AMD AuthenticAMD?
[    0.000000] BIOS-provided physical RAM map:?
[    0.000000] BIOS-e820: [mem 0x0000000000000000-0x0000000000007fff] usable?
[    0.000000] BIOS-e820: [mem 0x0000000000008000-0x000000000007ffff] reserved?
[    0.000000] BIOS-e820: [mem 0x0000000000080000-0x0000000000099fff] usable?
[    0.000000] BIOS-e820: [mem 0x000000000009a000-0x00000000000bffff] reserved?
[    0.000000] BIOS-e820: [mem 0x00000000000e0000-0x00000000000effff] ACPI data?
[    0.000000] BIOS-e820: [mem 0x0000000000100000-0x00000000003fffff] usable?
[    0.000000] BIOS-e820: [mem 0x0000000000400000-0x000000000047ffff] reserved?
[    0.000000] BIOS-e820: [mem 0x0000000000480000-0x000000000067ffff] usable?
[    0.000000] BIOS-e820: [mem 0x0000000000680000-0x00000000006fffff] reserved?
[    0.000000] BIOS-e820: [mem 0x0000000000700000-0x000000007efe7fff] usable?
[    0.000000] BIOS-e820: [mem 0x000000007efe8000-0x000000007efeffff] ACPI NVS?
[    0.000000] BIOS-e820: [mem 0x000000007eff0000-0x000000007effffff] ACPI data?
[    0.000000] BIOS-e820: [mem 0x000000007f000000-0x000000007fffffff] usable?
[    0.000000] BIOS-e820: [mem 0x0000000080000000-0x00000000fbffffff] reserved?
[    0.000000] BIOS-e820: [mem 0x0000000100000000-0x000000013fffffff] reserved?
[    0.000000] BIOS-e820: [mem 0x0000000140000000-0x000000027effffff] usable?
[    0.000000] earlycon: uart8250 at MMIO32 0x00000000c890e000 (options '115200n8')?
[    0.000000] printk: legacy bootconsole [uart8250] enabled?
[    0.000000] printk: debug: skip boot console de-registration.?
[    0.000000] printk: debug: ignoring loglevel setting.?
[    0.000000] NX (Execute Disable) protection: active?
[    0.000000] APIC: Static calls initialized?
[    0.000000] SMBIOS 2.1 present.?
[    0.000000] DMI:  , BIOS unde Wed 09/22/2021 16:2?
[    0.000000] DMI: Memory slots populated: 1/1?
[    0.000000] ps4: EMC timer started in 2358 TSC ticks?
[    0.000000] ps4: Calibrated TSC frequency: 1594094560 kHz?
[    0.000000] tsc: Detected 1594.095 MHz processor?
[    0.001421] e820: update [mem 0x00000000-0x00000fff] usable ==> reserved?
[    0.008247] e820: remove [mem 0x000a0000-0x000fffff] usable?
[    0.013928] last_pfn = 0x27f000 max_arch_pfn = 0x400000000?
[    0.019514] MTRR map: 6 entries (3 fixed + 3 variable; max 20), built from 9 variable MTRRs?
[    0.028014] x86/PAT: Configuration [0-7]: WB  WC  UC- UC  WB  WP  UC- WT  ?
[    0.035392] e820: update [mem 0x80000000-0x13fffffff] usable ==> reserved?
[    0.042319] last_pfn = 0x80000 max_arch_pfn = 0x400000000?
[    0.056421] Using GB pages for direct mapping?
[    0.062385] RAMDISK: [mem 0x21000000-0x2140efff]?
[    0.067095] ACPI: Early table checksum verification disabled?
[    0.072853] ACPI: RSDP 0x00000000000E0000 000024 (v02 SIE   )?
[    0.078704] ACPI: XSDT 0x00000000000E0088 00004C (v01 SIE    ORBIS    20121218 INTL 20110211)?
[    0.087390] ACPI: FACP 0x00000000000E016C 0000F4 (v04 SIE    ORBIS    20130205 INTL 20110211)?
[    0.096074] ACPI: DSDT 0x00000000000E0430 00018C (v02 SIE    ORBIS    20121002 INTL 20110211)?
[    0.104755] ACPI: FACS 0x00000000000E012C 000040?
[    0.109453] ACPI: FACS 0x00000000000E012C 000040?
[    0.114150] ACPI: APIC 0x00000000000E0298 00006C (v02 SIE    ORBIS    20120725 INTL 20110211)?
[    0.122832] ACPI: MCFG 0x00000000000E0304 00003C (v01 SIE    ORBIS    20120725 INTL 20110211)?
[    0.131514] ACPI: SSDT 0x00000000000E0730 001944 (v01 AMD    POWERNOW 00000001 AMD  00000001)?
[    0.140194] ACPI: IVRS 0x00000000000E2074 000054 (v01 F0F    PS4KEXEC 20161225 KEXC 20161225)?
[    0.148873] ACPI: Reserving FACP table memory at [mem 0xe016c-0xe025f]?
[    0.155514] ACPI: Reserving DSDT table memory at [mem 0xe0430-0xe05bb]?
[    0.162153] ACPI: Reserving FACS table memory at [mem 0xe012c-0xe016b]?
[    0.168792] ACPI: Reserving FACS table memory at [mem 0xe012c-0xe016b]?
[    0.175432] ACPI: Reserving APIC table memory at [mem 0xe0298-0xe0303]?
[    0.182072] ACPI: Reserving MCFG table memory at [mem 0xe0304-0xe033f]?
[    0.188711] ACPI: Reserving SSDT table memory at [mem 0xe0730-0xe2073]?
[    0.195350] ACPI: Reserving IVRS table memory at [mem 0xe2074-0xe20c7]?
[    0.202066] No NUMA configuration found?
[    0.205963] Faking a node at [mem 0x0000000000000000-0x000000027effffff]?
[    0.212785] NODE_DATA(0) allocated [mem 0x27effa800-0x27effdfff]?
[    0.218948] Zone ranges:?
[    0.221518]   DMA      [mem 0x0000000000001000-0x0000000000ffffff]?
[    0.227807]   DMA32    [mem 0x0000000001000000-0x00000000ffffffff]?
[    0.234094]   Normal   [mem 0x0000000100000000-0x000000027effffff]?
[    0.240383] Movable zone start for each node?
[    0.244722] Early memory node ranges?
[    0.248352]   node   0: [mem 0x0000000000001000-0x0000000000007fff]?
[    0.254728]   node   0: [mem 0x0000000000080000-0x0000000000099fff]?
[    0.261102]   node   0: [mem 0x0000000000100000-0x00000000003fffff]?
[    0.267476]   node   0: [mem 0x0000000000480000-0x000000000067ffff]?
[    0.273851]   node   0: [mem 0x0000000000700000-0x000000007efe7fff]?
[    0.280225]   node   0: [mem 0x000000007f000000-0x000000007fffffff]?
[    0.286600]   node   0: [mem 0x0000000140000000-0x000000027effffff]?
[    0.292976] Initmem setup node 0 [mem 0x0000000000001000-0x000000027effffff]?
[    0.300153] On node 0, zone DMA: 1 pages in unavailable ranges?
[    0.306093] On node 0, zone DMA: 120 pages in unavailable ranges?
[    0.312223] On node 0, zone DMA: 102 pages in unavailable ranges?
[    0.318350] On node 0, zone DMA: 128 pages in unavailable ranges?
[    0.324513] On node 0, zone DMA: 128 pages in unavailable ranges?
[    0.340932] On node 0, zone DMA32: 24 pages in unavailable ranges?
[    0.373363] On node 0, zone Normal: 4096 pages in unavailable ranges?
[    0.380741] ACPI: No IOAPIC entries present?
[    0.384993] ACPI: Using ACPI for processor (LAPIC) configuration information?
[    0.392176] CPU topo: Max. logical packages:   1?
[    0.396870] CPU topo: Max. logical dies:       1?
[    0.401563] CPU topo: Max. dies per package:   1?
[    0.406268] CPU topo: Max. threads per core:   1?
[    0.410960] CPU topo: Num. cores per package:     8?
[    0.415918] CPU topo: Num. threads per package:   8?
[    0.420875] CPU topo: Allowing 8 present CPUs plus 0 hotplug CPUs?
[    0.427102] [mem 0xfc000000-0xffffffff] available for PCI devices?
[    0.433305] clocksource: refined-jiffies: mask: 0xffffffff max_cycles: 0xffffffff, max_idle_ns: 1910969940391419 ns?
[    0.443939] setup_percpu: NR_CPUS:8 nr_cpumask_bits:8 nr_cpu_ids:8 nr_node_ids:1?
[    0.452126] percpu: Embedded 42 pages/cpu s131544 r8192 d32296 u262144?
[    0.458787] pcpu-alloc: s131544 r8192 d32296 u262144 alloc=1*2097152?
[    0.465254] pcpu-alloc: [0] 0 1 2 3 4 5 6 7 ?
[    0.469637] Kernel command line: earlycon=uart8250,mmio32,0xC890E000,115200n8 console=tty0 keep_bootcon 8250.nr_uarts=0 iommu=pt intremap=off panic=10 loglevel=8 ignore_loglevel printk.devkmsg=on drm.edid_firmware=edid/1920x1080.bin video=HDMI-A-1:1920x1080@60D pci=nocrs libata.force=1.00:disable root=LABEL=psxitarch rootwait rw systemd.unit=multi-user.target systemd.log_level=info?
[    0.504364] printk: log buffer data + meta data: 262144 + 917504 = 1179648 bytes?
[    0.513646] Dentry cache hash table entries: 1048576 (order: 11, 8388608 bytes, linear)?
[    0.522692] Inode-cache hash table entries: 524288 (order: 10, 4194304 bytes, linear)?
[    0.530766] software IO TLB: area num 8.?
[    0.563124] Fallback order for Node 0: 0 ?
[    0.563143] Built 1 zonelists, mobility grouping on.  Total pages: 1830409?
[    0.574214] Policy zone: Normal?
[    0.577406] mem auto-init: stack:off, heap alloc:off, heap free:off?
[    0.621238] SLUB: HWalign=64, Order=0-3, MinObjects=0, CPUs=8, Nodes=1?
[    0.629015] Dynamic Preempt: voluntary?
[    0.632918] rcu: Preemptible hierarchical RCU implementation.?
[    0.638765] rcu: RCU calculated value of scheduler-enlistment delay is 100 jiffies.?
[    0.646581] NR_IRQS: 4352, nr_irqs: 128, preallocated irqs: 0?
[    0.652487] rcu: srcu_init: Setting srcu_struct sizes based on contention.?
[    0.659541] call_irq_handler: 0.49 No irq handler for vector?
[    0.665328] Console: colour dummy device 80x25?
[    0.669851] printk: legacy console [tty0] enabled?
[    0.674678] ACPI: Core revision 20240827?
[    0.678736] ACPI: setting ELCR to 0200 (from ffff)?
[    0.683626] Failed to register legacy timer interrupt?
[    0.688765] APIC: Switch to symmetric I/O mode setup?
[    0.693823] clocksource: tsc-early: mask: 0xffffffffffffffff max_cycles: 0x16fa5abed6d, max_idle_ns: 440795220780 ns?
[    0.704551] Calibrating delay loop (skipped), value calculated using timer frequency.. 3188.19 BogoMIPS (lpj=1594095)?
[    0.705542] Last level iTLB entries: 4KB 512, 2MB 8, 4MB 4?
[    0.705542] Last level dTLB entries: 4KB 512, 2MB 256, 4MB 128, 1GB 0?
[    0.705542] Spectre V1 : Mitigation: usercopy/swapgs barriers and __user pointer sanitization?
[    0.705542] Spectre V2 : Mitigation: Retpolines?
[    0.705542] Spectre V2 : Spectre v2 / SpectreRSB: Filling RSB on context switch and VMEXIT?
[    0.705542] RETBleed: Mitigation: untrained return thunk?
[    0.705542] Speculative Store Bypass: Mitigation: Speculative Store Bypass disabled via prctl?
[    0.705542] x86/fpu: Supporting XSAVE feature 0x001: 'x87 floating point registers'?
[    0.705542] x86/fpu: Supporting XSAVE feature 0x002: 'SSE registers'?
[    0.705542] x86/fpu: Supporting XSAVE feature 0x004: 'AVX registers'?
[    0.705542] x86/fpu: xstate_offset[2]:  576, xstate_sizes[2]:  256?
[    0.705542] x86/fpu: Enabled xstate features 0x7, context size is 832 bytes, using 'standard' format.?
[    0.705542] Freeing SMP alternatives memory: 52K?
[    0.705542] pid_max: default: 32768 minimum: 301?
[    0.705542] Mount-cache hash table entries: 16384 (order: 5, 131072 bytes, linear)?
[    0.705542] Mountpoint-cache hash table entries: 16384 (order: 5, 131072 bytes, linear)?
[    0.705542] smpboot: CPU0: AMD DG1401SNF87ID (family: 0x16, model: 0x1a, stepping: 0x0)?
[    0.706154] Performance Events: AMD PMU driver.?
[    0.706547] ... version:                0?
[    0.707546] ... bit width:              48?
[    0.708546] ... generic registers:      4?
[    0.709546] ... value mask:             0000ffffffffffff?
[    0.710546] ... max period:             00007fffffffffff?
[    0.711546] ... fixed-purpose events:   0?
[    0.712546] ... event mask:             000000000000000f?
[    0.713773] signal: max sigframe size: 1776?
[    0.714636] rcu: Hierarchical SRCU implementation.?
[    0.715547] rcu: 	Max phase no-delay instances is 400.?
[    0.716699] Timer migration: 1 hierarchy levels; 8 children per group; 1 crossnode level?
[    0.720901] smp: Bringing up secondary CPUs ...?
[    0.722829] smpboot: x86: Booting SMP configuration:?
[    0.723552] .... node  #0, CPUs:      #1 #2 #3 #4 #5 #6 #7?
[    0.733652] smp: Brought up 1 node, 8 CPUs?
[    0.735551] smpboot: Total of 8 processors activated (25505.52 BogoMIPS)?
[    0.737764] Memory: 7077464K/7321636K available (23460K kernel code, 2053K rwdata, 8780K rodata, 1624K init, 2232K bss, 239924K reserved, 0K cma-reserved)?
[    0.738968] devtmpfs: initialized?
[    0.741723] clocksource: jiffies: mask: 0xffffffff max_cycles: 0xffffffff, max_idle_ns: 1911260446275000 ns?
[    0.742554] posixtimers hash table entries: 4096 (order: 4, 65536 bytes, linear)?
[    0.743565] futex hash table entries: 2048 (order: 5, 131072 bytes, linear)?
[    0.744648] prandom: seed boundary self test passed?
[    0.747627] prandom: 100 self tests passed?
[    0.748772] NET: Registered PF_NETLINK/PF_ROUTE protocol family?
[    0.749687] audit: initializing netlink subsys (disabled)?
[    0.750597] audit: type=2000 audit(0.046:1): state=initialized audit_enabled=0 res=1?
[    0.750734] i2c-core: driver [dummy] registered?
[    0.752550] thermal_sys: Registered thermal governor 'step_wise'?
[    0.752577] cpuidle: using governor ladder?
[    0.754554] cpuidle: using governor menu?
[    0.755712] ps4: ps4: pre-allocated IRQ 9 desc for ACPI SCI (virq=9)?
[    0.756828] PCI: ECAM [mem 0xf8000000-0xfbffffff] (base 0xf8000000) for domain 0000 [bus 00-3f]?
[    0.757568] PCI: Using configuration type 1 for base access?
[    0.758830] HugeTLB: allocation took 0ms with hugepage_allocation_threads=2?
[    0.759577] HugeTLB: registered 2.00 MiB page size, pre-allocated 0 pages?
[    0.760546] HugeTLB: 28 KiB vmemmap can be freed for a 2.00 MiB page?
[    0.762619] cryptd: max_cpu_qlen set to 1000?
[    0.780548] raid6: sse2x4   gen()  4051 MB/s?
[    0.798544] raid6: sse2x2   gen()  3956 MB/s?
[    0.816547] raid6: sse2x1   gen()  3188 MB/s?
[    0.817546] raid6: using algorithm sse2x4 gen() 4051 MB/s?
[    0.835547] raid6: .... xor() 2020 MB/s, rmw enabled?
[    0.836547] raid6: using ssse3x2 recovery algorithm?
[    0.837670] ACPI: Added _OSI(Module Device)?
[    0.838548] ACPI: Added _OSI(Processor Device)?
[    0.839547] ACPI: Added _OSI(Processor Aggregator Device)?
[    0.842826] ACPI: 2 ACPI AML tables successfully acquired and loaded?
[    0.851823] ACPI: Interpreter enabled?
[    0.852558] ACPI: PM: (supports S0 S5)?
[    0.853550] ACPI: Using PIC for interrupt routing?
[    0.854577] PCI: Ignoring host bridge windows from ACPI; if necessary, use "pci=use_crs" and report a bug?
[    0.855546] PCI: Using E820 reservations for host bridge windows?
[    0.858484] acpi PNP0A03:00: [Firmware Bug]: no secondary bus range in _CRS?
[    0.858564] ACPI: PCI Root Bridge [PCI0] (domain 0000 [bus 00-ff])?
[    0.859554] acpi PNP0A03:00: _OSC: OS supports [ExtendedConfig ASPM ClockPM Segments MSI HPX-Type3]?
[    0.860566] acpi PNP0A03:00: [Firmware Info]: ECAM [mem 0xf8000000-0xfbffffff] for domain 0000 [bus 00-3f] only partially covers this bridge?
[    0.861571] acpi PNP0A03:00: host bridge window [io  0x0cf8-0x0cff] (ignored)?
[    0.862547] PCI: root bus 00: using default resources?
[    0.863614] PCI host bridge to bus 0000:00?
[    0.865553] pci_bus 0000:00: root bus resource [io  0x0000-0xffff]?
[    0.866547] pci_bus 0000:00: root bus resource [mem 0x00000000-0xffffffffff]?
[    0.867548] pci_bus 0000:00: root bus resource [bus 00-ff]?
[    0.868565] pci 0000:00:00.0: [1022:1436] type 00 class 0x060000 conventional PCI endpoint?
[    0.869688] pci 0000:00:00.2: [1022:1437] type 00 class 0x080600 conventional PCI endpoint?
[    0.870693] pci 0000:00:01.0: [1002:9923] type 00 class 0x030000 PCIe Root Complex Integrated Endpoint?
[    0.871569] pci 0000:00:01.0: BAR 0 [mem 0xe0000000-0xe3ffffff 64bit pref]?
[    0.872548] pci 0000:00:01.0: BAR 2 [mem 0xe4000000-0xe47fffff 64bit pref]?
[    0.873548] pci 0000:00:01.0: BAR 4 [io  0x6000-0x60ff]?
[    0.874548] pci 0000:00:01.0: BAR 5 [mem 0xe4800000-0xe483ffff]?
[    0.875548] pci 0000:00:01.0: ROM [mem 0x00000000-0x0001ffff pref]?
[    0.876551] pci 0000:00:01.0: enabling Extended Tags?
[    0.877563] pci 0000:00:01.0: Video device with shadowed ROM at [mem 0x000c0000-0x000dffff]?
[    0.878568] pci 0000:00:01.0: supports D1 D2?
[    0.879547] pci 0000:00:01.0: PME# supported from D1 D2 D3hot?
[    0.880664] pci 0000:00:01.1: [1002:9921] type 00 class 0x040300 PCIe Root Complex Integrated Endpoint?
[    0.881568] pci 0000:00:01.1: BAR 0 [mem 0xe4840000-0xe4843fff 64bit]?
[    0.882554] pci 0000:00:01.1: enabling Extended Tags?
[    0.883577] pci 0000:00:01.1: supports D1 D2?
[    0.884665] pci 0000:00:02.0: [1022:1438] type 00 class 0x060000 conventional PCI endpoint?
[    0.885697] pci 0000:00:14.0: [104d:90d7] type 00 class 0x088000 PCIe Endpoint?
[    0.886588] pci 0000:00:14.0: BAR 0 [mem 0xfdf8000000-0xfdf9ffffff 64bit]?
[    0.887548] pci 0000:00:14.0: BAR 2 [io  0x1000-0x13ff]?
[    0.888759] pci 0000:00:14.1: [104d:90d8] type 00 class 0x088001 PCIe Endpoint?
[    0.889588] pci 0000:00:14.1: BAR 0 [mem 0xc2000000-0xc2000fff 64bit]?
[    0.890757] pci 0000:00:14.2: [104d:90d9] type 00 class 0x088002 PCIe Endpoint?
[    0.891588] pci 0000:00:14.2: BAR 0 [mem 0xc4000000-0xc4007fff 64bit]?
[    0.893629] pci 0000:00:14.3: [104d:90da] type 00 class 0x088003 PCIe Endpoint?
[    0.894587] pci 0000:00:14.3: BAR 0 [mem 0xc6000000-0xc6000fff 64bit]?
[    0.895756] pci 0000:00:14.4: [104d:90db] type 00 class 0x088004 PCIe Endpoint?
[    0.896587] pci 0000:00:14.4: BAR 0 [mem 0xc8000000-0xc8001fff 64bit]?
[    0.897549] pci 0000:00:14.4: BAR 2 [mem 0xc8800000-0xc89fffff 64bit]?
[    0.898549] pci 0000:00:14.4: BAR 4 [mem 0xc9000000-0xc91fffff 64bit]?
[    0.899752] pci 0000:00:14.5: [104d:90dc] type 00 class 0x088005 PCIe Endpoint?
[    0.901551] pci 0000:00:14.5: BAR 0 [mem 0xca000000-0xca000fff 64bit]?
[    0.902550] pci 0000:00:14.5: BAR 2 [mem 0xca800000-0xca800fff 64bit]?
[    0.903753] pci 0000:00:14.6: [104d:90dd] type 00 class 0x088006 PCIe Endpoint?
[    0.904588] pci 0000:00:14.6: BAR 0 [mem 0xcc000000-0xcc000fff 64bit]?
[    0.905549] pci 0000:00:14.6: BAR 2 [mem 0x80000000-0xbfffffff 64bit]?
[    0.906548] pci 0000:00:14.6: BAR 4 [mem 0xcd000000-0xcd0fffff]?
[    0.907550] pci 0000:00:14.6: BAR 5 [mem 0xcd400000-0xcd43ffff]?
[    0.909730] pci 0000:00:14.7: [104d:90de] type 00 class 0x088007 PCIe Endpoint?
[    0.910587] pci 0000:00:14.7: BAR 0 [mem 0xce000000-0xce3fffff 64bit]?
[    0.911549] pci 0000:00:14.7: BAR 2 [mem 0xce800000-0xce80ffff 64bit]?
[    0.912549] pci 0000:00:14.7: BAR 4 [mem 0xcf000000-0xcf7fffff 64bit]?
[    0.913744] pci 0000:00:18.0: [1022:142e] type 00 class 0x060000 conventional PCI endpoint?
[    0.915598] pci 0000:00:18.1: [1022:142f] type 00 class 0x060000 conventional PCI endpoint?
[    0.916668] pci 0000:00:18.2: [1022:1430] type 00 class 0x060000 conventional PCI endpoint?
[    0.917671] pci 0000:00:18.3: [1022:1431] type 00 class 0x060000 conventional PCI endpoint?
[    0.918673] pci 0000:00:18.4: [1022:1432] type 00 class 0x060000 conventional PCI endpoint?
[    0.919665] pci 0000:00:18.5: [1022:1433] type 00 class 0x060000 conventional PCI endpoint?
[    0.920664] pci 0000:00:18.6: [1022:1434] type 00 class 0x060000 conventional PCI endpoint?
[    0.921767] iommu: Default domain type: Passthrough (set via kernel command line)?
[    0.922740] SCSI subsystem initialized?
[    0.923574] libata version 3.00 loaded.?
[    0.924611] ACPI: bus type USB registered?
[    0.925613] usbcore: registered new interface driver usbfs?
[    0.926575] usbcore: registered new interface driver hub?
[    0.927570] usbcore: registered new device driver usb?
[    0.928584] cec: Failed to create debugfs cec dir?
[    0.929706] Advanced Linux Sound Architecture Driver Initialized.?
[    0.931660] Bluetooth: Core ver 2.22?
[    0.932557] NET: Registered PF_BLUETOOTH protocol family?
[    0.933547] Bluetooth: HCI device and connection manager initialized?
[    0.934550] Bluetooth: HCI socket layer initialized?
[    0.935550] Bluetooth: L2CAP socket layer initialized?
[    0.936549] Bluetooth: SCO socket layer initialized?
[    0.937638] PCI: Using ACPI for IRQ routing?
[    0.940776] PCI: pci_cache_line_size set to 64 bytes?
[    0.941589] e820: reserve RAM buffer [mem 0x00008000-0x0000ffff]?
[    0.942548] e820: reserve RAM buffer [mem 0x0009a000-0x0009ffff]?
[    0.943547] e820: reserve RAM buffer [mem 0x00680000-0x006fffff]?
[    0.944547] e820: reserve RAM buffer [mem 0x7efe8000-0x7fffffff]?
[    0.945547] e820: reserve RAM buffer [mem 0x27f000000-0x27fffffff]?
[    0.946580] pci 0000:00:01.0: vgaarb: setting as boot VGA device?
[    0.947542] pci 0000:00:01.0: vgaarb: bridge control possible?
[    0.947542] pci 0000:00:01.0: vgaarb: VGA device added: decodes=io+mem,owns=io+mem,locks=none?
[    0.947556] vgaarb: loaded?
[    0.948789] clocksource: Switched to clocksource tsc-early?
[    0.954382] pnp: PnP ACPI init?
[    0.957542] pnp: PnP ACPI: found 0 devices?
[    0.967045] NET: Registered PF_INET protocol family?
[    0.972328] IP idents hash table entries: 131072 (order: 8, 1048576 bytes, linear)?
[    0.984179] tcp_listen_portaddr_hash hash table entries: 4096 (order: 4, 65536 bytes, linear)?
[    0.992908] Table-perturb hash table entries: 65536 (order: 6, 262144 bytes, linear)?
[    1.000834] TCP established hash table entries: 65536 (order: 7, 524288 bytes, linear)?
[    1.009173] TCP bind hash table entries: 65536 (order: 9, 2097152 bytes, linear)?
[    1.017362] TCP: Hash tables configured (established 65536 bind 65536)?
[    1.024139] UDP hash table entries: 4096 (order: 6, 262144 bytes, linear)?
[    1.031153] UDP-Lite hash table entries: 4096 (order: 6, 262144 bytes, linear)?
[    1.038701] NET: Registered PF_UNIX/PF_LOCAL protocol family?
[    1.044841] RPC: Registered named UNIX socket transport module.?
[    1.050879] RPC: Registered udp transport module.?
[    1.055671] RPC: Registered tcp transport module.?
[    1.060465] RPC: Registered tcp-with-tls transport module.?
[    1.066055] RPC: Registered tcp NFSv4.1 backchannel transport module.?
[    1.073100] pci_bus 0000:00: resource 4 [io  0x0000-0xffff]?
[    1.078794] pci_bus 0000:00: resource 5 [mem 0x00000000-0xffffffffff]?
[    1.085459] pci 0000:00:01.1: D0 power state depends on 0000:00:01.0?
[    1.091945] pci 0000:00:02.0: CLS mismatch (64 != 512), using 64 bytes?
[    1.098712] AMD-Vi: Using global IVHD EFR:0x0, EFR2:0x0?
[    1.098926] Trying to unpack rootfs image as initramfs...?
[    1.104255] pci 0000:00:00.0: Adding to iommu group 0?
[    1.114823] pci 0000:00:14.0: Adding to iommu group 1?
[    1.120006] pci 0000:00:14.1: Adding to iommu group 1?
[    1.125195] pci 0000:00:14.2: Adding to iommu group 1?
[    1.130387] pci 0000:00:14.3: Adding to iommu group 1?
[    1.135572] pci 0000:00:14.4: Adding to iommu group 1?
[    1.140764] pci 0000:00:14.5: Adding to iommu group 1?
[    1.145959] pci 0000:00:14.6: Adding to iommu group 1?
[    1.151145] pci 0000:00:14.7: Adding to iommu group 1?
[    1.156373] AMD-Vi: Extended features (0x840, 0x0): IA?
[    1.161920] PCI-DMA: Using software bounce buffering for IO (SWIOTLB)?
[    1.168493] software IO TLB: mapped [mem 0x000000007afe8000-0x000000007efe8000] (64MB)?
[    1.176707] LVT offset 0 assigned for vector 0x400?
[    1.182695] perf: AMD IBS detected (0x000000ff)?
[    1.187366] kvm_amd: TSC scaling supported?
[    1.191544] kvm_amd: Nested Virtualization enabled?
[    1.196427] kvm_amd: Nested Paging enabled?
[    1.200611] kvm_amd: LBR virtualization supported?
[    1.228678] Freeing initrd memory: 4156K?
[    1.239017] platform rtc_cmos: registered platform RTC device (no PNP device found)?
[    1.250177] Initialise system trusted keyrings?
[    1.254832] workingset: timestamp_bits=40 max_order=21 bucket_order=0?
[    1.261827] ntfs3: Warning: Activated 64 bits per cluster. Windows does not support this?
[    1.270178] fuse: init (API version 7.43)?
[    1.310372] NET: Registered PF_ALG protocol family?
[    1.315261] xor: automatically using best checksumming function   avx       ?
[    1.322448] Key type asymmetric registered?
[    1.326623] Asymmetric key parser 'x509' registered?
[    1.331625] Block layer SCSI generic (bsg) driver version 0.4 loaded (major 252)?
[    1.339167] io scheduler mq-deadline registered?
[    1.343784] io scheduler kyber registered?
[    1.350366] Could not retrieve perf counters (-19)?
[    1.388765] Non-volatile memory driver v1.3?
[    1.393053] Linux agpgart interface v0.103?
[    1.397755] ACPI: bus type drm_connector registered?
[    1.402744] [drm] amdgpu kernel modesetting enabled.?
[    1.409710] brd: module loaded?
[    1.415932] loop: module loaded?
[    1.419167] i2c-core: driver [at24] registered?
[    1.423912] baikal_pcie 0000:00:14.4: bpcie_probe()?
[    1.428927] baikal_pcie 0000:00:14.4: bpcie glue probe?
[    1.434175] baikal_pcie 0000:00:14.4: Baikal chip revision: 4c0c2021:8d76a398:0000b100?
[    1.442247] pci 0000:00:14.0: bpcie_create_irq_domain?
[    1.447399] baikal_pcie 0000:00:14.4: devid = 164?
[    1.452199] baikal_pcie 0000:00:14.4: no parent ?
[    1.456912] bpcie_create_irq_domain: marked Baikal-MSI-164-3-14 as MSI parent (flags=0x113 bus_token=AMDVI)?
[    1.466842] pci 0000:00:14.1: bpcie_create_irq_domain?
[    1.471991] baikal_pcie 0000:00:14.4: devid = 164?
[    1.476790] baikal_pcie 0000:00:14.4: no parent ?
[    1.481499] bpcie_create_irq_domain: marked Baikal-MSI-164-3-14 as MSI parent (flags=0x113 bus_token=AMDVI)?
[    1.491429] pci 0000:00:14.2: bpcie_create_irq_domain?
[    1.496581] baikal_pcie 0000:00:14.4: devid = 164?
[    1.501377] baikal_pcie 0000:00:14.4: no parent ?
[    1.506085] bpcie_create_irq_domain: marked Baikal-MSI-164-3-14 as MSI parent (flags=0x113 bus_token=AMDVI)?
[    1.516014] pci 0000:00:14.3: bpcie_create_irq_domain?
[    1.521164] baikal_pcie 0000:00:14.4: devid = 164?
[    1.525958] baikal_pcie 0000:00:14.4: no parent ?
[    1.530666] bpcie_create_irq_domain: marked Baikal-MSI-164-3-14 as MSI parent (flags=0x113 bus_token=AMDVI)?
[    1.540595] baikal_pcie 0000:00:14.4: bpcie_create_irq_domain?
[    1.546458] baikal_pcie 0000:00:14.4: devid = 164?
[    1.551252] baikal_pcie 0000:00:14.4: no parent ?
[    1.555959] bpcie_create_irq_domain: marked Baikal-MSI-164-3-14 as MSI parent (flags=0x113 bus_token=AMDVI)?
[    1.565888] pci 0000:00:14.5: bpcie_create_irq_domain?
[    1.571037] baikal_pcie 0000:00:14.4: devid = 164?
[    1.575831] baikal_pcie 0000:00:14.4: no parent ?
[    1.580539] bpcie_create_irq_domain: marked Baikal-MSI-164-3-14 as MSI parent (flags=0x113 bus_token=AMDVI)?
[    1.590470] pci 0000:00:14.6: bpcie_create_irq_domain?
[    1.595621] baikal_pcie 0000:00:14.4: devid = 164?
[    1.600416] baikal_pcie 0000:00:14.4: no parent ?
[    1.605124] bpcie_create_irq_domain: marked Baikal-MSI-164-3-14 as MSI parent (flags=0x113 bus_token=AMDVI)?
[    1.615053] pci 0000:00:14.7: bpcie_create_irq_domain?
[    1.620204] baikal_pcie 0000:00:14.4: devid = 164?
[    1.625000] baikal_pcie 0000:00:14.4: no parent ?
[    1.629708] bpcie_create_irq_domain: marked Baikal-MSI-164-3-14 as MSI parent (flags=0x113 bus_token=AMDVI)?
[    1.639649] bpcie_init_dev_msi_info: dev=0000:00:14.4 installed bpcie demuxer (sc=(____ptrval____))?
[    1.649654] bpcie_msi_init: virq=10 hwirq=0x0 domain=(____ptrval____) info=(____ptrval____) sc=(____ptrval____)?
[    1.659944] bpcie_msi_init: registered virq=10 irq_map[0]?
[    1.665446] bpcie_msi_init: virq=11 hwirq=0x1 domain=(____ptrval____) info=(____ptrval____) sc=(____ptrval____)?
[    1.675729] bpcie_msi_init: registered virq=11 irq_map[1]?
[    1.681230] bpcie_msi_init: virq=12 hwirq=0x2 domain=(____ptrval____) info=(____ptrval____) sc=(____ptrval____)?
[    1.691513] bpcie_msi_init: registered virq=12 irq_map[2]?
[    1.697013] bpcie_msi_init: virq=13 hwirq=0x3 domain=(____ptrval____) info=(____ptrval____) sc=(____ptrval____)?
[    1.707296] bpcie_msi_init: registered virq=13 irq_map[3]?
[    1.712799] bpcie_msi_init: virq=14 hwirq=0x4 domain=(____ptrval____) info=(____ptrval____) sc=(____ptrval____)?
[    1.723080] bpcie_msi_init: registered virq=14 irq_map[4]?
[    1.728582] bpcie_msi_init: virq=15 hwirq=0x5 domain=(____ptrval____) info=(____ptrval____) sc=(____ptrval____)?
[    1.738865] bpcie_msi_init: registered virq=15 irq_map[5]?
[    1.744366] bpcie_msi_init: virq=16 hwirq=0x6 domain=(____ptrval____) info=(____ptrval____) sc=(____ptrval____)?
[    1.754649] bpcie_msi_init: registered virq=16 irq_map[6]?
[    1.760148] bpcie_msi_init: virq=17 hwirq=0x7 domain=(____ptrval____) info=(____ptrval____) sc=(____ptrval____)?
[    1.770431] bpcie_msi_init: registered virq=17 irq_map[7]?
[    1.775931] bpcie_msi_init: virq=18 hwirq=0x8 domain=(____ptrval____) info=(____ptrval____) sc=(____ptrval____)?
[    1.786214] bpcie_msi_init: registered virq=18 irq_map[8]?
[    1.791715] bpcie_msi_init: virq=19 hwirq=0x9 domain=(____ptrval____) info=(____ptrval____) sc=(____ptrval____)?
[    1.801999] bpcie_msi_init: registered virq=19 irq_map[9]?
[    1.807501] bpcie_msi_init: virq=20 hwirq=0xa domain=(____ptrval____) info=(____ptrval____) sc=(____ptrval____)?
[    1.817784] bpcie_msi_init: registered virq=20 irq_map[10]?
[    1.823375] bpcie_msi_init: virq=21 hwirq=0xb domain=(____ptrval____) info=(____ptrval____) sc=(____ptrval____)?
[    1.833659] bpcie_msi_init: registered virq=21 irq_map[11]?
[    1.839248] bpcie_msi_init: virq=22 hwirq=0xc domain=(____ptrval____) info=(____ptrval____) sc=(____ptrval____)?
[    1.849532] bpcie_msi_init: registered virq=22 irq_map[12]?
[    1.855121] bpcie_msi_init: virq=23 hwirq=0xd domain=(____ptrval____) info=(____ptrval____) sc=(____ptrval____)?
[    1.865404] bpcie_msi_init: registered virq=23 irq_map[13]?
[    1.870993] bpcie_msi_init: virq=24 hwirq=0xe domain=(____ptrval____) info=(____ptrval____) sc=(____ptrval____)?
[    1.881277] bpcie_msi_init: registered virq=24 irq_map[14]?
[    1.886870] bpcie_msi_init: virq=25 hwirq=0xf domain=(____ptrval____) info=(____ptrval____) sc=(____ptrval____)?
[    1.897153] bpcie_msi_init: registered virq=25 irq_map[15]?
[    1.902741] bpcie_msi_init: virq=26 hwirq=0x10 domain=(____ptrval____) info=(____ptrval____) sc=(____ptrval____)?
[    1.913112] bpcie_msi_init: registered virq=26 irq_map[16]?
[    1.918700] bpcie_msi_init: virq=27 hwirq=0x11 domain=(____ptrval____) info=(____ptrval____) sc=(____ptrval____)?
[    1.929073] bpcie_msi_init: registered virq=27 irq_map[17]?
[    1.934664] bpcie_msi_init: virq=28 hwirq=0x12 domain=(____ptrval____) info=(____ptrval____) sc=(____ptrval____)?
[    1.945036] bpcie_msi_init: registered virq=28 irq_map[18]?
[    1.950624] bpcie_msi_init: virq=29 hwirq=0x13 domain=(____ptrval____) info=(____ptrval____) sc=(____ptrval____)?
[    1.960996] bpcie_msi_init: registered virq=29 irq_map[19]?
[    1.966586] bpcie_msi_init: virq=30 hwirq=0x14 domain=(____ptrval____) info=(____ptrval____) sc=(____ptrval____)?
[    1.976957] bpcie_msi_init: registered virq=30 irq_map[20]?
[    1.982546] bpcie_msi_init: virq=31 hwirq=0x15 domain=(____ptrval____) info=(____ptrval____) sc=(____ptrval____)?
[    1.992918] bpcie_msi_init: registered virq=31 irq_map[21]?
[    1.998507] bpcie_msi_init: virq=32 hwirq=0x16 domain=(____ptrval____) info=(____ptrval____) sc=(____ptrval____)?
[    2.008879] bpcie_msi_init: registered virq=32 irq_map[22]?
[    2.014468] bpcie_msi_init: virq=33 hwirq=0x17 domain=(____ptrval____) info=(____ptrval____) sc=(____ptrval____)?
[    2.024839] bpcie_msi_init: registered virq=33 irq_map[23]?
[    2.030429] bpcie_msi_init: virq=34 hwirq=0x18 domain=(____ptrval____) info=(____ptrval____) sc=(____ptrval____)?
[    2.040801] bpcie_msi_init: registered virq=34 irq_map[24]?
[    2.046392] bpcie_msi_init: virq=35 hwirq=0x19 domain=(____ptrval____) info=(____ptrval____) sc=(____ptrval____)?
[    2.056763] bpcie_msi_init: registered virq=35 irq_map[25]?
[    2.062353] bpcie_msi_init: virq=36 hwirq=0x1a domain=(____ptrval____) info=(____ptrval____) sc=(____ptrval____)?
[    2.072726] bpcie_msi_init: registered virq=36 irq_map[26]?
[    2.078316] bpcie_msi_init: virq=37 hwirq=0x1b domain=(____ptrval____) info=(____ptrval____) sc=(____ptrval____)?
[    2.088687] bpcie_msi_init: registered virq=37 irq_map[27]?
[    2.094278] bpcie_msi_init: virq=38 hwirq=0x1c domain=(____ptrval____) info=(____ptrval____) sc=(____ptrval____)?
[    2.104650] bpcie_msi_init: registered virq=38 irq_map[28]?
[    2.110239] bpcie_msi_init: virq=39 hwirq=0x1d domain=(____ptrval____) info=(____ptrval____) sc=(____ptrval____)?
[    2.120613] bpcie_msi_init: registered virq=39 irq_map[29]?
[    2.126202] bpcie_msi_init: virq=40 hwirq=0x1e domain=(____ptrval____) info=(____ptrval____) sc=(____ptrval____)?
[    2.136572] bpcie_msi_init: registered virq=40 irq_map[30]?
[    2.142160] bpcie_msi_init: virq=41 hwirq=0x1f domain=(____ptrval____) info=(____ptrval____) sc=(____ptrval____)?
[    2.152533] bpcie_msi_init: registered virq=41 irq_map[31]?
[    2.158159] baikal_pcie 0000:00:14.4: bpcie_msi_write_msg(fee00000, 000000ef) mask=0x0 irq=10 hwirq=0x0 (____ptrval____)?
[    2.169255] baikal_pcie 0000:00:14.4: bpcie_config_msi: func=4 subfunc=0 addr=fee00000 data=000000ef?
[    2.178584] baikal_pcie 0000:00:14.4: bpcie_msi_write_msg(fee00000, 000000ef) mask=0x0 irq=11 hwirq=0x1 (____ptrval____)?
[    2.189667] baikal_pcie 0000:00:14.4: bpcie_config_msi: func=4 subfunc=1 addr=fee00000 data=000000ef?
[    2.198986] baikal_pcie 0000:00:14.4: bpcie_msi_write_msg(fee00000, 000000ef) mask=0x0 irq=12 hwirq=0x2 (____ptrval____)?
[    2.210068] baikal_pcie 0000:00:14.4: bpcie_config_msi: func=4 subfunc=2 addr=fee00000 data=000000ef?
[    2.219386] baikal_pcie 0000:00:14.4: bpcie_msi_write_msg(fee00000, 000000ef) mask=0x0 irq=13 hwirq=0x3 (____ptrval____)?
[    2.230468] baikal_pcie 0000:00:14.4: bpcie_config_msi: func=4 subfunc=3 addr=fee00000 data=000000ef?
[    2.239788] baikal_pcie 0000:00:14.4: bpcie_msi_write_msg(fee00000, 000000ef) mask=0x0 irq=14 hwirq=0x4 (____ptrval____)?
[    2.250870] baikal_pcie 0000:00:14.4: bpcie_config_msi: func=4 subfunc=4 addr=fee00000 data=000000ef?
[    2.260188] baikal_pcie 0000:00:14.4: bpcie_msi_write_msg(fee00000, 000000ef) mask=0x0 irq=15 hwirq=0x5 (____ptrval____)?
[    2.271269] baikal_pcie 0000:00:14.4: bpcie_config_msi: func=4 subfunc=5 addr=fee00000 data=000000ef?
[    2.280586] baikal_pcie 0000:00:14.4: bpcie_msi_write_msg(fee00000, 000000ef) mask=0x0 irq=16 hwirq=0x6 (____ptrval____)?
[    2.291666] baikal_pcie 0000:00:14.4: bpcie_config_msi: func=4 subfunc=6 addr=fee00000 data=000000ef?
[    2.300985] baikal_pcie 0000:00:14.4: bpcie_msi_write_msg(fee00000, 000000ef) mask=0x0 irq=17 hwirq=0x7 (____ptrval____)?
[    2.312066] baikal_pcie 0000:00:14.4: bpcie_config_msi: func=4 subfunc=7 addr=fee00000 data=000000ef?
[    2.321384] baikal_pcie 0000:00:14.4: bpcie_msi_write_msg(fee00000, 000000ef) mask=0x0 irq=18 hwirq=0x8 (____ptrval____)?
[    2.332466] baikal_pcie 0000:00:14.4: bpcie_config_msi: func=4 subfunc=8 addr=fee00000 data=000000ef?
[    2.341784] baikal_pcie 0000:00:14.4: bpcie_msi_write_msg(fee00000, 000000ef) mask=0x0 irq=19 hwirq=0x9 (____ptrval____)?
[    2.352865] baikal_pcie 0000:00:14.4: bpcie_config_msi: func=4 subfunc=9 addr=fee00000 data=000000ef?
[    2.362184] baikal_pcie 0000:00:14.4: bpcie_msi_write_msg(fee00000, 000000ef) mask=0x0 irq=20 hwirq=0xa (____ptrval____)?
[    2.373277] baikal_pcie 0000:00:14.4: bpcie_config_msi: func=4 subfunc=10 addr=fee00000 data=000000ef?
[    2.382685] baikal_pcie 0000:00:14.4: bpcie_msi_write_msg(fee00000, 000000ef) mask=0x0 irq=21 hwirq=0xb (____ptrval____)?
[    2.393766] baikal_pcie 0000:00:14.4: bpcie_config_msi: func=4 subfunc=11 addr=fee00000 data=000000ef?
[    2.403178] baikal_pcie 0000:00:14.4: bpcie_msi_write_msg(fee00000, 000000ef) mask=0x0 irq=22 hwirq=0xc (____ptrval____)?
[    2.414260] baikal_pcie 0000:00:14.4: bpcie_config_msi: func=4 subfunc=12 addr=fee00000 data=000000ef?
[    2.423668] baikal_pcie 0000:00:14.4: bpcie_msi_write_msg(fee00000, 000000ef) mask=0x0 irq=23 hwirq=0xd (____ptrval____)?
[    2.434750] baikal_pcie 0000:00:14.4: bpcie_config_msi: func=4 subfunc=13 addr=fee00000 data=000000ef?
[    2.444156] baikal_pcie 0000:00:14.4: bpcie_msi_write_msg(fee00000, 000000ef) mask=0x0 irq=24 hwirq=0xe (____ptrval____)?
[    2.455252] baikal_pcie 0000:00:14.4: bpcie_config_msi: func=4 subfunc=14 addr=fee00000 data=000000ef?
[    2.464662] baikal_pcie 0000:00:14.4: bpcie_msi_write_msg(fee00000, 000000ef) mask=0x0 irq=25 hwirq=0xf (____ptrval____)?
[    2.475747] baikal_pcie 0000:00:14.4: bpcie_config_msi: func=4 subfunc=15 addr=fee00000 data=000000ef?
[    2.485159] baikal_pcie 0000:00:14.4: bpcie_msi_write_msg(fee00000, 000000ef) mask=0x0 irq=26 hwirq=0x10 (____ptrval____)?
[    2.496329] baikal_pcie 0000:00:14.4: bpcie_config_msi: func=4 subfunc=16 addr=fee00000 data=000000ef?
[    2.505735] baikal_pcie 0000:00:14.4: bpcie_msi_write_msg(fee00000, 000000ef) mask=0x0 irq=27 hwirq=0x11 (____ptrval____)?
[    2.516906] baikal_pcie 0000:00:14.4: bpcie_config_msi: func=4 subfunc=17 addr=fee00000 data=000000ef?
[    2.526314] baikal_pcie 0000:00:14.4: bpcie_msi_write_msg(fee00000, 000000ef) mask=0x0 irq=28 hwirq=0x12 (____ptrval____)?
[    2.537483] baikal_pcie 0000:00:14.4: bpcie_config_msi: func=4 subfunc=18 addr=fee00000 data=000000ef?
[    2.546890] baikal_pcie 0000:00:14.4: bpcie_msi_write_msg(fee00000, 000000ef) mask=0x0 irq=29 hwirq=0x13 (____ptrval____)?
[    2.558059] baikal_pcie 0000:00:14.4: bpcie_config_msi: func=4 subfunc=19 addr=fee00000 data=000000ef?
[    2.567465] baikal_pcie 0000:00:14.4: bpcie_msi_write_msg(fee00000, 000000ef) mask=0x0 irq=30 hwirq=0x14 (____ptrval____)?
[    2.578636] baikal_pcie 0000:00:14.4: bpcie_config_msi: func=4 subfunc=20 addr=fee00000 data=000000ef?
[    2.588042] baikal_pcie 0000:00:14.4: bpcie_msi_write_msg(fee00000, 000000ef) mask=0x0 irq=31 hwirq=0x15 (____ptrval____)?
[    2.599210] baikal_pcie 0000:00:14.4: bpcie_config_msi: func=4 subfunc=21 addr=fee00000 data=000000ef?
[    2.608617] baikal_pcie 0000:00:14.4: bpcie_msi_write_msg(fee00000, 000000ef) mask=0x0 irq=32 hwirq=0x16 (____ptrval____)?
[    2.619788] baikal_pcie 0000:00:14.4: bpcie_config_msi: func=4 subfunc=22 addr=fee00000 data=000000ef?
[    2.629193] baikal_pcie 0000:00:14.4: bpcie_msi_write_msg(fee00000, 000000ef) mask=0x0 irq=33 hwirq=0x17 (____ptrval____)?
[    2.640361] baikal_pcie 0000:00:14.4: bpcie_config_msi: func=4 subfunc=23 addr=fee00000 data=000000ef?
[    2.649768] baikal_pcie 0000:00:14.4: bpcie_msi_write_msg(fee00000, 000000ef) mask=0x0 irq=34 hwirq=0x18 (____ptrval____)?
[    2.660936] baikal_pcie 0000:00:14.4: bpcie_config_msi: func=4 subfunc=24 addr=fee00000 data=000000ef?
[    2.670342] baikal_pcie 0000:00:14.4: bpcie_msi_write_msg(fee00000, 000000ef) mask=0x0 irq=35 hwirq=0x19 (____ptrval____)?
[    2.681514] baikal_pcie 0000:00:14.4: bpcie_config_msi: func=4 subfunc=25 addr=fee00000 data=000000ef?
[    2.690921] baikal_pcie 0000:00:14.4: bpcie_msi_write_msg(fee00000, 000000ef) mask=0x0 irq=36 hwirq=0x1a (____ptrval____)?
[    2.702090] baikal_pcie 0000:00:14.4: bpcie_config_msi: func=4 subfunc=26 addr=fee00000 data=000000ef?
[    2.711498] baikal_pcie 0000:00:14.4: bpcie_msi_write_msg(fee00000, 000000ef) mask=0x0 irq=37 hwirq=0x1b (____ptrval____)?
[    2.722669] baikal_pcie 0000:00:14.4: bpcie_config_msi: func=4 subfunc=27 addr=fee00000 data=000000ef?
[    2.732079] baikal_pcie 0000:00:14.4: bpcie_msi_write_msg(fee00000, 000000ef) mask=0x0 irq=38 hwirq=0x1c (____ptrval____)?
[    2.743248] baikal_pcie 0000:00:14.4: bpcie_config_msi: func=4 subfunc=28 addr=fee00000 data=000000ef?
[    2.752656] baikal_pcie 0000:00:14.4: bpcie_msi_write_msg(fee00000, 000000ef) mask=0x0 irq=39 hwirq=0x1d (____ptrval____)?
[    2.763827] baikal_pcie 0000:00:14.4: bpcie_config_msi: func=4 subfunc=29 addr=fee00000 data=000000ef?
[    2.773234] baikal_pcie 0000:00:14.4: bpcie_msi_write_msg(fee00000, 000000ef) mask=0x0 irq=40 hwirq=0x1e (____ptrval____)?
[    2.784405] baikal_pcie 0000:00:14.4: bpcie_config_msi: func=4 subfunc=30 addr=fee00000 data=000000ef?
[    2.793810] baikal_pcie 0000:00:14.4: bpcie_msi_write_msg(fee00000, 000000ef) mask=0x0 irq=41 hwirq=0x1f (____ptrval____)?
[    2.804981] baikal_pcie 0000:00:14.4: bpcie_config_msi: func=4 subfunc=31 addr=fee00000 data=000000ef?
[    2.814544] baikal_pcie 0000:00:14.4: dev->irq=10?
[    2.819504] baikal_pcie 0000:00:14.4: Failed to register serial port 0?
[    2.826169] baikal_pcie 0000:00:14.4: UART init failed (-5); continuing without serial console?
[    2.834973] bpcie_icc_init: msi_desc msi_index=0 irq=10?
[    2.840298] bpcie_icc_init: ICC subfunc 3 -> bpcie_irqnum=13 found_virq=-1?
[    2.847314] baikal_pcie 0000:00:14.4: bpcie_msi_write_msg(fee01000, 00000020) mask=0x0 irq=13 hwirq=0x3 (____ptrval____)?
[    2.848299] baikal_pcie 0000:00:14.4: bpcie_config_msi: func=4 subfunc=3 addr=fee01000 data=00000020?
[    2.848299] baikal_pcie 0000:00:14.4: bpcie_msi_write_msg(fee01000, 00000020) mask=0x0 irq=13 hwirq=0x3 (____ptrval____)?
[    2.848299] baikal_pcie 0000:00:14.4: bpcie_config_msi: func=4 subfunc=3 addr=fee01000 data=00000020?
[    2.888118] genirq: Flags mismatch irq 0. 00200080 (icc-shotgun) vs. 00000000 (AMD-Vi)?
[    2.896195] baikal_pcie 0000:00:14.4: bpcie_msi_write_msg(fee02000, 00000020) mask=0x0 irq=10 hwirq=0x0 (____ptrval____)?
[    2.897184] baikal_pcie 0000:00:14.4: bpcie_config_msi: func=4 subfunc=0 addr=fee02000 data=00000020?
[    2.897184] baikal_pcie 0000:00:14.4: bpcie_msi_write_msg(fee02000, 00000020) mask=0x0 irq=10 hwirq=0x0 (____ptrval____)?
[    2.897184] baikal_pcie 0000:00:14.4: bpcie_config_msi: func=4 subfunc=0 addr=fee02000 data=00000020?
[    2.937015] baikal_pcie 0000:00:14.4: bpcie_msi_write_msg(fee03000, 00000020) mask=0x0 irq=11 hwirq=0x1 (____ptrval____)?
[    2.937994] baikal_pcie 0000:00:14.4: bpcie_config_msi: func=4 subfunc=1 addr=fee03000 data=00000020?
[    2.937994] baikal_pcie 0000:00:14.4: bpcie_msi_write_msg(fee03000, 00000020) mask=0x0 irq=11 hwirq=0x1 (____ptrval____)?
[    2.937994] baikal_pcie 0000:00:14.4: bpcie_config_msi: func=4 subfunc=1 addr=fee03000 data=00000020?
[    2.977818] baikal_pcie 0000:00:14.4: bpcie_msi_write_msg(fee04000, 00000020) mask=0x0 irq=12 hwirq=0x2 (____ptrval____)?
[    2.978787] baikal_pcie 0000:00:14.4: bpcie_config_msi: func=4 subfunc=2 addr=fee04000 data=00000020?
[    2.978787] baikal_pcie 0000:00:14.4: bpcie_msi_write_msg(fee04000, 00000020) mask=0x0 irq=12 hwirq=0x2 (____ptrval____)?
[    2.978787] baikal_pcie 0000:00:14.4: bpcie_config_msi: func=4 subfunc=2 addr=fee04000 data=00000020?
[    3.018608] baikal_pcie 0000:00:14.4: bpcie_msi_write_msg(fee05000, 00000020) mask=0x0 irq=14 hwirq=0x4 (____ptrval____)?
[    3.019587] baikal_pcie 0000:00:14.4: bpcie_config_msi: func=4 subfunc=4 addr=fee05000 data=00000020?
[    3.019587] baikal_pcie 0000:00:14.4: bpcie_msi_write_msg(fee05000, 00000020) mask=0x0 irq=14 hwirq=0x4 (____ptrval____)?
[    3.019587] baikal_pcie 0000:00:14.4: bpcie_config_msi: func=4 subfunc=4 addr=fee05000 data=00000020?
[    3.059399] baikal_pcie 0000:00:14.4: bpcie_msi_write_msg(fee06000, 00000020) mask=0x0 irq=15 hwirq=0x5 (____ptrval____)?
[    3.060379] baikal_pcie 0000:00:14.4: bpcie_config_msi: func=4 subfunc=5 addr=fee06000 data=00000020?
[    3.060379] baikal_pcie 0000:00:14.4: bpcie_msi_write_msg(fee06000, 00000020) mask=0x0 irq=15 hwirq=0x5 (____ptrval____)?
[    3.060379] baikal_pcie 0000:00:14.4: bpcie_config_msi: func=4 subfunc=5 addr=fee06000 data=00000020?
[    3.100191] baikal_pcie 0000:00:14.4: bpcie_msi_write_msg(fee07000, 00000020) mask=0x0 irq=16 hwirq=0x6 (____ptrval____)?
[    3.101175] baikal_pcie 0000:00:14.4: bpcie_config_msi: func=4 subfunc=6 addr=fee07000 data=00000020?
[    3.101175] baikal_pcie 0000:00:14.4: bpcie_msi_write_msg(fee07000, 00000020) mask=0x0 irq=16 hwirq=0x6 (____ptrval____)?
[    3.101175] baikal_pcie 0000:00:14.4: bpcie_config_msi: func=4 subfunc=6 addr=fee07000 data=00000020?
[    3.140984] baikal_pcie 0000:00:14.4: bpcie_msi_write_msg(fee00000, 00000021) mask=0x0 irq=17 hwirq=0x7 (____ptrval____)?
[    3.141965] baikal_pcie 0000:00:14.4: bpcie_config_msi: func=4 subfunc=7 addr=fee00000 data=00000021?
[    3.141965] baikal_pcie 0000:00:14.4: bpcie_msi_write_msg(fee00000, 00000021) mask=0x0 irq=17 hwirq=0x7 (____ptrval____)?
[    3.141965] baikal_pcie 0000:00:14.4: bpcie_config_msi: func=4 subfunc=7 addr=fee00000 data=00000021?
[    3.181770] baikal_pcie 0000:00:14.4: bpcie_msi_write_msg(fee01000, 00000021) mask=0x0 irq=18 hwirq=0x8 (____ptrval____)?
[    3.182754] baikal_pcie 0000:00:14.4: bpcie_config_msi: func=4 subfunc=8 addr=fee01000 data=00000021?
[    3.182754] baikal_pcie 0000:00:14.4: bpcie_msi_write_msg(fee01000, 00000021) mask=0x0 irq=18 hwirq=0x8 (____ptrval____)?
[    3.182754] baikal_pcie 0000:00:14.4: bpcie_config_msi: func=4 subfunc=8 addr=fee01000 data=00000021?
[    3.222553] baikal_pcie 0000:00:14.4: bpcie_msi_write_msg(fee02000, 00000021) mask=0x0 irq=19 hwirq=0x9 (____ptrval____)?
[    3.223536] baikal_pcie 0000:00:14.4: bpcie_config_msi: func=4 subfunc=9 addr=fee02000 data=00000021?
[    3.223536] baikal_pcie 0000:00:14.4: bpcie_msi_write_msg(fee02000, 00000021) mask=0x0 irq=19 hwirq=0x9 (____ptrval____)?
[    3.223536] baikal_pcie 0000:00:14.4: bpcie_config_msi: func=4 subfunc=9 addr=fee02000 data=00000021?
[    3.263350] baikal_pcie 0000:00:14.4: bpcie_msi_write_msg(fee03000, 00000021) mask=0x0 irq=20 hwirq=0xa (____ptrval____)?
[    3.264326] baikal_pcie 0000:00:14.4: bpcie_config_msi: func=4 subfunc=10 addr=fee03000 data=00000021?
[    3.264326] baikal_pcie 0000:00:14.4: bpcie_msi_write_msg(fee03000, 00000021) mask=0x0 irq=20 hwirq=0xa (____ptrval____)?
[    3.264326] baikal_pcie 0000:00:14.4: bpcie_config_msi: func=4 subfunc=10 addr=fee03000 data=00000021?
[    3.304319] baikal_pcie 0000:00:14.4: bpcie_msi_write_msg(fee04000, 00000021) mask=0x0 irq=21 hwirq=0xb (____ptrval____)?
[    3.305300] baikal_pcie 0000:00:14.4: bpcie_config_msi: func=4 subfunc=11 addr=fee04000 data=00000021?
[    3.305300] baikal_pcie 0000:00:14.4: bpcie_msi_write_msg(fee04000, 00000021) mask=0x0 irq=21 hwirq=0xb (____ptrval____)?
[    3.305300] baikal_pcie 0000:00:14.4: bpcie_config_msi: func=4 subfunc=11 addr=fee04000 data=00000021?
[    3.345285] baikal_pcie 0000:00:14.4: bpcie_msi_write_msg(fee05000, 00000021) mask=0x0 irq=22 hwirq=0xc (____ptrval____)?
[    3.346267] baikal_pcie 0000:00:14.4: bpcie_config_msi: func=4 subfunc=12 addr=fee05000 data=00000021?
[    3.346267] baikal_pcie 0000:00:14.4: bpcie_msi_write_msg(fee05000, 00000021) mask=0x0 irq=22 hwirq=0xc (____ptrval____)?
[    3.346267] baikal_pcie 0000:00:14.4: bpcie_config_msi: func=4 subfunc=12 addr=fee05000 data=00000021?
[    3.386248] baikal_pcie 0000:00:14.4: bpcie_msi_write_msg(fee06000, 00000021) mask=0x0 irq=23 hwirq=0xd (____ptrval____)?
[    3.387231] baikal_pcie 0000:00:14.4: bpcie_config_msi: func=4 subfunc=13 addr=fee06000 data=00000021?
[    3.387231] baikal_pcie 0000:00:14.4: bpcie_msi_write_msg(fee06000, 00000021) mask=0x0 irq=23 hwirq=0xd (____ptrval____)?
[    3.387231] baikal_pcie 0000:00:14.4: bpcie_config_msi: func=4 subfunc=13 addr=fee06000 data=00000021?
[    3.427212] baikal_pcie 0000:00:14.4: bpcie_msi_write_msg(fee07000, 00000021) mask=0x0 irq=24 hwirq=0xe (____ptrval____)?
[    3.428194] baikal_pcie 0000:00:14.4: bpcie_config_msi: func=4 subfunc=14 addr=fee07000 data=00000021?
[    3.428194] baikal_pcie 0000:00:14.4: bpcie_msi_write_msg(fee07000, 00000021) mask=0x0 irq=24 hwirq=0xe (____ptrval____)?
[    3.428194] baikal_pcie 0000:00:14.4: bpcie_config_msi: func=4 subfunc=14 addr=fee07000 data=00000021?
[    3.468177] baikal_pcie 0000:00:14.4: bpcie_msi_write_msg(fee00000, 00000022) mask=0x0 irq=25 hwirq=0xf (____ptrval____)?
[    3.469160] baikal_pcie 0000:00:14.4: bpcie_config_msi: func=4 subfunc=15 addr=fee00000 data=00000022?
[    3.469160] baikal_pcie 0000:00:14.4: bpcie_msi_write_msg(fee00000, 00000022) mask=0x0 irq=25 hwirq=0xf (____ptrval____)?
[    3.469160] baikal_pcie 0000:00:14.4: bpcie_config_msi: func=4 subfunc=15 addr=fee00000 data=00000022?
[    3.509142] baikal_pcie 0000:00:14.4: bpcie_msi_write_msg(fee01000, 00000022) mask=0x0 irq=26 hwirq=0x10 (____ptrval____)?
[    3.510126] baikal_pcie 0000:00:14.4: bpcie_config_msi: func=4 subfunc=16 addr=fee01000 data=00000022?
[    3.510126] baikal_pcie 0000:00:14.4: bpcie_msi_write_msg(fee01000, 00000022) mask=0x0 irq=26 hwirq=0x10 (____ptrval____)?
[    3.510126] baikal_pcie 0000:00:14.4: bpcie_config_msi: func=4 subfunc=16 addr=fee01000 data=00000022?
[    3.550294] baikal_pcie 0000:00:14.4: bpcie_msi_write_msg(fee02000, 00000022) mask=0x0 irq=27 hwirq=0x11 (____ptrval____)?
[    3.551270] baikal_pcie 0000:00:14.4: bpcie_config_msi: func=4 subfunc=17 addr=fee02000 data=00000022?
[    3.551270] baikal_pcie 0000:00:14.4: bpcie_msi_write_msg(fee02000, 00000022) mask=0x0 irq=27 hwirq=0x11 (____ptrval____)?
[    3.580836] clocksource: tsc: mask: 0xffffffffffffffff max_cycles: 0x16fa5abed6d, max_idle_ns: 440795220780 ns?
[    3.551270] baikal_pcie 0000:00:14.4: bpcie_config_msi: func=4 subfunc=17 addr=fee02000 data=00000022?
[    3.582050] baikal_pcie 0000:00:14.4: bpcie_msi_write_msg(fee03000, 00000022) mask=0x0 irq=28 hwirq=0x12 (____ptrval____)?
[    3.592238] baikal_pcie 0000:00:14.4: bpcie_config_msi: func=4 subfunc=18 addr=fee03000 data=00000022?
[    3.592238] baikal_pcie 0000:00:14.4: bpcie_msi_write_msg(fee03000, 00000022) mask=0x0 irq=28 hwirq=0x12 (____ptrval____)?
[    3.592238] baikal_pcie 0000:00:14.4: bpcie_config_msi: func=4 subfunc=18 addr=fee03000 data=00000022?
[    3.642741] clocksource: Switched to clocksource tsc?
[    3.642760] baikal_pcie 0000:00:14.4: bpcie_msi_write_msg(fee04000, 00000022) mask=0x0 irq=29 hwirq=0x13 (____ptrval____)?
[    3.656555] baikal_pcie 0000:00:14.4: bpcie_config_msi: func=4 subfunc=19 addr=fee04000 data=00000022?
[    3.664559] baikal_pcie 0000:00:14.4: bpcie_msi_write_msg(fee04000, 00000022) mask=0x0 irq=29 hwirq=0x13 (____ptrval____)?
[    3.672564] baikal_pcie 0000:00:14.4: bpcie_config_msi: func=4 subfunc=19 addr=fee04000 data=00000022?
[    3.689004] baikal_pcie 0000:00:14.4: bpcie_msi_write_msg(fee05000, 00000022) mask=0x0 irq=30 hwirq=0x14 (____ptrval____)?
[    3.689969] baikal_pcie 0000:00:14.4: bpcie_config_msi: func=4 subfunc=20 addr=fee05000 data=00000022?
[    3.689969] baikal_pcie 0000:00:14.4: bpcie_msi_write_msg(fee05000, 00000022) mask=0x0 irq=30 hwirq=0x14 (____ptrval____)?
[    3.689969] baikal_pcie 0000:00:14.4: bpcie_config_msi: func=4 subfunc=20 addr=fee05000 data=00000022?
[    3.730188] baikal_pcie 0000:00:14.4: bpcie_msi_write_msg(fee06000, 00000022) mask=0x0 irq=31 hwirq=0x15 (____ptrval____)?
[    3.731154] baikal_pcie 0000:00:14.4: bpcie_config_msi: func=4 subfunc=21 addr=fee06000 data=00000022?
[    3.731154] baikal_pcie 0000:00:14.4: bpcie_msi_write_msg(fee06000, 00000022) mask=0x0 irq=31 hwirq=0x15 (____ptrval____)?
[    3.731154] baikal_pcie 0000:00:14.4: bpcie_config_msi: func=4 subfunc=21 addr=fee06000 data=00000022?
[    3.771337] baikal_pcie 0000:00:14.4: bpcie_msi_write_msg(fee07000, 00000022) mask=0x0 irq=32 hwirq=0x16 (____ptrval____)?
[    3.772318] baikal_pcie 0000:00:14.4: bpcie_config_msi: func=4 subfunc=22 addr=fee07000 data=00000022?
[    3.772318] baikal_pcie 0000:00:14.4: bpcie_msi_write_msg(fee07000, 00000022) mask=0x0 irq=32 hwirq=0x16 (____ptrval____)?
[    3.772318] baikal_pcie 0000:00:14.4: bpcie_config_msi: func=4 subfunc=22 addr=fee07000 data=00000022?
[    3.812486] baikal_pcie 0000:00:14.4: bpcie_msi_write_msg(fee00000, 00000023) mask=0x0 irq=33 hwirq=0x17 (____ptrval____)?
[    3.813467] baikal_pcie 0000:00:14.4: bpcie_config_msi: func=4 subfunc=23 addr=fee00000 data=00000023?
[    3.813467] baikal_pcie 0000:00:14.4: bpcie_msi_write_msg(fee00000, 00000023) mask=0x0 irq=33 hwirq=0x17 (____ptrval____)?
[    3.813467] baikal_pcie 0000:00:14.4: bpcie_config_msi: func=4 subfunc=23 addr=fee00000 data=00000023?
[    3.853634] baikal_pcie 0000:00:14.4: bpcie_msi_write_msg(fee01000, 00000023) mask=0x0 irq=34 hwirq=0x18 (____ptrval____)?
[    3.854610] baikal_pcie 0000:00:14.4: bpcie_config_msi: func=4 subfunc=24 addr=fee01000 data=00000023?
[    3.854610] baikal_pcie 0000:00:14.4: bpcie_msi_write_msg(fee01000, 00000023) mask=0x0 irq=34 hwirq=0x18 (____ptrval____)?
[    3.854610] baikal_pcie 0000:00:14.4: bpcie_config_msi: func=4 subfunc=24 addr=fee01000 data=00000023?
[    3.894776] baikal_pcie 0000:00:14.4: bpcie_msi_write_msg(fee02000, 00000023) mask=0x0 irq=35 hwirq=0x19 (____ptrval____)?
[    3.895757] baikal_pcie 0000:00:14.4: bpcie_config_msi: func=4 subfunc=25 addr=fee02000 data=00000023?
[    3.895757] baikal_pcie 0000:00:14.4: bpcie_msi_write_msg(fee02000, 00000023) mask=0x0 irq=35 hwirq=0x19 (____ptrval____)?
[    3.895757] baikal_pcie 0000:00:14.4: bpcie_config_msi: func=4 subfunc=25 addr=fee02000 data=00000023?
[    3.935916] baikal_pcie 0000:00:14.4: bpcie_msi_write_msg(fee03000, 00000023) mask=0x0 irq=36 hwirq=0x1a (____ptrval____)?
[    3.936898] baikal_pcie 0000:00:14.4: bpcie_config_msi: func=4 subfunc=26 addr=fee03000 data=00000023?
[    3.936898] baikal_pcie 0000:00:14.4: bpcie_msi_write_msg(fee03000, 00000023) mask=0x0 irq=36 hwirq=0x1a (____ptrval____)?
[    3.936898] baikal_pcie 0000:00:14.4: bpcie_config_msi: func=4 subfunc=26 addr=fee03000 data=00000023?
[    3.977063] baikal_pcie 0000:00:14.4: bpcie_msi_write_msg(fee04000, 00000023) mask=0x0 irq=37 hwirq=0x1b (____ptrval____)?
[    3.978041] baikal_pcie 0000:00:14.4: bpcie_config_msi: func=4 subfunc=27 addr=fee04000 data=00000023?
[    3.978041] baikal_pcie 0000:00:14.4: bpcie_msi_write_msg(fee04000, 00000023) mask=0x0 irq=37 hwirq=0x1b (____ptrval____)?
[    3.978041] baikal_pcie 0000:00:14.4: bpcie_config_msi: func=4 subfunc=27 addr=fee04000 data=00000023?
[    4.018203] baikal_pcie 0000:00:14.4: bpcie_msi_write_msg(fee05000, 00000023) mask=0x0 irq=38 hwirq=0x1c (____ptrval____)?
[    4.019186] baikal_pcie 0000:00:14.4: bpcie_config_msi: func=4 subfunc=28 addr=fee05000 data=00000023?
[    4.019186] baikal_pcie 0000:00:14.4: bpcie_msi_write_msg(fee05000, 00000023) mask=0x0 irq=38 hwirq=0x1c (____ptrval____)?
[    4.019186] baikal_pcie 0000:00:14.4: bpcie_config_msi: func=4 subfunc=28 addr=fee05000 data=00000023?
[    4.059351] baikal_pcie 0000:00:14.4: bpcie_msi_write_msg(fee06000, 00000023) mask=0x0 irq=39 hwirq=0x1d (____ptrval____)?
[    4.060330] baikal_pcie 0000:00:14.4: bpcie_config_msi: func=4 subfunc=29 addr=fee06000 data=00000023?
[    4.060330] baikal_pcie 0000:00:14.4: bpcie_msi_write_msg(fee06000, 00000023) mask=0x0 irq=39 hwirq=0x1d (____ptrval____)?
[    4.060330] baikal_pcie 0000:00:14.4: bpcie_config_msi: func=4 subfunc=29 addr=fee06000 data=00000023?
[    4.100494] baikal_pcie 0000:00:14.4: bpcie_msi_write_msg(fee07000, 00000023) mask=0x0 irq=40 hwirq=0x1e (____ptrval____)?
[    4.101477] baikal_pcie 0000:00:14.4: bpcie_config_msi: func=4 subfunc=30 addr=fee07000 data=00000023?
[    4.101477] baikal_pcie 0000:00:14.4: bpcie_msi_write_msg(fee07000, 00000023) mask=0x0 irq=40 hwirq=0x1e (____ptrval____)?
[    4.101477] baikal_pcie 0000:00:14.4: bpcie_config_msi: func=4 subfunc=30 addr=fee07000 data=00000023?
[    4.141643] baikal_pcie 0000:00:14.4: bpcie_msi_write_msg(fee00000, 00000024) mask=0x0 irq=41 hwirq=0x1f (____ptrval____)?
[    4.142618] baikal_pcie 0000:00:14.4: bpcie_config_msi: func=4 subfunc=31 addr=fee00000 data=00000024?
[    4.142618] baikal_pcie 0000:00:14.4: bpcie_msi_write_msg(fee00000, 00000024) mask=0x0 irq=41 hwirq=0x1f (____ptrval____)?
[    4.142618] baikal_pcie 0000:00:14.4: bpcie_config_msi: func=4 subfunc=31 addr=fee00000 data=00000024?
[    4.182797] bpcie_icc_init: shotgun-registered ICC at 32 additional virqs (0..63)?
[    4.190432] baikal_pcie 0000:00:14.4: icc init-diag: ICC virq=13 STATUS=0x0 IRQ_MASK=0x3 DOORBELL_off=0x108004 STATUS_off=0x108014?
[    4.202439] i2c i2c-0: adapter [icc] registered?
[    4.207181] icc_interrupt: irq=35 entry status=0x2?
[    4.229466] icc_interrupt: irq=35 entry status=0x1?
[    4.234379] Turn ON BT/WLAN: ret=20, reply 00 00 00 00?
[    4.234529] icc_interrupt: irq=35 entry status=0x2?
[    4.244670] usb0 status: ret=20, reply 00 00 01 00?
[    4.244675] USB is already turned ON!?
[    4.249651] input: Power Button as /devices/pci0000:00/0000:00:14.4/input/input0?
[    4.261047] icc_interrupt: irq=35 entry status=0x2?
[    4.274463] icc_interrupt: irq=35 entry status=0x1?
[    4.279398] icc: not ready?
[    4.282160] baikal_pcie 0000:00:14.4: icc_pwrbutton_init: Failed to enable reset notifications (-11)?
[    4.291587] icc_interrupt: irq=35 entry status=0x2?
[    4.309464] icc_interrupt: irq=35 entry status=0x1?
[    4.314388] ret=46, reply 00 00 03 00 00 00 15 00?
[    4.319304] icc_interrupt: irq=35 entry status=0x2?
[    4.324460] icc_interrupt: irq=35 entry status=0x1?
[    4.329372] ret=20, reply 00 00 01 02 10 00 00 00?
[    4.334319] icc_interrupt: irq=35 entry status=0x2?
[    4.340228] ret=20, reply 00 00 00 00 00 00 00 00?
[    4.345149] wireguard: WireGuard 1.0.0 loaded. See www.wireguard.com for information.?
[    4.353133] wireguard: Copyright (C) 2015-2019 Jason A. Donenfeld <Jason@zx2c4.com>. All Rights Reserved.?
[    4.363568] sky2: driver version 1.30?
[    4.367343] resource: resource sanity check: requesting [mem 0x00000000c2000000-0x00000000c2003fff], which spans more than 0000:00:14.1 [mem 0xc2000000-0xc2000fff 64bit]?
[    4.382766] caller sky2_probe+0x153/0x330 mapping multiple BARs?
[    4.388811] sky2 0000:00:14.1: PS4 Baikal: B2_CHIP_ID=0x0, forcing YUKON_PRM?
[    4.395997] sky2 0000:00:14.1: chip type 0xbd?
[    4.400453] sky2 0000:00:14.1: Yukon-2 OptimaEEE chip revision 0?
[    4.406631] sky2 0000:00:14.1: bpcie_assign_irqs(1)?
[    4.411617] bpcie_init_dev_msi_info: dev=0000:00:14.1 installed bpcie demuxer (sc=(____ptrval____))?
[    4.420882] bpcie_msi_init: virq=1 hwirq=0x0 domain=(____ptrval____) info=(____ptrval____) sc=(____ptrval____)?
[    4.431084] bpcie_msi_init: registered virq=1 irq_map[32]?
[    4.436598] sky2 0000:00:14.1: bpcie_msi_write_msg(fee00000, 000000ef) mask=0x0 irq=1 hwirq=0x0 (____ptrval____)?
[    4.446988] baikal_pcie 0000:00:14.4: bpcie_config_msi: func=1 subfunc=0 addr=fee00000 data=000000ef?
[    4.456347] sky2 0000:00:14.1: bpcie_assign_irqs returning 1?
[    4.462125] sky2 0000:00:14.1: PS4 Baikal: skipping MSI self-test in APCIE branch?
[    4.470095] sky2 0000:00:14.1 eth0: addr 2c:cc:44:57:0b:3a?
[    4.476180] xhci_aeolia 0000:00:14.7: bpcie_assign_irqs(3)?
[    4.481798] bpcie_init_dev_msi_info: dev=0000:00:14.7 installed bpcie demuxer (sc=(____ptrval____))?
[    4.491074] bpcie_msi_init: virq=2 hwirq=0x0 domain=(____ptrval____) info=(____ptrval____) sc=(____ptrval____)?
[    4.501276] bpcie_msi_init: registered virq=2 irq_map[33]?
[    4.506791] xhci_aeolia 0000:00:14.7: bpcie_msi_write_msg(fee00000, 000000ef) mask=0x0 irq=2 hwirq=0x0 (____ptrval____)?
[    4.517797] baikal_pcie 0000:00:14.4: bpcie_config_msi: func=7 subfunc=0 addr=fee00000 data=000000ef?
[    4.527137] xhci_aeolia 0000:00:14.7: bpcie_assign_irqs returning 1?
[    4.533534] xhci_aeolia 0000:00:14.7: version 3.0?
[    4.538350] xhci_aeolia 0000:00:14.7: Belize SATA PHY init?
[    5.543983] xhci_aeolia 0000:00:14.7: PHY SET GEN3?
[    5.548866] xhci_aeolia 0000:00:14.7: Belize SATA PHY Trace length : 6?
[    6.555611] xhci_aeolia 0000:00:14.7: Align 90=0x00?
[    6.560669] xhci_aeolia 0000:00:14.7: AHCI vers 0001.0300, 32 command slots, 6 Gbps, ATA mode?
[    6.569367] xhci_aeolia 0000:00:14.7: 1/1 ports implemented (port mask 0x1)?
[    6.576465] xhci_aeolia 0000:00:14.7: flags: ncq sntf pm clo only pmp pio slum part ccc apst ?
[    6.585207] xhci_aeolia 0000:00:14.7: bpcie_msi_write_msg(fee01000, 00000024) mask=0x0 irq=2 hwirq=0x0 (____ptrval____)?
[    6.586152] baikal_pcie 0000:00:14.4: bpcie_config_msi: func=7 subfunc=0 addr=fee01000 data=00000024?
[    6.586152] xhci_aeolia 0000:00:14.7: bpcie_msi_write_msg(fee01000, 00000024) mask=0x0 irq=2 hwirq=0x0 (____ptrval____)?
[    6.586152] baikal_pcie 0000:00:14.4: bpcie_config_msi: func=7 subfunc=0 addr=fee01000 data=00000024?
[    6.626337] scsi host0: ahci?
[    6.629427] ata1: SATA max UDMA/133 abar m65536@0xce800000 port 0xce800100 irq 2 lpm-pol 0?
[    6.688676] xhci_aeolia_probe_one 0, controller is 90de?
[    6.694075] xhci_aeolia 0000:00:14.7: xHCI Host Controller?
[    6.699689] xhci_aeolia 0000:00:14.7: new USB bus registered, assigned bus number 1?
[    6.723763] xhci_aeolia 0000:00:14.7: hcc params 0x0228f66c hci version 0x100 quirks 0x0004000000010010?
[    6.733356] xhci_aeolia 0000:00:14.7: irq 2, io mem 0xce000000?
[    6.739337] xhci_aeolia 0000:00:14.7: xHCI Host Controller?
[    6.744933] xhci_aeolia 0000:00:14.7: new USB bus registered, assigned bus number 2?
[    6.773678] xhci_aeolia 0000:00:14.7: Host supports USB 3.0 SuperSpeed?
[    6.780503] usb usb1: New USB device found, idVendor=1d6b, idProduct=0002, bcdDevice= 6.15?
[    6.788935] usb usb1: New USB device strings: Mfr=3, Product=2, SerialNumber=1?
[    6.796304] usb usb1: Product: xHCI Host Controller?
[    6.801276] usb usb1: Manufacturer: Linux 6.15.4-Baikal_TESTING_crashniels-dirty xhci-hcd?
[    6.809611] usb usb1: SerialNumber: 0000:00:14.7?
[    6.814726] hub 1-0:1.0: USB hub found?
[    6.818580] hub 1-0:1.0: 2 ports detected?
[    6.822912] usb usb2: We don't know the algorithms for LPM for this host, disabling LPM.?
[    6.831238] usb usb2: New USB device found, idVendor=1d6b, idProduct=0003, bcdDevice= 6.15?
[    6.839688] usb usb2: New USB device strings: Mfr=3, Product=2, SerialNumber=1?
[    6.847059] usb usb2: Product: xHCI Host Controller?
[    6.852033] usb usb2: Manufacturer: Linux 6.15.4-Baikal_TESTING_crashniels-dirty xhci-hcd?
[    6.860369] usb usb2: SerialNumber: 0000:00:14.7?
[    6.865410] hub 2-0:1.0: USB hub found?
[    6.869255] hub 2-0:1.0: 2 ports detected?
[    6.893697] xhci_aeolia_probe_one 2, controller is 90de?
[    6.899086] xhci_aeolia 0000:00:14.7: xHCI Host Controller?
[    6.904690] xhci_aeolia 0000:00:14.7: new USB bus registered, assigned bus number 3?
[    6.912632] xhci_aeolia 0000:00:14.7: hcc params 0x0220f06c hci version 0x100 quirks 0x0004000000010010?
[    6.922227] xhci_aeolia 0000:00:14.7: irq 2, io mem 0xcf000000?
[    6.928208] xhci_aeolia 0000:00:14.7: xHCI Host Controller?
[    6.933810] xhci_aeolia 0000:00:14.7: new USB bus registered, assigned bus number 4?
[    6.962680] xhci_aeolia 0000:00:14.7: Host supports USB 3.0 SuperSpeed?
[    6.969768] usb usb3: New USB device found, idVendor=1d6b, idProduct=0002, bcdDevice= 6.15?
[    6.978210] usb usb3: New USB device strings: Mfr=3, Product=2, SerialNumber=1?
[    6.985577] usb usb3: Product: xHCI Host Controller?
[    6.990551] usb usb3: Manufacturer: Linux 6.15.4-Baikal_TESTING_crashniels-dirty xhci-hcd?
[    6.998889] usb usb3: SerialNumber: 0000:00:14.7?
[    7.004064] hub 3-0:1.0: USB hub found?
[    7.007911] hub 3-0:1.0: 1 port detected?
[    7.012117] usb usb4: We don't know the algorithms for LPM for this host, disabling LPM.?
[    7.020447] usb usb4: New USB device found, idVendor=1d6b, idProduct=0003, bcdDevice= 6.15?
[    7.028876] usb usb4: New USB device strings: Mfr=3, Product=2, SerialNumber=1?
[    7.036248] usb usb4: Product: xHCI Host Controller?
[    7.041222] usb usb4: Manufacturer: Linux 6.15.4-Baikal_TESTING_crashniels-dirty xhci-hcd?
[    7.049559] usb usb4: SerialNumber: 0000:00:14.7?
[    7.054598] hub 4-0:1.0: USB hub found?
[    7.058446] hub 4-0:1.0: 1 port detected?
[    7.084065] usbcore: registered new interface driver uas?
[    7.089570] usb 1-1: new high-speed USB device number 2 using xhci_aeolia?
[    7.089730] usbcore: registered new interface driver usb-storage?
[    7.096561] ata1: SATA link up 3.0 Gbps (SStatus 123 SControl 300)?
[    7.102758] i8042: PNP: No PS/2 controller found.?
[    7.114293] mousedev: PS/2 mouse device common for all mice?
[    7.120239] usbcore: registered new interface driver xpad?
[    7.125867] i2c_dev: i2c /dev entries driver?
[    7.130344] i2c_dev: adapter [icc] registered as minor 0?
[    7.135791] i2c-core: driver [i2c-slave-eeprom] registered?
[    7.141916] device-mapper: ioctl: 4.49.0-ioctl (2025-01-17) initialised: dm-devel@lists.linux.dev?
[    7.146994] ata1.00: FORCE: modified (disable)?
[    7.151178] amd_pstate: the _CPC object is not present in SBIOS or ACPI disabled?
[    7.155518] ata1.00: unsupported device, disabling?
[    7.155522] ata1.00: disable device?
[    7.155533] sdhci: Secure Digital Host Controller Interface driver?
[    7.177830] sdhci: Copyright(c) Pierre Ossman?
[    7.182437] usb usb3-port1: over-current condition?
[    7.182496] sdhci-pci 0000:00:14.3: SDHCI controller found [104d:90da] (rev 0)?
[    7.182616] hid: raw HID events driver (C) Jiri Kosina?
[    7.182922] usbcore: registered new interface driver usbhid?
[    7.182926] usbhid: USB HID core driver?
[    7.183495] snd_hda_intel 0000:00:01.1: can't derive routing for PCI INT B?
[    7.183501] snd_hda_intel 0000:00:01.1: PCI INT B: not connected?
[    7.183759] NET: Registered PF_INET6 protocol family?
[    7.184513] Segment Routing with IPv6?
[    7.184539] In-situ OAM (IOAM) with IPv6?
[    7.184618] NET: Registered PF_PACKET protocol family?
[    7.184705] Bluetooth: RFCOMM TTY layer initialized?
[    7.184711] Bluetooth: RFCOMM socket layer initialized?
[    7.184714] Bluetooth: RFCOMM ver 1.11?
[    7.184717] Bluetooth: BNEP (Ethernet Emulation) ver 1.3?
[    7.184720] Bluetooth: BNEP filters: protocol multicast?
[    7.184724] Bluetooth: BNEP socket layer initialized?
[    7.184727] Bluetooth: HIDP (Human Interface Emulation) ver 1.2?
[    7.184737] Bluetooth: HIDP socket layer initialized?
[    7.190911] input: HD-Audio Generic HDMI/DP,pcm=3 as /devices/pci0000:00/0000:00:01.1/sound/card0/input1?
[    7.194899] bpcie_init_dev_msi_info: dev=0000:00:14.3 installed bpcie demuxer (sc=(____ptrval____))?
[    7.200211] input: HD-Audio Generic HDMI/DP,pcm=7 as /devices/pci0000:00/0000:00:01.1/sound/card0/input2?
[    7.200253] microcode: Current revision: 0x0701a001?
[    7.205743] bpcie_msi_init: virq=4 hwirq=0x0 domain=(____ptrval____) info=(____ptrval____) sc=(____ptrval____)?
[    7.325328] bpcie_msi_init: registered virq=4 irq_map[34]?
[    7.330848] sdhci-pci 0000:00:14.3: bpcie_msi_write_msg(fee00000, 000000ef) mask=0x0 irq=4 hwirq=0x0 (____ptrval____)?
[    7.341679] baikal_pcie 0000:00:14.4: bpcie_config_msi: func=3 subfunc=0 addr=fee00000 data=000000ef?
[    7.351461] IPI shorthand broadcast: enabled?
[    7.351522] sdhci-pci 0000:00:14.3: bpcie_msi_write_msg(fee03000, 00000024) mask=0x0 irq=4 hwirq=0x0 (____ptrval____)?
[    7.352500] baikal_pcie 0000:00:14.4: bpcie_config_msi: func=3 subfunc=0 addr=fee03000 data=00000024?
[    7.352500] sdhci-pci 0000:00:14.3: bpcie_msi_write_msg(fee03000, 00000024) mask=0x0 irq=4 hwirq=0x0 (____ptrval____)?
[    7.377744] sched_clock: Marking stable (6673004116, 704542887)->(9745877283, -2368330280)?
[    7.352500] baikal_pcie 0000:00:14.4: bpcie_config_msi: func=3 subfunc=0 addr=fee03000 data=00000024?
[    7.387287] usb 1-1: New USB device found, idVendor=1a40, idProduct=0101, bcdDevice= 1.00?
[    7.395296] usb usb4-port1: over-current condition?
[    7.404557] usb 1-1: New USB device strings: Mfr=0, Product=1, SerialNumber=0?
[    7.404719] registered taskstats version 1?
[    7.412905] usb 1-1: Product: USB2.0 HUB?
[    7.412986] mmc0: SDHCI controller on PCI [0000:00:14.3] using ADMA?
[    7.417807] Loading compiled-in X.509 certificates?
[    7.452702] hub 1-1:1.0: USB hub found?
[    7.456630] hub 1-1:1.0: 4 ports detected?
[    7.460793] Demotion targets for Node 0: null?
[    7.466589] Btrfs loaded, zoned=no, fsverity=no?
[    7.471832] amdgpu 0000:00:01.0: can't derive routing for PCI INT A?
[    7.478249] amdgpu 0000:00:01.0: PCI INT A: not connected?
[    7.483757] [drm] initializing kernel modesetting (LIVERPOOL 0x1002:0x9923 0x1002:0x9923 0x00).?
[    7.492683] [drm] register mmio base: 0xE4800000?
[    7.497404] [drm] register mmio size: 262144?
[    7.501825] usb 2-2: new SuperSpeed USB device number 2 using xhci_aeolia?
[    7.501950] amdgpu 0000:00:01.0: amdgpu: detected ip block number 0 <cik_common>?
[    7.516303] amdgpu 0000:00:01.0: amdgpu: detected ip block number 1 <gmc_v7_0>?
[    7.523707] amdgpu 0000:00:01.0: amdgpu: detected ip block number 2 <cik_ih>?
[    7.530919] amdgpu 0000:00:01.0: amdgpu: detected ip block number 3 <dce_v8_0>?
[    7.538321] amdgpu 0000:00:01.0: amdgpu: detected ip block number 4 <gfx_v7_0>?
[    7.540840] mmc0: new UHS-I speed SDR104 SDIO card at address 0001?
[    7.545727] amdgpu 0000:00:01.0: amdgpu: detected ip block number 5 <cik_sdma>?
[    7.554433] [wlan][81]halPollDbgCr:(INIT WARN) SWPCDBGR 0x00000000?
[    7.559412] amdgpu 0000:00:01.0: amdgpu: detected ip block number 6 <uvd_v4_2>?
[    7.573132] amdgpu 0000:00:01.0: amdgpu: detected ip block number 7 <vce_v2_0>?
[    7.581134] usb 2-2: New USB device found, idVendor=0951, idProduct=1666, bcdDevice= 1.10?
[    7.589588] usb 2-2: New USB device strings: Mfr=2, Product=3, SerialNumber=4?
[    7.596950] usb 2-2: Product: DataTraveler 3.0?
[    7.601531] usb 2-2: Manufacturer: Kingston?
[    7.605846] usb 2-2: SerialNumber: E0D55EA573F0194049CD0236?
[    7.612268] usb-storage 2-2:1.0: USB Mass Storage device detected?
[    7.618948] scsi host1: usb-storage 2-2:1.0?
[    7.645067] amdgpu 0000:00:01.0: amdgpu: Fetched VBIOS from ROM BAR?
[    7.651500] amdgpu: ATOM BIOS: 113-Starsha2-018?
[    7.656492] amdgpu 0000:00:01.0: vgaarb: deactivate vga console?
[    7.662571] amdgpu 0000:00:01.0: amdgpu: Trusted Memory Zone (TMZ) feature not supported?
[    7.670857] amdgpu: ps4_atom: VBIOS dp_extclk=10000 (PS4 forces 0 on Liverpool/Gladius)?
[    7.679286] i2c_dev: adapter [AMDGPU i2c bit bus 0x90] registered as minor 1?
[    7.686541] i2c i2c-1: adapter [AMDGPU i2c bit bus 0x90] registered?
[    7.693114] i2c_dev: adapter [AMDGPU i2c bit bus 0x91] registered as minor 2?
[    7.700323] i2c i2c-2: adapter [AMDGPU i2c bit bus 0x91] registered?
[    7.706719] stackdepot: allocating hash table of 524288 entries via kvcalloc?
[    7.717904] [drm] vm size is 64 GB, 2 levels, block size is 10-bit, fragment size is 9-bit?
[    7.726374] amdgpu 0000:00:01.0: amdgpu: VRAM: 1024M 0x0000000F00000000 - 0x0000000F3FFFFFFF (1024M used)?
[    7.736138] amdgpu 0000:00:01.0: amdgpu: GART: 512M 0x0000000000000000 - 0x000000001FFFFFFF?
[    7.744674] [drm] Detected VRAM RAM=1024M, BAR=1024M?
[    7.749744] [drm] RAM width 64bits UNKNOWN?
[    7.754130] [drm] amdgpu: 1024M of VRAM memory ready?
[    7.759202] [drm] amdgpu: 3459M of GTT memory ready.?
[    7.764318] [drm] GART: num cpu pages 131072, num gpu pages 131072?
[    7.770639] amdgpu 0000:00:01.0: amdgpu: Done gart?
[    7.775549] amdgpu 0000:00:01.0: amdgpu: Done init?
[    7.780466] [drm] PCIE GART of 512M enabled (table at 0x0000000F00100000).?
[    7.788338] [drm] forcing HDMI-A-1 connector on?
[    7.792998] amdgpu: ps4_bridge: forcing bridge init at attach (mode=VIC 16)?
[    7.800101] amdgpu: ps4_bridge_pre_enable: BEGIN (mode=VIC 16)?
[    7.806054] amdgpu: ps4_bridge_cq: enqueue WAIT_CLEAR addr=0x7a84 mask=0x01?
[    7.816377] call_irq_handler: 2.61 No irq handler for vector?
[    7.822166] call_irq_handler: 2.61 No irq handler for vector?
[    7.827967] amdgpu: ps4_bridge_cq: exec code=4 req_len=32 groups=2 res=20 reply_res=0/0 count=0 data[0..7]=00 00 00 00 00 00 00 00 elapsed=14811us?
[    7.841367] amdgpu: ps4_bridge_pre_enable: cq_exec returned 20?
[    7.847316] amdgpu: ps4_bridge_pre_enable: END?
[    7.851846] amdgpu: ps4_bridge_enable: BEGIN (mode=VIC 16, dev=0x9923)?
[    7.920460] usb 1-1.1: new full-speed USB device number 3 using xhci_aeolia?
[    8.108696] usb 1-1.1: New USB device found, idVendor=054c, idProduct=09cc, bcdDevice= 1.00?
[    8.117225] usb 1-1.1: New USB device strings: Mfr=1, Product=2, SerialNumber=0?
[    8.124681] usb 1-1.1: Product: Wireless Controller?
[    8.129655] usb 1-1.1: Manufacturer: Sony Interactive Entertainment?
[    8.223157] playstation 0003:054C:09CC.0001: hidraw0: USB HID v1.11 Gamepad [Sony Interactive Entertainment Wireless Controller] on usb-0000:00:14.7-1.1/input3?
[    8.289324] input: Sony Interactive Entertainment Wireless Controller as /devices/pci0000:00/0000:00:14.7/usb1/1-1/1-1.1/1-1.1:1.3/0003:054C:09CC.0001/input/input3?
[    8.304657] input: Sony Interactive Entertainment Wireless Controller Motion Sensors as /devices/pci0000:00/0000:00:14.7/usb1/1-1/1-1.1/1-1.1:1.3/0003:054C:09CC.0001/input/input4?
[    8.321127] input: Sony Interactive Entertainment Wireless Controller Touchpad as /devices/pci0000:00/0000:00:14.7/usb1/1-1/1-1.1/1-1.1:1.3/0003:054C:09CC.0001/input/input5?
[    8.337423] playstation 0003:054C:09CC.0001: Registered DualShock4 controller hw_version=0x0000b40c fw_version=0x0000a00a?
[    8.359595] amdgpu: ps4_bridge_cq: --- chunk A: DP lane status (waits 0x60f8/0xff, 0x60f9/0x01, 0x60f9/0x1a) ---?
[    8.370082] amdgpu: ps4_bridge_cq: enqueue WAIT_SET addr=0x60f8 mask=0xff?
[    8.377057] amdgpu: ps4_bridge_cq: enqueue WAIT_SET addr=0x60f9 mask=0x01?
[    8.384032] amdgpu: ps4_bridge_cq: enqueue WAIT_SET addr=0x60f9 mask=0x1a?
[    8.392378] call_irq_handler: 2.61 No irq handler for vector?
[    8.398194] call_irq_handler: 2.61 No irq handler for vector?
[    8.404007] call_irq_handler: 2.61 No irq handler for vector?
[    8.409847] amdgpu: ps4_bridge_cq: exec code=4 req_len=49 groups=5 res=20 reply_res=0/0 count=0 data[0..7]=00 00 00 00 00 00 00 00 elapsed=18845us?
[    8.423340] amdgpu: ps4_bridge_cq: chunk A (DP lane status) result rc=20?
[    8.433350] call_irq_handler: 2.61 No irq handler for vector?
[    8.439171] call_irq_handler: 2.61 No irq handler for vector?
[    8.445023] amdgpu: ps4_bridge_cq: exec code=4 req_len=12 groups=1 res=29 reply_res=0/0 count=1 data[0..7]=01 60 f8 ff 00 00 00 00 elapsed=14796us?
[    8.458511] amdgpu: ps4_bridge_cq: readback 0x60f8 rc=29 val=0xff?
[    8.464940] [wlan][81]wlanAdapterStart:(INIT WARN) Send a Dummy CMD as workaround?
[    8.468329] call_irq_handler: 2.61 No irq handler for vector?
[    8.472799] [wlan][81]wlanQueryNicCapability:(INIT WARN) wlanQueryNicCapability: skip unexpected event ID[0x27]?
[    8.478353] call_irq_handler: 2.61 No irq handler for vector?
[    8.481199] [wlan][81]wlanAdapterStart:(INIT WARN) wlanAdapterStart: load manufacture data fail?
[    8.488698] amdgpu: ps4_bridge_cq: exec code=4 req_len=12 groups=1 res=29 reply_res=0/0 count=1 data[0..7]=01 60 f9 1b 00 00 00 00 elapsed=23936us?
[    8.511611] usb 1-1.3: new low-speed USB device number 4 using xhci_aeolia?
[    8.516693] amdgpu: ps4_bridge_cq: readback 0x60f9 rc=29 val=0x1b?
[    8.516697] amdgpu: ps4_bridge_cq: --- chunk B: HDMI/update setup (wait 0x10f6/0x80) ---?
[    8.516700] amdgpu: ps4_bridge_cq: enqueue WAIT_SET addr=0x10f6 mask=0x80?
[    8.518455] call_irq_handler: 2.61 No irq handler for vector?
[    8.672198] scsi 1:0:0:0: Direct-Access     Kingston DataTraveler 3.0 0000 PQ: 0 ANSI: 6?
[    8.673419] [wlan][81]mtk_reg_notify:(RLM WARN) County Code is not assigned. Use default WW.?
[    8.676569] random: crng init done?
[    8.680839] sd 1:0:0:0: Attached scsi generic sg0 type 0?
[    8.681928] sd 1:0:0:0: [sda] 242155520 512-byte logical blocks: (124 GB/115 GiB)?
[    8.682386] sd 1:0:0:0: [sda] Write Protect is off?
