sched_sync: flush softdep (iter=2)?
 succeeded?
sched_sync: flush softdep (iter=1)?
done?
Waiting (max 60 seconds) for system process `SceBufdaemon2' to stop...done?
All buffers synced.?
[PFS] umount[0x0000467e77f65189] finished 0?
[PFS] umount[0x0000467e77f4f989] finished 0?
Uptime: 1m41s?
icc post sync:Thermal alert LED off?
[REGMGR] 000007 @2@ ...?
icc08-4001 0802?
icc:failed to disabled reset button notification: 0005?
icc:disabled thermal notification?
eth0: link state changed to DOWN?
ICC: howto:00004000 depth:2 cause:00 hand:01?
ICC: Shutdown.?
hook_icc_query_nowait called?
ICC 05-00 polling?
Fixing ACPI tables at 0xe0000 (0xffffbda4000e0000)?
RSDT at 0xe0024?
XSDT at 0xe0088?
FACP at 0xe016c?
FACS at 0xe012c?
DSDT at 0xe0430?
APIC at 0xe0298?
MCFG at 0xe0304?
SSDT at 0xe0730?
ACPI tables fixed?
kexec: Waiting for secondary CPUs...?
kexec: Secondary CPUs quiesced?
kexec: Setting up GDT...?
kexec: Relocating stub...?
kexec: Setting up boot params...?
kexec: Cleaning up hardware...?
Current sb_id: 3?
?
SB_BAIKAL constant: 3?
?
kexec: Detected Baikal Southbridge, disabling IOMMU...?
kexec: Reconfiguring VRAM...?
kexec: Resetting GPU...?
kexec: About to relocate and jump to kernel?
[    0.000000] ps4: x86_ps4_early_setup: PS4 early setup?
[    0.000000] Linux version 6.15.4-Baikal_TESTING_crashniels-dirty (meerzulee@cachynator) (gcc (GCC) 16.1.1 20260430, GNU ld (GNU Binutils) 2.46.0) #56 SMP PREEMPT_DYNAMIC Mon May 11 02:17:11 +06 2026?
[    0.000000] Command line: earlycon=uart8250,mmio32,0xC890E000,115200n8 console=tty0 keep_bootcon 8250.nr_uarts=0 iommu=pt intremap=off panic=10 loglevel=8 ignore_loglevel printk.devkmsg=on drm.edid_firmware=edid/1920x1080.bin video=HDMI-A-1:1920x1080@60D pci=nocrs libata.force=1.00:disable root=LABEL=psxitarch rootwait rw systemd.unit=multi-user.target systemd.log_level=info?
[    0.000000] KERNEL supported cpus:?
[    0.000000]   AMD AuthenticAMD?
[    0.000000] BIOS-provided physical RAM map:?
[    0.000000] BIOS-e820: [mem 0x0000000000000000-0x0000000000007fff] usable?
[    0.000000] BIOS-e820: [mem 0x0000000000008000-0x000000000007ffff] reserved?
[    0.000000] BIOS-e820: [mem 0x0000000000080000-0x0000000000099fff] usable?
[    0.000000] BIOS-e820: [mem 0x000000000009a000-0x00000000000bffff] reserved?
[    0.000000] BIOS-e820: [mem 0x00000000000e0000-0x00000000000effff] ACPI data?
[    0.000000] BIOS-e820: [mem 0x0000000000100000-0x00000000003fffff] usable?
[    0.000000] BIOS-e820: [mem 0x0000000000400000-0x000000000047ffff] reserved?
[    0.000000] BIOS-e820: [mem 0x0000000000480000-0x000000000067ffff] usable?
[    0.000000] BIOS-e820: [mem 0x0000000000680000-0x00000000006fffff] reserved?
[    0.000000] BIOS-e820: [mem 0x0000000000700000-0x000000007efe7fff] usable?
[    0.000000] BIOS-e820: [mem 0x000000007efe8000-0x000000007efeffff] ACPI NVS?
[    0.000000] BIOS-e820: [mem 0x000000007eff0000-0x000000007effffff] ACPI data?
[    0.000000] BIOS-e820: [mem 0x000000007f000000-0x000000007fffffff] usable?
[    0.000000] BIOS-e820: [mem 0x0000000080000000-0x00000000fbffffff] reserved?
[    0.000000] BIOS-e820: [mem 0x0000000100000000-0x000000013fffffff] reserved?
[    0.000000] BIOS-e820: [mem 0x0000000140000000-0x000000027effffff] usable?
[    0.000000] earlycon: uart8250 at MMIO32 0x00000000c890e000 (options '115200n8')?
[    0.000000] printk: legacy bootconsole [uart8250] enabled?
[    0.000000] printk: debug: skip boot console de-registration.?
[    0.000000] printk: debug: ignoring loglevel setting.?
[    0.000000] NX (Execute Disable) protection: active?
[    0.000000] APIC: Static calls initialized?
[    0.000000] SMBIOS 2.1 present.?
[    0.000000] DMI:  , BIOS unde Wed 09/22/2021 16:2?
[    0.000000] DMI: Memory slots populated: 1/1?
[    0.000000] ps4: EMC timer started in 34605 TSC ticks?
[    0.000000] ps4: Calibrated TSC frequency: 1594092704 kHz?
[    0.000000] tsc: Detected 1594.093 MHz processor?
[    0.001421] e820: update [mem 0x00000000-0x00000fff] usable ==> reserved?
[    0.008246] e820: remove [mem 0x000a0000-0x000fffff] usable?
[    0.013927] last_pfn = 0x27f000 max_arch_pfn = 0x400000000?
[    0.019514] MTRR map: 6 entries (3 fixed + 3 variable; max 20), built from 9 variable MTRRs?
[    0.028014] x86/PAT: Configuration [0-7]: WB  WC  UC- UC  WB  WP  UC- WT  ?
[    0.035393] e820: update [mem 0x80000000-0x13fffffff] usable ==> reserved?
[    0.042319] last_pfn = 0x80000 max_arch_pfn = 0x400000000?
[    0.056429] Using GB pages for direct mapping?
[    0.062392] RAMDISK: [mem 0x278c00000-0x278ffbfff]?
[    0.067279] ACPI: Early table checksum verification disabled?
[    0.073037] ACPI: RSDP 0x00000000000E0000 000024 (v02 SIE   )?
[    0.078890] ACPI: XSDT 0x00000000000E0088 00004C (v01 SIE    ORBIS    20121218 INTL 20110211)?
[    0.087575] ACPI: FACP 0x00000000000E016C 0000F4 (v04 SIE    ORBIS    20130205 INTL 20110211)?
[    0.096260] ACPI: DSDT 0x00000000000E0430 00018C (v02 SIE    ORBIS    20121002 INTL 20110211)?
[    0.104943] ACPI: FACS 0x00000000000E012C 000040?
[    0.109640] ACPI: FACS 0x00000000000E012C 000040?
[    0.114339] ACPI: APIC 0x00000000000E0298 00006C (v02 SIE    ORBIS    20120725 INTL 20110211)?
[    0.123020] ACPI: MCFG 0x00000000000E0304 00003C (v01 SIE    ORBIS    20120725 INTL 20110211)?
[    0.131700] ACPI: SSDT 0x00000000000E0730 001944 (v01 AMD    POWERNOW 00000001 AMD  00000001)?
[    0.140380] ACPI: IVRS 0x00000000000E2074 000054 (v01 F0F    PS4KEXEC 20161225 KEXC 20161225)?
[    0.149059] ACPI: Reserving FACP table memory at [mem 0xe016c-0xe025f]?
[    0.155702] ACPI: Reserving DSDT table memory at [mem 0xe0430-0xe05bb]?
[    0.162341] ACPI: Reserving FACS table memory at [mem 0xe012c-0xe016b]?
[    0.168981] ACPI: Reserving FACS table memory at [mem 0xe012c-0xe016b]?
[    0.175621] ACPI: Reserving APIC table memory at [mem 0xe0298-0xe0303]?
[    0.182259] ACPI: Reserving MCFG table memory at [mem 0xe0304-0xe033f]?
[    0.188898] ACPI: Reserving SSDT table memory at [mem 0xe0730-0xe2073]?
[    0.195537] ACPI: Reserving IVRS table memory at [mem 0xe2074-0xe20c7]?
[    0.202253] No NUMA configuration found?
[    0.206151] Faking a node at [mem 0x0000000000000000-0x000000027effffff]?
[    0.212973] NODE_DATA(0) allocated [mem 0x27effa800-0x27effdfff]?
[    0.219138] Zone ranges:?
[    0.221708]   DMA      [mem 0x0000000000001000-0x0000000000ffffff]?
[    0.227998]   DMA32    [mem 0x0000000001000000-0x00000000ffffffff]?
[    0.234285]   Normal   [mem 0x0000000100000000-0x000000027effffff]?
[    0.240572] Movable zone start for each node?
[    0.244911] Early memory node ranges?
[    0.248542]   node   0: [mem 0x0000000000001000-0x0000000000007fff]?
[    0.254917]   node   0: [mem 0x0000000000080000-0x0000000000099fff]?
[    0.261291]   node   0: [mem 0x0000000000100000-0x00000000003fffff]?
[    0.267667]   node   0: [mem 0x0000000000480000-0x000000000067ffff]?
[    0.274042]   node   0: [mem 0x0000000000700000-0x000000007efe7fff]?
[    0.280416]   node   0: [mem 0x000000007f000000-0x000000007fffffff]?
[    0.286790]   node   0: [mem 0x0000000140000000-0x000000027effffff]?
[    0.293165] Initmem setup node 0 [mem 0x0000000000001000-0x000000027effffff]?
[    0.300342] On node 0, zone DMA: 1 pages in unavailable ranges?
[    0.306281] On node 0, zone DMA: 120 pages in unavailable ranges?
[    0.312412] On node 0, zone DMA: 102 pages in unavailable ranges?
[    0.318539] On node 0, zone DMA: 128 pages in unavailable ranges?
[    0.324701] On node 0, zone DMA: 128 pages in unavailable ranges?
[    0.341104] On node 0, zone DMA32: 24 pages in unavailable ranges?
[    0.373484] On node 0, zone Normal: 4096 pages in unavailable ranges?
[    0.380863] ACPI: No IOAPIC entries present?
[    0.385116] ACPI: Using ACPI for processor (LAPIC) configuration information?
[    0.392300] CPU topo: Max. logical packages:   1?
[    0.396992] CPU topo: Max. logical dies:       1?
[    0.401685] CPU topo: Max. dies per package:   1?
[    0.406391] CPU topo: Max. threads per core:   1?
[    0.411085] CPU topo: Num. cores per package:     8?
[    0.416043] CPU topo: Num. threads per package:   8?
[    0.421001] CPU topo: Allowing 8 present CPUs plus 0 hotplug CPUs?
[    0.427227] [mem 0xfc000000-0xffffffff] available for PCI devices?
[    0.433429] clocksource: refined-jiffies: mask: 0xffffffff max_cycles: 0xffffffff, max_idle_ns: 1910969940391419 ns?
[    0.444064] setup_percpu: NR_CPUS:8 nr_cpumask_bits:8 nr_cpu_ids:8 nr_node_ids:1?
[    0.452265] percpu: Embedded 42 pages/cpu s131544 r8192 d32296 u262144?
[    0.458926] pcpu-alloc: s131544 r8192 d32296 u262144 alloc=1*2097152?
[    0.465394] pcpu-alloc: [0] 0 1 2 3 4 5 6 7 ?
[    0.469777] Kernel command line: earlycon=uart8250,mmio32,0xC890E000,115200n8 console=tty0 keep_bootcon 8250.nr_uarts=0 iommu=pt intremap=off panic=10 loglevel=8 ignore_loglevel printk.devkmsg=on drm.edid_firmware=edid/1920x1080.bin video=HDMI-A-1:1920x1080@60D pci=nocrs libata.force=1.00:disable root=LABEL=psxitarch rootwait rw systemd.unit=multi-user.target systemd.log_level=info?
[    0.504507] printk: log buffer data + meta data: 262144 + 917504 = 1179648 bytes?
[    0.513836] Dentry cache hash table entries: 1048576 (order: 11, 8388608 bytes, linear)?
[    0.522903] Inode-cache hash table entries: 524288 (order: 10, 4194304 bytes, linear)?
[    0.530976] software IO TLB: area num 8.?
[    0.564001] Fallback order for Node 0: 0 ?
[    0.564020] Built 1 zonelists, mobility grouping on.  Total pages: 1830409?
[    0.575093] Policy zone: Normal?
[    0.578284] mem auto-init: stack:off, heap alloc:off, heap free:off?
[    0.622442] SLUB: HWalign=64, Order=0-3, MinObjects=0, CPUs=8, Nodes=1?
[    0.630215] Dynamic Preempt: voluntary?
[    0.634119] rcu: Preemptible hierarchical RCU implementation.?
[    0.639965] rcu: RCU calculated value of scheduler-enlistment delay is 100 jiffies.?
[    0.647781] NR_IRQS: 4352, nr_irqs: 128, preallocated irqs: 0?
[    0.653689] rcu: srcu_init: Setting srcu_struct sizes based on contention.?
[    0.660742] call_irq_handler: 0.49 No irq handler for vector?
[    0.666531] Console: colour dummy device 80x25?
[    0.671052] printk: legacy console [tty0] enabled?
[    0.675880] ACPI: Core revision 20240827?
[    0.679939] ACPI: setting ELCR to 0200 (from ffff)?
[    0.684831] Failed to register legacy timer interrupt?
[    0.689970] APIC: Switch to symmetric I/O mode setup?
[    0.695029] clocksource: tsc-early: mask: 0xffffffffffffffff max_cycles: 0x16fa58cfda5, max_idle_ns: 440795266567 ns?
[    0.705760] Calibrating delay loop (skipped), value calculated using timer frequency.. 3188.18 BogoMIPS (lpj=1594093)?
[    0.706751] Last level iTLB entries: 4KB 512, 2MB 8, 4MB 4?
[    0.706751] Last level dTLB entries: 4KB 512, 2MB 256, 4MB 128, 1GB 0?
[    0.706751] Spectre V1 : Mitigation: usercopy/swapgs barriers and __user pointer sanitization?
[    0.706751] Spectre V2 : Mitigation: Retpolines?
[    0.706751] Spectre V2 : Spectre v2 / SpectreRSB: Filling RSB on context switch and VMEXIT?
[    0.706751] RETBleed: Mitigation: untrained return thunk?
[    0.706751] Speculative Store Bypass: Mitigation: Speculative Store Bypass disabled via prctl?
[    0.706751] x86/fpu: Supporting XSAVE feature 0x001: 'x87 floating point registers'?
[    0.706751] x86/fpu: Supporting XSAVE feature 0x002: 'SSE registers'?
[    0.706751] x86/fpu: Supporting XSAVE feature 0x004: 'AVX registers'?
[    0.706751] x86/fpu: xstate_offset[2]:  576, xstate_sizes[2]:  256?
[    0.706751] x86/fpu: Enabled xstate features 0x7, context size is 832 bytes, using 'standard' format.?
[    0.706751] Freeing SMP alternatives memory: 52K?
[    0.706751] pid_max: default: 32768 minimum: 301?
[    0.706751] Mount-cache hash table entries: 16384 (order: 5, 131072 bytes, linear)?
[    0.706751] Mountpoint-cache hash table entries: 16384 (order: 5, 131072 bytes, linear)?
[    0.706751] smpboot: CPU0: AMD DG1401SNF87ID (family: 0x16, model: 0x1a, stepping: 0x0)?
[    0.707367] Performance Events: AMD PMU driver.?
[    0.707756] ... version:                0?
[    0.708755] ... bit width:              48?
[    0.709755] ... generic registers:      4?
[    0.710755] ... value mask:             0000ffffffffffff?
[    0.711755] ... max period:             00007fffffffffff?
[    0.712755] ... fixed-purpose events:   0?
[    0.713755] ... event mask:             000000000000000f?
[    0.714975] signal: max sigframe size: 1776?
[    0.715845] rcu: Hierarchical SRCU implementation.?
[    0.716756] rcu: 	Max phase no-delay instances is 400.?
[    0.717915] Timer migration: 1 hierarchy levels; 8 children per group; 1 crossnode level?
[    0.722116] smp: Bringing up secondary CPUs ...?
[    0.724063] smpboot: x86: Booting SMP configuration:?
[    0.724760] .... node  #0, CPUs:      #1 #2 #3 #4 #5 #6 #7?
[    0.734859] smp: Brought up 1 node, 8 CPUs?
[    0.736760] smpboot: Total of 8 processors activated (25505.48 BogoMIPS)?
[    0.738974] Memory: 7077540K/7321636K available (23460K kernel code, 2053K rwdata, 8780K rodata, 1624K init, 2232K bss, 239848K reserved, 0K cma-reserved)?
[    0.740174] devtmpfs: initialized?
[    0.742816] clocksource: jiffies: mask: 0xffffffff max_cycles: 0xffffffff, max_idle_ns: 1911260446275000 ns?
[    0.744762] posixtimers hash table entries: 4096 (order: 4, 65536 bytes, linear)?
[    0.745778] futex hash table entries: 2048 (order: 5, 131072 bytes, linear)?
[    0.746851] prandom: seed boundary self test passed?
[    0.749721] prandom: 100 self tests passed?
[    0.749971] NET: Registered PF_NETLINK/PF_ROUTE protocol family?
[    0.750895] audit: initializing netlink subsys (disabled)?
[    0.751815] audit: type=2000 audit(0.046:1): state=initialized audit_enabled=0 res=1?
[    0.751910] i2c-core: driver [dummy] registered?
[    0.753758] thermal_sys: Registered thermal governor 'step_wise'?
[    0.753782] cpuidle: using governor ladder?
[    0.755764] cpuidle: using governor menu?
[    0.756910] ps4: ps4: pre-allocated IRQ 9 desc for ACPI SCI (virq=9)?
[    0.758034] PCI: ECAM [mem 0xf8000000-0xfbffffff] (base 0xf8000000) for domain 0000 [bus 00-3f]?
[    0.758776] PCI: Using configuration type 1 for base access?
[    0.760930] HugeTLB: allocation took 0ms with hugepage_allocation_threads=2?
[    0.761809] HugeTLB: registered 2.00 MiB page size, pre-allocated 0 pages?
[    0.762755] HugeTLB: 28 KiB vmemmap can be freed for a 2.00 MiB page?
[    0.764133] cryptd: max_cpu_qlen set to 1000?
[    0.781759] raid6: sse2x4   gen()  4053 MB/s?
[    0.799759] raid6: sse2x2   gen()  3972 MB/s?
[    0.817755] raid6: sse2x1   gen()  3181 MB/s?
[    0.818755] raid6: using algorithm sse2x4 gen() 4053 MB/s?
[    0.836757] raid6: .... xor() 2021 MB/s, rmw enabled?
[    0.837756] raid6: using ssse3x2 recovery algorithm?
[    0.838861] ACPI: Added _OSI(Module Device)?
[    0.839757] ACPI: Added _OSI(Processor Device)?
[    0.840756] ACPI: Added _OSI(Processor Aggregator Device)?
[    0.843984] ACPI: 2 ACPI AML tables successfully acquired and loaded?
[    0.851983] ACPI: Interpreter enabled?
[    0.852767] ACPI: PM: (supports S0 S5)?
[    0.853756] ACPI: Using PIC for interrupt routing?
[    0.854784] PCI: Ignoring host bridge windows from ACPI; if necessary, use "pci=use_crs" and report a bug?
[    0.855755] PCI: Using E820 reservations for host bridge windows?
[    0.858352] acpi PNP0A03:00: [Firmware Bug]: no secondary bus range in _CRS?
[    0.858771] ACPI: PCI Root Bridge [PCI0] (domain 0000 [bus 00-ff])?
[    0.859765] acpi PNP0A03:00: _OSC: OS supports [ExtendedConfig ASPM ClockPM Segments MSI HPX-Type3]?
[    0.860774] acpi PNP0A03:00: [Firmware Info]: ECAM [mem 0xf8000000-0xfbffffff] for domain 0000 [bus 00-3f] only partially covers this bridge?
[    0.861779] acpi PNP0A03:00: host bridge window [io  0x0cf8-0x0cff] (ignored)?
[    0.862756] PCI: root bus 00: using default resources?
[    0.863808] PCI host bridge to bus 0000:00?
[    0.864761] pci_bus 0000:00: root bus resource [io  0x0000-0xffff]?
[    0.865761] pci_bus 0000:00: root bus resource [mem 0x00000000-0xffffffffff]?
[    0.866757] pci_bus 0000:00: root bus resource [bus 00-ff]?
[    0.867775] pci 0000:00:00.0: [1022:1436] type 00 class 0x060000 conventional PCI endpoint?
[    0.868876] pci 0000:00:00.2: [1022:1437] type 00 class 0x080600 conventional PCI endpoint?
[    0.870799] pci 0000:00:01.0: [1002:9923] type 00 class 0x030000 PCIe Root Complex Integrated Endpoint?
[    0.871778] pci 0000:00:01.0: BAR 0 [mem 0xe0000000-0xe3ffffff 64bit pref]?
[    0.872757] pci 0000:00:01.0: BAR 2 [mem 0xe4000000-0xe47fffff 64bit pref]?
[    0.873756] pci 0000:00:01.0: BAR 4 [io  0x6000-0x60ff]?
[    0.874757] pci 0000:00:01.0: BAR 5 [mem 0xe4800000-0xe483ffff]?
[    0.875757] pci 0000:00:01.0: ROM [mem 0x00000000-0x0001ffff pref]?
[    0.876760] pci 0000:00:01.0: enabling Extended Tags?
[    0.877772] pci 0000:00:01.0: Video device with shadowed ROM at [mem 0x000c0000-0x000dffff]?
[    0.878776] pci 0000:00:01.0: supports D1 D2?
[    0.879756] pci 0000:00:01.0: PME# supported from D1 D2 D3hot?
[    0.880848] pci 0000:00:01.1: [1002:9921] type 00 class 0x040300 PCIe Root Complex Integrated Endpoint?
[    0.881777] pci 0000:00:01.1: BAR 0 [mem 0xe4840000-0xe4843fff 64bit]?
[    0.882763] pci 0000:00:01.1: enabling Extended Tags?
[    0.883785] pci 0000:00:01.1: supports D1 D2?
[    0.884849] pci 0000:00:02.0: [1022:1438] type 00 class 0x060000 conventional PCI endpoint?
[    0.885884] pci 0000:00:14.0: [104d:90d7] type 00 class 0x088000 PCIe Endpoint?
[    0.886796] pci 0000:00:14.0: BAR 0 [mem 0xfdf8000000-0xfdf9ffffff 64bit]?
[    0.887757] pci 0000:00:14.0: BAR 2 [io  0x1000-0x13ff]?
[    0.888942] pci 0000:00:14.1: [104d:90d8] type 00 class 0x088001 PCIe Endpoint?
[    0.889796] pci 0000:00:14.1: BAR 0 [mem 0xc2000000-0xc2000fff 64bit]?
[    0.890939] pci 0000:00:14.2: [104d:90d9] type 00 class 0x088002 PCIe Endpoint?
[    0.891796] pci 0000:00:14.2: BAR 0 [mem 0xc4000000-0xc4007fff 64bit]?
[    0.892939] pci 0000:00:14.3: [104d:90da] type 00 class 0x088003 PCIe Endpoint?
[    0.893796] pci 0000:00:14.3: BAR 0 [mem 0xc6000000-0xc6000fff 64bit]?
[    0.894938] pci 0000:00:14.4: [104d:90db] type 00 class 0x088004 PCIe Endpoint?
[    0.895796] pci 0000:00:14.4: BAR 0 [mem 0xc8000000-0xc8001fff 64bit]?
[    0.896758] pci 0000:00:14.4: BAR 2 [mem 0xc8800000-0xc89fffff 64bit]?
[    0.897758] pci 0000:00:14.4: BAR 4 [mem 0xc9000000-0xc91fffff 64bit]?
[    0.898932] pci 0000:00:14.5: [104d:90dc] type 00 class 0x088005 PCIe Endpoint?
[    0.899796] pci 0000:00:14.5: BAR 0 [mem 0xca000000-0xca000fff 64bit]?
[    0.900758] pci 0000:00:14.5: BAR 2 [mem 0xca800000-0xca800fff 64bit]?
[    0.901935] pci 0000:00:14.6: [104d:90dd] type 00 class 0x088006 PCIe Endpoint?
[    0.902796] pci 0000:00:14.6: BAR 0 [mem 0xcc000000-0xcc000fff 64bit]?
[    0.903758] pci 0000:00:14.6: BAR 2 [mem 0x80000000-0xbfffffff 64bit]?
[    0.904757] pci 0000:00:14.6: BAR 4 [mem 0xcd000000-0xcd0fffff]?
[    0.905757] pci 0000:00:14.6: BAR 5 [mem 0xcd400000-0xcd43ffff]?
[    0.906932] pci 0000:00:14.7: [104d:90de] type 00 class 0x088007 PCIe Endpoint?
[    0.907796] pci 0000:00:14.7: BAR 0 [mem 0xce000000-0xce3fffff 64bit]?
[    0.908758] pci 0000:00:14.7: BAR 2 [mem 0xce800000-0xce80ffff 64bit]?
[    0.909758] pci 0000:00:14.7: BAR 4 [mem 0xcf000000-0xcf7fffff 64bit]?
[    0.910928] pci 0000:00:18.0: [1022:142e] type 00 class 0x060000 conventional PCI endpoint?
[    0.911856] pci 0000:00:18.1: [1022:142f] type 00 class 0x060000 conventional PCI endpoint?
[    0.912855] pci 0000:00:18.2: [1022:1430] type 00 class 0x060000 conventional PCI endpoint?
[    0.913858] pci 0000:00:18.3: [1022:1431] type 00 class 0x060000 conventional PCI endpoint?
[    0.914858] pci 0000:00:18.4: [1022:1432] type 00 class 0x060000 conventional PCI endpoint?
[    0.915852] pci 0000:00:18.5: [1022:1433] type 00 class 0x060000 conventional PCI endpoint?
[    0.916852] pci 0000:00:18.6: [1022:1434] type 00 class 0x060000 conventional PCI endpoint?
[    0.917947] iommu: Default domain type: Passthrough (set via kernel command line)?
[    0.918938] SCSI subsystem initialized?
[    0.919781] libata version 3.00 loaded.?
[    0.920809] ACPI: bus type USB registered?
[    0.921809] usbcore: registered new interface driver usbfs?
[    0.922777] usbcore: registered new interface driver hub?
[    0.923775] usbcore: registered new device driver usb?
[    0.924786] cec: Failed to create debugfs cec dir?
[    0.925888] Advanced Linux Sound Architecture Driver Initialized.?
[    0.927852] Bluetooth: Core ver 2.22?
[    0.928765] NET: Registered PF_BLUETOOTH protocol family?
[    0.929755] Bluetooth: HCI device and connection manager initialized?
[    0.930758] Bluetooth: HCI socket layer initialized?
[    0.931758] Bluetooth: L2CAP socket layer initialized?
[    0.932759] Bluetooth: SCO socket layer initialized?
[    0.933839] PCI: Using ACPI for IRQ routing?
[    0.936952] PCI: pci_cache_line_size set to 64 bytes?
[    0.937797] e820: reserve RAM buffer [mem 0x00008000-0x0000ffff]?
[    0.938756] e820: reserve RAM buffer [mem 0x0009a000-0x0009ffff]?
[    0.939756] e820: reserve RAM buffer [mem 0x00680000-0x006fffff]?
[    0.940755] e820: reserve RAM buffer [mem 0x7efe8000-0x7fffffff]?
[    0.941756] e820: reserve RAM buffer [mem 0x27f000000-0x27fffffff]?
[    0.942782] pci 0000:00:01.0: vgaarb: setting as boot VGA device?
[    0.943751] pci 0000:00:01.0: vgaarb: bridge control possible?
[    0.943751] pci 0000:00:01.0: vgaarb: VGA device added: decodes=io+mem,owns=io+mem,locks=none?
[    0.943765] vgaarb: loaded?
[    0.944999] clocksource: Switched to clocksource tsc-early?
[    0.950586] pnp: PnP ACPI init?
[    0.953744] pnp: PnP ACPI: found 0 devices?
[    0.962852] NET: Registered PF_INET protocol family?
[    0.968145] IP idents hash table entries: 131072 (order: 8, 1048576 bytes, linear)?
[    0.980001] tcp_listen_portaddr_hash hash table entries: 4096 (order: 4, 65536 bytes, linear)?
[    0.988731] Table-perturb hash table entries: 65536 (order: 6, 262144 bytes, linear)?
[    0.996660] TCP established hash table entries: 65536 (order: 7, 524288 bytes, linear)?
[    1.005007] TCP bind hash table entries: 65536 (order: 9, 2097152 bytes, linear)?
[    1.013161] TCP: Hash tables configured (established 65536 bind 65536)?
[    1.019940] UDP hash table entries: 4096 (order: 6, 262144 bytes, linear)?
[    1.026958] UDP-Lite hash table entries: 4096 (order: 6, 262144 bytes, linear)?
[    1.034498] NET: Registered PF_UNIX/PF_LOCAL protocol family?
[    1.040612] RPC: Registered named UNIX socket transport module.?
[    1.046653] RPC: Registered udp transport module.?
[    1.051448] RPC: Registered tcp transport module.?
[    1.056241] RPC: Registered tcp-with-tls transport module.?
[    1.061829] RPC: Registered tcp NFSv4.1 backchannel transport module.?
[    1.068840] pci_bus 0000:00: resource 4 [io  0x0000-0xffff]?
[    1.074535] pci_bus 0000:00: resource 5 [mem 0x00000000-0xffffffffff]?
[    1.081192] pci 0000:00:01.1: D0 power state depends on 0000:00:01.0?
[    1.087679] pci 0000:00:02.0: CLS mismatch (64 != 512), using 64 bytes?
[    1.094451] AMD-Vi: Using global IVHD EFR:0x0, EFR2:0x0?
[    1.094685] Trying to unpack rootfs image as initramfs...?
[    1.099991] pci 0000:00:00.0: Adding to iommu group 0?
[    1.110556] pci 0000:00:14.0: Adding to iommu group 1?
[    1.115737] pci 0000:00:14.1: Adding to iommu group 1?
[    1.120922] pci 0000:00:14.2: Adding to iommu group 1?
[    1.126111] pci 0000:00:14.3: Adding to iommu group 1?
[    1.131296] pci 0000:00:14.4: Adding to iommu group 1?
[    1.136479] pci 0000:00:14.5: Adding to iommu group 1?
[    1.141671] pci 0000:00:14.6: Adding to iommu group 1?
[    1.146861] pci 0000:00:14.7: Adding to iommu group 1?
[    1.152091] AMD-Vi: Extended features (0x840, 0x0): IA?
[    1.157614] PCI-DMA: Using software bounce buffering for IO (SWIOTLB)?
[    1.164197] software IO TLB: mapped [mem 0x000000007afe8000-0x000000007efe8000] (64MB)?
[    1.172420] LVT offset 0 assigned for vector 0x400?
[    1.178158] perf: AMD IBS detected (0x000000ff)?
[    1.182839] kvm_amd: TSC scaling supported?
[    1.187017] kvm_amd: Nested Virtualization enabled?
[    1.191901] kvm_amd: Nested Paging enabled?
[    1.196082] kvm_amd: LBR virtualization supported?
[    1.222775] Freeing initrd memory: 4080K?
[    1.234647] platform rtc_cmos: registered platform RTC device (no PNP device found)?
[    1.245404] Initialise system trusted keyrings?
[    1.250103] workingset: timestamp_bits=40 max_order=21 bucket_order=0?
[    1.257079] ntfs3: Warning: Activated 64 bits per cluster. Windows does not support this?
[    1.265427] fuse: init (API version 7.43)?
[    1.305436] NET: Registered PF_ALG protocol family?
[    1.310325] xor: automatically using best checksumming function   avx       ?
[    1.317512] Key type asymmetric registered?
[    1.321688] Asymmetric key parser 'x509' registered?
[    1.326688] Block layer SCSI generic (bsg) driver version 0.4 loaded (major 252)?
[    1.334229] io scheduler mq-deadline registered?
[    1.338846] io scheduler kyber registered?
[    1.345002] Could not retrieve perf counters (-19)?
[    1.381186] Non-volatile memory driver v1.3?
[    1.385473] Linux agpgart interface v0.103?
[    1.390098] ACPI: bus type drm_connector registered?
[    1.395088] [drm] amdgpu kernel modesetting enabled.?
[    1.401749] brd: module loaded?
[    1.407284] loop: module loaded?
[    1.410506] i2c-core: driver [at24] registered?
[    1.415231] baikal_pcie 0000:00:14.4: bpcie_probe()?
[    1.420246] baikal_pcie 0000:00:14.4: bpcie glue probe?
[    1.425494] baikal_pcie 0000:00:14.4: Baikal chip revision: 4c0c2021:8d76a398:0000b100?
[    1.433569] pci 0000:00:14.0: bpcie_create_irq_domain?
[    1.438720] baikal_pcie 0000:00:14.4: devid = 164?
[    1.443520] baikal_pcie 0000:00:14.4: no parent ?
[    1.448232] bpcie_create_irq_domain: marked Baikal-MSI-164-3-14 as MSI parent (flags=0x113 bus_token=AMDVI)?
[    1.458162] pci 0000:00:14.1: bpcie_create_irq_domain?
[    1.463312] baikal_pcie 0000:00:14.4: devid = 164?
[    1.468106] baikal_pcie 0000:00:14.4: no parent ?
[    1.472815] bpcie_create_irq_domain: marked Baikal-MSI-164-3-14 as MSI parent (flags=0x113 bus_token=AMDVI)?
[    1.482745] pci 0000:00:14.2: bpcie_create_irq_domain?
[    1.487898] baikal_pcie 0000:00:14.4: devid = 164?
[    1.492693] baikal_pcie 0000:00:14.4: no parent ?
[    1.497401] bpcie_create_irq_domain: marked Baikal-MSI-164-3-14 as MSI parent (flags=0x113 bus_token=AMDVI)?
[    1.507331] pci 0000:00:14.3: bpcie_create_irq_domain?
[    1.512480] baikal_pcie 0000:00:14.4: devid = 164?
[    1.517275] baikal_pcie 0000:00:14.4: no parent ?
[    1.521983] bpcie_create_irq_domain: marked Baikal-MSI-164-3-14 as MSI parent (flags=0x113 bus_token=AMDVI)?
[    1.531912] baikal_pcie 0000:00:14.4: bpcie_create_irq_domain?
[    1.537770] baikal_pcie 0000:00:14.4: devid = 164?
[    1.542565] baikal_pcie 0000:00:14.4: no parent ?
[    1.547274] bpcie_create_irq_domain: marked Baikal-MSI-164-3-14 as MSI parent (flags=0x113 bus_token=AMDVI)?
[    1.557205] pci 0000:00:14.5: bpcie_create_irq_domain?
[    1.562355] baikal_pcie 0000:00:14.4: devid = 164?
[    1.567151] baikal_pcie 0000:00:14.4: no parent ?
[    1.571860] bpcie_create_irq_domain: marked Baikal-MSI-164-3-14 as MSI parent (flags=0x113 bus_token=AMDVI)?
[    1.581788] pci 0000:00:14.6: bpcie_create_irq_domain?
[    1.586936] baikal_pcie 0000:00:14.4: devid = 164?
[    1.591730] baikal_pcie 0000:00:14.4: no parent ?
[    1.596439] bpcie_create_irq_domain: marked Baikal-MSI-164-3-14 as MSI parent (flags=0x113 bus_token=AMDVI)?
[    1.606368] pci 0000:00:14.7: bpcie_create_irq_domain?
[    1.611516] baikal_pcie 0000:00:14.4: devid = 164?
[    1.616311] baikal_pcie 0000:00:14.4: no parent ?
[    1.621018] bpcie_create_irq_domain: marked Baikal-MSI-164-3-14 as MSI parent (flags=0x113 bus_token=AMDVI)?
[    1.630963] bpcie_init_dev_msi_info: dev=0000:00:14.4 installed bpcie demuxer (sc=(____ptrval____))?
[    1.640744] bpcie_msi_init: virq=10 hwirq=0x0 domain=(____ptrval____) info=(____ptrval____) sc=(____ptrval____)?
[    1.651037] bpcie_msi_init: registered virq=10 irq_map[0]?
[    1.656539] bpcie_msi_init: virq=11 hwirq=0x1 domain=(____ptrval____) info=(____ptrval____) sc=(____ptrval____)?
[    1.666822] bpcie_msi_init: registered virq=11 irq_map[1]?
[    1.672323] bpcie_msi_init: virq=12 hwirq=0x2 domain=(____ptrval____) info=(____ptrval____) sc=(____ptrval____)?
[    1.682605] bpcie_msi_init: registered virq=12 irq_map[2]?
[    1.688107] bpcie_msi_init: virq=13 hwirq=0x3 domain=(____ptrval____) info=(____ptrval____) sc=(____ptrval____)?
[    1.698389] bpcie_msi_init: registered virq=13 irq_map[3]?
[    1.703892] bpcie_msi_init: virq=14 hwirq=0x4 domain=(____ptrval____) info=(____ptrval____) sc=(____ptrval____)?
[    1.714175] bpcie_msi_init: registered virq=14 irq_map[4]?
[    1.719676] bpcie_msi_init: virq=15 hwirq=0x5 domain=(____ptrval____) info=(____ptrval____) sc=(____ptrval____)?
[    1.729961] bpcie_msi_init: registered virq=15 irq_map[5]?
[    1.735462] bpcie_msi_init: virq=16 hwirq=0x6 domain=(____ptrval____) info=(____ptrval____) sc=(____ptrval____)?
[    1.745745] bpcie_msi_init: registered virq=16 irq_map[6]?
[    1.751245] bpcie_msi_init: virq=17 hwirq=0x7 domain=(____ptrval____) info=(____ptrval____) sc=(____ptrval____)?
[    1.761528] bpcie_msi_init: registered virq=17 irq_map[7]?
[    1.767029] bpcie_msi_init: virq=18 hwirq=0x8 domain=(____ptrval____) info=(____ptrval____) sc=(____ptrval____)?
[    1.777312] bpcie_msi_init: registered virq=18 irq_map[8]?
[    1.782813] bpcie_msi_init: virq=19 hwirq=0x9 domain=(____ptrval____) info=(____ptrval____) sc=(____ptrval____)?
[    1.793096] bpcie_msi_init: registered virq=19 irq_map[9]?
[    1.798598] bpcie_msi_init: virq=20 hwirq=0xa domain=(____ptrval____) info=(____ptrval____) sc=(____ptrval____)?
[    1.808881] bpcie_msi_init: registered virq=20 irq_map[10]?
[    1.814471] bpcie_msi_init: virq=21 hwirq=0xb domain=(____ptrval____) info=(____ptrval____) sc=(____ptrval____)?
[    1.824753] bpcie_msi_init: registered virq=21 irq_map[11]?
[    1.830344] bpcie_msi_init: virq=22 hwirq=0xc domain=(____ptrval____) info=(____ptrval____) sc=(____ptrval____)?
[    1.840626] bpcie_msi_init: registered virq=22 irq_map[12]?
[    1.846215] bpcie_msi_init: virq=23 hwirq=0xd domain=(____ptrval____) info=(____ptrval____) sc=(____ptrval____)?
[    1.856497] bpcie_msi_init: registered virq=23 irq_map[13]?
[    1.862086] bpcie_msi_init: virq=24 hwirq=0xe domain=(____ptrval____) info=(____ptrval____) sc=(____ptrval____)?
[    1.872371] bpcie_msi_init: registered virq=24 irq_map[14]?
[    1.877961] bpcie_msi_init: virq=25 hwirq=0xf domain=(____ptrval____) info=(____ptrval____) sc=(____ptrval____)?
[    1.888243] bpcie_msi_init: registered virq=25 irq_map[15]?
[    1.893834] bpcie_msi_init: virq=26 hwirq=0x10 domain=(____ptrval____) info=(____ptrval____) sc=(____ptrval____)?
[    1.904206] bpcie_msi_init: registered virq=26 irq_map[16]?
[    1.909794] bpcie_msi_init: virq=27 hwirq=0x11 domain=(____ptrval____) info=(____ptrval____) sc=(____ptrval____)?
[    1.920167] bpcie_msi_init: registered virq=27 irq_map[17]?
[    1.925758] bpcie_msi_init: virq=28 hwirq=0x12 domain=(____ptrval____) info=(____ptrval____) sc=(____ptrval____)?
[    1.936128] bpcie_msi_init: registered virq=28 irq_map[18]?
[    1.941722] bpcie_msi_init: virq=29 hwirq=0x13 domain=(____ptrval____) info=(____ptrval____) sc=(____ptrval____)?
[    1.952094] bpcie_msi_init: registered virq=29 irq_map[19]?
[    1.957683] bpcie_msi_init: virq=30 hwirq=0x14 domain=(____ptrval____) info=(____ptrval____) sc=(____ptrval____)?
[    1.968055] bpcie_msi_init: registered virq=30 irq_map[20]?
[    1.973644] bpcie_msi_init: virq=31 hwirq=0x15 domain=(____ptrval____) info=(____ptrval____) sc=(____ptrval____)?
[    1.984017] bpcie_msi_init: registered virq=31 irq_map[21]?
[    1.989606] bpcie_msi_init: virq=32 hwirq=0x16 domain=(____ptrval____) info=(____ptrval____) sc=(____ptrval____)?
[    1.999976] bpcie_msi_init: registered virq=32 irq_map[22]?
[    2.005570] bpcie_msi_init: virq=33 hwirq=0x17 domain=(____ptrval____) info=(____ptrval____) sc=(____ptrval____)?
[    2.015941] bpcie_msi_init: registered virq=33 irq_map[23]?
[    2.021530] bpcie_msi_init: virq=34 hwirq=0x18 domain=(____ptrval____) info=(____ptrval____) sc=(____ptrval____)?
[    2.031902] bpcie_msi_init: registered virq=34 irq_map[24]?
[    2.037493] bpcie_msi_init: virq=35 hwirq=0x19 domain=(____ptrval____) info=(____ptrval____) sc=(____ptrval____)?
[    2.047864] bpcie_msi_init: registered virq=35 irq_map[25]?
[    2.053453] bpcie_msi_init: virq=36 hwirq=0x1a domain=(____ptrval____) info=(____ptrval____) sc=(____ptrval____)?
[    2.063824] bpcie_msi_init: registered virq=36 irq_map[26]?
[    2.069414] bpcie_msi_init: virq=37 hwirq=0x1b domain=(____ptrval____) info=(____ptrval____) sc=(____ptrval____)?
[    2.079784] bpcie_msi_init: registered virq=37 irq_map[27]?
[    2.085373] bpcie_msi_init: virq=38 hwirq=0x1c domain=(____ptrval____) info=(____ptrval____) sc=(____ptrval____)?
[    2.095745] bpcie_msi_init: registered virq=38 irq_map[28]?
[    2.101334] bpcie_msi_init: virq=39 hwirq=0x1d domain=(____ptrval____) info=(____ptrval____) sc=(____ptrval____)?
[    2.111706] bpcie_msi_init: registered virq=39 irq_map[29]?
[    2.117295] bpcie_msi_init: virq=40 hwirq=0x1e domain=(____ptrval____) info=(____ptrval____) sc=(____ptrval____)?
[    2.127666] bpcie_msi_init: registered virq=40 irq_map[30]?
[    2.133255] bpcie_msi_init: virq=41 hwirq=0x1f domain=(____ptrval____) info=(____ptrval____) sc=(____ptrval____)?
[    2.143625] bpcie_msi_init: registered virq=41 irq_map[31]?
[    2.149250] baikal_pcie 0000:00:14.4: bpcie_msi_write_msg(fee00000, 000000ef) mask=0x0 irq=10 hwirq=0x0 (____ptrval____)?
[    2.160340] baikal_pcie 0000:00:14.4: bpcie_config_msi: func=4 subfunc=0 addr=fee00000 data=000000ef?
[    2.169666] baikal_pcie 0000:00:14.4: bpcie_msi_write_msg(fee00000, 000000ef) mask=0x0 irq=11 hwirq=0x1 (____ptrval____)?
[    2.180747] baikal_pcie 0000:00:14.4: bpcie_config_msi: func=4 subfunc=1 addr=fee00000 data=000000ef?
[    2.190066] baikal_pcie 0000:00:14.4: bpcie_msi_write_msg(fee00000, 000000ef) mask=0x0 irq=12 hwirq=0x2 (____ptrval____)?
[    2.201148] baikal_pcie 0000:00:14.4: bpcie_config_msi: func=4 subfunc=2 addr=fee00000 data=000000ef?
[    2.210466] baikal_pcie 0000:00:14.4: bpcie_msi_write_msg(fee00000, 000000ef) mask=0x0 irq=13 hwirq=0x3 (____ptrval____)?
[    2.221548] baikal_pcie 0000:00:14.4: bpcie_config_msi: func=4 subfunc=3 addr=fee00000 data=000000ef?
[    2.230866] baikal_pcie 0000:00:14.4: bpcie_msi_write_msg(fee00000, 000000ef) mask=0x0 irq=14 hwirq=0x4 (____ptrval____)?
[    2.241950] baikal_pcie 0000:00:14.4: bpcie_config_msi: func=4 subfunc=4 addr=fee00000 data=000000ef?
[    2.251268] baikal_pcie 0000:00:14.4: bpcie_msi_write_msg(fee00000, 000000ef) mask=0x0 irq=15 hwirq=0x5 (____ptrval____)?
[    2.262350] baikal_pcie 0000:00:14.4: bpcie_config_msi: func=4 subfunc=5 addr=fee00000 data=000000ef?
[    2.271668] baikal_pcie 0000:00:14.4: bpcie_msi_write_msg(fee00000, 000000ef) mask=0x0 irq=16 hwirq=0x6 (____ptrval____)?
[    2.282749] baikal_pcie 0000:00:14.4: bpcie_config_msi: func=4 subfunc=6 addr=fee00000 data=000000ef?
[    2.292066] baikal_pcie 0000:00:14.4: bpcie_msi_write_msg(fee00000, 000000ef) mask=0x0 irq=17 hwirq=0x7 (____ptrval____)?
[    2.303147] baikal_pcie 0000:00:14.4: bpcie_config_msi: func=4 subfunc=7 addr=fee00000 data=000000ef?
[    2.312466] baikal_pcie 0000:00:14.4: bpcie_msi_write_msg(fee00000, 000000ef) mask=0x0 irq=18 hwirq=0x8 (____ptrval____)?
[    2.323563] baikal_pcie 0000:00:14.4: bpcie_config_msi: func=4 subfunc=8 addr=fee00000 data=000000ef?
[    2.332882] baikal_pcie 0000:00:14.4: bpcie_msi_write_msg(fee00000, 000000ef) mask=0x0 irq=19 hwirq=0x9 (____ptrval____)?
[    2.343965] baikal_pcie 0000:00:14.4: bpcie_config_msi: func=4 subfunc=9 addr=fee00000 data=000000ef?
[    2.353284] baikal_pcie 0000:00:14.4: bpcie_msi_write_msg(fee00000, 000000ef) mask=0x0 irq=20 hwirq=0xa (____ptrval____)?
[    2.364365] baikal_pcie 0000:00:14.4: bpcie_config_msi: func=4 subfunc=10 addr=fee00000 data=000000ef?
[    2.373771] baikal_pcie 0000:00:14.4: bpcie_msi_write_msg(fee00000, 000000ef) mask=0x0 irq=21 hwirq=0xb (____ptrval____)?
[    2.384851] baikal_pcie 0000:00:14.4: bpcie_config_msi: func=4 subfunc=11 addr=fee00000 data=000000ef?
[    2.394259] baikal_pcie 0000:00:14.4: bpcie_msi_write_msg(fee00000, 000000ef) mask=0x0 irq=22 hwirq=0xc (____ptrval____)?
[    2.405341] baikal_pcie 0000:00:14.4: bpcie_config_msi: func=4 subfunc=12 addr=fee00000 data=000000ef?
[    2.414748] baikal_pcie 0000:00:14.4: bpcie_msi_write_msg(fee00000, 000000ef) mask=0x0 irq=23 hwirq=0xd (____ptrval____)?
[    2.425829] baikal_pcie 0000:00:14.4: bpcie_config_msi: func=4 subfunc=13 addr=fee00000 data=000000ef?
[    2.435238] baikal_pcie 0000:00:14.4: bpcie_msi_write_msg(fee00000, 000000ef) mask=0x0 irq=24 hwirq=0xe (____ptrval____)?
[    2.446319] baikal_pcie 0000:00:14.4: bpcie_config_msi: func=4 subfunc=14 addr=fee00000 data=000000ef?
[    2.455726] baikal_pcie 0000:00:14.4: bpcie_msi_write_msg(fee00000, 000000ef) mask=0x0 irq=25 hwirq=0xf (____ptrval____)?
[    2.466807] baikal_pcie 0000:00:14.4: bpcie_config_msi: func=4 subfunc=15 addr=fee00000 data=000000ef?
[    2.476215] baikal_pcie 0000:00:14.4: bpcie_msi_write_msg(fee00000, 000000ef) mask=0x0 irq=26 hwirq=0x10 (____ptrval____)?
[    2.487383] baikal_pcie 0000:00:14.4: bpcie_config_msi: func=4 subfunc=16 addr=fee00000 data=000000ef?
[    2.496791] baikal_pcie 0000:00:14.4: bpcie_msi_write_msg(fee00000, 000000ef) mask=0x0 irq=27 hwirq=0x11 (____ptrval____)?
[    2.507962] baikal_pcie 0000:00:14.4: bpcie_config_msi: func=4 subfunc=17 addr=fee00000 data=000000ef?
[    2.517370] baikal_pcie 0000:00:14.4: bpcie_msi_write_msg(fee00000, 000000ef) mask=0x0 irq=28 hwirq=0x12 (____ptrval____)?
[    2.528540] baikal_pcie 0000:00:14.4: bpcie_config_msi: func=4 subfunc=18 addr=fee00000 data=000000ef?
[    2.537946] baikal_pcie 0000:00:14.4: bpcie_msi_write_msg(fee00000, 000000ef) mask=0x0 irq=29 hwirq=0x13 (____ptrval____)?
[    2.549116] baikal_pcie 0000:00:14.4: bpcie_config_msi: func=4 subfunc=19 addr=fee00000 data=000000ef?
[    2.558523] baikal_pcie 0000:00:14.4: bpcie_msi_write_msg(fee00000, 000000ef) mask=0x0 irq=30 hwirq=0x14 (____ptrval____)?
[    2.569693] baikal_pcie 0000:00:14.4: bpcie_config_msi: func=4 subfunc=20 addr=fee00000 data=000000ef?
[    2.579101] baikal_pcie 0000:00:14.4: bpcie_msi_write_msg(fee00000, 000000ef) mask=0x0 irq=31 hwirq=0x15 (____ptrval____)?
[    2.590271] baikal_pcie 0000:00:14.4: bpcie_config_msi: func=4 subfunc=21 addr=fee00000 data=000000ef?
[    2.599678] baikal_pcie 0000:00:14.4: bpcie_msi_write_msg(fee00000, 000000ef) mask=0x0 irq=32 hwirq=0x16 (____ptrval____)?
[    2.610849] baikal_pcie 0000:00:14.4: bpcie_config_msi: func=4 subfunc=22 addr=fee00000 data=000000ef?
[    2.620255] baikal_pcie 0000:00:14.4: bpcie_msi_write_msg(fee00000, 000000ef) mask=0x0 irq=33 hwirq=0x17 (____ptrval____)?
[    2.631424] baikal_pcie 0000:00:14.4: bpcie_config_msi: func=4 subfunc=23 addr=fee00000 data=000000ef?
[    2.640830] baikal_pcie 0000:00:14.4: bpcie_msi_write_msg(fee00000, 000000ef) mask=0x0 irq=34 hwirq=0x18 (____ptrval____)?
[    2.651998] baikal_pcie 0000:00:14.4: bpcie_config_msi: func=4 subfunc=24 addr=fee00000 data=000000ef?
[    2.661404] baikal_pcie 0000:00:14.4: bpcie_msi_write_msg(fee00000, 000000ef) mask=0x0 irq=35 hwirq=0x19 (____ptrval____)?
[    2.672574] baikal_pcie 0000:00:14.4: bpcie_config_msi: func=4 subfunc=25 addr=fee00000 data=000000ef?
[    2.681981] baikal_pcie 0000:00:14.4: bpcie_msi_write_msg(fee00000, 000000ef) mask=0x0 irq=36 hwirq=0x1a (____ptrval____)?
[    2.693149] baikal_pcie 0000:00:14.4: bpcie_config_msi: func=4 subfunc=26 addr=fee00000 data=000000ef?
[    2.702556] baikal_pcie 0000:00:14.4: bpcie_msi_write_msg(fee00000, 000000ef) mask=0x0 irq=37 hwirq=0x1b (____ptrval____)?
[    2.713726] baikal_pcie 0000:00:14.4: bpcie_config_msi: func=4 subfunc=27 addr=fee00000 data=000000ef?
[    2.723133] baikal_pcie 0000:00:14.4: bpcie_msi_write_msg(fee00000, 000000ef) mask=0x0 irq=38 hwirq=0x1c (____ptrval____)?
[    2.734303] baikal_pcie 0000:00:14.4: bpcie_config_msi: func=4 subfunc=28 addr=fee00000 data=000000ef?
[    2.743710] baikal_pcie 0000:00:14.4: bpcie_msi_write_msg(fee00000, 000000ef) mask=0x0 irq=39 hwirq=0x1d (____ptrval____)?
[    2.754880] baikal_pcie 0000:00:14.4: bpcie_config_msi: func=4 subfunc=29 addr=fee00000 data=000000ef?
[    2.764287] baikal_pcie 0000:00:14.4: bpcie_msi_write_msg(fee00000, 000000ef) mask=0x0 irq=40 hwirq=0x1e (____ptrval____)?
[    2.775456] baikal_pcie 0000:00:14.4: bpcie_config_msi: func=4 subfunc=30 addr=fee00000 data=000000ef?
[    2.784863] baikal_pcie 0000:00:14.4: bpcie_msi_write_msg(fee00000, 000000ef) mask=0x0 irq=41 hwirq=0x1f (____ptrval____)?
[    2.796033] baikal_pcie 0000:00:14.4: bpcie_config_msi: func=4 subfunc=31 addr=fee00000 data=000000ef?
[    2.805525] baikal_pcie 0000:00:14.4: dev->irq=10?
[    2.810447] baikal_pcie 0000:00:14.4: Failed to register serial port 0?
[    2.817105] baikal_pcie 0000:00:14.4: UART init failed (-5); continuing without serial console?
[    2.825893] bpcie_icc_init: msi_desc msi_index=0 irq=10?
[    2.831218] bpcie_icc_init: ICC subfunc 3 -> bpcie_irqnum=13 found_virq=-1?
[    2.838233] baikal_pcie 0000:00:14.4: bpcie_msi_write_msg(fee01000, 00000020) mask=0x0 irq=13 hwirq=0x3 (____ptrval____)?
[    2.839221] baikal_pcie 0000:00:14.4: bpcie_config_msi: func=4 subfunc=3 addr=fee01000 data=00000020?
[    2.839221] baikal_pcie 0000:00:14.4: bpcie_msi_write_msg(fee01000, 00000020) mask=0x0 irq=13 hwirq=0x3 (____ptrval____)?
[    2.839221] baikal_pcie 0000:00:14.4: bpcie_config_msi: func=4 subfunc=3 addr=fee01000 data=00000020?
[    2.879034] genirq: Flags mismatch irq 0. 00200080 (icc-shotgun) vs. 00000000 (AMD-Vi)?
[    2.887118] baikal_pcie 0000:00:14.4: bpcie_msi_write_msg(fee02000, 00000020) mask=0x0 irq=10 hwirq=0x0 (____ptrval____)?
[    2.888103] baikal_pcie 0000:00:14.4: bpcie_config_msi: func=4 subfunc=0 addr=fee02000 data=00000020?
[    2.888103] baikal_pcie 0000:00:14.4: bpcie_msi_write_msg(fee02000, 00000020) mask=0x0 irq=10 hwirq=0x0 (____ptrval____)?
[    2.888103] baikal_pcie 0000:00:14.4: bpcie_config_msi: func=4 subfunc=0 addr=fee02000 data=00000020?
[    2.927935] baikal_pcie 0000:00:14.4: bpcie_msi_write_msg(fee03000, 00000020) mask=0x0 irq=11 hwirq=0x1 (____ptrval____)?
[    2.928919] baikal_pcie 0000:00:14.4: bpcie_config_msi: func=4 subfunc=1 addr=fee03000 data=00000020?
[    2.928919] baikal_pcie 0000:00:14.4: bpcie_msi_write_msg(fee03000, 00000020) mask=0x0 irq=11 hwirq=0x1 (____ptrval____)?
[    2.928919] baikal_pcie 0000:00:14.4: bpcie_config_msi: func=4 subfunc=1 addr=fee03000 data=00000020?
[    2.968726] baikal_pcie 0000:00:14.4: bpcie_msi_write_msg(fee04000, 00000020) mask=0x0 irq=12 hwirq=0x2 (____ptrval____)?
[    2.969710] baikal_pcie 0000:00:14.4: bpcie_config_msi: func=4 subfunc=2 addr=fee04000 data=00000020?
[    2.969710] baikal_pcie 0000:00:14.4: bpcie_msi_write_msg(fee04000, 00000020) mask=0x0 irq=12 hwirq=0x2 (____ptrval____)?
[    2.969710] baikal_pcie 0000:00:14.4: bpcie_config_msi: func=4 subfunc=2 addr=fee04000 data=00000020?
[    3.009516] baikal_pcie 0000:00:14.4: bpcie_msi_write_msg(fee05000, 00000020) mask=0x0 irq=14 hwirq=0x4 (____ptrval____)?
[    3.010497] baikal_pcie 0000:00:14.4: bpcie_config_msi: func=4 subfunc=4 addr=fee05000 data=00000020?
[    3.010497] baikal_pcie 0000:00:14.4: bpcie_msi_write_msg(fee05000, 00000020) mask=0x0 irq=14 hwirq=0x4 (____ptrval____)?
[    3.010497] baikal_pcie 0000:00:14.4: bpcie_config_msi: func=4 subfunc=4 addr=fee05000 data=00000020?
[    3.050304] baikal_pcie 0000:00:14.4: bpcie_msi_write_msg(fee06000, 00000020) mask=0x0 irq=15 hwirq=0x5 (____ptrval____)?
[    3.051288] baikal_pcie 0000:00:14.4: bpcie_config_msi: func=4 subfunc=5 addr=fee06000 data=00000020?
[    3.051288] baikal_pcie 0000:00:14.4: bpcie_msi_write_msg(fee06000, 00000020) mask=0x0 irq=15 hwirq=0x5 (____ptrval____)?
[    3.051288] baikal_pcie 0000:00:14.4: bpcie_config_msi: func=4 subfunc=5 addr=fee06000 data=00000020?
[    3.091097] baikal_pcie 0000:00:14.4: bpcie_msi_write_msg(fee07000, 00000020) mask=0x0 irq=16 hwirq=0x6 (____ptrval____)?
[    3.092079] baikal_pcie 0000:00:14.4: bpcie_config_msi: func=4 subfunc=6 addr=fee07000 data=00000020?
[    3.092079] baikal_pcie 0000:00:14.4: bpcie_msi_write_msg(fee07000, 00000020) mask=0x0 irq=16 hwirq=0x6 (____ptrval____)?
[    3.092079] baikal_pcie 0000:00:14.4: bpcie_config_msi: func=4 subfunc=6 addr=fee07000 data=00000020?
[    3.131886] baikal_pcie 0000:00:14.4: bpcie_msi_write_msg(fee00000, 00000021) mask=0x0 irq=17 hwirq=0x7 (____ptrval____)?
[    3.132870] baikal_pcie 0000:00:14.4: bpcie_config_msi: func=4 subfunc=7 addr=fee00000 data=00000021?
[    3.132870] baikal_pcie 0000:00:14.4: bpcie_msi_write_msg(fee00000, 00000021) mask=0x0 irq=17 hwirq=0x7 (____ptrval____)?
[    3.132870] baikal_pcie 0000:00:14.4: bpcie_config_msi: func=4 subfunc=7 addr=fee00000 data=00000021?
[    3.172686] baikal_pcie 0000:00:14.4: bpcie_msi_write_msg(fee01000, 00000021) mask=0x0 irq=18 hwirq=0x8 (____ptrval____)?
[    3.173660] baikal_pcie 0000:00:14.4: bpcie_config_msi: func=4 subfunc=8 addr=fee01000 data=00000021?
[    3.173660] baikal_pcie 0000:00:14.4: bpcie_msi_write_msg(fee01000, 00000021) mask=0x0 irq=18 hwirq=0x8 (____ptrval____)?
[    3.173660] baikal_pcie 0000:00:14.4: bpcie_config_msi: func=4 subfunc=8 addr=fee01000 data=00000021?
[    3.213475] baikal_pcie 0000:00:14.4: bpcie_msi_write_msg(fee02000, 00000021) mask=0x0 irq=19 hwirq=0x9 (____ptrval____)?
[    3.214459] baikal_pcie 0000:00:14.4: bpcie_config_msi: func=4 subfunc=9 addr=fee02000 data=00000021?
[    3.214459] baikal_pcie 0000:00:14.4: bpcie_msi_write_msg(fee02000, 00000021) mask=0x0 irq=19 hwirq=0x9 (____ptrval____)?
[    3.214459] baikal_pcie 0000:00:14.4: bpcie_config_msi: func=4 subfunc=9 addr=fee02000 data=00000021?
[    3.254260] baikal_pcie 0000:00:14.4: bpcie_msi_write_msg(fee03000, 00000021) mask=0x0 irq=20 hwirq=0xa (____ptrval____)?
[    3.255246] baikal_pcie 0000:00:14.4: bpcie_config_msi: func=4 subfunc=10 addr=fee03000 data=00000021?
[    3.255246] baikal_pcie 0000:00:14.4: bpcie_msi_write_msg(fee03000, 00000021) mask=0x0 irq=20 hwirq=0xa (____ptrval____)?
[    3.255246] baikal_pcie 0000:00:14.4: bpcie_config_msi: func=4 subfunc=10 addr=fee03000 data=00000021?
[    3.295230] baikal_pcie 0000:00:14.4: bpcie_msi_write_msg(fee04000, 00000021) mask=0x0 irq=21 hwirq=0xb (____ptrval____)?
[    3.296211] baikal_pcie 0000:00:14.4: bpcie_config_msi: func=4 subfunc=11 addr=fee04000 data=00000021?
[    3.296211] baikal_pcie 0000:00:14.4: bpcie_msi_write_msg(fee04000, 00000021) mask=0x0 irq=21 hwirq=0xb (____ptrval____)?
[    3.296211] baikal_pcie 0000:00:14.4: bpcie_config_msi: func=4 subfunc=11 addr=fee04000 data=00000021?
[    3.336195] baikal_pcie 0000:00:14.4: bpcie_msi_write_msg(fee05000, 00000021) mask=0x0 irq=22 hwirq=0xc (____ptrval____)?
[    3.337180] baikal_pcie 0000:00:14.4: bpcie_config_msi: func=4 subfunc=12 addr=fee05000 data=00000021?
[    3.337180] baikal_pcie 0000:00:14.4: bpcie_msi_write_msg(fee05000, 00000021) mask=0x0 irq=22 hwirq=0xc (____ptrval____)?
[    3.337180] baikal_pcie 0000:00:14.4: bpcie_config_msi: func=4 subfunc=12 addr=fee05000 data=00000021?
[    3.377168] baikal_pcie 0000:00:14.4: bpcie_msi_write_msg(fee06000, 00000021) mask=0x0 irq=23 hwirq=0xd (____ptrval____)?
[    3.378147] baikal_pcie 0000:00:14.4: bpcie_config_msi: func=4 subfunc=13 addr=fee06000 data=00000021?
[    3.378147] baikal_pcie 0000:00:14.4: bpcie_msi_write_msg(fee06000, 00000021) mask=0x0 irq=23 hwirq=0xd (____ptrval____)?
[    3.378147] baikal_pcie 0000:00:14.4: bpcie_config_msi: func=4 subfunc=13 addr=fee06000 data=00000021?
[    3.418134] baikal_pcie 0000:00:14.4: bpcie_msi_write_msg(fee07000, 00000021) mask=0x0 irq=24 hwirq=0xe (____ptrval____)?
[    3.419119] baikal_pcie 0000:00:14.4: bpcie_config_msi: func=4 subfunc=14 addr=fee07000 data=00000021?
[    3.419119] baikal_pcie 0000:00:14.4: bpcie_msi_write_msg(fee07000, 00000021) mask=0x0 irq=24 hwirq=0xe (____ptrval____)?
[    3.419119] baikal_pcie 0000:00:14.4: bpcie_config_msi: func=4 subfunc=14 addr=fee07000 data=00000021?
[    3.459101] baikal_pcie 0000:00:14.4: bpcie_msi_write_msg(fee00000, 00000022) mask=0x0 irq=25 hwirq=0xf (____ptrval____)?
[    3.460082] baikal_pcie 0000:00:14.4: bpcie_config_msi: func=4 subfunc=15 addr=fee00000 data=00000022?
[    3.460082] baikal_pcie 0000:00:14.4: bpcie_msi_write_msg(fee00000, 00000022) mask=0x0 irq=25 hwirq=0xf (____ptrval____)?
[    3.460082] baikal_pcie 0000:00:14.4: bpcie_config_msi: func=4 subfunc=15 addr=fee00000 data=00000022?
[    3.500066] baikal_pcie 0000:00:14.4: bpcie_msi_write_msg(fee01000, 00000022) mask=0x0 irq=26 hwirq=0x10 (____ptrval____)?
[    3.501051] baikal_pcie 0000:00:14.4: bpcie_config_msi: func=4 subfunc=16 addr=fee01000 data=00000022?
[    3.501051] baikal_pcie 0000:00:14.4: bpcie_msi_write_msg(fee01000, 00000022) mask=0x0 irq=26 hwirq=0x10 (____ptrval____)?
[    3.501051] baikal_pcie 0000:00:14.4: bpcie_config_msi: func=4 subfunc=16 addr=fee01000 data=00000022?
[    3.541211] baikal_pcie 0000:00:14.4: bpcie_msi_write_msg(fee02000, 00000022) mask=0x0 irq=27 hwirq=0x11 (____ptrval____)?
[    3.542195] baikal_pcie 0000:00:14.4: bpcie_config_msi: func=4 subfunc=17 addr=fee02000 data=00000022?
[    3.542195] baikal_pcie 0000:00:14.4: bpcie_msi_write_msg(fee02000, 00000022) mask=0x0 irq=27 hwirq=0x11 (____ptrval____)?
[    3.542195] baikal_pcie 0000:00:14.4: bpcie_config_msi: func=4 subfunc=17 addr=fee02000 data=00000022?
[    3.582356] baikal_pcie 0000:00:14.4: bpcie_msi_write_msg(fee03000, 00000022) mask=0x0 irq=28 hwirq=0x12 (____ptrval____)?
[    3.583339] baikal_pcie 0000:00:14.4: bpcie_config_msi: func=4 subfunc=18 addr=fee03000 data=00000022?
[    3.583339] baikal_pcie 0000:00:14.4: bpcie_msi_write_msg(fee03000, 00000022) mask=0x0 irq=28 hwirq=0x12 (____ptrval____)?
[    3.583339] baikal_pcie 0000:00:14.4: bpcie_config_msi: func=4 subfunc=18 addr=fee03000 data=00000022?
[    3.623502] baikal_pcie 0000:00:14.4: bpcie_msi_write_msg(fee04000, 00000022) mask=0x0 irq=29 hwirq=0x13 (____ptrval____)?
[    3.624486] baikal_pcie 0000:00:14.4: bpcie_config_msi: func=4 subfunc=19 addr=fee04000 data=00000022?
[    3.624486] baikal_pcie 0000:00:14.4: bpcie_msi_write_msg(fee04000, 00000022) mask=0x0 irq=29 hwirq=0x13 (____ptrval____)?
[    3.624486] baikal_pcie 0000:00:14.4: bpcie_config_msi: func=4 subfunc=19 addr=fee04000 data=00000022?
[    3.664646] baikal_pcie 0000:00:14.4: bpcie_msi_write_msg(fee05000, 00000022) mask=0x0 irq=30 hwirq=0x14 (____ptrval____)?
[    3.665629] baikal_pcie 0000:00:14.4: bpcie_config_msi: func=4 subfunc=20 addr=fee05000 data=00000022?
[    3.665629] baikal_pcie 0000:00:14.4: bpcie_msi_write_msg(fee05000, 00000022) mask=0x0 irq=30 hwirq=0x14 (____ptrval____)?
[    3.665629] baikal_pcie 0000:00:14.4: bpcie_config_msi: func=4 subfunc=20 addr=fee05000 data=00000022?
[    3.705795] baikal_pcie 0000:00:14.4: bpcie_msi_write_msg(fee06000, 00000022) mask=0x0 irq=31 hwirq=0x15 (____ptrval____)?
[    3.706776] baikal_pcie 0000:00:14.4: bpcie_config_msi: func=4 subfunc=21 addr=fee06000 data=00000022?
[    3.706776] baikal_pcie 0000:00:14.4: bpcie_msi_write_msg(fee06000, 00000022) mask=0x0 irq=31 hwirq=0x15 (____ptrval____)?
[    3.706776] baikal_pcie 0000:00:14.4: bpcie_config_msi: func=4 subfunc=21 addr=fee06000 data=00000022?
[    3.746943] baikal_pcie 0000:00:14.4: bpcie_msi_write_msg(fee07000, 00000022) mask=0x0 irq=32 hwirq=0x16 (____ptrval____)?
[    3.747926] baikal_pcie 0000:00:14.4: bpcie_config_msi: func=4 subfunc=22 addr=fee07000 data=00000022?
[    3.747926] baikal_pcie 0000:00:14.4: bpcie_msi_write_msg(fee07000, 00000022) mask=0x0 irq=32 hwirq=0x16 (____ptrval____)?
[    3.747926] baikal_pcie 0000:00:14.4: bpcie_config_msi: func=4 subfunc=22 addr=fee07000 data=00000022?
[    3.788084] baikal_pcie 0000:00:14.4: bpcie_msi_write_msg(fee00000, 00000023) mask=0x0 irq=33 hwirq=0x17 (____ptrval____)?
[    3.789068] baikal_pcie 0000:00:14.4: bpcie_config_msi: func=4 subfunc=23 addr=fee00000 data=00000023?
[    3.789068] baikal_pcie 0000:00:14.4: bpcie_msi_write_msg(fee00000, 00000023) mask=0x0 irq=33 hwirq=0x17 (____ptrval____)?
[    3.789068] baikal_pcie 0000:00:14.4: bpcie_config_msi: func=4 subfunc=23 addr=fee00000 data=00000023?
[    3.829224] baikal_pcie 0000:00:14.4: bpcie_msi_write_msg(fee01000, 00000023) mask=0x0 irq=34 hwirq=0x18 (____ptrval____)?
[    3.830209] baikal_pcie 0000:00:14.4: bpcie_config_msi: func=4 subfunc=24 addr=fee01000 data=00000023?
[    3.830209] baikal_pcie 0000:00:14.4: bpcie_msi_write_msg(fee01000, 00000023) mask=0x0 irq=34 hwirq=0x18 (____ptrval____)?
[    3.830209] baikal_pcie 0000:00:14.4: bpcie_config_msi: func=4 subfunc=24 addr=fee01000 data=00000023?
[    3.870369] baikal_pcie 0000:00:14.4: bpcie_msi_write_msg(fee02000, 00000023) mask=0x0 irq=35 hwirq=0x19 (____ptrval____)?
[    3.871351] baikal_pcie 0000:00:14.4: bpcie_config_msi: func=4 subfunc=25 addr=fee02000 data=00000023?
[    3.871351] baikal_pcie 0000:00:14.4: bpcie_msi_write_msg(fee02000, 00000023) mask=0x0 irq=35 hwirq=0x19 (____ptrval____)?
[    3.871351] baikal_pcie 0000:00:14.4: bpcie_config_msi: func=4 subfunc=25 addr=fee02000 data=00000023?
[    3.911513] baikal_pcie 0000:00:14.4: bpcie_msi_write_msg(fee03000, 00000023) mask=0x0 irq=36 hwirq=0x1a (____ptrval____)?
[    3.912498] baikal_pcie 0000:00:14.4: bpcie_config_msi: func=4 subfunc=26 addr=fee03000 data=00000023?
[    3.912498] baikal_pcie 0000:00:14.4: bpcie_msi_write_msg(fee03000, 00000023) mask=0x0 irq=36 hwirq=0x1a (____ptrval____)?
[    3.912498] baikal_pcie 0000:00:14.4: bpcie_config_msi: func=4 subfunc=26 addr=fee03000 data=00000023?
[    3.952658] baikal_pcie 0000:00:14.4: bpcie_msi_write_msg(fee04000, 00000023) mask=0x0 irq=37 hwirq=0x1b (____ptrval____)?
[    3.953640] baikal_pcie 0000:00:14.4: bpcie_config_msi: func=4 subfunc=27 addr=fee04000 data=00000023?
[    3.953640] baikal_pcie 0000:00:14.4: bpcie_msi_write_msg(fee04000, 00000023) mask=0x0 irq=37 hwirq=0x1b (____ptrval____)?
[    3.953640] baikal_pcie 0000:00:14.4: bpcie_config_msi: func=4 subfunc=27 addr=fee04000 data=00000023?
[    3.993800] baikal_pcie 0000:00:14.4: bpcie_msi_write_msg(fee05000, 00000023) mask=0x0 irq=38 hwirq=0x1c (____ptrval____)?
[    3.994785] baikal_pcie 0000:00:14.4: bpcie_config_msi: func=4 subfunc=28 addr=fee05000 data=00000023?
[    3.994785] baikal_pcie 0000:00:14.4: bpcie_msi_write_msg(fee05000, 00000023) mask=0x0 irq=38 hwirq=0x1c (____ptrval____)?
[    3.994785] baikal_pcie 0000:00:14.4: bpcie_config_msi: func=4 subfunc=28 addr=fee05000 data=00000023?
[    4.034946] baikal_pcie 0000:00:14.4: bpcie_msi_write_msg(fee06000, 00000023) mask=0x0 irq=39 hwirq=0x1d (____ptrval____)?
[    4.035927] baikal_pcie 0000:00:14.4: bpcie_config_msi: func=4 subfunc=29 addr=fee06000 data=00000023?
[    4.035927] baikal_pcie 0000:00:14.4: bpcie_msi_write_msg(fee06000, 00000023) mask=0x0 irq=39 hwirq=0x1d (____ptrval____)?
[    4.035927] baikal_pcie 0000:00:14.4: bpcie_config_msi: func=4 subfunc=29 addr=fee06000 data=00000023?
[    4.076089] baikal_pcie 0000:00:14.4: bpcie_msi_write_msg(fee07000, 00000023) mask=0x0 irq=40 hwirq=0x1e (____ptrval____)?
[    4.077074] baikal_pcie 0000:00:14.4: bpcie_config_msi: func=4 subfunc=30 addr=fee07000 data=00000023?
[    4.077074] baikal_pcie 0000:00:14.4: bpcie_msi_write_msg(fee07000, 00000023) mask=0x0 irq=40 hwirq=0x1e (____ptrval____)?
[    4.077074] baikal_pcie 0000:00:14.4: bpcie_config_msi: func=4 subfunc=30 addr=fee07000 data=00000023?
[    4.117233] baikal_pcie 0000:00:14.4: bpcie_msi_write_msg(fee00000, 00000024) mask=0x0 irq=41 hwirq=0x1f (____ptrval____)?
[    4.118217] baikal_pcie 0000:00:14.4: bpcie_config_msi: func=4 subfunc=31 addr=fee00000 data=00000024?
[    4.118217] baikal_pcie 0000:00:14.4: bpcie_msi_write_msg(fee00000, 00000024) mask=0x0 irq=41 hwirq=0x1f (____ptrval____)?
[    4.118217] baikal_pcie 0000:00:14.4: bpcie_config_msi: func=4 subfunc=31 addr=fee00000 data=00000024?
[    4.158380] bpcie_icc_init: shotgun-registered ICC at 32 additional virqs (0..63)?
[    4.166013] baikal_pcie 0000:00:14.4: icc init-diag: ICC virq=13 STATUS=0x0 IRQ_MASK=0x3 DOORBELL_off=0x108004 STATUS_off=0x108014?
[    4.178009] i2c i2c-0: adapter [icc] registered?
[    4.182760] icc_interrupt: irq=35 entry status=0x2?
[    4.183892] icc_interrupt: irq=0 entry status=0x2?
[    4.205767] icc_interrupt: irq=35 entry status=0x1?
[    4.205883] icc_interrupt: irq=0 entry status=0x1?
[    4.215446] Turn ON BT/WLAN: ret=20, reply 00 00 00 00?
[    4.215586] icc_interrupt: irq=35 entry status=0x2?
[    4.216878] icc_interrupt: irq=0 entry status=0x2?
[    4.230499] usb0 status: ret=20, reply 00 00 01 00?
[    4.230504] USB is already turned ON!?
[    4.235453] input: Power Button as /devices/pci0000:00/0000:00:14.4/input/input0?
[    4.246843] icc_interrupt: irq=35 entry status=0x2?
[    4.247868] icc_interrupt: irq=0 entry status=0x2?
[    4.260746] icc_interrupt: irq=35 entry status=0x1?
[    4.260887] icc_interrupt: irq=0 entry status=0x1?
[    4.270426] icc: not ready?
[    4.273184] baikal_pcie 0000:00:14.4: icc_pwrbutton_init: Failed to enable reset notifications (-11)?
[    4.300850] ret=46, reply 00 00 03 00 00 00 15 00?
[    4.310845] ret=20, reply 00 00 01 02 10 00 00 00?
[    4.320842] ret=20, reply 00 00 00 00 00 00 00 00?
[    4.325744] wireguard: WireGuard 1.0.0 loaded. See www.wireguard.com for information.?
[    4.333728] wireguard: Copyright (C) 2015-2019 Jason A. Donenfeld <Jason@zx2c4.com>. All Rights Reserved.?
[    4.343959] sky2: driver version 1.30?
[    4.347731] resource: resource sanity check: requesting [mem 0x00000000c2000000-0x00000000c2003fff], which spans more than 0000:00:14.1 [mem 0xc2000000-0xc2000fff 64bit]?
[    4.363157] caller sky2_probe+0x153/0x330 mapping multiple BARs?
[    4.369202] sky2 0000:00:14.1: PS4 Baikal: B2_CHIP_ID=0x0, forcing YUKON_PRM?
[    4.376387] sky2 0000:00:14.1: chip type 0xbd?
[    4.380841] sky2 0000:00:14.1: Yukon-2 OptimaEEE chip revision 0?
[    4.387021] sky2 0000:00:14.1: bpcie_assign_irqs(1)?
[    4.392005] bpcie_init_dev_msi_info: dev=0000:00:14.1 installed bpcie demuxer (sc=(____ptrval____))?
[    4.401259] bpcie_msi_init: virq=1 hwirq=0x0 domain=(____ptrval____) info=(____ptrval____) sc=(____ptrval____)?
[    4.411460] bpcie_msi_init: registered virq=1 irq_map[32]?
[    4.416968] sky2 0000:00:14.1: bpcie_msi_write_msg(fee00000, 000000ef) mask=0x0 irq=1 hwirq=0x0 (____ptrval____)?
[    4.427350] baikal_pcie 0000:00:14.4: bpcie_config_msi: func=1 subfunc=0 addr=fee00000 data=000000ef?
[    4.436684] sky2 0000:00:14.1: bpcie_assign_irqs returning 1?
[    4.442454] sky2 0000:00:14.1: PS4 Baikal: skipping MSI self-test in APCIE branch?
[    4.450353] sky2 0000:00:14.1 eth0: addr 2c:cc:44:57:0b:3a?
[    4.456377] xhci_aeolia 0000:00:14.7: bpcie_assign_irqs(3)?
[    4.461983] bpcie_init_dev_msi_info: dev=0000:00:14.7 installed bpcie demuxer (sc=(____ptrval____))?
[    4.471246] bpcie_msi_init: virq=2 hwirq=0x0 domain=(____ptrval____) info=(____ptrval____) sc=(____ptrval____)?
[    4.481448] bpcie_msi_init: registered virq=2 irq_map[33]?
[    4.486954] xhci_aeolia 0000:00:14.7: bpcie_msi_write_msg(fee00000, 000000ef) mask=0x0 irq=2 hwirq=0x0 (____ptrval____)?
[    4.497956] baikal_pcie 0000:00:14.4: bpcie_config_msi: func=7 subfunc=0 addr=fee00000 data=000000ef?
[    4.507290] xhci_aeolia 0000:00:14.7: bpcie_assign_irqs returning 1?
[    4.513680] xhci_aeolia 0000:00:14.7: version 3.0?
[    4.518486] xhci_aeolia 0000:00:14.7: Belize SATA PHY init?
[    5.524110] xhci_aeolia 0000:00:14.7: PHY SET GEN3?
[    5.528995] xhci_aeolia 0000:00:14.7: Belize SATA PHY Trace length : 6?
[    6.535732] xhci_aeolia 0000:00:14.7: Align 90=0x00?
[    6.540738] clocksource: tsc: mask: 0xffffffffffffffff max_cycles: 0x16fa58cfda5, max_idle_ns: 440795266567 ns?
[    6.540781] xhci_aeolia 0000:00:14.7: AHCI vers 0001.0300, 32 command slots, 6 Gbps, ATA mode?
[    6.559624] xhci_aeolia 0000:00:14.7: 1/1 ports implemented (port mask 0x1)?
[    6.566719] xhci_aeolia 0000:00:14.7: flags: ncq sntf pm clo only pmp pio slum part ccc apst ?
[    6.575428] clocksource: Switched to clocksource tsc?
[    6.575481] xhci_aeolia 0000:00:14.7: bpcie_msi_write_msg(fee01000, 00000024) mask=0x0 irq=2 hwirq=0x0 (____ptrval____)?
[    6.588768] baikal_pcie 0000:00:14.4: bpcie_config_msi: func=7 subfunc=0 addr=fee01000 data=00000024?
[    6.596786] xhci_aeolia 0000:00:14.7: bpcie_msi_write_msg(fee01000, 00000024) mask=0x0 irq=2 hwirq=0x0 (____ptrval____)?
[    6.604789] baikal_pcie 0000:00:14.4: bpcie_config_msi: func=7 subfunc=0 addr=fee01000 data=00000024?
[    6.621500] scsi host0: ahci?
[    6.624555] ata1: SATA max UDMA/133 abar m65536@0xce800000 port 0xce800100 irq 2 lpm-pol 0?
[    6.683941] xhci_aeolia_probe_one 0, controller is 90de?
[    6.689356] xhci_aeolia 0000:00:14.7: xHCI Host Controller?
[    6.694968] xhci_aeolia 0000:00:14.7: new USB bus registered, assigned bus number 1?
[    6.702905] xhci_aeolia 0000:00:14.7: hcc params 0x0228f66c hci version 0x100 quirks 0x0004000000010010?
[    6.712496] xhci_aeolia 0000:00:14.7: irq 2, io mem 0xce000000?
[    6.718478] xhci_aeolia 0000:00:14.7: xHCI Host Controller?
[    6.724074] xhci_aeolia 0000:00:14.7: new USB bus registered, assigned bus number 2?
[    6.752888] xhci_aeolia 0000:00:14.7: Host supports USB 3.0 SuperSpeed?
[    6.759741] usb usb1: New USB device found, idVendor=1d6b, idProduct=0002, bcdDevice= 6.15?
[    6.768190] usb usb1: New USB device strings: Mfr=3, Product=2, SerialNumber=1?
[    6.775553] usb usb1: Product: xHCI Host Controller?
[    6.780525] usb usb1: Manufacturer: Linux 6.15.4-Baikal_TESTING_crashniels-dirty xhci-hcd?
[    6.788861] usb usb1: SerialNumber: 0000:00:14.7?
[    6.793934] hub 1-0:1.0: USB hub found?
[    6.797786] hub 1-0:1.0: 2 ports detected?
[    6.802093] usb usb2: We don't know the algorithms for LPM for this host, disabling LPM.?
[    6.810425] usb usb2: New USB device found, idVendor=1d6b, idProduct=0003, bcdDevice= 6.15?
[    6.818855] usb usb2: New USB device strings: Mfr=3, Product=2, SerialNumber=1?
[    6.826224] usb usb2: Product: xHCI Host Controller?
[    6.831197] usb usb2: Manufacturer: Linux 6.15.4-Baikal_TESTING_crashniels-dirty xhci-hcd?
[    6.839534] usb usb2: SerialNumber: 0000:00:14.7?
[    6.844535] hub 2-0:1.0: USB hub found?
[    6.848381] hub 2-0:1.0: 2 ports detected?
[    6.872904] xhci_aeolia_probe_one 2, controller is 90de?
[    6.878306] xhci_aeolia 0000:00:14.7: xHCI Host Controller?
[    6.883911] xhci_aeolia 0000:00:14.7: new USB bus registered, assigned bus number 3?
[    6.891856] xhci_aeolia 0000:00:14.7: hcc params 0x0220f06c hci version 0x100 quirks 0x0004000000010010?
[    6.901452] xhci_aeolia 0000:00:14.7: irq 2, io mem 0xcf000000?
[    6.907437] xhci_aeolia 0000:00:14.7: xHCI Host Controller?
[    6.913048] xhci_aeolia 0000:00:14.7: new USB bus registered, assigned bus number 4?
[    6.941901] xhci_aeolia 0000:00:14.7: Host supports USB 3.0 SuperSpeed?
[    6.948880] usb usb3: New USB device found, idVendor=1d6b, idProduct=0002, bcdDevice= 6.15?
[    6.957316] usb usb3: New USB device strings: Mfr=3, Product=2, SerialNumber=1?
[    6.964681] usb usb3: Product: xHCI Host Controller?
[    6.969655] usb usb3: Manufacturer: Linux 6.15.4-Baikal_TESTING_crashniels-dirty xhci-hcd?
[    6.977992] usb usb3: SerialNumber: 0000:00:14.7?
[    6.983062] hub 3-0:1.0: USB hub found?
[    6.986914] hub 3-0:1.0: 1 port detected?
[    6.991097] usb usb4: We don't know the algorithms for LPM for this host, disabling LPM.?
[    6.999425] usb usb4: New USB device found, idVendor=1d6b, idProduct=0003, bcdDevice= 6.15?
[    7.007853] usb usb4: New USB device strings: Mfr=3, Product=2, SerialNumber=1?
[    7.015226] usb usb4: Product: xHCI Host Controller?
[    7.020199] usb usb4: Manufacturer: Linux 6.15.4-Baikal_TESTING_crashniels-dirty xhci-hcd?
[    7.028535] usb usb4: SerialNumber: 0000:00:14.7?
[    7.033651] hub 4-0:1.0: USB hub found?
[    7.037542] hub 4-0:1.0: 1 port detected?
[    7.062219] usbcore: registered new interface driver uas?
[    7.067712] usbcore: registered new interface driver usb-storage?
[    7.067788] usb 1-1: new high-speed USB device number 2 using xhci_aeolia?
[    7.073894] i8042: PNP: No PS/2 controller found.?
[    7.085936] mousedev: PS/2 mouse device common for all mice?
[    7.091852] usbcore: registered new interface driver xpad?
[    7.097415] ata1: SATA link up 3.0 Gbps (SStatus 123 SControl 300)?
[    7.097450] i2c_dev: i2c /dev entries driver?
[    7.108167] i2c_dev: adapter [icc] registered as minor 0?
[    7.113609] i2c-core: driver [i2c-slave-eeprom] registered?
[    7.119663] device-mapper: ioctl: 4.49.0-ioctl (2025-01-17) initialised: dm-devel@lists.linux.dev?
[    7.128934] amd_pstate: the _CPC object is not present in SBIOS or ACPI disabled?
[    7.131250] ata1.00: FORCE: modified (disable)?
[    7.136486] sdhci: Secure Digital Host Controller Interface driver?
[    7.136488] sdhci: Copyright(c) Pierre Ossman?
[    7.141011] ata1.00: unsupported device, disabling?
[    7.141015] ata1.00: disable device?
[    7.141154] hid: raw HID events driver (C) Jiri Kosina?
[    7.141303] sdhci-pci 0000:00:14.3: SDHCI controller found [104d:90da] (rev 0)?
[    7.141383] bpcie_init_dev_msi_info: dev=0000:00:14.3 installed bpcie demuxer (sc=(____ptrval____))?
[    7.141454] bpcie_msi_init: virq=3 hwirq=0x0 domain=(____ptrval____) info=(____ptrval____) sc=(____ptrval____)?
[    7.141462] bpcie_msi_init: registered virq=3 irq_map[34]?
[    7.141472] sdhci-pci 0000:00:14.3: bpcie_msi_write_msg(fee00000, 000000ef) mask=0x0 irq=3 hwirq=0x0 (____ptrval____)?
[    7.141492] baikal_pcie 0000:00:14.4: bpcie_config_msi: func=3 subfunc=0 addr=fee00000 data=000000ef?
[    7.141912] sdhci-pci 0000:00:14.3: bpcie_msi_write_msg(fee02000, 00000024) mask=0x0 irq=3 hwirq=0x0 (____ptrval____)?
[    7.141931] baikal_pcie 0000:00:14.4: bpcie_config_msi: func=3 subfunc=0 addr=fee02000 data=00000024?
[    7.141957] sdhci-pci 0000:00:14.3: bpcie_msi_write_msg(fee02000, 00000024) mask=0x0 irq=3 hwirq=0x0 (____ptrval____)?
[    7.141975] baikal_pcie 0000:00:14.4: bpcie_config_msi: func=3 subfunc=0 addr=fee02000 data=00000024?
[    7.165543] usb usb3-port1: over-current condition?
[    7.172943] mmc0: SDHCI controller on PCI [0000:00:14.3] using ADMA?
[    7.173203] usbcore: registered new interface driver usbhid?
[    7.173207] usbhid: USB HID core driver?
[    7.173686] snd_hda_intel 0000:00:01.1: can't derive routing for PCI INT B?
[    7.173691] snd_hda_intel 0000:00:01.1: PCI INT B: not connected?
[    7.173946] NET: Registered PF_INET6 protocol family?
[    7.174730] Segment Routing with IPv6?
[    7.174769] In-situ OAM (IOAM) with IPv6?
[    7.174820] NET: Registered PF_PACKET protocol family?
[    7.174905] Bluetooth: RFCOMM TTY layer initialized?
[    7.174912] Bluetooth: RFCOMM socket layer initialized?
[    7.174914] Bluetooth: RFCOMM ver 1.11?
[    7.174917] Bluetooth: BNEP (Ethernet Emulation) ver 1.3?
[    7.174919] Bluetooth: BNEP filters: protocol multicast?
[    7.174925] Bluetooth: BNEP socket layer initialized?
[    7.174928] Bluetooth: HIDP (Human Interface Emulation) ver 1.2?
[    7.174932] Bluetooth: HIDP socket layer initialized?
[    7.179397] input: HD-Audio Generic HDMI/DP,pcm=3 as /devices/pci0000:00/0000:00:01.1/sound/card0/input1?
[    7.179531] input: HD-Audio Generic HDMI/DP,pcm=7 as /devices/pci0000:00/0000:00:01.1/sound/card0/input2?
[    7.263208] usb 1-1: New USB device found, idVendor=1a40, idProduct=0101, bcdDevice= 1.00?
[    7.270360] microcode: Current revision: 0x0701a001?
[    7.275263] usb 1-1: New USB device strings: Mfr=0, Product=1, SerialNumber=0?
[    7.275269] usb 1-1: Product: USB2.0 HUB?
[    7.376559] mmc0: new UHS-I speed SDR104 SDIO card at address 0001?
[    7.392909] usb usb4-port1: over-current condition?
[    7.397491] [wlan][80]halPollDbgCr:(INIT WARN) SWPCDBGR 0x00010000?
[    7.401792] IPI shorthand broadcast: enabled?
[    7.431613] usb 2-2: new SuperSpeed USB device number 2 using xhci_aeolia?
[    7.432902] sched_clock: Marking stable (6727003485, 705751684)->(9803648591, -2370893422)?
[    7.438639] hub 1-1:1.0: USB hub found?
[    7.450949] hub 1-1:1.0: 4 ports detected?
[    7.451066] registered taskstats version 1?
[    7.457546] usb 2-2: New USB device found, idVendor=0951, idProduct=1666, bcdDevice= 1.10?
[    7.459274] Loading compiled-in X.509 certificates?
[    7.459283] usb 2-2: New USB device strings: Mfr=2, Product=3, SerialNumber=4?
[    7.479795] usb 2-2: Product: DataTraveler 3.0?
[    7.484331] usb 2-2: Manufacturer: Kingston?
[    7.488597] usb 2-2: SerialNumber: E0D55EA573F0194049CD0236?
[    7.494405] Demotion targets for Node 0: null?
[    7.494849] usb-storage 2-2:1.0: USB Mass Storage device detected?
[    7.499929] Btrfs loaded, zoned=no, fsverity=no?
[    7.505524] scsi host1: usb-storage 2-2:1.0?
[    7.510242] amdgpu 0000:00:01.0: can't derive routing for PCI INT A?
[    7.520500] amdgpu 0000:00:01.0: PCI INT A: not connected?
[    7.526100] [drm] initializing kernel modesetting (LIVERPOOL 0x1002:0x9923 0x1002:0x9923 0x00).?
[    7.535096] [drm] register mmio base: 0xE4800000?
[    7.539803] [drm] register mmio size: 262144?
[    7.544389] amdgpu 0000:00:01.0: amdgpu: detected ip block number 0 <cik_common>?
[    7.551948] amdgpu 0000:00:01.0: amdgpu: detected ip block number 1 <gmc_v7_0>?
[    7.559322] amdgpu 0000:00:01.0: amdgpu: detected ip block number 2 <cik_ih>?
[    7.566516] amdgpu 0000:00:01.0: amdgpu: detected ip block number 3 <dce_v8_0>?
[    7.573884] amdgpu 0000:00:01.0: amdgpu: detected ip block number 4 <gfx_v7_0>?
[    7.581253] amdgpu 0000:00:01.0: amdgpu: detected ip block number 5 <cik_sdma>?
[    7.625000] amdgpu 0000:00:01.0: amdgpu: Fetched VBIOS from ROM BAR?
[    7.631402] amdgpu: ATOM BIOS: 113-Starsha2-018?
[    7.636384] amdgpu 0000:00:01.0: vgaarb: deactivate vga console?
[    7.642447] amdgpu 0000:00:01.0: amdgpu: Trusted Memory Zone (TMZ) feature not supported?
[    7.650713] amdgpu: ps4_atom: VBIOS dp_extclk=10000 (PS4 forces 0 on Liverpool/Gladius)?
[    7.659074] i2c_dev: adapter [AMDGPU i2c bit bus 0x90] registered as minor 1?
[    7.666296] i2c i2c-1: adapter [AMDGPU i2c bit bus 0x90] registered?
[    7.672816] i2c_dev: adapter [AMDGPU i2c bit bus 0x91] registered as minor 2?
[    7.680025] i2c i2c-2: adapter [AMDGPU i2c bit bus 0x91] registered?
[    7.686426] stackdepot: allocating hash table of 524288 entries via kvcalloc?
[    7.697708] [drm] vm size is 64 GB, 2 levels, block size is 10-bit, fragment size is 9-bit?
[    7.706170] amdgpu 0000:00:01.0: amdgpu: VRAM: 1024M 0x0000000F00000000 - 0x0000000F3FFFFFFF (1024M used)?
[    7.715932] amdgpu 0000:00:01.0: amdgpu: GART: 512M 0x0000000000000000 - 0x000000001FFFFFFF?
[    7.724468] [drm] Detected VRAM RAM=1024M, BAR=1024M?
[    7.729534] [drm] RAM width 64bits UNKNOWN?
[    7.734053] [drm] amdgpu: 1024M of VRAM memory ready?
[    7.739121] [drm] amdgpu: 3459M of GTT memory ready.?
[    7.744226] [drm] GART: num cpu pages 131072, num gpu pages 131072?
[    7.750538] amdgpu 0000:00:01.0: amdgpu: Done gart?
[    7.755440] amdgpu 0000:00:01.0: amdgpu: Done init?
[    7.760355] [drm] PCIE GART of 512M enabled (table at 0x0000000F00100000).?
[    7.768205] [drm] forcing HDMI-A-1 connector on?
[    7.772917] amdgpu: ps4_bridge: forcing bridge init at attach (mode=VIC 16)?
[    7.780083] amdgpu: ps4_bridge_pre_enable: BEGIN (mode=VIC 16)?
[    7.786073] amdgpu: ps4_bridge_cq: enqueue WAIT_CLEAR addr=0x7a84 mask=0x01?
[    7.793422] icc_interrupt: 6 callbacks suppressed?
[    7.793428] icc_interrupt: irq=35 entry status=0x2?
[    7.794306] icc_interrupt: irq=0 entry status=0x2?
[    7.798230] call_irq_handler: 2.61 No irq handler for vector?
[    7.800794] icc_interrupt: irq=0 entry status=0x1?
[    7.803130] icc_interrupt: irq=35 entry status=0x1?
[    7.807945] amdgpu: ps4_bridge_cq: exec code=4 req_len=32 groups=2 res=20 reply_res=0/0 count=0 data[0..7]=00 00 00 00 00 00 00 00 elapsed=14671us?
[    7.833879] usb 1-1.1: new high-speed USB device number 3 using xhci_aeolia?
[    7.836740] amdgpu: ps4_bridge_pre_enable: cq_exec returned 20?
[    7.849817] amdgpu: ps4_bridge_pre_enable: END?
[    7.854397] amdgpu: ps4_bridge_enable: BEGIN (mode=VIC 16, dev=0x9923)?
[    8.012361] usb 1-1.1: New USB device found, idVendor=2357, idProduct=0138, bcdDevice= 2.10?
[    8.020885] usb 1-1.1: New USB device strings: Mfr=1, Product=2, SerialNumber=3?
[    8.028339] usb 1-1.1: Product: 802.11ac NIC?
[    8.032692] usb 1-1.1: Manufacturer: Realtek?
[    8.037045] usb 1-1.1: SerialNumber: 123456?
[    8.272789] usb 1-1.3: new low-speed USB device number 4 using xhci_aeolia?
[    8.305122] [wlan][80]wlanAdapterStart:(INIT WARN) Send a Dummy CMD as workaround?
[    8.312928] [wlan][80]wlanQueryNicCapability:(INIT WARN) wlanQueryNicCapability: skip unexpected event ID[0x27]?
[    8.325881] [wlan][80]wlanAdapterStart:(INIT WARN) wlanAdapterStart: load manufacture data fail?
[    8.368895] amdgpu: ps4_bridge_cq: --- chunk A: DP lane status (waits 0x60f8/0xff, 0x60f9/0x01, 0x60f9/0x1a) ---?
[    8.379299] amdgpu: ps4_bridge_cq: enqueue WAIT_SET addr=0x60f8 mask=0xff?
[    8.386219] amdgpu: ps4_bridge_cq: enqueue WAIT_SET addr=0x60f9 mask=0x01?
[    8.393138] amdgpu: ps4_bridge_cq: enqueue WAIT_SET addr=0x60f9 mask=0x1a?
[    8.400235] icc_interrupt: irq=35 entry status=0x2?
[    8.400776] icc_interrupt: irq=0 entry status=0x2?
[    8.405121] call_irq_handler: 2.61 No irq handler for vector?
[    8.415674] call_irq_handler: 2.61 No irq handler for vector?
[    8.417790] icc_interrupt: irq=0 entry status=0x1?
[    8.421438] icc_interrupt: irq=35 entry status=0x1?
[    8.431119] amdgpu: ps4_bridge_cq: exec code=4 req_len=49 groups=5 res=20 reply_res=0/0 count=0 data[0..7]=00 00 00 00 00 00 00 00 elapsed=31061us?
[    8.444505] amdgpu: ps4_bridge_cq: chunk A (DP lane status) result rc=20?
[    8.451530] icc_interrupt: irq=35 entry status=0x2?
[    8.452402] icc_interrupt: irq=0 entry status=0x2?
[    8.456415] call_irq_handler: 2.61 No irq handler for vector?
[    8.466981] amdgpu: ps4_bridge_cq: exec code=4 req_len=12 groups=1 res=29 reply_res=0/0 count=1 data[0..7]=01 60 f8 ff 00 00 00 00 elapsed=15641us?
[    8.480369] amdgpu: ps4_bridge_cq: readback 0x60f8 rc=29 val=0xff?
[    8.488633] call_irq_handler: 2.61 No irq handler for vector?
[    8.492852] usb 1-1.3: New USB device found, idVendor=04f3, idProduct=152e, bcdDevice=1c.02?
[    8.494409] call_irq_handler: 2.61 No irq handler for vector?
[    8.494418] usb 1-1.3: New USB device strings: Mfr=1, Product=2, SerialNumber=0?
[    8.494423] usb 1-1.3: Product: Gaming KB?
[    8.502954] amdgpu: ps4_bridge_cq: exec code=4 req_len=12 groups=1 res=29 reply_res=0/0 count=1 data[0..7]=01 60 f9 1b 00 00 00 00 elapsed=16372us?
[    8.508692] usb 1-1.3: Manufacturer: Gaming KB?
[    8.538138] amdgpu: ps4_bridge_cq: readback 0x60f9 rc=29 val=0x1b?
[    8.544348] amdgpu: ps4_bridge_cq: --- chunk B: HDMI/update setup (wait 0x10f6/0x80) ---?
[    8.545522] scsi 1:0:0:0: Direct-Access     Kingston DataTraveler 3.0 0000 PQ: 0 ANSI: 6?
[    8.552599] amdgpu: ps4_bridge_cq: enqueue WAIT_SET addr=0x10f6 mask=0x80?
[    8.552834] sd 1:0:0:0: Attached scsi generic sg0 type 0?
[    8.553822] sd 1:0:0:0: [sda] 242155520 512-byte logical blocks: (124 GB/115 GiB)?
[    8.554268] sd 1:0:0:0: [sda] Write Protect is off?
[    8.554274] sd 1:0:0:0: [sda] Mode Sense: 23 00 00 00?
[    8.554485] sd 1:0:0:0: [sda] Write cache: disabled, read cache: enabled, doesn't support DPO or FUA?
[    8.561224] [wlan][80]mtk_reg_notify:(RLM WARN) County Code is not assigned. Use default WW.?
[    8.563707] call_irq_handler: 2.61 No irq handler for vector?
[    8.563786] call_irq_handler: 2.61 No irq handler for vector?
[    8.563885] call_irq_handler: 2.61 No irq handler for vector?
[    8.563965] call_irq_handler: 2.61 No irq handler for vector?
[    8.631923] [wlan][80]rlmDomainSearchRegdomainFromLocalDataBase:(RLM ERROR) rlmDomainSearchRegdomainFromLocalDataBase(): Error, Cannot find the correct RegDomain. country = 00.?
[    8.649863] [wlan][109]wlanBindBssIdxToNetInterface:(INIT ERROR) Array index out of bound, ucBssIndex=4?
[    8.651652] input: Gaming KB Gaming KB as /devices/pci0000:00/0000:00:14.7/usb1/1-1/1-1.3/1-1.3:1.0/0003:04F3:152E.0001/input/input3?
[    8.659479] [wlan][109]p2pRoleFsmStateTransition:(P2P STATE) [P2P_ROLE][0]TRANSITION(Bss1): [P2P_ROLE_STATE_IDLE] -> [P2P_ROLE_STATE_IDLE]?
[    8.659509] [wlan][109]wlanBindBssIdxToNetInterface:(INIT ERROR) Array index out of bound, ucBssIndex=4?
[    8.693921] [wlan][109]p2pRoleFsmStateTransition:(P2P STATE) [P2P_ROLE][1]TRANSITION(Bss2): [P2P_ROLE_STATE_IDLE] -> [P2P_ROLE_STATE_IDLE]?
[    8.706617] [wlan][109]wlanProcessCommandQueue:(INIT WARN) NO Res CMD TYPE[1] ID[0x11] SEQ[29]?
[    8.715426] [wlan][109]wlanProcessCommandQueue:(INIT WARN) NO Res CMD TYPE[1] ID[0x11] SEQ[29]?
[    8.715915] [wlan][110]halPrintMailbox:(INIT ERROR) MailBox Status = 0x0003005A, 0x00FF00FF?
[    8.732818] [wlan][110]halPollDbgCr:(INIT WARN) SWPCDBGR 0xE0010DE2?
[    8.732951] hid-generic 0003:04F3:152E.0001: input,hidraw0: USB HID v1.11 Keyboard [Gaming KB Gaming KB] on usb-0000:00:14.7-1.3/input0?
[    8.739283] [wlan][110]halPollDbgCr:(INIT WARN) SWPCDBGR 0xE0010DE8?
[    8.758125] [wlan][110]halPollDbgCr:(INIT WARN) SWPCDBGR 0xE0010DE2?
[    8.758296] input: Gaming KB Gaming KB Consumer Control as /devices/pci0000:00/0000:00:14.7/usb1/1-1/1-1.3/1-1.3:1.1/0003:04F3:152E.0002/input/input4?
[    8.764588] [wlan][110]halPollDbgCr:(INIT WARN) SWPCDBGR 0xE0010DE2?
[    8.778403] input: Gaming KB Gaming KB System Control as /devices/pci0000:00/0000:00:14.7/usb1/1-1/1-1.3/1-1.3:1.1/0003:04F3:152E.0002/input/input5?
[    8.784670] [wlan][110]halPollDbgCr:(INIT WARN) SWPCDBGR 0xE0010DE2?
[    8.798279] input: Gaming KB Gaming KB Keyboard as /devices/pci0000:00/0000:00:14.7/usb1/1-1/1-1.3/1-1.3:1.1/0003:04F3:152E.0002/input/input6?
[    8.804607] [wlan][109]wlanProcessCommandQueue:(INIT WARN) NO Res CMD TYPE[1] ID[0x70] SEQ[36]?
[    8.805090] [wlan][110]halPrintMailbox:(INIT ERROR) MailBox Status = 0x0003005A, 0x00FF00FF?
[    8.805140] [wlan][110]halPollDbgCr:(INIT WARN) SWPCDBGR 0xE0010DE2?
[    8.805190] [wlan][110]halPollDbgCr:(INIT WARN) SWPCDBGR 0xE0010DE4?
[    8.805239] [wlan][110]halPollDbgCr:(INIT WARN) SWPCDBGR 0xE0010DE2?
[    8.805289] [wlan][110]halPollDbgCr:(INIT WARN) SWPCDBGR 0xE0010DE2?
[    8.805338] [wlan][110]halPollDbgCr:(INIT WARN) SWPCDBGR 0xE0010DE2?
[    8.817672] input: Gaming KB Gaming KB as /devices/pci0000:00/0000:00:14.7/usb1/1-1/1-1.3/1-1.3:1.1/0003:04F3:152E.0002/input/input7?
[    8.826615] [wlan][110]halPrintMailbox:(INIT ERROR) MailBox Status = 0x0003005A, 0x00FF00FF?
[    8.835165] hid-generic 0003:04F3:152E.0002: input,hiddev96,hidraw1: USB HID v1.11 Keyboard [Gaming KB Gaming KB] on usb-0000:00:14.7-1.3/input1?
[    8.841295] [wlan][110]halPollDbgCr:(INIT WARN) SWPCDBGR 0xE0010DE2?
[    8.847751]  sda: sda1 sda2?
[    8.854118] [wlan][110]halPollDbgCr:(INIT WARN) SWPCDBGR 0xE0010DE2?
[    8.860687] sd 1:0:0:0: [sda] Attached SCSI removable disk?
[    8.866907] [wlan][110]halPollDbgCr:(INIT WARN) SWPCDBGR 0xE0010DE2?
[    8.928406] [wlan][110]halPollDbgCr:(INIT WARN) SWPCDBGR 0xE0010E1C?
[    8.934864] [wlan][110]halPollDbgCr:(INIT WARN) SWPCDBGR 0xE0010DE2?
[    8.941414] [wlan][109]wlanoidSetGtkRekeyData:(REQ INFO) wlanoidSetGtkRekeyData?
[    8.948883] [wlan][109]wlanoidSetGtkRekeyData:(REQ INFO) ucCmdSeqNum = 41?
[    9.012771] amdgpu: ps4_bridge_cq: exec code=4 req_len=170 groups=6 res=20 reply_res=0/0 count=0 data[0..7]=00 00 00 00 00 00 00 00 elapsed=451894us?
[    9.026363] amdgpu: ps4_bridge_cq: chunk B (HDMI/update) result rc=20?
[    9.037771] amdgpu: ps4_bridge_cq: exec code=4 req_len=12 groups=1 res=29 reply_res=0/0 count=1 data[0..7]=01 10 f6 d5 00 00 00 00 elapsed=4837us?
[    9.051091] amdgpu: ps4_bridge_cq: readback 0x10f6 rc=29 val=0xd5?
[    9.057301] amdgpu: ps4_bridge_cq: --- chunk C: PLL/7204/finalize (wait_clear 0x7204/0x40) ---?
[    9.066082] amdgpu: ps4_bridge_cq: enqueue WAIT_CLEAR addr=0x7204 mask=0x40?
[    9.336821] usb 1-1.4: new low-speed USB device number 5 using xhci_aeolia?
[    9.442771] amdgpu: ps4_bridge_cq: exec code=4 req_len=81 groups=7 res=20 reply_res=0/0 count=0 data[0..7]=00 00 00 00 00 00 00 00 elapsed=369589us?
[    9.456271] amdgpu: ps4_bridge_cq: chunk C (PLL/7204) result rc=20?
[    9.462571] amdgpu: ps4_bridge_enable: MN864729 main seq cq_exec=20?
[    9.527052] usb 1-1.4: New USB device found, idVendor=0000, idProduct=3825, bcdDevice= 1.00?
[    9.535596] usb 1-1.4: New USB device strings: Mfr=0, Product=1, SerialNumber=0?
[    9.543054] usb 1-1.4: Product:  USB OPTICAL MOUSE?
[    9.567771] amdgpu: ps4_bridge_cq: exec code=4 req_len=12 groups=1 res=29 reply_res=0/0 count=1 data[0..7]=01 72 04 00 00 00 00 00 elapsed=98810us?
[    9.581184] amdgpu: ps4_bridge_cq: readback 0x7204 rc=29 val=0x00?
[    9.597767] amdgpu: ps4_bridge_cq: exec code=4 req_len=64 groups=2 res=20 reply_res=0/0 count=0 data[0..7]=00 00 00 00 00 00 00 00 elapsed=10368us?
[    9.609890] input:  USB OPTICAL MOUSE as /devices/pci0000:00/0000:00:14.7/usb1/1-1/1-1.4/1-1.4:1.0/0003:0000:3825.0003/input/input8?
[    9.611174] amdgpu: ps4_bridge_cq: enqueue WAIT_SET addr=0x10f6 mask=0xa2?
[    9.623492] hid-generic 0003:0000:3825.0003: input,hidraw2: USB HID v1.11 Mouse [ USB OPTICAL MOUSE] on usb-0000:00:14.7-1.4/input0?
[    9.630130] amdgpu: ps4_bridge_cq: enqueue WAIT_CLEAR addr=0x7204 mask=0x10?
[    9.727770] amdgpu: ps4_bridge_cq: exec code=4 req_len=121 groups=10 res=20 reply_res=0/0 count=0 data[0..7]=00 00 00 00 00 00 00 00 elapsed=78492us?
[    9.741361] amdgpu: ps4_bridge_enable: END?
[    9.745539] [drm] AMDGPU Display Connectors?
[    9.749801] [drm] Connector 0:?
[    9.752912] [drm]   HDMI-A-1?
[    9.755847] [drm]   HPD1?
[    9.758428] [drm]   DDC: 0x194c 0x194c 0x194d 0x194d 0x194e 0x194e 0x194f 0x194f?
[    9.765967] [drm]   Encoders:?
[    9.768990] [drm]     DFP1: INTERNAL_UNIPHY?
[    9.777257] amdgpu: ps4_atom: dig_tx action=7 frev=1 crev=5 enc_id=0x001e dig=0 pll=0 is_dp=1 dp_clk=0 dp_lanes=0 lane_num=0 lane_set=0x00 conn_obj=0x0013 hpd=0?
[    9.797767] amdgpu: ps4_bridge_cq: exec code=4 req_len=12 groups=1 res=29 reply_res=0/0 count=1 data[0..7]=01 60 f8 ff 00 00 00 00 elapsed=5834us?
[    9.817769] amdgpu: ps4_bridge_cq: exec code=4 req_len=12 groups=1 res=29 reply_res=0/0 count=1 data[0..7]=01 60 f9 1b 00 00 00 00 elapsed=6683us?
[    9.831090] amdgpu: ps4_bridge_probe: tag=before-dig_tx-action=7 rc_f8=29 f8=0xff rc_f9=29 f9=0x1b?
[    9.840234] amdgpu: ps4_atom_table: [d=0] enter idx=0x4c (?) ps_size=16?
[    9.846986] amdgpu: ps4_atom_table: [d=0] exit  idx=0x4c (?) ret=0?
[    9.858463] amdgpu: ps4_bridge_cq: exec code=4 req_len=12 groups=1 res=29 reply_res=0/0 count=1 data[0..7]=01 60 f8 ff 00 00 00 00 elapsed=5171us?
[    9.877770] amdgpu: ps4_bridge_cq: exec code=4 req_len=12 groups=1 res=29 reply_res=0/0 count=1 data[0..7]=01 60 f9 1b 00 00 00 00 elapsed=5986us?
[    9.891100] amdgpu: ps4_bridge_probe: tag=after-dig_tx-action=7 rc_f8=29 f8=0xff rc_f9=29 f9=0x1b?
[    9.900150] amdgpu: ps4_atom_table: [d=0] enter idx=0x0c (SetPixelClock) ps_size=20?
[    9.907964] amdgpu: ps4_atom_table: [d=1] enter idx=0x3c (ComputeMemoryEnginePLL) ps_size=20?
[    9.916609] amdgpu: ps4_atom_table: [d=1] exit  idx=0x3c (ComputeMemoryEnginePLL) ret=0?
[    9.924783] amdgpu: ps4_atom_table: [d=1] enter idx=0x3c (ComputeMemoryEnginePLL) ps_size=20?
[    9.933391] amdgpu: ps4_atom_table: [d=1] exit  idx=0x3c (ComputeMemoryEnginePLL) ret=0?
[    9.941560] amdgpu: ps4_atom_table: [d=0] exit  idx=0x0c (SetPixelClock) ret=0?
[    9.953580] amdgpu 0000:00:01.0: amdgpu: SE 2, SH per SE 1, CU per SH 9, active_cu_number 16?
[    9.962310] amdgpu 0000:00:01.0: amdgpu: Runtime PM not available?
[    9.968910] i2c_dev: adapter [card0-HDMI-A-1] registered as minor 3?
[    9.975326] i2c i2c-3: adapter [card0-HDMI-A-1] registered?
[    9.980940] [drm] Initialized amdgpu 3.63.0 for 0000:00:01.0 on minor 0?
[    9.988259] amdgpu: ps4_atom_table: [d=0] enter idx=0x23 (EnableCRTC) ps_size=4?
[    9.995736] amdgpu: ps4_atom_table: [d=1] enter idx=0x14 (ASIC_StaticPwrMgtStatusChange) ps_size=4?
[   10.004883] amdgpu: ps4_atom_table: [d=1] exit  idx=0x14 (ASIC_StaticPwrMgtStatusChange) ret=0?
[   10.020019] amdgpu: ps4_atom_table: [d=0] exit  idx=0x23 (EnableCRTC) ret=0?
[   10.027122] amdgpu: ps4_atom_table: [d=0] enter idx=0x0d (DynamicClockGating) ps_size=20?
[   10.035369] amdgpu: ps4_atom_table: [d=0] exit  idx=0x0d (DynamicClockGating) ret=0?
[   10.043222] amdgpu: ps4_atom_table: [d=0] enter idx=0x23 (EnableCRTC) ps_size=4?
[   10.050677] amdgpu: ps4_atom_table: [d=1] enter idx=0x14 (ASIC_StaticPwrMgtStatusChange) ps_size=4?
[   10.059812] amdgpu: ps4_atom_table: [d=1] exit  idx=0x14 (ASIC_StaticPwrMgtStatusChange) ret=0?
[   10.068592] amdgpu: ps4_atom_table: [d=0] exit  idx=0x23 (EnableCRTC) ret=0?
[   10.075688] amdgpu: ps4_atom_table: [d=0] enter idx=0x0d (DynamicClockGating) ps_size=20?
[   10.083936] amdgpu: ps4_atom_table: [d=0] exit  idx=0x0d (DynamicClockGating) ret=0?
[   10.091787] amdgpu: ps4_atom_table: [d=0] enter idx=0x23 (EnableCRTC) ps_size=4?
[   10.099240] amdgpu: ps4_atom_table: [d=1] enter idx=0x14 (ASIC_StaticPwrMgtStatusChange) ps_size=4?
[   10.108375] amdgpu: ps4_atom_table: [d=1] exit  idx=0x14 (ASIC_StaticPwrMgtStatusChange) ret=0?
[   10.117482] amdgpu: ps4_atom_table: [d=0] exit  idx=0x23 (EnableCRTC) ret=0?
[   10.124580] amdgpu: ps4_atom_table: [d=0] enter idx=0x0d (DynamicClockGating) ps_size=20?
[   10.132825] amdgpu: ps4_atom_table: [d=0] exit  idx=0x0d (DynamicClockGating) ret=0?
[   10.140673] amdgpu: ps4_atom_table: [d=0] enter idx=0x23 (EnableCRTC) ps_size=4?
[   10.148127] amdgpu: ps4_atom_table: [d=1] enter idx=0x14 (ASIC_StaticPwrMgtStatusChange) ps_size=4?
[   10.157260] amdgpu: ps4_atom_table: [d=1] exit  idx=0x14 (ASIC_StaticPwrMgtStatusChange) ret=0?
[   10.166379] amdgpu: ps4_atom_table: [d=0] exit  idx=0x23 (EnableCRTC) ret=0?
[   10.173490] amdgpu: ps4_atom_table: [d=0] enter idx=0x0d (DynamicClockGating) ps_size=20?
[   10.181738] amdgpu: ps4_atom_table: [d=0] exit  idx=0x0d (DynamicClockGating) ret=0?
[   10.189587] amdgpu: ps4_atom_table: [d=0] enter idx=0x23 (EnableCRTC) ps_size=4?
[   10.197040] amdgpu: ps4_atom_table: [d=1] enter idx=0x14 (ASIC_StaticPwrMgtStatusChange) ps_size=4?
[   10.206175] amdgpu: ps4_atom_table: [d=1] exit  idx=0x14 (ASIC_StaticPwrMgtStatusChange) ret=0?
[   10.215263] amdgpu: ps4_atom_table: [d=0] exit  idx=0x23 (EnableCRTC) ret=0?
[   10.222361] amdgpu: ps4_atom_table: [d=0] enter idx=0x0d (DynamicClockGating) ps_size=20?
[   10.230609] amdgpu: ps4_atom_table: [d=0] exit  idx=0x0d (DynamicClockGating) ret=0?
[   10.238456] amdgpu: ps4_atom_table: [d=0] enter idx=0x23 (EnableCRTC) ps_size=4?
[   10.245908] amdgpu: ps4_atom_table: [d=1] enter idx=0x14 (ASIC_StaticPwrMgtStatusChange) ps_size=4?
[   10.255040] amdgpu: ps4_atom_table: [d=1] exit  idx=0x14 (ASIC_StaticPwrMgtStatusChange) ret=0?
[   10.264128] amdgpu: ps4_atom_table: [d=0] exit  idx=0x23 (EnableCRTC) ret=0?
[   10.271224] amdgpu: ps4_atom_table: [d=0] enter idx=0x0d (DynamicClockGating) ps_size=20?
[   10.279470] amdgpu: ps4_atom_table: [d=0] exit  idx=0x0d (DynamicClockGating) ret=0?
[   10.287286] amdgpu: ps4_bridge_get_modes?
[   10.294334] fbcon: amdgpudrmfb (fb0) is primary device?
[   10.294466] amdgpu: ps4_bridge_mode_fixup: incoming 1920x1080 -> forcing 1920x1080@60?
[   10.294478] amdgpu: ps4_atom: floor dig_connector dp_clock=270000 dp_lane_count=4?
[   10.294480] amdgpu: ps4_atom: AdjustDisplayPll v1.3 IN pix=270000 tx=0x1e enc=0 cfg=0x20 ext_tx=0x00 dp_clock=270000?
[   10.302618] amdgpu: ps4_bridge_cq: exec code=4 req_len=12 groups=1 res=29 reply_res=0/0 count=1 data[0..7]=01 60 f8 ff 00 00 00 00 elapsed=8130us?
[   10.307699] amdgpu: ps4_bridge_cq: exec code=4 req_len=12 groups=1 res=29 reply_res=0/0 count=1 data[0..7]=01 60 f9 1b 00 00 00 00 elapsed=5070us?
[   10.307708] amdgpu: ps4_bridge_probe: tag=before-AdjustDisplayPll rc_f8=29 f8=0xff rc_f9=29 f9=0x1b?
[   10.307713] amdgpu: ps4_atom_table: [d=0] enter idx=0x11 (EnableMemorySelfRefresh) ps_size=8?
[   10.307720] amdgpu: ps4_atom_table: [d=0] exit  idx=0x11 (EnableMemorySelfRefresh) ret=0?
[   10.307723] amdgpu: ps4_atom: AdjustDisplayPll v1.3 OUT r=0 freq=270000 ref=0 post=0?
[   10.312769] amdgpu: ps4_bridge_cq: exec code=4 req_len=12 groups=1 res=29 reply_res=0/0 count=1 data[0..7]=01 60 f8 ff 00 00 00 00 elapsed=5042us?
[   10.317767] amdgpu: ps4_bridge_cq: exec code=4 req_len=12 groups=1 res=29 reply_res=0/0 count=1 data[0..7]=01 60 f9 1b 00 00 00 00 elapsed=4989us?
[   10.317775] amdgpu: ps4_bridge_probe: tag=after-AdjustDisplayPll rc_f8=29 f8=0xff rc_f9=29 f9=0x1b?
[   10.317779] amdgpu: ps4_atom: dce_v8_0_pick_pll enc_mode=0 dp_extclk=0 asic=9?
[   10.317787] amdgpu: ps4_atom_table: [d=0] enter idx=0x2a (SelectCRTC_Source) ps_size=4?
[   10.317794] amdgpu: ps4_atom_table: [d=1] enter idx=0x14 (ASIC_StaticPwrMgtStatusChange) ps_size=4?
[   10.317801] amdgpu: ps4_atom_table: [d=1] exit  idx=0x14 (ASIC_StaticPwrMgtStatusChange) ret=0?
[   10.317806] amdgpu: ps4_atom_table: [d=0] exit  idx=0x2a (SelectCRTC_Source) ret=0?
[   10.317811] amdgpu: ps4_atom_table: [d=0] enter idx=0x0d (DynamicClockGating) ps_size=20?
[   10.317816] amdgpu: ps4_atom_table: [d=1] enter idx=0x14 (ASIC_StaticPwrMgtStatusChange) ps_size=20?
[   10.317821] amdgpu: ps4_atom_table: [d=1] exit  idx=0x14 (ASIC_StaticPwrMgtStatusChange) ret=0?
[   10.317829] amdgpu: ps4_atom_table: [d=0] exit  idx=0x0d (DynamicClockGating) ret=0?
[   10.317832] amdgpu: ps4_atom_table: [d=0] enter idx=0x2c (UpdateCRTC_DoubleBufferRegisters) ps_size=4?
[   10.317835] amdgpu: ps4_atom_table: [d=1] enter idx=0x14 (ASIC_StaticPwrMgtStatusChange) ps_size=4?
[   10.317839] amdgpu: ps4_atom_table: [d=1] exit  idx=0x14 (ASIC_StaticPwrMgtStatusChange) ret=0?
[   10.317845] amdgpu: ps4_atom_table: [d=0] exit  idx=0x2c (UpdateCRTC_DoubleBufferRegisters) ret=0?
[   10.317958] amdgpu: ps4_atom_table: [d=0] enter idx=0x23 (EnableCRTC) ps_size=4?
[   10.317963] amdgpu: ps4_atom_table: [d=1] enter idx=0x14 (ASIC_StaticPwrMgtStatusChange) ps_size=4?
[   10.317969] amdgpu: ps4_atom_table: [d=1] exit  idx=0x14 (ASIC_StaticPwrMgtStatusChange) ret=0?
[   10.317977] amdgpu: ps4_atom_table: [d=0] exit  idx=0x23 (EnableCRTC) ret=0?
[   10.317984] amdgpu: ps4_atom_table: [d=0] enter idx=0x41 (EnableLVDS_SS) ps_size=8?
[   10.317987] amdgpu: ps4_atom_table: [d=0] exit  idx=0x41 (EnableLVDS_SS) ret=0?
[   10.317990] amdgpu: ps4_atom: SetPixelClock IN frev=1 crev=6 crtc=0 clock=148500 pll=1 ref=2 fb=118 frac=8 post=22 enc_id=30 enc_mode=0 bpc=8 ss=1?
[   10.317997] amdgpu: ps4_atom_table: [d=0] enter idx=0x0c (SetPixelClock) ps_size=20?
[   10.318334] amdgpu: ps4_atom_table: [d=1] enter idx=0x14 (ASIC_StaticPwrMgtStatusChange) ps_size=20?
[   10.318340] amdgpu: ps4_atom_table: [d=1] exit  idx=0x14 (ASIC_StaticPwrMgtStatusChange) ret=0?
[   10.318346] amdgpu: ps4_atom_table: [d=1] enter idx=0x23 (EnableCRTC) ps_size=20?
[   10.318349] amdgpu: ps4_atom_table: [d=2] enter idx=0x14 (ASIC_StaticPwrMgtStatusChange) ps_size=20?
[   10.318353] amdgpu: ps4_atom_table: [d=2] exit  idx=0x14 (ASIC_StaticPwrMgtStatusChange) ret=0?
[   10.318359] amdgpu: ps4_atom_table: [d=1] exit  idx=0x23 (EnableCRTC) ret=0?
[   10.318364] amdgpu: ps4_atom_table: [d=0] exit  idx=0x0c (SetPixelClock) ret=0?
[   10.318367] amdgpu: ps4_atom: SetPixelClock OUT r=0?
[   10.327486] amdgpu: ps4_bridge_cq: exec code=4 req_len=12 groups=1 res=29 reply_res=0/0 count=1 data[0..7]=01 60 f8 ff 00 00 00 00 elapsed=9117us?
[   10.332566] amdgpu: ps4_bridge_cq: exec code=4 req_len=12 groups=1 res=29 reply_res=0/0 count=1 data[0..7]=01 60 f9 1b 00 00 00 00 elapsed=5069us?
[   10.332574] amdgpu: ps4_bridge_probe: tag=after-SetPixelClock rc_f8=29 f8=0xff rc_f9=29 f9=0x1b?
[   10.332579] amdgpu: ps4_atom: post-SetPixelClock PIXCLK0/1/2 RESYNC: 0x00000000 0x00000001 0x00000000  crtc_id=0 pll_id=1?
[   10.332584] amdgpu: ps4_atom_table: [d=0] enter idx=0x31 (SetCRTC_UsingDTDTiming) ps_size=24?
[   10.332605] amdgpu: ps4_atom_table: [d=0] exit  idx=0x31 (SetCRTC_UsingDTDTiming) ret=0?
[   10.332630] amdgpu: ps4_atom_table: [d=0] enter idx=0x28 (SetCRTC_OverScan) ps_size=12?
[   10.332633] amdgpu: ps4_atom_table: [d=1] enter idx=0x14 (ASIC_StaticPwrMgtStatusChange) ps_size=10?
[   10.332638] amdgpu: ps4_atom_table: [d=1] exit  idx=0x14 (ASIC_StaticPwrMgtStatusChange) ret=0?
[   10.332641] amdgpu: ps4_atom_table: [d=0] exit  idx=0x28 (SetCRTC_OverScan) ret=0?
[   10.332644] amdgpu: ps4_atom_table: [d=0] enter idx=0x21 (EnableScaler) ps_size=4?
[   10.332647] amdgpu: ps4_atom_table: [d=1] enter idx=0x14 (ASIC_StaticPwrMgtStatusChange) ps_size=4?
[   10.332651] amdgpu: ps4_atom_table: [d=1] exit  idx=0x14 (ASIC_StaticPwrMgtStatusChange) ret=0?
[   10.332659] amdgpu: ps4_atom_table: [d=0] exit  idx=0x21 (EnableScaler) ret=0?
[   10.332665] amdgpu: ps4_atom: dig_encoder action=0x0c frev=1 crev=4 enc_id=0x001e dig=0 pclk=148500 dp_clk=270000 dp_lanes=4 hpd=0?
[   10.332670] amdgpu: ps4_atom_table: [d=0] enter idx=0x04 (SetClocksRatio) ps_size=12?
[   10.332674] amdgpu: ps4_atom_table: [d=1] enter idx=0x14 (ASIC_StaticPwrMgtStatusChange) ps_size=11?
[   10.332678] amdgpu: ps4_atom_table: [d=1] exit  idx=0x14 (ASIC_StaticPwrMgtStatusChange) ret=0?
[   10.332935] amdgpu: ps4_atom_table: [d=0] exit  idx=0x04 (SetClocksRatio) ret=0?
[   10.337768] amdgpu: ps4_bridge_cq: exec code=4 req_len=12 groups=1 res=29 reply_res=0/0 count=1 data[0..7]=01 60 f8 ff 00 00 00 00 elapsed=4828us?
[   10.342772] amdgpu: ps4_bridge_cq: exec code=4 req_len=12 groups=1 res=29 reply_res=0/0 count=1 data[0..7]=01 60 f9 1b 00 00 00 00 elapsed=4994us?
[   10.342780] amdgpu: ps4_bridge_probe: tag=after-dig_encoder-action=0x0c rc_f8=29 f8=0xff rc_f9=29 f9=0x1b?
[   10.342784] amdgpu: ps4_atom: preserving PS4 DP TX lock; skip TX DISABLE?
[   10.342790] amdgpu: ps4_atom_table: [d=0] enter idx=0x23 (EnableCRTC) ps_size=4?
[   10.342793] amdgpu: ps4_atom_table: [d=1] enter idx=0x14 (ASIC_StaticPwrMgtStatusChange) ps_size=4?
[   10.342798] amdgpu: ps4_atom_table: [d=1] exit  idx=0x14 (ASIC_StaticPwrMgtStatusChange) ret=0?
[   10.342803] amdgpu: ps4_atom_table: [d=0] exit  idx=0x23 (EnableCRTC) ret=0?
[   10.342810] amdgpu: ps4_atom_table: [d=0] enter idx=0x22 (BlankCRTC) ps_size=8?
[   10.342813] amdgpu: ps4_atom_table: [d=1] enter idx=0x14 (ASIC_StaticPwrMgtStatusChange) ps_size=8?
[   10.342817] amdgpu: ps4_atom_table: [d=1] exit  idx=0x14 (ASIC_StaticPwrMgtStatusChange) ret=0?
[   10.342821] amdgpu: ps4_atom_table: [d=0] exit  idx=0x22 (BlankCRTC) ret=0?
[   10.342852] amdgpu: ps4_atom_table: [d=0] enter idx=0x2c (UpdateCRTC_DoubleBufferRegisters) ps_size=4?
[   10.342855] amdgpu: ps4_atom_table: [d=1] enter idx=0x14 (ASIC_StaticPwrMgtStatusChange) ps_size=4?
[   10.342859] amdgpu: ps4_atom_table: [d=1] exit  idx=0x14 (ASIC_StaticPwrMgtStatusChange) ret=0?
[   10.342866] amdgpu: ps4_atom_table: [d=0] exit  idx=0x2c (UpdateCRTC_DoubleBufferRegisters) ret=0?
[   10.342869] amdgpu: ps4_bridge_pre_enable: BEGIN (mode=VIC 16)?
[   10.342872] amdgpu: ps4_bridge_cq: enqueue WAIT_CLEAR addr=0x7a84 mask=0x01?
[   10.347768] amdgpu: ps4_bridge_cq: exec code=4 req_len=32 groups=2 res=20 reply_res=0/0 count=0 data[0..7]=00 00 00 00 00 00 00 00 elapsed=4892us?
[   10.347776] amdgpu: ps4_bridge_pre_enable: cq_exec returned 20?
[   10.347778] amdgpu: ps4_bridge_pre_enable: END?
[   10.347781] amdgpu: ps4_atom: dig_encoder action=0x0f frev=1 crev=4 enc_id=0x001e dig=0 pclk=148500 dp_clk=270000 dp_lanes=4 hpd=0?
[   10.347786] amdgpu: ps4_atom_table: [d=0] enter idx=0x04 (SetClocksRatio) ps_size=12?
[   10.347790] amdgpu: ps4_atom_table: [d=1] enter idx=0x14 (ASIC_StaticPwrMgtStatusChange) ps_size=11?
[   10.347795] amdgpu: ps4_atom_table: [d=1] exit  idx=0x14 (ASIC_StaticPwrMgtStatusChange) ret=0?
[   10.347807] amdgpu: ps4_atom_table: [d=1] enter idx=0x14 (ASIC_StaticPwrMgtStatusChange) ps_size=11?
[   10.347812] amdgpu: ps4_atom_table: [d=1] exit  idx=0x14 (ASIC_StaticPwrMgtStatusChange) ret=0?
[   10.347815] amdgpu: ps4_atom_table: [d=0] exit  idx=0x04 (SetClocksRatio) ret=0?
[   10.352768] amdgpu: ps4_bridge_cq: exec code=4 req_len=12 groups=1 res=29 reply_res=0/0 count=1 data[0..7]=01 60 f8 ff 00 00 00 00 elapsed=4948us?
[   10.357768] amdgpu: ps4_bridge_cq: exec code=4 req_len=12 groups=1 res=29 reply_res=0/0 count=1 data[0..7]=01 60 f9 1b 00 00 00 00 elapsed=4991us?
[   10.357775] amdgpu: ps4_bridge_probe: tag=after-dig_encoder-action=0x0f rc_f8=29 f8=0xff rc_f9=29 f9=0x1b?
[   10.357780] amdgpu: ps4_atom: dig_encoder action=0x10 frev=1 crev=4 enc_id=0x001e dig=0 pclk=148500 dp_clk=270000 dp_lanes=4 hpd=0?
[   10.357785] amdgpu: ps4_atom_table: [d=0] enter idx=0x04 (SetClocksRatio) ps_size=12?
[   10.357789] amdgpu: ps4_atom_table: [d=1] enter idx=0x14 (ASIC_StaticPwrMgtStatusChange) ps_size=11?
[   10.357793] amdgpu: ps4_atom_table: [d=1] exit  idx=0x14 (ASIC_StaticPwrMgtStatusChange) ret=0?
[   10.357798] amdgpu: ps4_atom_table: [d=0] exit  idx=0x04 (SetClocksRatio) ret=0?
[   10.362768] amdgpu: ps4_bridge_cq: exec code=4 req_len=12 groups=1 res=29 reply_res=0/0 count=1 data[0..7]=01 60 f8 ff 00 00 00 00 elapsed=4965us?
[   10.367768] amdgpu: ps4_bridge_cq: exec code=4 req_len=12 groups=1 res=29 reply_res=0/0 count=1 data[0..7]=01 60 f9 1b 00 00 00 00 elapsed=4991us?
[   10.367775] amdgpu: ps4_bridge_probe: tag=after-dig_encoder-action=0x10 rc_f8=29 f8=0xff rc_f9=29 f9=0x1b?
[   10.367779] amdgpu: ps4_atom: preserving PS4 DP TX lock; skip TX ENABLE?
[   10.367782] amdgpu: ps4_atom: dig_encoder action=0x0d frev=1 crev=4 enc_id=0x001e dig=0 pclk=148500 dp_clk=270000 dp_lanes=4 hpd=0?
[   10.367787] amdgpu: ps4_atom_table: [d=0] enter idx=0x04 (SetClocksRatio) ps_size=12?
[   10.367791] amdgpu: ps4_atom_table: [d=1] enter idx=0x14 (ASIC_StaticPwrMgtStatusChange) ps_size=11?
[   10.367795] amdgpu: ps4_atom_table: [d=1] exit  idx=0x14 (ASIC_StaticPwrMgtStatusChange) ret=0?
[   10.368022] amdgpu: ps4_atom_table: [d=0] exit  idx=0x04 (SetClocksRatio) ret=0?
[   10.372768] amdgpu: ps4_bridge_cq: exec code=4 req_len=12 groups=1 res=29 reply_res=0/0 count=1 data[0..7]=01 60 f8 ff 00 00 00 00 elapsed=4742us?
[   10.377768] amdgpu: ps4_bridge_cq: exec code=4 req_len=12 groups=1 res=29 reply_res=0/0 count=1 data[0..7]=01 60 f9 1b 00 00 00 00 elapsed=4991us?
[   10.377776] amdgpu: ps4_bridge_probe: tag=after-dig_encoder-action=0x0d rc_f8=29 f8=0xff rc_f9=29 f9=0x1b?
[   10.377780] amdgpu: ps4_bridge_enable: BEGIN (mode=VIC 16, dev=0x9923)?
[   10.880872] amdgpu: ps4_bridge_cq: --- chunk A: DP lane status (waits 0x60f8/0xff, 0x60f9/0x01, 0x60f9/0x1a) ---?
[   10.880881] amdgpu: ps4_bridge_cq: enqueue WAIT_SET addr=0x60f8 mask=0xff?
[   10.880885] amdgpu: ps4_bridge_cq: enqueue WAIT_SET addr=0x60f9 mask=0x01?
[   10.880888] amdgpu: ps4_bridge_cq: enqueue WAIT_SET addr=0x60f9 mask=0x1a?
[   10.897768] amdgpu: ps4_bridge_cq: exec code=4 req_len=49 groups=5 res=20 reply_res=0/0 count=0 data[0..7]=00 00 00 00 00 00 00 00 elapsed=16877us?
[   10.897779] amdgpu: ps4_bridge_cq: chunk A (DP lane status) result rc=20?
