DBG AutoMounter(checkSpecAndHub 494):?
	device(/dev/da1) is SUPER_SPEED.?
DBG AutoMounter(checkSpecAndHub 504):?
	deviceFilePath[/dev/da1] is connected to the USB port in general?
WARNING AutoMounter(bool AutoMounter::DevctlReader::UsbStartupHandler::isStartUp() 76):?
	fake implementation.?
MSG AutoMounter(void AutoMount::PsmEventNotifier::callback_connection(void **) 360):?
	Notify PsmEvent OnUsbStorageInserted?
MSG AutoMounter(int32_t AutoMounter::Util::checkFsFormat(const char *, uint32_t *) 888):?
	device(/dev/da1) has unknown format(0).?
MSG AutoMounter(int32_t _AutoMounter::UsbHandler::(anonymous namespace)::_mountFileSystem(std::string, bool, std::string &, uint32_t *, uint64_t *, uint64_t *, uint64_t *) 542):?
	/dev/da1 has unknown format.?
MSG AutoMounter(int32_t _AutoMounter::UsbHandler::requestMount(const char *, bool) 763): _mountFileSystem(deviceFilePath, false, mountPoint, &fsFormatType, &space, &freeSpace, &availableSpace) returned 0x80f4001c.?
MSG AutoMounter(int32_t _AutoMounter::UsbHandler::(anonymous namespace)::_acquireEncryptDevice(std::string, uint32_t *, uint32_t *, std::string &, uint64_t *) 592):?
	device(/dev/da1) is not qualified for encrypt device. ng_capability(0x2)?
verify_metadata: sceSblExternalHDDVerifyMetadata(0) failed 800f0435?
MSG AutoMounter(int32_t _AutoMounter::UsbHandler::(anonymous namespace)::checkEncryption(std::string, bool *) 347):?
	sceFsExternalStorageVerifyMetadata(/dev/da1) returned 0x80020050. device is not encrypted.?
MSG AutoMounter(int32_t _AutoMounter::UsbHandler::requestMount(const char *, bool) 795): _acquireEncryptDevice(deviceFilePath, &encryptDeviceFormat, &encryptDeviceStatus, encryptDeviceFilePath, &encryptDeviceId) returned 0x80f4001a.?
DBG AutoMounter(notifyMount 435):?
	eventArg.additionalFeatures[0x2000].?
MSG AutoMounter(int32_t AutoMounter::DevctlReader::handleCreateUsbDevice(const char *) 174): AutoMounter::UsbHandler::requestMount(deviceFilePath.c_str(), true) returned 0x80f4001a.?
MSG AutoMounter(void AutoMount::PsmEventNotifier::callback_mount(void **) 270):?
	Notify PsmEvent OnUsbStorageMounted?
?
DBG AutoMounter(checkSpecAndHub 494):?
	device(/dev/da1) is SUPER_SPEED.?
DBG AutoMounter(checkSpecAndHub 504):?
	deviceFilePath[/dev/da1] is connected to the USB port in general?
WARNING AutoMounter(bool AutoMounter::DevctlReader::UsbStartupHandler::isStartUp() 76):?
	fake implementation.?
MSG AutoMounter(void AutoMount::PsmEventNotifier::callback_connection(void **) 360):?
	Notify PsmEvent OnUsbStorageInserted?
MSG AutoMounter(int32_t _AutoMounter::UsbHandler::(anonymous namespace)::tryExfatMount(std::string, bool, std::string &, uint64_t *, uint64_t *, uint64_t *) 129):?
	device(/dev/da1p1) is mounted to /mnt/usb0 with exfat.?
DBG AutoMounter(notifyMount 435):?
	eventArg.additionalFeatures[0x2040].?
MSG AutoMounter(void AutoMount::PsmEventNotifier::callback_mount(void **) 270):?
	Notify PsmEvent OnUsbStorageMounted?
MSG AutoMounterMelUtil(void sceAutomounterMelUtil::callbackMountAll(void **) 279):?
		device(/dev/da1p1): exfat(mediaType=0x1001) is mounted at /mnt/usb0.?
callbackUsbStorageMountInternal()[374]: [MediaEvent] callbackUsbStorageMountInternal() devNum=0?
callbackUsbStorageMountInternal()[377]: [MediaEvent] callbackUsbStorageMountInternal() locked.?
MSG AutoMounterWrapper(void callbackUsbMount(SceUsbStorageEventDatas *, void *) 102):?
	DeviceId=0x9a0af01?
?
[SceLncUtil] blockAppSuspend: name={SceSaveData}, appId={0x60000100}, refCount={1}?
[SceLncUtil] unblockAppSuspend: name={SceSaveData}, appId={0x60000100}, refCount={0}?
DBG AutoMounter(checkSpecAndHub 494):?
	device(/dev/da1) is SUPER_SPEED.?
DBG AutoMounter(checkSpecAndHub 504):?
	deviceFilePath[/dev/da1] is connected to the USB port in general?
WARNING AutoMounter(bool AutoMounter::DevctlReader::UsbStartupHandler::isStartUp() 76):?
	fake implementation.?
MSG AutoMounter(void AutoMount::PsmEventNotifier::callback_connection(void **) 360):?
	Notify PsmEvent OnUsbStorageInserted?
MSG AutoMounter(int32_t AutoMounter::Util::checkFsFormat(const char *, uint32_t *) 888):?
	device(/dev/da1p2) has unknown format(0).?
MSG AutoMounter(int32_t _AutoMounter::UsbHandler::(anonymous namespace)::_mountFileSystem(std::string, bool, std::string &, uint32_t *, uint64_t *, uint64_t *, uint64_t *) 542):?
	/dev/da1p2 has unknown format.?
MSG AutoMounter(int32_t _AutoMounter::UsbHandler::requestMount(const char *, bool) 763): _mountFileSystem(deviceFilePath, false, mountPoint, &fsFormatType, &space, &freeSpace, &availableSpace) returned 0x80f4001c.?
MSG AutoMounter(int32_t _AutoMounter::UsbHandler::(anonymous namespace)::_acquireEncryptDevice(std::string, uint32_t *, uint32_t *, std::string &, uint64_t *) 592):?
	device(/dev/da1p2) is not qualified for encrypt device. ng_capability(0x12)?
verify_metadata: sceSblExternalHDDVerifyMetadata(0) failed 800f0435?
MSG AutoMounter(int32_t _AutoMounter::UsbHandler::(anonymous namespace)::checkEncryption(std::string, bool *) 347):?
	sceFsExternalStorageVerifyMetadata(/dev/da1p2) returned 0x80020050. device is not encrypted.?
MSG AutoMounter(int32_t _AutoMounter::UsbHandler::requestMount(const char *, bool) 795): _acquireEncryptDevice(deviceFilePath, &encryptDeviceFormat, &encryptDeviceStatus, encryptDeviceFilePath, &encryptDeviceId) returned 0x80f4001a.?
DBG AutoMounter(notifyMount 435):?
	eventArg.additionalFeatures[0x2000].?
MSG AutoMounter(int32_t AutoMounter::DevctlReader::handleCreateUsbDevice(const char *) 174): AutoMounter::UsbHandler::requestMount(deviceFilePath.c_str(), true) returned 0x80f4001a.?
MSG AutoMounter(void AutoMount::PsmEventNotifier::callback_mount(void **) 270):?
	Notify PsmEvent OnUsbStorageMounted?
?[36m[Debug] src/PayloadsView.cpp:319: Loading: /data/payloads/linux-1024mb.bin?[0m?
[GoldHEN] <binloader> accepted a new payload?
[GoldHEN] <binloader> TCP Mode?
?[36m[[DebGouldHg]EN ] <bsrc/PianylloaoadsViewde.cpp:186: Grene> ratpayloade rePceaiylovaeds d is calle[dsi!?[0zme:?
 ?28[36m3840[ - Dbebuug]ff esrrc_/PayloadsVsiiew.czppe::2 12920: Cl81ean6u p pa-yl oipad :li 12st...?[70.m?0.
0.1]?
[G?o[36m[lDdHebug]E Nsrc/]P ay<bloiadsView.nlcppo:a20d6e:r> Gener atePfayoulnoadds: R anedfres jahielbdr?o[0kme?
n target process [pid: 46]?
[GoldHEN] <binloader> launching payload... [format: BIN]?
[GoldHEN] <binloader> payload launched?
kernel_init()?
Kernel base = ffffffffd0614000?
Direct map base = ffff940500000000?
Testing global variable access (write protection)...?
OK.?
Kernel interface initialized?
Installing sys_kexec to system call #153?
kexec_init() successful?
?
sys_kexec invoked?
========================================?
PS4 Linux Payloads AIO?
FW 12.02 (1202)?
VRAM 1024 MB?
Southbridge: Baikal?
========================================?
sys_kexec(0x20105c000, 10425344, 0x201a50000, 4082183, "earlycon=uart8250,mmio32,0xC890E000,115200n8 console=tty0 keep_bootcon 8250.nr_uarts=0 iommu=pt intremap=off panic=10 loglevel=8 ignore_loglevel printk.devkmsg=on drm.edid_firmware=edid/1920x1080.bin video=HDMI-A-1:1920x1080@60D pci=nocrs root=LABEL=psxitarch rootwait rw systemd.unit=multi-user.target systemd.log_level=info")?
firmware_extract: Extract lib/firmware/amdgpu/liverpool_pfp.bin ?
Copying PFP firmware?
NOP handler at 0xff0?
firmware_extract: Extract lib/firmware/amdgpu/liverpool_me.bin ?
Copying ME firmware?
firmware_extract: Extract lib/firmware/amdgpu/liverpool_ce.bin ?
Copying CE firmware?
NOP handler at 0x7f0?
firmware_extract: Extract lib/firmware/amdgpu/liverpool_mec.bin ?
Copying MEC firmware?
NOP handler at 0xff0?
firmware_extract: Extract lib/firmware/amdgpu/liverpool_mec2.bin ?
Copying MEC2 firmware?
NOP handler at 0xff0?
firmware_extract: Extract lib/firmware/amdgpu/liverpool_rlc.bin ?
Copying RLC firmware?
firmware_extract: Extract lib/firmware/amdgpu/liverpool_sdma.bin ?
Copying SDMA firmware?
firmware_extract: Extract lib/firmware/amdgpu/liverpool_sdma1.bin ?
Copying SDMA1 firmware?
?
kexec parameters:?
    Kernel image size:   10425344 bytes?
    Initramfs size:      4176919 bytes (4082183 from user)?
    Kernel command line: earlycon=uart8250,mmio32,0xC890E000,115200n8 console=tty0 keep_bootcon 8250.nr_uarts=0 iommu=pt intremap=off panic=10 loglevel=8 ignore_loglevel printk.devkmsg=on drm.edid_firmware=edid/1920x1080.bin video=HDMI-A-1:1920x1080@60D pci=nocrs root=LABEL=psxitarch rootwait rw systemd.unit=multi-user.target systemd.log_level=info?
    Kernel image buffer: 0xffff94053b000000?
    Initramfs buffer:    0xffffffffffffffff?
kernel_hook_install(0xffffff8076cd512d, 0xffffffffd0a5bad0)?
  Using 64bit absolute jump?
******************************************************?
kexec successfully armed. Please shut down the system.?
******************************************************?
?
[SceShellUI] I/PSM.UI : [FirstClear] : ClearFrameBuffer=False?
[KE]sceCameraDevKill::2685 ERROR: sceCameraProcConfigStop 0x802e0006 i=0 handle=257 piCdont=e43?x
t.cc:174 (ajmContextCleanup) - Instance 27853C2on watexst. cn[cot:K 17pEr4RoN EL(pa]ejmr dmClemy_on hatdndle_veexstmCtsplraeaceno_yuepex)d. -?i
 InCstetoandtnce xe tp1.6i3cd: 719c,0:1  pwta8ys9  p(e=naoj1,t 0 xfpmfrCoofpnteexfr9lt4y05 Cd4el0s56ate78ra0noyu-p>pe)d .-? t
C_loodCadoendte ceixs Ot .Tpcc:u1s89R  USE(?
aIj[LKERKmC NEL] dEmnoemc_ondhtera wnaesd xlnteo_tCvlm seppraoacpneeu_erxlp)itedy   -u nrCmoeagdipe s#c0t  0eMxffPfr3f efdf.f?Df
ffCeocfnofffdftfee?
rxt[ Kw.EcaRcNsE: L] dn174omemt _ha( anjdmlCeoprnope_vtrmelxsptyaC cel_exieutanedrn pidu: 7ep1,)g appi _s- tIenmsrtaepad.ns_c?e
co Cu3onnt4t[4e0x1]t67. ,c wc1 -a:>1s 089  (?na
ojtm CpontroepexrtClleanupy)  des- tCrooydec ATRAeCd.9 ?Decoder was not
 propCoenrly untregeistxtered.?
.cc:189 (ajmContextCleanup) - Codec Opus Decoder was not properly unregistered.?
Context.cc:189 (ajmContextCleanup) - Codec Opus SILK Encoder was not properly unregistered.?
CoCnotntexte.xtcc:189 (ajmC.ontexctCc:leanup)189 -  (Codajecm Opus CELT EncodCeor was notnt pexroperly utCnlregiestaered.?
nContext.ucpc) :18- C9o (dajmContextCleanuep) -c C odeOpc uOpus sC ECLELT DecodeT rE wancs noodt propererly  unregiwsatse rned.?
ot properCloyn tunext.cc:189 (ajmCorentgextClieasterneup) -d .Codec?
 CELCoPn8t eDecoderx was not t.cpropcerly unreg:i1stered.?
8Conte9x t(.cc:1a89 (ajmjmCCoonntextClteeanxup) - CtCodec CELleP8 Encodaner uwpas )n ot- properly  Cunreogisdetered.c ?
OCponteuxt.scc:189 De c(aojmContedxtCleeanupr wa) -s  Cnoto prdeco CELPpe(16) Decodrer was notl ypr opuerlnry uegnirestgiesteredre.?d
.Con?tex
t.cc:191 (aCojnmtCeontextxCt.leanup) - cMore codeccs we:re not1 8p9r o(peajrlymC ontunerxegisttCered...?
leanup) - Codec MPEG4 AAC Encoder was not properly unregistered.?
Context.cc:174 (ajmContextCleanup) - Instance 114689 was not properly destroyed.?
Context.cc:189 (ajmContextCleanup) - Codec AC3 Encoder was not properly unregistered.?
Context.cc:174 (ajmContextCleanup) - Instance 163842 was not properly destroyed.?
Context.cc:189 (ajmContextCleanup) - Codec DTS Encoder was not properly unregistered.?
[SceSysCore mini] killall timeout 5[sec]...?
[SceSysCore mini] forcibly unmount 4 nullfses?
[SceSysCore mini] forcibly unmount /mnt/usb0?
[SceSysCore mini[REGMGR] 000006 ...?
] sceKernelPollE[ventFlag(reboot_flag): failed 80020010?
[SceSysCore mini] call reboot(4000)?
REGMGR] (    834.578 sec) 010006 ...?
[REGMGR] (   0.011778 sec) 010007 ...?
[REGMGR] 000108 ...?
Waiting (max 60 seconds) for system process `SceVnlru' to stop...done?
Waiting (max 60 seconds) for system process `SceBufdaemon0' to stop...done?
Waiting (max 60 seconds) for system process `SceBufdaemon1' to stop...SD Manual Tuning done. MaxPassWindowSize=22, TunePoint=20 CORE_CTRL=0x184094?
done?
Waiting (max 60 seconds) for system process `SceBufdaemon2' to stop...done?
?W
aitSying nc(miax 60 seconngds)  for disystskem s,process  `SceSyncerv' to stop...nodes remaining...1 0 0 sched_sync: flush softdep (iter=2)?
sched_sync: flush softdep (iter=1)?
done?
All buffers synced.?
[PFS] umount[0x00006d4514df2fda] finished 0?
[PFS] umount[0x00006d4514d670e2] finished 0?
Uptime: 14m0s?
icc post sync:Thermal alert LED off?
[REGMGR] 000007 @2@ ...?
icc08-4001 0802?
icc:failed to disabled reset button notification: 0005?
icc:disabled thermal notification?
eth0: link state changed to DOWN?
ICC: howto:00004000 depth:2 cause:00 hand:01?
ICC: Shutdown.?
hook_icc_query_nowait called?
ICC 05-00 polling?
Fixing ACPI tables at 0xe0000 (0xffffffffffffffff)?
RSDT at 0xe0024?
XSDT at 0xe0088?
FACP at 0xe016c?
FACS at 0xe012c?
DSDT at 0xe0430?
APIC at 0xe0298?
MCFG at 0xe0304?
SSDT at 0xe0730?
ACPI tables fixed?
kexec: Waiting for secondary CPUs...?
kexec: Secondary CPUs quiesced?
kexec: Setting up GDT...?
kexec: Relocating stub...?
kexec: Setting up boot params...?
kexec: Cleaning up hardware...?
Current sb_id: 3?
?
SB_BAIKAL constant: 3?
?
kexec: Detected Baikal Southbridge, disabling IOMMU...?
kexec: Reconfiguring VRAM...?
kexec: Resetting GPU...?
kexec: About to relocate and jump to kernel?
[    0.000000] ps4: x86_ps4_early_setup: PS4 early setup?
[    0.000000] Linux version 6.15.4-Baikal_TESTING_crashniels-dirty (meerzulee@cachynator) (gcc (GCC) 16.1.1 20260430, GNU ld (GNU Binutils) 2.46.0) #49 SMP PREEMPT_DYNAMIC Mon May 11 00:31:03 +06 2026?
[    0.000000] Command line: earlycon=uart8250,mmio32,0xC890E000,115200n8 console=tty0 keep_bootcon 8250.nr_uarts=0 iommu=pt intremap=off panic=10 loglevel=8 ignore_loglevel printk.devkmsg=on drm.edid_firmware=edid/1920x1080.bin video=HDMI-A-1:1920x1080@60D pci=nocrs root=LABEL=psxitarch rootwait rw systemd.unit=multi-user.target systemd.log_level=info?
[    0.000000] KERNEL supported cpus:?
[    0.000000]   AMD AuthenticAMD?
[    0.000000] BIOS-provided physical RAM map:?
[    0.000000] BIOS-e820: [mem 0x0000000000000000-0x0000000000007fff] usable?
[    0.000000] BIOS-e820: [mem 0x0000000000008000-0x000000000007ffff] reserved?
[    0.000000] BIOS-e820: [mem 0x0000000000080000-0x0000000000099fff] usable?
[    0.000000] BIOS-e820: [mem 0x000000000009a000-0x00000000000bffff] reserved?
[    0.000000] BIOS-e820: [mem 0x00000000000e0000-0x00000000000effff] ACPI data?
[    0.000000] BIOS-e820: [mem 0x0000000000100000-0x00000000003fffff] usable?
[    0.000000] BIOS-e820: [mem 0x0000000000400000-0x000000000047ffff] reserved?
[    0.000000] BIOS-e820: [mem 0x0000000000480000-0x000000000067ffff] usable?
[    0.000000] BIOS-e820: [mem 0x0000000000680000-0x00000000006fffff] reserved?
[    0.000000] BIOS-e820: [mem 0x0000000000700000-0x000000007efe7fff] usable?
[    0.000000] BIOS-e820: [mem 0x000000007efe8000-0x000000007efeffff] ACPI NVS?
[    0.000000] BIOS-e820: [mem 0x000000007eff0000-0x000000007effffff] ACPI data?
[    0.000000] BIOS-e820: [mem 0x000000007f000000-0x000000007fffffff] usable?
[    0.000000] BIOS-e820: [mem 0x0000000080000000-0x00000000fbffffff] reserved?
[    0.000000] BIOS-e820: [mem 0x0000000100000000-0x000000013fffffff] reserved?
[    0.000000] BIOS-e820: [mem 0x0000000140000000-0x000000027effffff] usable?
[    0.000000] earlycon: uart8250 at MMIO32 0x00000000c890e000 (options '115200n8')?
[    0.000000] printk: legacy bootconsole [uart8250] enabled?
[    0.000000] printk: debug: skip boot console de-registration.?
[    0.000000] printk: debug: ignoring loglevel setting.?
[    0.000000] NX (Execute Disable) protection: active?
[    0.000000] APIC: Static calls initialized?
[    0.000000] SMBIOS 2.1 present.?
[    0.000000] DMI:  , BIOS unde Wed 09/22/2021 16:2?
[    0.000000] DMI: Memory slots populated: 1/1?
[    0.000000] ps4: EMC timer started in 25420 TSC ticks?
[    0.000000] ps4: Calibrated TSC frequency: 1594143392 kHz?
[    0.000000] tsc: Detected 1594.143 MHz processor?
[    0.001421] e820: update [mem 0x00000000-0x00000fff] usable ==> reserved?
[    0.008245] e820: remove [mem 0x000a0000-0x000fffff] usable?
[    0.013926] last_pfn = 0x27f000 max_arch_pfn = 0x400000000?
[    0.019514] MTRR map: 6 entries (3 fixed + 3 variable; max 20), built from 9 variable MTRRs?
[    0.028012] x86/PAT: Configuration [0-7]: WB  WC  UC- UC  WB  WP  UC- WT  ?
[    0.035395] e820: update [mem 0x80000000-0x13fffffff] usable ==> reserved?
[    0.042323] last_pfn = 0x80000 max_arch_pfn = 0x400000000?
[    0.056445] Using GB pages for direct mapping?
[    0.062412] RAMDISK: [mem 0x20c00000-0x20ffbfff]?
[    0.067123] ACPI: Early table checksum verification disabled?
[    0.072882] ACPI: RSDP 0x00000000000E0000 000024 (v02 SIE   )?
[    0.078733] ACPI: XSDT 0x00000000000E0088 00004C (v01 SIE    ORBIS    20121218 INTL 20110211)?
[    0.087419] ACPI: FACP 0x00000000000E016C 0000F4 (v04 SIE    ORBIS    20130205 INTL 20110211)?
[    0.096105] ACPI: DSDT 0x00000000000E0430 00018C (v02 SIE    ORBIS    20121002 INTL 20110211)?
[    0.104786] ACPI: FACS 0x00000000000E012C 000040?
[    0.109485] ACPI: FACS 0x00000000000E012C 000040?
[    0.114184] ACPI: APIC 0x00000000000E0298 00006C (v02 SIE    ORBIS    20120725 INTL 20110211)?
[    0.122865] ACPI: MCFG 0x00000000000E0304 00003C (v01 SIE    ORBIS    20120725 INTL 20110211)?
[    0.131546] ACPI: SSDT 0x00000000000E0730 001944 (v01 AMD    POWERNOW 00000001 AMD  00000001)?
[    0.140228] ACPI: IVRS 0x00000000000E2074 000054 (v01 F0F    PS4KEXEC 20161225 KEXC 20161225)?
[    0.148908] ACPI: Reserving FACP table memory at [mem 0xe016c-0xe025f]?
[    0.155548] ACPI: Reserving DSDT table memory at [mem 0xe0430-0xe05bb]?
[    0.162187] ACPI: Reserving FACS table memory at [mem 0xe012c-0xe016b]?
[    0.168826] ACPI: Reserving FACS table memory at [mem 0xe012c-0xe016b]?
[    0.175465] ACPI: Reserving APIC table memory at [mem 0xe0298-0xe0303]?
[    0.182104] ACPI: Reserving MCFG table memory at [mem 0xe0304-0xe033f]?
[    0.188744] ACPI: Reserving SSDT table memory at [mem 0xe0730-0xe2073]?
[    0.195382] ACPI: Reserving IVRS table memory at [mem 0xe2074-0xe20c7]?
[    0.202099] No NUMA configuration found?
[    0.205996] Faking a node at [mem 0x0000000000000000-0x000000027effffff]?
[    0.212818] NODE_DATA(0) allocated [mem 0x27effa800-0x27effdfff]?
[    0.218981] Zone ranges:?
[    0.221551]   DMA      [mem 0x0000000000001000-0x0000000000ffffff]?
[    0.227840]   DMA32    [mem 0x0000000001000000-0x00000000ffffffff]?
[    0.234128]   Normal   [mem 0x0000000100000000-0x000000027effffff]?
[    0.240415] Movable zone start for each node?
[    0.244754] Early memory node ranges?
[    0.248385]   node   0: [mem 0x0000000000001000-0x0000000000007fff]?
[    0.254759]   node   0: [mem 0x0000000000080000-0x0000000000099fff]?
[    0.261133]   node   0: [mem 0x0000000000100000-0x00000000003fffff]?
[    0.267508]   node   0: [mem 0x0000000000480000-0x000000000067ffff]?
[    0.273881]   node   0: [mem 0x0000000000700000-0x000000007efe7fff]?
[    0.280256]   node   0: [mem 0x000000007f000000-0x000000007fffffff]?
[    0.286629]   node   0: [mem 0x0000000140000000-0x000000027effffff]?
[    0.293005] Initmem setup node 0 [mem 0x0000000000001000-0x000000027effffff]?
[    0.300182] On node 0, zone DMA: 1 pages in unavailable ranges?
[    0.306122] On node 0, zone DMA: 120 pages in unavailable ranges?
[    0.312252] On node 0, zone DMA: 102 pages in unavailable ranges?
[    0.318378] On node 0, zone DMA: 128 pages in unavailable ranges?
[    0.324539] On node 0, zone DMA: 128 pages in unavailable ranges?
[    0.340958] On node 0, zone DMA32: 24 pages in unavailable ranges?
[    0.373348] On node 0, zone Normal: 4096 pages in unavailable ranges?
[    0.380726] ACPI: No IOAPIC entries present?
[    0.384978] ACPI: Using ACPI for processor (LAPIC) configuration information?
[    0.392162] CPU topo: Max. logical packages:   1?
[    0.396855] CPU topo: Max. logical dies:       1?
[    0.401547] CPU topo: Max. dies per package:   1?
[    0.406251] CPU topo: Max. threads per core:   1?
[    0.410944] CPU topo: Num. cores per package:     8?
[    0.415901] CPU topo: Num. threads per package:   8?
[    0.420859] CPU topo: Allowing 8 present CPUs plus 0 hotplug CPUs?
[    0.427084] [mem 0xfc000000-0xffffffff] available for PCI devices?
[    0.433286] clocksource: refined-jiffies: mask: 0xffffffff max_cycles: 0xffffffff, max_idle_ns: 1910969940391419 ns?
[    0.443920] setup_percpu: NR_CPUS:8 nr_cpumask_bits:8 nr_cpu_ids:8 nr_node_ids:1?
[    0.452117] percpu: Embedded 42 pages/cpu s131544 r8192 d32296 u262144?
[    0.458780] pcpu-alloc: s131544 r8192 d32296 u262144 alloc=1*2097152?
[    0.465248] pcpu-alloc: [0] 0 1 2 3 4 5 6 7 ?
[    0.469633] Kernel command line: earlycon=uart8250,mmio32,0xC890E000,115200n8 console=tty0 keep_bootcon 8250.nr_uarts=0 iommu=pt intremap=off panic=10 loglevel=8 ignore_loglevel printk.devkmsg=on drm.edid_firmware=edid/1920x1080.bin video=HDMI-A-1:1920x1080@60D pci=nocrs root=LABEL=psxitarch rootwait rw systemd.unit=multi-user.target systemd.log_level=info?
[    0.502053] printk: log buffer data + meta data: 262144 + 917504 = 1179648 bytes?
[    0.511374] Dentry cache hash table entries: 1048576 (order: 11, 8388608 bytes, linear)?
[    0.520438] Inode-cache hash table entries: 524288 (order: 10, 4194304 bytes, linear)?
[    0.528512] software IO TLB: area num 8.?
[    0.561482] Fallback order for Node 0: 0 ?
[    0.561502] Built 1 zonelists, mobility grouping on.  Total pages: 1830409?
[    0.572575] Policy zone: Normal?
[    0.575766] mem auto-init: stack:off, heap alloc:off, heap free:off?
[    0.619746] SLUB: HWalign=64, Order=0-3, MinObjects=0, CPUs=8, Nodes=1?
[    0.627466] Dynamic Preempt: voluntary?
[    0.631370] rcu: Preemptible hierarchical RCU implementation.?
[    0.637216] rcu: RCU calculated value of scheduler-enlistment delay is 100 jiffies.?
[    0.645036] NR_IRQS: 4352, nr_irqs: 128, preallocated irqs: 0?
[    0.650942] rcu: srcu_init: Setting srcu_struct sizes based on contention.?
[    0.657996] call_irq_handler: 0.49 No irq handler for vector?
[    0.663785] Console: colour dummy device 80x25?
[    0.668307] printk: legacy console [tty0] enabled?
[    0.673135] ACPI: Core revision 20240827?
[    0.677193] ACPI: setting ELCR to 0200 (from ffff)?
[    0.682083] Failed to register legacy timer interrupt?
[    0.687222] APIC: Switch to symmetric I/O mode setup?
[    0.692281] clocksource: tsc-early: mask: 0xffffffffffffffff max_cycles: 0x16fa881ee1e, max_idle_ns: 440795231803 ns?
[    0.703010] Calibrating delay loop (skipped), value calculated using timer frequency.. 3188.28 BogoMIPS (lpj=1594143)?
[    0.704001] Last level iTLB entries: 4KB 512, 2MB 8, 4MB 4?
[    0.704001] Last level dTLB entries: 4KB 512, 2MB 256, 4MB 128, 1GB 0?
[    0.704001] Spectre V1 : Mitigation: usercopy/swapgs barriers and __user pointer sanitization?
[    0.704001] Spectre V2 : Mitigation: Retpolines?
[    0.704001] Spectre V2 : Spectre v2 / SpectreRSB: Filling RSB on context switch and VMEXIT?
[    0.704001] RETBleed: Mitigation: untrained return thunk?
[    0.704001] Speculative Store Bypass: Mitigation: Speculative Store Bypass disabled via prctl?
[    0.704001] x86/fpu: Supporting XSAVE feature 0x001: 'x87 floating point registers'?
[    0.704001] x86/fpu: Supporting XSAVE feature 0x002: 'SSE registers'?
[    0.704001] x86/fpu: Supporting XSAVE feature 0x004: 'AVX registers'?
[    0.704001] x86/fpu: xstate_offset[2]:  576, xstate_sizes[2]:  256?
[    0.704001] x86/fpu: Enabled xstate features 0x7, context size is 832 bytes, using 'standard' format.?
[    0.704001] Freeing SMP alternatives memory: 52K?
[    0.704001] pid_max: default: 32768 minimum: 301?
[    0.704001] Mount-cache hash table entries: 16384 (order: 5, 131072 bytes, linear)?
[    0.704001] Mountpoint-cache hash table entries: 16384 (order: 5, 131072 bytes, linear)?
[    0.704001] smpboot: CPU0: AMD DG1401SNF87ID (family: 0x16, model: 0x1a, stepping: 0x0)?
[    0.704590] Performance Events: AMD PMU driver.?
[    0.705007] ... version:                0?
[    0.706005] ... bit width:              48?
[    0.707004] ... generic registers:      4?
[    0.708004] ... value mask:             0000ffffffffffff?
[    0.709004] ... max period:             00007fffffffffff?
[    0.710004] ... fixed-purpose events:   0?
[    0.711004] ... event mask:             000000000000000f?
[    0.712232] signal: max sigframe size: 1776?
[    0.713099] rcu: Hierarchical SRCU implementation.?
[    0.714005] rcu: 	Max phase no-delay instances is 400.?
[    0.715148] Timer migration: 1 hierarchy levels; 8 children per group; 1 crossnode level?
[    0.719172] smp: Bringing up secondary CPUs ...?
[    0.721114] smpboot: x86: Booting SMP configuration:?
[    0.722010] .... node  #0, CPUs:      #1 #2 #3 #4 #5 #6 #7?
[    0.732108] smp: Brought up 1 node, 8 CPUs?
[    0.734005] smpboot: Total of 8 processors activated (25506.28 BogoMIPS)?
[    0.736224] Memory: 7081636K/7321636K available (21565K kernel code, 2022K rwdata, 8172K rodata, 1588K init, 2344K bss, 235752K reserved, 0K cma-reserved)?
[    0.738265] devtmpfs: initialized?
[    0.740638] clocksource: jiffies: mask: 0xffffffff max_cycles: 0xffffffff, max_idle_ns: 1911260446275000 ns?
[    0.741011] posixtimers hash table entries: 4096 (order: 4, 65536 bytes, linear)?
[    0.742024] futex hash table entries: 2048 (order: 5, 131072 bytes, linear)?
[    0.743103] prandom: seed boundary self test passed?
[    0.745711] prandom: 100 self tests passed?
[    0.747106] NET: Registered PF_NETLINK/PF_ROUTE protocol family?
[    0.748136] audit: initializing netlink subsys (disabled)?
[    0.749064] audit: type=2000 audit(0.046:1): state=initialized audit_enabled=0 res=1?
[    0.750077] i2c-core: driver [dummy] registered?
[    0.752008] thermal_sys: Registered thermal governor 'step_wise'?
[    0.752034] cpuidle: using governor ladder?
[    0.754013] cpuidle: using governor menu?
[    0.756157] ps4: ps4: pre-allocated IRQ 9 desc for ACPI SCI (virq=9)?
[    0.758080] PCI: ECAM [mem 0xf8000000-0xfbffffff] (base 0xf8000000) for domain 0000 [bus 00-3f]?
[    0.759024] PCI: Using configuration type 1 for base access?
[    0.761059] HugeTLB: allocation took 0ms with hugepage_allocation_threads=2?
[    0.762042] HugeTLB: registered 2.00 MiB page size, pre-allocated 0 pages?
[    0.763005] HugeTLB: 28 KiB vmemmap can be freed for a 2.00 MiB page?
[    0.765403] cryptd: max_cpu_qlen set to 1000?
[    0.784004] raid6: sse2x4   gen()  4047 MB/s?
[    0.802006] raid6: sse2x2   gen()  3965 MB/s?
[    0.820005] raid6: sse2x1   gen()  3193 MB/s?
[    0.821005] raid6: using algorithm sse2x4 gen() 4047 MB/s?
[    0.839009] raid6: .... xor() 2019 MB/s, rmw enabled?
[    0.840006] raid6: using ssse3x2 recovery algorithm?
[    0.841113] ACPI: Added _OSI(Module Device)?
[    0.842006] ACPI: Added _OSI(Processor Device)?
[    0.843006] ACPI: Added _OSI(Processor Aggregator Device)?
[    0.846257] ACPI: 2 ACPI AML tables successfully acquired and loaded?
[    0.855098] ACPI: Interpreter enabled?
[    0.856016] ACPI: PM: (supports S0 S5)?
[    0.857011] ACPI: Using PIC for interrupt routing?
[    0.858032] PCI: Ignoring host bridge windows from ACPI; if necessary, use "pci=use_crs" and report a bug?
[    0.859005] PCI: Using E820 reservations for host bridge windows?
[    0.861420] acpi PNP0A03:00: [Firmware Bug]: no secondary bus range in _CRS?
[    0.862020] ACPI: PCI Root Bridge [PCI0] (domain 0000 [bus 00-ff])?
[    0.863012] acpi PNP0A03:00: _OSC: OS supports [ExtendedConfig ASPM ClockPM Segments MSI HPX-Type3]?
[    0.864023] acpi PNP0A03:00: [Firmware Info]: ECAM [mem 0xf8000000-0xfbffffff] for domain 0000 [bus 00-3f] only partially covers this bridge?
[    0.865028] acpi PNP0A03:00: host bridge window [io  0x0cf8-0x0cff] (ignored)?
[    0.866006] PCI: root bus 00: using default resources?
[    0.867060] PCI host bridge to bus 0000:00?
[    0.868012] pci_bus 0000:00: root bus resource [io  0x0000-0xffff]?
[    0.869006] pci_bus 0000:00: root bus resource [mem 0x00000000-0xffffffffff]?
[    0.870007] pci_bus 0000:00: root bus resource [bus 00-ff]?
[    0.871023] pci 0000:00:00.0: [1022:1436] type 00 class 0x060000 conventional PCI endpoint?
[    0.872129] pci 0000:00:00.2: [1022:1437] type 00 class 0x080600 conventional PCI endpoint?
[    0.873134] pci 0000:00:01.0: [1002:9923] type 00 class 0x030000 PCIe Root Complex Integrated Endpoint?
[    0.874028] pci 0000:00:01.0: BAR 0 [mem 0xe0000000-0xe3ffffff 64bit pref]?
[    0.875007] pci 0000:00:01.0: BAR 2 [mem 0xe4000000-0xe47fffff 64bit pref]?
[    0.876007] pci 0000:00:01.0: BAR 4 [io  0x6000-0x60ff]?
[    0.877007] pci 0000:00:01.0: BAR 5 [mem 0xe4800000-0xe483ffff]?
[    0.878007] pci 0000:00:01.0: ROM [mem 0x00000000-0x0001ffff pref]?
[    0.879010] pci 0000:00:01.0: enabling Extended Tags?
[    0.880022] pci 0000:00:01.0: Video device with shadowed ROM at [mem 0x000c0000-0x000dffff]?
[    0.881026] pci 0000:00:01.0: supports D1 D2?
[    0.882006] pci 0000:00:01.0: PME# supported from D1 D2 D3hot?
[    0.883102] pci 0000:00:01.1: [1002:9921] type 00 class 0x040300 PCIe Root Complex Integrated Endpoint?
[    0.884027] pci 0000:00:01.1: BAR 0 [mem 0xe4840000-0xe4843fff 64bit]?
[    0.885013] pci 0000:00:01.1: enabling Extended Tags?
[    0.886035] pci 0000:00:01.1: supports D1 D2?
[    0.887102] pci 0000:00:02.0: [1022:1438] type 00 class 0x060000 conventional PCI endpoint?
[    0.888136] pci 0000:00:14.0: [104d:90d7] type 00 class 0x088000 PCIe Endpoint?
[    0.889046] pci 0000:00:14.0: BAR 0 [mem 0xfdf8000000-0xfdf9ffffff 64bit]?
[    0.890008] pci 0000:00:14.0: BAR 2 [io  0x1000-0x13ff]?
[    0.892015] pci 0000:00:14.1: [104d:90d8] type 00 class 0x088001 PCIe Endpoint?
[    0.893046] pci 0000:00:14.1: BAR 0 [mem 0xc2000000-0xc2000fff 64bit]?
[    0.895180] pci 0000:00:14.2: [104d:90d9] type 00 class 0x088002 PCIe Endpoint?
[    0.896046] pci 0000:00:14.2: BAR 0 [mem 0xc4000000-0xc4007fff 64bit]?
[    0.897193] pci 0000:00:14.3: [104d:90da] type 00 class 0x088003 PCIe Endpoint?
[    0.898046] pci 0000:00:14.3: BAR 0 [mem 0xc6000000-0xc6000fff 64bit]?
[    0.899191] pci 0000:00:14.4: [104d:90db] type 00 class 0x088004 PCIe Endpoint?
[    0.900046] pci 0000:00:14.4: BAR 0 [mem 0xc8000000-0xc8001fff 64bit]?
[    0.901008] pci 0000:00:14.4: BAR 2 [mem 0xc8800000-0xc89fffff 64bit]?
[    0.902008] pci 0000:00:14.4: BAR 4 [mem 0xc9000000-0xc91fffff 64bit]?
[    0.903186] pci 0000:00:14.5: [104d:90dc] type 00 class 0x088005 PCIe Endpoint?
[    0.904046] pci 0000:00:14.5: BAR 0 [mem 0xca000000-0xca000fff 64bit]?
[    0.905008] pci 0000:00:14.5: BAR 2 [mem 0xca800000-0xca800fff 64bit]?
[    0.906188] pci 0000:00:14.6: [104d:90dd] type 00 class 0x088006 PCIe Endpoint?
[    0.907048] pci 0000:00:14.6: BAR 0 [mem 0xcc000000-0xcc000fff 64bit]?
[    0.908008] pci 0000:00:14.6: BAR 2 [mem 0x80000000-0xbfffffff 64bit]?
[    0.909007] pci 0000:00:14.6: BAR 4 [mem 0xcd000000-0xcd0fffff]?
[    0.910007] pci 0000:00:14.6: BAR 5 [mem 0xcd400000-0xcd43ffff]?
[    0.911186] pci 0000:00:14.7: [104d:90de] type 00 class 0x088007 PCIe Endpoint?
[    0.912046] pci 0000:00:14.7: BAR 0 [mem 0xce000000-0xce3fffff 64bit]?
[    0.913009] pci 0000:00:14.7: BAR 2 [mem 0xce800000-0xce80ffff 64bit]?
[    0.914008] pci 0000:00:14.7: BAR 4 [mem 0xcf000000-0xcf7fffff 64bit]?
[    0.915179] pci 0000:00:18.0: [1022:142e] type 00 class 0x060000 conventional PCI endpoint?
[    0.916110] pci 0000:00:18.1: [1022:142f] type 00 class 0x060000 conventional PCI endpoint?
[    0.917107] pci 0000:00:18.2: [1022:1430] type 00 class 0x060000 conventional PCI endpoint?
[    0.918110] pci 0000:00:18.3: [1022:1431] type 00 class 0x060000 conventional PCI endpoint?
[    0.919112] pci 0000:00:18.4: [1022:1432] type 00 class 0x060000 conventional PCI endpoint?
[    0.920104] pci 0000:00:18.5: [1022:1433] type 00 class 0x060000 conventional PCI endpoint?
[    0.921103] pci 0000:00:18.6: [1022:1434] type 00 class 0x060000 conventional PCI endpoint?
[    0.922201] iommu: Default domain type: Passthrough (set via kernel command line)?
[    0.923191] SCSI subsystem initialized?
[    0.924027] libata version 3.00 loaded.?
[    0.926047] ACPI: bus type USB registered?
[    0.927059] usbcore: registered new interface driver usbfs?
[    0.928028] usbcore: registered new interface driver hub?
[    0.929026] usbcore: registered new device driver usb?
[    0.930037] cec: Failed to create debugfs cec dir?
[    0.931140] Advanced Linux Sound Architecture Driver Initialized.?
[    0.932371] Bluetooth: Core ver 2.22?
[    0.933014] NET: Registered PF_BLUETOOTH protocol family?
[    0.934005] Bluetooth: HCI device and connection manager initialized?
[    0.935008] Bluetooth: HCI socket layer initialized?
[    0.936008] Bluetooth: L2CAP socket layer initialized?
[    0.937008] Bluetooth: SCO socket layer initialized?
[    0.938050] PCI: Using ACPI for IRQ routing?
[    0.941003] PCI: pci_cache_line_size set to 64 bytes?
[    0.942048] e820: reserve RAM buffer [mem 0x00008000-0x0000ffff]?
[    0.943007] e820: reserve RAM buffer [mem 0x0009a000-0x0009ffff]?
[    0.944006] e820: reserve RAM buffer [mem 0x00680000-0x006fffff]?
[    0.945006] e820: reserve RAM buffer [mem 0x7efe8000-0x7fffffff]?
[    0.946006] e820: reserve RAM buffer [mem 0x27f000000-0x27fffffff]?
[    0.947046] pci 0000:00:01.0: vgaarb: setting as boot VGA device?
[    0.948001] pci 0000:00:01.0: vgaarb: bridge control possible?
[    0.948001] pci 0000:00:01.0: vgaarb: VGA device added: decodes=io+mem,owns=io+mem,locks=none?
[    0.948014] vgaarb: loaded?
[    0.949240] clocksource: Switched to clocksource tsc-early?
[    0.954838] pnp: PnP ACPI init?
[    0.957999] pnp: PnP ACPI: found 0 devices?
[    0.967128] NET: Registered PF_INET protocol family?
[    0.972424] IP idents hash table entries: 131072 (order: 8, 1048576 bytes, linear)?
[    0.984258] tcp_listen_portaddr_hash hash table entries: 4096 (order: 4, 65536 bytes, linear)?
[    0.992986] Table-perturb hash table entries: 65536 (order: 6, 262144 bytes, linear)?
[    1.000912] TCP established hash table entries: 65536 (order: 7, 524288 bytes, linear)?
[    1.009255] TCP bind hash table entries: 65536 (order: 9, 2097152 bytes, linear)?
[    1.017394] TCP: Hash tables configured (established 65536 bind 65536)?
[    1.024160] UDP hash table entries: 4096 (order: 6, 262144 bytes, linear)?
[    1.031172] UDP-Lite hash table entries: 4096 (order: 6, 262144 bytes, linear)?
[    1.038713] NET: Registered PF_UNIX/PF_LOCAL protocol family?
[    1.044852] RPC: Registered named UNIX socket transport module.?
[    1.050891] RPC: Registered udp transport module.?
[    1.055686] RPC: Registered tcp transport module.?
[    1.060480] RPC: Registered tcp-with-tls transport module.?
[    1.066070] RPC: Registered tcp NFSv4.1 backchannel transport module.?
[    1.072656] pci_bus 0000:00: resource 4 [io  0x0000-0xffff]?
[    1.078352] pci_bus 0000:00: resource 5 [mem 0x00000000-0xffffffffff]?
[    1.085025] pci 0000:00:01.1: D0 power state depends on 0000:00:01.0?
[    1.091511] pci 0000:00:02.0: CLS mismatch (64 != 512), using 64 bytes?
[    1.098285] AMD-Vi: Using global IVHD EFR:0x0, EFR2:0x0?
[    1.098492] Trying to unpack rootfs image as initramfs...?
[    1.103816] pci 0000:00:00.0: Adding to iommu group 0?
[    1.114401] pci 0000:00:14.0: Adding to iommu group 1?
[    1.119588] pci 0000:00:14.1: Adding to iommu group 1?
[    1.124771] pci 0000:00:14.2: Adding to iommu group 1?
[    1.129956] pci 0000:00:14.3: Adding to iommu group 1?
[    1.135147] pci 0000:00:14.4: Adding to iommu group 1?
[    1.140348] pci 0000:00:14.5: Adding to iommu group 1?
[    1.145532] pci 0000:00:14.6: Adding to iommu group 1?
[    1.150716] pci 0000:00:14.7: Adding to iommu group 1?
[    1.155946] AMD-Vi: Extended features (0x840, 0x0): IA?
[    1.161478] PCI-DMA: Using software bounce buffering for IO (SWIOTLB)?
[    1.168053] software IO TLB: mapped [mem 0x000000007afe8000-0x000000007efe8000] (64MB)?
[    1.176270] LVT offset 0 assigned for vector 0x400?
[    1.182325] perf: AMD IBS detected (0x000000ff)?
[    1.186996] kvm_amd: TSC scaling supported?
[    1.191175] kvm_amd: Nested Virtualization enabled?
[    1.196063] kvm_amd: Nested Paging enabled?
[    1.200240] kvm_amd: LBR virtualization supported?
[    1.226620] Freeing initrd memory: 4080K?
[    1.239372] platform rtc_cmos: registered platform RTC device (no PNP device found)?
[    1.250365] Initialise system trusted keyrings?
[    1.255032] workingset: timestamp_bits=40 max_order=21 bucket_order=0?
[    1.262011] ntfs3: Warning: Activated 64 bits per cluster. Windows does not support this?
[    1.270347] fuse: init (API version 7.43)?
[    1.310369] NET: Registered PF_ALG protocol family?
[    1.315258] xor: automatically using best checksumming function   avx       ?
[    1.322445] Key type asymmetric registered?
[    1.326620] Asymmetric key parser 'x509' registered?
[    1.331619] Block layer SCSI generic (bsg) driver version 0.4 loaded (major 252)?
[    1.339160] io scheduler mq-deadline registered?
[    1.343776] io scheduler kyber registered?
[    1.349875] Could not retrieve perf counters (-19)?
[    1.385916] Non-volatile memory driver v1.3?
[    1.390207] Linux agpgart interface v0.103?
[    1.394832] ACPI: bus type drm_connector registered?
[    1.399827] [drm] amdgpu kernel modesetting enabled.?
[    1.406506] brd: module loaded?
[    1.412134] loop: module loaded?
[    1.415356] i2c-core: driver [at24] registered?
[    1.420080] baikal_pcie 0000:00:14.4: bpcie_probe()?
[    1.425094] baikal_pcie 0000:00:14.4: bpcie glue probe?
[    1.430342] baikal_pcie 0000:00:14.4: Baikal chip revision: 4c0c2021:8d76a398:0000b100?
[    1.438416] pci 0000:00:14.0: bpcie_create_irq_domain?
[    1.443566] baikal_pcie 0000:00:14.4: devid = 164?
[    1.448364] baikal_pcie 0000:00:14.4: no parent ?
[    1.453076] bpcie_create_irq_domain: marked Baikal-MSI-164-3-14 as MSI parent (flags=0x113 bus_token=AMDVI)?
[    1.463009] pci 0000:00:14.1: bpcie_create_irq_domain?
[    1.468159] baikal_pcie 0000:00:14.4: devid = 164?
[    1.472953] baikal_pcie 0000:00:14.4: no parent ?
[    1.477665] bpcie_create_irq_domain: marked Baikal-MSI-164-3-14 as MSI parent (flags=0x113 bus_token=AMDVI)?
[    1.487597] pci 0000:00:14.2: bpcie_create_irq_domain?
[    1.492751] baikal_pcie 0000:00:14.4: devid = 164?
[    1.497547] baikal_pcie 0000:00:14.4: no parent ?
[    1.502266] bpcie_create_irq_domain: marked Baikal-MSI-164-3-14 as MSI parent (flags=0x113 bus_token=AMDVI)?
[    1.512198] pci 0000:00:14.3: bpcie_create_irq_domain?
[    1.517349] baikal_pcie 0000:00:14.4: devid = 164?
[    1.522143] baikal_pcie 0000:00:14.4: no parent ?
[    1.526852] bpcie_create_irq_domain: marked Baikal-MSI-164-3-14 as MSI parent (flags=0x113 bus_token=AMDVI)?
[    1.536782] baikal_pcie 0000:00:14.4: bpcie_create_irq_domain?
[    1.542640] baikal_pcie 0000:00:14.4: devid = 164?
[    1.547435] baikal_pcie 0000:00:14.4: no parent ?
[    1.552144] bpcie_create_irq_domain: marked Baikal-MSI-164-3-14 as MSI parent (flags=0x113 bus_token=AMDVI)?
[    1.562073] pci 0000:00:14.5: bpcie_create_irq_domain?
[    1.567222] baikal_pcie 0000:00:14.4: devid = 164?
[    1.572017] baikal_pcie 0000:00:14.4: no parent ?
[    1.576726] bpcie_create_irq_domain: marked Baikal-MSI-164-3-14 as MSI parent (flags=0x113 bus_token=AMDVI)?
[    1.586654] pci 0000:00:14.6: bpcie_create_irq_domain?
[    1.591805] baikal_pcie 0000:00:14.4: devid = 164?
[    1.596599] baikal_pcie 0000:00:14.4: no parent ?
[    1.601307] bpcie_create_irq_domain: marked Baikal-MSI-164-3-14 as MSI parent (flags=0x113 bus_token=AMDVI)?
[    1.611242] pci 0000:00:14.7: bpcie_create_irq_domain?
[    1.616395] baikal_pcie 0000:00:14.4: devid = 164?
[    1.621191] baikal_pcie 0000:00:14.4: no parent ?
[    1.625899] bpcie_create_irq_domain: marked Baikal-MSI-164-3-14 as MSI parent (flags=0x113 bus_token=AMDVI)?
[    1.635838] bpcie_init_dev_msi_info: dev=0000:00:14.4 installed bpcie demuxer (sc=(____ptrval____))?
[    1.645644] bpcie_msi_init: virq=10 hwirq=0x0 domain=(____ptrval____) info=(____ptrval____) sc=(____ptrval____)?
[    1.655935] bpcie_msi_init: registered virq=10 irq_map[0]?
[    1.661436] bpcie_msi_init: virq=11 hwirq=0x1 domain=(____ptrval____) info=(____ptrval____) sc=(____ptrval____)?
[    1.671719] bpcie_msi_init: registered virq=11 irq_map[1]?
[    1.677225] bpcie_msi_init: virq=12 hwirq=0x2 domain=(____ptrval____) info=(____ptrval____) sc=(____ptrval____)?
[    1.687508] bpcie_msi_init: registered virq=12 irq_map[2]?
[    1.693010] bpcie_msi_init: virq=13 hwirq=0x3 domain=(____ptrval____) info=(____ptrval____) sc=(____ptrval____)?
[    1.703296] bpcie_msi_init: registered virq=13 irq_map[3]?
[    1.708798] bpcie_msi_init: virq=14 hwirq=0x4 domain=(____ptrval____) info=(____ptrval____) sc=(____ptrval____)?
[    1.719080] bpcie_msi_init: registered virq=14 irq_map[4]?
[    1.724580] bpcie_msi_init: virq=15 hwirq=0x5 domain=(____ptrval____) info=(____ptrval____) sc=(____ptrval____)?
[    1.734862] bpcie_msi_init: registered virq=15 irq_map[5]?
[    1.740361] bpcie_msi_init: virq=16 hwirq=0x6 domain=(____ptrval____) info=(____ptrval____) sc=(____ptrval____)?
[    1.750644] bpcie_msi_init: registered virq=16 irq_map[6]?
[    1.756145] bpcie_msi_init: virq=17 hwirq=0x7 domain=(____ptrval____) info=(____ptrval____) sc=(____ptrval____)?
[    1.766428] bpcie_msi_init: registered virq=17 irq_map[7]?
[    1.771928] bpcie_msi_init: virq=18 hwirq=0x8 domain=(____ptrval____) info=(____ptrval____) sc=(____ptrval____)?
[    1.782211] bpcie_msi_init: registered virq=18 irq_map[8]?
[    1.787712] bpcie_msi_init: virq=19 hwirq=0x9 domain=(____ptrval____) info=(____ptrval____) sc=(____ptrval____)?
[    1.797994] bpcie_msi_init: registered virq=19 irq_map[9]?
[    1.803494] bpcie_msi_init: virq=20 hwirq=0xa domain=(____ptrval____) info=(____ptrval____) sc=(____ptrval____)?
[    1.813778] bpcie_msi_init: registered virq=20 irq_map[10]?
[    1.819368] bpcie_msi_init: virq=21 hwirq=0xb domain=(____ptrval____) info=(____ptrval____) sc=(____ptrval____)?
[    1.829651] bpcie_msi_init: registered virq=21 irq_map[11]?
[    1.835241] bpcie_msi_init: virq=22 hwirq=0xc domain=(____ptrval____) info=(____ptrval____) sc=(____ptrval____)?
[    1.845525] bpcie_msi_init: registered virq=22 irq_map[12]?
[    1.851117] bpcie_msi_init: virq=23 hwirq=0xd domain=(____ptrval____) info=(____ptrval____) sc=(____ptrval____)?
[    1.861401] bpcie_msi_init: registered virq=23 irq_map[13]?
[    1.866992] bpcie_msi_init: virq=24 hwirq=0xe domain=(____ptrval____) info=(____ptrval____) sc=(____ptrval____)?
[    1.877275] bpcie_msi_init: registered virq=24 irq_map[14]?
[    1.882867] bpcie_msi_init: virq=25 hwirq=0xf domain=(____ptrval____) info=(____ptrval____) sc=(____ptrval____)?
[    1.893149] bpcie_msi_init: registered virq=25 irq_map[15]?
[    1.898738] bpcie_msi_init: virq=26 hwirq=0x10 domain=(____ptrval____) info=(____ptrval____) sc=(____ptrval____)?
[    1.909110] bpcie_msi_init: registered virq=26 irq_map[16]?
[    1.914699] bpcie_msi_init: virq=27 hwirq=0x11 domain=(____ptrval____) info=(____ptrval____) sc=(____ptrval____)?
[    1.925071] bpcie_msi_init: registered virq=27 irq_map[17]?
[    1.930660] bpcie_msi_init: virq=28 hwirq=0x12 domain=(____ptrval____) info=(____ptrval____) sc=(____ptrval____)?
[    1.941031] bpcie_msi_init: registered virq=28 irq_map[18]?
[    1.946620] bpcie_msi_init: virq=29 hwirq=0x13 domain=(____ptrval____) info=(____ptrval____) sc=(____ptrval____)?
[    1.956992] bpcie_msi_init: registered virq=29 irq_map[19]?
[    1.962582] bpcie_msi_init: virq=30 hwirq=0x14 domain=(____ptrval____) info=(____ptrval____) sc=(____ptrval____)?
[    1.972954] bpcie_msi_init: registered virq=30 irq_map[20]?
[    1.978545] bpcie_msi_init: virq=31 hwirq=0x15 domain=(____ptrval____) info=(____ptrval____) sc=(____ptrval____)?
[    1.988915] bpcie_msi_init: registered virq=31 irq_map[21]?
[    1.994507] bpcie_msi_init: virq=32 hwirq=0x16 domain=(____ptrval____) info=(____ptrval____) sc=(____ptrval____)?
[    2.004878] bpcie_msi_init: registered virq=32 irq_map[22]?
[    2.010467] bpcie_msi_init: virq=33 hwirq=0x17 domain=(____ptrval____) info=(____ptrval____) sc=(____ptrval____)?
[    2.020837] bpcie_msi_init: registered virq=33 irq_map[23]?
[    2.026426] bpcie_msi_init: virq=34 hwirq=0x18 domain=(____ptrval____) info=(____ptrval____) sc=(____ptrval____)?
[    2.036798] bpcie_msi_init: registered virq=34 irq_map[24]?
[    2.042389] bpcie_msi_init: virq=35 hwirq=0x19 domain=(____ptrval____) info=(____ptrval____) sc=(____ptrval____)?
[    2.052760] bpcie_msi_init: registered virq=35 irq_map[25]?
[    2.058349] bpcie_msi_init: virq=36 hwirq=0x1a domain=(____ptrval____) info=(____ptrval____) sc=(____ptrval____)?
[    2.068720] bpcie_msi_init: registered virq=36 irq_map[26]?
[    2.074309] bpcie_msi_init: virq=37 hwirq=0x1b domain=(____ptrval____) info=(____ptrval____) sc=(____ptrval____)?
[    2.084684] bpcie_msi_init: registered virq=37 irq_map[27]?
[    2.090274] bpcie_msi_init: virq=38 hwirq=0x1c domain=(____ptrval____) info=(____ptrval____) sc=(____ptrval____)?
[    2.100646] bpcie_msi_init: registered virq=38 irq_map[28]?
[    2.106235] bpcie_msi_init: virq=39 hwirq=0x1d domain=(____ptrval____) info=(____ptrval____) sc=(____ptrval____)?
[    2.116607] bpcie_msi_init: registered virq=39 irq_map[29]?
[    2.122196] bpcie_msi_init: virq=40 hwirq=0x1e domain=(____ptrval____) info=(____ptrval____) sc=(____ptrval____)?
[    2.132568] bpcie_msi_init: registered virq=40 irq_map[30]?
[    2.138157] bpcie_msi_init: virq=41 hwirq=0x1f domain=(____ptrval____) info=(____ptrval____) sc=(____ptrval____)?
[    2.148530] bpcie_msi_init: registered virq=41 irq_map[31]?
[    2.154160] baikal_pcie 0000:00:14.4: bpcie_msi_write_msg(fee00000, 000000ef) mask=0x0 irq=10 hwirq=0x0 (____ptrval____)?
[    2.165252] baikal_pcie 0000:00:14.4: bpcie_config_msi: func=4 subfunc=0 addr=fee00000 data=000000ef?
[    2.174579] baikal_pcie 0000:00:14.4: bpcie_msi_write_msg(fee00000, 000000ef) mask=0x0 irq=11 hwirq=0x1 (____ptrval____)?
[    2.185664] baikal_pcie 0000:00:14.4: bpcie_config_msi: func=4 subfunc=1 addr=fee00000 data=000000ef?
[    2.194982] baikal_pcie 0000:00:14.4: bpcie_msi_write_msg(fee00000, 000000ef) mask=0x0 irq=12 hwirq=0x2 (____ptrval____)?
[    2.206064] baikal_pcie 0000:00:14.4: bpcie_config_msi: func=4 subfunc=2 addr=fee00000 data=000000ef?
[    2.215382] baikal_pcie 0000:00:14.4: bpcie_msi_write_msg(fee00000, 000000ef) mask=0x0 irq=13 hwirq=0x3 (____ptrval____)?
[    2.226465] baikal_pcie 0000:00:14.4: bpcie_config_msi: func=4 subfunc=3 addr=fee00000 data=000000ef?
[    2.235782] baikal_pcie 0000:00:14.4: bpcie_msi_write_msg(fee00000, 000000ef) mask=0x0 irq=14 hwirq=0x4 (____ptrval____)?
[    2.246864] baikal_pcie 0000:00:14.4: bpcie_config_msi: func=4 subfunc=4 addr=fee00000 data=000000ef?
[    2.256183] baikal_pcie 0000:00:14.4: bpcie_msi_write_msg(fee00000, 000000ef) mask=0x0 irq=15 hwirq=0x5 (____ptrval____)?
[    2.267267] baikal_pcie 0000:00:14.4: bpcie_config_msi: func=4 subfunc=5 addr=fee00000 data=000000ef?
[    2.276584] baikal_pcie 0000:00:14.4: bpcie_msi_write_msg(fee00000, 000000ef) mask=0x0 irq=16 hwirq=0x6 (____ptrval____)?
[    2.287666] baikal_pcie 0000:00:14.4: bpcie_config_msi: func=4 subfunc=6 addr=fee00000 data=000000ef?
[    2.296984] baikal_pcie 0000:00:14.4: bpcie_msi_write_msg(fee00000, 000000ef) mask=0x0 irq=17 hwirq=0x7 (____ptrval____)?
[    2.308066] baikal_pcie 0000:00:14.4: bpcie_config_msi: func=4 subfunc=7 addr=fee00000 data=000000ef?
[    2.317384] baikal_pcie 0000:00:14.4: bpcie_msi_write_msg(fee00000, 000000ef) mask=0x0 irq=18 hwirq=0x8 (____ptrval____)?
[    2.328464] baikal_pcie 0000:00:14.4: bpcie_config_msi: func=4 subfunc=8 addr=fee00000 data=000000ef?
[    2.337782] baikal_pcie 0000:00:14.4: bpcie_msi_write_msg(fee00000, 000000ef) mask=0x0 irq=19 hwirq=0x9 (____ptrval____)?
[    2.348864] baikal_pcie 0000:00:14.4: bpcie_config_msi: func=4 subfunc=9 addr=fee00000 data=000000ef?
[    2.358184] baikal_pcie 0000:00:14.4: bpcie_msi_write_msg(fee00000, 000000ef) mask=0x0 irq=20 hwirq=0xa (____ptrval____)?
[    2.369267] baikal_pcie 0000:00:14.4: bpcie_config_msi: func=4 subfunc=10 addr=fee00000 data=000000ef?
[    2.378674] baikal_pcie 0000:00:14.4: bpcie_msi_write_msg(fee00000, 000000ef) mask=0x0 irq=21 hwirq=0xb (____ptrval____)?
[    2.389760] baikal_pcie 0000:00:14.4: bpcie_config_msi: func=4 subfunc=11 addr=fee00000 data=000000ef?
[    2.399168] baikal_pcie 0000:00:14.4: bpcie_msi_write_msg(fee00000, 000000ef) mask=0x0 irq=22 hwirq=0xc (____ptrval____)?
[    2.410251] baikal_pcie 0000:00:14.4: bpcie_config_msi: func=4 subfunc=12 addr=fee00000 data=000000ef?
[    2.419657] baikal_pcie 0000:00:14.4: bpcie_msi_write_msg(fee00000, 000000ef) mask=0x0 irq=23 hwirq=0xd (____ptrval____)?
[    2.430739] baikal_pcie 0000:00:14.4: bpcie_config_msi: func=4 subfunc=13 addr=fee00000 data=000000ef?
[    2.440144] baikal_pcie 0000:00:14.4: bpcie_msi_write_msg(fee00000, 000000ef) mask=0x0 irq=24 hwirq=0xe (____ptrval____)?
[    2.451225] baikal_pcie 0000:00:14.4: bpcie_config_msi: func=4 subfunc=14 addr=fee00000 data=000000ef?
[    2.460634] baikal_pcie 0000:00:14.4: bpcie_msi_write_msg(fee00000, 000000ef) mask=0x0 irq=25 hwirq=0xf (____ptrval____)?
[    2.471715] baikal_pcie 0000:00:14.4: bpcie_config_msi: func=4 subfunc=15 addr=fee00000 data=000000ef?
[    2.481121] baikal_pcie 0000:00:14.4: bpcie_msi_write_msg(fee00000, 000000ef) mask=0x0 irq=26 hwirq=0x10 (____ptrval____)?
[    2.492293] baikal_pcie 0000:00:14.4: bpcie_config_msi: func=4 subfunc=16 addr=fee00000 data=000000ef?
[    2.501698] baikal_pcie 0000:00:14.4: bpcie_msi_write_msg(fee00000, 000000ef) mask=0x0 irq=27 hwirq=0x11 (____ptrval____)?
[    2.512871] baikal_pcie 0000:00:14.4: bpcie_config_msi: func=4 subfunc=17 addr=fee00000 data=000000ef?
[    2.522278] baikal_pcie 0000:00:14.4: bpcie_msi_write_msg(fee00000, 000000ef) mask=0x0 irq=28 hwirq=0x12 (____ptrval____)?
[    2.533448] baikal_pcie 0000:00:14.4: bpcie_config_msi: func=4 subfunc=18 addr=fee00000 data=000000ef?
[    2.542856] baikal_pcie 0000:00:14.4: bpcie_msi_write_msg(fee00000, 000000ef) mask=0x0 irq=29 hwirq=0x13 (____ptrval____)?
[    2.554026] baikal_pcie 0000:00:14.4: bpcie_config_msi: func=4 subfunc=19 addr=fee00000 data=000000ef?
[    2.563433] baikal_pcie 0000:00:14.4: bpcie_msi_write_msg(fee00000, 000000ef) mask=0x0 irq=30 hwirq=0x14 (____ptrval____)?
[    2.574602] baikal_pcie 0000:00:14.4: bpcie_config_msi: func=4 subfunc=20 addr=fee00000 data=000000ef?
[    2.584009] baikal_pcie 0000:00:14.4: bpcie_msi_write_msg(fee00000, 000000ef) mask=0x0 irq=31 hwirq=0x15 (____ptrval____)?
[    2.595177] baikal_pcie 0000:00:14.4: bpcie_config_msi: func=4 subfunc=21 addr=fee00000 data=000000ef?
[    2.604585] baikal_pcie 0000:00:14.4: bpcie_msi_write_msg(fee00000, 000000ef) mask=0x0 irq=32 hwirq=0x16 (____ptrval____)?
[    2.615756] baikal_pcie 0000:00:14.4: bpcie_config_msi: func=4 subfunc=22 addr=fee00000 data=000000ef?
[    2.625163] baikal_pcie 0000:00:14.4: bpcie_msi_write_msg(fee00000, 000000ef) mask=0x0 irq=33 hwirq=0x17 (____ptrval____)?
[    2.636333] baikal_pcie 0000:00:14.4: bpcie_config_msi: func=4 subfunc=23 addr=fee00000 data=000000ef?
[    2.645739] baikal_pcie 0000:00:14.4: bpcie_msi_write_msg(fee00000, 000000ef) mask=0x0 irq=34 hwirq=0x18 (____ptrval____)?
[    2.656910] baikal_pcie 0000:00:14.4: bpcie_config_msi: func=4 subfunc=24 addr=fee00000 data=000000ef?
[    2.666317] baikal_pcie 0000:00:14.4: bpcie_msi_write_msg(fee00000, 000000ef) mask=0x0 irq=35 hwirq=0x19 (____ptrval____)?
[    2.677486] baikal_pcie 0000:00:14.4: bpcie_config_msi: func=4 subfunc=25 addr=fee00000 data=000000ef?
[    2.686893] baikal_pcie 0000:00:14.4: bpcie_msi_write_msg(fee00000, 000000ef) mask=0x0 irq=36 hwirq=0x1a (____ptrval____)?
[    2.698061] baikal_pcie 0000:00:14.4: bpcie_config_msi: func=4 subfunc=26 addr=fee00000 data=000000ef?
[    2.707467] baikal_pcie 0000:00:14.4: bpcie_msi_write_msg(fee00000, 000000ef) mask=0x0 irq=37 hwirq=0x1b (____ptrval____)?
[    2.718636] baikal_pcie 0000:00:14.4: bpcie_config_msi: func=4 subfunc=27 addr=fee00000 data=000000ef?
[    2.728044] baikal_pcie 0000:00:14.4: bpcie_msi_write_msg(fee00000, 000000ef) mask=0x0 irq=38 hwirq=0x1c (____ptrval____)?
[    2.739214] baikal_pcie 0000:00:14.4: bpcie_config_msi: func=4 subfunc=28 addr=fee00000 data=000000ef?
[    2.748621] baikal_pcie 0000:00:14.4: bpcie_msi_write_msg(fee00000, 000000ef) mask=0x0 irq=39 hwirq=0x1d (____ptrval____)?
[    2.759791] baikal_pcie 0000:00:14.4: bpcie_config_msi: func=4 subfunc=29 addr=fee00000 data=000000ef?
[    2.769198] baikal_pcie 0000:00:14.4: bpcie_msi_write_msg(fee00000, 000000ef) mask=0x0 irq=40 hwirq=0x1e (____ptrval____)?
[    2.780368] baikal_pcie 0000:00:14.4: bpcie_config_msi: func=4 subfunc=30 addr=fee00000 data=000000ef?
[    2.789775] baikal_pcie 0000:00:14.4: bpcie_msi_write_msg(fee00000, 000000ef) mask=0x0 irq=41 hwirq=0x1f (____ptrval____)?
[    2.800946] baikal_pcie 0000:00:14.4: bpcie_config_msi: func=4 subfunc=31 addr=fee00000 data=000000ef?
[    2.810438] baikal_pcie 0000:00:14.4: dev->irq=10?
[    2.815358] baikal_pcie 0000:00:14.4: Failed to register serial port 0?
[    2.822019] baikal_pcie 0000:00:14.4: UART init failed (-5); continuing without serial console?
[    2.830806] bpcie_icc_init: msi_desc msi_index=0 irq=10?
[    2.836134] bpcie_icc_init: ICC subfunc 3 -> bpcie_irqnum=13 found_virq=-1?
[    2.843147] baikal_pcie 0000:00:14.4: bpcie_msi_write_msg(fee01000, 00000020) mask=0x0 irq=13 hwirq=0x3 (____ptrval____)?
[    2.844135] baikal_pcie 0000:00:14.4: bpcie_config_msi: func=4 subfunc=3 addr=fee01000 data=00000020?
[    2.844135] baikal_pcie 0000:00:14.4: bpcie_msi_write_msg(fee01000, 00000020) mask=0x0 irq=13 hwirq=0x3 (____ptrval____)?
[    2.844135] baikal_pcie 0000:00:14.4: bpcie_config_msi: func=4 subfunc=3 addr=fee01000 data=00000020?
[    2.883946] genirq: Flags mismatch irq 0. 00200080 (icc-shotgun) vs. 00000000 (AMD-Vi)?
[    2.892029] baikal_pcie 0000:00:14.4: bpcie_msi_write_msg(fee02000, 00000020) mask=0x0 irq=10 hwirq=0x0 (____ptrval____)?
[    2.893015] baikal_pcie 0000:00:14.4: bpcie_config_msi: func=4 subfunc=0 addr=fee02000 data=00000020?
[    2.893015] baikal_pcie 0000:00:14.4: bpcie_msi_write_msg(fee02000, 00000020) mask=0x0 irq=10 hwirq=0x0 (____ptrval____)?
[    2.893015] baikal_pcie 0000:00:14.4: bpcie_config_msi: func=4 subfunc=0 addr=fee02000 data=00000020?
[    2.932851] baikal_pcie 0000:00:14.4: bpcie_msi_write_msg(fee03000, 00000020) mask=0x0 irq=11 hwirq=0x1 (____ptrval____)?
[    2.933834] baikal_pcie 0000:00:14.4: bpcie_config_msi: func=4 subfunc=1 addr=fee03000 data=00000020?
[    2.933834] baikal_pcie 0000:00:14.4: bpcie_msi_write_msg(fee03000, 00000020) mask=0x0 irq=11 hwirq=0x1 (____ptrval____)?
[    2.933834] baikal_pcie 0000:00:14.4: bpcie_config_msi: func=4 subfunc=1 addr=fee03000 data=00000020?
[    2.973638] baikal_pcie 0000:00:14.4: bpcie_msi_write_msg(fee04000, 00000020) mask=0x0 irq=12 hwirq=0x2 (____ptrval____)?
[    2.974621] baikal_pcie 0000:00:14.4: bpcie_config_msi: func=4 subfunc=2 addr=fee04000 data=00000020?
[    2.974621] baikal_pcie 0000:00:14.4: bpcie_msi_write_msg(fee04000, 00000020) mask=0x0 irq=12 hwirq=0x2 (____ptrval____)?
[    2.974621] baikal_pcie 0000:00:14.4: bpcie_config_msi: func=4 subfunc=2 addr=fee04000 data=00000020?
[    3.014433] baikal_pcie 0000:00:14.4: bpcie_msi_write_msg(fee05000, 00000020) mask=0x0 irq=14 hwirq=0x4 (____ptrval____)?
[    3.015415] baikal_pcie 0000:00:14.4: bpcie_config_msi: func=4 subfunc=4 addr=fee05000 data=00000020?
[    3.015415] baikal_pcie 0000:00:14.4: bpcie_msi_write_msg(fee05000, 00000020) mask=0x0 irq=14 hwirq=0x4 (____ptrval____)?
[    3.015415] baikal_pcie 0000:00:14.4: bpcie_config_msi: func=4 subfunc=4 addr=fee05000 data=00000020?
[    3.055224] baikal_pcie 0000:00:14.4: bpcie_msi_write_msg(fee06000, 00000020) mask=0x0 irq=15 hwirq=0x5 (____ptrval____)?
[    3.056208] baikal_pcie 0000:00:14.4: bpcie_config_msi: func=4 subfunc=5 addr=fee06000 data=00000020?
[    3.056208] baikal_pcie 0000:00:14.4: bpcie_msi_write_msg(fee06000, 00000020) mask=0x0 irq=15 hwirq=0x5 (____ptrval____)?
[    3.056208] baikal_pcie 0000:00:14.4: bpcie_config_msi: func=4 subfunc=5 addr=fee06000 data=00000020?
[    3.096017] baikal_pcie 0000:00:14.4: bpcie_msi_write_msg(fee07000, 00000020) mask=0x0 irq=16 hwirq=0x6 (____ptrval____)?
[    3.096999] baikal_pcie 0000:00:14.4: bpcie_config_msi: func=4 subfunc=6 addr=fee07000 data=00000020?
[    3.096999] baikal_pcie 0000:00:14.4: bpcie_msi_write_msg(fee07000, 00000020) mask=0x0 irq=16 hwirq=0x6 (____ptrval____)?
[    3.096999] baikal_pcie 0000:00:14.4: bpcie_config_msi: func=4 subfunc=6 addr=fee07000 data=00000020?
[    3.136806] baikal_pcie 0000:00:14.4: bpcie_msi_write_msg(fee00000, 00000021) mask=0x0 irq=17 hwirq=0x7 (____ptrval____)?
[    3.137790] baikal_pcie 0000:00:14.4: bpcie_config_msi: func=4 subfunc=7 addr=fee00000 data=00000021?
[    3.137790] baikal_pcie 0000:00:14.4: bpcie_msi_write_msg(fee00000, 00000021) mask=0x0 irq=17 hwirq=0x7 (____ptrval____)?
[    3.137790] baikal_pcie 0000:00:14.4: bpcie_config_msi: func=4 subfunc=7 addr=fee00000 data=00000021?
[    3.177597] baikal_pcie 0000:00:14.4: bpcie_msi_write_msg(fee01000, 00000021) mask=0x0 irq=18 hwirq=0x8 (____ptrval____)?
[    3.178579] baikal_pcie 0000:00:14.4: bpcie_config_msi: func=4 subfunc=8 addr=fee01000 data=00000021?
[    3.178579] baikal_pcie 0000:00:14.4: bpcie_msi_write_msg(fee01000, 00000021) mask=0x0 irq=18 hwirq=0x8 (____ptrval____)?
[    3.178579] baikal_pcie 0000:00:14.4: bpcie_config_msi: func=4 subfunc=8 addr=fee01000 data=00000021?
[    3.218386] baikal_pcie 0000:00:14.4: bpcie_msi_write_msg(fee02000, 00000021) mask=0x0 irq=19 hwirq=0x9 (____ptrval____)?
[    3.219369] baikal_pcie 0000:00:14.4: bpcie_config_msi: func=4 subfunc=9 addr=fee02000 data=00000021?
[    3.219369] baikal_pcie 0000:00:14.4: bpcie_msi_write_msg(fee02000, 00000021) mask=0x0 irq=19 hwirq=0x9 (____ptrval____)?
[    3.219369] baikal_pcie 0000:00:14.4: bpcie_config_msi: func=4 subfunc=9 addr=fee02000 data=00000021?
[    3.259173] baikal_pcie 0000:00:14.4: bpcie_msi_write_msg(fee03000, 00000021) mask=0x0 irq=20 hwirq=0xa (____ptrval____)?
[    3.260158] baikal_pcie 0000:00:14.4: bpcie_config_msi: func=4 subfunc=10 addr=fee03000 data=00000021?
[    3.260158] baikal_pcie 0000:00:14.4: bpcie_msi_write_msg(fee03000, 00000021) mask=0x0 irq=20 hwirq=0xa (____ptrval____)?
[    3.260158] baikal_pcie 0000:00:14.4: bpcie_config_msi: func=4 subfunc=10 addr=fee03000 data=00000021?
[    3.300142] baikal_pcie 0000:00:14.4: bpcie_msi_write_msg(fee04000, 00000021) mask=0x0 irq=21 hwirq=0xb (____ptrval____)?
[    3.301122] baikal_pcie 0000:00:14.4: bpcie_config_msi: func=4 subfunc=11 addr=fee04000 data=00000021?
[    3.301122] baikal_pcie 0000:00:14.4: bpcie_msi_write_msg(fee04000, 00000021) mask=0x0 irq=21 hwirq=0xb (____ptrval____)?
[    3.301122] baikal_pcie 0000:00:14.4: bpcie_config_msi: func=4 subfunc=11 addr=fee04000 data=00000021?
[    3.341108] baikal_pcie 0000:00:14.4: bpcie_msi_write_msg(fee05000, 00000021) mask=0x0 irq=22 hwirq=0xc (____ptrval____)?
[    3.342093] baikal_pcie 0000:00:14.4: bpcie_config_msi: func=4 subfunc=12 addr=fee05000 data=00000021?
[    3.342093] baikal_pcie 0000:00:14.4: bpcie_msi_write_msg(fee05000, 00000021) mask=0x0 irq=22 hwirq=0xc (____ptrval____)?
[    3.342093] baikal_pcie 0000:00:14.4: bpcie_config_msi: func=4 subfunc=12 addr=fee05000 data=00000021?
[    3.382086] baikal_pcie 0000:00:14.4: bpcie_msi_write_msg(fee06000, 00000021) mask=0x0 irq=23 hwirq=0xd (____ptrval____)?
[    3.383058] baikal_pcie 0000:00:14.4: bpcie_config_msi: func=4 subfunc=13 addr=fee06000 data=00000021?
[    3.383058] baikal_pcie 0000:00:14.4: bpcie_msi_write_msg(fee06000, 00000021) mask=0x0 irq=23 hwirq=0xd (____ptrval____)?
[    3.383058] baikal_pcie 0000:00:14.4: bpcie_config_msi: func=4 subfunc=13 addr=fee06000 data=00000021?
[    3.423051] baikal_pcie 0000:00:14.4: bpcie_msi_write_msg(fee07000, 00000021) mask=0x0 irq=24 hwirq=0xe (____ptrval____)?
[    3.424036] baikal_pcie 0000:00:14.4: bpcie_config_msi: func=4 subfunc=14 addr=fee07000 data=00000021?
[    3.424036] baikal_pcie 0000:00:14.4: bpcie_msi_write_msg(fee07000, 00000021) mask=0x0 irq=24 hwirq=0xe (____ptrval____)?
[    3.424036] baikal_pcie 0000:00:14.4: bpcie_config_msi: func=4 subfunc=14 addr=fee07000 data=00000021?
[    3.464018] baikal_pcie 0000:00:14.4: bpcie_msi_write_msg(fee00000, 00000022) mask=0x0 irq=25 hwirq=0xf (____ptrval____)?
[    3.464999] baikal_pcie 0000:00:14.4: bpcie_config_msi: func=4 subfunc=15 addr=fee00000 data=00000022?
[    3.464999] baikal_pcie 0000:00:14.4: bpcie_msi_write_msg(fee00000, 00000022) mask=0x0 irq=25 hwirq=0xf (____ptrval____)?
[    3.464999] baikal_pcie 0000:00:14.4: bpcie_config_msi: func=4 subfunc=15 addr=fee00000 data=00000022?
[    3.504983] baikal_pcie 0000:00:14.4: bpcie_msi_write_msg(fee01000, 00000022) mask=0x0 irq=26 hwirq=0x10 (____ptrval____)?
[    3.505967] baikal_pcie 0000:00:14.4: bpcie_config_msi: func=4 subfunc=16 addr=fee01000 data=00000022?
[    3.505967] baikal_pcie 0000:00:14.4: bpcie_msi_write_msg(fee01000, 00000022) mask=0x0 irq=26 hwirq=0x10 (____ptrval____)?
[    3.505967] baikal_pcie 0000:00:14.4: bpcie_config_msi: func=4 subfunc=16 addr=fee01000 data=00000022?
[    3.546127] baikal_pcie 0000:00:14.4: bpcie_msi_write_msg(fee02000, 00000022) mask=0x0 irq=27 hwirq=0x11 (____ptrval____)?
[    3.547111] baikal_pcie 0000:00:14.4: bpcie_config_msi: func=4 subfunc=17 addr=fee02000 data=00000022?
[    3.547111] baikal_pcie 0000:00:14.4: bpcie_msi_write_msg(fee02000, 00000022) mask=0x0 irq=27 hwirq=0x11 (____ptrval____)?
[    3.547111] baikal_pcie 0000:00:14.4: bpcie_config_msi: func=4 subfunc=17 addr=fee02000 data=00000022?
[    3.587272] baikal_pcie 0000:00:14.4: bpcie_msi_write_msg(fee03000, 00000022) mask=0x0 irq=28 hwirq=0x12 (____ptrval____)?
[    3.588254] baikal_pcie 0000:00:14.4: bpcie_config_msi: func=4 subfunc=18 addr=fee03000 data=00000022?
[    3.588254] baikal_pcie 0000:00:14.4: bpcie_msi_write_msg(fee03000, 00000022) mask=0x0 irq=28 hwirq=0x12 (____ptrval____)?
[    3.588254] baikal_pcie 0000:00:14.4: bpcie_config_msi: func=4 subfunc=18 addr=fee03000 data=00000022?
[    3.628415] baikal_pcie 0000:00:14.4: bpcie_msi_write_msg(fee04000, 00000022) mask=0x0 irq=29 hwirq=0x13 (____ptrval____)?
[    3.629399] baikal_pcie 0000:00:14.4: bpcie_config_msi: func=4 subfunc=19 addr=fee04000 data=00000022?
[    3.629399] baikal_pcie 0000:00:14.4: bpcie_msi_write_msg(fee04000, 00000022) mask=0x0 irq=29 hwirq=0x13 (____ptrval____)?
[    3.629399] baikal_pcie 0000:00:14.4: bpcie_config_msi: func=4 subfunc=19 addr=fee04000 data=00000022?
[    3.669560] baikal_pcie 0000:00:14.4: bpcie_msi_write_msg(fee05000, 00000022) mask=0x0 irq=30 hwirq=0x14 (____ptrval____)?
[    3.670542] baikal_pcie 0000:00:14.4: bpcie_config_msi: func=4 subfunc=20 addr=fee05000 data=00000022?
[    3.670542] baikal_pcie 0000:00:14.4: bpcie_msi_write_msg(fee05000, 00000022) mask=0x0 irq=30 hwirq=0x14 (____ptrval____)?
[    3.670542] baikal_pcie 0000:00:14.4: bpcie_config_msi: func=4 subfunc=20 addr=fee05000 data=00000022?
[    3.710705] baikal_pcie 0000:00:14.4: bpcie_msi_write_msg(fee06000, 00000022) mask=0x0 irq=31 hwirq=0x15 (____ptrval____)?
[    3.711689] baikal_pcie 0000:00:14.4: bpcie_config_msi: func=4 subfunc=21 addr=fee06000 data=00000022?
[    3.711689] baikal_pcie 0000:00:14.4: bpcie_msi_write_msg(fee06000, 00000022) mask=0x0 irq=31 hwirq=0x15 (____ptrval____)?
[    3.711689] baikal_pcie 0000:00:14.4: bpcie_config_msi: func=4 subfunc=21 addr=fee06000 data=00000022?
[    3.751850] baikal_pcie 0000:00:14.4: bpcie_msi_write_msg(fee07000, 00000022) mask=0x0 irq=32 hwirq=0x16 (____ptrval____)?
[    3.752830] baikal_pcie 0000:00:14.4: bpcie_config_msi: func=4 subfunc=22 addr=fee07000 data=00000022?
[    3.752830] baikal_pcie 0000:00:14.4: bpcie_msi_write_msg(fee07000, 00000022) mask=0x0 irq=32 hwirq=0x16 (____ptrval____)?
[    3.752830] baikal_pcie 0000:00:14.4: bpcie_config_msi: func=4 subfunc=22 addr=fee07000 data=00000022?
[    3.792993] baikal_pcie 0000:00:14.4: bpcie_msi_write_msg(fee00000, 00000023) mask=0x0 irq=33 hwirq=0x17 (____ptrval____)?
[    3.793976] baikal_pcie 0000:00:14.4: bpcie_config_msi: func=4 subfunc=23 addr=fee00000 data=00000023?
[    3.793976] baikal_pcie 0000:00:14.4: bpcie_msi_write_msg(fee00000, 00000023) mask=0x0 irq=33 hwirq=0x17 (____ptrval____)?
[    3.793976] baikal_pcie 0000:00:14.4: bpcie_config_msi: func=4 subfunc=23 addr=fee00000 data=00000023?
[    3.834136] baikal_pcie 0000:00:14.4: bpcie_msi_write_msg(fee01000, 00000023) mask=0x0 irq=34 hwirq=0x18 (____ptrval____)?
[    3.835121] baikal_pcie 0000:00:14.4: bpcie_config_msi: func=4 subfunc=24 addr=fee01000 data=00000023?
[    3.835121] baikal_pcie 0000:00:14.4: bpcie_msi_write_msg(fee01000, 00000023) mask=0x0 irq=34 hwirq=0x18 (____ptrval____)?
[    3.835121] baikal_pcie 0000:00:14.4: bpcie_config_msi: func=4 subfunc=24 addr=fee01000 data=00000023?
[    3.875282] baikal_pcie 0000:00:14.4: bpcie_msi_write_msg(fee02000, 00000023) mask=0x0 irq=35 hwirq=0x19 (____ptrval____)?
[    3.876263] baikal_pcie 0000:00:14.4: bpcie_config_msi: func=4 subfunc=25 addr=fee02000 data=00000023?
[    3.876263] baikal_pcie 0000:00:14.4: bpcie_msi_write_msg(fee02000, 00000023) mask=0x0 irq=35 hwirq=0x19 (____ptrval____)?
[    3.876263] baikal_pcie 0000:00:14.4: bpcie_config_msi: func=4 subfunc=25 addr=fee02000 data=00000023?
[    3.916426] baikal_pcie 0000:00:14.4: bpcie_msi_write_msg(fee03000, 00000023) mask=0x0 irq=36 hwirq=0x1a (____ptrval____)?
[    3.917411] baikal_pcie 0000:00:14.4: bpcie_config_msi: func=4 subfunc=26 addr=fee03000 data=00000023?
[    3.917411] baikal_pcie 0000:00:14.4: bpcie_msi_write_msg(fee03000, 00000023) mask=0x0 irq=36 hwirq=0x1a (____ptrval____)?
[    3.917411] baikal_pcie 0000:00:14.4: bpcie_config_msi: func=4 subfunc=26 addr=fee03000 data=00000023?
[    3.957573] baikal_pcie 0000:00:14.4: bpcie_msi_write_msg(fee04000, 00000023) mask=0x0 irq=37 hwirq=0x1b (____ptrval____)?
[    3.958554] baikal_pcie 0000:00:14.4: bpcie_config_msi: func=4 subfunc=27 addr=fee04000 data=00000023?
[    3.958554] baikal_pcie 0000:00:14.4: bpcie_msi_write_msg(fee04000, 00000023) mask=0x0 irq=37 hwirq=0x1b (____ptrval____)?
[    3.958554] baikal_pcie 0000:00:14.4: bpcie_config_msi: func=4 subfunc=27 addr=fee04000 data=00000023?
[    3.998716] baikal_pcie 0000:00:14.4: bpcie_msi_write_msg(fee05000, 00000023) mask=0x0 irq=38 hwirq=0x1c (____ptrval____)?
[    3.999701] baikal_pcie 0000:00:14.4: bpcie_config_msi: func=4 subfunc=28 addr=fee05000 data=00000023?
[    3.999701] baikal_pcie 0000:00:14.4: bpcie_msi_write_msg(fee05000, 00000023) mask=0x0 irq=38 hwirq=0x1c (____ptrval____)?
[    3.999701] baikal_pcie 0000:00:14.4: bpcie_config_msi: func=4 subfunc=28 addr=fee05000 data=00000023?
[    4.039862] baikal_pcie 0000:00:14.4: bpcie_msi_write_msg(fee06000, 00000023) mask=0x0 irq=39 hwirq=0x1d (____ptrval____)?
[    4.040843] baikal_pcie 0000:00:14.4: bpcie_config_msi: func=4 subfunc=29 addr=fee06000 data=00000023?
[    4.040843] baikal_pcie 0000:00:14.4: bpcie_msi_write_msg(fee06000, 00000023) mask=0x0 irq=39 hwirq=0x1d (____ptrval____)?
[    4.040843] baikal_pcie 0000:00:14.4: bpcie_config_msi: func=4 subfunc=29 addr=fee06000 data=00000023?
[    4.081003] baikal_pcie 0000:00:14.4: bpcie_msi_write_msg(fee07000, 00000023) mask=0x0 irq=40 hwirq=0x1e (____ptrval____)?
[    4.081987] baikal_pcie 0000:00:14.4: bpcie_config_msi: func=4 subfunc=30 addr=fee07000 data=00000023?
[    4.081987] baikal_pcie 0000:00:14.4: bpcie_msi_write_msg(fee07000, 00000023) mask=0x0 irq=40 hwirq=0x1e (____ptrval____)?
[    4.081987] baikal_pcie 0000:00:14.4: bpcie_config_msi: func=4 subfunc=30 addr=fee07000 data=00000023?
[    4.122145] baikal_pcie 0000:00:14.4: bpcie_msi_write_msg(fee00000, 00000024) mask=0x0 irq=41 hwirq=0x1f (____ptrval____)?
[    4.123129] baikal_pcie 0000:00:14.4: bpcie_config_msi: func=4 subfunc=31 addr=fee00000 data=00000024?
[    4.123129] baikal_pcie 0000:00:14.4: bpcie_msi_write_msg(fee00000, 00000024) mask=0x0 irq=41 hwirq=0x1f (____ptrval____)?
[    4.123129] baikal_pcie 0000:00:14.4: bpcie_config_msi: func=4 subfunc=31 addr=fee00000 data=00000024?
[    4.163290] bpcie_icc_init: shotgun-registered ICC at 32 additional virqs (0..63)?
[    4.170924] baikal_pcie 0000:00:14.4: icc init-diag: ICC virq=13 STATUS=0x0 IRQ_MASK=0x3 DOORBELL_off=0x108004 STATUS_off=0x108014?
[    4.182923] i2c i2c-0: adapter [icc] registered?
[    4.187667] icc_interrupt: irq=35 entry status=0x2?
[    4.188779] icc_interrupt: irq=0 entry status=0x2?
[    4.209192] icc_interrupt: irq=35 entry status=0x1?
[    4.209778] icc_interrupt: irq=0 entry status=0x1?
[    4.218871] Turn ON BT/WLAN: ret=20, reply 00 00 00 00?
[    4.219011] icc_interrupt: irq=35 entry status=0x2?
[    4.219756] icc_interrupt: irq=0 entry status=0x2?
[    4.233921] usb0 status: ret=20, reply 00 00 01 00?
[    4.233925] USB is already turned ON!?
[    4.238874] input: Power Button as /devices/pci0000:00/0000:00:14.4/input/input0?
[    4.250264] icc_interrupt: irq=35 entry status=0x2?
[    4.250770] icc_interrupt: irq=0 entry status=0x2?
[    4.264164] icc_interrupt: irq=35 entry status=0x1?
[    4.264748] icc_interrupt: irq=0 entry status=0x1?
[    4.273842] icc: not ready?
[    4.276600] baikal_pcie 0000:00:14.4: icc_pwrbutton_init: Failed to enable reset notifications (-11)?
[    4.299739] ret=46, reply 00 00 03 00 00 00 15 00?
[    4.309735] ret=20, reply 00 00 01 02 10 00 00 00?
[    4.319733] ret=20, reply 00 00 00 00 00 00 00 00?
[    4.324631] wireguard: WireGuard 1.0.0 loaded. See www.wireguard.com for information.?
[    4.332615] wireguard: Copyright (C) 2015-2019 Jason A. Donenfeld <Jason@zx2c4.com>. All Rights Reserved.?
[    4.342866] sky2: driver version 1.30?
[    4.346643] resource: resource sanity check: requesting [mem 0x00000000c2000000-0x00000000c2003fff], which spans more than 0000:00:14.1 [mem 0xc2000000-0xc2000fff 64bit]?
[    4.362067] caller sky2_probe+0x153/0x310 mapping multiple BARs?
[    4.368111] sky2 0000:00:14.1: unsupported chip type 0x0?
[    4.373535] sky2 0000:00:14.1: probe with driver sky2 failed with error -95?
[    4.380813] xhci_aeolia 0000:00:14.7: bpcie_assign_irqs(3)?
[    4.386419] bpcie_init_dev_msi_info: dev=0000:00:14.7 installed bpcie demuxer (sc=(____ptrval____))?
[    4.395677] bpcie_msi_init: virq=1 hwirq=0x0 domain=(____ptrval____) info=(____ptrval____) sc=(____ptrval____)?
[    4.405875] bpcie_msi_init: registered virq=1 irq_map[32]?
[    4.411380] xhci_aeolia 0000:00:14.7: bpcie_msi_write_msg(fee00000, 000000ef) mask=0x0 irq=1 hwirq=0x0 (____ptrval____)?
[    4.422383] baikal_pcie 0000:00:14.4: bpcie_config_msi: func=7 subfunc=0 addr=fee00000 data=000000ef?
[    4.431724] xhci_aeolia 0000:00:14.7: bpcie_assign_irqs returning 1?
[    4.438118] xhci_aeolia 0000:00:14.7: version 3.0?
[    4.442924] xhci_aeolia 0000:00:14.7: Belize SATA PHY init?
[    5.448554] xhci_aeolia 0000:00:14.7: PHY SET GEN3?
[    5.453440] xhci_aeolia 0000:00:14.7: Belize SATA PHY Trace length : 6?
[    6.460177] xhci_aeolia 0000:00:14.7: Align 90=0x00?
[    6.465184] clocksource: tsc: mask: 0xffffffffffffffff max_cycles: 0x16fa881ee1e, max_idle_ns: 440795231803 ns?
[    6.465257] xhci_aeolia 0000:00:14.7: AHCI vers 0001.0300, 32 command slots, 6 Gbps, ATA mode?
[    6.484076] xhci_aeolia 0000:00:14.7: 1/1 ports implemented (port mask 0x1)?
[    6.491170] xhci_aeolia 0000:00:14.7: flags: ncq sntf pm clo only pmp pio slum part ccc apst ?
[    6.499881] clocksource: Switched to clocksource tsc?
[    6.499944] xhci_aeolia 0000:00:14.7: bpcie_msi_write_msg(fee01000, 00000024) mask=0x0 irq=1 hwirq=0x0 (____ptrval____)?
[    6.515035] baikal_pcie 0000:00:14.4: bpcie_config_msi: func=7 subfunc=0 addr=fee01000 data=00000024?
[    6.523118] xhci_aeolia 0000:00:14.7: bpcie_msi_write_msg(fee01000, 00000024) mask=0x0 irq=1 hwirq=0x0 (____ptrval____)?
[    6.536036] baikal_pcie 0000:00:14.4: bpcie_config_msi: func=7 subfunc=0 addr=fee01000 data=00000024?
[    6.545987] scsi host0: ahci?
[    6.549063] ata1: SATA max UDMA/133 abar m65536@0xce800000 port 0xce800100 irq 1 lpm-pol 0?
[    6.608132] xhci_aeolia_probe_one 0, controller is 90de?
[    6.613530] xhci_aeolia 0000:00:14.7: xHCI Host Controller?
[    6.619144] xhci_aeolia 0000:00:14.7: new USB bus registered, assigned bus number 1?
[    6.627278] xhci_aeolia 0000:00:14.7: hcc params 0x0228f66c hci version 0x100 quirks 0x0004000000010010?
[    6.636870] xhci_aeolia 0000:00:14.7: irq 1, io mem 0xce000000?
[    6.642851] xhci_aeolia 0000:00:14.7: xHCI Host Controller?
[    6.648448] xhci_aeolia 0000:00:14.7: new USB bus registered, assigned bus number 2?
[    6.677139] xhci_aeolia 0000:00:14.7: Host supports USB 3.0 SuperSpeed?
[    6.683952] usb usb1: New USB device found, idVendor=1d6b, idProduct=0002, bcdDevice= 6.15?
[    6.692382] usb usb1: New USB device strings: Mfr=3, Product=2, SerialNumber=1?
[    6.699748] usb usb1: Product: xHCI Host Controller?
[    6.704722] usb usb1: Manufacturer: Linux 6.15.4-Baikal_TESTING_crashniels-dirty xhci-hcd?
[    6.713059] usb usb1: SerialNumber: 0000:00:14.7?
[    6.718156] hub 1-0:1.0: USB hub found?
[    6.722018] hub 1-0:1.0: 2 ports detected?
[    6.726326] usb usb2: We don't know the algorithms for LPM for this host, disabling LPM.?
[    6.734653] usb usb2: New USB device found, idVendor=1d6b, idProduct=0003, bcdDevice= 6.15?
[    6.743086] usb usb2: New USB device strings: Mfr=3, Product=2, SerialNumber=1?
[    6.750455] usb usb2: Product: xHCI Host Controller?
[    6.755430] usb usb2: Manufacturer: Linux 6.15.4-Baikal_TESTING_crashniels-dirty xhci-hcd?
[    6.763766] usb usb2: SerialNumber: 0000:00:14.7?
[    6.768770] hub 2-0:1.0: USB hub found?
[    6.772617] hub 2-0:1.0: 2 ports detected?
[    6.797153] xhci_aeolia_probe_one 2, controller is 90de?
[    6.802541] xhci_aeolia 0000:00:14.7: xHCI Host Controller?
[    6.808146] xhci_aeolia 0000:00:14.7: new USB bus registered, assigned bus number 3?
[    6.816074] xhci_aeolia 0000:00:14.7: hcc params 0x0220f06c hci version 0x100 quirks 0x0004000000010010?
[    6.825668] xhci_aeolia 0000:00:14.7: irq 1, io mem 0xcf000000?
[    6.831653] xhci_aeolia 0000:00:14.7: xHCI Host Controller?
[    6.837255] xhci_aeolia 0000:00:14.7: new USB bus registered, assigned bus number 4?
[    6.866140] xhci_aeolia 0000:00:14.7: Host supports USB 3.0 SuperSpeed?
[    6.873114] usb usb3: New USB device found, idVendor=1d6b, idProduct=0002, bcdDevice= 6.15?
[    6.881556] usb usb3: New USB device strings: Mfr=3, Product=2, SerialNumber=1?
[    6.888921] usb usb3: Product: xHCI Host Controller?
[    6.893897] usb usb3: Manufacturer: Linux 6.15.4-Baikal_TESTING_crashniels-dirty xhci-hcd?
[    6.902235] usb usb3: SerialNumber: 0000:00:14.7?
[    6.907381] hub 3-0:1.0: USB hub found?
[    6.911232] hub 3-0:1.0: 1 port detected?
[    6.915416] usb usb4: We don't know the algorithms for LPM for this host, disabling LPM.?
[    6.923766] usb usb4: New USB device found, idVendor=1d6b, idProduct=0003, bcdDevice= 6.15?
[    6.932195] usb usb4: New USB device strings: Mfr=3, Product=2, SerialNumber=1?
[    6.939566] usb usb4: Product: xHCI Host Controller?
[    6.944539] usb usb4: Manufacturer: Linux 6.15.4-Baikal_TESTING_crashniels-dirty xhci-hcd?
[    6.952876] usb usb4: SerialNumber: 0000:00:14.7?
[    6.957859] hub 4-0:1.0: USB hub found?
[    6.961706] hub 4-0:1.0: 1 port detected?
[    6.986521] usbcore: registered new interface driver uas?
[    6.992027] usb 1-1: new high-speed USB device number 2 using xhci_aeolia?
[    6.992162] usbcore: registered new interface driver usb-storage?
[    7.005182] i8042: PNP: No PS/2 controller found.?
[    7.010304] mousedev: PS/2 mouse device common for all mice?
[    7.016269] usbcore: registered new interface driver xpad?
[    7.021942] i2c_dev: i2c /dev entries driver?
[    7.026061] ata1: SATA link up 3.0 Gbps (SStatus 123 SControl 300)?
[    7.026436] i2c_dev: adapter [icc] registered as minor 0?
[    7.038053] i2c-core: driver [i2c-slave-eeprom] registered?
[    7.044132] device-mapper: ioctl: 4.49.0-ioctl (2025-01-17) initialised: dm-devel@lists.linux.dev?
[    7.053339] amd_pstate: the _CPC object is not present in SBIOS or ACPI disabled?
[    7.060883] sdhci: Secure Digital Host Controller Interface driver?
[    7.067184] sdhci: Copyright(c) Pierre Ossman?
[    7.071874] hid: raw HID events driver (C) Jiri Kosina?
[    7.071942] sdhci-pci 0000:00:14.3: SDHCI controller found [104d:90da] (rev 0)?
[    7.077414] usbcore: registered new interface driver usbhid?
[    7.084573] bpcie_init_dev_msi_info: dev=0000:00:14.3 installed bpcie demuxer (sc=(____ptrval____))?
[    7.084574] usb usb3-port1: over-current condition?
[    7.090195] usbhid: USB HID core driver?
[    7.090284] bpcie_msi_init: virq=2 hwirq=0x0 domain=(____ptrval____) info=(____ptrval____) sc=(____ptrval____)?
[    7.099911] snd_hda_intel 0000:00:01.1: can't derive routing for PCI INT B?
[    7.104324] bpcie_msi_init: registered virq=2 irq_map[33]?
[    7.104337] sdhci-pci 0000:00:14.3: bpcie_msi_write_msg(fee00000, 000000ef) mask=0x0 irq=2 hwirq=0x0 (____ptrval____)?
[    7.108244] snd_hda_intel 0000:00:01.1: PCI INT B: not connected?
[    7.108260] baikal_pcie 0000:00:14.4: bpcie_config_msi: func=3 subfunc=0 addr=fee00000 data=000000ef?
[    7.118742] NET: Registered PF_INET6 protocol family?
[    7.125886] sdhci-pci 0000:00:14.3: bpcie_msi_write_msg(fee02000, 00000024) mask=0x0 irq=2 hwirq=0x0 (____ptrval____)?
[    7.131390] usb 1-1: New USB device found, idVendor=1a40, idProduct=0101, bcdDevice= 1.00?
[    7.131636] Segment Routing with IPv6?
[    7.131662] In-situ OAM (IOAM) with IPv6?
[    7.131706] NET: Registered PF_PACKET protocol family?
[    7.131785] Bluetooth: RFCOMM TTY layer initialized?
[    7.131792] Bluetooth: RFCOMM socket layer initialized?
[    7.131794] Bluetooth: RFCOMM ver 1.11?
[    7.131797] Bluetooth: BNEP (Ethernet Emulation) ver 1.3?
[    7.131800] Bluetooth: BNEP filters: protocol multicast?
[    7.131807] Bluetooth: BNEP socket layer initialized?
[    7.131810] Bluetooth: HIDP (Human Interface Emulation) ver 1.2?
[    7.131818] Bluetooth: HIDP socket layer initialized?
[    7.141023] baikal_pcie 0000:00:14.4: bpcie_config_msi: func=3 subfunc=0 addr=fee02000 data=00000024?
[    7.141811] sdhci-pci 0000:00:14.3: bpcie_msi_write_msg(fee02000, 00000024) mask=0x0 irq=2 hwirq=0x0 (____ptrval____)?
[    7.147939] usb 1-1: New USB device strings: Mfr=0, Product=1, SerialNumber=0?
[    7.157045] baikal_pcie 0000:00:14.4: bpcie_config_msi: func=3 subfunc=0 addr=fee02000 data=00000024?
[    7.243119] usb 2-2: new SuperSpeed USB device number 2 using xhci_aeolia?
[    7.244611] usb 1-1: Product: USB2.0 HUB?
[    7.244703] mmc0: SDHCI controller on PCI [0000:00:14.3] using ADMA?
[    7.255965] microcode: Current revision: 0x0701a001?
[    7.258871] input: HD-Audio Generic HDMI/DP,pcm=3 as /devices/pci0000:00/0000:00:01.1/sound/card0/input1?
[    7.259026] input: HD-Audio Generic HDMI/DP,pcm=7 as /devices/pci0000:00/0000:00:01.1/sound/card0/input2?
[    7.275065] usb 2-2: New USB device found, idVendor=0951, idProduct=1666, bcdDevice= 1.10?
[    7.292106] hub 1-1:1.0: USB hub found?
[    7.294369] usb 2-2: New USB device strings: Mfr=2, Product=3, SerialNumber=4?
[    7.294375] usb 2-2: Product: DataTraveler 3.0?
[    7.294379] usb 2-2: Manufacturer: Kingston?
[    7.294453] hub 1-1:1.0: 4 ports detected?
[    7.304070] usb 2-2: SerialNumber: E0D55EA573F0194049CD0236?
[    7.351844] usb usb4-port1: over-current condition?
[    7.352044] IPI shorthand broadcast: enabled?
[    7.357419] usb-storage 2-2:1.0: USB Mass Storage device detected?
[    7.367816] scsi host1: usb-storage 2-2:1.0?
[    7.368647] mmc0: new UHS-I speed SDR104 SDIO card at address 0001?
[    7.377269] sched_clock: Marking stable (6674006221, 703001210)->(9739448898, -2362441467)?
[    7.387365] registered taskstats version 1?
[    7.391552] Loading compiled-in X.509 certificates?
[    7.403350] Demotion targets for Node 0: null?
[    7.408934] Btrfs loaded, zoned=no, fsverity=no?
[    7.414083] amdgpu 0000:00:01.0: can't derive routing for PCI INT A?
[    7.420497] amdgpu 0000:00:01.0: PCI INT A: not connected?
[    7.426020] [drm] initializing kernel modesetting (LIVERPOOL 0x1002:0x9923 0x1002:0x9923 0x00).?
[    7.434925] [drm] register mmio base: 0xE4800000?
[    7.439633] [drm] register mmio size: 262144?
[    7.444239] amdgpu 0000:00:01.0: amdgpu: detected ip block number 0 <cik_common>?
[    7.451782] amdgpu 0000:00:01.0: amdgpu: detected ip block number 1 <gmc_v7_0>?
[    7.459151] amdgpu 0000:00:01.0: amdgpu: detected ip block number 2 <cik_ih>?
[    7.466339] amdgpu 0000:00:01.0: amdgpu: detected ip block number 3 <dce_v8_0>?
[    7.473703] amdgpu 0000:00:01.0: amdgpu: detected ip block number 4 <gfx_v7_0>?
[    7.481066] amdgpu 0000:00:01.0: amdgpu: detected ip block number 5 <cik_sdma>?
[    7.524285] amdgpu 0000:00:01.0: amdgpu: Fetched VBIOS from ROM BAR?
[    7.530693] amdgpu: ATOM BIOS: 113-Starsha2-018?
[    7.535699] amdgpu 0000:00:01.0: vgaarb: deactivate vga console?
[    7.541759] amdgpu 0000:00:01.0: amdgpu: Trusted Memory Zone (TMZ) feature not supported?
[    7.550028] amdgpu: ps4_atom: VBIOS dp_extclk=10000 (PS4 forces 0 on Liverpool/Gladius)?
[    7.558347] i2c_dev: adapter [AMDGPU i2c bit bus 0x90] registered as minor 1?
[    7.565555] i2c i2c-1: adapter [AMDGPU i2c bit bus 0x90] registered?
[    7.572065] i2c_dev: adapter [AMDGPU i2c bit bus 0x91] registered as minor 2?
[    7.579265] i2c i2c-2: adapter [AMDGPU i2c bit bus 0x91] registered?
[    7.585664] stackdepot: allocating hash table of 524288 entries via kvcalloc?
[    7.596872] [drm] vm size is 64 GB, 2 levels, block size is 10-bit, fragment size is 9-bit?
[    7.605352] amdgpu 0000:00:01.0: amdgpu: VRAM: 1024M 0x0000000F00000000 - 0x0000000F3FFFFFFF (1024M used)?
[    7.615112] amdgpu 0000:00:01.0: amdgpu: GART: 512M 0x0000000000000000 - 0x000000001FFFFFFF?
[    7.623638] [drm] Detected VRAM RAM=1024M, BAR=1024M?
[    7.628698] [drm] RAM width 64bits UNKNOWN?
[    7.633269] [drm] amdgpu: 1024M of VRAM memory ready?
[    7.638340] [drm] amdgpu: 3461M of GTT memory ready.?
[    7.643445] [drm] GART: num cpu pages 131072, num gpu pages 131072?
[    7.649753] amdgpu 0000:00:01.0: amdgpu: Done gart?
[    7.654653] amdgpu 0000:00:01.0: amdgpu: Done init?
[    7.659565] [drm] PCIE GART of 512M enabled (table at 0x0000000F00100000).?
[    7.667439] [drm] forcing HDMI-A-1 connector on?
[    7.672088] amdgpu: ps4_bridge: forcing bridge init at attach (mode=VIC 16)?
[    7.679195] amdgpu: ps4_bridge_pre_enable: BEGIN (mode=VIC 16)?
[    7.685143] amdgpu: ps4_bridge_cq: enqueue WAIT_CLEAR addr=0x7a84 mask=0x01?
[    7.692287] usb 1-1.1: new high-speed USB device number 3 using xhci_aeolia?
[    7.692401] icc_interrupt: 6 callbacks suppressed?
[    7.692407] icc_interrupt: irq=35 entry status=0x2?
[    7.709076] call_irq_handler: 2.61 No irq handler for vector?
[    7.714871] amdgpu: ps4_bridge_cq: exec code=4 req_len=32 groups=2 res=20 reply_res=0/0 count=0 data[0..7]=00 00 00 00 00 00 00 00 elapsed=22619us?
[    7.728261] amdgpu: ps4_bridge_pre_enable: cq_exec returned 20?
[    7.734205] amdgpu: ps4_bridge_pre_enable: END?
[    7.738735] amdgpu: ps4_bridge_enable: BEGIN (mode=VIC 16, dev=0x9923)?
[    7.881611] usb 1-1.1: New USB device found, idVendor=2357, idProduct=0138, bcdDevice= 2.10?
[    7.890149] usb 1-1.1: New USB device strings: Mfr=1, Product=2, SerialNumber=3?
[    7.897603] usb 1-1.1: Product: 802.11ac NIC?
[    7.901956] usb 1-1.1: Manufacturer: Realtek?
[    7.906313] usb 1-1.1: SerialNumber: 123456?
[    8.126213] usb 1-1.3: new low-speed USB device number 4 using xhci_aeolia?
[    8.246157] amdgpu: ps4_bridge_cq: --- chunk A: DP lane status (waits 0x60f8/0xff, 0x60f9/0x01, 0x60f9/0x1a) ---?
[    8.256559] amdgpu: ps4_bridge_cq: enqueue WAIT_SET addr=0x60f8 mask=0xff?
[    8.263480] amdgpu: ps4_bridge_cq: enqueue WAIT_SET addr=0x60f9 mask=0x01?
[    8.270397] amdgpu: ps4_bridge_cq: enqueue WAIT_SET addr=0x60f9 mask=0x1a?
[    8.277474] icc_interrupt: irq=35 entry status=0x2?
[    8.282368] call_irq_handler: 2.61 No irq handler for vector?
[    8.288827] call_irq_handler: 2.61 No irq handler for vector?
[    8.294602] call_irq_handler: 2.61 No irq handler for vector?
[    8.300372] icc_interrupt: irq=35 entry status=0x1?
[    8.305296] amdgpu: ps4_bridge_cq: exec code=4 req_len=49 groups=5 res=20 reply_res=0/0 count=0 data[0..7]=00 00 00 00 00 00 00 00 elapsed=27979us?
[    8.318692] amdgpu: ps4_bridge_cq: chunk A (DP lane status) result rc=20?
[    8.325060] usb 1-1.3: New USB device found, idVendor=04f3, idProduct=152e, bcdDevice=1c.02?
[    8.325661] icc_interrupt: irq=35 entry status=0x2?
[    8.334033] usb 1-1.3: New USB device strings: Mfr=1, Product=2, SerialNumber=0?
[    8.338937] call_irq_handler: 2.61 No irq handler for vector?
[    8.346347] usb 1-1.3: Product: Gaming KB?
[    8.352122] amdgpu: ps4_bridge_cq: exec code=4 req_len=12 groups=1 res=29 reply_res=0/0 count=1 data[0..7]=01 60 f8 ff 00 00 00 00 elapsed=26596us?
[    8.356190] usb 1-1.3: Manufacturer: Gaming KB?
[    8.374095] amdgpu: ps4_bridge_cq: readback 0x60f8 rc=29 val=0xff?
[    8.380423] icc_interrupt: irq=35 entry status=0x2?
[    8.385316] call_irq_handler: 2.61 No irq handler for vector?
[    8.391086] icc_interrupt: irq=35 entry status=0x1?
[    8.396016] amdgpu: ps4_bridge_cq: exec code=4 req_len=12 groups=1 res=29 reply_res=0/0 count=1 data[0..7]=01 60 f9 1b 00 00 00 00 elapsed=15710us?
[    8.409401] amdgpu: ps4_bridge_cq: readback 0x60f9 rc=29 val=0x1b?
[    8.415632] amdgpu: ps4_bridge_cq: --- chunk B: HDMI/update setup (wait 0x10f6/0x80) ---?
[    8.423892] amdgpu: ps4_bridge_cq: enqueue WAIT_SET addr=0x10f6 mask=0x80?
[    8.431032] icc_interrupt: irq=35 entry status=0x2?
[    8.435926] call_irq_handler: 2.61 No irq handler for vector?
[    8.442121] scsi 1:0:0:0: Direct-Access     Kingston DataTraveler 3.0 0000 PQ: 0 ANSI: 6?
[    8.447137] input: Gaming KB Gaming KB as /devices/pci0000:00/0000:00:14.7/usb1/1-1/1-1.3/1-1.3:1.0/0003:04F3:152E.0001/input/input3?
[    8.450621] sd 1:0:0:0: Attached scsi generic sg0 type 0?
[    8.463495] sd 1:0:0:0: [sda] 242155520 512-byte logical blocks: (124 GB/115 GiB)?
[    8.476015] hid-generic 0003:04F3:152E.0001: input,hidraw0: USB HID v1.11 Keyboard [Gaming KB Gaming KB] on usb-0000:00:14.7-1.3/input0?
[    8.488591] sd 1:0:0:0: [sda] Write Protect is off?
[    8.493511] sd 1:0:0:0: [sda] Mode Sense: 23 00 00 00?
[    8.494874] input: Gaming KB Gaming KB Consumer Control as /devices/pci0000:00/0000:00:14.7/usb1/1-1/1-1.3/1-1.3:1.1/0003:04F3:152E.0002/input/input4?
[    8.512550] input: Gaming KB Gaming KB System Control as /devices/pci0000:00/0000:00:14.7/usb1/1-1/1-1.3/1-1.3:1.1/0003:04F3:152E.0002/input/input5?
[    8.512586] sd 1:0:0:0: [sda] Write cache: disabled, read cache: enabled, doesn't support DPO or FUA?
[    8.526175] input: Gaming KB Gaming KB Keyboard as /devices/pci0000:00/0000:00:14.7/usb1/1-1/1-1.3/1-1.3:1.1/0003:04F3:152E.0002/input/input6?
[    8.548356] ata1.00: ATA-8: TOSHIBA MQ01ABD050, AX0G1A, max UDMA/100?
[    8.548529] input: Gaming KB Gaming KB as /devices/pci0000:00/0000:00:14.7/usb1/1-1/1-1.3/1-1.3:1.1/0003:04F3:152E.0002/input/input7?
[    8.567050] ata1.00: 976773168 sectors, multi 16: LBA48 NCQ (depth 32), AA?
[    8.567379] hid-generic 0003:04F3:152E.0002: input,hiddev96,hidraw1: USB HID v1.11 Keyboard [Gaming KB Gaming KB] on usb-0000:00:14.7-1.3/input1?
[    8.594600] ata1.00: configured for UDMA/100?
[    8.599178] scsi 0:0:0:0: Direct-Access     ATA      TOSHIBA MQ01ABD0 1A   PQ: 0 ANSI: 5?
[    8.608235] sd 0:0:0:0: Attached scsi generic sg1 type 0?
[    8.608320] sd 0:0:0:0: [sdb] 976773168 512-byte logical blocks: (500 GB/466 GiB)?
[    8.616997]  sda: sda1 sda2?
[    8.621319] sd 0:0:0:0: [sdb] 4096-byte physical blocks?
[    8.621617] sd 1:0:0:0: [sda] Attached SCSI removable disk?
[    8.624223] sd 0:0:0:0: [sdb] Write Protect is off?
[    8.640016] sd 0:0:0:0: [sdb] Mode Sense: 00 3a 00 00?
[    8.645219] sd 0:0:0:0: [sdb] Write cache: enabled, read cache: enabled, doesn't support DPO or FUA?
[    8.654532] sd 0:0:0:0: [sdb] Preferred minimum I/O size 4096 bytes?
[    8.734809] call_irq_handler: 2.61 No irq handler for vector?
[    8.784804] call_irq_handler: 2.61 No irq handler for vector?
[    8.790595] call_irq_handler: 2.61 No irq handler for vector?
[    8.854138] usb 1-1.4: new low-speed USB device number 5 using xhci_aeolia?
[    8.880738] icc_interrupt: irq=35 entry status=0x1?
[    8.881019] icc_interrupt: irq=0 entry status=0x1?
[    8.890444] amdgpu: ps4_bridge_cq: exec code=4 req_len=170 groups=6 res=20 reply_res=0/0 count=0 data[0..7]=00 00 00 00 00 00 00 00 elapsed=459631us?
[    8.904012] amdgpu: ps4_bridge_cq: chunk B (HDMI/update) result rc=20?
[    8.910799] icc_interrupt: irq=35 entry status=0x2?
[    8.916694] amdgpu: ps4_bridge_cq: exec code=4 req_len=12 groups=1 res=29 reply_res=0/0 count=1 data[0..7]=01 10 f6 d5 00 00 00 00 elapsed=6100us?
[    8.930000] amdgpu: ps4_bridge_cq: readback 0x10f6 rc=29 val=0xd5?
[    8.936216] amdgpu: ps4_bridge_cq: --- chunk C: PLL/7204/finalize (wait_clear 0x7204/0x40) ---?
[    8.944996] amdgpu: ps4_bridge_cq: enqueue WAIT_CLEAR addr=0x7204 mask=0x40?
[    9.044329] usb 1-1.4: New USB device found, idVendor=0000, idProduct=3825, bcdDevice= 1.00?
[    9.052878] usb 1-1.4: New USB device strings: Mfr=0, Product=1, SerialNumber=0?
[    9.060338] usb 1-1.4: Product:  USB OPTICAL MOUSE?
[    9.118500] input:  USB OPTICAL MOUSE as /devices/pci0000:00/0000:00:14.7/usb1/1-1/1-1.4/1-1.4:1.0/0003:0000:3825.0003/input/input8?
[    9.130896] hid-generic 0003:0000:3825.0003: input,hidraw2: USB HID v1.11 Mouse [ USB OPTICAL MOUSE] on usb-0000:00:14.7-1.4/input0?
[    9.331018] amdgpu: ps4_bridge_cq: exec code=4 req_len=81 groups=7 res=20 reply_res=0/0 count=0 data[0..7]=00 00 00 00 00 00 00 00 elapsed=378920us?
[    9.344501] amdgpu: ps4_bridge_cq: chunk C (PLL/7204) result rc=20?
[    9.350801] amdgpu: ps4_bridge_enable: MN864729 main seq cq_exec=20?
[    9.461018] amdgpu: ps4_bridge_cq: exec code=4 req_len=12 groups=1 res=29 reply_res=0/0 count=1 data[0..7]=01 72 04 00 00 00 00 00 elapsed=103829us?
[    9.474500] amdgpu: ps4_bridge_cq: readback 0x7204 rc=29 val=0x00?
[    9.485798] amdgpu: ps4_bridge_cq: exec code=4 req_len=64 groups=2 res=20 reply_res=0/0 count=0 data[0..7]=00 00 00 00 00 00 00 00 elapsed=5083us?
[    9.499097] amdgpu: ps4_bridge_cq: enqueue WAIT_SET addr=0x10f6 mask=0xa2?
[    9.506016] amdgpu: ps4_bridge_cq: enqueue WAIT_CLEAR addr=0x7204 mask=0x10?
[    9.581018] amdgpu: ps4_bridge_cq: exec code=4 req_len=121 groups=10 res=20 reply_res=0/0 count=0 data[0..7]=00 00 00 00 00 00 00 00 elapsed=67905us?
[    9.594586] amdgpu: ps4_bridge_enable: END?
[    9.598763] [drm] AMDGPU Display Connectors?
[    9.603027] [drm] Connector 0:?
[    9.606140] [drm]   HDMI-A-1?
[    9.609075] [drm]   HPD1?
[    9.611657] [drm]   DDC: 0x194c 0x194c 0x194d 0x194d 0x194e 0x194e 0x194f 0x194f?
[    9.619197] [drm]   Encoders:?
[    9.622220] [drm]     DFP1: INTERNAL_UNIPHY?
[    9.630450] amdgpu: ps4_atom: dig_tx action=7 frev=1 crev=5 enc_id=0x001e dig=0 pll=0 is_dp=1 dp_clk=0 dp_lanes=0 lane_num=0 lane_set=0x00 conn_obj=0x0013 hpd=0?
[    9.651020] amdgpu: ps4_bridge_cq: exec code=4 req_len=12 groups=1 res=29 reply_res=0/0 count=1 data[0..7]=01 60 f8 ff 00 00 00 00 elapsed=5907us?
[    9.671018] amdgpu: ps4_bridge_cq: exec code=4 req_len=12 groups=1 res=29 reply_res=0/0 count=1 data[0..7]=01 60 f9 1b 00 00 00 00 elapsed=6655us?
[    9.684318] amdgpu: ps4_bridge_probe: tag=before-dig_tx-action=7 rc_f8=29 f8=0xff rc_f9=29 f9=0x1b?
[    9.693453] amdgpu: ps4_atom_table: [d=0] enter idx=0x4c (?) ps_size=16?
[    9.700203] amdgpu: ps4_atom_table: [d=0] exit  idx=0x4c (?) ret=0?
[    9.711018] amdgpu: ps4_bridge_cq: exec code=4 req_len=12 groups=1 res=29 reply_res=0/0 count=1 data[0..7]=01 60 f8 ff 00 00 00 00 elapsed=4513us?
[    9.731017] amdgpu: ps4_bridge_cq: exec code=4 req_len=12 groups=1 res=29 reply_res=0/0 count=1 data[0..7]=01 60 f9 1b 00 00 00 00 elapsed=6695us?
[    9.744323] amdgpu: ps4_bridge_probe: tag=after-dig_tx-action=7 rc_f8=29 f8=0xff rc_f9=29 f9=0x1b?
[    9.753369] amdgpu: ps4_atom_table: [d=0] enter idx=0x0c (SetPixelClock) ps_size=20?
[    9.761179] amdgpu: ps4_atom_table: [d=1] enter idx=0x3c (ComputeMemoryEnginePLL) ps_size=20?
[    9.769789] amdgpu: ps4_atom_table: [d=1] exit  idx=0x3c (ComputeMemoryEnginePLL) ret=0?
[    9.777959] amdgpu: ps4_atom_table: [d=1] enter idx=0x3c (ComputeMemoryEnginePLL) ps_size=20?
[    9.786566] amdgpu: ps4_atom_table: [d=1] exit  idx=0x3c (ComputeMemoryEnginePLL) ret=0?
[    9.794733] amdgpu: ps4_atom_table: [d=0] exit  idx=0x0c (SetPixelClock) ret=0?
[    9.806700] amdgpu 0000:00:01.0: amdgpu: SE 2, SH per SE 1, CU per SH 9, active_cu_number 16?
[    9.815433] amdgpu 0000:00:01.0: amdgpu: Runtime PM not available?
[    9.822125] i2c_dev: adapter [card0-HDMI-A-1] registered as minor 3?
[    9.828533] i2c i2c-3: adapter [card0-HDMI-A-1] registered?
[    9.834138] [drm] Initialized amdgpu 3.63.0 for 0000:00:01.0 on minor 0?
[    9.841362] amdgpu: ps4_atom_table: [d=0] enter idx=0x23 (EnableCRTC) ps_size=4?
[    9.848832] amdgpu: ps4_atom_table: [d=1] enter idx=0x14 (ASIC_StaticPwrMgtStatusChange) ps_size=4?
[    9.857974] amdgpu: ps4_atom_table: [d=1] exit  idx=0x14 (ASIC_StaticPwrMgtStatusChange) ret=0?
[    9.872575] amdgpu: ps4_atom_table: [d=0] exit  idx=0x23 (EnableCRTC) ret=0?
[    9.879678] amdgpu: ps4_atom_table: [d=0] enter idx=0x0d (DynamicClockGating) ps_size=20?
[    9.887928] amdgpu: ps4_atom_table: [d=0] exit  idx=0x0d (DynamicClockGating) ret=0?
[    9.895805] amdgpu: ps4_atom_table: [d=0] enter idx=0x23 (EnableCRTC) ps_size=4?
[    9.903261] amdgpu: ps4_atom_table: [d=1] enter idx=0x14 (ASIC_StaticPwrMgtStatusChange) ps_size=4?
[    9.912429] amdgpu: ps4_atom_table: [d=1] exit  idx=0x14 (ASIC_StaticPwrMgtStatusChange) ret=0?
[    9.921213] amdgpu: ps4_atom_table: [d=0] exit  idx=0x23 (EnableCRTC) ret=0?
[    9.928355] amdgpu: ps4_atom_table: [d=0] enter idx=0x0d (DynamicClockGating) ps_size=20?
[    9.936615] amdgpu: ps4_atom_table: [d=0] exit  idx=0x0d (DynamicClockGating) ret=0?
[    9.944537] amdgpu: ps4_atom_table: [d=0] enter idx=0x23 (EnableCRTC) ps_size=4?
[    9.951993] amdgpu: ps4_atom_table: [d=1] enter idx=0x14 (ASIC_StaticPwrMgtStatusChange) ps_size=4?
[    9.961136] amdgpu: ps4_atom_table: [d=1] exit  idx=0x14 (ASIC_StaticPwrMgtStatusChange) ret=0?
[    9.970232] amdgpu: ps4_atom_table: [d=0] exit  idx=0x23 (EnableCRTC) ret=0?
[    9.977329] amdgpu: ps4_atom_table: [d=0] enter idx=0x0d (DynamicClockGating) ps_size=20?
[    9.985577] amdgpu: ps4_atom_table: [d=0] exit  idx=0x0d (DynamicClockGating) ret=0?
[    9.993495] amdgpu: ps4_atom_table: [d=0] enter idx=0x23 (EnableCRTC) ps_size=4?
[   10.000948] amdgpu: ps4_atom_table: [d=1] enter idx=0x14 (ASIC_StaticPwrMgtStatusChange) ps_size=4?
[   10.010082] amdgpu: ps4_atom_table: [d=1] exit  idx=0x14 (ASIC_StaticPwrMgtStatusChange) ret=0?
[   10.019178] amdgpu: ps4_atom_table: [d=0] exit  idx=0x23 (EnableCRTC) ret=0?
[   10.026275] amdgpu: ps4_atom_table: [d=0] enter idx=0x0d (DynamicClockGating) ps_size=20?
[   10.034522] amdgpu: ps4_atom_table: [d=0] exit  idx=0x0d (DynamicClockGating) ret=0?
[   10.042439] amdgpu: ps4_atom_table: [d=0] enter idx=0x23 (EnableCRTC) ps_size=4?
[   10.049901] amdgpu: ps4_atom_table: [d=1] enter idx=0x14 (ASIC_StaticPwrMgtStatusChange) ps_size=4?
[   10.059038] amdgpu: ps4_atom_table: [d=1] exit  idx=0x14 (ASIC_StaticPwrMgtStatusChange) ret=0?
[   10.068135] amdgpu: ps4_atom_table: [d=0] exit  idx=0x23 (EnableCRTC) ret=0?
[   10.075231] amdgpu: ps4_atom_table: [d=0] enter idx=0x0d (DynamicClockGating) ps_size=20?
[   10.083484] amdgpu: ps4_atom_table: [d=0] exit  idx=0x0d (DynamicClockGating) ret=0?
[   10.091403] amdgpu: ps4_atom_table: [d=0] enter idx=0x23 (EnableCRTC) ps_size=4?
[   10.098861] amdgpu: ps4_atom_table: [d=1] enter idx=0x14 (ASIC_StaticPwrMgtStatusChange) ps_size=4?
[   10.107994] amdgpu: ps4_atom_table: [d=1] exit  idx=0x14 (ASIC_StaticPwrMgtStatusChange) ret=0?
[   10.117094] amdgpu: ps4_atom_table: [d=0] exit  idx=0x23 (EnableCRTC) ret=0?
[   10.124191] amdgpu: ps4_atom_table: [d=0] enter idx=0x0d (DynamicClockGating) ps_size=20?
[   10.132438] amdgpu: ps4_atom_table: [d=0] exit  idx=0x0d (DynamicClockGating) ret=0?
[   10.140252] amdgpu: ps4_bridge_get_modes?
[   10.147301] fbcon: amdgpudrmfb (fb0) is primary device?
[   10.147433] amdgpu: ps4_bridge_mode_fixup: incoming 1920x1080 -> forcing 1920x1080@60?
[   10.147445] amdgpu: ps4_atom: floor dig_connector dp_clock=270000 dp_lane_count=4?
[   10.147447] amdgpu: ps4_atom: AdjustDisplayPll v1.3 IN pix=270000 tx=0x1e enc=0 cfg=0x20 ext_tx=0x00 dp_clock=270000?
[   10.151021] amdgpu: ps4_bridge_cq: exec code=4 req_len=12 groups=1 res=29 reply_res=0/0 count=1 data[0..7]=01 60 f8 ff 00 00 00 00 elapsed=3566us?
[   10.156019] amdgpu: ps4_bridge_cq: exec code=4 req_len=12 groups=1 res=29 reply_res=0/0 count=1 data[0..7]=01 60 f9 1b 00 00 00 00 elapsed=4987us?
[   10.156029] amdgpu: ps4_bridge_probe: tag=before-AdjustDisplayPll rc_f8=29 f8=0xff rc_f9=29 f9=0x1b?
[   10.156034] amdgpu: ps4_atom_table: [d=0] enter idx=0x11 (EnableMemorySelfRefresh) ps_size=8?
[   10.156040] amdgpu: ps4_atom_table: [d=0] exit  idx=0x11 (EnableMemorySelfRefresh) ret=0?
[   10.156043] amdgpu: ps4_atom: AdjustDisplayPll v1.3 OUT r=0 freq=270000 ref=0 post=0?
[   10.161021] amdgpu: ps4_bridge_cq: exec code=4 req_len=12 groups=1 res=29 reply_res=0/0 count=1 data[0..7]=01 60 f8 ff 00 00 00 00 elapsed=4972us?
[   10.166017] amdgpu: ps4_bridge_cq: exec code=4 req_len=12 groups=1 res=29 reply_res=0/0 count=1 data[0..7]=01 60 f9 1b 00 00 00 00 elapsed=4977us?
[   10.166026] amdgpu: ps4_bridge_probe: tag=after-AdjustDisplayPll rc_f8=29 f8=0xff rc_f9=29 f9=0x1b?
[   10.166033] amdgpu: ps4_atom: dce_v8_0_pick_pll enc_mode=0 dp_extclk=0 asic=9?
[   10.166045] amdgpu: ps4_atom_table: [d=0] enter idx=0x2a (SelectCRTC_Source) ps_size=4?
[   10.166054] amdgpu: ps4_atom_table: [d=1] enter idx=0x14 (ASIC_StaticPwrMgtStatusChange) ps_size=4?
[   10.166062] amdgpu: ps4_atom_table: [d=1] exit  idx=0x14 (ASIC_StaticPwrMgtStatusChange) ret=0?
[   10.166068] amdgpu: ps4_atom_table: [d=0] exit  idx=0x2a (SelectCRTC_Source) ret=0?
[   10.166073] amdgpu: ps4_atom_table: [d=0] enter idx=0x0d (DynamicClockGating) ps_size=20?
[   10.166078] amdgpu: ps4_atom_table: [d=1] enter idx=0x14 (ASIC_StaticPwrMgtStatusChange) ps_size=20?
[   10.166083] amdgpu: ps4_atom_table: [d=1] exit  idx=0x14 (ASIC_StaticPwrMgtStatusChange) ret=0?
[   10.166091] amdgpu: ps4_atom_table: [d=0] exit  idx=0x0d (DynamicClockGating) ret=0?
[   10.166094] amdgpu: ps4_atom_table: [d=0] enter idx=0x2c (UpdateCRTC_DoubleBufferRegisters) ps_size=4?
[   10.166096] amdgpu: ps4_atom_table: [d=1] enter idx=0x14 (ASIC_StaticPwrMgtStatusChange) ps_size=4?
[   10.166101] amdgpu: ps4_atom_table: [d=1] exit  idx=0x14 (ASIC_StaticPwrMgtStatusChange) ret=0?
[   10.166107] amdgpu: ps4_atom_table: [d=0] exit  idx=0x2c (UpdateCRTC_DoubleBufferRegisters) ret=0?
[   10.166183] amdgpu: ps4_atom_table: [d=0] enter idx=0x23 (EnableCRTC) ps_size=4?
[   10.166187] amdgpu: ps4_atom_table: [d=1] enter idx=0x14 (ASIC_StaticPwrMgtStatusChange) ps_size=4?
[   10.166192] amdgpu: ps4_atom_table: [d=1] exit  idx=0x14 (ASIC_StaticPwrMgtStatusChange) ret=0?
[   10.166199] amdgpu: ps4_atom_table: [d=0] exit  idx=0x23 (EnableCRTC) ret=0?
[   10.166205] amdgpu: ps4_atom_table: [d=0] enter idx=0x41 (EnableLVDS_SS) ps_size=8?
[   10.166208] amdgpu: ps4_atom_table: [d=0] exit  idx=0x41 (EnableLVDS_SS) ret=0?
[   10.166212] amdgpu: ps4_atom: SetPixelClock IN frev=1 crev=6 crtc=0 clock=148500 pll=1 ref=2 fb=118 frac=8 post=22 enc_id=30 enc_mode=0 bpc=8 ss=1?
