[  926.129700] kauditd_printk_skb: 15 callbacks suppressed?
[  926.135084] audit: type=1101 audit(1778594682.283:130): pid=1284 uid=0 auid=4294967295 ses=4294967295 msg='op=PAM:accounting grantors=pam_access,pam_unix,pam_permit,pam_time acct="ps4" exe="/usr/lib/ssh/sshd-session" hostname=192.168.50.147 addr=192.168.50.147 terminal=ssh res=success'?
[  926.161534] audit: type=1103 audit(1778594682.315:131): pid=1284 uid=0 auid=4294967295 ses=4294967295 msg='op=PAM:setcred grantors=pam_shells,pam_faillock,pam_permit,pam_env,pam_faillock acct="ps4" exe="/usr/lib/ssh/sshd-session" hostname=192.168.50.147 addr=192.168.50.147 terminal=ssh res=success'?
[  926.188574] audit: type=1006 audit(1778594682.315:132): pid=1284 uid=0 old-auid=4294967295 auid=1000 tty=(none) old-ses=4294967295 ses=12 res=1?
[  926.201768] audit: type=1300 audit(1778594682.315:132): arch=c000003e syscall=1 success=yes exit=4 a0=6 a1=7ffe2c407850 a2=4 a3=0 items=0 ppid=838 pid=1284 auid=1000 uid=0 gid=0 euid=0 suid=0 fsuid=0 egid=0 sgid=0 fsgid=0 tty=(none) ses=12 comm="sshd-session" exe="/usr/lib/ssh/sshd-session" key=(null)?
[  926.229013] audit: type=1327 audit(1778594682.315:132): proctitle=737368642D73657373696F6E3A20707334205B707269765D?
[  926.252361] audit: type=1105 audit(1778594682.406:133): pid=1284 uid=0 auid=1000 ses=12 msg='op=PAM:session_open grantors=pam_loginuid,pam_keyinit,pam_systemd_home,pam_limits,pam_unix,pam_permit,pam_lastlog2,pam_mail,pam_umask,pam_systemd,pam_env acct="ps4" exe="/usr/lib/ssh/sshd-session" hostname=192.168.50.147 addr=192.168.50.147 terminal=ssh res=success'?
[  926.284733] audit: type=1103 audit(1778594682.410:134): pid=1290 uid=0 auid=1000 ses=12 msg='op=PAM:setcred grantors=pam_shells,pam_faillock,pam_permit,pam_env,pam_faillock acct="ps4" exe="/usr/lib/ssh/sshd-session" hostname=192.168.50.147 addr=192.168.50.147 terminal=ssh res=success'?
[  926.441970] audit: type=1101 audit(1778594682.596:135): pid=1295 uid=1000 auid=1000 ses=12 msg='op=PAM:accounting grantors=pam_unix,pam_permit,pam_time acct="ps4" exe="/usr/bin/sudo" hostname=? addr=? terminal=? res=success'?
[  926.462352] audit: type=1110 audit(1778594682.599:136): pid=1295 uid=1000 auid=1000 ses=12 msg='op=PAM:setcred grantors=pam_faillock,pam_permit,pam_env,pam_faillock acct="root" exe="/usr/bin/sudo" hostname=? addr=? terminal=? res=success'?
[  926.483936] audit: type=1105 audit(1778594682.600:137): pid=1295 uid=1000 auid=1000 ses=12 msg='op=PAM:session_open grantors=pam_systemd_home,pam_limits,pam_unix,pam_permit acct="root" exe="/usr/bin/sudo" hostname=? addr=? terminal=? res=success'?
[  937.210653] kauditd_printk_skb: 4 callbacks suppressed?
[  937.210662] audit: type=1101 audit(1778594693.365:142): pid=1308 uid=0 auid=4294967295 ses=4294967295 msg='op=PAM:accounting grantors=pam_access,pam_unix,pam_permit,pam_time acct="ps4" exe="/usr/lib/ssh/sshd-session" hostname=192.168.50.147 addr=192.168.50.147 terminal=ssh res=success'?
[  937.241835] audit: type=1103 audit(1778594693.368:143): pid=1308 uid=0 auid=4294967295 ses=4294967295 msg='op=PAM:setcred grantors=pam_shells,pam_faillock,pam_permit,pam_env,pam_faillock acct="ps4" exe="/usr/lib/ssh/sshd-session" hostname=192.168.50.147 addr=192.168.50.147 terminal=ssh res=success'?
[  937.268809] audit: type=1006 audit(1778594693.368:144): pid=1308 uid=0 old-auid=4294967295 auid=1000 tty=(none) old-ses=4294967295 ses=13 res=1?
[  937.281941] audit: type=1300 audit(1778594693.368:144): arch=c000003e syscall=1 success=yes exit=4 a0=6 a1=7ffca5abdc20 a2=4 a3=0 items=0 ppid=838 pid=1308 auid=1000 uid=0 gid=0 euid=0 suid=0 fsuid=0 egid=0 sgid=0 fsgid=0 tty=(none) ses=13 comm="sshd-session" exe="/usr/lib/ssh/sshd-session" key=(null)?
[  937.309146] audit: type=1327 audit(1778594693.368:144): proctitle=737368642D73657373696F6E3A20707334205B707269765D?
[  937.328061] audit: type=1105 audit(1778594693.482:145): pid=1308 uid=0 auid=1000 ses=13 msg='op=PAM:session_open grantors=pam_loginuid,pam_keyinit,pam_systemd_home,pam_limits,pam_unix,pam_permit,pam_lastlog2,pam_mail,pam_umask,pam_systemd,pam_env acct="ps4" exe="/usr/lib/ssh/sshd-session" hostname=192.168.50.147 addr=192.168.50.147 terminal=ssh res=success'?
[  937.360403] audit: type=1103 audit(1778594693.486:146): pid=1314 uid=0 auid=1000 ses=13 msg='op=PAM:setcred grantors=pam_shells,pam_faillock,pam_permit,pam_env,pam_faillock acct="ps4" exe="/usr/lib/ssh/sshd-session" hostname=192.168.50.147 addr=192.168.50.147 terminal=ssh res=success'?
[  937.521433] audit: type=1101 audit(1778594693.675:147): pid=1319 uid=1000 auid=1000 ses=13 msg='op=PAM:accounting grantors=pam_unix,pam_permit,pam_time acct="ps4" exe="/usr/bin/sudo" hostname=? addr=? terminal=? res=success'?
[  937.541809] audit: type=1110 audit(1778594693.679:148): pid=1319 uid=1000 auid=1000 ses=13 msg='op=PAM:setcred grantors=pam_faillock,pam_permit,pam_env,pam_faillock acct="root" exe="/usr/bin/sudo" hostname=? addr=? terminal=? res=success'?
[  937.563429] audit: type=1105 audit(1778594693.679:149): pid=1319 uid=1000 auid=1000 ses=13 msg='op=PAM:session_open grantors=pam_systemd_home,pam_limits,pam_unix,pam_permit acct="root" exe="/usr/bin/sudo" hostname=? addr=? terminal=? res=success'?
[  937.852784] [wlan][146]aisFsmRunEventAbort:(AIS STATE) EVENT-ABORT: Current State NORMAL_TR, ucReasonOfDisconnect:4?
[  937.863456] [wlan][146]aisFsmRunEventAbort:(AIS STATE) ucReasonOfDisconnect:4?
[  937.870739] [wlan][146]aisFsmStateAbort:(AIS STATE) aisFsmStateAbort DiscReason[4], CurState[11]?
[  937.879708] [wlan][146]aisFsmSteps:(AIS STATE) [AIS]TRANSITION: [NORMAL_TR] -> [DISCONNECTING]?
[  937.888524] [wlan][146]wlanoidSetCurrentPacketFilter:(REQ INFO) wlanoidSetCurrentPacketFilter?
[  937.888529] [wlan][146]wlanoidSetCurrentPacketFilter:(REQ INFO) New packet filter: 0x00000c?
[  937.905773] [wlan][146]aisDeauthXmitComplete:(AIS EVENT) aisDeauthXmitComplete?
[  937.913143] [wlan][146]aisFsmStateAbort:(AIS STATE) aisFsmStateAbort DiscReason[4], CurState[12]?
[  937.922145] [wlan][146]roamingFsmRunEventAbort:(ROAMING EVENT) EVENT-ROAMING ABORT: Current Time = 637242?
[  937.931910] [wlan][146]roamingFsmSteps:(ROAMING STATE) [ROAMING]TRANSITION: [DECISION] -> [IDLE]?
[  937.940877] [wlan][146]aisFsmSteps:(AIS STATE) [AIS]TRANSITION: [DISCONNECTING] -> [IDLE]?
[  937.949696] [wlan][146]wlanoidSendSetQueryP2PCmd:(REQ TRACE) Command ID = 0x000000C1?
[  937.957602] [wlan][146]wlanoidSendSetQueryP2PCmd:(REQ TRACE) ucCmdSeqNum =216?
[  937.965222] [wlan][146]wlanoidSendSetQueryP2PCmd:(REQ TRACE) Command ID = 0x000000C1?
[  937.973135] [wlan][146]wlanoidSendSetQueryP2PCmd:(REQ TRACE) ucCmdSeqNum =217?
[  937.983191] kvm: exiting hardware virtualization?
[  937.987963] kexec_core: Starting new kernel?
[    0.000000] ps4: x86_ps4_early_setup: PS4 early setup?
[    0.000000] Linux version 6.15.4-Baikal_TESTING_crashniels-dirty (meerzulee@cachynator) (gcc (GCC) 16.1.1 20260430, GNU ld (GNU Binutils) 2.46.0) #2 SMP PREEMPT_DYNAMIC Tue May 12 20:03:21 +06 2026?
[    0.000000] Command line: earlycon=uart8250,mmio32,0xC890E000,115200n8 console=tty0 keep_bootcon 8250.nr_uarts=0 iommu=pt intremap=off panic=10 loglevel=8 ignore_loglevel printk.devkmsg=on drm.edid_firmware=edid/1920x1080.bin video=HDMI-A-1:1920x1080@60D pci=nocrs libata.force=1.00:disable root=LABEL=psxitarch rootwait rw systemd.unit=multi-user.target systemd.log_level=info amdgpu.gpu_recovery=0 amdgpu.lockup_timeout=10000 amdgpu.gfx_off=0 amdgpu.runpm=0 amdgpu.bapm=0 amdgpu.dpm=0?
[    0.000000] KERNEL supported cpus:?
[    0.000000]   AMD AuthenticAMD?
[    0.000000] BIOS-provided physical RAM map:?
[    0.000000] BIOS-e820: [mem 0x0000000000000000-0x0000000000007fff] usable?
[    0.000000] BIOS-e820: [mem 0x0000000000008000-0x000000000007ffff] reserved?
[    0.000000] BIOS-e820: [mem 0x0000000000080000-0x0000000000099fff] usable?
[    0.000000] BIOS-e820: [mem 0x000000000009a000-0x00000000000bffff] reserved?
[    0.000000] BIOS-e820: [mem 0x00000000000e0000-0x00000000000effff] ACPI data?
[    0.000000] BIOS-e820: [mem 0x0000000000100000-0x00000000003fffff] usable?
[    0.000000] BIOS-e820: [mem 0x0000000000400000-0x000000000047ffff] reserved?
[    0.000000] BIOS-e820: [mem 0x0000000000480000-0x000000000067ffff] usable?
[    0.000000] BIOS-e820: [mem 0x0000000000680000-0x00000000006fffff] reserved?
[    0.000000] BIOS-e820: [mem 0x0000000000700000-0x000000007efe7fff] usable?
[    0.000000] BIOS-e820: [mem 0x000000007efe8000-0x000000007efeffff] ACPI NVS?
[    0.000000] BIOS-e820: [mem 0x000000007eff0000-0x000000007effffff] ACPI data?
[    0.000000] BIOS-e820: [mem 0x000000007f000000-0x000000007fffffff] usable?
[    0.000000] BIOS-e820: [mem 0x0000000080000000-0x00000000fbffffff] reserved?
[    0.000000] BIOS-e820: [mem 0x0000000100000000-0x000000013fffffff] reserved?
[    0.000000] BIOS-e820: [mem 0x0000000140000000-0x000000027effffff] usable?
[    0.000000] random: crng init done?
[    0.000000] earlycon: uart8250 at MMIO32 0x00000000c890e000 (options '115200n8')?
[    0.000000] printk: legacy bootconsole [uart8250] enabled?
[    0.000000] printk: debug: skip boot console de-registration.?
[    0.000000] printk: debug: ignoring loglevel setting.?
[    0.000000] NX (Execute Disable) protection: active?
[    0.000000] APIC: Static calls initialized?
[    0.000000] SMBIOS 2.1 present.?
[    0.000000] DMI:  , BIOS unde Wed 09/22/2021 16:2?
[    0.000000] DMI: Memory slots populated: 1/1?
[    0.000000] ps4: EMC timer started in 2360 TSC ticks?
[    0.000000] ps4: Calibrated TSC frequency: 1594127840 kHz?
[    0.000000] tsc: Detected 1594.128 MHz processor?
[    0.001423] e820: update [mem 0x00000000-0x00000fff] usable ==> reserved?
[    0.008248] e820: remove [mem 0x000a0000-0x000fffff] usable?
[    0.013929] last_pfn = 0x27f000 max_arch_pfn = 0x400000000?
[    0.019516] MTRR map: 6 entries (3 fixed + 3 variable; max 20), built from 9 variable MTRRs?
[    0.028016] x86/PAT: Configuration [0-7]: WB  WC  UC- UC  WB  WP  UC- WT  ?
[    0.035404] e820: update [mem 0x80000000-0x13fffffff] usable ==> reserved?
[    0.042332] last_pfn = 0x80000 max_arch_pfn = 0x400000000?
[    0.056440] Using GB pages for direct mapping?
[    0.062508] ACPI: Early table checksum verification disabled?
[    0.068268] ACPI: RSDP 0x00000000000E0000 000024 (v02 SIE   )?
[    0.074118] ACPI: XSDT 0x00000000000E0088 00004C (v01 SIE    ORBIS    20121218 INTL 20110211)?
[    0.082804] ACPI: FACP 0x00000000000E016C 0000F4 (v04 SIE    ORBIS    20130205 INTL 20110211)?
[    0.091489] ACPI: DSDT 0x00000000000E0430 00018C (v02 SIE    ORBIS    20121002 INTL 20110211)?
[    0.100171] ACPI: FACS 0x00000000000E012C 000040?
[    0.104869] ACPI: FACS 0x00000000000E012C 000040?
[    0.109566] ACPI: APIC 0x00000000000E0298 00006C (v02 SIE    ORBIS    20120725 INTL 20110211)?
[    0.118248] ACPI: MCFG 0x00000000000E0304 00003C (v01 SIE    ORBIS    20120725 INTL 20110211)?
[    0.126929] ACPI: SSDT 0x00000000000E0730 001944 (v01 AMD    POWERNOW 00000001 AMD  00000001)?
[    0.135610] ACPI: IVRS 0x00000000000E2074 000054 (v01 F0F    PS4KEXEC 20161225 KEXC 20161225)?
[    0.144288] ACPI: Reserving FACP table memory at [mem 0xe016c-0xe025f]?
[    0.150929] ACPI: Reserving DSDT table memory at [mem 0xe0430-0xe05bb]?
[    0.157569] ACPI: Reserving FACS table memory at [mem 0xe012c-0xe016b]?
[    0.164208] ACPI: Reserving FACS table memory at [mem 0xe012c-0xe016b]?
[    0.170846] ACPI: Reserving APIC table memory at [mem 0xe0298-0xe0303]?
[    0.177484] ACPI: Reserving MCFG table memory at [mem 0xe0304-0xe033f]?
[    0.184123] ACPI: Reserving SSDT table memory at [mem 0xe0730-0xe2073]?
[    0.190763] ACPI: Reserving IVRS table memory at [mem 0xe2074-0xe20c7]?
[    0.197480] No NUMA configuration found?
[    0.201376] Faking a node at [mem 0x0000000000000000-0x000000027effffff]?
[    0.208198] NODE_DATA(0) allocated [mem 0x27effc800-0x27effffff]?
[    0.214367] Zone ranges:?
[    0.216936]   DMA      [mem 0x0000000000001000-0x0000000000ffffff]?
[    0.223224]   DMA32    [mem 0x0000000001000000-0x00000000ffffffff]?
[    0.229511]   Normal   [mem 0x0000000100000000-0x000000027effffff]?
[    0.235799] Movable zone start for each node?
[    0.240138] Early memory node ranges?
[    0.243768]   node   0: [mem 0x0000000000001000-0x0000000000007fff]?
[    0.250143]   node   0: [mem 0x0000000000080000-0x0000000000099fff]?
[    0.256518]   node   0: [mem 0x0000000000100000-0x00000000003fffff]?
[    0.262892]   node   0: [mem 0x0000000000480000-0x000000000067ffff]?
[    0.269266]   node   0: [mem 0x0000000000700000-0x000000007efe7fff]?
[    0.275641]   node   0: [mem 0x000000007f000000-0x000000007fffffff]?
[    0.282013]   node   0: [mem 0x0000000140000000-0x000000027effffff]?
[    0.288389] Initmem setup node 0 [mem 0x0000000000001000-0x000000027effffff]?
[    0.295565] On node 0, zone DMA: 1 pages in unavailable ranges?
[    0.301504] On node 0, zone DMA: 120 pages in unavailable ranges?
[    0.307634] On node 0, zone DMA: 102 pages in unavailable ranges?
[    0.313762] On node 0, zone DMA: 128 pages in unavailable ranges?
[    0.319922] On node 0, zone DMA: 128 pages in unavailable ranges?
[    0.336303] On node 0, zone DMA32: 24 pages in unavailable ranges?
[    0.368604] On node 0, zone Normal: 4096 pages in unavailable ranges?
[    0.375980] ACPI: No IOAPIC entries present?
[    0.380231] ACPI: Using ACPI for processor (LAPIC) configuration information?
[    0.387416] CPU topo: Max. logical packages:   1?
[    0.392109] CPU topo: Max. logical dies:       1?
[    0.396800] CPU topo: Max. dies per package:   1?
[    0.401504] CPU topo: Max. threads per core:   1?
[    0.406197] CPU topo: Num. cores per package:     8?
[    0.411155] CPU topo: Num. threads per package:   8?
[    0.416112] CPU topo: Allowing 8 present CPUs plus 0 hotplug CPUs?
[    0.422339] [mem 0xfc000000-0xffffffff] available for PCI devices?
[    0.428540] clocksource: refined-jiffies: mask: 0xffffffff max_cycles: 0xffffffff, max_idle_ns: 1910969940391419 ns?
[    0.439173] setup_percpu: NR_CPUS:8 nr_cpumask_bits:8 nr_cpu_ids:8 nr_node_ids:1?
[    0.447364] percpu: Embedded 42 pages/cpu s131544 r8192 d32296 u262144?
[    0.454026] pcpu-alloc: s131544 r8192 d32296 u262144 alloc=1*2097152?
[    0.460494] pcpu-alloc: [0] 0 1 2 3 4 5 6 7 ?
[    0.464877] Kernel command line: earlycon=uart8250,mmio32,0xC890E000,115200n8 console=tty0 keep_bootcon 8250.nr_uarts=0 iommu=pt intremap=off panic=10 loglevel=8 ignore_loglevel printk.devkmsg=on drm.edid_firmware=edid/1920x1080.bin video=HDMI-A-1:1920x1080@60D pci=nocrs libata.force=1.00:disable root=LABEL=psxitarch rootwait rw systemd.unit=multi-user.target systemd.log_level=info amdgpu.gpu_recovery=0 amdgpu.lockup_timeout=10000 amdgpu.gfx_off=0 amdgpu.runpm=0 amdgpu.bapm=0 amdgpu.dpm=0?
[    0.509246] Setting dangerous option amdgpu.gpu_recovery - tainting kernel?
[    0.516305] printk: log buffer data + meta data: 262144 + 917504 = 1179648 bytes?
[    0.525602] Dentry cache hash table entries: 1048576 (order: 11, 8388608 bytes, linear)?
[    0.534650] Inode-cache hash table entries: 524288 (order: 10, 4194304 bytes, linear)?
[    0.542724] software IO TLB: area num 8.?
[    0.575162] Fallback order for Node 0: 0 ?
[    0.575181] Built 1 zonelists, mobility grouping on.  Total pages: 1830409?
[    0.586254] Policy zone: Normal?
[    0.589445] mem auto-init: stack:off, heap alloc:off, heap free:off?
[    0.633262] SLUB: HWalign=64, Order=0-3, MinObjects=0, CPUs=8, Nodes=1?
[    0.641051] Dynamic Preempt: voluntary?
[    0.644953] rcu: Preemptible hierarchical RCU implementation.?
[    0.650799] rcu: RCU calculated value of scheduler-enlistment delay is 100 jiffies.?
[    0.658614] NR_IRQS: 4352, nr_irqs: 128, preallocated irqs: 0?
[    0.664521] rcu: srcu_init: Setting srcu_struct sizes based on contention.?
[    0.671627] Console: colour dummy device 80x25?
[    0.676149] printk: legacy console [tty0] enabled?
[    0.680976] ACPI: Core revision 20240827?
[    0.685034] ACPI: setting ELCR to 0200 (from ffff)?
[    0.689924] Failed to register legacy timer interrupt?
[    0.695062] APIC: Switch to symmetric I/O mode setup?
[    0.700121] clocksource: tsc-early: mask: 0xffffffffffffffff max_cycles: 0x16fa79f0cb3, max_idle_ns: 440795222476 ns?
[    0.710847] Calibrating delay loop (skipped), value calculated using timer frequency.. 3188.25 BogoMIPS (lpj=1594128)?
[    0.711842] Last level iTLB entries: 4KB 512, 2MB 8, 4MB 4?
[    0.711842] Last level dTLB entries: 4KB 512, 2MB 256, 4MB 128, 1GB 0?
[    0.711842] Spectre V1 : Mitigation: usercopy/swapgs barriers and __user pointer sanitization?
[    0.711842] Spectre V2 : Mitigation: Retpolines?
[    0.711842] Spectre V2 : Spectre v2 / SpectreRSB: Filling RSB on context switch and VMEXIT?
[    0.711842] RETBleed: Mitigation: untrained return thunk?
[    0.711842] Speculative Store Bypass: Mitigation: Speculative Store Bypass disabled via prctl?
[    0.711842] x86/fpu: Supporting XSAVE feature 0x001: 'x87 floating point registers'?
[    0.711842] x86/fpu: Supporting XSAVE feature 0x002: 'SSE registers'?
[    0.711842] x86/fpu: Supporting XSAVE feature 0x004: 'AVX registers'?
[    0.711842] x86/fpu: xstate_offset[2]:  576, xstate_sizes[2]:  256?
[    0.711842] x86/fpu: Enabled xstate features 0x7, context size is 832 bytes, using 'standard' format.?
[    0.711842] Freeing SMP alternatives memory: 52K?
[    0.711842] pid_max: default: 32768 minimum: 301?
[    0.711842] Mount-cache hash table entries: 16384 (order: 5, 131072 bytes, linear)?
[    0.711842] Mountpoint-cache hash table entries: 16384 (order: 5, 131072 bytes, linear)?
[    0.711842] smpboot: CPU0: AMD DG1401SNF87ID (family: 0x16, model: 0x1a, stepping: 0x0)?
[    0.712434] Performance Events: AMD PMU driver.?
[    0.712847] ... version:                0?
[    0.713846] ... bit width:              48?
[    0.714846] ... generic registers:      4?
[    0.715845] ... value mask:             0000ffffffffffff?
[    0.716845] ... max period:             00007fffffffffff?
[    0.717845] ... fixed-purpose events:   0?
[    0.718845] ... event mask:             000000000000000f?
[    0.720059] signal: max sigframe size: 1776?
[    0.720927] rcu: Hierarchical SRCU implementation.?
[    0.721847] rcu: 	Max phase no-delay instances is 400.?
[    0.722988] Timer migration: 1 hierarchy levels; 8 children per group; 1 crossnode level?
[    0.727121] smp: Bringing up secondary CPUs ...?
[    0.729057] smpboot: x86: Booting SMP configuration:?
[    0.729852] .... node  #0, CPUs:      #1 #2 #3 #4 #5 #6 #7?
[    0.739947] smp: Brought up 1 node, 8 CPUs?
[    0.741847] smpboot: Total of 8 processors activated (25506.04 BogoMIPS)?
[    0.744070] Memory: 7081872K/7321636K available (23469K kernel code, 2053K rwdata, 8784K rodata, 1624K init, 2232K bss, 235768K reserved, 0K cma-reserved)?
[    0.746247] devtmpfs: initialized?
[    0.748888] clocksource: jiffies: mask: 0xffffffff max_cycles: 0xffffffff, max_idle_ns: 1911260446275000 ns?
[    0.749854] posixtimers hash table entries: 4096 (order: 4, 65536 bytes, linear)?
[    0.751867] futex hash table entries: 2048 (order: 5, 131072 bytes, linear)?
[    0.752937] prandom: seed boundary self test passed?
[    0.755782] prandom: 100 self tests passed?
[    0.755985] NET: Registered PF_NETLINK/PF_ROUTE protocol family?
[    0.757012] audit: initializing netlink subsys (disabled)?
[    0.758885] audit: type=2000 audit(0.048:1): state=initialized audit_enabled=0 res=1?
[    0.759021] i2c-core: driver [dummy] registered?
[    0.760849] thermal_sys: Registered thermal governor 'step_wise'?
[    0.760875] cpuidle: using governor ladder?
[    0.762855] cpuidle: using governor menu?
[    0.764066] ps4: ps4: pre-allocated IRQ 9 desc for ACPI SCI (virq=9)?
[    0.765121] PCI: ECAM [mem 0xf8000000-0xfbffffff] (base 0xf8000000) for domain 0000 [bus 00-3f]?
[    0.765865] PCI: Using configuration type 1 for base access?
[    0.768030] HugeTLB: allocation took 0ms with hugepage_allocation_threads=2?
[    0.768879] HugeTLB: registered 2.00 MiB page size, pre-allocated 0 pages?
[    0.769846] HugeTLB: 28 KiB vmemmap can be freed for a 2.00 MiB page?
[    0.771241] cryptd: max_cpu_qlen set to 1000?
[    0.788848] raid6: sse2x4   gen()  4053 MB/s?
[    0.806849] raid6: sse2x2   gen()  3966 MB/s?
[    0.824845] raid6: sse2x1   gen()  3184 MB/s?
[    0.825846] raid6: using algorithm sse2x4 gen() 4053 MB/s?
[    0.843847] raid6: .... xor() 2017 MB/s, rmw enabled?
[    0.844847] raid6: using ssse3x2 recovery algorithm?
[    0.845951] ACPI: Added _OSI(Module Device)?
[    0.846847] ACPI: Added _OSI(Processor Device)?
[    0.847847] ACPI: Added _OSI(Processor Aggregator Device)?
[    0.851088] ACPI: 2 ACPI AML tables successfully acquired and loaded?
[    0.859915] ACPI: Interpreter enabled?
[    0.860860] ACPI: PM: (supports S0 S5)?
[    0.861854] ACPI: Using PIC for interrupt routing?
[    0.862872] PCI: Ignoring host bridge windows from ACPI; if necessary, use "pci=use_crs" and report a bug?
[    0.863846] PCI: Using E820 reservations for host bridge windows?
[    0.866222] acpi PNP0A03:00: [Firmware Bug]: no secondary bus range in _CRS?
[    0.866861] ACPI: PCI Root Bridge [PCI0] (domain 0000 [bus 00-ff])?
[    0.867853] acpi PNP0A03:00: _OSC: OS supports [ExtendedConfig ASPM ClockPM Segments MSI HPX-Type3]?
[    0.868864] acpi PNP0A03:00: [Firmware Info]: ECAM [mem 0xf8000000-0xfbffffff] for domain 0000 [bus 00-3f] only partially covers this bridge?
[    0.869869] acpi PNP0A03:00: host bridge window [io  0x0cf8-0x0cff] (ignored)?
[    0.870847] PCI: root bus 00: using default resources?
[    0.871900] PCI host bridge to bus 0000:00?
[    0.872853] pci_bus 0000:00: root bus resource [io  0x0000-0xffff]?
[    0.873847] pci_bus 0000:00: root bus resource [mem 0x00000000-0xffffffffff]?
[    0.874847] pci_bus 0000:00: root bus resource [bus 00-ff]?
[    0.875865] pci 0000:00:00.0: [1022:1436] type 00 class 0x060000 conventional PCI endpoint?
[    0.876972] pci 0000:00:00.2: [1022:1437] type 00 class 0x080600 conventional PCI endpoint?
[    0.877976] pci 0000:00:01.0: [1002:9923] type 00 class 0x030000 PCIe Root Complex Integrated Endpoint?
[    0.878869] pci 0000:00:01.0: BAR 0 [mem 0xe0000000-0xe3ffffff 64bit pref]?
[    0.879848] pci 0000:00:01.0: BAR 2 [mem 0xe4000000-0xe47fffff 64bit pref]?
[    0.880847] pci 0000:00:01.0: BAR 4 [io  0x6000-0x60ff]?
[    0.881847] pci 0000:00:01.0: BAR 5 [mem 0xe4800000-0xe483ffff]?
[    0.882847] pci 0000:00:01.0: ROM [mem 0x00000000-0x0001ffff pref]?
[    0.883865] pci 0000:00:01.0: Video device with shadowed ROM at [mem 0x000c0000-0x000dffff]?
[    0.884866] pci 0000:00:01.0: supports D1 D2?
[    0.885847] pci 0000:00:01.0: PME# supported from D1 D2 D3hot?
[    0.886942] pci 0000:00:01.1: [1002:9921] type 00 class 0x040300 PCIe Root Complex Integrated Endpoint?
[    0.887868] pci 0000:00:01.1: BAR 0 [mem 0xe4840000-0xe4843fff 64bit]?
[    0.888881] pci 0000:00:01.1: supports D1 D2?
[    0.889944] pci 0000:00:02.0: [1022:1438] type 00 class 0x060000 conventional PCI endpoint?
[    0.890981] pci 0000:00:14.0: [104d:90d7] type 00 class 0x088000 PCIe Endpoint?
[    0.892887] pci 0000:00:14.0: BAR 0 [mem 0xfdf8000000-0xfdf9ffffff 64bit]?
[    0.893848] pci 0000:00:14.0: BAR 2 [io  0x1000-0x13ff]?
[    0.895034] pci 0000:00:14.1: [104d:90d8] type 00 class 0x088001 PCIe Endpoint?
[    0.895888] pci 0000:00:14.1: BAR 0 [mem 0xc2000000-0xc2000fff 64bit]?
[    0.897867] pci 0000:00:14.2: [104d:90d9] type 00 class 0x088002 PCIe Endpoint?
[    0.898888] pci 0000:00:14.2: BAR 0 [mem 0xc4000000-0xc4007fff 64bit]?
[    0.901031] pci 0000:00:14.3: [104d:90da] type 00 class 0x088003 PCIe Endpoint?
[    0.901888] pci 0000:00:14.3: BAR 0 [mem 0xc6000000-0xc6000fff 64bit]?
[    0.903033] pci 0000:00:14.4: [104d:90db] type 00 class 0x088004 PCIe Endpoint?
[    0.903888] pci 0000:00:14.4: BAR 0 [mem 0xc8000000-0xc8001fff 64bit]?
[    0.904849] pci 0000:00:14.4: BAR 2 [mem 0xc8800000-0xc89fffff 64bit]?
[    0.905849] pci 0000:00:14.4: BAR 4 [mem 0xc9000000-0xc91fffff 64bit]?
[    0.907028] pci 0000:00:14.5: [104d:90dc] type 00 class 0x088005 PCIe Endpoint?
[    0.907888] pci 0000:00:14.5: BAR 0 [mem 0xca000000-0xca000fff 64bit]?
[    0.908849] pci 0000:00:14.5: BAR 2 [mem 0xca800000-0xca800fff 64bit]?
[    0.910028] pci 0000:00:14.6: [104d:90dd] type 00 class 0x088006 PCIe Endpoint?
[    0.910888] pci 0000:00:14.6: BAR 0 [mem 0xcc000000-0xcc000fff 64bit]?
[    0.911849] pci 0000:00:14.6: BAR 2 [mem 0x80000000-0xbfffffff 64bit]?
[    0.912848] pci 0000:00:14.6: BAR 4 [mem 0xcd000000-0xcd0fffff]?
[    0.913848] pci 0000:00:14.6: BAR 5 [mem 0xcd400000-0xcd43ffff]?
[    0.916013] pci 0000:00:14.7: [104d:90de] type 00 class 0x088007 PCIe Endpoint?
[    0.916888] pci 0000:00:14.7: BAR 0 [mem 0xce000000-0xce3fffff 64bit]?
[    0.917849] pci 0000:00:14.7: BAR 2 [mem 0xce800000-0xce80ffff 64bit]?
[    0.918849] pci 0000:00:14.7: BAR 4 [mem 0xcf000000-0xcf7fffff 64bit]?
[    0.920023] pci 0000:00:18.0: [1022:142e] type 00 class 0x060000 conventional PCI endpoint?
[    0.920950] pci 0000:00:18.1: [1022:142f] type 00 class 0x060000 conventional PCI endpoint?
[    0.922951] pci 0000:00:18.2: [1022:1430] type 00 class 0x060000 conventional PCI endpoint?
[    0.924905] pci 0000:00:18.3: [1022:1431] type 00 class 0x060000 conventional PCI endpoint?
[    0.925953] pci 0000:00:18.4: [1022:1432] type 00 class 0x060000 conventional PCI endpoint?
[    0.926946] pci 0000:00:18.5: [1022:1433] type 00 class 0x060000 conventional PCI endpoint?
[    0.927946] pci 0000:00:18.6: [1022:1434] type 00 class 0x060000 conventional PCI endpoint?
[    0.929052] iommu: Default domain type: Passthrough (set via kernel command line)?
[    0.930964] SCSI subsystem initialized?
[    0.931871] libata version 3.00 loaded.?
[    0.932912] ACPI: bus type USB registered?
[    0.933901] usbcore: registered new interface driver usbfs?
[    0.934870] usbcore: registered new interface driver hub?
[    0.935870] usbcore: registered new device driver usb?
[    0.937020] Advanced Linux Sound Architecture Driver Initialized.?
[    0.938901] Bluetooth: Core ver 2.22?
[    0.939859] NET: Registered PF_BLUETOOTH protocol family?
[    0.940846] Bluetooth: HCI device and connection manager initialized?
[    0.941850] Bluetooth: HCI socket layer initialized?
[    0.942849] Bluetooth: L2CAP socket layer initialized?
[    0.943853] Bluetooth: SCO socket layer initialized?
[    0.944918] PCI: Using ACPI for IRQ routing?
[    0.947983] PCI: pci_cache_line_size set to 64 bytes?
[    0.948888] e820: reserve RAM buffer [mem 0x00008000-0x0000ffff]?
[    0.949847] e820: reserve RAM buffer [mem 0x0009a000-0x0009ffff]?
[    0.950847] e820: reserve RAM buffer [mem 0x00680000-0x006fffff]?
[    0.951847] e820: reserve RAM buffer [mem 0x7efe8000-0x7fffffff]?
[    0.952847] e820: reserve RAM buffer [mem 0x27f000000-0x27fffffff]?
[    0.953874] pci 0000:00:01.0: vgaarb: setting as boot VGA device?
[    0.954842] pci 0000:00:01.0: vgaarb: bridge control possible?
[    0.954842] pci 0000:00:01.0: vgaarb: VGA device added: decodes=io+mem,owns=io+mem,locks=none?
[    0.954855] vgaarb: loaded?
[    0.956129] clocksource: Switched to clocksource tsc-early?
[    0.961693] pnp: PnP ACPI init?
[    0.964855] pnp: PnP ACPI: found 0 devices?
[    0.973607] NET: Registered PF_INET protocol family?
[    0.978876] IP idents hash table entries: 131072 (order: 8, 1048576 bytes, linear)?
[    0.990706] tcp_listen_portaddr_hash hash table entries: 4096 (order: 4, 65536 bytes, linear)?
[    0.999436] Table-perturb hash table entries: 65536 (order: 6, 262144 bytes, linear)?
[    1.007359] TCP established hash table entries: 65536 (order: 7, 524288 bytes, linear)?
[    1.015700] TCP bind hash table entries: 65536 (order: 9, 2097152 bytes, linear)?
[    1.023885] TCP: Hash tables configured (established 65536 bind 65536)?
[    1.030658] UDP hash table entries: 4096 (order: 6, 262144 bytes, linear)?
[    1.037670] UDP-Lite hash table entries: 4096 (order: 6, 262144 bytes, linear)?
[    1.045199] NET: Registered PF_UNIX/PF_LOCAL protocol family?
[    1.051326] RPC: Registered named UNIX socket transport module.?
[    1.057362] RPC: Registered udp transport module.?
[    1.062155] RPC: Registered tcp transport module.?
[    1.066947] RPC: Registered tcp-with-tls transport module.?
[    1.072537] RPC: Registered tcp NFSv4.1 backchannel transport module.?
[    1.079581] pci_bus 0000:00: resource 4 [io  0x0000-0xffff]?
[    1.085274] pci_bus 0000:00: resource 5 [mem 0x00000000-0xffffffffff]?
[    1.091926] pci 0000:00:01.1: D0 power state depends on 0000:00:01.0?
[    1.098413] pci 0000:00:02.0: CLS mismatch (64 != 512), using 64 bytes?
[    1.105180] AMD-Vi: Using global IVHD EFR:0x0, EFR2:0x0?
[    1.110707] pci 0000:00:00.0: Adding to iommu group 0?
[    1.115971] pci 0000:00:14.0: Adding to iommu group 1?
[    1.121149] pci 0000:00:14.1: Adding to iommu group 1?
[    1.126330] pci 0000:00:14.2: Adding to iommu group 1?
[    1.131508] pci 0000:00:14.3: Adding to iommu group 1?
[    1.136684] pci 0000:00:14.4: Adding to iommu group 1?
[    1.141864] pci 0000:00:14.5: Adding to iommu group 1?
[    1.147041] pci 0000:00:14.6: Adding to iommu group 1?
[    1.152216] pci 0000:00:14.7: Adding to iommu group 1?
[    1.157429] AMD-Vi: Extended features (0x840, 0x0): IA?
[    1.162882] PCI-DMA: Using software bounce buffering for IO (SWIOTLB)?
[    1.169454] software IO TLB: mapped [mem 0x000000007afe8000-0x000000007efe8000] (64MB)?
[    1.177684] LVT offset 0 assigned for vector 0x400?
[    1.182837] perf: AMD IBS detected (0x000000ff)?
[    1.187500] kvm_amd: TSC scaling supported?
[    1.191676] kvm_amd: Nested Virtualization enabled?
[    1.196557] kvm_amd: Nested Paging enabled?
[    1.200730] kvm_amd: LBR virtualization supported?
[    1.236541] platform rtc_cmos: registered platform RTC device (no PNP device found)?
[    1.247368] Initialise system trusted keyrings?
[    1.252011] workingset: timestamp_bits=40 max_order=21 bucket_order=0?
[    1.258988] ntfs3: Warning: Activated 64 bits per cluster. Windows does not support this?
[    1.267327] fuse: init (API version 7.43)?
[    1.307394] NET: Registered PF_ALG protocol family?
[    1.312283] xor: automatically using best checksumming function   avx       ?
[    1.319472] Key type asymmetric registered?
[    1.323646] Asymmetric key parser 'x509' registered?
[    1.328645] Block layer SCSI generic (bsg) driver version 0.4 loaded (major 252)?
[    1.336188] io scheduler mq-deadline registered?
[    1.340805] io scheduler kyber registered?
[    1.346977] Could not retrieve perf counters (-19)?
[    1.381015] Non-volatile memory driver v1.3?
[    1.385308] Linux agpgart interface v0.103?
[    1.389905] ACPI: bus type drm_connector registered?
[    1.394912] [drm] amdgpu kernel modesetting enabled.?
[    1.401514] brd: module loaded?
[    1.407921] loop: module loaded?
[    1.411153] i2c-core: driver [at24] registered?
[    1.415889] baikal_pcie 0000:00:14.4: bpcie_probe()?
[    1.420907] baikal_pcie 0000:00:14.4: bpcie glue probe?
[    1.426153] baikal_pcie 0000:00:14.4: Baikal chip revision: 4c0c2021:8d76a398:0000b100?
[    1.434227] pci 0000:00:14.0: bpcie_create_irq_domain?
[    1.439378] baikal_pcie 0000:00:14.4: devid = 164?
[    1.444177] baikal_pcie 0000:00:14.4: no parent ?
[    1.448889] bpcie_create_irq_domain: marked Baikal-MSI-164-3-14 as MSI parent (flags=0x113 bus_token=AMDVI)?
[    1.458819] pci 0000:00:14.1: bpcie_create_irq_domain?
[    1.463968] baikal_pcie 0000:00:14.4: devid = 164?
[    1.468763] baikal_pcie 0000:00:14.4: no parent ?
[    1.473474] bpcie_create_irq_domain: marked Baikal-MSI-164-3-14 as MSI parent (flags=0x113 bus_token=AMDVI)?
[    1.483403] pci 0000:00:14.2: bpcie_create_irq_domain?
[    1.488556] baikal_pcie 0000:00:14.4: devid = 164?
[    1.493352] baikal_pcie 0000:00:14.4: no parent ?
[    1.498061] bpcie_create_irq_domain: marked Baikal-MSI-164-3-14 as MSI parent (flags=0x113 bus_token=AMDVI)?
[    1.507990] pci 0000:00:14.3: bpcie_create_irq_domain?
[    1.513139] baikal_pcie 0000:00:14.4: devid = 164?
[    1.517938] baikal_pcie 0000:00:14.4: no parent ?
[    1.522646] bpcie_create_irq_domain: marked Baikal-MSI-164-3-14 as MSI parent (flags=0x113 bus_token=AMDVI)?
[    1.532575] baikal_pcie 0000:00:14.4: bpcie_create_irq_domain?
[    1.538434] baikal_pcie 0000:00:14.4: devid = 164?
[    1.543231] baikal_pcie 0000:00:14.4: no parent ?
[    1.547939] bpcie_create_irq_domain: marked Baikal-MSI-164-3-14 as MSI parent (flags=0x113 bus_token=AMDVI)?
[    1.557872] pci 0000:00:14.5: bpcie_create_irq_domain?
[    1.563021] baikal_pcie 0000:00:14.4: devid = 164?
[    1.567816] baikal_pcie 0000:00:14.4: no parent ?
[    1.572524] bpcie_create_irq_domain: marked Baikal-MSI-164-3-14 as MSI parent (flags=0x113 bus_token=AMDVI)?
[    1.582452] pci 0000:00:14.6: bpcie_create_irq_domain?
[    1.587601] baikal_pcie 0000:00:14.4: devid = 164?
[    1.592396] baikal_pcie 0000:00:14.4: no parent ?
[    1.597103] bpcie_create_irq_domain: marked Baikal-MSI-164-3-14 as MSI parent (flags=0x113 bus_token=AMDVI)?
[    1.607031] pci 0000:00:14.7: bpcie_create_irq_domain?
[    1.612182] baikal_pcie 0000:00:14.4: devid = 164?
[    1.616978] baikal_pcie 0000:00:14.4: no parent ?
[    1.621686] bpcie_create_irq_domain: marked Baikal-MSI-164-3-14 as MSI parent (flags=0x113 bus_token=AMDVI)?
[    1.631626] bpcie_init_dev_msi_info: dev=0000:00:14.4 installed bpcie demuxer (sc=00000000727db093)?
[    1.641435] bpcie_msi_init: virq=10 hwirq=0x0 domain=0000000047f324f1 info=00000000c4645986 sc=00000000727db093?
[    1.651732] bpcie_msi_init: registered virq=10 irq_map[0]?
[    1.657233] bpcie_msi_init: virq=11 hwirq=0x1 domain=0000000047f324f1 info=00000000c4645986 sc=00000000727db093?
[    1.667519] bpcie_msi_init: registered virq=11 irq_map[1]?
[    1.673021] bpcie_msi_init: virq=12 hwirq=0x2 domain=0000000047f324f1 info=00000000c4645986 sc=00000000727db093?
[    1.683307] bpcie_msi_init: registered virq=12 irq_map[2]?
[    1.688808] bpcie_msi_init: virq=13 hwirq=0x3 domain=0000000047f324f1 info=00000000c4645986 sc=00000000727db093?
[    1.699092] bpcie_msi_init: registered virq=13 irq_map[3]?
[    1.704592] bpcie_msi_init: virq=14 hwirq=0x4 domain=0000000047f324f1 info=00000000c4645986 sc=00000000727db093?
[    1.714877] bpcie_msi_init: registered virq=14 irq_map[4]?
[    1.720378] bpcie_msi_init: virq=15 hwirq=0x5 domain=0000000047f324f1 info=00000000c4645986 sc=00000000727db093?
[    1.730661] bpcie_msi_init: registered virq=15 irq_map[5]?
[    1.736164] bpcie_msi_init: virq=16 hwirq=0x6 domain=0000000047f324f1 info=00000000c4645986 sc=00000000727db093?
[    1.746448] bpcie_msi_init: registered virq=16 irq_map[6]?
[    1.751949] bpcie_msi_init: virq=17 hwirq=0x7 domain=0000000047f324f1 info=00000000c4645986 sc=00000000727db093?
[    1.762233] bpcie_msi_init: registered virq=17 irq_map[7]?
[    1.767733] bpcie_msi_init: virq=18 hwirq=0x8 domain=0000000047f324f1 info=00000000c4645986 sc=00000000727db093?
[    1.778018] bpcie_msi_init: registered virq=18 irq_map[8]?
[    1.783520] bpcie_msi_init: virq=19 hwirq=0x9 domain=0000000047f324f1 info=00000000c4645986 sc=00000000727db093?
[    1.793805] bpcie_msi_init: registered virq=19 irq_map[9]?
[    1.799305] bpcie_msi_init: virq=20 hwirq=0xa domain=0000000047f324f1 info=00000000c4645986 sc=00000000727db093?
[    1.809589] bpcie_msi_init: registered virq=20 irq_map[10]?
[    1.815179] bpcie_msi_init: virq=21 hwirq=0xb domain=0000000047f324f1 info=00000000c4645986 sc=00000000727db093?
[    1.825462] bpcie_msi_init: registered virq=21 irq_map[11]?
[    1.831052] bpcie_msi_init: virq=22 hwirq=0xc domain=0000000047f324f1 info=00000000c4645986 sc=00000000727db093?
[    1.841336] bpcie_msi_init: registered virq=22 irq_map[12]?
[    1.846924] bpcie_msi_init: virq=23 hwirq=0xd domain=0000000047f324f1 info=00000000c4645986 sc=00000000727db093?
[    1.857207] bpcie_msi_init: registered virq=23 irq_map[13]?
[    1.862798] bpcie_msi_init: virq=24 hwirq=0xe domain=0000000047f324f1 info=00000000c4645986 sc=00000000727db093?
[    1.873081] bpcie_msi_init: registered virq=24 irq_map[14]?
[    1.878671] bpcie_msi_init: virq=25 hwirq=0xf domain=0000000047f324f1 info=00000000c4645986 sc=00000000727db093?
[    1.888956] bpcie_msi_init: registered virq=25 irq_map[15]?
[    1.894545] bpcie_msi_init: virq=26 hwirq=0x10 domain=0000000047f324f1 info=00000000c4645986 sc=00000000727db093?
[    1.904916] bpcie_msi_init: registered virq=26 irq_map[16]?
[    1.910505] bpcie_msi_init: virq=27 hwirq=0x11 domain=0000000047f324f1 info=00000000c4645986 sc=00000000727db093?
[    1.920877] bpcie_msi_init: registered virq=27 irq_map[17]?
[    1.926466] bpcie_msi_init: virq=28 hwirq=0x12 domain=0000000047f324f1 info=00000000c4645986 sc=00000000727db093?
[    1.936837] bpcie_msi_init: registered virq=28 irq_map[18]?
[    1.942429] bpcie_msi_init: virq=29 hwirq=0x13 domain=0000000047f324f1 info=00000000c4645986 sc=00000000727db093?
[    1.952801] bpcie_msi_init: registered virq=29 irq_map[19]?
[    1.958390] bpcie_msi_init: virq=30 hwirq=0x14 domain=0000000047f324f1 info=00000000c4645986 sc=00000000727db093?
[    1.968768] bpcie_msi_init: registered virq=30 irq_map[20]?
[    1.974358] bpcie_msi_init: virq=31 hwirq=0x15 domain=0000000047f324f1 info=00000000c4645986 sc=00000000727db093?
[    1.984732] bpcie_msi_init: registered virq=31 irq_map[21]?
[    1.990321] bpcie_msi_init: virq=32 hwirq=0x16 domain=0000000047f324f1 info=00000000c4645986 sc=00000000727db093?
[    2.000695] bpcie_msi_init: registered virq=32 irq_map[22]?
[    2.006284] bpcie_msi_init: virq=33 hwirq=0x17 domain=0000000047f324f1 info=00000000c4645986 sc=00000000727db093?
[    2.016660] bpcie_msi_init: registered virq=33 irq_map[23]?
[    2.022248] bpcie_msi_init: virq=34 hwirq=0x18 domain=0000000047f324f1 info=00000000c4645986 sc=00000000727db093?
[    2.032620] bpcie_msi_init: registered virq=34 irq_map[24]?
[    2.038209] bpcie_msi_init: virq=35 hwirq=0x19 domain=0000000047f324f1 info=00000000c4645986 sc=00000000727db093?
[    2.048580] bpcie_msi_init: registered virq=35 irq_map[25]?
[    2.054172] bpcie_msi_init: virq=36 hwirq=0x1a domain=0000000047f324f1 info=00000000c4645986 sc=00000000727db093?
[    2.064543] bpcie_msi_init: registered virq=36 irq_map[26]?
[    2.070132] bpcie_msi_init: virq=37 hwirq=0x1b domain=0000000047f324f1 info=00000000c4645986 sc=00000000727db093?
[    2.080505] bpcie_msi_init: registered virq=37 irq_map[27]?
[    2.086093] bpcie_msi_init: virq=38 hwirq=0x1c domain=0000000047f324f1 info=00000000c4645986 sc=00000000727db093?
[    2.096465] bpcie_msi_init: registered virq=38 irq_map[28]?
[    2.102054] bpcie_msi_init: virq=39 hwirq=0x1d domain=0000000047f324f1 info=00000000c4645986 sc=00000000727db093?
[    2.112426] bpcie_msi_init: registered virq=39 irq_map[29]?
[    2.118015] bpcie_msi_init: virq=40 hwirq=0x1e domain=0000000047f324f1 info=00000000c4645986 sc=00000000727db093?
[    2.128386] bpcie_msi_init: registered virq=40 irq_map[30]?
[    2.133975] bpcie_msi_init: virq=41 hwirq=0x1f domain=0000000047f324f1 info=00000000c4645986 sc=00000000727db093?
[    2.144346] bpcie_msi_init: registered virq=41 irq_map[31]?
[    2.149970] baikal_pcie 0000:00:14.4: bpcie_msi_write_msg(fee00000, 000000ef) mask=0x0 irq=10 hwirq=0x0 00000000727db093?
[    2.161061] baikal_pcie 0000:00:14.4: bpcie_config_msi: func=4 subfunc=0 addr=fee00000 data=000000ef?
[    2.170388] baikal_pcie 0000:00:14.4: bpcie_msi_write_msg(fee00000, 000000ef) mask=0x0 irq=11 hwirq=0x1 00000000727db093?
[    2.181470] baikal_pcie 0000:00:14.4: bpcie_config_msi: func=4 subfunc=1 addr=fee00000 data=000000ef?
[    2.190788] baikal_pcie 0000:00:14.4: bpcie_msi_write_msg(fee00000, 000000ef) mask=0x0 irq=12 hwirq=0x2 00000000727db093?
[    2.201870] baikal_pcie 0000:00:14.4: bpcie_config_msi: func=4 subfunc=2 addr=fee00000 data=000000ef?
[    2.211189] baikal_pcie 0000:00:14.4: bpcie_msi_write_msg(fee00000, 000000ef) mask=0x0 irq=13 hwirq=0x3 00000000727db093?
[    2.222270] baikal_pcie 0000:00:14.4: bpcie_config_msi: func=4 subfunc=3 addr=fee00000 data=000000ef?
[    2.231587] baikal_pcie 0000:00:14.4: bpcie_msi_write_msg(fee00000, 000000ef) mask=0x0 irq=14 hwirq=0x4 00000000727db093?
[    2.242670] baikal_pcie 0000:00:14.4: bpcie_config_msi: func=4 subfunc=4 addr=fee00000 data=000000ef?
[    2.251988] baikal_pcie 0000:00:14.4: bpcie_msi_write_msg(fee00000, 000000ef) mask=0x0 irq=15 hwirq=0x5 00000000727db093?
[    2.263069] baikal_pcie 0000:00:14.4: bpcie_config_msi: func=4 subfunc=5 addr=fee00000 data=000000ef?
[    2.272388] baikal_pcie 0000:00:14.4: bpcie_msi_write_msg(fee00000, 000000ef) mask=0x0 irq=16 hwirq=0x6 00000000727db093?
[    2.283470] baikal_pcie 0000:00:14.4: bpcie_config_msi: func=4 subfunc=6 addr=fee00000 data=000000ef?
[    2.292797] baikal_pcie 0000:00:14.4: bpcie_msi_write_msg(fee00000, 000000ef) mask=0x0 irq=17 hwirq=0x7 00000000727db093?
[    2.303882] baikal_pcie 0000:00:14.4: bpcie_config_msi: func=4 subfunc=7 addr=fee00000 data=000000ef?
[    2.313199] baikal_pcie 0000:00:14.4: bpcie_msi_write_msg(fee00000, 000000ef) mask=0x0 irq=18 hwirq=0x8 00000000727db093?
[    2.324281] baikal_pcie 0000:00:14.4: bpcie_config_msi: func=4 subfunc=8 addr=fee00000 data=000000ef?
[    2.333598] baikal_pcie 0000:00:14.4: bpcie_msi_write_msg(fee00000, 000000ef) mask=0x0 irq=19 hwirq=0x9 00000000727db093?
[    2.344679] baikal_pcie 0000:00:14.4: bpcie_config_msi: func=4 subfunc=9 addr=fee00000 data=000000ef?
[    2.353997] baikal_pcie 0000:00:14.4: bpcie_msi_write_msg(fee00000, 000000ef) mask=0x0 irq=20 hwirq=0xa 00000000727db093?
[    2.365077] baikal_pcie 0000:00:14.4: bpcie_config_msi: func=4 subfunc=10 addr=fee00000 data=000000ef?
[    2.374485] baikal_pcie 0000:00:14.4: bpcie_msi_write_msg(fee00000, 000000ef) mask=0x0 irq=21 hwirq=0xb 00000000727db093?
[    2.385566] baikal_pcie 0000:00:14.4: bpcie_config_msi: func=4 subfunc=11 addr=fee00000 data=000000ef?
[    2.394975] baikal_pcie 0000:00:14.4: bpcie_msi_write_msg(fee00000, 000000ef) mask=0x0 irq=22 hwirq=0xc 00000000727db093?
[    2.406055] baikal_pcie 0000:00:14.4: bpcie_config_msi: func=4 subfunc=12 addr=fee00000 data=000000ef?
[    2.415462] baikal_pcie 0000:00:14.4: bpcie_msi_write_msg(fee00000, 000000ef) mask=0x0 irq=23 hwirq=0xd 00000000727db093?
[    2.426544] baikal_pcie 0000:00:14.4: bpcie_config_msi: func=4 subfunc=13 addr=fee00000 data=000000ef?
[    2.435949] baikal_pcie 0000:00:14.4: bpcie_msi_write_msg(fee00000, 000000ef) mask=0x0 irq=24 hwirq=0xe 00000000727db093?
[    2.447030] baikal_pcie 0000:00:14.4: bpcie_config_msi: func=4 subfunc=14 addr=fee00000 data=000000ef?
[    2.456436] baikal_pcie 0000:00:14.4: bpcie_msi_write_msg(fee00000, 000000ef) mask=0x0 irq=25 hwirq=0xf 00000000727db093?
[    2.467516] baikal_pcie 0000:00:14.4: bpcie_config_msi: func=4 subfunc=15 addr=fee00000 data=000000ef?
[    2.476924] baikal_pcie 0000:00:14.4: bpcie_msi_write_msg(fee00000, 000000ef) mask=0x0 irq=26 hwirq=0x10 00000000727db093?
[    2.488094] baikal_pcie 0000:00:14.4: bpcie_config_msi: func=4 subfunc=16 addr=fee00000 data=000000ef?
[    2.497499] baikal_pcie 0000:00:14.4: bpcie_msi_write_msg(fee00000, 000000ef) mask=0x0 irq=27 hwirq=0x11 00000000727db093?
[    2.508667] baikal_pcie 0000:00:14.4: bpcie_config_msi: func=4 subfunc=17 addr=fee00000 data=000000ef?
[    2.518073] baikal_pcie 0000:00:14.4: bpcie_msi_write_msg(fee00000, 000000ef) mask=0x0 irq=28 hwirq=0x12 00000000727db093?
[    2.529242] baikal_pcie 0000:00:14.4: bpcie_config_msi: func=4 subfunc=18 addr=fee00000 data=000000ef?
[    2.538648] baikal_pcie 0000:00:14.4: bpcie_msi_write_msg(fee00000, 000000ef) mask=0x0 irq=29 hwirq=0x13 00000000727db093?
[    2.549817] baikal_pcie 0000:00:14.4: bpcie_config_msi: func=4 subfunc=19 addr=fee00000 data=000000ef?
[    2.559226] baikal_pcie 0000:00:14.4: bpcie_msi_write_msg(fee00000, 000000ef) mask=0x0 irq=30 hwirq=0x14 00000000727db093?
[    2.570396] baikal_pcie 0000:00:14.4: bpcie_config_msi: func=4 subfunc=20 addr=fee00000 data=000000ef?
[    2.579805] baikal_pcie 0000:00:14.4: bpcie_msi_write_msg(fee00000, 000000ef) mask=0x0 irq=31 hwirq=0x15 00000000727db093?
[    2.590976] baikal_pcie 0000:00:14.4: bpcie_config_msi: func=4 subfunc=21 addr=fee00000 data=000000ef?
[    2.600383] baikal_pcie 0000:00:14.4: bpcie_msi_write_msg(fee00000, 000000ef) mask=0x0 irq=32 hwirq=0x16 00000000727db093?
[    2.611553] baikal_pcie 0000:00:14.4: bpcie_config_msi: func=4 subfunc=22 addr=fee00000 data=000000ef?
[    2.620960] baikal_pcie 0000:00:14.4: bpcie_msi_write_msg(fee00000, 000000ef) mask=0x0 irq=33 hwirq=0x17 00000000727db093?
[    2.632131] baikal_pcie 0000:00:14.4: bpcie_config_msi: func=4 subfunc=23 addr=fee00000 data=000000ef?
[    2.641537] baikal_pcie 0000:00:14.4: bpcie_msi_write_msg(fee00000, 000000ef) mask=0x0 irq=34 hwirq=0x18 00000000727db093?
[    2.652706] baikal_pcie 0000:00:14.4: bpcie_config_msi: func=4 subfunc=24 addr=fee00000 data=000000ef?
[    2.662111] baikal_pcie 0000:00:14.4: bpcie_msi_write_msg(fee00000, 000000ef) mask=0x0 irq=35 hwirq=0x19 00000000727db093?
[    2.673280] baikal_pcie 0000:00:14.4: bpcie_config_msi: func=4 subfunc=25 addr=fee00000 data=000000ef?
[    2.682687] baikal_pcie 0000:00:14.4: bpcie_msi_write_msg(fee00000, 000000ef) mask=0x0 irq=36 hwirq=0x1a 00000000727db093?
[    2.693858] baikal_pcie 0000:00:14.4: bpcie_config_msi: func=4 subfunc=26 addr=fee00000 data=000000ef?
[    2.703264] baikal_pcie 0000:00:14.4: bpcie_msi_write_msg(fee00000, 000000ef) mask=0x0 irq=37 hwirq=0x1b 00000000727db093?
[    2.714434] baikal_pcie 0000:00:14.4: bpcie_config_msi: func=4 subfunc=27 addr=fee00000 data=000000ef?
[    2.723839] baikal_pcie 0000:00:14.4: bpcie_msi_write_msg(fee00000, 000000ef) mask=0x0 irq=38 hwirq=0x1c 00000000727db093?
[    2.735009] baikal_pcie 0000:00:14.4: bpcie_config_msi: func=4 subfunc=28 addr=fee00000 data=000000ef?
[    2.744415] baikal_pcie 0000:00:14.4: bpcie_msi_write_msg(fee00000, 000000ef) mask=0x0 irq=39 hwirq=0x1d 00000000727db093?
[    2.755584] baikal_pcie 0000:00:14.4: bpcie_config_msi: func=4 subfunc=29 addr=fee00000 data=000000ef?
[    2.764990] baikal_pcie 0000:00:14.4: bpcie_msi_write_msg(fee00000, 000000ef) mask=0x0 irq=40 hwirq=0x1e 00000000727db093?
[    2.776160] baikal_pcie 0000:00:14.4: bpcie_config_msi: func=4 subfunc=30 addr=fee00000 data=000000ef?
[    2.785567] baikal_pcie 0000:00:14.4: bpcie_msi_write_msg(fee00000, 000000ef) mask=0x0 irq=41 hwirq=0x1f 00000000727db093?
[    2.796737] baikal_pcie 0000:00:14.4: bpcie_config_msi: func=4 subfunc=31 addr=fee00000 data=000000ef?
[    2.806236] baikal_pcie 0000:00:14.4: dev->irq=10?
[    2.811157] baikal_pcie 0000:00:14.4: Failed to register serial port 0?
[    2.817815] baikal_pcie 0000:00:14.4: UART init failed (-5); continuing without serial console?
[    2.826601] bpcie_icc_init: msi_desc msi_index=0 irq=10?
[    2.831928] bpcie_icc_init: ICC subfunc 3 -> bpcie_irqnum=13 found_virq=-1?
[    2.838943] baikal_pcie 0000:00:14.4: bpcie_msi_write_msg(fee01000, 00000020) mask=0x0 irq=13 hwirq=0x3 00000000727db093?
[    2.839930] baikal_pcie 0000:00:14.4: bpcie_config_msi: func=4 subfunc=3 addr=fee01000 data=00000020?
[    2.839930] baikal_pcie 0000:00:14.4: bpcie_msi_write_msg(fee01000, 00000020) mask=0x0 irq=13 hwirq=0x3 00000000727db093?
[    2.839930] baikal_pcie 0000:00:14.4: bpcie_config_msi: func=4 subfunc=3 addr=fee01000 data=00000020?
[    2.879743] genirq: Flags mismatch irq 0. 00200080 (icc-shotgun) vs. 00000000 (AMD-Vi)?
[    2.887825] baikal_pcie 0000:00:14.4: bpcie_msi_write_msg(fee02000, 00000020) mask=0x0 irq=10 hwirq=0x0 00000000727db093?
[    2.888813] baikal_pcie 0000:00:14.4: bpcie_config_msi: func=4 subfunc=0 addr=fee02000 data=00000020?
[    2.888813] baikal_pcie 0000:00:14.4: bpcie_msi_write_msg(fee02000, 00000020) mask=0x0 irq=10 hwirq=0x0 00000000727db093?
[    2.888813] baikal_pcie 0000:00:14.4: bpcie_config_msi: func=4 subfunc=0 addr=fee02000 data=00000020?
[    2.928641] baikal_pcie 0000:00:14.4: bpcie_msi_write_msg(fee03000, 00000020) mask=0x0 irq=11 hwirq=0x1 00000000727db093?
[    2.929623] baikal_pcie 0000:00:14.4: bpcie_config_msi: func=4 subfunc=1 addr=fee03000 data=00000020?
[    2.929623] baikal_pcie 0000:00:14.4: bpcie_msi_write_msg(fee03000, 00000020) mask=0x0 irq=11 hwirq=0x1 00000000727db093?
[    2.929623] baikal_pcie 0000:00:14.4: bpcie_config_msi: func=4 subfunc=1 addr=fee03000 data=00000020?
[    2.969425] baikal_pcie 0000:00:14.4: bpcie_msi_write_msg(fee04000, 00000020) mask=0x0 irq=12 hwirq=0x2 00000000727db093?
[    2.970410] baikal_pcie 0000:00:14.4: bpcie_config_msi: func=4 subfunc=2 addr=fee04000 data=00000020?
[    2.970410] baikal_pcie 0000:00:14.4: bpcie_msi_write_msg(fee04000, 00000020) mask=0x0 irq=12 hwirq=0x2 00000000727db093?
[    2.970410] baikal_pcie 0000:00:14.4: bpcie_config_msi: func=4 subfunc=2 addr=fee04000 data=00000020?
[    3.010214] baikal_pcie 0000:00:14.4: bpcie_msi_write_msg(fee05000, 00000020) mask=0x0 irq=14 hwirq=0x4 00000000727db093?
[    3.011194] baikal_pcie 0000:00:14.4: bpcie_config_msi: func=4 subfunc=4 addr=fee05000 data=00000020?
[    3.011194] baikal_pcie 0000:00:14.4: bpcie_msi_write_msg(fee05000, 00000020) mask=0x0 irq=14 hwirq=0x4 00000000727db093?
[    3.011194] baikal_pcie 0000:00:14.4: bpcie_config_msi: func=4 subfunc=4 addr=fee05000 data=00000020?
[    3.051003] baikal_pcie 0000:00:14.4: bpcie_msi_write_msg(fee06000, 00000020) mask=0x0 irq=15 hwirq=0x5 00000000727db093?
[    3.051988] baikal_pcie 0000:00:14.4: bpcie_config_msi: func=4 subfunc=5 addr=fee06000 data=00000020?
[    3.051988] baikal_pcie 0000:00:14.4: bpcie_msi_write_msg(fee06000, 00000020) mask=0x0 irq=15 hwirq=0x5 00000000727db093?
[    3.051988] baikal_pcie 0000:00:14.4: bpcie_config_msi: func=4 subfunc=5 addr=fee06000 data=00000020?
[    3.091794] baikal_pcie 0000:00:14.4: bpcie_msi_write_msg(fee07000, 00000020) mask=0x0 irq=16 hwirq=0x6 00000000727db093?
[    3.092774] baikal_pcie 0000:00:14.4: bpcie_config_msi: func=4 subfunc=6 addr=fee07000 data=00000020?
[    3.092774] baikal_pcie 0000:00:14.4: bpcie_msi_write_msg(fee07000, 00000020) mask=0x0 irq=16 hwirq=0x6 00000000727db093?
[    3.092774] baikal_pcie 0000:00:14.4: bpcie_config_msi: func=4 subfunc=6 addr=fee07000 data=00000020?
[    3.132582] baikal_pcie 0000:00:14.4: bpcie_msi_write_msg(fee00000, 00000021) mask=0x0 irq=17 hwirq=0x7 00000000727db093?
[    3.133567] baikal_pcie 0000:00:14.4: bpcie_config_msi: func=4 subfunc=7 addr=fee00000 data=00000021?
[    3.133567] baikal_pcie 0000:00:14.4: bpcie_msi_write_msg(fee00000, 00000021) mask=0x0 irq=17 hwirq=0x7 00000000727db093?
[    3.133567] baikal_pcie 0000:00:14.4: bpcie_config_msi: func=4 subfunc=7 addr=fee00000 data=00000021?
[    3.173374] baikal_pcie 0000:00:14.4: bpcie_msi_write_msg(fee01000, 00000021) mask=0x0 irq=18 hwirq=0x8 00000000727db093?
[    3.174355] baikal_pcie 0000:00:14.4: bpcie_config_msi: func=4 subfunc=8 addr=fee01000 data=00000021?
[    3.174355] baikal_pcie 0000:00:14.4: bpcie_msi_write_msg(fee01000, 00000021) mask=0x0 irq=18 hwirq=0x8 00000000727db093?
[    3.174355] baikal_pcie 0000:00:14.4: bpcie_config_msi: func=4 subfunc=8 addr=fee01000 data=00000021?
[    3.214160] baikal_pcie 0000:00:14.4: bpcie_msi_write_msg(fee02000, 00000021) mask=0x0 irq=19 hwirq=0x9 00000000727db093?
[    3.215145] baikal_pcie 0000:00:14.4: bpcie_config_msi: func=4 subfunc=9 addr=fee02000 data=00000021?
[    3.215145] baikal_pcie 0000:00:14.4: bpcie_msi_write_msg(fee02000, 00000021) mask=0x0 irq=19 hwirq=0x9 00000000727db093?
[    3.215145] baikal_pcie 0000:00:14.4: bpcie_config_msi: func=4 subfunc=9 addr=fee02000 data=00000021?
[    3.254950] baikal_pcie 0000:00:14.4: bpcie_msi_write_msg(fee03000, 00000021) mask=0x0 irq=20 hwirq=0xa 00000000727db093?
[    3.255934] baikal_pcie 0000:00:14.4: bpcie_config_msi: func=4 subfunc=10 addr=fee03000 data=00000021?
[    3.255934] baikal_pcie 0000:00:14.4: bpcie_msi_write_msg(fee03000, 00000021) mask=0x0 irq=20 hwirq=0xa 00000000727db093?
[    3.255934] baikal_pcie 0000:00:14.4: bpcie_config_msi: func=4 subfunc=10 addr=fee03000 data=00000021?
[    3.295916] baikal_pcie 0000:00:14.4: bpcie_msi_write_msg(fee04000, 00000021) mask=0x0 irq=21 hwirq=0xb 00000000727db093?
[    3.296898] baikal_pcie 0000:00:14.4: bpcie_config_msi: func=4 subfunc=11 addr=fee04000 data=00000021?
[    3.296898] baikal_pcie 0000:00:14.4: bpcie_msi_write_msg(fee04000, 00000021) mask=0x0 irq=21 hwirq=0xb 00000000727db093?
[    3.296898] baikal_pcie 0000:00:14.4: bpcie_config_msi: func=4 subfunc=11 addr=fee04000 data=00000021?
[    3.336883] baikal_pcie 0000:00:14.4: bpcie_msi_write_msg(fee05000, 00000021) mask=0x0 irq=22 hwirq=0xc 00000000727db093?
[    3.337866] baikal_pcie 0000:00:14.4: bpcie_config_msi: func=4 subfunc=12 addr=fee05000 data=00000021?
[    3.337866] baikal_pcie 0000:00:14.4: bpcie_msi_write_msg(fee05000, 00000021) mask=0x0 irq=22 hwirq=0xc 00000000727db093?
[    3.337866] baikal_pcie 0000:00:14.4: bpcie_config_msi: func=4 subfunc=12 addr=fee05000 data=00000021?
[    3.377850] baikal_pcie 0000:00:14.4: bpcie_msi_write_msg(fee06000, 00000021) mask=0x0 irq=23 hwirq=0xd 00000000727db093?
[    3.378832] baikal_pcie 0000:00:14.4: bpcie_config_msi: func=4 subfunc=13 addr=fee06000 data=00000021?
[    3.378832] baikal_pcie 0000:00:14.4: bpcie_msi_write_msg(fee06000, 00000021) mask=0x0 irq=23 hwirq=0xd 00000000727db093?
[    3.378832] baikal_pcie 0000:00:14.4: bpcie_config_msi: func=4 subfunc=13 addr=fee06000 data=00000021?
[    3.418816] baikal_pcie 0000:00:14.4: bpcie_msi_write_msg(fee07000, 00000021) mask=0x0 irq=24 hwirq=0xe 00000000727db093?
[    3.419799] baikal_pcie 0000:00:14.4: bpcie_config_msi: func=4 subfunc=14 addr=fee07000 data=00000021?
[    3.419799] baikal_pcie 0000:00:14.4: bpcie_msi_write_msg(fee07000, 00000021) mask=0x0 irq=24 hwirq=0xe 00000000727db093?
[    3.419799] baikal_pcie 0000:00:14.4: bpcie_config_msi: func=4 subfunc=14 addr=fee07000 data=00000021?
[    3.459781] baikal_pcie 0000:00:14.4: bpcie_msi_write_msg(fee00000, 00000022) mask=0x0 irq=25 hwirq=0xf 00000000727db093?
[    3.460763] baikal_pcie 0000:00:14.4: bpcie_config_msi: func=4 subfunc=15 addr=fee00000 data=00000022?
[    3.460763] baikal_pcie 0000:00:14.4: bpcie_msi_write_msg(fee00000, 00000022) mask=0x0 irq=25 hwirq=0xf 00000000727db093?
[    3.460763] baikal_pcie 0000:00:14.4: bpcie_config_msi: func=4 subfunc=15 addr=fee00000 data=00000022?
[    3.500747] baikal_pcie 0000:00:14.4: bpcie_msi_write_msg(fee01000, 00000022) mask=0x0 irq=26 hwirq=0x10 00000000727db093?
[    3.501730] baikal_pcie 0000:00:14.4: bpcie_config_msi: func=4 subfunc=16 addr=fee01000 data=00000022?
[    3.501730] baikal_pcie 0000:00:14.4: bpcie_msi_write_msg(fee01000, 00000022) mask=0x0 irq=26 hwirq=0x10 00000000727db093?
[    3.501730] baikal_pcie 0000:00:14.4: bpcie_config_msi: func=4 subfunc=16 addr=fee01000 data=00000022?
[    3.541888] baikal_pcie 0000:00:14.4: bpcie_msi_write_msg(fee02000, 00000022) mask=0x0 irq=27 hwirq=0x11 00000000727db093?
[    3.542872] baikal_pcie 0000:00:14.4: bpcie_config_msi: func=4 subfunc=17 addr=fee02000 data=00000022?
[    3.542872] baikal_pcie 0000:00:14.4: bpcie_msi_write_msg(fee02000, 00000022) mask=0x0 irq=27 hwirq=0x11 00000000727db093?
[    3.542872] baikal_pcie 0000:00:14.4: bpcie_config_msi: func=4 subfunc=17 addr=fee02000 data=00000022?
[    3.583033] baikal_pcie 0000:00:14.4: bpcie_msi_write_msg(fee03000, 00000022) mask=0x0 irq=28 hwirq=0x12 00000000727db093?
[    3.584013] baikal_pcie 0000:00:14.4: bpcie_config_msi: func=4 subfunc=18 addr=fee03000 data=00000022?
[    3.584013] baikal_pcie 0000:00:14.4: bpcie_msi_write_msg(fee03000, 00000022) mask=0x0 irq=28 hwirq=0x12 00000000727db093?
[    3.584013] baikal_pcie 0000:00:14.4: bpcie_config_msi: func=4 subfunc=18 addr=fee03000 data=00000022?
[    3.624174] baikal_pcie 0000:00:14.4: bpcie_msi_write_msg(fee04000, 00000022) mask=0x0 irq=29 hwirq=0x13 00000000727db093?
[    3.625159] baikal_pcie 0000:00:14.4: bpcie_config_msi: func=4 subfunc=19 addr=fee04000 data=00000022?
[    3.625159] baikal_pcie 0000:00:14.4: bpcie_msi_write_msg(fee04000, 00000022) mask=0x0 irq=29 hwirq=0x13 00000000727db093?
[    3.625159] baikal_pcie 0000:00:14.4: bpcie_config_msi: func=4 subfunc=19 addr=fee04000 data=00000022?
[    3.665318] baikal_pcie 0000:00:14.4: bpcie_msi_write_msg(fee05000, 00000022) mask=0x0 irq=30 hwirq=0x14 00000000727db093?
[    3.666298] baikal_pcie 0000:00:14.4: bpcie_config_msi: func=4 subfunc=20 addr=fee05000 data=00000022?
[    3.666298] baikal_pcie 0000:00:14.4: bpcie_msi_write_msg(fee05000, 00000022) mask=0x0 irq=30 hwirq=0x14 00000000727db093?
[    3.666298] baikal_pcie 0000:00:14.4: bpcie_config_msi: func=4 subfunc=20 addr=fee05000 data=00000022?
[    3.706462] baikal_pcie 0000:00:14.4: bpcie_msi_write_msg(fee06000, 00000022) mask=0x0 irq=31 hwirq=0x15 00000000727db093?
[    3.707443] baikal_pcie 0000:00:14.4: bpcie_config_msi: func=4 subfunc=21 addr=fee06000 data=00000022?
[    3.707443] baikal_pcie 0000:00:14.4: bpcie_msi_write_msg(fee06000, 00000022) mask=0x0 irq=31 hwirq=0x15 00000000727db093?
[    3.707443] baikal_pcie 0000:00:14.4: bpcie_config_msi: func=4 subfunc=21 addr=fee06000 data=00000022?
[    3.747605] baikal_pcie 0000:00:14.4: bpcie_msi_write_msg(fee07000, 00000022) mask=0x0 irq=32 hwirq=0x16 00000000727db093?
[    3.748586] baikal_pcie 0000:00:14.4: bpcie_config_msi: func=4 subfunc=22 addr=fee07000 data=00000022?
[    3.748586] baikal_pcie 0000:00:14.4: bpcie_msi_write_msg(fee07000, 00000022) mask=0x0 irq=32 hwirq=0x16 00000000727db093?
[    3.748586] baikal_pcie 0000:00:14.4: bpcie_config_msi: func=4 subfunc=22 addr=fee07000 data=00000022?
[    3.788749] baikal_pcie 0000:00:14.4: bpcie_msi_write_msg(fee00000, 00000023) mask=0x0 irq=33 hwirq=0x17 00000000727db093?
[    3.789733] baikal_pcie 0000:00:14.4: bpcie_config_msi: func=4 subfunc=23 addr=fee00000 data=00000023?
[    3.789733] baikal_pcie 0000:00:14.4: bpcie_msi_write_msg(fee00000, 00000023) mask=0x0 irq=33 hwirq=0x17 00000000727db093?
[    3.789733] baikal_pcie 0000:00:14.4: bpcie_config_msi: func=4 subfunc=23 addr=fee00000 data=00000023?
[    3.829891] baikal_pcie 0000:00:14.4: bpcie_msi_write_msg(fee01000, 00000023) mask=0x0 irq=34 hwirq=0x18 00000000727db093?
[    3.830875] baikal_pcie 0000:00:14.4: bpcie_config_msi: func=4 subfunc=24 addr=fee01000 data=00000023?
[    3.830875] baikal_pcie 0000:00:14.4: bpcie_msi_write_msg(fee01000, 00000023) mask=0x0 irq=34 hwirq=0x18 00000000727db093?
[    3.830875] baikal_pcie 0000:00:14.4: bpcie_config_msi: func=4 subfunc=24 addr=fee01000 data=00000023?
[    3.871034] baikal_pcie 0000:00:14.4: bpcie_msi_write_msg(fee02000, 00000023) mask=0x0 irq=35 hwirq=0x19 00000000727db093?
[    3.872016] baikal_pcie 0000:00:14.4: bpcie_config_msi: func=4 subfunc=25 addr=fee02000 data=00000023?
[    3.872016] baikal_pcie 0000:00:14.4: bpcie_msi_write_msg(fee02000, 00000023) mask=0x0 irq=35 hwirq=0x19 00000000727db093?
[    3.872016] baikal_pcie 0000:00:14.4: bpcie_config_msi: func=4 subfunc=25 addr=fee02000 data=00000023?
[    3.912177] baikal_pcie 0000:00:14.4: bpcie_msi_write_msg(fee03000, 00000023) mask=0x0 irq=36 hwirq=0x1a 00000000727db093?
[    3.913160] baikal_pcie 0000:00:14.4: bpcie_config_msi: func=4 subfunc=26 addr=fee03000 data=00000023?
[    3.913160] baikal_pcie 0000:00:14.4: bpcie_msi_write_msg(fee03000, 00000023) mask=0x0 irq=36 hwirq=0x1a 00000000727db093?
[    3.913160] baikal_pcie 0000:00:14.4: bpcie_config_msi: func=4 subfunc=26 addr=fee03000 data=00000023?
[    3.953323] baikal_pcie 0000:00:14.4: bpcie_msi_write_msg(fee04000, 00000023) mask=0x0 irq=37 hwirq=0x1b 00000000727db093?
[    3.954305] baikal_pcie 0000:00:14.4: bpcie_config_msi: func=4 subfunc=27 addr=fee04000 data=00000023?
[    3.954305] baikal_pcie 0000:00:14.4: bpcie_msi_write_msg(fee04000, 00000023) mask=0x0 irq=37 hwirq=0x1b 00000000727db093?
[    3.954305] baikal_pcie 0000:00:14.4: bpcie_config_msi: func=4 subfunc=27 addr=fee04000 data=00000023?
[    3.994464] baikal_pcie 0000:00:14.4: bpcie_msi_write_msg(fee05000, 00000023) mask=0x0 irq=38 hwirq=0x1c 00000000727db093?
[    3.995448] baikal_pcie 0000:00:14.4: bpcie_config_msi: func=4 subfunc=28 addr=fee05000 data=00000023?
[    3.995448] baikal_pcie 0000:00:14.4: bpcie_msi_write_msg(fee05000, 00000023) mask=0x0 irq=38 hwirq=0x1c 00000000727db093?
[    3.995448] baikal_pcie 0000:00:14.4: bpcie_config_msi: func=4 subfunc=28 addr=fee05000 data=00000023?
[    4.035609] baikal_pcie 0000:00:14.4: bpcie_msi_write_msg(fee06000, 00000023) mask=0x0 irq=39 hwirq=0x1d 00000000727db093?
[    4.036591] baikal_pcie 0000:00:14.4: bpcie_config_msi: func=4 subfunc=29 addr=fee06000 data=00000023?
[    4.036591] baikal_pcie 0000:00:14.4: bpcie_msi_write_msg(fee06000, 00000023) mask=0x0 irq=39 hwirq=0x1d 00000000727db093?
[    4.036591] baikal_pcie 0000:00:14.4: bpcie_config_msi: func=4 subfunc=29 addr=fee06000 data=00000023?
[    4.076752] baikal_pcie 0000:00:14.4: bpcie_msi_write_msg(fee07000, 00000023) mask=0x0 irq=40 hwirq=0x1e 00000000727db093?
[    4.077735] baikal_pcie 0000:00:14.4: bpcie_config_msi: func=4 subfunc=30 addr=fee07000 data=00000023?
[    4.077735] baikal_pcie 0000:00:14.4: bpcie_msi_write_msg(fee07000, 00000023) mask=0x0 irq=40 hwirq=0x1e 00000000727db093?
[    4.077735] baikal_pcie 0000:00:14.4: bpcie_config_msi: func=4 subfunc=30 addr=fee07000 data=00000023?
[    4.117892] baikal_pcie 0000:00:14.4: bpcie_msi_write_msg(fee00000, 00000024) mask=0x0 irq=41 hwirq=0x1f 00000000727db093?
[    4.118877] baikal_pcie 0000:00:14.4: bpcie_config_msi: func=4 subfunc=31 addr=fee00000 data=00000024?
[    4.118877] baikal_pcie 0000:00:14.4: bpcie_msi_write_msg(fee00000, 00000024) mask=0x0 irq=41 hwirq=0x1f 00000000727db093?
[    4.118877] baikal_pcie 0000:00:14.4: bpcie_config_msi: func=4 subfunc=31 addr=fee00000 data=00000024?
[    4.159035] bpcie_icc_init: shotgun-registered ICC at 32 additional virqs (0..63)?
[    4.166668] baikal_pcie 0000:00:14.4: icc init-diag: ICC virq=13 STATUS=0x0 IRQ_MASK=0x3 DOORBELL_off=0x108004 STATUS_off=0x108014?
[    4.178667] i2c i2c-0: adapter [icc] registered?
[    4.183408] icc_interrupt: irq=35 entry status=0x2?
[    4.184466] icc_interrupt: irq=0 entry status=0x2?
[    4.204606] icc_interrupt: irq=35 entry status=0x1?
[    4.205482] icc_interrupt: irq=0 entry status=0x1?
[    4.214288] Turn ON BT/WLAN: ret=20, reply 00 00 00 00?
[    4.214428] icc_interrupt: irq=35 entry status=0x2?
[    4.215459] icc_interrupt: irq=0 entry status=0x2?
[    4.229339] usb0 status: ret=20, reply 00 00 01 00?
[    4.229343] USB is already turned ON!?
[    4.234294] input: Power Button as /devices/pci0000:00/0000:00:14.4/input/input0?
[    4.245686] icc_interrupt: irq=35 entry status=0x2?
[    4.246454] icc_interrupt: irq=0 entry status=0x2?
[    4.259590] icc_interrupt: irq=35 entry status=0x1?
[    4.260473] icc_interrupt: irq=0 entry status=0x1?
[    4.269269] icc: not ready?
[    4.272029] baikal_pcie 0000:00:14.4: icc_pwrbutton_init: Failed to enable reset notifications (-11)?
[    4.300463] ret=46, reply 00 00 03 00 00 00 15 00?
[    4.315459] ret=20, reply 00 00 01 02 10 00 00 00?
[    4.330458] ret=20, reply 00 00 00 00 00 00 00 00?
[    4.335367] wireguard: WireGuard 1.0.0 loaded. See www.wireguard.com for information.?
[    4.343351] wireguard: Copyright (C) 2015-2019 Jason A. Donenfeld <Jason@zx2c4.com>. All Rights Reserved.?
[    4.353605] sky2: driver version 1.30?
[    4.357408] ps4_mts 0000:00:14.1: Baikal MTS: BAR0=[mem 0xc2000000-0xc2000fff 64bit], mapped at 000000002e44de56?
[    4.368474] ps4_mts 0000:00:14.1: SMI sweep:?
[    4.372849] ps4_mts 0000:00:14.1:   reg  0 = 0x1000?
[    4.377837] ps4_mts 0000:00:14.1:   reg  1 = 0x7969?
[    4.382824] ps4_mts 0000:00:14.1:   reg  2 = 0x03a2?
[    4.387813] ps4_mts 0000:00:14.1:   reg  3 = 0x9441?
[    4.392802] ps4_mts 0000:00:14.1:   reg  4 = 0x01e1?
[    4.397790] ps4_mts 0000:00:14.1:   reg  5 = 0xc5e1?
[    4.402777] ps4_mts 0000:00:14.1:   reg  6 = 0x000f?
[    4.407764] ps4_mts 0000:00:14.1:   reg  7 = 0x2001?
[    4.412754] ps4_mts 0000:00:14.1:   reg  8 = 0x48aa?
[    4.417742] ps4_mts 0000:00:14.1:   reg  9 = 0x0200?
[    4.422729] ps4_mts 0000:00:14.1:   reg 10 = 0x7c00?
[    4.427717] ps4_mts 0000:00:14.1:   reg 11 = 0x0000?
[    4.432707] ps4_mts 0000:00:14.1:   reg 12 = 0x0000?
[    4.437693] ps4_mts 0000:00:14.1:   reg 13 = 0x0000?
[    4.442682] ps4_mts 0000:00:14.1:   reg 14 = 0x0000?
[    4.447669] ps4_mts 0000:00:14.1:   reg 15 = 0x2000?
[    4.452657] ps4_mts 0000:00:14.1:   reg 16 = 0x0000?
[    4.457645] ps4_mts 0000:00:14.1:   reg 17 = 0xf000?
[    4.462635] ps4_mts 0000:00:14.1:   reg 18 = 0x0048?
[    4.467622] ps4_mts 0000:00:14.1:   reg 19 = 0x0000?
[    4.472611] ps4_mts 0000:00:14.1:   reg 20 = 0x0000?
[    4.477599] ps4_mts 0000:00:14.1:   reg 21 = 0x0001?
[    4.482588] ps4_mts 0000:00:14.1:   reg 22 = 0x3000?
[    4.487574] ps4_mts 0000:00:14.1:   reg 23 = 0x00a0?
[    4.492564] ps4_mts 0000:00:14.1:   reg 24 = 0x0000?
[    4.497550] ps4_mts 0000:00:14.1:   reg 25 = 0x0000?
[    4.502539] ps4_mts 0000:00:14.1:   reg 26 = 0x0480?
[    4.507526] ps4_mts 0000:00:14.1:   reg 27 = 0x0000?
[    4.512515] ps4_mts 0000:00:14.1:   reg 28 = 0x8000?
[    4.517502] ps4_mts 0000:00:14.1:   reg 29 = 0x2030?
[    4.522490] ps4_mts 0000:00:14.1:   reg 30 = 0x1000?
[    4.527480] ps4_mts 0000:00:14.1:   reg 31 = 0x0000?
[    4.532483] ps4_mts 0000:00:14.1: PHY ID1=0x03a2 ID2=0x9441?
[    4.538684] xhci_aeolia 0000:00:14.7: bpcie_assign_irqs(3)?
[    4.544287] bpcie_init_dev_msi_info: dev=0000:00:14.7 installed bpcie demuxer (sc=00000000727db093)?
[    4.553547] bpcie_msi_init: virq=1 hwirq=0x0 domain=0000000059af7add info=00000000c4645986 sc=00000000727db093?
[    4.563748] bpcie_msi_init: registered virq=1 irq_map[32]?
[    4.569256] xhci_aeolia 0000:00:14.7: bpcie_msi_write_msg(fee00000, 000000ef) mask=0x0 irq=1 hwirq=0x0 00000000727db093?
[    4.580257] baikal_pcie 0000:00:14.4: bpcie_config_msi: func=7 subfunc=0 addr=fee00000 data=000000ef?
[    4.589592] xhci_aeolia 0000:00:14.7: bpcie_assign_irqs returning 1?
[    4.595982] xhci_aeolia 0000:00:14.7: version 3.0?
[    4.600786] xhci_aeolia 0000:00:14.7: Belize SATA PHY init?
[    5.597213] ps4_mts 0000:00:14.1: link DOWN (linkreg=0x00000b18, BMSR=0x7949)?
[    5.606413] xhci_aeolia 0000:00:14.7: PHY SET GEN3?
[    5.611297] xhci_aeolia 0000:00:14.7: Belize SATA PHY Trace length : 6?
[    6.618039] xhci_aeolia 0000:00:14.7: Align 90=0x00?
[    6.623048] clocksource: tsc: mask: 0xffffffffffffffff max_cycles: 0x16fa79f0cb3, max_idle_ns: 440795222476 ns?
[    6.623110] xhci_aeolia 0000:00:14.7: AHCI vers 0001.0300, 32 command slots, 6 Gbps, ATA mode?
[    6.641935] xhci_aeolia 0000:00:14.7: 1/1 ports implemented (port mask 0x1)?
[    6.649032] xhci_aeolia 0000:00:14.7: flags: ncq sntf pm clo only pmp pio slum part ccc apst ?
[    6.657742] clocksource: Switched to clocksource tsc?
[    6.657798] xhci_aeolia 0000:00:14.7: bpcie_msi_write_msg(fee01000, 00000024) mask=0x0 irq=1 hwirq=0x0 00000000727db093?
[    6.672875] baikal_pcie 0000:00:14.4: bpcie_config_msi: func=7 subfunc=0 addr=fee01000 data=00000024?
[    6.680875] xhci_aeolia 0000:00:14.7: bpcie_msi_write_msg(fee01000, 00000024) mask=0x0 irq=1 hwirq=0x0 00000000727db093?
[    6.693875] baikal_pcie 0000:00:14.4: bpcie_config_msi: func=7 subfunc=0 addr=fee01000 data=00000024?
[    6.703962] scsi host0: ahci?
[    6.707036] ata1: SATA max UDMA/133 abar m65536@0xce800000 port 0xce800100 irq 1 lpm-pol 0?
[    6.765987] xhci_aeolia_probe_one 0, controller is 90de?
[    6.771396] xhci_aeolia 0000:00:14.7: xHCI Host Controller?
[    6.777010] xhci_aeolia 0000:00:14.7: new USB bus registered, assigned bus number 1?
[    6.784953] xhci_aeolia 0000:00:14.7: hcc params 0x0228f66c hci version 0x100 quirks 0x0004000000010010?
[    6.794544] xhci_aeolia 0000:00:14.7: irq 1, io mem 0xce000000?
[    6.800619] xhci_aeolia 0000:00:14.7: xHCI Host Controller?
[    6.806218] xhci_aeolia 0000:00:14.7: new USB bus registered, assigned bus number 2?
[    6.834980] xhci_aeolia 0000:00:14.7: Host supports USB 3.0 SuperSpeed?
[    6.841805] usb usb1: New USB device found, idVendor=1d6b, idProduct=0002, bcdDevice= 6.15?
[    6.850238] usb usb1: New USB device strings: Mfr=3, Product=2, SerialNumber=1?
[    6.857603] usb usb1: Product: xHCI Host Controller?
[    6.862578] usb usb1: Manufacturer: Linux 6.15.4-Baikal_TESTING_crashniels-dirty xhci-hcd?
[    6.870917] usb usb1: SerialNumber: 0000:00:14.7?
[    6.876123] hub 1-0:1.0: USB hub found?
[    6.880037] hub 1-0:1.0: 2 ports detected?
[    6.884372] usb usb2: We don't know the algorithms for LPM for this host, disabling LPM.?
[    6.892703] usb usb2: New USB device found, idVendor=1d6b, idProduct=0003, bcdDevice= 6.15?
[    6.901131] usb usb2: New USB device strings: Mfr=3, Product=2, SerialNumber=1?
[    6.908500] usb usb2: Product: xHCI Host Controller?
[    6.913473] usb usb2: Manufacturer: Linux 6.15.4-Baikal_TESTING_crashniels-dirty xhci-hcd?
[    6.921823] usb usb2: SerialNumber: 0000:00:14.7?
[    6.926861] hub 2-0:1.0: USB hub found?
[    6.930708] hub 2-0:1.0: 2 ports detected?
[    6.955995] xhci_aeolia_probe_one 2, controller is 90de?
[    6.961395] xhci_aeolia 0000:00:14.7: xHCI Host Controller?
[    6.967001] xhci_aeolia 0000:00:14.7: new USB bus registered, assigned bus number 3?
[    6.974948] xhci_aeolia 0000:00:14.7: hcc params 0x0220f06c hci version 0x100 quirks 0x0004000000010010?
[    6.984547] xhci_aeolia 0000:00:14.7: irq 1, io mem 0xcf000000?
[    6.990504] debugfs: Directory '0000:00:14.7' with parent 'xhci' already present!?
[    6.998165] xhci_aeolia 0000:00:14.7: xHCI Host Controller?
[    7.003761] xhci_aeolia 0000:00:14.7: new USB bus registered, assigned bus number 4?
[    7.031962] xhci_aeolia 0000:00:14.7: Host supports USB 3.0 SuperSpeed?
[    7.038899] usb usb3: New USB device found, idVendor=1d6b, idProduct=0002, bcdDevice= 6.15?
[    7.047330] usb usb3: New USB device strings: Mfr=3, Product=2, SerialNumber=1?
[    7.054695] usb usb3: Product: xHCI Host Controller?
[    7.059666] usb usb3: Manufacturer: Linux 6.15.4-Baikal_TESTING_crashniels-dirty xhci-hcd?
[    7.068003] usb usb3: SerialNumber: 0000:00:14.7?
[    7.073071] hub 3-0:1.0: USB hub found?
[    7.076916] hub 3-0:1.0: 1 port detected?
[    7.081104] usb usb4: We don't know the algorithms for LPM for this host, disabling LPM.?
[    7.089431] usb usb4: New USB device found, idVendor=1d6b, idProduct=0003, bcdDevice= 6.15?
[    7.097868] usb usb4: New USB device strings: Mfr=3, Product=2, SerialNumber=1?
[    7.105235] usb usb4: Product: xHCI Host Controller?
[    7.110208] usb usb4: Manufacturer: Linux 6.15.4-Baikal_TESTING_crashniels-dirty xhci-hcd?
[    7.118543] usb usb4: SerialNumber: 0000:00:14.7?
[    7.123562] hub 4-0:1.0: USB hub found?
[    7.127421] hub 4-0:1.0: 1 port detected?
[    7.149002] usb 1-1: new high-speed USB device number 2 using xhci_aeolia?
[    7.156378] usbcore: registered new interface driver uas?
[    7.161887] usbcore: registered new interface driver usb-storage?
[    7.168114] i8042: PNP: No PS/2 controller found.?
[    7.173131] mousedev: PS/2 mouse device common for all mice?
[    7.178940] ata1: SATA link up 3.0 Gbps (SStatus 123 SControl 300)?
[    7.179030] usbcore: registered new interface driver xpad?
[    7.190842] i2c_dev: i2c /dev entries driver?
[    7.195309] i2c_dev: adapter [icc] registered as minor 0?
[    7.200746] i2c-core: driver [i2c-slave-eeprom] registered?
[    7.206603] ata1.00: FORCE: modified (disable)?
[    7.206683] device-mapper: ioctl: 4.49.0-ioctl (2025-01-17) initialised: dm-devel@lists.linux.dev?
[    7.211182] ata1.00: unsupported device, disabling?
[    7.220425] amd_pstate: the _CPC object is not present in SBIOS or ACPI disabled?
[    7.225105] ata1.00: disable device?
[    7.236225] sdhci: Secure Digital Host Controller Interface driver?
[    7.242528] sdhci: Copyright(c) Pierre Ossman?
[    7.247173] sdhci-pci 0000:00:14.3: SDHCI controller found [104d:90da] (rev 0)?
[    7.247244] hid: raw HID events driver (C) Jiri Kosina?
[    7.254595] bpcie_init_dev_msi_info: dev=0000:00:14.3 installed bpcie demuxer (sc=00000000727db093)?
[    7.260106] usbcore: registered new interface driver usbhid?
[    7.269058] usb usb3-port1: over-current condition?
[    7.269072] bpcie_msi_init: virq=2 hwirq=0x0 domain=00000000fd77b54c info=00000000c4645986 sc=00000000727db093?
[    7.269082] bpcie_msi_init: registered virq=2 irq_map[33]?
[    7.269092] sdhci-pci 0000:00:14.3: bpcie_msi_write_msg(fee00000, 000000ef) mask=0x0 irq=2 hwirq=0x0 00000000727db093?
[    7.269111] baikal_pcie 0000:00:14.4: bpcie_config_msi: func=3 subfunc=0 addr=fee00000 data=000000ef?
[    7.269694] sdhci-pci 0000:00:14.3: bpcie_msi_write_msg(fee02000, 00000024) mask=0x0 irq=2 hwirq=0x0 00000000727db093?
[    7.269714] baikal_pcie 0000:00:14.4: bpcie_config_msi: func=3 subfunc=0 addr=fee02000 data=00000024?
[    7.269742] sdhci-pci 0000:00:14.3: bpcie_msi_write_msg(fee02000, 00000024) mask=0x0 irq=2 hwirq=0x0 00000000727db093?
[    7.269760] baikal_pcie 0000:00:14.4: bpcie_config_msi: func=3 subfunc=0 addr=fee02000 data=00000024?
[    7.274698] usbhid: USB HID core driver?
[    7.287258] usb 1-1: New USB device found, idVendor=1a40, idProduct=0101, bcdDevice= 1.00?
[    7.289880] mmc0: SDHCI controller on PCI [0000:00:14.3] using ADMA?
[    7.290339] snd_hda_intel 0000:00:01.1: can't derive routing for PCI INT B?
[    7.290344] snd_hda_intel 0000:00:01.1: PCI INT B: not connected?
[    7.290634] NET: Registered PF_INET6 protocol family?
[    7.291307] Segment Routing with IPv6?
[    7.291325] In-situ OAM (IOAM) with IPv6?
[    7.291364] NET: Registered PF_PACKET protocol family?
[    7.291446] Bluetooth: RFCOMM TTY layer initialized?
[    7.291452] Bluetooth: RFCOMM socket layer initialized?
[    7.291478] Bluetooth: RFCOMM ver 1.11?
[    7.291485] Bluetooth: BNEP (Ethernet Emulation) ver 1.3?
[    7.291487] Bluetooth: BNEP filters: protocol multicast?
[    7.291497] Bluetooth: BNEP socket layer initialized?
[    7.291500] Bluetooth: HIDP (Human Interface Emulation) ver 1.2?
[    7.291504] Bluetooth: HIDP socket layer initialized?
[    7.295155] input: HD-Audio Generic HDMI/DP,pcm=3 as /devices/pci0000:00/0000:00:01.1/sound/card0/input1?
[    7.295285] input: HD-Audio Generic HDMI/DP,pcm=7 as /devices/pci0000:00/0000:00:01.1/sound/card0/input2?
[    7.295309] usb 1-1: New USB device strings: Mfr=0, Product=1, SerialNumber=0?
[    7.295318] usb 1-1: Product: USB2.0 HUB?
[    7.368228] hub 1-1:1.0: USB hub found?
[    7.425096] usb 2-2: new SuperSpeed USB device number 2 using xhci_aeolia?
[    7.430563] microcode: Current revision: 0x0701a001?
[    7.435506] hub 1-1:1.0: 4 ports detected?
[    7.448631] usb 2-2: New USB device found, idVendor=0951, idProduct=1666, bcdDevice= 1.10?
[    7.456280] IPI shorthand broadcast: enabled?
[    7.465910] usb 2-2: New USB device strings: Mfr=2, Product=3, SerialNumber=4?
[    7.465958] usb usb4-port1: over-current condition?
[    7.489321] sched_clock: Marking stable (6778003095, 710842419)->(9840910586, -2352065072)?
[    7.492948] usb 2-2: Product: DataTraveler 3.0?
[    7.510044] registered taskstats version 1?
[    7.517041] usb 2-2: Manufacturer: Kingston?
[    7.521897] Loading compiled-in X.509 certificates?
[    7.548247] usb 2-2: SerialNumber: E0D55EA573F0194049CD0236?
[    7.553994] Demotion targets for Node 0: null?
[    7.554582] usb-storage 2-2:1.0: USB Mass Storage device detected?
[    7.559463] Btrfs loaded, zoned=no, fsverity=no?
[    7.565225] scsi host1: usb-storage 2-2:1.0?
[    7.569873] amdgpu 0000:00:01.0: can't derive routing for PCI INT A?
[    7.579971] amdgpu 0000:00:01.0: PCI INT A: not connected?
[    7.585476] [drm] initializing kernel modesetting (LIVERPOOL 0x1002:0x9923 0x1002:0x9923 0x00).?
[    7.594378] [drm] register mmio base: 0xE4800000?
[    7.599087] [drm] register mmio size: 262144?
[    7.603605] amdgpu 0000:00:01.0: amdgpu: detected ip block number 0 <cik_common>?
[    7.611154] amdgpu 0000:00:01.0: amdgpu: detected ip block number 1 <gmc_v7_0>?
[    7.614778] mmc0: new UHS-I speed SDR104 SDIO card at address 0001?
[    7.618561] amdgpu 0000:00:01.0: amdgpu: detected ip block number 2 <cik_ih>?
[    7.618566] amdgpu 0000:00:01.0: amdgpu: detected ip block number 3 <dce_v8_0>?
[    7.620811] [wlan][86]halPollDbgCr:(INIT WARN) SWPCDBGR 0x00001DDE?
[    7.624880] amdgpu 0000:00:01.0: amdgpu: detected ip block number 4 <gfx_v7_0>?
[    7.624888] amdgpu 0000:00:01.0: amdgpu: detected ip block number 5 <cik_sdma>?
[    7.624891] amdgpu 0000:00:01.0: amdgpu: detected ip block number 6 <uvd_v4_2>?
[    7.624895] amdgpu 0000:00:01.0: amdgpu: detected ip block number 7 <vce_v2_0>?
[    7.715636] amdgpu 0000:00:01.0: amdgpu: Fetched VBIOS from ROM BAR?
[    7.722164] amdgpu: ATOM BIOS: 113-Starsha2-018?
[    7.726931] amdgpu 0000:00:01.0: Direct firmware load for amdgpu/liverpool_sdma.bin failed with error -2?
[    7.736778] amdgpu: cik_sdma: Failed to load firmware "liverpool_sdma.bin"?
[    7.743920] [drm:amdgpu_device_init.cold] *ERROR* early_init of IP block <cik_sdma> failed -19?
[    7.752834] [drm] ps4 uvd: skipping UVD entirely on Liverpool/Gladius (no SAMU auth -> no functional UVD; avoids fault storm)?
[    7.764517] [drm:amdgpu_device_init.cold] *ERROR* early_init of IP block <uvd_v4_2> failed -19?
[    7.773437] [drm] ps4 vce: skipping VCE entirely on Liverpool/Gladius?
[    7.780094] [drm:amdgpu_device_init.cold] *ERROR* early_init of IP block <vce_v2_0> failed -19?
[    7.789012] amdgpu 0000:00:01.0: amdgpu: Fatal error during GPU init?
[    7.795611] amdgpu 0000:00:01.0: amdgpu: amdgpu: finishing device.?
[    7.802188] ahci 0000:00:14.2: version 3.0?
[    7.806455] ahci 0000:00:14.2: probe with driver ahci failed with error -12?
[    7.813745] ps4-power: reboot_notifier installed ??? ICC cmd 04/0004 on SYS_POWER_OFF?
[    7.821853] printk: legacy console [netcon0] enabled?
[    7.826961] netconsole: network logging started?
[    7.831785] cfg80211: Loading compiled-in X.509 certificates for regulatory database?
[    7.840989] Loaded X.509 cert 'sforshee: 00b28ddf47aef9cea7'?
[    7.847431] Loaded X.509 cert 'wens: 61c038651aabdcf94bd0ac7ff06c7248db18c600'?
[    7.854939] clk: Disabling unused clocks?
[    7.859036] platform regulatory.0: Direct firmware load for regulatory.db failed with error -2?
[    7.859533] ALSA device list:?
[    7.867839] cfg80211: failed to load regulatory.db?
[    7.875855]   #0: HD-Audio Generic at 0xe4840000 irq 3?
[    7.909864] usb 1-1.3: new low-speed USB device number 3 using xhci_aeolia?
[    8.103133] usb 1-1.3: New USB device found, idVendor=04f3, idProduct=152e, bcdDevice=1c.02?
[    8.111658] usb 1-1.3: New USB device strings: Mfr=1, Product=2, SerialNumber=0?
[    8.119115] usb 1-1.3: Product: Gaming KB?
[    8.123203] usb 1-1.3: Manufacturer: Gaming KB?
[    8.127903] [wlan][86]wlanAccessRegisterStatus:(INIT ERROR) wlanAccessRegisterStatus: incorrect ucEID. ucSetQuery = 0x0?
[    8.138898] [wlan][86]wlanAccessRegister:(INIT ERROR) Event reports address incorrect. 0x80021000, 0x00000000.?
[    8.149097] [wlan][86]wlanSetChipEcoInfo:(INIT ERROR) wlanSetChipEcoInfo >> get TOP_HVR failed.?
[    8.158174] mt76x8-mt6632_sdio mmc0:0001:1: Direct firmware load for mt7668_patch_e0_hdr.bin failed with error -2?
[    8.168678] [wlan][86]kalFirmwareOpen:(INIT ERROR) Request FW image failed! Cur/Max ECO Ver[E0/E1]?
[    8.177833] [wlan][86]wlanDownloadPatch:(INIT WARN) FW[2] load error!?
[    8.194738] [wlan][86]wlanImageSectionDownloadStage:(INIT ERROR) Firmware download configuration failed!?
[    8.204628] mt76x8-mt6632_sdio mmc0:0001:1: probe with driver mt76x8-mt6632_sdio failed with error -1?
[    8.253461] input: Gaming KB Gaming KB as /devices/pci0000:00/0000:00:14.7/usb1/1-1/1-1.3/1-1.3:1.0/0003:04F3:152E.0001/input/input3?
[    8.266111] hid-generic 0003:04F3:152E.0001: input,hidraw0: USB HID v1.11 Keyboard [Gaming KB Gaming KB] on usb-0000:00:14.7-1.3/input0?
[    8.285067] input: Gaming KB Gaming KB Consumer Control as /devices/pci0000:00/0000:00:14.7/usb1/1-1/1-1.3/1-1.3:1.1/0003:04F3:152E.0002/input/input4?
[    8.298940] input: Gaming KB Gaming KB System Control as /devices/pci0000:00/0000:00:14.7/usb1/1-1/1-1.3/1-1.3:1.1/0003:04F3:152E.0002/input/input5?
[    8.312549] input: Gaming KB Gaming KB Keyboard as /devices/pci0000:00/0000:00:14.7/usb1/1-1/1-1.3/1-1.3:1.1/0003:04F3:152E.0002/input/input6?
[    8.325619] input: Gaming KB Gaming KB as /devices/pci0000:00/0000:00:14.7/usb1/1-1/1-1.3/1-1.3:1.1/0003:04F3:152E.0002/input/input7?
[    8.338020] hid-generic 0003:04F3:152E.0002: input,hiddev96,hidraw1: USB HID v1.11 Keyboard [Gaming KB Gaming KB] on usb-0000:00:14.7-1.3/input1?
[    8.351343] Disabling rootwait; root= is invalid.?
[    8.356685] /dev/root: Can't open blockdev?
[    8.360889] VFS: Cannot open root device "LABEL=psxitarch" or unknown-block(0,0): error -6?
[    8.369325] Please append a correct "root=" boot option; here are the available partitions:?
[    8.377856] 0100           32768 ram0 ?
[    8.377862]  (driver?)?
[    8.384101] List of all bdev filesystems:?
[    8.388198]  ext3?
[    8.388201]  ext2?
[    8.390163]  ext4?
[    8.392130]  vfat?
[    8.394092]  exfat?
[    8.396063]  iso9660?
[    8.398113]  ntfs?
[    8.400346]  ntfs3?
[    8.402307]  ufs?
[    8.404366]  fuseblk?
[    8.406239]  udf?
[    8.408472]  btrfs?
[    8.410345] ?
[    8.413923] Kernel panic - not syncing: VFS: Unable to mount root fs on unknown-block(0,0)?
[    8.422345] CPU: 1 UID: 0 PID: 1 Comm: swapper/0 Tainted: G     U              6.15.4-Baikal_TESTING_crashniels-dirty #2 PREEMPT(voluntary) ?
[    8.435195] Tainted: [U]=USER?
[    8.438212] Hardware name:  , BIOS unde Wed 09/22/2021 16:2?
[    8.443886] Call Trace:?
[    8.446374]  <TASK>?
[    8.448506]  dump_stack_lvl+0x4c/0x70?
[    8.452241]  dump_stack+0x10/0x16?
[    8.455616]  panic+0xef/0x2e3?
[    8.458638]  ? _printk+0x43/0x50?
[    8.461926]  ? __wake_up_klogd.part.0+0x11/0x80?
[    8.466543]  mount_root_generic+0x1af/0x250?
[    8.470807]  ? init_mknod+0xbe/0xd0?
[    8.474362]  mount_root+0x1e5/0x200?
[    8.477915]  prepare_namespace+0x1b9/0x1f0?
[    8.482088]  kernel_init_freeable+0x1b0/0x1d0?
[    8.486524]  ? rest_init+0xd0/0xd0?
[    8.489989]  kernel_init+0x15/0x130?
[    8.493539]  ret_from_fork+0x38/0x60?
[    8.497181]  ? rest_init+0xd0/0xd0?
[    8.500643]  ret_from_fork_asm+0x11/0x20?
[    8.504638] RIP: 1f0f:0x0?
[    8.507304] Code: Unable to access opcode bytes at 0xffffffffffffffd6.?
[    8.513950] RSP: 0000:0000000000000000 EFLAGS: 841f0f2e66 ORIG_RAX: 1f0f2e6600000000?
[    8.521842] RAX: 0000000000000000 RBX: 1f0f2e6600000000 RCX: 2e66000000000084?
[    8.529114] RDX: 0000000000841f0f RSI: 000000841f0f2e66 RDI: 00841f0f2e660000?
[    8.536382] RBP: 00841f0f2e660000 R08: 00841f0f2e660000 R09: 000000841f0f2e66?
[    8.543648] R10: 0000000000841f0f R11: 2e66000000000084 R12: 000000841f0f2e66?
[    8.550915] R13: 0000000000841f0f R14: 2e66000000000084 R15: 1f0f2e6600000000?
[    8.558184]  </TASK>?
[    8.560471] Kernel Offset: disabled?
[    8.564021] Rebooting in 10 seconds..?
[   18.569656] ------------[ cut here ]------------?
[   18.574357] WARNING: CPU: 1 PID: 21 at kernel/sched/core.c:3340 set_task_cpu+0x169/0x170?
[   18.582604] Modules linked in:?
[   18.585712] CPU: 1 UID: 0 PID: 21 Comm: migration/1 Tainted: G     U              6.15.4-Baikal_TESTING_crashniels-dirty #2 PREEMPT(voluntary) ?
[   18.598823] Tainted: [U]=USER?
[   18.601838] Hardware name:  , BIOS unde Wed 09/22/2021 16:2?
[   18.607509] Stopper: active_load_balance_cpu_stop+0x0/0x310 <- sched_balance_rq+0x9a5/0xcc0?
[   18.616023] RIP: 0010:set_task_cpu+0x169/0x170?
[   18.620547] Code: 7f 68 02 0f 84 e2 fe ff ff 0f 0b e9 db fe ff ff 80 8b 1c 04 00 00 04 e9 1c ff ff ff 0f 0b e9 c8 fe ff ff 0f 0b e9 e0 fe ff ff <0f> 0b e9 cb fe ff ff 55 48 89 e5 48 83 ec 28 48 89 5d e0 48 89 fb?
[   18.639675] RSP: 0018:ffff88814023bd80 EFLAGS: 00010002?
[   18.644995] RAX: 0000000000000002 RBX: ffff8881400f8000 RCX: 000000003298e8af?
[   18.652261] RDX: 0000000000000002 RSI: 0000000000000003 RDI: ffff8881400f8000?
[   18.659527] RBP: ffff88814023bda0 R08: 00000000002ab980 R09: 0000000000000000?
[   18.666792] R10: 00000001620226ca R11: 00000000002ab980 R12: 0000000000000003?
[   18.674056] R13: ffff8881400af180 R14: 0000000000000003 R15: ffff8881400f8000?
[   18.681321] FS:  0000000000000000(0000) GS:ffff8882f1c9c000(0000) knlGS:0000000000000000?
[   18.689562] CS:  0010 DS: 0000 ES: 0000 CR0: 0000000080050033?
[   18.695411] CR2: 0000000000000000 CR3: 000000027e812000 CR4: 00000000000406f0?
[   18.702676] Call Trace:?
[   18.705161]  ?secure loader build: Jan 23 2025 05:19:40 (r10767:release_branches/release_12.020) [711MHz]
AGESA: KG&CN.BDK       W9311       
1539 msec
[BOOT TIME]      SAMU:     711 msec: enter
[BOOT TIME]      SAMU:    2255 msec: leave
AGESA: ClaytonBDK_24.0.3.80914 SAMU: W9311       ?
SIE CONFIDENTIAL?
Copyright (C) 2024 Sony Interactive Entertainment Inc.?
All Rights Reserved.?
Copyright (c) 1992-2012 The FreeBSD Project.?
Copyright (c) 1979, 1980, 1983, 1986, 1988, 1989, 1991, 1992, 1993, 1994?
	The Regents of the University of California. All rights reserved.?
FreeBSD is a registered trademark of The FreeBSD Foundation.?
r222806/release_branches/release_12.020 Jan 23 2025 05:24:53 amd64?
mDBG: Kernel Build ID = 3f0d356142851065?
CPU: DG1401SNF87ID                                   (1594.00-MHz K8-class CPU)?
  Origin = "AuthenticAMD"  Id = 0x710fa0  Family = 16  Model = 1a  Stepping = 0?
  Features=0x178bfbff<FPU,VME,DE,PSE,TSC,MSR,PAE,MCE,CX8,APIC,SEP,MTRR,PGE,MCA,CMOV,PAT,PSE36,CLFLUSH,MMX,FXSR,SSE,SSE2,HTT>?
  Features2=0x36d8220b<SSE3,PCLMULQDQ,MON,SSSE3,CX16,SSE4.1,SSE4.2,MOVBE,POPCNT,AESNI,XSAVE,AVX,F16C>?
  AMD Features=0x2e500800<SYSCALL,NX,MMX+,FFXSR,Page1GB,RDTSCP,LM>?
  AMD Features2=0x154837ff<LAHF,CMP,SVM,ExtAPIC,CR8,ABM,SSE4A,MAS,Prefetch,OSVW,IBS,SKINIT,WDT,NodeId,Topology,PerfCtrExtNB,<b26>,<b28>>?
  TSC: P-state invariant, performance statistics?
Event timer "LAPIC" quality 400?
ACPI APIC Table: <SIE    ORBIS   >?
FreeBSD/SMP: Multiprocessor System Detected: 8 CPUs?
FreeBSD/SMP: 1 package(s) x 8 core(s)?
 cpu0 (BSP): APIC ID:  0?
 cpu1 (AP): APIC ID:  1?
 cpu2 (AP): APIC ID:  2?
 cpu3 (AP): APIC ID:  3?
 cpu4 (AP): APIC ID:  4?
 cpu5 (AP): APIC ID:  5?
 cpu6 (AP): APIC ID:  6?
 cpu7 (AP): APIC ID:  7?
MADT: Could not find APIC for SCI IRQ 9?
[REGMGR] 000001 ...?
Memory mode: 4: BC8 release?
 BigApp memory               : 0x0000000148000000 bytes (5248MiB) ?
     FMEM (max)              : 0x0000000040000000 bytes (1024MiB) ?
 MiniApp DMEM                : 0x0000000030000000 bytes ( 768MiB) ?
 VSH DMEM                    : 0x000000001a800000 bytes ( 424MiB) ?
 Trace memory & Trace DMEM   : 0x0000000000000000 bytes (   0MiB) ?
 Vision memory               : 0x0000000001000000 bytes (  16MiB) ?
 Reserved memory             : 0x0000000000a00000 bytes (  10MiB) ?
 Flexible memory(SYSTEM)     : 0x000000005d570000 bytes (1494MiB) ?
 BIOS memory size            : 0x00000000011b8000 bytes (  18MiB) ?
 Kernel static size          : 0x000000000d6d8000 bytes ( 215MiB) ?
acpi0: <SIE ORBIS> on motherboard?
cpu0: <ACPI CPU> on acpi0?
cpu1: <ACPI CPU> on acpi0?
cpu2: <ACPI CPU> on acpi0?
cpu3: <ACPI CPU> on acpi0?
cpu4: <ACPI CPU> on acpi0?
cpu5: <ACPI CPU> on acpi0?
cpu6: <ACPI CPU> on acpi0?
cpu7: <ACPI CPU> on acpi0?
pcib0: <ACPI Host-PCI bridge> on acpi0?
pci0: <ACPI PCI bus> on pcib0?
pci0: found pcie_glue?
iommu0: <AMD IOMMU> on pci0?
gc0: <Starsha> on pci0?
LVP2C A0?
# use 0x00000000 as mmGB_ADDR_CONFIG value?
GC SE0 Redundant CU: 0x10?
GC SE1 Redundant CU: 0x10?
GC SE2 Redundant CU: 0x0?
GC SE3 Redundant CU: 0x0?
SClkVid:0x5d SClkDpmVid:3 Dpm:3 Vid:0x5d?
hdac0: <GPU/DEHT Audio Controller> on pci0?
bpcie0: <Baikal PCI Express glue> on pci0?
bpcie0: Chip revision: 0000b100?
bpcie0: Chip ID0: 4c0c2021?
bpcie0: Chip ID1: 8d76a398?
icc0: <Baikal ICC> on pci0?
hpet_pci0: <Baikal High Precision Event Timer> on pci0?
Timecounter "HPET" frequency 10000000 Hz quality 950?
Event timer "HPET" frequency 10000000 Hz quality 450?
Event timer "HPET1" frequency 10000000 Hz quality 450?
Event timer "HPET2" frequency 10000000 Hz quality 450?
Event timer "HPET3" frequency 10000000 Hz quality 450?
sflash0: <Baikal Serial Flash I/F> on pci0?
sflash0: Cypress(01)?
rtc0: <Baikal RTC> on pci0?
timer_mtk0: <Baikal Timer/WDT> on pci0?
uart0: <Non-standard ns8250 class UART with FIFOs> on pci0?
uart0: uart_bus_attach?
uart0: console (115200,n,8,1)?
ahci0: <Orbis Baikal sata0 AHCI SATA controller> on pci0?
ahci0: Baikal SATA PHY init?
ahci0: Baikal SATA EFUSE VALUE: 0x28:0x28:0x10:0x11:0x0f:0x10?
ahci0: Baikal SATA PHY Trace length : 8?
ahci0: AHCI v1.30 with 1 3Gbps ports, Port Multiplier supported?
ahcich0: <AHCI channel> at channel 0 on ahci0?
iommu_add_device_table_entry: device_id:00a2 dev:1 func:1  ahcich?
xhci0: <Baikal XHCI USB 3.0 controller> on pci0?
ahci1: <Orbis Baikal sata1 AHCI SATA controller> on pci0?
ahci1: Baikal SATA PHY init?
ahci1: Baikal SATA EFUSE VALUE: 0x28:0x28:0x10:0x11:0x0f:0x10?
ahci1: Baikal SATA PHY Trace length : 6?
ahci1:  HWConfig Speed:Gen2?
ahci1: AHCI v1.30 with 1 6Gbps ports, Port Multiplier supported?
ahcich1: <AHCI channel> at channel 0 on ahci1?
iommu_add_device_table_entry: device_id:00a7 dev:2 func:2  ahcich?
Initial IO PTB alloc. device:0xa7 io:0xa000000?
xhci2: <Baikal XHCI USB 3.0 controller> on pci0?
acpi_ssb0: <Baikal acpi> on pci0?
mtsc0: <Baikal GBE controller> on pci0?
iommu_add_device_table_entry: device_id:00a1 dev:20 func:1  mtsc?
mts0: <Baikal GBE> on mtsc0?
eth0: Ethernet address: 2c:cc:44:57:0b:3a?
sdhci0: <Baikal SDHCI> on pci0?
iommu_add_device_table_entry: device_id:00a3 dev:20 func:3  sdhci?
sdhci0-slot0: DriveStrength:0x2 HOST_CONTROL2:0x20?
sdhci0: 1 slot(s) allocated?
dmac0: <Baikal DMA1 controller> on pci0?
iommu_add_device_table_entry: device_id:00a5 dev:20 func:5  dmac?
dmac1: <Baikal DMA2 controller> on pci0?
spm0: <Baikal Scratch Pad Memory> on pci0?
sbram0: <Baikal DDR3 memory> on pci0?
dct0: <SCE DCT driver> on hostb4?
sbi0: <SCE SBI driver> on hostb5?
gbase_register_interrupt_handler(52)?
gbase_register_interrupt_handler(53)?
dce: 23?
hwpstate0: <Cool`n'Quiet 2.0> on cpu0?
_sdma_hw_init(0): microcode loaded?
_sdma_hw_init(1): microcode loaded?
acpDecFlac: <Codec DecFlac built on Jan 23 2025 05:23:56>?
acpDecOpus: <Codec DecOpus built on Jan 23 2025 05:23:56>?
ajm: <Audio CoProcessor Job Manager built on Jan 23 2025 05:23:55>?
acpDecMp3: <Codec DecMp3 built on Jan 23 2025 05:23:55>?
acpDecAt9: <Codec DecAt9 built on Jan 23 2025 05:23:55>?
acpDecM4aac: <Codec DecM4aac built on Jan 23 2025 05:23:56>?
acpEncM4Aac: <Codec EncM4Aac built on Jan 23 2025 05:23:56>?
acpDecCelp8: <Codec DecCelp8 built on Jan 23 2025 05:23:55>?
acpEncCelp8: <Codec EncCelp8 built on Jan 23 2025 05:23:56>?
acpDecAc3: <Codec DecAc3 built on Jan 23 2025 05:23:55>?
acpEncAc3: <Codec EncAc3 built on Jan 23 2025 05:23:56>?
acpDecTrhd: <Codec DecTrhd built on Jan 23 2025 05:23:55>?
acpDecM2bc: <Codec DecM2bc built on Jan 23 2025 05:23:56>?
acpEncDts: <Codec EncDts built on Jan 23 2025 05:23:55>?
acpDecM4aacfng: <Codec DecM4aacfng built on Jan 23 2025 05:23:56>?
acpDecCelp: <Codec DecCelp built on Jan 23 2025 05:23:56>?
acpEncCelp: <Codec EncCelp built on Jan 23 2025 05:23:55>?
acpDecVorbis: <Codec DecVorbis built on Jan 23 2025 05:23:56>?
acpEncOpusCelt: <Codec EncOpusCelt built on Jan 23 2025 05:23:56>?
acpDecOpusCelt: <Codec DecOpusCelt built on Jan 23 2025 05:23:55>?
acpEncOpusSilk: <Codec EncOpusSilk built on Jan 23 2025 05:23:56>?
acpDecOpusSilk: <Codec DecOpusSilk built on Jan 23 2025 05:23:56>?
acpUtlSrc: <Codec UtlSrc built on Jan 23 2025 05:23:53>?
UVFAT_Initialize: exit?
Timecounters tick every 1.000 msec?
Session ID: 6817dd8c85a0725c20cca19ae5f48812?
g_lvd_init 353 : Layered vnode device is initialized.?
g_lvd_init 355 : lvd is built at 05:24:02 Jan 23 2025?
GEOM_CRYPT: eap key setup?
iommu_add_device_table_entry: device_id:00a4 dev:20 func:4  sflash?
icc08-4001 0802?
icc:failed to enabled reset button notification: 0005?
icc:enabled thermal notification?
[REGMGR] 000002 ...?
[REGMGR] C00027 @18874372@@1@@30@@432@@0@@0@ ...?
[REGMGR] 001001 $13782357$@4@$13978948$# #$137771694779716$@391@############ ...?
[REGMGR] C00004 @567@@1024@ ...?
[REGMGR] C00005 @77@@1280@ ...?
[REGMGR] C00006 @124382@@204800@ ...?
[REGMGR] C00007 @1@ ...?
[REGMGR] C00008 @1419@ ...?
[REGMGR] C00009 @458@@7280@ ...?
[REGMGR] 000101 @18874372@@18874372@ ...?
[REGMGR] (   0.036574 sec) 010001 ...?
[REGMGR] (      0.228 sec) 010001 ...?
[HDMI] Set CEC FeatureTable [Normal]?
[SMR]PMR HDD Detected(TOSHIBA MQ01ABD050,AX0G1A,0)?
ada0 at ahcich1 bus 0 scbus2 target 0 lun 0?
ada0: <TOSHIBA MQ01ABD050 AX0G1A> ATA-8 SATA 2.x device?
ada0: 30[HDMI] HDMI kernel module has been available?
0.000MB/s transfers (SATA 2.x, UDMA5, PIO 8192bytes)?
ada0: 476940MB (976773168 512 byte sectors: 16H 63S/T 16383C)?
pass0 at ahcich0 bus 0 scbus1 target 0 lun 0?
pass0: <SONY PS-SYSTEM   420R 6141> Removable CD-ROM[SMR]PMR HDD Detected?
[SMR]update format type 1?
 SCSI-0 dmmc0: <MMC/SD bus> on sdhci0?
* [mbus:929] [MBUS WARN] DISCONNECTED event from HDMI in DISCONNECTED state?
* [mbus:350] disconnected(0) from unknown device?
evice ?
pass0: 150.000MB/s transfers (SATA 1.x, UDMA6, ATAPI 12bytes, PIO 8192bytes)?
GEOM: Original GPT Format?
GEOM_PART: partition 1 is not aligned on 4096 bytes?
[HDMI] Sink supports HDCP1.4 only?
[HDMI] Monitor Type [HDMI]?
sdhci0-slot0: Error detected!!?
sdhci0-slot0: request: CMD3 arg 0 flags 0x65 buf 0 dlen 0 bs 0 dflags 0?
sdhci0-slot0: result : 1?
sdhci0-slot0: intmask: 0x00010000?
trpw0 on sdio0?
bt0 on sdio0?
sdio0: <SDIO Device> at mmc0?
SMP: AP CPU #6 Launched!?
SMP: AP CPU #1 Launched!?
SMP: AP CPU #4 Launched!?
SMP: AP CPU #2 Launched!?
SMP: AP CPU #5 Launched!?
SMP: AP CPU #3 Launched!?
SMP: AP CPU #7 Launched!?
TSC clock: 1594085580 Hz?
Timecounter "TSC-low" frequency 12453793 Hz quality 1000?
xhci0: [USB] Baikal USB PHY Init(V5_0)?
xhci0: [USB0P0] xhci0: SS trace length:10 HS trace length:10?
xhci0: [USB] SS trace 8-11 inch setting?
xhci0: [USB] HS trace 10-11 inch setting?
xhci0: [USB0P1] xhci0: SS trace length:8 HS trace length:8?
xhci0: [USB] SS trace 8-11 inch setting?
xhci0: [USB] HS trace 8-9 inch setting?
SD Manual Tuning done. MaxPassWindowSize=23, TunePoint=20 CORE_CTRL=0Txr184094?
ying to mount root from exfatfs:md0 []...?
[SceSysCore mini] launched?
usbus0 on xhci0?
usbus0x:hc i5.2: [USB0]G Baikal USB PHY Initbp(V5_0)?
sx hci2: [USSuB1P0] xhpcei2: SS trrace length:3 HS trace S length:p0e?
xhci2:e d[USB] SS  Utrace 1-4 inch settSiBng?
 xhcvi32.:0 [USB] NVS is not written ?t
race length?
*** start manu_cert ***?
Special Wake is uinvalid?
gen0.1: <0x104d, XHCI root HUB, >(VID=0x0000 PID=0x0000 depth=0 port=1 speed=4) a[SceSysCore mini] fstype=exfatfs?
t usbus0?
uhub0: <0[SceSysAvControlx104d XHCI root HUB, class 9/0, rev 3.00/1.00, addr 1> on usbus0?
] launched?
[av c  [AvSetting shm:54] server stat.st_size = 4096?
ontrol k] : f=setup_dispclk_k l=332 ucPpll=EXT_PLL1set CEC OFF?
?
[av control] : HdmiCheckAvailability HDMI-TxType[0x2] HDMI-DevOut[0x1] ?
[av control] : HdmiSetHdmiAvailability FLV2?
* [AvSetting core:1547] wausbus2 on xhci2?
usit for hdmi event?
[av control] : hdmi event connected(1)?
** cpv:e1 **?
** set_mode ** -1/-1?
 video: port:0 1080P_5994 RGB444 limited CERGB 24bpp 16:9 nodata n-s?
 audio: port:HDMI src:I2S 48k 2.0 24bit fmt:LPCM LPCM once?
[av control] : 1080P_5994 RGB444 CERGB 24bpp LT=Fast?
[av control] : LinkRate(5.4Gbps), HDMI(FLV2)?
[av control] : lt_req=1 hdmi_misc_up_req=1 vr_flg_up_req=0 vr_switch=0 csc_dir_req=0 hdr_dir_req=0?
[SceSysCore mini] nmount /dev/da0x4.crypt to /system OK?
[SceSysCore mini] nmount /dev/da0x5.crypt to /system_ex OK?
bus2: 5.0Gbps Super Speed USB v3.0?
nmount_ufs /dev/da0x9.crypt to /system_data OK?
ugen2.1: <0x104d, XHCI root HUB, >(VID=0x0000 PID=0x0000 depth=0 port=1 speed=4) at usbus2?
uhub2: <0x104d XHCI root HUB, class 9/0, rev 3.00/1.00, addr 1> on usbus2?
ffs_block_coloring_load: loaded block colors, counted zones=582, nonzone=582 [e48:e48]?
ffs_block_coloring_load: loaded block colors, counted zones=582, nonzone=582 [e48:e48]?
*** Hdmi Init(kern)  : 0 ***?
[av control] : f=HdmiSetup videoConfigType(NORMAL)?
nmount_ufs /dev/da0x14.crypt to /eap_user OK?
[SceSysCore mini] nmount /dev/da0x12.crypt to /update OK?
trpw0: FW version : 1.15.091a?
uhub0: 4 ports with 4 removable, self powered?
uhub2: 2 ports with 2 removable, self powered?
[REGMGR] 000401 ...?
[REGMGR] 000103 @18874372@@18874372@ ...?
[REGMGR] 001001 $13782357$@4@$13978948$# #$137771694779716$@391@############ ...?
[REGMGR] C00018 @12@ ...?
[REGMGR] C00023 @18874372@@12@@4418@@65@@100912@@47976@ ...?
[REGMGR] (   0.078312 sec) 010003 ...?
[REGMGR] (      1.701 sec) 010003 ...?
HID : Controller USB Connection 0?
[SceSysCore mini] nmount /dev/da0x0.crypt to /preinst OK?
[SceSysCore mini] nmount /dev/da0x1.crypt to /preinst2 OK?
[SceSysCore mini] Entering normal mode...?
[REGMGR] (      1.832 sec) 010008 @0@@0@ ...?
SD Manual Tuning done. MaxPassWindowSize=23, TunePoint=20 CORE_CTRL=0x184094?
[SceSysCore mini] HDD slow-mode is disabled?
[Syscore Umd] ret=0, m_backupRestoreMode=0?
<39> Load libSwDiag.sprx?
[SceSysCore] launched?
[SceSysCore] enabled GEOM I/O scheduler 'is'?
ugen0.2: <vendor 0x1a40, USB2.0 HUB, >(VID=0x1a40 PID=0x0101 depth=1 port=1 speed=3) at usbus0?
uhub3: <vendor 0x1a40 USB2.0 HUB, class 9/0, rev 2.00/1.00, addcdr 01 a>t ah oncic hu0sb busus0? 
0 scbus1 target 0 lun 0?
cd0: <SONY PS-SYSTEM   420R 6141> Removable CD-ROM SCSI-0 device ?
cd0: 150.000MB/s transfers (SATA 1.x, UDMA6, ATAPI 12bytes, PIO 8192bytes)?
cd0: Attempt to query device size failed: NOT READY, Medium not present?
eth0: link state changed to UP?
HID : op:00000000 bt:1 usb:0 reg:1?
*** Hdmi Setup(kern) : 0 ***?
** set_mode done (11838405670:1659) **?
try GET_HDMI_STATE (0)?
uhub3: 4 ports with 4 removable, self powered?
[avs] update -1:27?
[avs] lock -1:0?
[avs] hdmi event: hdcp done(2), 0x9000000000100, 12001201456?
[avs] update 27:32?
ugen0.3: <Gaming KB, Gaming KB, >(VID=0x04f3 PID=0x152e depth=2 port=3 speed=1) at usbus0?
usb_hid0: <Gaming KB Gaming KB, class 0/0, rev 1.10/1c.02, addr 2> on usbus0?
usb_hid1: <Gaming KB Gaming KB, class 0/0, rev 1.10/1c.02, addr 2> on usbus0?
ugen0.4: <vendor 0x0000, USB OPTICAL MOUSE, >(VID=0x0000 PID=0x3825 depth=2 port=4 speed=1) at usbus0?
usb_hid2: <vendor 0x0000 USB OPTICAL MOUSE, class 0/0, rev 1.10/1.00, addr 3> on usbus0?
ugen0.5: <Kingston, DataTraveler 3.0, E0D55EA573F0194049CD0236>(VID=0x0951 PID=0x1666 depth=1 port=4 speed=4) at usbus0?
umass1: <Kingston DataTraveler 3.0, class 0/0, rev 3.20/1.10, addr 4> on usbus0?
umass1: sim_unit:0x00000001 device_unit:0x00000001?
umass1:  SCSI over Bulk-Only; quirks = 0x0000?
umass1:3:1:-1: Attached to scbus3?
(probe0:umass-sim1:1:0:0): REPORT LUNS. CDB: a0 0 0 0 0 0 0 0 0 10 0 0 ?
(probe0:umass-sim1:1:0:0): CAM status: SCSI Status Error?
(probe0:umass-sim1:1:0:0): SCSI status: Check Condition?
(probe0:umass-sim1:1:0:0): SCSI sense: ILLEGAL REQUEST asc:20,0 (Invalid command operation code)?
da1 at umass-sim1 bus 1 scbus3 target 0 lun 0?
da1: <Kingston DataTraveler 3.0 0000> Removable Direct Access SCSI-6 device ?
da1: 400.000MB/s transfers?
da1: 118240MB (242155520 512 byte sectors: 255H 63S/T 15073C)?
[DTL] Startup time = 0.000585 sec?
[SceSysCore] nmount /data to /user/data OK?
mDBG: Lastlog cleared.?
[Syscore App]  ExpandCpuSetMode : enable?
[Syscore App] W:\Build\J02688428\sys\internal\syscore\app/process_monitor.h(185) m_currentMode=0?
[Syscore App] srand seed: 0x6a033811?
[UMD MAIN] launching Audiod PID=0x28?
