[SceShellCore] Libc Heap Status: free 35%, in-use 3949.5 KB, trend +44.0 KB/min, peak 4402.6 KB, when 399 [sec]?
?[36m[Debug] src/PayloadsView.cpp:319: Loading: /data/payloads/linux-1024mb.bin?[0m?
[GoldHEN] <binloader> accepted a new payload?
[GoldHEN] <binloader> TCP Mode?
?[36m[[DGebuolg] src/PdayHloadsView.cENpp:]1 8<6: biGneneratePayloalodeadsr>  ipaysl ocalled!a?[d0 mr?ec
ei?[v36em[dDeb ug[] srsci/zPaye:loadsV 28i3e8w.c4pp:02 - bu1f2: feCrl_esanizuep: p a29y08l1o6 ad-  list.i.p: 127.?[0m.0.0.1?]?

[GoldHEN]?[36m[D eb<ubg]i nsrlc/PayloaoaddsView.cpep:r2>06 : foGenueratenPdayl oads: Randefre shjeda?[i0ml?
broken target process [pid: 46]?
[GoldHEN] <binloader> launching payload... [format: BIN]?
[GoldHEN] <binloader> payload launched?
kernel_init()?
Kernel base = ffffffff93598000?
Direct map base = ffffe99900000000?
Testing global variable access (write protection)...?
OK.?
Kernel interface initialized?
Installing sys_kexec to system call #153?
kexec_init() successful?
?
sys_kexec invoked?
========================================?
PS4 Linux Payloads AIO?
FW 12.02 (1202)?
VRAM 1024 MB?
Southbridge: Baikal?
========================================?
sys_kexec(0x200ee8000, 11432960, 0x2019d0000, 4160630, "earlycon=uart8250,mmio32,0xC890E000,115200n8 console=tty0 keep_bootcon 8250.nr_uarts=0 iommu=pt intremap=off panic=10 loglevel=8 ignore_loglevel printk.devkmsg=on drm.edid_firmware=edid/1920x1080.bin video=HDMI-A-1:1920x1080@60D pci=nocrs libata.force=1.00:disable root=LABEL=psxitarch rootwait rw systemd.unit=multi-user.target systemd.log_level=info")?
firmware_extract: Extract lib/firmware/amdgpu/liverpool_pfp.bin ?
Copying PFP firmware?
NOP handler at 0xff0?
firmware_extract: Extract lib/firmware/amdgpu/liverpool_me.bin ?
Copying ME firmware?
firmware_extract: Extract lib/firmware/amdgpu/liverpool_ce.bin ?
Copying CE firmware?
NOP handler at 0x7f0?
firmware_extract: Extract lib/firmware/amdgpu/liverpool_mec.bin ?
Copying MEC firmware?
NOP handler at 0xff0?
firmware_extract: Extract lib/firmware/amdgpu/liverpool_mec2.bin ?
Copying MEC2 firmware?
NOP handler at 0xff0?
firmware_extract: Extract lib/firmware/amdgpu/liverpool_rlc.bin ?
Copying RLC firmware?
firmware_extract: Extract lib/firmware/amdgpu/liverpool_sdma.bin ?
Copying SDMA firmware?
firmware_extract: Extract lib/firmware/amdgpu/liverpool_sdma1.bin ?
Copying SDMA1 firmware?
?
kexec parameters:?
    Kernel image size:   11432960 bytes?
    Initramfs size:      4255366 bytes (4160630 from user)?
    Kernel command line: earlycon=uart8250,mmio32,0xC890E000,115200n8 console=tty0 keep_bootcon 8250.nr_uarts=0 iommu=pt intremap=off panic=10 loglevel=8 ignore_loglevel printk.devkmsg=on drm.edid_firmware=edid/1920x1080.bin video=HDMI-A-1:1920x1080@60D pci=nocrs libata.force=1.00:disable root=LABEL=psxitarch rootwait rw systemd.unit=multi-user.target systemd.log_level=info?
    Kernel image buffer: 0xffffe99920000000?
    Initramfs buffer:    0xffffffffffffffff?
kernel_hook_install(0xffffff807e4b112d, 0xffffffff939dfad0)?
  Using 64bit absolute jump?
******************************************************?
kexec successfully armed. Please shut down the system.?
******************************************************?
?
[SceShellUI] I/PSM.UI : [FirstClear] : ClearFrameBuffer=False?
[KE]sceCameraDevKill::2685 ERROR: sceCameraProcConfigStop 0x802e0006 i=0 handle=257 pid=62?
CoContnetxextt..ccc:c:11879 (aj4mC o(ntextCleaanup) - Codec Opus CELT Encjmoder Cwas noont properlyte unrxegistetCred.?
lCoeantenxt.cuc:18p9)  (-ajmContextClean up) - ICodec Opnuss [taCEKELnTRcNE eD eLc2]o dmem7d_hand8elr5e_3vm wspa2ac sw ansote_ exite dpnr pioodtp:e pr 78rl, ptypeoy=p 1,eu r0xfflnyfrfe99e 9de3c299g3c0-s>ipt_stlortadedeo ryisee d.?dT
RUEC?o.
nt[eK?xERNEL
t]. ccd:m189 em_ha(andle_jvmCmspace_eoCxinttexted omna.ctpec x:#t18C0 l0x9effafffn fu(paf)f ffjfffm-ffCofn?
 tC[KoEeRNEL]d dexcm tem_OChlpaueasnnud ple)S_ I-Lv mspaKceC E_eonxitdcedeodc  epid: 7rO8,p  uwsa pp_aSmaIps_LcosK  Enunnot[tc1]o, 1 -d perr>  wopa0es?r 
lny out properly unnrregistered.?e
gConteisxt.tcec:189 (arejmContexdtClea.nup) - Cod?ec
 Opus CECLT Encodeor wans tnoetx properlty u.cnregistered.?
CoCnontteexxtt.cc.:189cc (ajmConte:xtCleanup) - Codec CEL1P898  (Decajoder mwCas not propeorly unregnistteered.?
xCtoCnlteexat.cc:189 nu(ajmContextCleCaontnexutp). cc:189 (a- jmCCoontdec exCEtCleanup)LP - 8C odec MPEG4 AACEn Enccoder was not poroperly undregisterede.?
r was Conontext.cct:174 (ajmC ontepxtClearnoup) - Ipnerlstancey 16391 was  not punrreoperly destrogyiesdt.?er
eCdonte.xt.c?c
:C1o89n t(ajmCeontexxttCl.eanucp) - Coc:18dec M9P3 Decoder was not pro perl(ay unjregmisterCeontd.?
eCoxtntext.ccC:le189 (anuajmCop)nte x-tC lCeanuop) - Codedc ATeRAC9 cDeco der CwELasP (no1t 6)properly D unregiseteredcod.e?
r was not properly unregistered.?
Context.cc:191 (ajmContextCleanup) - More codecs were not properly unregistered...?
p) - Codec Opus Decoder was not properCloynte uxnrt.cc:174 (ajmConetegisxttCelreed.?
anup) - Instance 114689 was not properly destroyed.?
Context.cc:189 (ajmContextCleanup) - Codec AC3 Encoder was not properly unregistered.?
Context.cc:174 (ajmContextCleanup) - Instance 163842 was not properly destroyed.?
Context.cc:189 (ajmContextCleanup) - Codec DTS Encoder was not properly unregistered.?
c:174 (ajmContextCleanup) - Instance 344067 was not properly destroyed.?
Context.cc:189 (ajmContextCleanup) - Codec Opus Decoder was not properly unregistered.?
[SceSysCore mini] killall timeout 5[sec]...?
[SceSysCore mini] forcibly unmount 2 nullfses?
[SceSysCore mini] forcibly unmount /mnt/usb0?
[SceSysCore mini[REGMGR] 000006 ...?
] sceKernelPollE[ventFlag(reboot_flag): failed 80020010?
[SceSysCore mini] call reboot(4000)?
REGMGR] (    428.182 sec) 010006 ...?
[REGMGR] (   0.011767 sec) 010007 ...?
[REGMGR] 000108 ...?
Waiting (max 60 seconds) for system process `SceVnlru' to stop...done?
Waiting (max 60 seconds) for system process `SceBufdaemon0' to stop...SD Manual Tuning done. MaxPassWindowSize=23, TunePoint=20 CORE_CTRL=0x184094?
done?
Waiting (max 60 seconds) for system process `SceBufdaemon1' to stop...done?
W2 aiting (max 60 seconds) for system process `SceSyncer' to stop...2 0 0 sched_sync: flush softdep (iter=2)?
sched_sync: flush softdep (iter=1)?
done?
Waiting (max 60 seconds) for system process `SceBufdaemon2' to stop...done?
All buffers synced.?
[PFS] umount[0x00001700af1634e2] finished 0?
[PFS] umount[0x00001700af1637da] finished 0?
Uptime: 7m14s?
icc post sync:Thermal alert LED off?
[REGMGR] 000007 @2@ ...?
icc08-4001 0802?
icc:failed to disabled reset button notification: 0005?
icc:disabled thermal notification?
eth0: link state changed to DOWN?
ICC: howto:00004000 depth:2 cause:00 hand:01?
ICC: Shutdown.?
hook_icc_query_nowait called?
ICC 05-00 polling?
Fixing ACPI tables at 0xe0000 (0xffffffffffffffff)?
RSDT at 0xe0024?
XSDT at 0xe0088?
FACP at 0xe016c?
FACS at 0xe012c?
DSDT at 0xe0430?
APIC at 0xe0298?
MCFG at 0xe0304?
SSDT at 0xe0730?
ACPI tables fixed?
kexec: Waiting for secondary CPUs...?
kexec: Secondary CPUs quiesced?
kexec: Setting up GDT...?
kexec: Relocating stub...?
kexec: Setting up boot params...?
kexec: Cleaning up hardware...?
Current sb_id: 3?
?
SB_BAIKAL constant: 3?
?
kexec: Detected Baikal Southbridge, disabling IOMMU...?
kexec: Reconfiguring VRAM...?
kexec: Resetting GPU...?
kexec: About to relocate and jump to kernel?
[    0.000000] ps4: x86_ps4_early_setup: PS4 early setup?
[    0.000000] Linux version 6.15.4-Baikal_TESTING_crashniels-dirty (meerzulee@cachynator) (gcc (GCC) 16.1.1 20260430, GNU ld (GNU Binutils) 2.46.0) #85 SMP PREEMPT_DYNAMIC Tue May 12 12:09:50 +06 2026?
[    0.000000] Command line: earlycon=uart8250,mmio32,0xC890E000,115200n8 console=tty0 keep_bootcon 8250.nr_uarts=0 iommu=pt intremap=off panic=10 loglevel=8 ignore_loglevel printk.devkmsg=on drm.edid_firmware=edid/1920x1080.bin video=HDMI-A-1:1920x1080@60D pci=nocrs libata.force=1.00:disable root=LABEL=psxitarch rootwait rw systemd.unit=multi-user.target systemd.log_level=info?
[    0.000000] KERNEL supported cpus:?
[    0.000000]   AMD AuthenticAMD?
[    0.000000] BIOS-provided physical RAM map:?
[    0.000000] BIOS-e820: [mem 0x0000000000000000-0x0000000000007fff] usable?
[    0.000000] BIOS-e820: [mem 0x0000000000008000-0x000000000007ffff] reserved?
[    0.000000] BIOS-e820: [mem 0x0000000000080000-0x0000000000099fff] usable?
[    0.000000] BIOS-e820: [mem 0x000000000009a000-0x00000000000bffff] reserved?
[    0.000000] BIOS-e820: [mem 0x00000000000e0000-0x00000000000effff] ACPI data?
[    0.000000] BIOS-e820: [mem 0x0000000000100000-0x00000000003fffff] usable?
[    0.000000] BIOS-e820: [mem 0x0000000000400000-0x000000000047ffff] reserved?
[    0.000000] BIOS-e820: [mem 0x0000000000480000-0x000000000067ffff] usable?
[    0.000000] BIOS-e820: [mem 0x0000000000680000-0x00000000006fffff] reserved?
[    0.000000] BIOS-e820: [mem 0x0000000000700000-0x000000007efe7fff] usable?
[    0.000000] BIOS-e820: [mem 0x000000007efe8000-0x000000007efeffff] ACPI NVS?
[    0.000000] BIOS-e820: [mem 0x000000007eff0000-0x000000007effffff] ACPI data?
[    0.000000] BIOS-e820: [mem 0x000000007f000000-0x000000007fffffff] usable?
[    0.000000] BIOS-e820: [mem 0x0000000080000000-0x00000000fbffffff] reserved?
[    0.000000] BIOS-e820: [mem 0x0000000100000000-0x000000013fffffff] reserved?
[    0.000000] BIOS-e820: [mem 0x0000000140000000-0x000000027effffff] usable?
[    0.000000] earlycon: uart8250 at MMIO32 0x00000000c890e000 (options '115200n8')?
[    0.000000] printk: legacy bootconsole [uart8250] enabled?
[    0.000000] printk: debug: skip boot console de-registration.?
[    0.000000] printk: debug: ignoring loglevel setting.?
[    0.000000] NX (Execute Disable) protection: active?
[    0.000000] APIC: Static calls initialized?
[    0.000000] SMBIOS 2.1 present.?
[    0.000000] DMI:  , BIOS unde Wed 09/22/2021 16:2?
[    0.000000] DMI: Memory slots populated: 1/1?
[    0.000000] ps4: EMC timer started in 241431 TSC ticks?
[    0.000000] ps4: Calibrated TSC frequency: 1594030368 kHz?
[    0.000000] tsc: Detected 1594.030 MHz processor?
[    0.001421] e820: update [mem 0x00000000-0x00000fff] usable ==> reserved?
[    0.008311] e820: remove [mem 0x000a0000-0x000fffff] usable?
[    0.014050] last_pfn = 0x27f000 max_arch_pfn = 0x400000000?
[    0.019693] MTRR map: 6 entries (3 fixed + 3 variable; max 20), built from 9 variable MTRRs?
[    0.028278] x86/PAT: Configuration [0-7]: WB  WC  UC- UC  WB  WP  UC- WT  ?
[    0.035726] e820: update [mem 0x80000000-0x13fffffff] usable ==> reserved?
[    0.042722] last_pfn = 0x80000 max_arch_pfn = 0x400000000?
[    0.056876] Using GB pages for direct mapping?
[    0.062885] RAMDISK: [mem 0x0f800000-0x0fc0efff]?
[    0.067645] ACPI: Early table checksum verification disabled?
[    0.073462] ACPI: RSDP 0x00000000000E0000 000024 (v02 SIE   )?
[    0.079372] ACPI: XSDT 0x00000000000E0088 00004C (v01 SIE    ORBIS    20121218 INTL 20110211)?
[    0.088144] ACPI: FACP 0x00000000000E016C 0000F4 (v04 SIE    ORBIS    20130205 INTL 20110211)?
[    0.096916] ACPI: DSDT 0x00000000000E0430 00018C (v02 SIE    ORBIS    20121002 INTL 20110211)?
[    0.105685] ACPI: FACS 0x00000000000E012C 000040?
[    0.110429] ACPI: FACS 0x00000000000E012C 000040?
[    0.115178] ACPI: APIC 0x00000000000E0298 00006C (v02 SIE    ORBIS    20120725 INTL 20110211)?
[    0.123945] ACPI: MCFG 0x00000000000E0304 00003C (v01 SIE    ORBIS    20120725 INTL 20110211)?
[    0.132714] ACPI: SSDT 0x00000000000E0730 001944 (v01 AMD    POWERNOW 00000001 AMD  00000001)?
[    0.141482] ACPI: IVRS 0x00000000000E2074 000054 (v01 F0F    PS4KEXEC 20161225 KEXC 20161225)?
[    0.150250] ACPI: Reserving FACP table memory at [mem 0xe016c-0xe025f]?
[    0.156958] ACPI: Reserving DSDT table memory at [mem 0xe0430-0xe05bb]?
[    0.163664] ACPI: Reserving FACS table memory at [mem 0xe012c-0xe016b]?
[    0.170370] ACPI: Reserving FACS table memory at [mem 0xe012c-0xe016b]?
[    0.177075] ACPI: Reserving APIC table memory at [mem 0xe0298-0xe0303]?
[    0.183779] ACPI: Reserving MCFG table memory at [mem 0xe0304-0xe033f]?
[    0.190487] ACPI: Reserving SSDT table memory at [mem 0xe0730-0xe2073]?
[    0.197192] ACPI: Reserving IVRS table memory at [mem 0xe2074-0xe20c7]?
[    0.203974] No NUMA configuration found?
[    0.207906] Faking a node at [mem 0x0000000000000000-0x000000027effffff]?
[    0.214795] NODE_DATA(0) allocated [mem 0x27effa800-0x27effdfff]?
[    0.221018] Zone ranges:?
[    0.223611]   DMA      [mem 0x0000000000001000-0x0000000000ffffff]?
[    0.229963]   DMA32    [mem 0x0000000001000000-0x00000000ffffffff]?
[    0.236316]   Normal   [mem 0x0000000100000000-0x000000027effffff]?
[    0.242667] Movable zone start for each node?
[    0.247048] Early memory node ranges?
[    0.250717]   node   0: [mem 0x0000000000001000-0x0000000000007fff]?
[    0.257156]   node   0: [mem 0x0000000000080000-0x0000000000099fff]?
[    0.263597]   node   0: [mem 0x0000000000100000-0x00000000003fffff]?
[    0.270035]   node   0: [mem 0x0000000000480000-0x000000000067ffff]?
[    0.276472]   node   0: [mem 0x0000000000700000-0x000000007efe7fff]?
[    0.282911]   node   0: [mem 0x000000007f000000-0x000000007fffffff]?
[    0.289353]   node   0: [mem 0x0000000140000000-0x000000027effffff]?
[    0.295793] Initmem setup node 0 [mem 0x0000000000001000-0x000000027effffff]?
[    0.303043] On node 0, zone DMA: 1 pages in unavailable ranges?
[    0.309040] On node 0, zone DMA: 120 pages in unavailable ranges?
[    0.315233] On node 0, zone DMA: 102 pages in unavailable ranges?
[    0.321420] On node 0, zone DMA: 128 pages in unavailable ranges?
[    0.327648] On node 0, zone DMA: 128 pages in unavailable ranges?
[    0.344094] On node 0, zone DMA32: 24 pages in unavailable ranges?
[    0.376481] On node 0, zone Normal: 4096 pages in unavailable ranges?
[    0.383918] ACPI: No IOAPIC entries present?
[    0.388213] ACPI: Using ACPI for processor (LAPIC) configuration information?
[    0.395471] CPU topo: Max. logical packages:   1?
[    0.400211] CPU topo: Max. logical dies:       1?
[    0.404952] CPU topo: Max. dies per package:   1?
[    0.409704] CPU topo: Max. threads per core:   1?
[    0.414442] CPU topo: Num. cores per package:     8?
[    0.419450] CPU topo: Num. threads per package:   8?
[    0.424457] CPU topo: Allowing 8 present CPUs plus 0 hotplug CPUs?
[    0.430744] [mem 0xfc000000-0xffffffff] available for PCI devices?
[    0.437007] clocksource: refined-jiffies: mask: 0xffffffff max_cycles: 0xffffffff, max_idle_ns: 1910969940391419 ns?
[    0.447751] setup_percpu: NR_CPUS:8 nr_cpumask_bits:8 nr_cpu_ids:8 nr_node_ids:1?
[    0.456025] percpu: Embedded 42 pages/cpu s131544 r8192 d32296 u262144?
[    0.462751] pcpu-alloc: s131544 r8192 d32296 u262144 alloc=1*2097152?
[    0.469284] pcpu-alloc: [0] 0 1 2 3 4 5 6 7 ?
[    0.473714] Kernel command line: earlycon=uart8250,mmio32,0xC890E000,115200n8 console=tty0 keep_bootcon 8250.nr_uarts=0 iommu=pt intremap=off panic=10 loglevel=8 ignore_loglevel printk.devkmsg=on drm.edid_firmware=edid/1920x1080.bin video=HDMI-A-1:1920x1080@60D pci=nocrs libata.force=1.00:disable root=LABEL=psxitarch rootwait rw systemd.unit=multi-user.target systemd.log_level=info?
[    0.508782] printk: log buffer data + meta data: 262144 + 917504 = 1179648 bytes?
[    0.518180] Dentry cache hash table entries: 1048576 (order: 11, 8388608 bytes, linear)?
[    0.527327] Inode-cache hash table entries: 524288 (order: 10, 4194304 bytes, linear)?
[    0.535483] software IO TLB: area num 8.?
[    0.568416] Fallback order for Node 0: 0 ?
[    0.568434] Built 1 zonelists, mobility grouping on.  Total pages: 1830409?
[    0.579617] Policy zone: Normal?
[    0.582843] mem auto-init: stack:off, heap alloc:off, heap free:off?
[    0.627046] SLUB: HWalign=64, Order=0-3, MinObjects=0, CPUs=8, Nodes=1?
[    0.634892] Dynamic Preempt: voluntary?
[    0.638831] rcu: Preemptible hierarchical RCU implementation.?
[    0.644736] rcu: RCU calculated value of scheduler-enlistment delay is 100 jiffies.?
[    0.652630] NR_IRQS: 4352, nr_irqs: 128, preallocated irqs: 0?
[    0.658596] rcu: srcu_init: Setting srcu_struct sizes based on contention.?
[    0.665718] call_irq_handler: 0.49 No irq handler for vector?
[    0.671566] Console: colour dummy device 80x25?
[    0.676134] printk: legacy console [tty0] enabled?
[    0.681008] ACPI: Core revision 20240827?
[    0.685106] ACPI: setting ELCR to 0200 (from ffff)?
[    0.690045] Failed to register legacy timer interrupt?
[    0.695235] APIC: Switch to symmetric I/O mode setup?
[    0.700348] clocksource: tsc-early: mask: 0xffffffffffffffff max_cycles: 0x16fa1d42e5c, max_idle_ns: 440795246215 ns?
[    0.711187] Calibrating delay loop (skipped), value calculated using timer frequency.. 3188.06 BogoMIPS (lpj=1594030)?
[    0.712177] Last level iTLB entries: 4KB 512, 2MB 8, 4MB 4?
[    0.712177] Last level dTLB entries: 4KB 512, 2MB 256, 4MB 128, 1GB 0?
[    0.712177] Spectre V1 : Mitigation: usercopy/swapgs barriers and __user pointer sanitization?
[    0.712177] Spectre V2 : Mitigation: Retpolines?
[    0.712177] Spectre V2 : Spectre v2 / SpectreRSB: Filling RSB on context switch and VMEXIT?
[    0.712177] RETBleed: Mitigation: untrained return thunk?
[    0.712177] Speculative Store Bypass: Mitigation: Speculative Store Bypass disabled via prctl?
[    0.712177] x86/fpu: Supporting XSAVE feature 0x001: 'x87 floating point registers'?
[    0.712177] x86/fpu: Supporting XSAVE feature 0x002: 'SSE registers'?
[    0.712177] x86/fpu: Supporting XSAVE feature 0x004: 'AVX registers'?
[    0.712177] x86/fpu: xstate_offset[2]:  576, xstate_sizes[2]:  256?
[    0.712177] x86/fpu: Enabled xstate features 0x7, context size is 832 bytes, using 'standard' format.?
[    0.712177] Freeing SMP alternatives memory: 52K?
[    0.712177] pid_max: default: 32768 minimum: 301?
[    0.712177] Mount-cache hash table entries: 16384 (order: 5, 131072 bytes, linear)?
[    0.712177] Mountpoint-cache hash table entries: 16384 (order: 5, 131072 bytes, linear)?
[    0.712177] smpboot: CPU0: AMD DG1401SNF87ID (family: 0x16, model: 0x1a, stepping: 0x0)?
[    0.712791] Performance Events: AMD PMU driver.?
[    0.713183] ... version:                0?
[    0.714181] ... bit width:              48?
[    0.715181] ... generic registers:      4?
[    0.716181] ... value mask:             0000ffffffffffff?
[    0.717181] ... max period:             00007fffffffffff?
[    0.718181] ... fixed-purpose events:   0?
[    0.719181] ... event mask:             000000000000000f?
[    0.720395] signal: max sigframe size: 1776?
[    0.721271] rcu: Hierarchical SRCU implementation.?
[    0.722182] rcu: 	Max phase no-delay instances is 400.?
[    0.723335] Timer migration: 1 hierarchy levels; 8 children per group; 1 crossnode level?
[    0.728188] smp: Bringing up secondary CPUs ...?
[    0.729491] smpboot: x86: Booting SMP configuration:?
[    0.731181] .... node  #0, CPUs:      #1 #2 #3 #4 #5 #6 #7?
[    0.735177] TSC synchronization [CPU#0 -> CPU#2]:?
[    0.735177] Measured 36 cycles TSC warp between CPUs, turning off TSC clock.?
[    0.735190] tsc: Marking TSC unstable due to check_tsc_sync_source failed?
[    0.737284] smp: Brought up 1 node, 8 CPUs?
[    0.738187] smpboot: Total of 8 processors activated (25504.48 BogoMIPS)?
[    0.740409] Memory: 7077464K/7321636K available (23461K kernel code, 2053K rwdata, 8780K rodata, 1624K init, 2232K bss, 239924K reserved, 0K cma-reserved)?
[    0.741613] devtmpfs: initialized?
[    0.743350] clocksource: jiffies: mask: 0xffffffff max_cycles: 0xffffffff, max_idle_ns: 1911260446275000 ns?
[    0.744189] posixtimers hash table entries: 4096 (order: 4, 65536 bytes, linear)?
[    0.745206] futex hash table entries: 2048 (order: 5, 131072 bytes, linear)?
[    0.746278] prandom: seed boundary self test passed?
[    0.748554] prandom: 100 self tests passed?
[    0.749395] NET: Registered PF_NETLINK/PF_ROUTE protocol family?
[    0.751235] audit: initializing netlink subsys (disabled)?
[    0.752244] audit: type=2000 audit(0.041:1): state=initialized audit_enabled=0 res=1?
[    0.752340] i2c-core: driver [dummy] registered?
[    0.754184] thermal_sys: Registered thermal governor 'step_wise'?
[    0.754210] cpuidle: using governor ladder?
[    0.756192] cpuidle: using governor menu?
[    0.758338] ps4: ps4: pre-allocated IRQ 9 desc for ACPI SCI (virq=9)?
[    0.760445] PCI: ECAM [mem 0xf8000000-0xfbffffff] (base 0xf8000000) for domain 0000 [bus 00-3f]?
[    0.761201] PCI: Using configuration type 1 for base access?
[    0.763438] HugeTLB: allocation took 0ms with hugepage_allocation_threads=2?
[    0.764241] HugeTLB: registered 2.00 MiB page size, pre-allocated 0 pages?
[    0.765182] HugeTLB: 28 KiB vmemmap can be freed for a 2.00 MiB page?
[    0.767227] cryptd: max_cpu_qlen set to 1000?
[    0.785180] raid6: sse2x4   gen()  4051 MB/s?
[    0.803183] raid6: sse2x2   gen()  3966 MB/s?
[    0.821185] raid6: sse2x1   gen()  3190 MB/s?
[    0.822181] raid6: using algorithm sse2x4 gen() 4051 MB/s?
[    0.840180] raid6: .... xor() 2023 MB/s, rmw enabled?
[    0.841182] raid6: using ssse3x2 recovery algorithm?
[    0.842284] ACPI: Added _OSI(Module Device)?
[    0.843183] ACPI: Added _OSI(Processor Device)?
[    0.844182] ACPI: Added _OSI(Processor Aggregator Device)?
[    0.847698] ACPI: 2 ACPI AML tables successfully acquired and loaded?
[    0.855409] ACPI: Interpreter enabled?
[    0.856193] ACPI: PM: (supports S0 S5)?
[    0.857182] ACPI: Using PIC for interrupt routing?
[    0.858212] PCI: Ignoring host bridge windows from ACPI; if necessary, use "pci=use_crs" and report a bug?
[    0.859182] PCI: Using E820 reservations for host bridge windows?
[    0.861399] acpi PNP0A03:00: [Firmware Bug]: no secondary bus range in _CRS?
[    0.862197] ACPI: PCI Root Bridge [PCI0] (domain 0000 [bus 00-ff])?
[    0.863189] acpi PNP0A03:00: _OSC: OS supports [ExtendedConfig ASPM ClockPM Segments MSI HPX-Type3]?
[    0.864199] acpi PNP0A03:00: [Firmware Info]: ECAM [mem 0xf8000000-0xfbffffff] for domain 0000 [bus 00-3f] only partially covers this bridge?
[    0.865206] acpi PNP0A03:00: host bridge window [io  0x0cf8-0x0cff] (ignored)?
[    0.866182] PCI: root bus 00: using default resources?
[    0.867241] PCI host bridge to bus 0000:00?
[    0.868187] pci_bus 0000:00: root bus resource [io  0x0000-0xffff]?
[    0.869182] pci_bus 0000:00: root bus resource [mem 0x00000000-0xffffffffff]?
[    0.870183] pci_bus 0000:00: root bus resource [bus 00-ff]?
[    0.871200] pci 0000:00:00.0: [1022:1436] type 00 class 0x060000 conventional PCI endpoint?
[    0.872304] pci 0000:00:00.2: [1022:1437] type 00 class 0x080600 conventional PCI endpoint?
[    0.873308] pci 0000:00:01.0: [1002:9923] type 00 class 0x030000 PCIe Root Complex Integrated Endpoint?
[    0.874203] pci 0000:00:01.0: BAR 0 [mem 0xe0000000-0xe3ffffff 64bit pref]?
[    0.875184] pci 0000:00:01.0: BAR 2 [mem 0xe4000000-0xe47fffff 64bit pref]?
[    0.876183] pci 0000:00:01.0: BAR 4 [io  0x6000-0x60ff]?
[    0.877183] pci 0000:00:01.0: BAR 5 [mem 0xe4800000-0xe483ffff]?
[    0.878183] pci 0000:00:01.0: ROM [mem 0x00000000-0x0001ffff pref]?
[    0.879186] pci 0000:00:01.0: enabling Extended Tags?
[    0.880198] pci 0000:00:01.0: Video device with shadowed ROM at [mem 0x000c0000-0x000dffff]?
[    0.881202] pci 0000:00:01.0: supports D1 D2?
[    0.882182] pci 0000:00:01.0: PME# supported from D1 D2 D3hot?
[    0.883275] pci 0000:00:01.1: [1002:9921] type 00 class 0x040300 PCIe Root Complex Integrated Endpoint?
[    0.884203] pci 0000:00:01.1: BAR 0 [mem 0xe4840000-0xe4843fff 64bit]?
[    0.885189] pci 0000:00:01.1: enabling Extended Tags?
[    0.886211] pci 0000:00:01.1: supports D1 D2?
[    0.887276] pci 0000:00:02.0: [1022:1438] type 00 class 0x060000 conventional PCI endpoint?
[    0.888311] pci 0000:00:14.0: [104d:90d7] type 00 class 0x088000 PCIe Endpoint?
[    0.889222] pci 0000:00:14.0: BAR 0 [mem 0xfdf8000000-0xfdf9ffffff 64bit]?
[    0.890183] pci 0000:00:14.0: BAR 2 [io  0x1000-0x13ff]?
[    0.891368] pci 0000:00:14.1: [104d:90d8] type 00 class 0x088001 PCIe Endpoint?
[    0.892222] pci 0000:00:14.1: BAR 0 [mem 0xc2000000-0xc2000fff 64bit]?
[    0.894364] pci 0000:00:14.2: [104d:90d9] type 00 class 0x088002 PCIe Endpoint?
[    0.895222] pci 0000:00:14.2: BAR 0 [mem 0xc4000000-0xc4007fff 64bit]?
[    0.896366] pci 0000:00:14.3: [104d:90da] type 00 class 0x088003 PCIe Endpoint?
[    0.897222] pci 0000:00:14.3: BAR 0 [mem 0xc6000000-0xc6000fff 64bit]?
[    0.898364] pci 0000:00:14.4: [104d:90db] type 00 class 0x088004 PCIe Endpoint?
[    0.899222] pci 0000:00:14.4: BAR 0 [mem 0xc8000000-0xc8001fff 64bit]?
[    0.900184] pci 0000:00:14.4: BAR 2 [mem 0xc8800000-0xc89fffff 64bit]?
[    0.901184] pci 0000:00:14.4: BAR 4 [mem 0xc9000000-0xc91fffff 64bit]?
[    0.902359] pci 0000:00:14.5: [104d:90dc] type 00 class 0x088005 PCIe Endpoint?
[    0.903222] pci 0000:00:14.5: BAR 0 [mem 0xca000000-0xca000fff 64bit]?
[    0.904184] pci 0000:00:14.5: BAR 2 [mem 0xca800000-0xca800fff 64bit]?
[    0.905361] pci 0000:00:14.6: [104d:90dd] type 00 class 0x088006 PCIe Endpoint?
[    0.906222] pci 0000:00:14.6: BAR 0 [mem 0xcc000000-0xcc000fff 64bit]?
[    0.907185] pci 0000:00:14.6: BAR 2 [mem 0x80000000-0xbfffffff 64bit]?
[    0.908183] pci 0000:00:14.6: BAR 4 [mem 0xcd000000-0xcd0fffff]?
[    0.909184] pci 0000:00:14.6: BAR 5 [mem 0xcd400000-0xcd43ffff]?
[    0.910359] pci 0000:00:14.7: [104d:90de] type 00 class 0x088007 PCIe Endpoint?
[    0.911222] pci 0000:00:14.7: BAR 0 [mem 0xce000000-0xce3fffff 64bit]?
[    0.912185] pci 0000:00:14.7: BAR 2 [mem 0xce800000-0xce80ffff 64bit]?
[    0.913184] pci 0000:00:14.7: BAR 4 [mem 0xcf000000-0xcf7fffff 64bit]?
[    0.914352] pci 0000:00:18.0: [1022:142e] type 00 class 0x060000 conventional PCI endpoint?
[    0.915285] pci 0000:00:18.1: [1022:142f] type 00 class 0x060000 conventional PCI endpoint?
[    0.916282] pci 0000:00:18.2: [1022:1430] type 00 class 0x060000 conventional PCI endpoint?
[    0.917285] pci 0000:00:18.3: [1022:1431] type 00 class 0x060000 conventional PCI endpoint?
[    0.918285] pci 0000:00:18.4: [1022:1432] type 00 class 0x060000 conventional PCI endpoint?
[    0.920207] pci 0000:00:18.5: [1022:1433] type 00 class 0x060000 conventional PCI endpoint?
[    0.921278] pci 0000:00:18.6: [1022:1434] type 00 class 0x060000 conventional PCI endpoint?
[    0.922371] iommu: Default domain type: Passthrough (set via kernel command line)?
[    0.923360] SCSI subsystem initialized?
[    0.924207] libata version 3.00 loaded.?
[    0.925235] ACPI: bus type USB registered?
[    0.926234] usbcore: registered new interface driver usbfs?
[    0.927204] usbcore: registered new interface driver hub?
[    0.928201] usbcore: registered new device driver usb?
[    0.929213] cec: Failed to create debugfs cec dir?
[    0.930315] Advanced Linux Sound Architecture Driver Initialized.?
[    0.932500] Bluetooth: Core ver 2.22?
[    0.933192] NET: Registered PF_BLUETOOTH protocol family?
[    0.934181] Bluetooth: HCI device and connection manager initialized?
[    0.935184] Bluetooth: HCI socket layer initialized?
[    0.936184] Bluetooth: L2CAP socket layer initialized?
[    0.937184] Bluetooth: SCO socket layer initialized?
[    0.938267] PCI: Using ACPI for IRQ routing?
[    0.941942] PCI: pci_cache_line_size set to 64 bytes?
[    0.942224] e820: reserve RAM buffer [mem 0x00008000-0x0000ffff]?
[    0.943183] e820: reserve RAM buffer [mem 0x0009a000-0x0009ffff]?
[    0.944182] e820: reserve RAM buffer [mem 0x00680000-0x006fffff]?
[    0.945182] e820: reserve RAM buffer [mem 0x7efe8000-0x7fffffff]?
[    0.946182] e820: reserve RAM buffer [mem 0x27f000000-0x27fffffff]?
[    0.947207] pci 0000:00:01.0: vgaarb: setting as boot VGA device?
[    0.948177] pci 0000:00:01.0: vgaarb: bridge control possible?
[    0.948177] pci 0000:00:01.0: vgaarb: VGA device added: decodes=io+mem,owns=io+mem,locks=none?
[    0.948191] vgaarb: loaded?
[    0.950181] clocksource: Switched to clocksource refined-jiffies?
[    0.951409] pnp: PnP ACPI init?
[    0.952222] pnp: PnP ACPI: found 0 devices?
[    0.958293] NET: Registered PF_INET protocol family?
[    0.960205] IP idents hash table entries: 131072 (order: 8, 1048576 bytes, linear)?
[    0.966129] tcp_listen_portaddr_hash hash table entries: 4096 (order: 4, 65536 bytes, linear)?
[    0.966204] Table-perturb hash table entries: 65536 (order: 6, 262144 bytes, linear)?
[    0.967210] TCP established hash table entries: 65536 (order: 7, 524288 bytes, linear)?
[    0.969387] TCP bind hash table entries: 65536 (order: 9, 2097152 bytes, linear)?
[    0.971607] TCP: Hash tables configured (established 65536 bind 65536)?
[    0.972277] UDP hash table entries: 4096 (order: 6, 262144 bytes, linear)?
[    0.973264] UDP-Lite hash table entries: 4096 (order: 6, 262144 bytes, linear)?
[    0.974353] NET: Registered PF_UNIX/PF_LOCAL protocol family?
[    0.976275] RPC: Registered named UNIX socket transport module.?
[    0.977178] RPC: Registered udp transport module.?
[    0.978179] RPC: Registered tcp transport module.?
[    0.979177] RPC: Registered tcp-with-tls transport module.?
[    0.980176] RPC: Registered tcp NFSv4.1 backchannel transport module.?
[    0.981535] pci_bus 0000:00: resource 4 [io  0x0000-0xffff]?
[    0.982183] pci_bus 0000:00: resource 5 [mem 0x00000000-0xffffffffff]?
[    0.983264] pci 0000:00:01.1: D0 power state depends on 0000:00:01.0?
[    0.984185] pci 0000:00:02.0: CLS mismatch (64 != 512), using 64 bytes?
[    0.985296] AMD-Vi: Using global IVHD EFR:0x0, EFR2:0x0?
[    0.985307] Trying to unpack rootfs image as initramfs...?
[    0.987317] pci 0000:00:00.0: Adding to iommu group 0?
[    0.989295] pci 0000:00:14.0: Adding to iommu group 1?
[    0.990205] pci 0000:00:14.1: Adding to iommu group 1?
[    0.991207] pci 0000:00:14.2: Adding to iommu group 1?
[    0.992219] pci 0000:00:14.3: Adding to iommu group 1?
[    0.993207] pci 0000:00:14.4: Adding to iommu group 1?
[    0.995189] pci 0000:00:14.5: Adding to iommu group 1?
[    0.996213] pci 0000:00:14.6: Adding to iommu group 1?
[    0.997206] pci 0000:00:14.7: Adding to iommu group 1?
[    0.998249] AMD-Vi: Extended features (0x840, 0x0): IA?
[    0.999296] PCI-DMA: Using software bounce buffering for IO (SWIOTLB)?
[    1.001178] software IO TLB: mapped [mem 0x000000007afe8000-0x000000007efe8000] (64MB)?
[    1.002297] LVT offset 0 assigned for vector 0x400?
[    1.003335] perf: AMD IBS detected (0x000000ff)?
[    1.004227] kvm_amd: TSC scaling supported?
[    1.005174] kvm_amd: Nested Virtualization enabled?
[    1.006173] kvm_amd: Nested Paging enabled?
[    1.007174] kvm_amd: LBR virtualization supported?
[    1.031651] Freeing initrd memory: 4156K?
[    1.042209] platform rtc_cmos: registered platform RTC device (no PNP device found)?
[    1.047140] Initialise system trusted keyrings?
[    1.047223] workingset: timestamp_bits=40 max_order=21 bucket_order=0?
[    1.048426] ntfs3: Warning: Activated 64 bits per cluster. Windows does not support this?
[    1.049203] fuse: init (API version 7.43)?
[    1.086421] NET: Registered PF_ALG protocol family?
[    1.087164] xor: automatically using best checksumming function   avx       ?
[    1.088162] Key type asymmetric registered?
[    1.089161] Asymmetric key parser 'x509' registered?
[    1.090189] Block layer SCSI generic (bsg) driver version 0.4 loaded (major 252)?
[    1.091161] io scheduler mq-deadline registered?
[    1.092160] io scheduler kyber registered?
[    1.095285] Could not retrieve perf counters (-19)?
[    1.126381] Non-volatile memory driver v1.3?
[    1.127169] Linux agpgart interface v0.103?
[    1.128614] ACPI: bus type drm_connector registered?
[    1.130161] [drm] amdgpu kernel modesetting enabled.?
[    1.132349] brd: module loaded?
[    1.136287] loop: module loaded?
[    1.137177] i2c-core: driver [at24] registered?
[    1.138342] baikal_pcie 0000:00:14.4: bpcie_probe()?
[    1.139191] baikal_pcie 0000:00:14.4: bpcie glue probe?
[    1.140161] baikal_pcie 0000:00:14.4: Baikal chip revision: 4c0c2021:8d76a398:0000b100?
[    1.141154] pci 0000:00:14.0: bpcie_create_irq_domain?
[    1.142155] baikal_pcie 0000:00:14.4: devid = 164?
[    1.143155] baikal_pcie 0000:00:14.4: no parent ?
[    1.144158] bpcie_create_irq_domain: marked Baikal-MSI-164-3-14 as MSI parent (flags=0x113 bus_token=AMDVI)?
[    1.145153] pci 0000:00:14.1: bpcie_create_irq_domain?
[    1.146154] baikal_pcie 0000:00:14.4: devid = 164?
[    1.147153] baikal_pcie 0000:00:14.4: no parent ?
[    1.148157] bpcie_create_irq_domain: marked Baikal-MSI-164-3-14 as MSI parent (flags=0x113 bus_token=AMDVI)?
[    1.149153] pci 0000:00:14.2: bpcie_create_irq_domain?
[    1.150156] baikal_pcie 0000:00:14.4: devid = 164?
[    1.151152] baikal_pcie 0000:00:14.4: no parent ?
[    1.152154] bpcie_create_irq_domain: marked Baikal-MSI-164-3-14 as MSI parent (flags=0x113 bus_token=AMDVI)?
[    1.153152] pci 0000:00:14.3: bpcie_create_irq_domain?
[    1.154152] baikal_pcie 0000:00:14.4: devid = 164?
[    1.155151] baikal_pcie 0000:00:14.4: no parent ?
[    1.156154] bpcie_create_irq_domain: marked Baikal-MSI-164-3-14 as MSI parent (flags=0x113 bus_token=AMDVI)?
[    1.157151] baikal_pcie 0000:00:14.4: bpcie_create_irq_domain?
[    1.158152] baikal_pcie 0000:00:14.4: devid = 164?
[    1.159151] baikal_pcie 0000:00:14.4: no parent ?
[    1.160153] bpcie_create_irq_domain: marked Baikal-MSI-164-3-14 as MSI parent (flags=0x113 bus_token=AMDVI)?
[    1.161151] pci 0000:00:14.5: bpcie_create_irq_domain?
[    1.162151] baikal_pcie 0000:00:14.4: devid = 164?
[    1.163150] baikal_pcie 0000:00:14.4: no parent ?
[    1.164152] bpcie_create_irq_domain: marked Baikal-MSI-164-3-14 as MSI parent (flags=0x113 bus_token=AMDVI)?
[    1.165150] pci 0000:00:14.6: bpcie_create_irq_domain?
[    1.166150] baikal_pcie 0000:00:14.4: devid = 164?
[    1.167150] baikal_pcie 0000:00:14.4: no parent ?
[    1.168151] bpcie_create_irq_domain: marked Baikal-MSI-164-3-14 as MSI parent (flags=0x113 bus_token=AMDVI)?
[    1.169151] pci 0000:00:14.7: bpcie_create_irq_domain?
[    1.170150] baikal_pcie 0000:00:14.4: devid = 164?
[    1.171149] baikal_pcie 0000:00:14.4: no parent ?
[    1.172151] bpcie_create_irq_domain: marked Baikal-MSI-164-3-14 as MSI parent (flags=0x113 bus_token=AMDVI)?
[    1.173161] bpcie_init_dev_msi_info: dev=0000:00:14.4 installed bpcie demuxer (sc=(____ptrval____))?
[    1.175258] bpcie_msi_init: virq=10 hwirq=0x0 domain=(____ptrval____) info=(____ptrval____) sc=(____ptrval____)?
[    1.176154] bpcie_msi_init: registered virq=10 irq_map[0]?
[    1.177147] bpcie_msi_init: virq=11 hwirq=0x1 domain=(____ptrval____) info=(____ptrval____) sc=(____ptrval____)?
[    1.178147] bpcie_msi_init: registered virq=11 irq_map[1]?
[    1.179146] bpcie_msi_init: virq=12 hwirq=0x2 domain=(____ptrval____) info=(____ptrval____) sc=(____ptrval____)?
[    1.180147] bpcie_msi_init: registered virq=12 irq_map[2]?
[    1.181146] bpcie_msi_init: virq=13 hwirq=0x3 domain=(____ptrval____) info=(____ptrval____) sc=(____ptrval____)?
[    1.182146] bpcie_msi_init: registered virq=13 irq_map[3]?
[    1.183146] bpcie_msi_init: virq=14 hwirq=0x4 domain=(____ptrval____) info=(____ptrval____) sc=(____ptrval____)?
[    1.184146] bpcie_msi_init: registered virq=14 irq_map[4]?
[    1.185145] bpcie_msi_init: virq=15 hwirq=0x5 domain=(____ptrval____) info=(____ptrval____) sc=(____ptrval____)?
[    1.186146] bpcie_msi_init: registered virq=15 irq_map[5]?
[    1.187145] bpcie_msi_init: virq=16 hwirq=0x6 domain=(____ptrval____) info=(____ptrval____) sc=(____ptrval____)?
[    1.188145] bpcie_msi_init: registered virq=16 irq_map[6]?
[    1.189145] bpcie_msi_init: virq=17 hwirq=0x7 domain=(____ptrval____) info=(____ptrval____) sc=(____ptrval____)?
[    1.190145] bpcie_msi_init: registered virq=17 irq_map[7]?
[    1.191144] bpcie_msi_init: virq=18 hwirq=0x8 domain=(____ptrval____) info=(____ptrval____) sc=(____ptrval____)?
[    1.192145] bpcie_msi_init: registered virq=18 irq_map[8]?
[    1.193144] bpcie_msi_init: virq=19 hwirq=0x9 domain=(____ptrval____) info=(____ptrval____) sc=(____ptrval____)?
[    1.194145] bpcie_msi_init: registered virq=19 irq_map[9]?
[    1.195144] bpcie_msi_init: virq=20 hwirq=0xa domain=(____ptrval____) info=(____ptrval____) sc=(____ptrval____)?
[    1.196144] bpcie_msi_init: registered virq=20 irq_map[10]?
[    1.197144] bpcie_msi_init: virq=21 hwirq=0xb domain=(____ptrval____) info=(____ptrval____) sc=(____ptrval____)?
[    1.198144] bpcie_msi_init: registered virq=21 irq_map[11]?
[    1.199143] bpcie_msi_init: virq=22 hwirq=0xc domain=(____ptrval____) info=(____ptrval____) sc=(____ptrval____)?
[    1.200144] bpcie_msi_init: registered virq=22 irq_map[12]?
[    1.201143] bpcie_msi_init: virq=23 hwirq=0xd domain=(____ptrval____) info=(____ptrval____) sc=(____ptrval____)?
[    1.202143] bpcie_msi_init: registered virq=23 irq_map[13]?
[    1.203143] bpcie_msi_init: virq=24 hwirq=0xe domain=(____ptrval____) info=(____ptrval____) sc=(____ptrval____)?
[    1.204143] bpcie_msi_init: registered virq=24 irq_map[14]?
[    1.205142] bpcie_msi_init: virq=25 hwirq=0xf domain=(____ptrval____) info=(____ptrval____) sc=(____ptrval____)?
[    1.206143] bpcie_msi_init: registered virq=25 irq_map[15]?
[    1.207142] bpcie_msi_init: virq=26 hwirq=0x10 domain=(____ptrval____) info=(____ptrval____) sc=(____ptrval____)?
[    1.208142] bpcie_msi_init: registered virq=26 irq_map[16]?
[    1.209142] bpcie_msi_init: virq=27 hwirq=0x11 domain=(____ptrval____) info=(____ptrval____) sc=(____ptrval____)?
[    1.210142] bpcie_msi_init: registered virq=27 irq_map[17]?
[    1.211141] bpcie_msi_init: virq=28 hwirq=0x12 domain=(____ptrval____) info=(____ptrval____) sc=(____ptrval____)?
[    1.212142] bpcie_msi_init: registered virq=28 irq_map[18]?
[    1.213141] bpcie_msi_init: virq=29 hwirq=0x13 domain=(____ptrval____) info=(____ptrval____) sc=(____ptrval____)?
[    1.214142] bpcie_msi_init: registered virq=29 irq_map[19]?
[    1.215142] bpcie_msi_init: virq=30 hwirq=0x14 domain=(____ptrval____) info=(____ptrval____) sc=(____ptrval____)?
[    1.216141] bpcie_msi_init: registered virq=30 irq_map[20]?
[    1.217140] bpcie_msi_init: virq=31 hwirq=0x15 domain=(____ptrval____) info=(____ptrval____) sc=(____ptrval____)?
[    1.218141] bpcie_msi_init: registered virq=31 irq_map[21]?
[    1.219140] bpcie_msi_init: virq=32 hwirq=0x16 domain=(____ptrval____) info=(____ptrval____) sc=(____ptrval____)?
[    1.220142] bpcie_msi_init: registered virq=32 irq_map[22]?
[    1.221140] bpcie_msi_init: virq=33 hwirq=0x17 domain=(____ptrval____) info=(____ptrval____) sc=(____ptrval____)?
[    1.222141] bpcie_msi_init: registered virq=33 irq_map[23]?
[    1.223139] bpcie_msi_init: virq=34 hwirq=0x18 domain=(____ptrval____) info=(____ptrval____) sc=(____ptrval____)?
[    1.224140] bpcie_msi_init: registered virq=34 irq_map[24]?
[    1.225139] bpcie_msi_init: virq=35 hwirq=0x19 domain=(____ptrval____) info=(____ptrval____) sc=(____ptrval____)?
[    1.226140] bpcie_msi_init: registered virq=35 irq_map[25]?
[    1.227139] bpcie_msi_init: virq=36 hwirq=0x1a domain=(____ptrval____) info=(____ptrval____) sc=(____ptrval____)?
[    1.228140] bpcie_msi_init: registered virq=36 irq_map[26]?
[    1.229139] bpcie_msi_init: virq=37 hwirq=0x1b domain=(____ptrval____) info=(____ptrval____) sc=(____ptrval____)?
[    1.230139] bpcie_msi_init: registered virq=37 irq_map[27]?
[    1.231138] bpcie_msi_init: virq=38 hwirq=0x1c domain=(____ptrval____) info=(____ptrval____) sc=(____ptrval____)?
[    1.232139] bpcie_msi_init: registered virq=38 irq_map[28]?
[    1.233138] bpcie_msi_init: virq=39 hwirq=0x1d domain=(____ptrval____) info=(____ptrval____) sc=(____ptrval____)?
[    1.234139] bpcie_msi_init: registered virq=39 irq_map[29]?
[    1.235138] bpcie_msi_init: virq=40 hwirq=0x1e domain=(____ptrval____) info=(____ptrval____) sc=(____ptrval____)?
[    1.236138] bpcie_msi_init: registered virq=40 irq_map[30]?
[    1.237137] bpcie_msi_init: virq=41 hwirq=0x1f domain=(____ptrval____) info=(____ptrval____) sc=(____ptrval____)?
[    1.238138] bpcie_msi_init: registered virq=41 irq_map[31]?
[    1.239173] baikal_pcie 0000:00:14.4: bpcie_msi_write_msg(fee00000, 000000ef) mask=0x0 irq=10 hwirq=0x0 (____ptrval____)?
[    1.240145] baikal_pcie 0000:00:14.4: bpcie_config_msi: func=4 subfunc=0 addr=fee00000 data=000000ef?
[    1.241153] baikal_pcie 0000:00:14.4: bpcie_msi_write_msg(fee00000, 000000ef) mask=0x0 irq=11 hwirq=0x1 (____ptrval____)?
[    1.242138] baikal_pcie 0000:00:14.4: bpcie_config_msi: func=4 subfunc=1 addr=fee00000 data=000000ef?
[    1.243146] baikal_pcie 0000:00:14.4: bpcie_msi_write_msg(fee00000, 000000ef) mask=0x0 irq=12 hwirq=0x2 (____ptrval____)?
[    1.244137] baikal_pcie 0000:00:14.4: bpcie_config_msi: func=4 subfunc=2 addr=fee00000 data=000000ef?
[    1.245145] baikal_pcie 0000:00:14.4: bpcie_msi_write_msg(fee00000, 000000ef) mask=0x0 irq=13 hwirq=0x3 (____ptrval____)?
[    1.246137] baikal_pcie 0000:00:14.4: bpcie_config_msi: func=4 subfunc=3 addr=fee00000 data=000000ef?
[    1.247145] baikal_pcie 0000:00:14.4: bpcie_msi_write_msg(fee00000, 000000ef) mask=0x0 irq=14 hwirq=0x4 (____ptrval____)?
[    1.248137] baikal_pcie 0000:00:14.4: bpcie_config_msi: func=4 subfunc=4 addr=fee00000 data=000000ef?
[    1.249145] baikal_pcie 0000:00:14.4: bpcie_msi_write_msg(fee00000, 000000ef) mask=0x0 irq=15 hwirq=0x5 (____ptrval____)?
[    1.250136] baikal_pcie 0000:00:14.4: bpcie_config_msi: func=4 subfunc=5 addr=fee00000 data=000000ef?
[    1.251144] baikal_pcie 0000:00:14.4: bpcie_msi_write_msg(fee00000, 000000ef) mask=0x0 irq=16 hwirq=0x6 (____ptrval____)?
[    1.252136] baikal_pcie 0000:00:14.4: bpcie_config_msi: func=4 subfunc=6 addr=fee00000 data=000000ef?
[    1.253144] baikal_pcie 0000:00:14.4: bpcie_msi_write_msg(fee00000, 000000ef) mask=0x0 irq=17 hwirq=0x7 (____ptrval____)?
[    1.254136] baikal_pcie 0000:00:14.4: bpcie_config_msi: func=4 subfunc=7 addr=fee00000 data=000000ef?
[    1.255144] baikal_pcie 0000:00:14.4: bpcie_msi_write_msg(fee00000, 000000ef) mask=0x0 irq=18 hwirq=0x8 (____ptrval____)?
[    1.256135] baikal_pcie 0000:00:14.4: bpcie_config_msi: func=4 subfunc=8 addr=fee00000 data=000000ef?
[    1.257143] baikal_pcie 0000:00:14.4: bpcie_msi_write_msg(fee00000, 000000ef) mask=0x0 irq=19 hwirq=0x9 (____ptrval____)?
[    1.258135] baikal_pcie 0000:00:14.4: bpcie_config_msi: func=4 subfunc=9 addr=fee00000 data=000000ef?
[    1.259143] baikal_pcie 0000:00:14.4: bpcie_msi_write_msg(fee00000, 000000ef) mask=0x0 irq=20 hwirq=0xa (____ptrval____)?
[    1.260135] baikal_pcie 0000:00:14.4: bpcie_config_msi: func=4 subfunc=10 addr=fee00000 data=000000ef?
[    1.261143] baikal_pcie 0000:00:14.4: bpcie_msi_write_msg(fee00000, 000000ef) mask=0x0 irq=21 hwirq=0xb (____ptrval____)?
[    1.262134] baikal_pcie 0000:00:14.4: bpcie_config_msi: func=4 subfunc=11 addr=fee00000 data=000000ef?
[    1.263143] baikal_pcie 0000:00:14.4: bpcie_msi_write_msg(fee00000, 000000ef) mask=0x0 irq=22 hwirq=0xc (____ptrval____)?
[    1.264134] baikal_pcie 0000:00:14.4: bpcie_config_msi: func=4 subfunc=12 addr=fee00000 data=000000ef?
[    1.265142] baikal_pcie 0000:00:14.4: bpcie_msi_write_msg(fee00000, 000000ef) mask=0x0 irq=23 hwirq=0xd (____ptrval____)?
[    1.266134] baikal_pcie 0000:00:14.4: bpcie_config_msi: func=4 subfunc=13 addr=fee00000 data=000000ef?
[    1.267142] baikal_pcie 0000:00:14.4: bpcie_msi_write_msg(fee00000, 000000ef) mask=0x0 irq=24 hwirq=0xe (____ptrval____)?
[    1.268133] baikal_pcie 0000:00:14.4: bpcie_config_msi: func=4 subfunc=14 addr=fee00000 data=000000ef?
[    1.269142] baikal_pcie 0000:00:14.4: bpcie_msi_write_msg(fee00000, 000000ef) mask=0x0 irq=25 hwirq=0xf (____ptrval____)?
[    1.270133] baikal_pcie 0000:00:14.4: bpcie_config_msi: func=4 subfunc=15 addr=fee00000 data=000000ef?
[    1.271142] baikal_pcie 0000:00:14.4: bpcie_msi_write_msg(fee00000, 000000ef) mask=0x0 irq=26 hwirq=0x10 (____ptrval____)?
[    1.272133] baikal_pcie 0000:00:14.4: bpcie_config_msi: func=4 subfunc=16 addr=fee00000 data=000000ef?
[    1.273141] baikal_pcie 0000:00:14.4: bpcie_msi_write_msg(fee00000, 000000ef) mask=0x0 irq=27 hwirq=0x11 (____ptrval____)?
[    1.274133] baikal_pcie 0000:00:14.4: bpcie_config_msi: func=4 subfunc=17 addr=fee00000 data=000000ef?
[    1.275141] baikal_pcie 0000:00:14.4: bpcie_msi_write_msg(fee00000, 000000ef) mask=0x0 irq=28 hwirq=0x12 (____ptrval____)?
[    1.276132] baikal_pcie 0000:00:14.4: bpcie_config_msi: func=4 subfunc=18 addr=fee00000 data=000000ef?
[    1.277140] baikal_pcie 0000:00:14.4: bpcie_msi_write_msg(fee00000, 000000ef) mask=0x0 irq=29 hwirq=0x13 (____ptrval____)?
[    1.278132] baikal_pcie 0000:00:14.4: bpcie_config_msi: func=4 subfunc=19 addr=fee00000 data=000000ef?
[    1.279142] baikal_pcie 0000:00:14.4: bpcie_msi_write_msg(fee00000, 000000ef) mask=0x0 irq=30 hwirq=0x14 (____ptrval____)?
[    1.280132] baikal_pcie 0000:00:14.4: bpcie_config_msi: func=4 subfunc=20 addr=fee00000 data=000000ef?
[    1.281140] baikal_pcie 0000:00:14.4: bpcie_msi_write_msg(fee00000, 000000ef) mask=0x0 irq=31 hwirq=0x15 (____ptrval____)?
[    1.282131] baikal_pcie 0000:00:14.4: bpcie_config_msi: func=4 subfunc=21 addr=fee00000 data=000000ef?
[    1.283140] baikal_pcie 0000:00:14.4: bpcie_msi_write_msg(fee00000, 000000ef) mask=0x0 irq=32 hwirq=0x16 (____ptrval____)?
[    1.284131] baikal_pcie 0000:00:14.4: bpcie_config_msi: func=4 subfunc=22 addr=fee00000 data=000000ef?
[    1.285139] baikal_pcie 0000:00:14.4: bpcie_msi_write_msg(fee00000, 000000ef) mask=0x0 irq=33 hwirq=0x17 (____ptrval____)?
[    1.286131] baikal_pcie 0000:00:14.4: bpcie_config_msi: func=4 subfunc=23 addr=fee00000 data=000000ef?
[    1.287139] baikal_pcie 0000:00:14.4: bpcie_msi_write_msg(fee00000, 000000ef) mask=0x0 irq=34 hwirq=0x18 (____ptrval____)?
[    1.288131] baikal_pcie 0000:00:14.4: bpcie_config_msi: func=4 subfunc=24 addr=fee00000 data=000000ef?
[    1.289139] baikal_pcie 0000:00:14.4: bpcie_msi_write_msg(fee00000, 000000ef) mask=0x0 irq=35 hwirq=0x19 (____ptrval____)?
[    1.290130] baikal_pcie 0000:00:14.4: bpcie_config_msi: func=4 subfunc=25 addr=fee00000 data=000000ef?
[    1.291138] baikal_pcie 0000:00:14.4: bpcie_msi_write_msg(fee00000, 000000ef) mask=0x0 irq=36 hwirq=0x1a (____ptrval____)?
[    1.292130] baikal_pcie 0000:00:14.4: bpcie_config_msi: func=4 subfunc=26 addr=fee00000 data=000000ef?
[    1.293138] baikal_pcie 0000:00:14.4: bpcie_msi_write_msg(fee00000, 000000ef) mask=0x0 irq=37 hwirq=0x1b (____ptrval____)?
[    1.294130] baikal_pcie 0000:00:14.4: bpcie_config_msi: func=4 subfunc=27 addr=fee00000 data=000000ef?
[    1.295138] baikal_pcie 0000:00:14.4: bpcie_msi_write_msg(fee00000, 000000ef) mask=0x0 irq=38 hwirq=0x1c (____ptrval____)?
[    1.296129] baikal_pcie 0000:00:14.4: bpcie_config_msi: func=4 subfunc=28 addr=fee00000 data=000000ef?
[    1.297137] baikal_pcie 0000:00:14.4: bpcie_msi_write_msg(fee00000, 000000ef) mask=0x0 irq=39 hwirq=0x1d (____ptrval____)?
[    1.298129] baikal_pcie 0000:00:14.4: bpcie_config_msi: func=4 subfunc=29 addr=fee00000 data=000000ef?
[    1.299137] baikal_pcie 0000:00:14.4: bpcie_msi_write_msg(fee00000, 000000ef) mask=0x0 irq=40 hwirq=0x1e (____ptrval____)?
[    1.300129] baikal_pcie 0000:00:14.4: bpcie_config_msi: func=4 subfunc=30 addr=fee00000 data=000000ef?
[    1.301137] baikal_pcie 0000:00:14.4: bpcie_msi_write_msg(fee00000, 000000ef) mask=0x0 irq=41 hwirq=0x1f (____ptrval____)?
[    1.303135] baikal_pcie 0000:00:14.4: bpcie_config_msi: func=4 subfunc=31 addr=fee00000 data=000000ef?
[    1.304232] baikal_pcie 0000:00:14.4: dev->irq=10?
[    1.305255] baikal_pcie 0000:00:14.4: Failed to register serial port 0?
[    1.306129] baikal_pcie 0000:00:14.4: UART init failed (-5); continuing without serial console?
[    1.307141] bpcie_icc_init: msi_desc msi_index=0 irq=10?
[    1.308128] bpcie_icc_init: ICC subfunc 3 -> bpcie_irqnum=13 found_virq=-1?
[    1.309134] baikal_pcie 0000:00:14.4: bpcie_msi_write_msg(fee01000, 00000020) mask=0x0 irq=13 hwirq=0x3 (____ptrval____)?
[    1.310123] baikal_pcie 0000:00:14.4: bpcie_config_msi: func=4 subfunc=3 addr=fee01000 data=00000020?
[    1.310123] baikal_pcie 0000:00:14.4: bpcie_msi_write_msg(fee01000, 00000020) mask=0x0 irq=13 hwirq=0x3 (____ptrval____)?
[    1.310123] baikal_pcie 0000:00:14.4: bpcie_config_msi: func=4 subfunc=3 addr=fee01000 data=00000020?
[    1.310142] genirq: Flags mismatch irq 0. 00200080 (icc-shotgun) vs. 00000000 (AMD-Vi)?
[    1.311136] baikal_pcie 0000:00:14.4: bpcie_msi_write_msg(fee02000, 00000020) mask=0x0 irq=10 hwirq=0x0 (____ptrval____)?
[    1.312122] baikal_pcie 0000:00:14.4: bpcie_config_msi: func=4 subfunc=0 addr=fee02000 data=00000020?
[    1.312122] baikal_pcie 0000:00:14.4: bpcie_msi_write_msg(fee02000, 00000020) mask=0x0 irq=10 hwirq=0x0 (____ptrval____)?
[    1.312122] baikal_pcie 0000:00:14.4: bpcie_config_msi: func=4 subfunc=0 addr=fee02000 data=00000020?
[    1.312139] baikal_pcie 0000:00:14.4: bpcie_msi_write_msg(fee03000, 00000020) mask=0x0 irq=11 hwirq=0x1 (____ptrval____)?
[    1.313122] baikal_pcie 0000:00:14.4: bpcie_config_msi: func=4 subfunc=1 addr=fee03000 data=00000020?
[    1.313122] baikal_pcie 0000:00:14.4: bpcie_msi_write_msg(fee03000, 00000020) mask=0x0 irq=11 hwirq=0x1 (____ptrval____)?
[    1.313122] baikal_pcie 0000:00:14.4: bpcie_config_msi: func=4 subfunc=1 addr=fee03000 data=00000020?
[    1.313138] baikal_pcie 0000:00:14.4: bpcie_msi_write_msg(fee04000, 00000020) mask=0x0 irq=12 hwirq=0x2 (____ptrval____)?
[    1.314122] baikal_pcie 0000:00:14.4: bpcie_config_msi: func=4 subfunc=2 addr=fee04000 data=00000020?
[    1.314122] baikal_pcie 0000:00:14.4: bpcie_msi_write_msg(fee04000, 00000020) mask=0x0 irq=12 hwirq=0x2 (____ptrval____)?
[    1.314122] baikal_pcie 0000:00:14.4: bpcie_config_msi: func=4 subfunc=2 addr=fee04000 data=00000020?
[    1.314140] baikal_pcie 0000:00:14.4: bpcie_msi_write_msg(fee05000, 00000020) mask=0x0 irq=14 hwirq=0x4 (____ptrval____)?
[    1.315122] baikal_pcie 0000:00:14.4: bpcie_config_msi: func=4 subfunc=4 addr=fee05000 data=00000020?
[    1.315122] baikal_pcie 0000:00:14.4: bpcie_msi_write_msg(fee05000, 00000020) mask=0x0 irq=14 hwirq=0x4 (____ptrval____)?
[    1.315122] baikal_pcie 0000:00:14.4: bpcie_config_msi: func=4 subfunc=4 addr=fee05000 data=00000020?
[    1.315137] baikal_pcie 0000:00:14.4: bpcie_msi_write_msg(fee06000, 00000020) mask=0x0 irq=15 hwirq=0x5 (____ptrval____)?
[    1.316122] baikal_pcie 0000:00:14.4: bpcie_config_msi: func=4 subfunc=5 addr=fee06000 data=00000020?
[    1.316122] baikal_pcie 0000:00:14.4: bpcie_msi_write_msg(fee06000, 00000020) mask=0x0 irq=15 hwirq=0x5 (____ptrval____)?
[    1.316122] baikal_pcie 0000:00:14.4: bpcie_config_msi: func=4 subfunc=5 addr=fee06000 data=00000020?
[    1.316140] baikal_pcie 0000:00:14.4: bpcie_msi_write_msg(fee07000, 00000020) mask=0x0 irq=16 hwirq=0x6 (____ptrval____)?
[    1.317122] baikal_pcie 0000:00:14.4: bpcie_config_msi: func=4 subfunc=6 addr=fee07000 data=00000020?
[    1.317122] baikal_pcie 0000:00:14.4: bpcie_msi_write_msg(fee07000, 00000020) mask=0x0 irq=16 hwirq=0x6 (____ptrval____)?
[    1.317122] baikal_pcie 0000:00:14.4: bpcie_config_msi: func=4 subfunc=6 addr=fee07000 data=00000020?
[    1.317137] baikal_pcie 0000:00:14.4: bpcie_msi_write_msg(fee00000, 00000021) mask=0x0 irq=17 hwirq=0x7 (____ptrval____)?
[    1.318121] baikal_pcie 0000:00:14.4: bpcie_config_msi: func=4 subfunc=7 addr=fee00000 data=00000021?
[    1.318121] baikal_pcie 0000:00:14.4: bpcie_msi_write_msg(fee00000, 00000021) mask=0x0 irq=17 hwirq=0x7 (____ptrval____)?
[    1.318121] baikal_pcie 0000:00:14.4: bpcie_config_msi: func=4 subfunc=7 addr=fee00000 data=00000021?
[    1.318148] baikal_pcie 0000:00:14.4: bpcie_msi_write_msg(fee01000, 00000021) mask=0x0 irq=18 hwirq=0x8 (____ptrval____)?
[    1.319121] baikal_pcie 0000:00:14.4: bpcie_config_msi: func=4 subfunc=8 addr=fee01000 data=00000021?
[    1.319121] baikal_pcie 0000:00:14.4: bpcie_msi_write_msg(fee01000, 00000021) mask=0x0 irq=18 hwirq=0x8 (____ptrval____)?
[    1.319121] baikal_pcie 0000:00:14.4: bpcie_config_msi: func=4 subfunc=8 addr=fee01000 data=00000021?
[    1.319137] baikal_pcie 0000:00:14.4: bpcie_msi_write_msg(fee02000, 00000021) mask=0x0 irq=19 hwirq=0x9 (____ptrval____)?
[    1.320121] baikal_pcie 0000:00:14.4: bpcie_config_msi: func=4 subfunc=9 addr=fee02000 data=00000021?
[    1.320121] baikal_pcie 0000:00:14.4: bpcie_msi_write_msg(fee02000, 00000021) mask=0x0 irq=19 hwirq=0x9 (____ptrval____)?
[    1.320121] baikal_pcie 0000:00:14.4: bpcie_config_msi: func=4 subfunc=9 addr=fee02000 data=00000021?
[    1.320136] baikal_pcie 0000:00:14.4: bpcie_msi_write_msg(fee03000, 00000021) mask=0x0 irq=20 hwirq=0xa (____ptrval____)?
[    1.321121] baikal_pcie 0000:00:14.4: bpcie_config_msi: func=4 subfunc=10 addr=fee03000 data=00000021?
[    1.321121] baikal_pcie 0000:00:14.4: bpcie_msi_write_msg(fee03000, 00000021) mask=0x0 irq=20 hwirq=0xa (____ptrval____)?
[    1.321121] baikal_pcie 0000:00:14.4: bpcie_config_msi: func=4 subfunc=10 addr=fee03000 data=00000021?
[    1.321138] baikal_pcie 0000:00:14.4: bpcie_msi_write_msg(fee04000, 00000021) mask=0x0 irq=21 hwirq=0xb (____ptrval____)?
[    1.322121] baikal_pcie 0000:00:14.4: bpcie_config_msi: func=4 subfunc=11 addr=fee04000 data=00000021?
[    1.322121] baikal_pcie 0000:00:14.4: bpcie_msi_write_msg(fee04000, 00000021) mask=0x0 irq=21 hwirq=0xb (____ptrval____)?
[    1.322121] baikal_pcie 0000:00:14.4: bpcie_config_msi: func=4 subfunc=11 addr=fee04000 data=00000021?
[    1.322137] baikal_pcie 0000:00:14.4: bpcie_msi_write_msg(fee05000, 00000021) mask=0x0 irq=22 hwirq=0xc (____ptrval____)?
[    1.323121] baikal_pcie 0000:00:14.4: bpcie_config_msi: func=4 subfunc=12 addr=fee05000 data=00000021?
[    1.323121] baikal_pcie 0000:00:14.4: bpcie_msi_write_msg(fee05000, 00000021) mask=0x0 irq=22 hwirq=0xc (____ptrval____)?
[    1.323121] baikal_pcie 0000:00:14.4: bpcie_config_msi: func=4 subfunc=12 addr=fee05000 data=00000021?
[    1.323138] baikal_pcie 0000:00:14.4: bpcie_msi_write_msg(fee06000, 00000021) mask=0x0 irq=23 hwirq=0xd (____ptrval____)?
[    1.324121] baikal_pcie 0000:00:14.4: bpcie_config_msi: func=4 subfunc=13 addr=fee06000 data=00000021?
[    1.324121] baikal_pcie 0000:00:14.4: bpcie_msi_write_msg(fee06000, 00000021) mask=0x0 irq=23 hwirq=0xd (____ptrval____)?
[    1.324121] baikal_pcie 0000:00:14.4: bpcie_config_msi: func=4 subfunc=13 addr=fee06000 data=00000021?
[    1.324135] baikal_pcie 0000:00:14.4: bpcie_msi_write_msg(fee07000, 00000021) mask=0x0 irq=24 hwirq=0xe (____ptrval____)?
[    1.325120] baikal_pcie 0000:00:14.4: bpcie_config_msi: func=4 subfunc=14 addr=fee07000 data=00000021?
[    1.325120] baikal_pcie 0000:00:14.4: bpcie_msi_write_msg(fee07000, 00000021) mask=0x0 irq=24 hwirq=0xe (____ptrval____)?
[    1.325120] baikal_pcie 0000:00:14.4: bpcie_config_msi: func=4 subfunc=14 addr=fee07000 data=00000021?
[    1.325138] baikal_pcie 0000:00:14.4: bpcie_msi_write_msg(fee00000, 00000022) mask=0x0 irq=25 hwirq=0xf (____ptrval____)?
[    1.326120] baikal_pcie 0000:00:14.4: bpcie_config_msi: func=4 subfunc=15 addr=fee00000 data=00000022?
[    1.326120] baikal_pcie 0000:00:14.4: bpcie_msi_write_msg(fee00000, 00000022) mask=0x0 irq=25 hwirq=0xf (____ptrval____)?
[    1.326120] baikal_pcie 0000:00:14.4: bpcie_config_msi: func=4 subfunc=15 addr=fee00000 data=00000022?
[    1.326135] baikal_pcie 0000:00:14.4: bpcie_msi_write_msg(fee01000, 00000022) mask=0x0 irq=26 hwirq=0x10 (____ptrval____)?
[    1.327120] baikal_pcie 0000:00:14.4: bpcie_config_msi: func=4 subfunc=16 addr=fee01000 data=00000022?
[    1.327120] baikal_pcie 0000:00:14.4: bpcie_msi_write_msg(fee01000, 00000022) mask=0x0 irq=26 hwirq=0x10 (____ptrval____)?
[    1.327120] baikal_pcie 0000:00:14.4: bpcie_config_msi: func=4 subfunc=16 addr=fee01000 data=00000022?
[    1.327135] baikal_pcie 0000:00:14.4: bpcie_msi_write_msg(fee02000, 00000022) mask=0x0 irq=27 hwirq=0x11 (____ptrval____)?
[    1.328120] baikal_pcie 0000:00:14.4: bpcie_config_msi: func=4 subfunc=17 addr=fee02000 data=00000022?
[    1.328120] baikal_pcie 0000:00:14.4: bpcie_msi_write_msg(fee02000, 00000022) mask=0x0 irq=27 hwirq=0x11 (____ptrval____)?
[    1.328120] baikal_pcie 0000:00:14.4: bpcie_config_msi: func=4 subfunc=17 addr=fee02000 data=00000022?
[    1.328137] baikal_pcie 0000:00:14.4: bpcie_msi_write_msg(fee03000, 00000022) mask=0x0 irq=28 hwirq=0x12 (____ptrval____)?
[    1.329120] baikal_pcie 0000:00:14.4: bpcie_config_msi: func=4 subfunc=18 addr=fee03000 data=00000022?
[    1.329120] baikal_pcie 0000:00:14.4: bpcie_msi_write_msg(fee03000, 00000022) mask=0x0 irq=28 hwirq=0x12 (____ptrval____)?
[    1.329120] baikal_pcie 0000:00:14.4: bpcie_config_msi: func=4 subfunc=18 addr=fee03000 data=00000022?
[    1.329134] baikal_pcie 0000:00:14.4: bpcie_msi_write_msg(fee04000, 00000022) mask=0x0 irq=29 hwirq=0x13 (____ptrval____)?
[    1.330120] baikal_pcie 0000:00:14.4: bpcie_config_msi: func=4 subfunc=19 addr=fee04000 data=00000022?
[    1.330120] baikal_pcie 0000:00:14.4: bpcie_msi_write_msg(fee04000, 00000022) mask=0x0 irq=29 hwirq=0x13 (____ptrval____)?
[    1.330120] baikal_pcie 0000:00:14.4: bpcie_config_msi: func=4 subfunc=19 addr=fee04000 data=00000022?
[    1.330137] baikal_pcie 0000:00:14.4: bpcie_msi_write_msg(fee05000, 00000022) mask=0x0 irq=30 hwirq=0x14 (____ptrval____)?
[    1.331119] baikal_pcie 0000:00:14.4: bpcie_config_msi: func=4 subfunc=20 addr=fee05000 data=00000022?
[    1.331119] baikal_pcie 0000:00:14.4: bpcie_msi_write_msg(fee05000, 00000022) mask=0x0 irq=30 hwirq=0x14 (____ptrval____)?
[    1.331119] baikal_pcie 0000:00:14.4: bpcie_config_msi: func=4 subfunc=20 addr=fee05000 data=00000022?
[    1.331137] baikal_pcie 0000:00:14.4: bpcie_msi_write_msg(fee06000, 00000022) mask=0x0 irq=31 hwirq=0x15 (____ptrval____)?
[    1.332119] baikal_pcie 0000:00:14.4: bpcie_config_msi: func=4 subfunc=21 addr=fee06000 data=00000022?
[    1.332119] baikal_pcie 0000:00:14.4: bpcie_msi_write_msg(fee06000, 00000022) mask=0x0 irq=31 hwirq=0x15 (____ptrval____)?
[    1.332119] baikal_pcie 0000:00:14.4: bpcie_config_msi: func=4 subfunc=21 addr=fee06000 data=00000022?
[    1.333129] baikal_pcie 0000:00:14.4: bpcie_msi_write_msg(fee07000, 00000022) mask=0x0 irq=32 hwirq=0x16 (____ptrval____)?
[    1.334119] baikal_pcie 0000:00:14.4: bpcie_config_msi: func=4 subfunc=22 addr=fee07000 data=00000022?
[    1.334119] baikal_pcie 0000:00:14.4: bpcie_msi_write_msg(fee07000, 00000022) mask=0x0 irq=32 hwirq=0x16 (____ptrval____)?
[    1.334119] baikal_pcie 0000:00:14.4: bpcie_config_msi: func=4 subfunc=22 addr=fee07000 data=00000022?
[    1.334134] baikal_pcie 0000:00:14.4: bpcie_msi_write_msg(fee00000, 00000023) mask=0x0 irq=33 hwirq=0x17 (____ptrval____)?
[    1.335119] baikal_pcie 0000:00:14.4: bpcie_config_msi: func=4 subfunc=23 addr=fee00000 data=00000023?
[    1.335119] baikal_pcie 0000:00:14.4: bpcie_msi_write_msg(fee00000, 00000023) mask=0x0 irq=33 hwirq=0x17 (____ptrval____)?
[    1.335119] baikal_pcie 0000:00:14.4: bpcie_config_msi: func=4 subfunc=23 addr=fee00000 data=00000023?
[    1.335134] baikal_pcie 0000:00:14.4: bpcie_msi_write_msg(fee01000, 00000023) mask=0x0 irq=34 hwirq=0x18 (____ptrval____)?
[    1.336119] baikal_pcie 0000:00:14.4: bpcie_config_msi: func=4 subfunc=24 addr=fee01000 data=00000023?
[    1.336119] baikal_pcie 0000:00:14.4: bpcie_msi_write_msg(fee01000, 00000023) mask=0x0 irq=34 hwirq=0x18 (____ptrval____)?
[    1.336119] baikal_pcie 0000:00:14.4: bpcie_config_msi: func=4 subfunc=24 addr=fee01000 data=00000023?
[    1.336136] baikal_pcie 0000:00:14.4: bpcie_msi_write_msg(fee02000, 00000023) mask=0x0 irq=35 hwirq=0x19 (____ptrval____)?
[    1.337119] baikal_pcie 0000:00:14.4: bpcie_config_msi: func=4 subfunc=25 addr=fee02000 data=00000023?
[    1.337119] baikal_pcie 0000:00:14.4: bpcie_msi_write_msg(fee02000, 00000023) mask=0x0 irq=35 hwirq=0x19 (____ptrval____)?
[    1.337119] baikal_pcie 0000:00:14.4: bpcie_config_msi: func=4 subfunc=25 addr=fee02000 data=00000023?
[    1.337133] baikal_pcie 0000:00:14.4: bpcie_msi_write_msg(fee03000, 00000023) mask=0x0 irq=36 hwirq=0x1a (____ptrval____)?
[    1.338118] baikal_pcie 0000:00:14.4: bpcie_config_msi: func=4 subfunc=26 addr=fee03000 data=00000023?
[    1.338118] baikal_pcie 0000:00:14.4: bpcie_msi_write_msg(fee03000, 00000023) mask=0x0 irq=36 hwirq=0x1a (____ptrval____)?
[    1.338118] baikal_pcie 0000:00:14.4: bpcie_config_msi: func=4 subfunc=26 addr=fee03000 data=00000023?
[    1.338136] baikal_pcie 0000:00:14.4: bpcie_msi_write_msg(fee04000, 00000023) mask=0x0 irq=37 hwirq=0x1b (____ptrval____)?
[    1.339118] baikal_pcie 0000:00:14.4: bpcie_config_msi: func=4 subfunc=27 addr=fee04000 data=00000023?
[    1.339118] baikal_pcie 0000:00:14.4: bpcie_msi_write_msg(fee04000, 00000023) mask=0x0 irq=37 hwirq=0x1b (____ptrval____)?
[    1.339118] baikal_pcie 0000:00:14.4: bpcie_config_msi: func=4 subfunc=27 addr=fee04000 data=00000023?
[    1.339133] baikal_pcie 0000:00:14.4: bpcie_msi_write_msg(fee05000, 00000023) mask=0x0 irq=38 hwirq=0x1c (____ptrval____)?
[    1.340118] baikal_pcie 0000:00:14.4: bpcie_config_msi: func=4 subfunc=28 addr=fee05000 data=00000023?
[    1.340118] baikal_pcie 0000:00:14.4: bpcie_msi_write_msg(fee05000, 00000023) mask=0x0 irq=38 hwirq=0x1c (____ptrval____)?
[    1.340118] baikal_pcie 0000:00:14.4: bpcie_config_msi: func=4 subfunc=28 addr=fee05000 data=00000023?
[    1.340135] baikal_pcie 0000:00:14.4: bpcie_msi_write_msg(fee06000, 00000023) mask=0x0 irq=39 hwirq=0x1d (____ptrval____)?
[    1.341118] baikal_pcie 0000:00:14.4: bpcie_config_msi: func=4 subfunc=29 addr=fee06000 data=00000023?
[    1.341118] baikal_pcie 0000:00:14.4: bpcie_msi_write_msg(fee06000, 00000023) mask=0x0 irq=39 hwirq=0x1d (____ptrval____)?
[    1.341118] baikal_pcie 0000:00:14.4: bpcie_config_msi: func=4 subfunc=29 addr=fee06000 data=00000023?
[    1.341133] baikal_pcie 0000:00:14.4: bpcie_msi_write_msg(fee07000, 00000023) mask=0x0 irq=40 hwirq=0x1e (____ptrval____)?
[    1.342118] baikal_pcie 0000:00:14.4: bpcie_config_msi: func=4 subfunc=30 addr=fee07000 data=00000023?
[    1.342118] baikal_pcie 0000:00:14.4: bpcie_msi_write_msg(fee07000, 00000023) mask=0x0 irq=40 hwirq=0x1e (____ptrval____)?
[    1.342118] baikal_pcie 0000:00:14.4: bpcie_config_msi: func=4 subfunc=30 addr=fee07000 data=00000023?
[    1.342132] baikal_pcie 0000:00:14.4: bpcie_msi_write_msg(fee00000, 00000024) mask=0x0 irq=41 hwirq=0x1f (____ptrval____)?
[    1.343118] baikal_pcie 0000:00:14.4: bpcie_config_msi: func=4 subfunc=31 addr=fee00000 data=00000024?
[    1.343118] baikal_pcie 0000:00:14.4: bpcie_msi_write_msg(fee00000, 00000024) mask=0x0 irq=41 hwirq=0x1f (____ptrval____)?
[    1.343118] baikal_pcie 0000:00:14.4: bpcie_config_msi: func=4 subfunc=31 addr=fee00000 data=00000024?
[    1.343135] bpcie_icc_init: shotgun-registered ICC at 32 additional virqs (0..63)?
[    1.344128] baikal_pcie 0000:00:14.4: icc init-diag: ICC virq=13 STATUS=0x0 IRQ_MASK=0x3 DOORBELL_off=0x108004 STATUS_off=0x108014?
[    1.345151] i2c i2c-0: adapter [icc] registered?
[    1.346121] icc_interrupt: irq=35 entry status=0x2?
[    1.347132] icc_interrupt: irq=0 entry status=0x2?
[    1.364118] icc_interrupt: irq=35 entry status=0x1?
[    1.365126] icc_interrupt: irq=0 entry status=0x1?
[    1.367119] Turn ON BT/WLAN: ret=20, reply 00 00 00 00?
[    1.367117] icc_interrupt: irq=35 entry status=0x2?
[    1.368124] icc_interrupt: irq=0 entry status=0x2?
[    1.371118] usb0 status: ret=20, reply 00 00 01 00?
[    1.371122] USB is already turned ON!?
[    1.372187] input: Power Button as /devices/pci0000:00/0000:00:14.4/input/input0?
[    1.374116] icc_interrupt: irq=35 entry status=0x2?
[    1.375124] icc_interrupt: irq=0 entry status=0x2?
[    1.386115] icc_interrupt: irq=35 entry status=0x1?
[    1.387124] icc_interrupt: irq=0 entry status=0x1?
[    1.389116] icc: not ready?
[    1.390115] baikal_pcie 0000:00:14.4: icc_pwrbutton_init: Failed to enable reset notifications (-11)?
[    1.410115] ret=46, reply 00 00 03 00 00 00 15 00?
[    1.417114] ret=20, reply 00 00 01 02 10 00 00 00?
[    1.424113] ret=20, reply 00 00 00 00 00 00 00 00?
[    1.425212] wireguard: WireGuard 1.0.0 loaded. See www.wireguard.com for information.?
[    1.426109] wireguard: Copyright (C) 2015-2019 Jason A. Donenfeld <Jason@zx2c4.com>. All Rights Reserved.?
[    1.428469] sky2: driver version 1.30?
[    1.429146] resource: resource sanity check: requesting [mem 0x00000000c2000000-0x00000000c2003fff], which spans more than 0000:00:14.1 [mem 0xc2000000-0xc2000fff 64bit]?
[    1.430109] caller sky2_probe+0x153/0x330 mapping multiple BARs?
[    1.431111] sky2 0000:00:14.1: PS4 Baikal: B2_CHIP_ID=0x0, forcing YUKON_PRM?
[    1.432110] sky2 0000:00:14.1: chip type 0xbd?
[    1.433123] sky2 0000:00:14.1: Yukon-2 OptimaEEE chip revision 0?
[    1.434163] sky2 0000:00:14.1: bpcie_assign_irqs(1)?
[    1.435118] bpcie_init_dev_msi_info: dev=0000:00:14.1 installed bpcie demuxer (sc=(____ptrval____))?
[    1.436141] bpcie_msi_init: virq=1 hwirq=0x0 domain=(____ptrval____) info=(____ptrval____) sc=(____ptrval____)?
[    1.437112] bpcie_msi_init: registered virq=1 irq_map[32]?
[    1.438112] sky2 0000:00:14.1: bpcie_msi_write_msg(fee00000, 000000ef) mask=0x0 irq=1 hwirq=0x0 (____ptrval____)?
[    1.439115] baikal_pcie 0000:00:14.4: bpcie_config_msi: func=1 subfunc=0 addr=fee00000 data=000000ef?
[    1.440131] sky2 0000:00:14.1: bpcie_assign_irqs returning 1?
[    1.441108] sky2 0000:00:14.1: PS4 Baikal: skipping MSI self-test in APCIE branch?
[    1.442380] sky2 0000:00:14.1 eth0: addr 2c:cc:44:57:0b:3a?
[    1.443540] xhci_aeolia 0000:00:14.7: bpcie_assign_irqs(3)?
[    1.444119] bpcie_init_dev_msi_info: dev=0000:00:14.7 installed bpcie demuxer (sc=(____ptrval____))?
[    1.445149] bpcie_msi_init: virq=2 hwirq=0x0 domain=(____ptrval____) info=(____ptrval____) sc=(____ptrval____)?
[    1.446110] bpcie_msi_init: registered virq=2 irq_map[33]?
[    1.447111] xhci_aeolia 0000:00:14.7: bpcie_msi_write_msg(fee00000, 000000ef) mask=0x0 irq=2 hwirq=0x0 (____ptrval____)?
[    1.448113] baikal_pcie 0000:00:14.4: bpcie_config_msi: func=7 subfunc=0 addr=fee00000 data=000000ef?
[    1.449129] xhci_aeolia 0000:00:14.7: bpcie_assign_irqs returning 1?
[    1.450107] xhci_aeolia 0000:00:14.7: version 3.0?
[    1.451116] xhci_aeolia 0000:00:14.7: Belize SATA PHY init?
[    2.452598] xhci_aeolia 0000:00:14.7: PHY SET GEN3?
[    2.452953] xhci_aeolia 0000:00:14.7: Belize SATA PHY Trace length : 6?
[    3.454467] xhci_aeolia 0000:00:14.7: Align 90=0x00?
[    3.454858] xhci_aeolia 0000:00:14.7: AHCI vers 0001.0300, 32 command slots, 6 Gbps, ATA mode?
[    3.463805] xhci_aeolia 0000:00:14.7: 1/1 ports implemented (port mask 0x1)?
[    3.470799] xhci_aeolia 0000:00:14.7: flags: ncq sntf pm clo only pmp pio slum part ccc apst ?
[    3.479845] xhci_aeolia 0000:00:14.7: bpcie_msi_write_msg(fee01000, 00000024) mask=0x0 irq=2 hwirq=0x0 (____ptrval____)?
[    3.480793] baikal_pcie 0000:00:14.4: bpcie_config_msi: func=7 subfunc=0 addr=fee01000 data=00000024?
[    3.480793] xhci_aeolia 0000:00:14.7: bpcie_msi_write_msg(fee01000, 00000024) mask=0x0 irq=2 hwirq=0x0 (____ptrval____)?
[    3.480793] baikal_pcie 0000:00:14.4: bpcie_config_msi: func=7 subfunc=0 addr=fee01000 data=00000024?
[    3.520929] scsi host0: ahci?
[    3.523906] ata1: SATA max UDMA/133 abar m65536@0xce800000 port 0xce800100 irq 2 lpm-pol 0?
[    3.583789] xhci_aeolia_probe_one 0, controller is 90de?
[    3.588807] xhci_aeolia 0000:00:14.7: xHCI Host Controller?
[    3.594790] xhci_aeolia 0000:00:14.7: new USB bus registered, assigned bus number 1?
[    3.602870] xhci_aeolia 0000:00:14.7: hcc params 0x0228f66c hci version 0x100 quirks 0x0004000000010010?
[    3.612783] xhci_aeolia 0000:00:14.7: irq 2, io mem 0xce000000?
[    3.618809] xhci_aeolia 0000:00:14.7: xHCI Host Controller?
[    3.623778] xhci_aeolia 0000:00:14.7: new USB bus registered, assigned bus number 2?
[    3.652779] xhci_aeolia 0000:00:14.7: Host supports USB 3.0 SuperSpeed?
[    3.659890] usb usb1: New USB device found, idVendor=1d6b, idProduct=0002, bcdDevice= 6.15?
[    3.667771] usb usb1: New USB device strings: Mfr=3, Product=2, SerialNumber=1?
[    3.675768] usb usb1: Product: xHCI Host Controller?
[    3.680767] usb usb1: Manufacturer: Linux 6.15.4-Baikal_TESTING_crashniels-dirty xhci-hcd?
[    3.688766] usb usb1: SerialNumber: 0000:00:14.7?
[    3.693861] hub 1-0:1.0: USB hub found?
[    3.694791] hub 1-0:1.0: 2 ports detected?
[    3.695988] usb usb2: We don't know the algorithms for LPM for this host, disabling LPM.?
[    3.696846] usb usb2: New USB device found, idVendor=1d6b, idProduct=0003, bcdDevice= 6.15?
[    3.697765] usb usb2: New USB device strings: Mfr=3, Product=2, SerialNumber=1?
[    3.698765] usb usb2: Product: xHCI Host Controller?
[    3.699764] usb usb2: Manufacturer: Linux 6.15.4-Baikal_TESTING_crashniels-dirty xhci-hcd?
[    3.700764] usb usb2: SerialNumber: 0000:00:14.7?
[    3.701849] hub 2-0:1.0: USB hub found?
[    3.702786] hub 2-0:1.0: 2 ports detected?
[    3.724767] xhci_aeolia_probe_one 2, controller is 90de?
[    3.725776] xhci_aeolia 0000:00:14.7: xHCI Host Controller?
[    3.726764] xhci_aeolia 0000:00:14.7: new USB bus registered, assigned bus number 3?
[    3.728825] xhci_aeolia 0000:00:14.7: hcc params 0x0220f06c hci version 0x100 quirks 0x0004000000010010?
[    3.729765] xhci_aeolia 0000:00:14.7: irq 2, io mem 0xcf000000?
[    3.730791] xhci_aeolia 0000:00:14.7: xHCI Host Controller?
[    3.731762] xhci_aeolia 0000:00:14.7: new USB bus registered, assigned bus number 4?
[    3.753763] xhci_aeolia 0000:00:14.7: Host supports USB 3.0 SuperSpeed?
[    3.754856] usb usb3: New USB device found, idVendor=1d6b, idProduct=0002, bcdDevice= 6.15?
[    3.755756] usb usb3: New USB device strings: Mfr=3, Product=2, SerialNumber=1?
[    3.756755] usb usb3: Product: xHCI Host Controller?
[    3.757755] usb usb3: Manufacturer: Linux 6.15.4-Baikal_TESTING_crashniels-dirty xhci-hcd?
[    3.758755] usb usb3: SerialNumber: 0000:00:14.7?
[    3.760842] hub 3-0:1.0: USB hub found?
[    3.761774] hub 3-0:1.0: 1 port detected?
[    3.762926] usb usb4: We don't know the algorithms for LPM for this host, disabling LPM.?
[    3.763832] usb usb4: New USB device found, idVendor=1d6b, idProduct=0003, bcdDevice= 6.15?
[    3.764755] usb usb4: New USB device strings: Mfr=3, Product=2, SerialNumber=1?
[    3.765755] usb usb4: Product: xHCI Host Controller?
[    3.766754] usb usb4: Manufacturer: Linux 6.15.4-Baikal_TESTING_crashniels-dirty xhci-hcd?
[    3.767754] usb usb4: SerialNumber: 0000:00:14.7?
[    3.769838] hub 4-0:1.0: USB hub found?
[    3.770772] hub 4-0:1.0: 1 port detected?
[    3.792827] usbcore: registered new interface driver uas?
[    3.793802] usbcore: registered new interface driver usb-storage?
[    3.794800] i8042: PNP: No PS/2 controller found.?
[    3.796759] mousedev: PS/2 mouse device common for all mice?
[    3.797829] usbcore: registered new interface driver xpad?
[    3.798789] i2c_dev: i2c /dev entries driver?
[    3.800760] i2c_dev: adapter [icc] registered as minor 0?
[    3.801771] i2c-core: driver [i2c-slave-eeprom] registered?
[    3.803002] device-mapper: ioctl: 4.49.0-ioctl (2025-01-17) initialised: dm-devel@lists.linux.dev?
[    3.803801] amd_pstate: the _CPC object is not present in SBIOS or ACPI disabled?
[    3.804750] sdhci: Secure Digital Host Controller Interface driver?
[    3.805748] sdhci: Copyright(c) Pierre Ossman?
[    3.806962] hid: raw HID events driver (C) Jiri Kosina?
[    3.806856] sdhci-pci 0000:00:14.3: SDHCI controller found [104d:90da] (rev 0)?
[    3.807880] usbcore: registered new interface driver usbhid?
[    3.808792] bpcie_init_dev_msi_info: dev=0000:00:14.3 installed bpcie demuxer (sc=(____ptrval____))?
[    3.809746] usbhid: USB HID core driver?
[    3.810992] snd_hda_intel 0000:00:01.1: can't derive routing for PCI INT B?
[    3.811792] bpcie_msi_init: virq=3 hwirq=0x0 domain=(____ptrval____) info=(____ptrval____) sc=(____ptrval____)?
[    3.812746] snd_hda_intel 0000:00:01.1: PCI INT B: not connected?
[    3.812755] bpcie_msi_init: registered virq=3 irq_map[34]?
[    3.813022] NET: Registered PF_INET6 protocol family?
[    3.813752] sdhci-pci 0000:00:14.3: bpcie_msi_write_msg(fee00000, 000000ef) mask=0x0 irq=3 hwirq=0x0 (____ptrval____)?
[    3.813773] baikal_pcie 0000:00:14.4: bpcie_config_msi: func=3 subfunc=0 addr=fee00000 data=000000ef?
[    3.815950] Segment Routing with IPv6?
[    3.816849] sdhci-pci 0000:00:14.3: bpcie_msi_write_msg(fee02000, 00000024) mask=0x0 irq=3 hwirq=0x0 (____ptrval____)?
[    3.817903] In-situ OAM (IOAM) with IPv6?
[    3.817741] baikal_pcie 0000:00:14.4: bpcie_config_msi: func=3 subfunc=0 addr=fee02000 data=00000024?
[    3.818847] NET: Registered PF_PACKET protocol family?
[    3.817741] sdhci-pci 0000:00:14.3: bpcie_msi_write_msg(fee02000, 00000024) mask=0x0 irq=3 hwirq=0x0 (____ptrval____)?
[    3.820782] Bluetooth: RFCOMM TTY layer initialized?
[    3.824816] input: HD-Audio Generic HDMI/DP,pcm=3 as /devices/pci0000:00/0000:00:01.1/sound/card0/input1?
[    3.824853] input: HD-Audio Generic HDMI/DP,pcm=7 as /devices/pci0000:00/0000:00:01.1/sound/card0/input2?
[    3.817741] baikal_pcie 0000:00:14.4: bpcie_config_msi: func=3 subfunc=0 addr=fee02000 data=00000024?
[    3.898745] Bluetooth: RFCOMM socket layer initialized?
[    3.898755] mmc0: SDHCI controller on PCI [0000:00:14.3] using ADMA?
[    3.899733] Bluetooth: RFCOMM ver 1.11?
[    3.901734] Bluetooth: BNEP (Ethernet Emulation) ver 1.3?
[    3.902732] Bluetooth: BNEP filters: protocol multicast?
[    3.903737] Bluetooth: BNEP socket layer initialized?
[    3.904733] Bluetooth: HIDP (Human Interface Emulation) ver 1.2?
[    3.905734] Bluetooth: HIDP socket layer initialized?
[    3.907749] usb usb3-port1: over-current condition?
[    3.907790] microcode: Current revision: 0x0701a001?
[    3.914764] IPI shorthand broadcast: enabled?
[    3.936009] registered taskstats version 1?
[    3.936741] usb 1-1: new high-speed USB device number 2 using xhci_aeolia?
[    3.937731] Loading compiled-in X.509 certificates?
[    3.956153] Demotion targets for Node 0: null?
[    3.958557] Btrfs loaded, zoned=no, fsverity=no?
[    3.959037] amdgpu 0000:00:01.0: can't derive routing for PCI INT A?
[    3.965725] amdgpu 0000:00:01.0: PCI INT A: not connected?
[    3.971729] [drm] initializing kernel modesetting (LIVERPOOL 0x1002:0x9923 0x1002:0x9923 0x00).?
[    3.980793] [drm] register mmio base: 0xE4800000?
[    3.984726] [drm] register mmio size: 262144?
[    3.989771] amdgpu 0000:00:01.0: amdgpu: detected ip block number 0 <cik_common>?
[    3.997748] amdgpu 0000:00:01.0: amdgpu: detected ip block number 1 <gmc_v7_0>?
[    4.004724] amdgpu 0000:00:01.0: amdgpu: detected ip block number 2 <cik_ih>?
[    4.006749] ata1: SATA link up 3.0 Gbps (SStatus 123 SControl 300)?
[    4.011716] amdgpu 0000:00:01.0: amdgpu: detected ip block number 3 <dce_v8_0>?
[    4.011721] amdgpu 0000:00:01.0: amdgpu: detected ip block number 4 <gfx_v7_0>?
[    4.033713] amdgpu 0000:00:01.0: amdgpu: detected ip block number 5 <cik_sdma>?
[    4.040712] amdgpu 0000:00:01.0: amdgpu: detected ip block number 6 <uvd_v4_2>?
[    4.047713] amdgpu 0000:00:01.0: amdgpu: detected ip block number 7 <vce_v2_0>?
[    4.061725] ata1.00: FORCE: modified (disable)?
[    4.065709] ata1.00: unsupported device, disabling?
[    4.070707] ata1.00: disable device?
[    4.072806] usb 1-1: New USB device found, idVendor=1a40, idProduct=0101, bcdDevice= 1.00?
[    4.074707] usb 1-1: New USB device strings: Mfr=0, Product=1, SerialNumber=0?
[    4.075707] usb 1-1: Product: USB2.0 HUB?
[    4.086732] usb usb4-port1: over-current condition?
[    4.089007] mmc0: new UHS-I speed SDR104 SDIO card at address 0001?
[    4.102975] amdgpu 0000:00:01.0: amdgpu: Fetched VBIOS from ROM BAR?
[    4.109717] amdgpu: ATOM BIOS: 113-Starsha2-018?
[    4.113707] [wlan][76]halPollDbgCr:(INIT WARN) SWPCDBGR 0x00000000?
[    4.114052] amdgpu 0000:00:01.0: vgaarb: deactivate vga console?
[    4.122761] hub 1-1:1.0: USB hub found?
[    4.124708] amdgpu 0000:00:01.0: amdgpu: Trusted Memory Zone (TMZ) feature not supported?
[    4.126701] hub 1-1:1.0: 4 ports detected?
[    4.127723] amdgpu: ps4_atom: VBIOS dp_extclk=10000 (PS4 forces 0 on Liverpool/Gladius)?
[    4.137768] i2c_dev: adapter [AMDGPU i2c bit bus 0x90] registered as minor 1?
[    4.144710] i2c i2c-1: adapter [AMDGPU i2c bit bus 0x90] registered?
[    4.150774] i2c_dev: adapter [AMDGPU i2c bit bus 0x91] registered as minor 2?
[    4.158714] i2c i2c-2: adapter [AMDGPU i2c bit bus 0x91] registered?
[    4.164707] stackdepot: allocating hash table of 524288 entries via kvcalloc?
[    4.176514] [drm] vm size is 64 GB, 2 levels, block size is 10-bit, fragment size is 9-bit?
[    4.184758] usb 2-2: new SuperSpeed USB device number 2 using xhci_aeolia?
[    4.184758] amdgpu 0000:00:01.0: amdgpu: VRAM: 1024M 0x0000000F00000000 - 0x0000000F3FFFFFFF (1024M used)?
[    4.195698] amdgpu 0000:00:01.0: amdgpu: GART: 16384M 0x0000000000000000 - 0x00000003FFFFFFFF?
[    4.198709] usb 2-2: New USB device found, idVendor=0951, idProduct=1666, bcdDevice= 1.10?
[    4.199693] [drm] Detected VRAM RAM=1024M, BAR=1024M?
[    4.200687] usb 2-2: New USB device strings: Mfr=2, Product=3, SerialNumber=4?
[    4.200696] usb 2-2: Product: DataTraveler 3.0?
[    4.200700] usb 2-2: Manufacturer: Kingston?
[    4.201696] [drm] RAM width 64bits UNKNOWN?
[    4.202686] usb 2-2: SerialNumber: E0D55EA573F0194049CD0236?
[    4.202795] usb-storage 2-2:1.0: USB Mass Storage device detected?
[    4.203748] [drm] amdgpu: 1024M of VRAM memory ready?
[    4.204752] scsi host1: usb-storage 2-2:1.0?
[    4.205696] [drm] amdgpu: 3459M of GTT memory ready.?
[    4.226746] [drm] GART: num cpu pages 4194304, num gpu pages 4194304?
[    4.233700] amdgpu 0000:00:01.0: amdgpu: Done gart?
[    4.238710] amdgpu 0000:00:01.0: amdgpu: Done init?
[    4.243719] [drm] ps4: VC1..VC15 PAGE_TABLE_DEPTH overridden to 0 (flat walk) for UVD compatibility?
[    4.252689] [drm] ps4: bound dummy page at GART virtual 0x300000000 (pa=0x10a1000) for UVD fw access?
[    4.262687] [drm] ps4: bound dummy page at GART virtual 0x0 (pa=0x10a1000) for UVD fw null-deref?
[    4.271689] [drm] PCIE GART of 16384M enabled (table at 0x0000000F02000000).?
[    4.279692] [drm] forcing HDMI-A-1 connector on?
[    4.284699] amdgpu: ps4_bridge: forcing bridge init at attach (mode=VIC 16)?
[    4.291685] amdgpu: ps4_bridge_pre_enable: BEGIN (mode=VIC 16)?
[    4.297683] amdgpu: ps4_bridge_cq: enqueue WAIT_CLEAR addr=0x7a84 mask=0x01?
[    4.306797] call_irq_handler: 2.61 No irq handler for vector?
[    4.312669] call_irq_handler: 2.61 No irq handler for vector?
[    4.318690] amdgpu: ps4_bridge_cq: exec code=4 req_len=32 groups=2 res=20 reply_res=0/0 count=0 data[0..7]=00 00 00 00 00 00 00 00 elapsed=13997us?
[    4.331678] amdgpu: ps4_bridge_pre_enable: cq_exec returned 20?
[    4.337675] amdgpu: ps4_bridge_pre_enable: END?
[    4.342675] amdgpu: ps4_bridge_enable: BEGIN (mode=VIC 16, dev=0x9923)?
[    4.502664] usb 1-1.3: new low-speed USB device number 3 using xhci_aeolia?
[    4.687685] usb 1-1.3: New USB device found, idVendor=04f3, idProduct=152e, bcdDevice=1c.02?
[    4.688615] usb 1-1.3: New USB device strings: Mfr=1, Product=2, SerialNumber=0?
[    4.689614] usb 1-1.3: Product: Gaming KB?
[    4.690613] usb 1-1.3: Manufacturer: Gaming KB?
[    4.786130] input: Gaming KB Gaming KB as /devices/pci0000:00/0000:00:14.7/usb1/1-1/1-1.3/1-1.3:1.0/0003:04F3:152E.0001/input/input3?
[    4.787644] hid-generic 0003:04F3:152E.0001: input,hidraw0: USB HID v1.11 Keyboard [Gaming KB Gaming KB] on usb-0000:00:14.7-1.3/input0?
[    4.795415] input: Gaming KB Gaming KB Consumer Control as /devices/pci0000:00/0000:00:14.7/usb1/1-1/1-1.3/1-1.3:1.1/0003:04F3:152E.0002/input/input4?
[    4.795668] input: Gaming KB Gaming KB System Control as /devices/pci0000:00/0000:00:14.7/usb1/1-1/1-1.3/1-1.3:1.1/0003:04F3:152E.0002/input/input5?
[    4.796667] input: Gaming KB Gaming KB Keyboard as /devices/pci0000:00/0000:00:14.7/usb1/1-1/1-1.3/1-1.3:1.1/0003:04F3:152E.0002/input/input6?
[    4.797658] input: Gaming KB Gaming KB as /devices/pci0000:00/0000:00:14.7/usb1/1-1/1-1.3/1-1.3:1.1/0003:04F3:152E.0002/input/input7?
[    4.799633] hid-generic 0003:04F3:152E.0002: input,hiddev96,hidraw1: USB HID v1.11 Keyboard [Gaming KB Gaming KB] on usb-0000:00:14.7-1.3/input1?
[    4.854660] amdgpu: ps4_bridge_cq: --- chunk A: DP lane status (waits 0x60f8/0xff, 0x60f9/0x01, 0x60f9/0x1a) ---?
[    4.855589] amdgpu: ps4_bridge_cq: enqueue WAIT_SET addr=0x60f8 mask=0xff?
[    4.856587] amdgpu: ps4_bridge_cq: enqueue WAIT_SET addr=0x60f9 mask=0x01?
[    4.857587] amdgpu: ps4_bridge_cq: enqueue WAIT_SET addr=0x60f9 mask=0x1a?
[    4.859658] call_irq_handler: 2.61 No irq handler for vector?
[    4.865584] call_irq_handler: 2.61 No irq handler for vector?
[    4.871584] call_irq_handler: 2.61 No irq handler for vector?
[    4.875620] amdgpu: ps4_bridge_cq: exec code=4 req_len=49 groups=5 res=20 reply_res=0/0 count=0 data[0..7]=00 00 00 00 00 00 00 00 elapsed=16997us?
[    4.877584] amdgpu: ps4_bridge_cq: chunk A (DP lane status) result rc=20?
[    4.881655] call_irq_handler: 2.61 No irq handler for vector?
[    4.886627] amdgpu: ps4_bridge_cq: exec code=4 req_len=12 groups=1 res=29 reply_res=0/0 count=1 data[0..7]=01 60 f8 ff 00 00 00 00 elapsed=7998us?
[    4.887580] call_irq_handler: 2.61 No irq handler for vector?
[    4.887592] amdgpu: ps4_bridge_cq: readback 0x60f8 rc=29 val=0xff?
[    4.893653] call_irq_handler: 2.61 No irq handler for vector?
[    4.898626] amdgpu: ps4_bridge_cq: exec code=4 req_len=12 groups=1 res=29 reply_res=0/0 count=1 data[0..7]=01 60 f9 1b 00 00 00 00 elapsed=7998us?
[    4.899578] call_irq_handler: 2.61 No irq handler for vector?
[    4.899590] amdgpu: ps4_bridge_cq: readback 0x60f9 rc=29 val=0x1b?
[    4.902580] amdgpu: ps4_bridge_cq: --- chunk B: HDMI/update setup (wait 0x10f6/0x80) ---?
[    4.903583] amdgpu: ps4_bridge_cq: enqueue WAIT_SET addr=0x10f6 mask=0x80?
[    4.996638] [wlan][76]wlanAdapterStart:(INIT WARN) Send a Dummy CMD as workaround?
[    5.004587] [wlan][76]wlanQueryNicCapability:(INIT WARN) wlanQueryNicCapability: skip unexpected event ID[0x27]?
[    5.016867] [wlan][76]wlanAdapterStart:(INIT WARN) wlanAdapterStart: load manufacture data fail?
[    5.070576] usb 1-1.4: new low-speed USB device number 4 using xhci_aeolia?
[    5.198585] [wlan][76]mtk_reg_notify:(RLM WARN) County Code is not assigned. Use default WW.?
[    5.207538] [wlan][76]rlmDomainSearchRegdomainFromLocalDataBase:(RLM ERROR) rlmDomainSearchRegdomainFromLocalDataBase(): Error, Cannot find the correct RegDomain. country = 00.?
[    5.224553] scsi 1:0:0:0: Direct-Access     Kingston DataTraveler 3.0 0000 PQ: 0 ANSI: 6?
[    5.225050] [wlan][104]wlanBindBssIdxToNetInterface:(INIT ERROR) Array index out of bound, ucBssIndex=4?
[    5.226560] sd 1:0:0:0: Attached scsi generic sg0 type 0?
[    5.226559] sd 1:0:0:0: [sda] 242155520 512-byte logical blocks: (124 GB/115 GiB)?
[    5.226572] sd 1:0:0:0: [sda] Write Protect is off?
[    5.226572] sd 1:0:0:0: [sda] Mode Sense: 23 00 00 00?
[    5.226572] sd 1:0:0:0: [sda] Write cache: disabled, read cache: enabled, doesn't support DPO or FUA?
[    5.227541] [wlan][104]p2pRoleFsmStateTransition:(P2P STATE) [P2P_ROLE][0]TRANSITION(Bss1): [P2P_ROLE_STATE_IDLE] -> [P2P_ROLE_STATE_IDLE]?
[    5.252543] usb 1-1.4: New USB device found, idVendor=0000, idProduct=3825, bcdDevice= 1.00?
[    5.253549] [wlan][104]wlanBindBssIdxToNetInterface:(INIT ERROR) Array index out of bound, ucBssIndex=4?
[    5.254527] usb 1-1.4: New USB device strings: Mfr=0, Product=1, SerialNumber=0?
[    5.254547] [wlan][104]p2pRoleFsmStateTransition:(P2P STATE) [P2P_ROLE][1]TRANSITION(Bss2): [P2P_ROLE_STATE_IDLE] -> [P2P_ROLE_STATE_IDLE]?
[    5.255527] usb 1-1.4: Product:  USB OPTICAL MOUSE?
[    5.255542] [wlan][104]wlanProcessCommandQueue:(INIT WARN) NO Res CMD TYPE[1] ID[0x11] SEQ[29]?
[    5.255570] [wlan][105]halPrintMailbox:(INIT ERROR) MailBox Status = 0x0003005A, 0x00FF00FF?
[    5.256328] [wlan][104]wlanProcessCommandQueue:(INIT WARN) NO Res CMD TYPE[1] ID[0x11] SEQ[29]?
[    5.256328] [wlan][104]wlanProcessCommandQueue:(INIT WARN) NO Res CMD TYPE[1] ID[0x11] SEQ[29]?
[    5.256366] [wlan][104]wlanProcessCommandQueue:(INIT WARN) NO Res CMD TYPE[1] ID[0x11] SEQ[29]?
[    5.299744] input:  USB OPTICAL MOUSE as /devices/pci0000:00/0000:00:14.7/usb1/1-1/1-1.4/1-1.4:1.0/0003:0000:3825.0003/input/input8?
[    5.300537] [wlan][105]halPollDbgCr:(INIT WARN) SWPCDBGR 0xE0010DE2?
[    5.300537] amdgpu: ps4_bridge_cq: exec code=4 req_len=170 groups=6 res=20 reply_res=0/0 count=0 data[0..7]=00 00 00 00 00 00 00 00 elapsed=395939us?
[    5.300538] amdgpu: ps4_bridge_cq: chunk B (HDMI/update) result rc=20?
[    5.302526] hid-generic 0003:0000:3825.0003: input,hidraw2: USB HID v1.11 Mouse [ USB OPTICAL MOUSE] on usb-0000:00:14.7-1.4/input0?
[    5.302524] amdgpu: ps4_bridge_cq: exec code=4 req_len=12 groups=1 res=29 reply_res=0/0 count=1 data[0..7]=01 10 f6 d5 00 00 00 00 elapsed=1999us?
[    5.302534] amdgpu: ps4_bridge_cq: readback 0x10f6 rc=29 val=0xd5?
[    5.302537] amdgpu: ps4_bridge_cq: --- chunk C: PLL/7204/finalize (wait_clear 0x7204/0x40) ---?
[    5.302540] amdgpu: ps4_bridge_cq: enqueue WAIT_CLEAR addr=0x7204 mask=0x40?
[    5.303527] [wlan][105]halPollDbgCr:(INIT WARN) SWPCDBGR 0xE0010DE8?
[    5.303552]  sda: sda1 sda2?
[    5.303596] sd 1:0:0:0: [sda] Attached SCSI removable disk?
[    5.394521] [wlan][105]halPollDbgCr:(INIT WARN) SWPCDBGR 0xE0010DF6?
[    5.400523] [wlan][105]halPollDbgCr:(INIT WARN) SWPCDBGR 0xE0010DE2?
[    5.407527] [wlan][105]halPollDbgCr:(INIT WARN) SWPCDBGR 0xE0010DF6?
[    5.413521] [wlan][104]wlanProcessCommandQueue:(INIT WARN) NO Res CMD TYPE[1] ID[0x70] SEQ[36]?
[    5.414531] [wlan][105]halPrintMailbox:(INIT ERROR) MailBox Status = 0x0003005A, 0x00FF00FF?
[    5.431527] [wlan][105]halPollDbgCr:(INIT WARN) SWPCDBGR 0xE0010DE2?
[    5.437518] [wlan][105]halPollDbgCr:(INIT WARN) SWPCDBGR 0xE0010DE2?
[    5.444514] [wlan][105]halPollDbgCr:(INIT WARN) SWPCDBGR 0xE0010DE2?
[    5.450515] [wlan][105]halPollDbgCr:(INIT WARN) SWPCDBGR 0xE0010DE2?
[    5.457512] [wlan][105]halPollDbgCr:(INIT WARN) SWPCDBGR 0xE0010DF6?
[    5.464521] [wlan][105]halPrintMailbox:(INIT ERROR) MailBox Status = 0x0003005A, 0x00FF00FF?
[    5.472512] [wlan][105]halPollDbgCr:(INIT WARN) SWPCDBGR 0xE0010DEE?
[    5.479508] [wlan][105]halPollDbgCr:(INIT WARN) SWPCDBGR 0xE0010DE2?
[    5.485509] [wlan][105]halPollDbgCr:(INIT WARN) SWPCDBGR 0xE0010DE2?
[    5.492506] [wlan][105]halPollDbgCr:(INIT WARN) SWPCDBGR 0xE0010DE2?
[    5.498506] [wlan][105]halPollDbgCr:(INIT WARN) SWPCDBGR 0xE0010DE2?
[    5.505526] [wlan][104]wlanoidSetGtkRekeyData:(REQ INFO) wlanoidSetGtkRekeyData?
[    5.512489] [wlan][104]wlanoidSetGtkRekeyData:(REQ INFO) ucCmdSeqNum = 41?
[    5.648486] amdgpu: ps4_bridge_cq: exec code=4 req_len=81 groups=7 res=20 reply_res=0/0 count=0 data[0..7]=00 00 00 00 00 00 00 00 elapsed=345947us?
[    5.662472] amdgpu: ps4_bridge_cq: chunk C (PLL/7204) result rc=20?
[    5.668465] amdgpu: ps4_bridge_enable: MN864729 main seq cq_exec=20?
[    5.715454] call_irq_handler: 231 callbacks suppressed?
[    5.715459] call_irq_handler: 2.61 No irq handler for vector?
[    5.726453] call_irq_handler: 2.61 No irq handler for vector?
[    5.735451] call_irq_handler: 2.61 No irq handler for vector?
[    5.740452] call_irq_handler: 2.61 No irq handler for vector?
[    5.746450] call_irq_handler: 2.61 No irq handler for vector?
[    5.755448] call_irq_handler: 2.61 No irq handler for vector?
[    5.760449] call_irq_handler: 2.61 No irq handler for vector?
[    5.766447] call_irq_handler: 2.61 No irq handler for vector?
[    5.775445] call_irq_handler: 2.61 No irq handler for vector?
[    5.780445] call_irq_handler: 2.61 No irq handler for vector?
[    5.786484] amdgpu: ps4_bridge_cq: exec code=4 req_len=12 groups=1 res=29 reply_res=0/0 count=1 data[0..7]=01 72 04 00 00 00 00 00 elapsed=111982us?
[    5.800444] amdgpu: ps4_bridge_cq: readback 0x7204 rc=29 val=0x00?
[    5.816460] amdgpu: ps4_bridge_cq: exec code=4 req_len=64 groups=2 res=20 reply_res=0/0 count=0 data[0..7]=00 00 00 00 00 00 00 00 elapsed=9998us?
[    5.829442] amdgpu: ps4_bridge_cq: enqueue WAIT_SET addr=0x10f6 mask=0xa2?
[    5.836438] amdgpu: ps4_bridge_cq: enqueue WAIT_CLEAR addr=0x7204 mask=0x10?
[    5.916444] amdgpu: ps4_bridge_cq: exec code=4 req_len=121 groups=10 res=20 reply_res=0/0 count=0 data[0..7]=00 00 00 00 00 00 00 00 elapsed=72988us?
[    5.930424] amdgpu: ps4_bridge_enable: END?
[    5.934427] [drm] AMDGPU Display Connectors?
[    5.938423] [drm] Connector 0:?
[    5.941422] [drm]   HDMI-A-1?
[    5.944422] [drm]   HPD1?
[    5.947421] [drm]   DDC: 0x194c 0x194c 0x194d 0x194d 0x194e 0x194e 0x194f 0x194f?
[    5.954420] [drm]   Encoders:?
[    5.958419] [drm]     DFP1: INTERNAL_UNIPHY?
[    5.972207] [drm] Found UVD firmware Version: 1.101 Family ID: 9?
[    5.978423] [drm] ps4 uvd: enlarging UVD BO from 2764 KB to 3168 KB to cover Sony's 3-region layout?
[    5.990588] [drm] Found VCE firmware Version: 50.10 Binary ID: 2?
[    5.997727] amdgpu: ps4_atom: dig_tx action=7 frev=1 crev=5 enc_id=0x001e dig=0 pll=0 is_dp=1 dp_clk=0 dp_lanes=0 lane_num=0 lane_set=0x00 conn_obj=0x0013 hpd=0?
[    6.021433] amdgpu: ps4_bridge_cq: exec code=4 req_len=12 groups=1 res=29 reply_res=0/0 count=1 data[0..7]=01 60 f8 ff 00 00 00 00 elapsed=8998us?
[    6.041430] amdgpu: ps4_bridge_cq: exec code=4 req_len=12 groups=1 res=29 reply_res=0/0 count=1 data[0..7]=01 60 f9 1b 00 00 00 00 elapsed=6998us?
[    6.054406] amdgpu: ps4_bridge_probe: tag=before-dig_tx-action=7 rc_f8=29 f8=0xff rc_f9=29 f9=0x1b?
[    6.064404] amdgpu: ps4_atom_table: [d=0] enter idx=0x4c (?) ps_size=16?
[    6.070410] amdgpu: ps4_atom_table: [d=0] exit  idx=0x4c (?) ret=0?
[    6.086423] amdgpu: ps4_bridge_cq: exec code=4 req_len=12 groups=1 res=29 reply_res=0/0 count=1 data[0..7]=01 60 f8 ff 00 00 00 00 elapsed=8998us?
[    6.106420] amdgpu: ps4_bridge_cq: exec code=4 req_len=12 groups=1 res=29 reply_res=0/0 count=1 data[0..7]=01 60 f9 1b 00 00 00 00 elapsed=6998us?
[    6.119396] amdgpu: ps4_bridge_probe: tag=after-dig_tx-action=7 rc_f8=29 f8=0xff rc_f9=29 f9=0x1b?
[    6.128395] amdgpu: ps4_atom_table: [d=0] enter idx=0x0c (SetPixelClock) ps_size=20?
[    6.136397] amdgpu: ps4_atom_table: [d=1] enter idx=0x3c (ComputeMemoryEnginePLL) ps_size=20?
[    6.145399] amdgpu: ps4_atom_table: [d=1] exit  idx=0x3c (ComputeMemoryEnginePLL) ret=0?
[    6.153403] amdgpu: ps4_atom_table: [d=1] enter idx=0x3c (ComputeMemoryEnginePLL) ps_size=20?
[    6.162395] amdgpu: ps4_atom_table: [d=1] exit  idx=0x3c (ComputeMemoryEnginePLL) ret=0?
[    6.170395] amdgpu: ps4_atom_table: [d=0] exit  idx=0x0c (SetPixelClock) ret=0?
[    6.181552] amdgpu: ps4_atom_table: [d=0] enter idx=0x3c (ComputeMemoryEnginePLL) ps_size=12?
[    6.190390] amdgpu: ps4_atom_table: [d=0] exit  idx=0x3c (ComputeMemoryEnginePLL) ret=0?
[    6.198385] amdgpu: ps4_atom_table: [d=0] enter idx=0x3c (ComputeMemoryEnginePLL) ps_size=12?
[    6.207388] amdgpu: ps4_atom_table: [d=0] exit  idx=0x3c (ComputeMemoryEnginePLL) ret=0?
[    6.215385] amdgpu: ps4_atom_table: [d=0] enter idx=0x3c (ComputeMemoryEnginePLL) ps_size=12?
[    6.224383] amdgpu: ps4_atom_table: [d=0] exit  idx=0x3c (ComputeMemoryEnginePLL) ret=0?
[    6.232379] amdgpu: ps4_atom_table: [d=0] enter idx=0x3c (ComputeMemoryEnginePLL) ps_size=12?
[    6.241380] amdgpu: ps4_atom_table: [d=0] exit  idx=0x3c (ComputeMemoryEnginePLL) ret=0?
[    6.250234] [drm] ps4 uvd: A15 wrote IOCTL constants ??? region2/3[0]=0x300308000, [1]=0x20000?
[    6.259394] [drm] ps4 uvd: bound fw mirror at GART virtual 0x300000000 (BO gpu_addr=0x93a000, fw_size=313912, total_regions=3178496, pages=776)?
[    6.272372] [drm] ps4 uvd: liverpool start: fw_gpu_addr=0xf00400000 vcpu_bo=(____ptrval____) ring_gpu_addr=0x62f000?
[   10.277785] [wlan][104]wlanProcessCommandQueue:(INIT WARN) NO Res CMD TYPE[1] ID[0x14] SEQ[49]?
[   10.287309] [wlan][105]halPrintMailbox:(INIT ERROR) MailBox Status = 0x0003005A, 0x00FF00FF?
[   10.295950] [wlan][105]halPollDbgCr:(INIT WARN) SWPCDBGR 0xE0010DE2?
[   10.302781] [wlan][105]halPollDbgCr:(INIT WARN) SWPCDBGR 0xE00240AE?
[   10.308922] [wlan][105]halPollDbgCr:(INIT WARN) SWPCDBGR 0x00001DDE?
[   10.315759] [wlan][105]halPollDbgCr:(INIT WARN) SWPCDBGR 0x00001DDE?
[   10.321904] [wlan][105]halPollDbgCr:(INIT WARN) SWPCDBGR 0x00001DDE?
[   16.306577] [drm] ps4 uvd: VCPU bring-up samples (10??1000ms during 10000ms wait):?
[   16.313845] [drm]     ms |  STATUS  | 0x3d67  | 0x3d42  | 0x3d40  | 0x3d3d  | 0x3d98  | 0x3da0  | 0x3bc6  | 0x3e41  | 0x3d45?
[   16.325845] [drm]      0 |00000004 |0000196f |00000000 |00000000 |003e0030 |0ff20200 |00000000 |00000000 |00000000 |00000000?
[   16.337841] [drm]   1000 |00000004 |0000196f |00000000 |00000000 |003e0030 |0ff20200 |00000000 |00000000 |00000000 |00000000?
[   16.348840] [drm]   2000 |00000004 |0000196f |00000000 |00000000 |003e0030 |0ff20200 |00000000 |00000000 |00000000 |00000000?
[   16.360841] [drm]   3000 |00000004 |0000196f |00000000 |00000000 |003e0030 |0ff20200 |00000000 |00000000 |00000000 |00000000?
[   16.371836] [drm]   4000 |00000004 |0000196f |00000000 |00000000 |003e0030 |0ff20200 |00000000 |00000000 |00000000 |00000000?
[   16.383835] [drm]   5000 |00000004 |0000196f |00000000 |00000000 |003e0030 |0ff20200 |00000000 |00000000 |00000000 |00000000?
[   16.394834] [drm]   6000 |00000004 |00003f7f |00000000 |00000000 |003e0030 |0ff20200 |00000000 |00000000 |00000000 |00000000?
[   16.406831] [drm]   7000 |00000004 |0000196f |00000000 |00000000 |003e0030 |0ff20200 |00000000 |00000000 |00000000 |00000000?
[   16.417830] [drm]   8000 |00000004 |0000196f |00000000 |00000000 |003e0030 |0ff20200 |00000000 |00000000 |00000000 |00000000?
[   16.429829] [drm]   9000 |00000004 |0000196f |00000000 |00000000 |003e0030 |0ff20200 |00000000 |00000000 |00000000 |00000000?
[   16.440829] [drm] ps4 uvd: STATUS bit 1 didn't fire after 10000ms ??? A17 proceeding to ring init anyway?
[   16.450826] [drm]   STATUS=0x00000004 SOFT_RESET=0x00000000 LMI_STATUS=0x00000004?
[   16.458823] [drm]   LMI_VM_VBASE_HI=0x00000000 LMI_VM_VBASE_LO=0x00000000 (v76a: wrote 0, fw_gpu_addr=0xf00400000 for ref)?
[   16.469823] [drm]   LMI_EXT40_ADDR=0x00000000?
[   16.474822] [drm] ps4 uvd: Liverpool VCPU started (fw_gpu_addr=0xf00400000)?
[   16.630080] amdgpu 0000:00:01.0: [drm:amdgpu_ring_test_helper] *ERROR* ring uvd test failed (-110)?
[   16.638797] [drm] ps4 uvd: hw_init failed (-110) ??? soft-failing per v76e-A18 to let amdgpu probe continue. UVD is non-functional; software video decode only.?
[   16.653806] amdgpu: ps4_atom_table: [d=0] enter idx=0x3c (ComputeMemoryEnginePLL) ps_size=12?
[   16.662809] amdgpu: ps4_atom_table: [d=0] exit  idx=0x3c (ComputeMemoryEnginePLL) ret=0?
[   16.670799] amdgpu: ps4_atom_table: [d=0] enter idx=0x3c (ComputeMemoryEnginePLL) ps_size=12?
[   16.679795] amdgpu: ps4_atom_table: [d=0] exit  idx=0x3c (ComputeMemoryEnginePLL) ret=0?
[   17.508674] amdgpu: ps4_atom_table: [d=0] enter idx=0x3c (ComputeMemoryEnginePLL) ps_size=12?
[   17.517675] amdgpu: ps4_atom_table: [d=0] exit  idx=0x3c (ComputeMemoryEnginePLL) ret=0?
[   17.525665] amdgpu: ps4_atom_table: [d=0] enter idx=0x3c (ComputeMemoryEnginePLL) ps_size=12?
[   17.534664] amdgpu: ps4_atom_table: [d=0] exit  idx=0x3c (ComputeMemoryEnginePLL) ret=0?
[   17.788726] [drm:vce_v2_0_start] *ERROR* VCE not responding, trying to reset the ECPU!!!?
[   18.817476] [drm:vce_v2_0_start] *ERROR* VCE not responding, trying to reset the ECPU!!!?
[   19.846215] [drm:vce_v2_0_start] *ERROR* VCE not responding, trying to reset the ECPU!!!?
[   20.874950] [drm:vce_v2_0_start] *ERROR* VCE not responding, trying to reset the ECPU!!!?
[   21.903692] [drm:vce_v2_0_start] *ERROR* VCE not responding, trying to reset the ECPU!!!?
[   22.932427] [drm:vce_v2_0_start] *ERROR* VCE not responding, trying to reset the ECPU!!!?
[   23.961170] [drm:vce_v2_0_start] *ERROR* VCE not responding, trying to reset the ECPU!!!?
[   24.989911] [drm:vce_v2_0_start] *ERROR* VCE not responding, trying to reset the ECPU!!!?
[   26.018652] [drm:vce_v2_0_start] *ERROR* VCE not responding, trying to reset the ECPU!!!?
[   27.047389] [drm:vce_v2_0_start] *ERROR* VCE not responding, trying to reset the ECPU!!!?
[   27.075728] [drm:vce_v2_0_start] *ERROR* VCE not responding, giving up!!!?
[   27.082208] [drm:amdgpu_device_ip_set_powergating_state] *ERROR* set_powergating_state of IP block <vce_v2_0> failed -110?
[   27.242596] amdgpu 0000:00:01.0: [drm:amdgpu_ring_test_helper] *ERROR* ring vce0 test failed (-110)?
[   27.251183] [drm:amdgpu_device_init.cold] *ERROR* hw_init of IP block <vce_v2_0> failed -110?
[   27.260182] amdgpu 0000:00:01.0: amdgpu: amdgpu_device_ip_init failed?
[   27.267182] amdgpu 0000:00:01.0: amdgpu: Fatal error during GPU init?
[   27.273182] amdgpu 0000:00:01.0: amdgpu: amdgpu: finishing device.?
[   27.284213] ------------[ cut here ]------------?
[   27.289177] WARNING: CPU: 7 PID: 70 at drivers/gpu/drm/amd/amdgpu/amdgpu_irq.c:661 amdgpu_irq_put+0x51/0x60?
[   27.299175] Modules linked in:?
[   27.302177] CPU: 7 UID: 0 PID: 70 Comm: kworker/u32:1 Not tainted 6.15.4-Baikal_TESTING_crashniels-dirty #85 PREEMPT(voluntary) ?
[   27.314173] Hardware name:  , BIOS unde Wed 09/22/2021 16:2?
[   27.320173] Workqueue: events_unbound deferred_probe_work_func?
[   27.326172] RIP: 0010:amdgpu_irq_put+0x51/0x60?
[   27.330172] Code: 08 85 c9 74 25 f0 ff 08 74 11 31 c0 e9 98 4f b5 00 b8 fe ff ff ff e9 8e 4f b5 00 55 48 89 e5 e8 c5 fd ff ff 5d e9 7f 4f b5 00 <0f> 0b b8 ea ff ff ff e9 73 4f b5 00 0f 1f 00 0f b6 87 08 4c 01 00?
[   27.350167] RSP: 0018:ffff888140a37b70 EFLAGS: 00010246?
[   27.355166] RAX: ffff8881419ac080 RBX: ffff8881428988e0 RCX: 0000000000000000?
[   27.362165] RDX: 0000000000000000 RSI: ffff8881428a5730 RDI: ffff888142880000?
[   27.370164] RBP: ffff888140a37ba8 R08: 0000000000000040 R09: ffffffff81a8b33f?
[   27.377163] R10: ffffea0005075ec0 R11: ffff888141d7b040 R12: ffff888142890358?
[   27.384163] R13: ffff888142890800 R14: ffff888142880010 R15: ffff888142880000?
[   27.392161] FS:  0000000000000000(0000) GS:ffff8882f481c000(0000) knlGS:0000000000000000?
[   27.400159] CS:  0010 DS: 0000 ES: 0000 CR0: 0000000080050033?
[   27.406158] CR2: 0000000000000000 CR3: 0000000008212000 CR4: 00000000000406f0?
[   27.413158] Call Trace:?
[   27.416159]  <TASK>?
[   27.418157]  ? amdgpu_fence_driver_hw_fini+0xd6/0xf0?
[   27.423159]  amdgpu_device_fini_hw+0x99/0x284?
[   27.427156]  ? up_write+0x12/0x70?
[   27.431156]  amdgpu_driver_unload_kms+0x53/0x70?
[   27.436156]  amdgpu_driver_load_kms.cold+0x19/0x2f?
[   27.440154]  ? pci_enable_device+0xe/0x20?
[   27.445153]  amdgpu_pci_probe+0x1e3/0x480?
[   27.449153]  pci_device_probe+0xb0/0x1d0?
[   27.453153]  really_probe+0xd5/0x3b0?
[   27.456152]  ? klist_next+0x20/0x1a0?
[   27.460151]  ? driver_probe_device+0xa0/0xa0?
[   27.465150]  __driver_probe_device+0x59/0x110?
[   27.469150]  driver_probe_device+0x1f/0xa0?
[   27.473150]  __device_attach_driver+0x82/0x110?
[   27.478149]  bus_for_each_drv+0x7c/0xc0?
[   27.482148]  __device_attach+0xcb/0x150?
[   27.486147]  ? bus_to_subsys+0x32/0xb0?
[   27.490148]  device_initial_probe+0xe/0x20?
[   27.494151]  bus_probe_device+0xa0/0xb0?
[   27.498146]  deferred_probe_work_func+0x87/0xe0?
[   27.502145]  process_one_work+0x156/0x280?
[   27.507144]  worker_thread+0x317/0x430?
[   27.510144]  ? rescuer_thread+0x520/0x520?
[   27.515142]  kthread+0xf6/0x210?
[   27.518142]  ? kthread_queue_delayed_work+0x80/0x80?
[   27.523141]  ret_from_fork+0x38/0x60?
[   27.526141]  ? kthread_queue_delayed_work+0x80/0x80?
