[SL][06:04:22:927][Thread 0x0001884c][INFO][TRACE][ALWAYS][MAIN STREAM][BEGIN][Heap]sanity OK, free 2215072 (36%), in-use 4010848 (64%), peak 4485440 (72%), when 37126 [sec]?
[SL][06:04:23:185][Thread 0x0001884c][INFO][TRACE][ALWAYS][MAIN STREAM][END  ][Heap]sanity OK, free 2215520 (36%), in-use 4010400 (64%), peak 4504768 (72%), when 37126 [sec]?
[SceShellCore] Libc Heap Status: free 36%, in-use 3916.8 KB, trend -2.0 KB/min, peak 4399.2 KB, when 651 [sec]?
ugen0.6: <Kingston, DataTraveler 3.0, E0D55EA573F0194049CD0236>(VID=0x0951 PID=0x1666 depth=1 port=4 speed=4) at usbus0?
umass1: <Kingston DataTraveler 3.0, class 0/0, rev 3.20/1.10, addr 6> on usbus0?
umass1: sim_unit:0x00000001 device_unit:0x00000001?
umass1:  SCSI over Bulk-Only; quirks = 0x0000?
umass1:3:1:-1: Attached to scbus3?
(probe0:umass-sim1:1:0:0): REPORT LUNS. CDB: a0 0 0 0 0 0 0 0 0 10 0 0 ?
(probe0:umass-sim1:1:0:0): CAM status: SCSI Status Error?
(probe0:umass-sim1:1:0:0): SCSI status: Check Condition?
(probe0:umass-sim1:1:0:0): SCSI sense: ILLEGAL REQUEST asc:20,0 (Invalid command operation code)?
da1 at umass-sim1 bus 1 scbus3 target 0 lun 0?
da1: <Kingston DataTraveler 3.0 0000> Removable Direct Access SCSI-6 device ?
da1: 400.000MB/s transfers?
da1: 118240MB (242155520 512 byte sectors: 255H 63S/T 15073C)?
?
DBG AutoMounter(checkSpecAndHub 494):?
	device(/dev/da1) is SUPER_SPEED.?
DBG AutoMounter(checkSpecAndHub 504):?
	deviceFilePath[/dev/da1] is connected to the USB port in general?
WARNING AutoMounter(bool AutoMounter::DevctlReader::UsbStartupHandler::isStartUp() 76):?
	fake implementation.?
MSG AutoMounter(void AutoMount::PsmEventNotifier::callback_connection(void **) 360):?
	Notify PsmEvent OnUsbStorageInserted?
MSG AutoMounter(int32_t AutoMounter::Util::checkFsFormat(const char *, uint32_t *) 888):?
	device(/dev/da1) has unknown format(0).?
MSG AutoMounter(int32_t _AutoMounter::UsbHandler::(anonymous namespace)::_mountFileSystem(std::string, bool, std::string &, uint32_t *, uint64_t *, uint64_t *, uint64_t *) 542):?
	/dev/da1 has unknown format.?
MSG AutoMounter(int32_t _AutoMounter::UsbHandler::requestMount(const char *, bool) 763): _mountFileSystem(deviceFilePath, false, mountPoint, &fsFormatType, &space, &freeSpace, &availableSpace) returned 0x80f4001c.?
MSG AutoMounter(int32_t _AutoMounter::UsbHandler::(anonymous namespace)::_acquireEncryptDevice(std::string, uint32_t *, uint32_t *, std::string &, uint64_t *) 592):?
	device(/dev/da1) is not qualified for encrypt device. ng_capability(0x2)?
verify_metadata: sceSblExternalHDDVerifyMetadata(0) failed 800f0435?
MSG AutoMounter(int32_t _AutoMounter::UsbHandler::(anonymous namespace)::checkEncryption(std::string, bool *) 347):?
	sceFsExternalStorageVerifyMetadata(/dev/da1) returned 0x80020050. device is not encrypted.?
MSG AutoMounter(int32_t _AutoMounter::UsbHandler::requestMount(const char *, bool) 795): _acquireEncryptDevice(deviceFilePath, &encryptDeviceFormat, &encryptDeviceStatus, encryptDeviceFilePath, &encryptDeviceId) returned 0x80f4001a.?
DBG AutoMounter(notifyMount 435):?
	eventArg.additionalFeatures[0x2000].?
MSG AutoMounter(void AutoMount::PsmEventNotifier::callback_mount(void **) 270):?
	Notify PsmEvent OnUsbStorageMounted?
MSG AutoMounter(int32_t AutoMounter::DevctlReader::handleCreateUsbDevice(const char *) 174): AutoMounter::UsbHandler::requestMount(deviceFilePath.c_str(), true) returned 0x80f4001a.?
?
D/88391:?
[UIProcess] malloc stats freeSize:38826848 (93%) inuseSize:3116192 peakSize:4069088 [pid:0x42]?
D/88391:AZIF00003?
DBG AutoMounter(checkSpecAndHub 494):?
	device(/dev/da1) is SUPER_SPEED.?
DBG AutoMounter(checkSpecAndHub 504):?
	deviceFilePath[/dev/da1] is connected to the USB port in general?
WARNING AutoMounter(bool AutoMounter::DevctlReader::UsbStartupHandler::isStartUp() 76):?
	fake implementation.?
MSG AutoMounter(void AutoMount::PsmEventNotifier::callback_connection(void **) 360):?
	Notify PsmEvent OnUsbStorageInserted?
[SceLncService] launchApp(AZIF00003)?
[SceLncService] category={gde} VRMode={0,0}?
[SceLncService] hnm,psnf,pc,tk,ns={0,0,0,0,0} appBootMode={0}?
[SceLncService] appType={SCE_LNC_APP_TYPE_MINI_APP} [] appVer={0.98}?
[SceLncService] mem_mode = {NORMAL}?
[SceLncService] Num. of logged-in users is 1?
[SceLncService] PrepareProcessLaunchDirCheck()?
[SceLncService] PrepareProcessLaunchDirCheck() returned?
[SceSystemStateMgr] Power Mode Change: FULL_GAME?
MSG AutoMounter(int32_t _AutoMounter::UsbHandler::(anonymous namespace)::tryExfatMount(std::string, bool, std::string &, uint64_t *, uint64_t *, uint64_t *) 129):?
	device(/dev/da1p1) is mounted to /mnt/usb0 with exfat.?
DBG AutoMounter(notifyMount 435):?
	eventArg.additionalFeatures[0x2040].?
MSG AutoMounter(void AutoMount::PsmEventNotifier::callback_mount(void **) 270):?
	Notify PsmEvent OnUsbStorageMounted?
MSG AutoMounterMelUtil(void sceAutomounterMelUtil::callbackMountAll(void **) 279):?
		device(/dev/da1p1): exfat(mediaType=0x1001) is mounted at /mnt/usb0.?
callbackUsbStorageMountInternal()[374]: [MediaEvent] callbackUsbStorageMountInternal() devNum=0?
callbackUsbStorageMountInternal()[377]: [MediaEvent] callbackUsbStorageMountInternal() locked.?
?
MSG AutoMounterWrapper(void callbackUsbMount(SceUsbStorageEventDatas *, void *) 102):?
	DeviceId=0x91ff861?
[ScePatchChecker] (*) check (title_id='AZIF00003', app_version='0.98', check_option=0): status=0, trigger=1 userId=0xffffffff return 0x80412883?
[SceSystemStateMgr] CPU  HLT CP SE CU ACLK DCLK ECLK LCLK SCLK SAMCLK VCLK DispCLK NCLK MemCLK MemP GMC DPM VDD      VDDNB    SOC      ?
[SceSystemStateMgr] 1600   0 NA  0 18  800  673  609  800  800    711  711     673 1400   1375   NA  NA   3 05b/975  05d/962  00710fa0?
[SceLncService] PrepareProcessLaunchDir()?
[SceLncUtil] blockAppSuspend: name={SceSaveData}, appId={0x60000100}, refCount={1}?
[SceLncUtil] unblockAppSuspend: name={SceSaveData}, appId={0x60000100}, refCount={0}?
[ScePatchChecker] check (title_id='AZIF00003', app_version='0.98', check_option=0): status=0, dl_status=0, trigger=1 userId=0xffffffff return 0x80412883?
[SceShellUI] I/PSM.UI : OnFocusActiveSceneChanged [ContentAreaScene : ContentAreaScene] -> [SplashScreen : SplashScreenScene]?
[SceShellUI] I/PSM.UI :      Scene [SplashScreen : SplashScreenScene] : Alive?
SetDeviceIndexBehavior: mode=MergeAllConnectedDevice, param=null?
[Theme/I] : ActiveUserChanged : From : [BLUE(userId = 1ab07dc7)]?
[Theme/I] : ActiveUserChanged : To   : [ANONYMOUS(userId = ffffffff)]?
[Theme/I] : Apply [ANONYMOUS] : [Option:101000]: with not preloaded user?
[BGFT] [571] GameStartBoot(AZIF00003, 7) start?
[BGFT] [573] GameStartBoot(AZIF00003, 7) end?
DBG AutoMounter(checkSpecAndHub 494):?
	device(/dev/da1) is SUPER_SPEED.?
DBG AutoMounter(checkSpecAndHub 504):?
	deviceFilePath[/dev/da1] is connected to the USB port in general?
WARNING AutoMounter(bool AutoMounter::DevctlReader::UsbStartupHandler::isStartUp() 76):?
	fake implementation.?
MSG AutoMounter(void AutoMount::PsmEventNotifier::callback_connection(void **) 360):?
	Notify PsmEvent OnUsbStorageInserted?
MSG AutoMounter(int32_t AutoMounter::Util::checkFsFormat(const char *, uint32_t *) 888):?
	devi[PFS] mount [0x00001a550610ff38] finished 1 1 1 1 0 1 1?
ce(/dev/da1p2) has unknown format(0).?
MSG AutoMounter(int32_t _AutoMounter::UsbHandler::(anonymous namespace)::_mountFileSystem(std::string, bool, std::string &, uint32_t *, uint64_t *, uint64_t *, uint64_t *) 542):?
	/dev/da1p2 has unknown format.?
MSG AutoMounter(int32[PFS] mount [0x00001a556a8bc4b0] finished 1 0 0 1 0 1 1?
_t _AutoMounter::UsbHandler::requestMount(const char *, bool) 763): _mountFileSystem(deviceFilePath, false, mountPoint, &fsFormatType, &space, &freeSpace, &availableSpace) returned 0x80f4001c.?
MSG AutoMounter(int32_t _AutoMounter::UsbHandler::(anonymous namespace)::_acquireEncryptDevice(std::string, uint32_t *, uint32_t *, std::string &, uint64_t *) 592):?
	device(/dev/da1p2) is not qualified for encrypt device. ng_capability(0x12)?
verify_metadata: sceSblExternalHDDVerifyMetadata(0) failed 800f0435?
MSG AutoMounter(int32_t _AutoMounter::UsbHandler::(anonymous namespace)::checkEncryption(std::string, bool *) 347):?
	sceFsExternalStorageVerifyMetadata(/dev/da1p2) returned 0x80020050. device is not encrypted.?
MSG AutoMounter(int32_t _AutoMounter::UsbHandler::requestMount(const char *, bool) 795): _acquireEncryptDevice(deviceFilePath, &encryptDeviceFormat, &encryptDeviceStatus, encryptDeviceFilePath, &encryptDeviceId) returned 0x80f4001a.?
DBG AutoMounter(notifyMount 435):?
	eventArg.additionalFeatures[0x2000].?
MSG AutoMounter(int32_t AutoMounter::DevctlReader::handleCreateUsbDevice(const char *) 174): AutoMounter::UsbHandler::requestMount(deviceFilePath.c_str(), true) returned 0x80f4001a.?
MSG AutoMounter(void AutoMount::PsmEventNotifier::callback_mount(void **) 270):?
	Notify PsmEvent OnUsbStorageMounted?
[BGFT] [606] GameWillStart(AZIF00003, 7) start?
[BGFT] [608] GameWillStart(AZIF00003, 7) end?
[SceLncService] PrepareProcessLaunchDir() returned?
[SceLncService] spawnApp?
[Syscore App] createApp AZIF00003?
[Syscore App]  ExpandCpuSetMode : disable?
[Syscore App] processSpawn(pid, 0x6000130c, 0x1130c1d0, appParam, processParam, 1, 1, 1, param, debug, 0)?
[Syscore App] appParam: appType = 0x1, rootPath = /mnt/sandbox/AZIF00003_000, titleId = AZIF00003?
[Syscore App] processParam: elfPath = /app0/eboot.bin, fullPath = /mnt/sandbox/pfsmnt/AZIF00003-app0-patch0-union/eboot.bin?
[Syscore App] new pid=0x50[Syscore App] attribut[eExe= 0?
[Syscore App] Ready to exec?
[Syscore App] wait for NOTE_EXIT|NOTE_EXEC?
KERNEL] dmem_start_app_process pid: 80, map=0xffffe41407e6c278, app_maps_count[1], 0 -> 1?
[Syscore App] Add event : pid=0xm50?
[AppMgr Trace]: New Process, pid=0x50, created.?
[AppMgr Trace]: New App, appId=0x6000130c, Dcreated?
[Syscore App]  ExpandCpuSetMode : disable?
BG: Process 80 untraced!?
<80> EXEC /app0/eboot.bin [system], vm#0, dmem#0  <37144064 msec>?
[AppDb] openDb()[1063]: [File:Open] openDb() call dbutil::Connection::Open() path[/teaQDjpOBB/priv/mms/app.db] flags[0x10000002] result[0x0, 0]?
[AppDb] AppInfoDbInitializeDaemon()[54]: [File:Open] AppInfoDbInitializeDaemon() call DbAccessor::Init() path[/teaQDjpOBB/priv/mms/app.db] result[0x0, 0].?
[AppDb] AppInfoDbTerminateDaemon()[67]: [File:Close] AppInfoDbTerminateDaemon() call DbAccessor::Terminate().?
[AppDb] Terminate()[768]: [File:Close] DbAccessor::Terminate() call dbutil::Connection::Close().?
[GoldHEN] <Plugins Loader> Started successfully?
[GoldHEN] <Plugins Loader> Config parser failed to parse config: /data/GoldHEN/plugins.ini?
[SL] AppFocusChanged [NPXS20001] -> [AZIF00003]?
[VCS]checkFocusStatus() [LNC->VCS] Focus Change. appType = 4(MINI_APP). appId = 0x6000130c.?
(../game_patch/source/main.cpp:354) [GoldHEN] <game_patch\Ver.0x00000110> module_start?
(../game_patch/source/main.cpp:355) [GoldHEN] Plugin Author(s): illusion?
(../game_patch/source/main.cpp:356) Commit: caacf01174654235459d48ab9d0b9e00a588b300 Branch: main Build: 188 (Release)?
(../game_patch/source/main.cpp:356) Built: May 27 2023 @ 04:49:25?
(../game_patch/source/main.cpp:356) GoldHEN SDK Ver: 0x00000100?
(../game_patch/source/main.cpp:356) GoldHEN System SDK Ver: 0xffffffff?
(../game_patch/source/main.cpp:324) numModules: 5?
(../game_patch/source/main.cpp:328) ret 0x0?
(../game_patch/source/main.cpp:329) module 0?
(../game_patch/source/main.cpp:330) name: eboot.bin?
(../game_patch/source/main.cpp:331) start: 0x400000?
(../game_patch/source/main.cpp:332) size: 49152 (0xc000)?
(../game_patch/source/main.cpp:365) Module start: 0x400000 0xc000?
(../game_patch/source/main.cpp:371) process info?
(../game_patch/source/main.cpp:371) pid: 80?
(../game_patch/source/main.cpp:371) name: eboot.bin?
(../game_patch/source/main.c?pp:371) path: /app0/eboot.bin?
(../game_patch/source/main.cpp:371) titleid: AZIF00003?
(../game_patch/source/main.cpp:371) contentid: IV0000-AZIF00003_00-PAYLOADGUEST0000?
(../game_patch/source/main.cpp:371) version: 0.98?
(../game_patch/source/main.cpp:371) base_address: 0x400000?
(../game_patch/source/main.cpp:130) file /data/GoldHEN/patches/xml/AZIF00003.xml not found?
[32m[Info ] src/ChainLauncher.c:22: Loading "/app0/guest.elf"?[0m?
[SceLncService] tryLockSuspendBl[ock: appId={0x6000130c}?
[Syscore App] Kill for LoadExec(0x50)?
KERNEL] dmem_handle_vmspace_exited pid: 80, ptype=1, 0xffffe41407e6c278->pt_loaded is TRUE?
[KERNEL] dmem_handle_vmspace_exited map #0 0xffffffffffffffff?
[KERNEL] dmem_handle_vmspace_exited pid: 80, app_maps_count[1], 1 -> 0?
[Syscore App] EVFILT_PROC NOTE_EXIT received : pid=0x50?
[Syscore App] Kill for LoadExec(0x50) => 0?
[Syscore App] process delete event : pid=0x50?
[AppMgr Trace]: pid=0x50, deleted.?
[Syscore App] Syscore Event Queue Push : SCE_SYSCORE_EVENT_ON_PROCESS_UNLOADED?
[AppMgr] All processes exited, ready for next spawn?
[AppMgr] Executing next spawn?
[Syscore App]  ExpandCpuSetMode : disable?
[Syscore App] Syscore Event Queue Pop : SCE_SYSCORE_EVENT_ON_PROCESS_UNLOADED?
[Syscore App] processSpawn(pid, 0x6000130c, 0x1130c1e0, appParam, processParam, 1, 1, 1, param, debug, 1)?
[Syscore App] appParam: appType = 0x1, rootPath = /mnt/sandbox/AZIF00003_000, titleId = AZIF00003?
[Syscore App] processParam: elfPath = /app0/guest.elf, fullPath = /mnt/sandbox/pfsmnt/AZIF00003-app0-patch0-union/eboot.bin?
[Syscore App] new pid=0x51[Syscore App] attributeExe= 0?
[Syscore App] Ready to exec?
[Syscore App] wait for NOTE_EXIT|NOTE_EXEC?
[KERNEL] dmem_start_app_process pid: 81, map=0xffffe41407e6c000, app_maps_count[1], 0 -> 1?
[Syscore App] Add event : pid=0xm51?
[SceLncService] unlockSuspendBlock: appId={0x6000130c}?
DBG: Process 81 untraced!?
<81> EXEC /app0/guest.elf [system], vm#0, dmem#0  <37144613 msec>?
[GoldHEN] <Plugins Loader> Started successfully?
[GoldHEN] <Plugins Loader> Config parser failed to parse config: /data/GoldHEN/plugins.ini?
(../game_patch/source/main.cpp:354) [GoldHEN] <game_patch\Ver.0x00000110> module_start?
(../game_patch/source/main.cpp:355) [GoldHEN] Plugin Author(s): illusion?
(../game_patch/source/main.cpp:356) Commit: caacf01174654235459d48ab9d0b9e00a588b300 Branch: main Build: 188 (Release)?
(../game_?patch/source/main.cpp:356) Built: May 27 2023 @ 04:49:25?
(../game_patch/source/main.cpp:356) GoldHEN SDK Ver: 0x00000100?
(../game_patch/source/main.cpp:356) GoldHEN System SDK Ver: 0xffffffff?
(../game_patch/source/main.cpp:324) numModules: 5?
(../game_patch/source/main.cpp:328) ret 0x0?
(../game_patch/source/main.cpp:329) module 0?
(../game_patch/source/main.cpp:330) name: guest.elf?
(../game_patch/source/main.cpp:331) start: 0x400000?
(../game_patch/source/main.cpp:332) size: 851968 (0xd0000)?
(../game_patch/source/main.cpp:365) Module start: 0x400000 0xd0000?
(../game_patch/source/main.cpp:371) process info?
(../game_patch/source/main.cpp:371) pid: 81?
(../game_patch/source/main.cpp:371) name: guest.elf?
(../game_patch/source/main.cpp:371) path: /app0/guest.elf?
(../game_patch/source/main.cpp:371) titleid: AZIF00003?
(../game_patch/source/main.cpp:371) contentid: IV0000-AZIF00003_00-PAYLOADGUEST0000?
(../game_patch/source/main.cpp:371) version: 0.98?
(../game_patch/source/main.cpp:371) base_address: 0x400000?
(../game_patch/source/main.cpp:130) file /data/GoldHEN/patches/xml/AZIF00003.xml not found?
error: 0x80020002**** Base Mode ****?
[36m[Debug] src/App.cpp:29: Initialize Language...?[0m?
?[36m[Debug] src/App.cpp:31: Initialize Controller...?[0m?
[mbus] onNewClie?nt. clientNum 10 over 8?
[36m[Debug] src/App.cpp:33: Initialize Graphics...?[0m?
?[36m[Debug] src/Graphics.cpp:89: Handle is 1309737216 (0x4e110100)?[0m?
?[36m[Debug] src/Graphics.cpp:181: DirectMemOff: 0x200000?[0m?
?[36m[Debug] src/Graphics.cpp:182: DirectMemAllocationSize: 0xc000000?[0m?
?[36m[Debug] src/Graphics.cpp:183: alignment: 2097152 (0x00200000)?[0m?
?[36m[Debug] src/Graphics.cpp:188: VideoMem: 0x200200000?[0m?
?[36m[Debug] src/Graphics.cpp:109: Allocating framebuffer...?[0m?
?[36m[Debug] src/Graphics.cpp:237: handle: 1309737216 (0x4e110100)?[0m?
?[36m[Debug] src/Graphics.cpp:239: flipArgLog: 0x2000041a0?[0m?
?[36m[Debug] src/Graphics.cpp:240: FrameBuffers: 0x2000042c0?[0m?
?[36m[Debug] src/Graphics.cpp:255: sceVideoOutRegisterBuffers: 0x00000000?[0m?
?[36m[Debug] src/App.cpp:35: Initialize Resource...?[0m?
?[36m[Debug] src/Graphics.cpp:627: Loading PNG...?[0m?
?[36m[Debug] src/Graphics.cpp:637: PNG Loaded!?[0m?
?[36m[Debug] src/Graphics.cpp:627: Loading PNG...?[0m?
?[36m[Debug] src/Graphics.cpp:637: PNG Loaded!?[0m?
?[36m[Debug] src/Graphics.cpp:627: Loading PNG...?[0m?
?[36m[Debug] src/Graphics.cpp:637: PNG Loaded!?[0m?
?[36m[Debug] src/Graphics.cpp:627: Loading PNG...?[0m?
?[36m[Debug] src/Graphics.cpp:637: PNG Loaded!?[0m?
?[36m[Debug] src/Graphics.cpp:627: Loading PNG...?[0m?
?[36m[Debug] src/Graphics.cpp:637: PNG Loaded!?[0m?
?[36m[Debug] src/Graphics.cpp:627: Loading PNG...?[0m?
?[36m[Debug] src/Graphics.cpp:637: PNG Loaded!?[0m?
?[36m[Debug] src/Graphics.cpp:627: Loading PNG...?[0m?
?[36m[Debug] src/Graphics.cpp:637: PNG Loaded!?[0m?
?[36m[Debug] src/App.cpp:43: Initialize the Main View...?[0m?
?[36m[Debug] src/PayloadsView.cpp:186: GeneratePayloads is called!?[0m?
?[36m[Debug] src/PayloadsView.cpp:212: Cleanup payload list...?[0m?
?[36m[Debug] src/PayloadsView.cpp:206: GeneratePayloads: Refreshed?[0m?
?[36m[Debug] src/PayloadsView.cpp:252: PayloadsView: End of constructor?[0m?
?[36m[Debug] src/App.cpp:119: Application: RUN?[0m?
[SceShellUI] I/PSM.UI : OnFocusActiveSceneChanged [SplashScreen : SplashScreenScene] -> [AppScreen : ApplicationScreenScene]?
[SceShellUI] I/PSM.UI :      Scene [AppScreen : ApplicationScreenScene] : Alive?
SetDeviceIndexBehavior: mode=MergeAllConnectedDevice, param=null?
[Theme/I] : Apply [ANONYMOUS] : [Option:101000]: with not preloaded user?
[SceShellUI] I/PSM.UI : [NoDraw] : ClearFrameBuffer=False?
?[36m[Debug] src/PayloadsView.cpp:319: Loading: /data/payloads/linux-1024mb.bin?[0m?
[GoldHEN] <binloader> accepted a new payload?
[GoldHEN] <binloader> TCP Mode?
?[36m[D[GoldHEebN]u <gb]i snrcl/PayloadoadersVi> peaylwoa.cd ppr:186ece:iv eGd e[nsize:er atePa28y3840 loads-  is callbeud!?[f0fm?e
r_?si[3z6m[Deebug] src/:P a2ylo9a0dsView.81c6pp:212 :- C leianup ppa:ylo 1ad list...27?.0[0.0m.?
1]?
[Go?[l3d6HmEN[]De <binblugo] src/Payaldoer> afoundsd aVined jaw.cipplbrok:20en tar6g: GeneratePaeyloatds:  Rpefresrheocessd [pi?d: [0m?
46]?
[GoldHEN] <binloader> launching payload... [format: BIN]?
[GoldHEN] <binloader> payload launched?
kernel_init()?
Kernel base = ffffffff8f1bc000?
Direct map base = ffffe41400000000?
Testing global variable access (write protection)...?
OK.?
Kernel interface initialized?
Installing sys_kexec to system call #153?
kexec_init() successful?
?
sys_kexec invoked?
========================================?
PS4 Linux Payloads AIO?
FW 12.02 (1202)?
VRAM 1024 MB?
Southbridge: Baikal?
========================================?
sys_kexec(0x20102c000, 11445248, 0x201b18000, 4160630, "earlycon=uart8250,mmio32,0xC890E000,115200n8 console=tty0 keep_bootcon 8250.nr_uarts=0 iommu=pt intremap=off panic=10 loglevel=8 ignore_loglevel printk.devkmsg=on drm.edid_firmware=edid/1920x1080.bin video=HDMI-A-1:1920x1080@60D pci=nocrs libata.force=1.00:disable root=LABEL=psxitarch rootwait rw systemd.unit=multi-user.target systemd.log_level=info amdgpu.gpu_recovery=0 amdgpu.lockup_timeout=10000 amdgpu.gfx_off=0 amdgpu.runpm=0 amdgpu.bapm=0 amdgpu.dpm=0")?
[SceShellUI] I/PSM.UI : [FirstClear] : ClearFrameBuffer=False?
[KE]sceCameraDevKill::2685 ERROR: sceCameraProcConfigStop 0x802e0006 i=0 handle=257 pid=62?
Context.cc:Cont18ext.cc:9174  ((ajmaContextCleanup) - Instjmance 278532C ownas nteoxt properly tCdestrloyeed.?
aContext.cc:nu1p) 89 (ajmContextCleanup-) - Codec Opus SI CLoK Edncodere[KERc wNE OpLaus]s dm  enmo_tha nCpEdLrTolp eeE_nrvmlcsoypad ce_euexrnire ted gpiwsatide:s  r81ned.,o?
t p Ctpyproe=1n,ot 0exfxfffe41t4p.0c7ece6:c00r1Col0->y ptnu_tnloaedxreetgd is TR.UiE?csct:
18[KeE9r RN(EL] dmaeemj_hdmC.andleo?_
nvmsCtpoexatnctexeC_te.xlcitecde mapa: #0 n10xu8pf9) f f- (fCajeom41407e6Cc00do0?en
tc[eKxERNtELC]  dlOmeapenm_uuhandlpe)_vm sp-a cse_exi CtedSo dpidI: 81,Le cKa O pp_Epnmucsaps_c oodCEunt[1eLr],T   1 -> D0e?
cwodera ws anso not tprop erly unregisteprred.?o
perly unreg74 (isaterjmConedtextCleanup) - Ins.?
tCoanntextce.cc:189 ( 3ajmContextCleanup) -4 Co4dec 06Opus7 CELT  Ewnacoders  wnotas no pt rproperoly unrpeerglisyter edde.?
sConttext.cc:189 ro(ajmConteyextCleandu.p) -? Codec
 Opus Decoder was not proCopnerly utneregxistered.?
t.cc:189 (ajmContextClContext.ecc:1a8n9 (aujp) - mCodec Opus DecodCoer was not propenrtly unregisetxered.?
tCleaCnuontepx)t.c c:174 - (ajCmConodteexctClea Mnup) - IPnstEance 1G6392 w4a s AAnotC pro perlyE desntcoroyedd.e?
r Cwonastext .cc:189 no(at jmContextCleanupp) - Codec rMP3o Decopder weas nrot properly unregistered.?
lCoy ntuenxt.cc:189 re(ajmgContextCleiasnupt) - eCrodeec ATd.RA?
C9 Decoder wCoasn not prtopeexrlyt u.ncregisctere:d1.?
74 (ajmContextCleanup) - Instance 114689 was not properly destroyed.?
Context.cc:189 (ajmContextCleanup) - CodtryGetMsg() failed. ret = 0x80020003, msgSize = 48?
ec AC3 Encoder was not properly unregistered.?
Context.cc:174 (ajmContextCleanup) - Instance 163842 was not properly destroyed.?
Context.cc:189 (ajmContextCleanup) - tryGetMsg() failed. ret = 0x80020003, msgSize = 48?
Codec DTS Encoder was not properly unregistered.?
tryGetMsg() failed. ret = 0x80020003, msgSize = 48?
tryGetMsg() failed. ret = 0x80020003, msgSize = 48?
tryGetMsg() failed. ret = 0x80020003, msgSize = 48?
tryGetMsg() failed. ret = 0x80020003, msgSize = 48?
tryGetMsg() failed. ret = 0x80020003, msgSize = 48?
tryGetMsg() failed. ret = 0x80020003, msgSize = 48?
tryGetMsg() failed. ret = 0x80020003, msgSize = 48?
tryGetMsg() failed. ret = 0x80020003, msgSize = 48?
tryGetMsg() failed. ret = 0x80020003, msgSize = 48?
tryGetMsg() failed. ret = 0x80020003, msgSize = 48?
tryGetMsg() failed. ret = 0x80020003, msgSize = 48?
tryGetMsg() failed. ret = 0x80020003, msgSize = 48?
tryGetMsg() failed. ret = 0x80020003, msgSize = 48?
tryGetMsg() failed. ret = 0x80020003, msgSize = 48?
tryGetMsg() failed. ret = 0x80020003, msgSize = 48?
tryGetMsg() failed. ret = 0x80020003, msgSize = 48?
tryGetMsg() failed. ret = 0x80020003, msgSize = 48?
tryGetMsg() failed. ret = 0x80020003, msgSize = 48?
tryGetMsg() failed. ret = 0x80020003, msgSize = 48?
tryGetMsg() failed. ret = 0x80020003, msgSize = 48?
tryGetMsg() failed. ret = 0x80020003, msgSize = 48?
tryGetMsg() failed. ret = 0x80020003, msgSize = 48?
tryGetMsg() failed. ret = 0x80020003, msgSize = 48?
tryGetMsg() failed. ret = 0x80020003, msgSize = 48?
tryGetMsg() failed. ret = 0x80020003, msgSize = 48?
tryGetMsg() failed. ret = 0x80020003, msgSize = 48?
tryGetMsg() failed. ret = 0x80020003, msgSize = 48?
tryGetMsg() failed. ret = 0x80020003, msgSize = 48?
tryGetMsg() failed. ret = 0x80020003, msgSize = 48?
tryGetMsg() failed. ret = 0x80020003, msgSize = 48?
tryGetMsg() failed. ret = 0x80020003, msgSize = 48?
tryGetMsg() failed. ret = 0x80020003, msgSize = 48?
tryGetMsg() failed. ret = 0x80020003, msgSize = 48?
tryGetMsg() failed. ret = 0x80020003, msgSize = 48?
tryGetMsg() failed. ret = 0x80020003, msgSize = 48?
tryGetMsg() failed. ret = 0x80020003, msgSize = 48?
tryGetMsg() failed. ret = 0x80020003, msgSize = 48?
tryGetMsg() failed. ret = 0x80020003, msgSize = 48?
tryGetMsg() failed. ret = 0x80020003, msgSize = 48?
tryGetMsg() failed. ret = 0x80020003, msgSize = 48?
tryGetMsg() failed. ret = 0x80020003, msgSize = 48?
firmware_extract: Extract lib/firmware/amdgpu/liverpool_pfp.bin ?
Copying PFP firtryGetMsg() failed. ret = 0x80020003, msgSize = 48?
mware?
NOP handler at 0xff0?
firmware_extract: Extract lib/firmware/amdgpu/liverpool_me.bin ?
Copying ME firmware?
firmware_extractryGetMsg() failed. ret = 0x80020003, msgSize = 48?
t: Extract lib/firmware/amdgpu/liverpool_ce.bin ?
Copying CE firmware?
NOP handler at 0x7f0?
firmware_extract: Extract lib/tryGetMsg() failed. ret = 0x80020003, msgSize = 48?
firmware/amdgpu/liverpool_mec.bin ?
Copying MEC firmware?
NOP handler at 0xff0?
firmware_extract: Extract lib/firmware/amdgpu/livertryGetMsg() failed. ret = 0x80020003, msgSize = 48?
pool_mec2.bin ?
Copying MEC2 firmware?
NOP handler at 0xff0?
firmware_extract: Extract lib/firmware/amdgpu/liverpool_rlc.bin ?
CopyitryGetMsg() failed. ret = 0x80020003, msgSize = 48?
ng RLC firmware?
firmware_extract: Extract lib/firmware/amdgpu/liverpool_sdma.bin ?
Copying SDMA firmware?
firmware_extract: Extract tryGetMsg() failed. ret = 0x80020003, msgSize = 48?
lib/firmware/amdgpu/liverpool_sdma1.bin ?
Copying SDMA1 firmware?
?
kexec parameters:?
    Kernel image sizetryGetMsg() failed. ret = 0x80020003, msgSize = 48?
:   11445248 bytes?
    Initramfs size:      4255366 bytes (4160630 from user)?
    Kernel command line: earlycon=uart8250,mmio32,0xCtryGetMsg() failed. ret = 0x80020003, msgSize = 48?
890E000,115200n8 console=tty0 keep_bootcon 8250.nr_uarts=0 iommu=pt intremap=off panic=10 loglevel=8 ignore_loglevel printk.devkmsg=otryGetMsg() failed. ret = 0x80020003, msgSize = 48?
n drm.edid_firmware=edid/1920x1080.bin video=HDMI-A-1:1920x1080@60D pci=nocrs libata.force=1.00:disable root=LABEL=psxitarch rootwaittryGetMsg() failed. ret = 0x80020003, msgSize = 48?
 rw systemd.unit=multi-user.target systemd.log_level=info amdgpu.gpu_recovery=0 amdgpu.lockup_timeout=10000 amdgpu.gfx_off=0 amdgpu.rtryGetMsg() failed. ret = 0x80020003, msgSize = 48?
unpm=0 amdgpu.bapm=0 amdgpu.dpm=0?
    Kernel image buffer: 0xffffe41438000000?
    Initramfs buffer:    0xffffffffffffffff?
kernel_htryGetMsg() failed. ret = 0x80020003, msgSize = 48?
ook_install(0xffffff807f57112d, 0xffffffff8f603ad0)?
  Using 64bit absolute jump?
**************************************************tryGetMsg() failed. ret = 0x80020003, msgSize = 48?
****?
kexec successfully armed. Please shut down the system.?
******************************************************?
?
Context.cc:189 (ajmContextCleanup) - Codec CELP8 Decoder was not properly unregistered.?
Context.cc:189 (ajmContextCleanup) - Codec CELP8 Encoder was not properly unregistered.?
Context.cc:189 (ajmContextCleanup) - Codec CELP(16) Decoder was not properly unregistered.?
Context.cc:191 (ajmContextCleanup) - More codecs were not properly unregistered...?
[SceSysCore mini] killall timeout 5[sec]...?
[SceSysCore mini] forcibly unmount 4 nullfses?
[SceSysCore mini] forcibly unmount /mnt/usb0?
[SceSysCore mini[REGMGR] 000006 ...?
] sceKernelPollE[ventFlag(reboot_flag): failed 80020010?
[SceSysCore mini] call reboot(4000)?
REGMGR] (    697.036 sec) 010006 ...?
[REGMGR] (   0.011765 sec) 010007 ...?
[REGMGR] 000108 ...?
Waiting (max 60 seconds) for system process `SceVnlru' to stop...done?
W2a iting (max 60 seconds) for system process `SceSyncer' to stop...SD Manual Tuning done. MaxPassWindowSize=23, TunePoint=20 CORE_CTRL=0x184094?
0 0 sched_sync: flush softdep (iter=2)?
sched_sync: flush softdep (iter=1)?
done?
Waiting (max 60 seconds) for system process `SceBufdaemon0' to stop...done?
Waiting (max 60 seconds) for system process `SceBufdaemon1' to stop...done?
Waiting (max 60 seconds) for system process `SceBufdaemon2' to stop...done?
All buffers synced.?
[PFS] umount[0x00001a556a8bc4b0] finished 0?
[PFS] umount[0x00001a550610ff38] finished 0?
Uptime: 11m43s?
icc post sync:Thermal alert LED off?
[REGMGR] 000007 @2@ ...?
icc08-4001 0802?
icc:failed to disabled reset button notification: 0005?
icc:disabled thermal notification?
eth0: link state changed to DOWN?
ICC: howto:00004000 depth:2 cause:00 hand:01?
ICC: Shutdown.?
hook_icc_query_nowait called?
ICC 05-00 polling?
Fixing ACPI tables at 0xe0000 (0xffffffffffffffff)?
RSDT at 0xe0024?
XSDT at 0xe0088?
FACP at 0xe016c?
FACS at 0xe012c?
DSDT at 0xe0430?
APIC at 0xe0298?
MCFG at 0xe0304?
SSDT at 0xe0730?
ACPI tables fixed?
kexec: Waiting for secondary CPUs...?
kexec: Secondary CPUs quiesced?
kexec: Setting up GDT...?
kexec: Relocating stub...?
kexec: Setting up boot params...?
kexec: Cleaning up hardware...?
Current sb_id: 3?
?
SB_BAIKAL constant: 3?
?
kexec: Detected Baikal Southbridge, disabling IOMMU...?
kexec: Reconfiguring VRAM...?
kexec: Resetting GPU...?
kexec: About to relocate and jump to kernel?
[    0.000000] ps4: x86_ps4_early_setup: PS4 early setup?
[    0.000000] Linux version 6.15.4-Baikal_TESTING_crashniels-dirty (meerzulee@cachynator) (gcc (GCC) 16.1.1 20260430, GNU ld (GNU Binutils) 2.46.0) #15 SMP PREEMPT_DYNAMIC Wed May 13 11:42:22 +06 2026?
[    0.000000] Command line: earlycon=uart8250,mmio32,0xC890E000,115200n8 console=tty0 keep_bootcon 8250.nr_uarts=0 iommu=pt intremap=off panic=10 loglevel=8 ignore_loglevel printk.devkmsg=on drm.edid_firmware=edid/1920x1080.bin video=HDMI-A-1:1920x1080@60D pci=nocrs libata.force=1.00:disable root=LABEL=psxitarch rootwait rw systemd.unit=multi-user.target systemd.log_level=info amdgpu.gpu_recovery=0 amdgpu.lockup_timeout=10000 amdgpu.gfx_off=0 amdgpu.runpm=0 amdgpu.bapm=0 amdgpu.dpm=0?
[    0.000000] KERNEL supported cpus:?
[    0.000000]   AMD AuthenticAMD?
[    0.000000] BIOS-provided physical RAM map:?
[    0.000000] BIOS-e820: [mem 0x0000000000000000-0x0000000000007fff] usable?
[    0.000000] BIOS-e820: [mem 0x0000000000008000-0x000000000007ffff] reserved?
[    0.000000] BIOS-e820: [mem 0x0000000000080000-0x0000000000099fff] usable?
[    0.000000] BIOS-e820: [mem 0x000000000009a000-0x00000000000bffff] reserved?
[    0.000000] BIOS-e820: [mem 0x00000000000e0000-0x00000000000effff] ACPI data?
[    0.000000] BIOS-e820: [mem 0x0000000000100000-0x00000000003fffff] usable?
[    0.000000] BIOS-e820: [mem 0x0000000000400000-0x000000000047ffff] reserved?
[    0.000000] BIOS-e820: [mem 0x0000000000480000-0x000000000067ffff] usable?
[    0.000000] BIOS-e820: [mem 0x0000000000680000-0x00000000006fffff] reserved?
[    0.000000] BIOS-e820: [mem 0x0000000000700000-0x000000007efe7fff] usable?
[    0.000000] BIOS-e820: [mem 0x000000007efe8000-0x000000007efeffff] ACPI NVS?
[    0.000000] BIOS-e820: [mem 0x000000007eff0000-0x000000007effffff] ACPI data?
[    0.000000] BIOS-e820: [mem 0x000000007f000000-0x000000007fffffff] usable?
[    0.000000] BIOS-e820: [mem 0x0000000080000000-0x00000000fbffffff] reserved?
[    0.000000] BIOS-e820: [mem 0x0000000100000000-0x000000013fffffff] reserved?
[    0.000000] BIOS-e820: [mem 0x0000000140000000-0x000000027effffff] usable?
[    0.000000] earlycon: uart8250 at MMIO32 0x00000000c890e000 (options '115200n8')?
[    0.000000] printk: legacy bootconsole [uart8250] enabled?
[    0.000000] printk: debug: skip boot console de-registration.?
[    0.000000] printk: debug: ignoring loglevel setting.?
[    0.000000] NX (Execute Disable) protection: active?
[    0.000000] APIC: Static calls initialized?
[    0.000000] SMBIOS 2.1 present.?
[    0.000000] DMI:  , BIOS unde Wed 09/22/2021 16:2?
[    0.000000] DMI: Memory slots populated: 1/1?
[    0.000000] ps4: EMC timer started in 236451 TSC ticks?
[    0.000000] ps4: Calibrated TSC frequency: 1594045088 kHz?
[    0.000000] tsc: Detected 1594.045 MHz processor?
[    0.001421] e820: update [mem 0x00000000-0x00000fff] usable ==> reserved?
[    0.008311] e820: remove [mem 0x000a0000-0x000fffff] usable?
[    0.014047] last_pfn = 0x27f000 max_arch_pfn = 0x400000000?
[    0.019688] MTRR map: 6 entries (3 fixed + 3 variable; max 20), built from 9 variable MTRRs?
[    0.028270] x86/PAT: Configuration [0-7]: WB  WC  UC- UC  WB  WP  UC- WT  ?
[    0.035719] e820: update [mem 0x80000000-0x13fffffff] usable ==> reserved?
[    0.042714] last_pfn = 0x80000 max_arch_pfn = 0x400000000?
[    0.056876] Using GB pages for direct mapping?
[    0.062884] RAMDISK: [mem 0x2e000000-0x2e40efff]?
[    0.067641] ACPI: Early table checksum verification disabled?
[    0.073455] ACPI: RSDP 0x00000000000E0000 000024 (v02 SIE   )?
[    0.079364] ACPI: XSDT 0x00000000000E0088 00004C (v01 SIE    ORBIS    20121218 INTL 20110211)?
[    0.088133] ACPI: FACP 0x00000000000E016C 0000F4 (v04 SIE    ORBIS    20130205 INTL 20110211)?
[    0.096902] ACPI: DSDT 0x00000000000E0430 00018C (v02 SIE    ORBIS    20121002 INTL 20110211)?
[    0.105668] ACPI: FACS 0x00000000000E012C 000040?
[    0.110411] ACPI: FACS 0x00000000000E012C 000040?
[    0.115155] ACPI: APIC 0x00000000000E0298 00006C (v02 SIE    ORBIS    20120725 INTL 20110211)?
[    0.123921] ACPI: MCFG 0x00000000000E0304 00003C (v01 SIE    ORBIS    20120725 INTL 20110211)?
[    0.132686] ACPI: SSDT 0x00000000000E0730 001944 (v01 AMD    POWERNOW 00000001 AMD  00000001)?
[    0.141451] ACPI: IVRS 0x00000000000E2074 000054 (v01 F0F    PS4KEXEC 20161225 KEXC 20161225)?
[    0.150215] ACPI: Reserving FACP table memory at [mem 0xe016c-0xe025f]?
[    0.156920] ACPI: Reserving DSDT table memory at [mem 0xe0430-0xe05bb]?
[    0.163624] ACPI: Reserving FACS table memory at [mem 0xe012c-0xe016b]?
[    0.170328] ACPI: Reserving FACS table memory at [mem 0xe012c-0xe016b]?
[    0.177032] ACPI: Reserving APIC table memory at [mem 0xe0298-0xe0303]?
[    0.183735] ACPI: Reserving MCFG table memory at [mem 0xe0304-0xe033f]?
[    0.190438] ACPI: Reserving SSDT table memory at [mem 0xe0730-0xe2073]?
[    0.197142] ACPI: Reserving IVRS table memory at [mem 0xe2074-0xe20c7]?
[    0.203923] No NUMA configuration found?
[    0.207859] Faking a node at [mem 0x0000000000000000-0x000000027effffff]?
[    0.214747] NODE_DATA(0) allocated [mem 0x27effa800-0x27effdfff]?
[    0.220974] Zone ranges:?
[    0.223567]   DMA      [mem 0x0000000000001000-0x0000000000ffffff]?
[    0.229916]   DMA32    [mem 0x0000000001000000-0x00000000ffffffff]?
[    0.236266]   Normal   [mem 0x0000000100000000-0x000000027effffff]?
[    0.242614] Movable zone start for each node?
[    0.246994] Early memory node ranges?
[    0.250660]   node   0: [mem 0x0000000000001000-0x0000000000007fff]?
[    0.257098]   node   0: [mem 0x0000000000080000-0x0000000000099fff]?
[    0.263534]   node   0: [mem 0x0000000000100000-0x00000000003fffff]?
[    0.269971]   node   0: [mem 0x0000000000480000-0x000000000067ffff]?
[    0.276408]   node   0: [mem 0x0000000000700000-0x000000007efe7fff]?
[    0.282844]   node   0: [mem 0x000000007f000000-0x000000007fffffff]?
[    0.289280]   node   0: [mem 0x0000000140000000-0x000000027effffff]?
[    0.295719] Initmem setup node 0 [mem 0x0000000000001000-0x000000027effffff]?
[    0.302966] On node 0, zone DMA: 1 pages in unavailable ranges?
[    0.308964] On node 0, zone DMA: 120 pages in unavailable ranges?
[    0.315154] On node 0, zone DMA: 102 pages in unavailable ranges?
[    0.321341] On node 0, zone DMA: 128 pages in unavailable ranges?
[    0.327563] On node 0, zone DMA: 128 pages in unavailable ranges?
[    0.344071] On node 0, zone DMA32: 24 pages in unavailable ranges?
[    0.376614] On node 0, zone Normal: 4096 pages in unavailable ranges?
[    0.384048] ACPI: No IOAPIC entries present?
[    0.388341] ACPI: Using ACPI for processor (LAPIC) configuration information?
[    0.395595] CPU topo: Max. logical packages:   1?
[    0.400334] CPU topo: Max. logical dies:       1?
[    0.405072] CPU topo: Max. dies per package:   1?
[    0.409822] CPU topo: Max. threads per core:   1?
[    0.414560] CPU topo: Num. cores per package:     8?
[    0.419566] CPU topo: Num. threads per package:   8?
[    0.424572] CPU topo: Allowing 8 present CPUs plus 0 hotplug CPUs?
[    0.430859] [mem 0xfc000000-0xffffffff] available for PCI devices?
[    0.437120] clocksource: refined-jiffies: mask: 0xffffffff max_cycles: 0xffffffff, max_idle_ns: 1910969940391419 ns?
[    0.447857] setup_percpu: NR_CPUS:8 nr_cpumask_bits:8 nr_cpu_ids:8 nr_node_ids:1?
[    0.456130] percpu: Embedded 42 pages/cpu s131544 r8192 d32296 u262144?
[    0.462855] pcpu-alloc: s131544 r8192 d32296 u262144 alloc=1*2097152?
[    0.469385] pcpu-alloc: [0] 0 1 2 3 4 5 6 7 ?
[    0.473810] Kernel command line: earlycon=uart8250,mmio32,0xC890E000,115200n8 console=tty0 keep_bootcon 8250.nr_uarts=0 iommu=pt intremap=off panic=10 loglevel=8 ignore_loglevel printk.devkmsg=on drm.edid_firmware=edid/1920x1080.bin video=HDMI-A-1:1920x1080@60D pci=nocrs libata.force=1.00:disable root=LABEL=psxitarch rootwait rw systemd.unit=multi-user.target systemd.log_level=info amdgpu.gpu_recovery=0 amdgpu.lockup_timeout=10000 amdgpu.gfx_off=0 amdgpu.runpm=0 amdgpu.bapm=0 amdgpu.dpm=0?
[    0.518604] Setting dangerous option amdgpu.gpu_recovery - tainting kernel?
[    0.525723] printk: log buffer data + meta data: 262144 + 917504 = 1179648 bytes?
[    0.535116] Dentry cache hash table entries: 1048576 (order: 11, 8388608 bytes, linear)?
[    0.544259] Inode-cache hash table entries: 524288 (order: 10, 4194304 bytes, linear)?
[    0.552410] software IO TLB: area num 8.?
[    0.585375] Fallback order for Node 0: 0 ?
[    0.585393] Built 1 zonelists, mobility grouping on.  Total pages: 1830409?
[    0.596572] Policy zone: Normal?
[    0.599794] mem auto-init: stack:off, heap alloc:off, heap free:off?
[    0.643945] SLUB: HWalign=64, Order=0-3, MinObjects=0, CPUs=8, Nodes=1?
[    0.651781] Dynamic Preempt: voluntary?
[    0.655722] rcu: Preemptible hierarchical RCU implementation.?
[    0.661624] rcu: RCU calculated value of scheduler-enlistment delay is 100 jiffies.?
[    0.669516] NR_IRQS: 4352, nr_irqs: 128, preallocated irqs: 0?
[    0.675481] rcu: srcu_init: Setting srcu_struct sizes based on contention.?
[    0.682600] call_irq_handler: 0.49 No irq handler for vector?
[    0.688444] Console: colour dummy device 80x25?
[    0.693010] printk: legacy console [tty0] enabled?
[    0.697881] ACPI: Core revision 20240827?
[    0.701978] ACPI: setting ELCR to 0200 (from ffff)?
[    0.706915] Failed to register legacy timer interrupt?
[    0.712104] APIC: Switch to symmetric I/O mode setup?
[    0.717212] clocksource: tsc-early: mask: 0xffffffffffffffff max_cycles: 0x16fa2b91895, max_idle_ns: 440795246215 ns?
[    0.728046] Calibrating delay loop (skipped), value calculated using timer frequency.. 3188.09 BogoMIPS (lpj=1594045)?
[    0.729037] Last level iTLB entries: 4KB 512, 2MB 8, 4MB 4?
[    0.729037] Last level dTLB entries: 4KB 512, 2MB 256, 4MB 128, 1GB 0?
[    0.729037] Spectre V1 : Mitigation: usercopy/swapgs barriers and __user pointer sanitization?
[    0.729037] Spectre V2 : Mitigation: Retpolines?
[    0.729037] Spectre V2 : Spectre v2 / SpectreRSB: Filling RSB on context switch and VMEXIT?
[    0.729037] RETBleed: Mitigation: untrained return thunk?
[    0.729037] Speculative Store Bypass: Mitigation: Speculative Store Bypass disabled via prctl?
[    0.729037] x86/fpu: Supporting XSAVE feature 0x001: 'x87 floating point registers'?
[    0.729037] x86/fpu: Supporting XSAVE feature 0x002: 'SSE registers'?
[    0.729037] x86/fpu: Supporting XSAVE feature 0x004: 'AVX registers'?
[    0.729037] x86/fpu: xstate_offset[2]:  576, xstate_sizes[2]:  256?
[    0.729037] x86/fpu: Enabled xstate features 0x7, context size is 832 bytes, using 'standard' format.?
[    0.729037] Freeing SMP alternatives memory: 52K?
[    0.729037] pid_max: default: 32768 minimum: 301?
[    0.729037] Mount-cache hash table entries: 16384 (order: 5, 131072 bytes, linear)?
[    0.729037] Mountpoint-cache hash table entries: 16384 (order: 5, 131072 bytes, linear)?
[    0.729037] smpboot: CPU0: AMD DG1401SNF87ID (family: 0x16, model: 0x1a, stepping: 0x0)?
[    0.729622] Performance Events: AMD PMU driver.?
[    0.730042] ... version:                0?
[    0.731040] ... bit width:              48?
[    0.732040] ... generic registers:      4?
[    0.733040] ... value mask:             0000ffffffffffff?
[    0.734040] ... max period:             00007fffffffffff?
[    0.735040] ... fixed-purpose events:   0?
[    0.736040] ... event mask:             000000000000000f?
[    0.737260] signal: max sigframe size: 1776?
[    0.738127] rcu: Hierarchical SRCU implementation.?
[    0.739041] rcu: 	Max phase no-delay instances is 400.?
[    0.740184] Timer migration: 1 hierarchy levels; 8 children per group; 1 crossnode level?
[    0.744980] smp: Bringing up secondary CPUs ...?
[    0.745329] smpboot: x86: Booting SMP configuration:?
[    0.746046] .... node  #0, CPUs:      #1 #2 #3 #4 #5 #6 #7?
[    0.749037] TSC synchronization [CPU#0 -> CPU#1]:?
[    0.749037] Measured 78 cycles TSC warp between CPUs, turning off TSC clock.?
[    0.749072] tsc: Marking TSC unstable due to check_tsc_sync_source failed?
[    0.750130] smp: Brought up 1 node, 8 CPUs?
[    0.751042] smpboot: Total of 8 processors activated (25504.72 BogoMIPS)?
[    0.753267] Memory: 7077464K/7321636K available (23471K kernel code, 2053K rwdata, 8784K rodata, 1624K init, 2232K bss, 239924K reserved, 0K cma-reserved)?
[    0.755349] devtmpfs: initialized?
[    0.757771] clocksource: jiffies: mask: 0xffffffff max_cycles: 0xffffffff, max_idle_ns: 1911260446275000 ns?
[    0.759070] posixtimers hash table entries: 4096 (order: 4, 65536 bytes, linear)?
[    0.760063] futex hash table entries: 2048 (order: 5, 131072 bytes, linear)?
[    0.761130] prandom: seed boundary self test passed?
[    0.764218] prandom: 100 self tests passed?
[    0.765299] NET: Registered PF_NETLINK/PF_ROUTE protocol family?
[    0.766210] audit: initializing netlink subsys (disabled)?
[    0.767103] audit: type=2000 audit(0.039:1): state=initialized audit_enabled=0 res=1?
[    0.767217] i2c-core: driver [dummy] registered?
[    0.769044] thermal_sys: Registered thermal governor 'step_wise'?
[    0.769070] cpuidle: using governor ladder?
[    0.771049] cpuidle: using governor menu?
[    0.773242] ps4: ps4: pre-allocated IRQ 9 desc for ACPI SCI (virq=9)?
[    0.775151] PCI: ECAM [mem 0xf8000000-0xfbffffff] (base 0xf8000000) for domain 0000 [bus 00-3f]?
[    0.776060] PCI: Using configuration type 1 for base access?
[    0.778189] HugeTLB: allocation took 0ms with hugepage_allocation_threads=2?
[    0.779074] HugeTLB: registered 2.00 MiB page size, pre-allocated 0 pages?
[    0.780040] HugeTLB: 28 KiB vmemmap can be freed for a 2.00 MiB page?
[    0.782045] cryptd: max_cpu_qlen set to 1000?
[    0.800045] raid6: sse2x4   gen()  4053 MB/s?
[    0.818043] raid6: sse2x2   gen()  3960 MB/s?
[    0.836045] raid6: sse2x1   gen()  3213 MB/s?
[    0.837041] raid6: using algorithm sse2x4 gen() 4053 MB/s?
[    0.855039] raid6: .... xor() 2022 MB/s, rmw enabled?
[    0.856041] raid6: using ssse3x2 recovery algorithm?
[    0.857147] ACPI: Added _OSI(Module Device)?
[    0.858042] ACPI: Added _OSI(Processor Device)?
[    0.859041] ACPI: Added _OSI(Processor Aggregator Device)?
[    0.862552] ACPI: 2 ACPI AML tables successfully acquired and loaded?
[    0.870269] ACPI: Interpreter enabled?
[    0.871052] ACPI: PM: (supports S0 S5)?
[    0.872041] ACPI: Using PIC for interrupt routing?
[    0.873071] PCI: Ignoring host bridge windows from ACPI; if necessary, use "pci=use_crs" and report a bug?
[    0.874041] PCI: Using E820 reservations for host bridge windows?
[    0.876262] acpi PNP0A03:00: [Firmware Bug]: no secondary bus range in _CRS?
[    0.877056] ACPI: PCI Root Bridge [PCI0] (domain 0000 [bus 00-ff])?
[    0.878047] acpi PNP0A03:00: _OSC: OS supports [ExtendedConfig ASPM ClockPM Segments MSI HPX-Type3]?
[    0.879058] acpi PNP0A03:00: [Firmware Info]: ECAM [mem 0xf8000000-0xfbffffff] for domain 0000 [bus 00-3f] only partially covers this bridge?
[    0.880064] acpi PNP0A03:00: host bridge window [io  0x0cf8-0x0cff] (ignored)?
[    0.881043] PCI: root bus 00: using default resources?
[    0.882091] PCI host bridge to bus 0000:00?
[    0.883047] pci_bus 0000:00: root bus resource [io  0x0000-0xffff]?
[    0.884042] pci_bus 0000:00: root bus resource [mem 0x00000000-0xffffffffff]?
[    0.885042] pci_bus 0000:00: root bus resource [bus 00-ff]?
[    0.886059] pci 0000:00:00.0: [1022:1436] type 00 class 0x060000 conventional PCI endpoint?
[    0.887165] pci 0000:00:00.2: [1022:1437] type 00 class 0x080600 conventional PCI endpoint?
[    0.888169] pci 0000:00:01.0: [1002:9923] type 00 class 0x030000 PCIe Root Complex Integrated Endpoint?
[    0.889063] pci 0000:00:01.0: BAR 0 [mem 0xe0000000-0xe3ffffff 64bit pref]?
[    0.890042] pci 0000:00:01.0: BAR 2 [mem 0xe4000000-0xe47fffff 64bit pref]?
[    0.891042] pci 0000:00:01.0: BAR 4 [io  0x6000-0x60ff]?
[    0.892042] pci 0000:00:01.0: BAR 5 [mem 0xe4800000-0xe483ffff]?
[    0.893042] pci 0000:00:01.0: ROM [mem 0x00000000-0x0001ffff pref]?
[    0.894046] pci 0000:00:01.0: enabling Extended Tags?
[    0.895057] pci 0000:00:01.0: Video device with shadowed ROM at [mem 0x000c0000-0x000dffff]?
[    0.896062] pci 0000:00:01.0: supports D1 D2?
[    0.897041] pci 0000:00:01.0: PME# supported from D1 D2 D3hot?
[    0.898139] pci 0000:00:01.1: [1002:9921] type 00 class 0x040300 PCIe Root Complex Integrated Endpoint?
[    0.899062] pci 0000:00:01.1: BAR 0 [mem 0xe4840000-0xe4843fff 64bit]?
[    0.900048] pci 0000:00:01.1: enabling Extended Tags?
[    0.901070] pci 0000:00:01.1: supports D1 D2?
[    0.902141] pci 0000:00:02.0: [1022:1438] type 00 class 0x060000 conventional PCI endpoint?
[    0.903172] pci 0000:00:14.0: [104d:90d7] type 00 class 0x088000 PCIe Endpoint?
[    0.904081] pci 0000:00:14.0: BAR 0 [mem 0xfdf8000000-0xfdf9ffffff 64bit]?
[    0.905042] pci 0000:00:14.0: BAR 2 [io  0x1000-0x13ff]?
[    0.906230] pci 0000:00:14.1: [104d:90d8] type 00 class 0x088001 PCIe Endpoint?
[    0.907081] pci 0000:00:14.1: BAR 0 [mem 0xc2000000-0xc2000fff 64bit]?
[    0.909161] pci 0000:00:14.2: [104d:90d9] type 00 class 0x088002 PCIe Endpoint?
[    0.910081] pci 0000:00:14.2: BAR 0 [mem 0xc4000000-0xc4007fff 64bit]?
[    0.911228] pci 0000:00:14.3: [104d:90da] type 00 class 0x088003 PCIe Endpoint?
[    0.912081] pci 0000:00:14.3: BAR 0 [mem 0xc6000000-0xc6000fff 64bit]?
[    0.913227] pci 0000:00:14.4: [104d:90db] type 00 class 0x088004 PCIe Endpoint?
[    0.914081] pci 0000:00:14.4: BAR 0 [mem 0xc8000000-0xc8001fff 64bit]?
[    0.915043] pci 0000:00:14.4: BAR 2 [mem 0xc8800000-0xc89fffff 64bit]?
[    0.916043] pci 0000:00:14.4: BAR 4 [mem 0xc9000000-0xc91fffff 64bit]?
[    0.917221] pci 0000:00:14.5: [104d:90dc] type 00 class 0x088005 PCIe Endpoint?
[    0.918081] pci 0000:00:14.5: BAR 0 [mem 0xca000000-0xca000fff 64bit]?
[    0.919043] pci 0000:00:14.5: BAR 2 [mem 0xca800000-0xca800fff 64bit]?
[    0.920225] pci 0000:00:14.6: [104d:90dd] type 00 class 0x088006 PCIe Endpoint?
[    0.921081] pci 0000:00:14.6: BAR 0 [mem 0xcc000000-0xcc000fff 64bit]?
[    0.922044] pci 0000:00:14.6: BAR 2 [mem 0x80000000-0xbfffffff 64bit]?
[    0.923042] pci 0000:00:14.6: BAR 4 [mem 0xcd000000-0xcd0fffff]?
[    0.924042] pci 0000:00:14.6: BAR 5 [mem 0xcd400000-0xcd43ffff]?
[    0.925220] pci 0000:00:14.7: [104d:90de] type 00 class 0x088007 PCIe Endpoint?
[    0.926081] pci 0000:00:14.7: BAR 0 [mem 0xce000000-0xce3fffff 64bit]?
[    0.927044] pci 0000:00:14.7: BAR 2 [mem 0xce800000-0xce80ffff 64bit]?
[    0.928043] pci 0000:00:14.7: BAR 4 [mem 0xcf000000-0xcf7fffff 64bit]?
[    0.929215] pci 0000:00:18.0: [1022:142e] type 00 class 0x060000 conventional PCI endpoint?
[    0.930144] pci 0000:00:18.1: [1022:142f] type 00 class 0x060000 conventional PCI endpoint?
[    0.932139] pci 0000:00:18.2: [1022:1430] type 00 class 0x060000 conventional PCI endpoint?
[    0.933141] pci 0000:00:18.3: [1022:1431] type 00 class 0x060000 conventional PCI endpoint?
[    0.934146] pci 0000:00:18.4: [1022:1432] type 00 class 0x060000 conventional PCI endpoint?
[    0.935139] pci 0000:00:18.5: [1022:1433] type 00 class 0x060000 conventional PCI endpoint?
[    0.936140] pci 0000:00:18.6: [1022:1434] type 00 class 0x060000 conventional PCI endpoint?
[    0.937241] iommu: Default domain type: Passthrough (set via kernel command line)?
[    0.939196] SCSI subsystem initialized?
[    0.940066] libata version 3.00 loaded.?
[    0.942098] ACPI: bus type USB registered?
[    0.943095] usbcore: registered new interface driver usbfs?
[    0.944064] usbcore: registered new interface driver hub?
[    0.945061] usbcore: registered new device driver usb?
[    0.946225] Advanced Linux Sound Architecture Driver Initialized.?
[    0.947410] Bluetooth: Core ver 2.22?
[    0.948054] NET: Registered PF_BLUETOOTH protocol family?
[    0.949041] Bluetooth: HCI device and connection manager initialized?
[    0.950044] Bluetooth: HCI socket layer initialized?
[    0.951044] Bluetooth: L2CAP socket layer initialized?
[    0.952048] Bluetooth: SCO socket layer initialized?
[    0.953132] PCI: Using ACPI for IRQ routing?
[    0.956916] PCI: pci_cache_line_size set to 64 bytes?
[    0.958075] e820: reserve RAM buffer [mem 0x00008000-0x0000ffff]?
[    0.959042] e820: reserve RAM buffer [mem 0x0009a000-0x0009ffff]?
[    0.960041] e820: reserve RAM buffer [mem 0x00680000-0x006fffff]?
[    0.961041] e820: reserve RAM buffer [mem 0x7efe8000-0x7fffffff]?
[    0.962041] e820: reserve RAM buffer [mem 0x27f000000-0x27fffffff]?
[    0.963067] pci 0000:00:01.0: vgaarb: setting as boot VGA device?
[    0.964037] pci 0000:00:01.0: vgaarb: bridge control possible?
[    0.964037] pci 0000:00:01.0: vgaarb: VGA device added: decodes=io+mem,owns=io+mem,locks=none?
[    0.964050] vgaarb: loaded?
[    0.966190] clocksource: Switched to clocksource refined-jiffies?
[    0.967282] pnp: PnP ACPI init?
[    0.968084] pnp: PnP ACPI: found 0 devices?
[    0.974146] NET: Registered PF_INET protocol family?
[    0.976234] IP idents hash table entries: 131072 (order: 8, 1048576 bytes, linear)?
[    0.982160] tcp_listen_portaddr_hash hash table entries: 4096 (order: 4, 65536 bytes, linear)?
[    0.983063] Table-perturb hash table entries: 65536 (order: 6, 262144 bytes, linear)?
[    0.984072] TCP established hash table entries: 65536 (order: 7, 524288 bytes, linear)?
[    0.985314] TCP bind hash table entries: 65536 (order: 9, 2097152 bytes, linear)?
[    0.987679] TCP: Hash tables configured (established 65536 bind 65536)?
[    0.988140] UDP hash table entries: 4096 (order: 6, 262144 bytes, linear)?
[    0.989129] UDP-Lite hash table entries: 4096 (order: 6, 262144 bytes, linear)?
[    0.990216] NET: Registered PF_UNIX/PF_LOCAL protocol family?
[    0.991130] RPC: Registered named UNIX socket transport module.?
[    0.992040] RPC: Registered udp transport module.?
[    0.993036] RPC: Registered tcp transport module.?
[    0.994036] RPC: Registered tcp-with-tls transport module.?
[    0.995038] RPC: Registered tcp NFSv4.1 backchannel transport module.?
[    0.996406] pci_bus 0000:00: resource 4 [io  0x0000-0xffff]?
[    0.997044] pci_bus 0000:00: resource 5 [mem 0x00000000-0xffffffffff]?
[    0.998120] pci 0000:00:01.1: D0 power state depends on 0000:00:01.0?
[    0.999044] pci 0000:00:02.0: CLS mismatch (64 != 512), using 64 bytes?
[    1.000151] AMD-Vi: Using global IVHD EFR:0x0, EFR2:0x0?
[    1.000166] Trying to unpack rootfs image as initramfs...?
[    1.001252] pci 0000:00:00.0: Adding to iommu group 0?
[    1.003154] pci 0000:00:14.0: Adding to iommu group 1?
[    1.005065] pci 0000:00:14.1: Adding to iommu group 1?
[    1.006065] pci 0000:00:14.2: Adding to iommu group 1?
[    1.007071] pci 0000:00:14.3: Adding to iommu group 1?
[    1.008065] pci 0000:00:14.4: Adding to iommu group 1?
[    1.009066] pci 0000:00:14.5: Adding to iommu group 1?
[    1.010071] pci 0000:00:14.6: Adding to iommu group 1?
[    1.011066] pci 0000:00:14.7: Adding to iommu group 1?
[    1.012110] AMD-Vi: Extended features (0x840, 0x0): IA?
[    1.013157] PCI-DMA: Using software bounce buffering for IO (SWIOTLB)?
[    1.014038] software IO TLB: mapped [mem 0x000000007afe8000-0x000000007efe8000] (64MB)?
[    1.015187] LVT offset 0 assigned for vector 0x400?
[    1.016066] perf: AMD IBS detected (0x000000ff)?
[    1.017094] kvm_amd: TSC scaling supported?
[    1.018035] kvm_amd: Nested Virtualization enabled?
[    1.019033] kvm_amd: Nested Paging enabled?
[    1.020033] kvm_amd: LBR virtualization supported?
[    1.045415] Freeing initrd memory: 4156K?
[    1.056206] platform rtc_cmos: registered platform RTC device (no PNP device found)?
[    1.060583] Initialise system trusted keyrings?
[    1.061081] workingset: timestamp_bits=40 max_order=21 bucket_order=0?
[    1.063217] ntfs3: Warning: Activated 64 bits per cluster. Windows does not support this?
[    1.064062] fuse: init (API version 7.43)?
[    1.101820] NET: Registered PF_ALG protocol family?
[    1.102023] xor: automatically using best checksumming function   avx       ?
[    1.103021] Key type asymmetric registered?
[    1.105020] Asymmetric key parser 'x509' registered?
[    1.106048] Block layer SCSI generic (bsg) driver version 0.4 loaded (major 252)?
[    1.107021] io scheduler mq-deadline registered?
[    1.108020] io scheduler kyber registered?
[    1.111187] Could not retrieve perf counters (-19)?
[    1.143241] Non-volatile memory driver v1.3?
[    1.144028] Linux agpgart interface v0.103?
[    1.146455] ACPI: bus type drm_connector registered?
[    1.147046] [drm] amdgpu kernel modesetting enabled.?
[    1.150225] brd: module loaded?
[    1.154407] loop: module loaded?
[    1.156031] i2c-core: driver [at24] registered?
[    1.158060] baikal_pcie 0000:00:14.4: bpcie_probe()?
[    1.159050] baikal_pcie 0000:00:14.4: bpcie glue probe?
[    1.160019] baikal_pcie 0000:00:14.4: Baikal chip revision: 4c0c2021:8d76a398:0000b100?
[    1.161013] pci 0000:00:14.0: bpcie_create_irq_domain?
[    1.162013] baikal_pcie 0000:00:14.4: devid = 164?
[    1.163014] baikal_pcie 0000:00:14.4: no parent ?
[    1.164017] bpcie_create_irq_domain: marked Baikal-MSI-164-3-14 as MSI parent (flags=0x113 bus_token=AMDVI)?
[    1.165012] pci 0000:00:14.1: bpcie_create_irq_domain?
[    1.166012] baikal_pcie 0000:00:14.4: devid = 164?
[    1.167011] baikal_pcie 0000:00:14.4: no parent ?
[    1.168013] bpcie_create_irq_domain: marked Baikal-MSI-164-3-14 as MSI parent (flags=0x113 bus_token=AMDVI)?
[    1.169011] pci 0000:00:14.2: bpcie_create_irq_domain?
[    1.170014] baikal_pcie 0000:00:14.4: devid = 164?
[    1.171011] baikal_pcie 0000:00:14.4: no parent ?
[    1.172013] bpcie_create_irq_domain: marked Baikal-MSI-164-3-14 as MSI parent (flags=0x113 bus_token=AMDVI)?
[    1.173011] pci 0000:00:14.3: bpcie_create_irq_domain?
[    1.174011] baikal_pcie 0000:00:14.4: devid = 164?
[    1.175010] baikal_pcie 0000:00:14.4: no parent ?
[    1.176012] bpcie_create_irq_domain: marked Baikal-MSI-164-3-14 as MSI parent (flags=0x113 bus_token=AMDVI)?
[    1.177010] baikal_pcie 0000:00:14.4: bpcie_create_irq_domain?
[    1.178010] baikal_pcie 0000:00:14.4: devid = 164?
[    1.179010] baikal_pcie 0000:00:14.4: no parent ?
[    1.180011] bpcie_create_irq_domain: marked Baikal-MSI-164-3-14 as MSI parent (flags=0x113 bus_token=AMDVI)?
[    1.181009] pci 0000:00:14.5: bpcie_create_irq_domain?
[    1.182010] baikal_pcie 0000:00:14.4: devid = 164?
[    1.183009] baikal_pcie 0000:00:14.4: no parent ?
[    1.184010] bpcie_create_irq_domain: marked Baikal-MSI-164-3-14 as MSI parent (flags=0x113 bus_token=AMDVI)?
[    1.185010] pci 0000:00:14.6: bpcie_create_irq_domain?
[    1.186009] baikal_pcie 0000:00:14.4: devid = 164?
[    1.187008] baikal_pcie 0000:00:14.4: no parent ?
[    1.188010] bpcie_create_irq_domain: marked Baikal-MSI-164-3-14 as MSI parent (flags=0x113 bus_token=AMDVI)?
[    1.189008] pci 0000:00:14.7: bpcie_create_irq_domain?
[    1.190008] baikal_pcie 0000:00:14.4: devid = 164?
[    1.191007] baikal_pcie 0000:00:14.4: no parent ?
[    1.192014] bpcie_create_irq_domain: marked Baikal-MSI-164-3-14 as MSI parent (flags=0x113 bus_token=AMDVI)?
[    1.193020] bpcie_init_dev_msi_info: dev=0000:00:14.4 installed bpcie demuxer (sc=(____ptrval____))?
[    1.194580] bpcie_msi_init: virq=10 hwirq=0x0 domain=(____ptrval____) info=(____ptrval____) sc=(____ptrval____)?
[    1.195008] bpcie_msi_init: registered virq=10 irq_map[0]?
[    1.196005] bpcie_msi_init: virq=11 hwirq=0x1 domain=(____ptrval____) info=(____ptrval____) sc=(____ptrval____)?
[    1.197006] bpcie_msi_init: registered virq=11 irq_map[1]?
[    1.198005] bpcie_msi_init: virq=12 hwirq=0x2 domain=(____ptrval____) info=(____ptrval____) sc=(____ptrval____)?
[    1.199006] bpcie_msi_init: registered virq=12 irq_map[2]?
[    1.200005] bpcie_msi_init: virq=13 hwirq=0x3 domain=(____ptrval____) info=(____ptrval____) sc=(____ptrval____)?
[    1.201005] bpcie_msi_init: registered virq=13 irq_map[3]?
[    1.202004] bpcie_msi_init: virq=14 hwirq=0x4 domain=(____ptrval____) info=(____ptrval____) sc=(____ptrval____)?
[    1.203005] bpcie_msi_init: registered virq=14 irq_map[4]?
[    1.204004] bpcie_msi_init: virq=15 hwirq=0x5 domain=(____ptrval____) info=(____ptrval____) sc=(____ptrval____)?
[    1.205005] bpcie_msi_init: registered virq=15 irq_map[5]?
[    1.206004] bpcie_msi_init: virq=16 hwirq=0x6 domain=(____ptrval____) info=(____ptrval____) sc=(____ptrval____)?
[    1.207004] bpcie_msi_init: registered virq=16 irq_map[6]?
[    1.208004] bpcie_msi_init: virq=17 hwirq=0x7 domain=(____ptrval____) info=(____ptrval____) sc=(____ptrval____)?
[    1.209004] bpcie_msi_init: registered virq=17 irq_map[7]?
[    1.210003] bpcie_msi_init: virq=18 hwirq=0x8 domain=(____ptrval____) info=(____ptrval____) sc=(____ptrval____)?
[    1.211004] bpcie_msi_init: registered virq=18 irq_map[8]?
[    1.212003] bpcie_msi_init: virq=19 hwirq=0x9 domain=(____ptrval____) info=(____ptrval____) sc=(____ptrval____)?
[    1.213003] bpcie_msi_init: registered virq=19 irq_map[9]?
[    1.214002] bpcie_msi_init: virq=20 hwirq=0xa domain=(____ptrval____) info=(____ptrval____) sc=(____ptrval____)?
[    1.215003] bpcie_msi_init: registered virq=20 irq_map[10]?
[    1.216002] bpcie_msi_init: virq=21 hwirq=0xb domain=(____ptrval____) info=(____ptrval____) sc=(____ptrval____)?
[    1.217003] bpcie_msi_init: registered virq=21 irq_map[11]?
[    1.218002] bpcie_msi_init: virq=22 hwirq=0xc domain=(____ptrval____) info=(____ptrval____) sc=(____ptrval____)?
[    1.219003] bpcie_msi_init: registered virq=22 irq_map[12]?
[    1.220002] bpcie_msi_init: virq=23 hwirq=0xd domain=(____ptrval____) info=(____ptrval____) sc=(____ptrval____)?
[    1.221002] bpcie_msi_init: registered virq=23 irq_map[13]?
[    1.222001] bpcie_msi_init: virq=24 hwirq=0xe domain=(____ptrval____) info=(____ptrval____) sc=(____ptrval____)?
[    1.223002] bpcie_msi_init: registered virq=24 irq_map[14]?
[    1.224001] bpcie_msi_init: virq=25 hwirq=0xf domain=(____ptrval____) info=(____ptrval____) sc=(____ptrval____)?
[    1.225002] bpcie_msi_init: registered virq=25 irq_map[15]?
[    1.226001] bpcie_msi_init: virq=26 hwirq=0x10 domain=(____ptrval____) info=(____ptrval____) sc=(____ptrval____)?
[    1.227001] bpcie_msi_init: registered virq=26 irq_map[16]?
[    1.228000] bpcie_msi_init: virq=27 hwirq=0x11 domain=(____ptrval____) info=(____ptrval____) sc=(____ptrval____)?
[    1.229001] bpcie_msi_init: registered virq=27 irq_map[17]?
[    1.230000] bpcie_msi_init: virq=28 hwirq=0x12 domain=(____ptrval____) info=(____ptrval____) sc=(____ptrval____)?
[    1.231001] bpcie_msi_init: registered virq=28 irq_map[18]?
[    1.232001] bpcie_msi_init: virq=29 hwirq=0x13 domain=(____ptrval____) info=(____ptrval____) sc=(____ptrval____)?
[    1.233000] bpcie_msi_init: registered virq=29 irq_map[19]?
[    1.233999] bpcie_msi_init: virq=30 hwirq=0x14 domain=(____ptrval____) info=(____ptrval____) sc=(____ptrval____)?
[    1.235000] bpcie_msi_init: registered virq=30 irq_map[20]?
[    1.236000] bpcie_msi_init: virq=31 hwirq=0x15 domain=(____ptrval____) info=(____ptrval____) sc=(____ptrval____)?
[    1.237000] bpcie_msi_init: registered virq=31 irq_map[21]?
[    1.237999] bpcie_msi_init: virq=32 hwirq=0x16 domain=(____ptrval____) info=(____ptrval____) sc=(____ptrval____)?
[    1.239000] bpcie_msi_init: registered virq=32 irq_map[22]?
[    1.239999] bpcie_msi_init: virq=33 hwirq=0x17 domain=(____ptrval____) info=(____ptrval____) sc=(____ptrval____)?
[    1.240999] bpcie_msi_init: registered virq=33 irq_map[23]?
[    1.241998] bpcie_msi_init: virq=34 hwirq=0x18 domain=(____ptrval____) info=(____ptrval____) sc=(____ptrval____)?
[    1.242999] bpcie_msi_init: registered virq=34 irq_map[24]?
[    1.243998] bpcie_msi_init: virq=35 hwirq=0x19 domain=(____ptrval____) info=(____ptrval____) sc=(____ptrval____)?
[    1.244999] bpcie_msi_init: registered virq=35 irq_map[25]?
[    1.245998] bpcie_msi_init: virq=36 hwirq=0x1a domain=(____ptrval____) info=(____ptrval____) sc=(____ptrval____)?
[    1.246998] bpcie_msi_init: registered virq=36 irq_map[26]?
[    1.247997] bpcie_msi_init: virq=37 hwirq=0x1b domain=(____ptrval____) info=(____ptrval____) sc=(____ptrval____)?
[    1.248998] bpcie_msi_init: registered virq=37 irq_map[27]?
[    1.249997] bpcie_msi_init: virq=38 hwirq=0x1c domain=(____ptrval____) info=(____ptrval____) sc=(____ptrval____)?
[    1.250998] bpcie_msi_init: registered virq=38 irq_map[28]?
[    1.251997] bpcie_msi_init: virq=39 hwirq=0x1d domain=(____ptrval____) info=(____ptrval____) sc=(____ptrval____)?
[    1.252997] bpcie_msi_init: registered virq=39 irq_map[29]?
[    1.253996] bpcie_msi_init: virq=40 hwirq=0x1e domain=(____ptrval____) info=(____ptrval____) sc=(____ptrval____)?
[    1.254997] bpcie_msi_init: registered virq=40 irq_map[30]?
[    1.255996] bpcie_msi_init: virq=41 hwirq=0x1f domain=(____ptrval____) info=(____ptrval____) sc=(____ptrval____)?
[    1.256997] bpcie_msi_init: registered virq=41 irq_map[31]?
[    1.258037] baikal_pcie 0000:00:14.4: bpcie_msi_write_msg(fee00000, 000000ef) mask=0x0 irq=10 hwirq=0x0 (____ptrval____)?
[    1.259005] baikal_pcie 0000:00:14.4: bpcie_config_msi: func=4 subfunc=0 addr=fee00000 data=000000ef?
[    1.260012] baikal_pcie 0000:00:14.4: bpcie_msi_write_msg(fee00000, 000000ef) mask=0x0 irq=11 hwirq=0x1 (____ptrval____)?
[    1.260997] baikal_pcie 0000:00:14.4: bpcie_config_msi: func=4 subfunc=1 addr=fee00000 data=000000ef?
[    1.262004] baikal_pcie 0000:00:14.4: bpcie_msi_write_msg(fee00000, 000000ef) mask=0x0 irq=12 hwirq=0x2 (____ptrval____)?
[    1.262996] baikal_pcie 0000:00:14.4: bpcie_config_msi: func=4 subfunc=2 addr=fee00000 data=000000ef?
[    1.264004] baikal_pcie 0000:00:14.4: bpcie_msi_write_msg(fee00000, 000000ef) mask=0x0 irq=13 hwirq=0x3 (____ptrval____)?
[    1.264996] baikal_pcie 0000:00:14.4: bpcie_config_msi: func=4 subfunc=3 addr=fee00000 data=000000ef?
[    1.266004] baikal_pcie 0000:00:14.4: bpcie_msi_write_msg(fee00000, 000000ef) mask=0x0 irq=14 hwirq=0x4 (____ptrval____)?
[    1.266996] baikal_pcie 0000:00:14.4: bpcie_config_msi: func=4 subfunc=4 addr=fee00000 data=000000ef?
[    1.268004] baikal_pcie 0000:00:14.4: bpcie_msi_write_msg(fee00000, 000000ef) mask=0x0 irq=15 hwirq=0x5 (____ptrval____)?
[    1.268995] baikal_pcie 0000:00:14.4: bpcie_config_msi: func=4 subfunc=5 addr=fee00000 data=000000ef?
[    1.270003] baikal_pcie 0000:00:14.4: bpcie_msi_write_msg(fee00000, 000000ef) mask=0x0 irq=16 hwirq=0x6 (____ptrval____)?
[    1.270995] baikal_pcie 0000:00:14.4: bpcie_config_msi: func=4 subfunc=6 addr=fee00000 data=000000ef?
[    1.272003] baikal_pcie 0000:00:14.4: bpcie_msi_write_msg(fee00000, 000000ef) mask=0x0 irq=17 hwirq=0x7 (____ptrval____)?
[    1.272995] baikal_pcie 0000:00:14.4: bpcie_config_msi: func=4 subfunc=7 addr=fee00000 data=000000ef?
[    1.274002] baikal_pcie 0000:00:14.4: bpcie_msi_write_msg(fee00000, 000000ef) mask=0x0 irq=18 hwirq=0x8 (____ptrval____)?
[    1.274994] baikal_pcie 0000:00:14.4: bpcie_config_msi: func=4 subfunc=8 addr=fee00000 data=000000ef?
[    1.276002] baikal_pcie 0000:00:14.4: bpcie_msi_write_msg(fee00000, 000000ef) mask=0x0 irq=19 hwirq=0x9 (____ptrval____)?
[    1.276994] baikal_pcie 0000:00:14.4: bpcie_config_msi: func=4 subfunc=9 addr=fee00000 data=000000ef?
[    1.278002] baikal_pcie 0000:00:14.4: bpcie_msi_write_msg(fee00000, 000000ef) mask=0x0 irq=20 hwirq=0xa (____ptrval____)?
[    1.278994] baikal_pcie 0000:00:14.4: bpcie_config_msi: func=4 subfunc=10 addr=fee00000 data=000000ef?
[    1.280002] baikal_pcie 0000:00:14.4: bpcie_msi_write_msg(fee00000, 000000ef) mask=0x0 irq=21 hwirq=0xb (____ptrval____)?
[    1.280993] baikal_pcie 0000:00:14.4: bpcie_config_msi: func=4 subfunc=11 addr=fee00000 data=000000ef?
[    1.282001] baikal_pcie 0000:00:14.4: bpcie_msi_write_msg(fee00000, 000000ef) mask=0x0 irq=22 hwirq=0xc (____ptrval____)?
[    1.282993] baikal_pcie 0000:00:14.4: bpcie_config_msi: func=4 subfunc=12 addr=fee00000 data=000000ef?
[    1.284001] baikal_pcie 0000:00:14.4: bpcie_msi_write_msg(fee00000, 000000ef) mask=0x0 irq=23 hwirq=0xd (____ptrval____)?
[    1.284993] baikal_pcie 0000:00:14.4: bpcie_config_msi: func=4 subfunc=13 addr=fee00000 data=000000ef?
[    1.286001] baikal_pcie 0000:00:14.4: bpcie_msi_write_msg(fee00000, 000000ef) mask=0x0 irq=24 hwirq=0xe (____ptrval____)?
[    1.286994] baikal_pcie 0000:00:14.4: bpcie_config_msi: func=4 subfunc=14 addr=fee00000 data=000000ef?
[    1.288000] baikal_pcie 0000:00:14.4: bpcie_msi_write_msg(fee00000, 000000ef) mask=0x0 irq=25 hwirq=0xf (____ptrval____)?
[    1.288992] baikal_pcie 0000:00:14.4: bpcie_config_msi: func=4 subfunc=15 addr=fee00000 data=000000ef?
[    1.290000] baikal_pcie 0000:00:14.4: bpcie_msi_write_msg(fee00000, 000000ef) mask=0x0 irq=26 hwirq=0x10 (____ptrval____)?
[    1.290992] baikal_pcie 0000:00:14.4: bpcie_config_msi: func=4 subfunc=16 addr=fee00000 data=000000ef?
[    1.292000] baikal_pcie 0000:00:14.4: bpcie_msi_write_msg(fee00000, 000000ef) mask=0x0 irq=27 hwirq=0x11 (____ptrval____)?
[    1.292992] baikal_pcie 0000:00:14.4: bpcie_config_msi: func=4 subfunc=17 addr=fee00000 data=000000ef?
[    1.293999] baikal_pcie 0000:00:14.4: bpcie_msi_write_msg(fee00000, 000000ef) mask=0x0 irq=28 hwirq=0x12 (____ptrval____)?
[    1.294991] baikal_pcie 0000:00:14.4: bpcie_config_msi: func=4 subfunc=18 addr=fee00000 data=000000ef?
[    1.296001] baikal_pcie 0000:00:14.4: bpcie_msi_write_msg(fee00000, 000000ef) mask=0x0 irq=29 hwirq=0x13 (____ptrval____)?
[    1.296991] baikal_pcie 0000:00:14.4: bpcie_config_msi: func=4 subfunc=19 addr=fee00000 data=000000ef?
[    1.297999] baikal_pcie 0000:00:14.4: bpcie_msi_write_msg(fee00000, 000000ef) mask=0x0 irq=30 hwirq=0x14 (____ptrval____)?
[    1.298991] baikal_pcie 0000:00:14.4: bpcie_config_msi: func=4 subfunc=20 addr=fee00000 data=000000ef?
[    1.299999] baikal_pcie 0000:00:14.4: bpcie_msi_write_msg(fee00000, 000000ef) mask=0x0 irq=31 hwirq=0x15 (____ptrval____)?
[    1.300990] baikal_pcie 0000:00:14.4: bpcie_config_msi: func=4 subfunc=21 addr=fee00000 data=000000ef?
[    1.301998] baikal_pcie 0000:00:14.4: bpcie_msi_write_msg(fee00000, 000000ef) mask=0x0 irq=32 hwirq=0x16 (____ptrval____)?
[    1.302990] baikal_pcie 0000:00:14.4: bpcie_config_msi: func=4 subfunc=22 addr=fee00000 data=000000ef?
[    1.303998] baikal_pcie 0000:00:14.4: bpcie_msi_write_msg(fee00000, 000000ef) mask=0x0 irq=33 hwirq=0x17 (____ptrval____)?
[    1.305989] baikal_pcie 0000:00:14.4: bpcie_config_msi: func=4 subfunc=23 addr=fee00000 data=000000ef?
[    1.306997] baikal_pcie 0000:00:14.4: bpcie_msi_write_msg(fee00000, 000000ef) mask=0x0 irq=34 hwirq=0x18 (____ptrval____)?
[    1.307989] baikal_pcie 0000:00:14.4: bpcie_config_msi: func=4 subfunc=24 addr=fee00000 data=000000ef?
[    1.308997] baikal_pcie 0000:00:14.4: bpcie_msi_write_msg(fee00000, 000000ef) mask=0x0 irq=35 hwirq=0x19 (____ptrval____)?
[    1.309989] baikal_pcie 0000:00:14.4: bpcie_config_msi: func=4 subfunc=25 addr=fee00000 data=000000ef?
[    1.310997] baikal_pcie 0000:00:14.4: bpcie_msi_write_msg(fee00000, 000000ef) mask=0x0 irq=36 hwirq=0x1a (____ptrval____)?
[    1.311989] baikal_pcie 0000:00:14.4: bpcie_config_msi: func=4 subfunc=26 addr=fee00000 data=000000ef?
[    1.312997] baikal_pcie 0000:00:14.4: bpcie_msi_write_msg(fee00000, 000000ef) mask=0x0 irq=37 hwirq=0x1b (____ptrval____)?
[    1.313988] baikal_pcie 0000:00:14.4: bpcie_config_msi: func=4 subfunc=27 addr=fee00000 data=000000ef?
[    1.314996] baikal_pcie 0000:00:14.4: bpcie_msi_write_msg(fee00000, 000000ef) mask=0x0 irq=38 hwirq=0x1c (____ptrval____)?
[    1.315988] baikal_pcie 0000:00:14.4: bpcie_config_msi: func=4 subfunc=28 addr=fee00000 data=000000ef?
[    1.316996] baikal_pcie 0000:00:14.4: bpcie_msi_write_msg(fee00000, 000000ef) mask=0x0 irq=39 hwirq=0x1d (____ptrval____)?
[    1.317988] baikal_pcie 0000:00:14.4: bpcie_config_msi: func=4 subfunc=29 addr=fee00000 data=000000ef?
[    1.318996] baikal_pcie 0000:00:14.4: bpcie_msi_write_msg(fee00000, 000000ef) mask=0x0 irq=40 hwirq=0x1e (____ptrval____)?
[    1.319988] baikal_pcie 0000:00:14.4: bpcie_config_msi: func=4 subfunc=30 addr=fee00000 data=000000ef?
[    1.320995] baikal_pcie 0000:00:14.4: bpcie_msi_write_msg(fee00000, 000000ef) mask=0x0 irq=41 hwirq=0x1f (____ptrval____)?
[    1.321987] baikal_pcie 0000:00:14.4: bpcie_config_msi: func=4 subfunc=31 addr=fee00000 data=000000ef?
[    1.323089] baikal_pcie 0000:00:14.4: dev->irq=10?
[    1.325074] baikal_pcie 0000:00:14.4: Failed to register serial port 0?
[    1.325987] baikal_pcie 0000:00:14.4: UART init failed (-5); continuing without serial console?
[    1.326996] bpcie_icc_init: msi_desc msi_index=0 irq=10?
[    1.327986] bpcie_icc_init: ICC subfunc 3 -> bpcie_irqnum=13 found_virq=-1?
[    1.328993] baikal_pcie 0000:00:14.4: bpcie_msi_write_msg(fee01000, 00000020) mask=0x0 irq=13 hwirq=0x3 (____ptrval____)?
[    1.329981] baikal_pcie 0000:00:14.4: bpcie_config_msi: func=4 subfunc=3 addr=fee01000 data=00000020?
[    1.329981] baikal_pcie 0000:00:14.4: bpcie_msi_write_msg(fee01000, 00000020) mask=0x0 irq=13 hwirq=0x3 (____ptrval____)?
[    1.329981] baikal_pcie 0000:00:14.4: bpcie_config_msi: func=4 subfunc=3 addr=fee01000 data=00000020?
[    1.330003] genirq: Flags mismatch irq 0. 00200080 (icc-shotgun) vs. 00000000 (AMD-Vi)?
[    1.330995] baikal_pcie 0000:00:14.4: bpcie_msi_write_msg(fee02000, 00000020) mask=0x0 irq=10 hwirq=0x0 (____ptrval____)?
[    1.331981] baikal_pcie 0000:00:14.4: bpcie_config_msi: func=4 subfunc=0 addr=fee02000 data=00000020?
[    1.331981] baikal_pcie 0000:00:14.4: bpcie_msi_write_msg(fee02000, 00000020) mask=0x0 irq=10 hwirq=0x0 (____ptrval____)?
[    1.331981] baikal_pcie 0000:00:14.4: bpcie_config_msi: func=4 subfunc=0 addr=fee02000 data=00000020?
[    1.332000] baikal_pcie 0000:00:14.4: bpcie_msi_write_msg(fee03000, 00000020) mask=0x0 irq=11 hwirq=0x1 (____ptrval____)?
[    1.332981] baikal_pcie 0000:00:14.4: bpcie_config_msi: func=4 subfunc=1 addr=fee03000 data=00000020?
[    1.332981] baikal_pcie 0000:00:14.4: bpcie_msi_write_msg(fee03000, 00000020) mask=0x0 irq=11 hwirq=0x1 (____ptrval____)?
[    1.332981] baikal_pcie 0000:00:14.4: bpcie_config_msi: func=4 subfunc=1 addr=fee03000 data=00000020?
[    1.332996] baikal_pcie 0000:00:14.4: bpcie_msi_write_msg(fee04000, 00000020) mask=0x0 irq=12 hwirq=0x2 (____ptrval____)?
[    1.333981] baikal_pcie 0000:00:14.4: bpcie_config_msi: func=4 subfunc=2 addr=fee04000 data=00000020?
[    1.333981] baikal_pcie 0000:00:14.4: bpcie_msi_write_msg(fee04000, 00000020) mask=0x0 irq=12 hwirq=0x2 (____ptrval____)?
[    1.333981] baikal_pcie 0000:00:14.4: bpcie_config_msi: func=4 subfunc=2 addr=fee04000 data=00000020?
[    1.334001] baikal_pcie 0000:00:14.4: bpcie_msi_write_msg(fee05000, 00000020) mask=0x0 irq=14 hwirq=0x4 (____ptrval____)?
[    1.334981] baikal_pcie 0000:00:14.4: bpcie_config_msi: func=4 subfunc=4 addr=fee05000 data=00000020?
[    1.334981] baikal_pcie 0000:00:14.4: bpcie_msi_write_msg(fee05000, 00000020) mask=0x0 irq=14 hwirq=0x4 (____ptrval____)?
[    1.334981] baikal_pcie 0000:00:14.4: bpcie_config_msi: func=4 subfunc=4 addr=fee05000 data=00000020?
[    1.334996] baikal_pcie 0000:00:14.4: bpcie_msi_write_msg(fee06000, 00000020) mask=0x0 irq=15 hwirq=0x5 (____ptrval____)?
[    1.335980] baikal_pcie 0000:00:14.4: bpcie_config_msi: func=4 subfunc=5 addr=fee06000 data=00000020?
[    1.335980] baikal_pcie 0000:00:14.4: bpcie_msi_write_msg(fee06000, 00000020) mask=0x0 irq=15 hwirq=0x5 (____ptrval____)?
[    1.335980] baikal_pcie 0000:00:14.4: bpcie_config_msi: func=4 subfunc=5 addr=fee06000 data=00000020?
[    1.335999] baikal_pcie 0000:00:14.4: bpcie_msi_write_msg(fee07000, 00000020) mask=0x0 irq=16 hwirq=0x6 (____ptrval____)?
[    1.336980] baikal_pcie 0000:00:14.4: bpcie_config_msi: func=4 subfunc=6 addr=fee07000 data=00000020?
[    1.336980] baikal_pcie 0000:00:14.4: bpcie_msi_write_msg(fee07000, 00000020) mask=0x0 irq=16 hwirq=0x6 (____ptrval____)?
[    1.336980] baikal_pcie 0000:00:14.4: bpcie_config_msi: func=4 subfunc=6 addr=fee07000 data=00000020?
[    1.336995] baikal_pcie 0000:00:14.4: bpcie_msi_write_msg(fee00000, 00000021) mask=0x0 irq=17 hwirq=0x7 (____ptrval____)?
[    1.337980] baikal_pcie 0000:00:14.4: bpcie_config_msi: func=4 subfunc=7 addr=fee00000 data=00000021?
[    1.337980] baikal_pcie 0000:00:14.4: bpcie_msi_write_msg(fee00000, 00000021) mask=0x0 irq=17 hwirq=0x7 (____ptrval____)?
[    1.337980] baikal_pcie 0000:00:14.4: bpcie_config_msi: func=4 subfunc=7 addr=fee00000 data=00000021?
[    1.338008] baikal_pcie 0000:00:14.4: bpcie_msi_write_msg(fee01000, 00000021) mask=0x0 irq=18 hwirq=0x8 (____ptrval____)?
[    1.338980] baikal_pcie 0000:00:14.4: bpcie_config_msi: func=4 subfunc=8 addr=fee01000 data=00000021?
[    1.338980] baikal_pcie 0000:00:14.4: bpcie_msi_write_msg(fee01000, 00000021) mask=0x0 irq=18 hwirq=0x8 (____ptrval____)?
[    1.338980] baikal_pcie 0000:00:14.4: bpcie_config_msi: func=4 subfunc=8 addr=fee01000 data=00000021?
[    1.338995] baikal_pcie 0000:00:14.4: bpcie_msi_write_msg(fee02000, 00000021) mask=0x0 irq=19 hwirq=0x9 (____ptrval____)?
[    1.339980] baikal_pcie 0000:00:14.4: bpcie_config_msi: func=4 subfunc=9 addr=fee02000 data=00000021?
[    1.339980] baikal_pcie 0000:00:14.4: bpcie_msi_write_msg(fee02000, 00000021) mask=0x0 irq=19 hwirq=0x9 (____ptrval____)?
[    1.339980] baikal_pcie 0000:00:14.4: bpcie_config_msi: func=4 subfunc=9 addr=fee02000 data=00000021?
[    1.339994] baikal_pcie 0000:00:14.4: bpcie_msi_write_msg(fee03000, 00000021) mask=0x0 irq=20 hwirq=0xa (____ptrval____)?
[    1.340980] baikal_pcie 0000:00:14.4: bpcie_config_msi: func=4 subfunc=10 addr=fee03000 data=00000021?
[    1.340980] baikal_pcie 0000:00:14.4: bpcie_msi_write_msg(fee03000, 00000021) mask=0x0 irq=20 hwirq=0xa (____ptrval____)?
[    1.340980] baikal_pcie 0000:00:14.4: bpcie_config_msi: func=4 subfunc=10 addr=fee03000 data=00000021?
[    1.340997] baikal_pcie 0000:00:14.4: bpcie_msi_write_msg(fee04000, 00000021) mask=0x0 irq=21 hwirq=0xb (____ptrval____)?
[    1.341980] baikal_pcie 0000:00:14.4: bpcie_config_msi: func=4 subfunc=11 addr=fee04000 data=00000021?
[    1.341980] baikal_pcie 0000:00:14.4: bpcie_msi_write_msg(fee04000, 00000021) mask=0x0 irq=21 hwirq=0xb (____ptrval____)?
[    1.341980] baikal_pcie 0000:00:14.4: bpcie_config_msi: func=4 subfunc=11 addr=fee04000 data=00000021?
[    1.341994] baikal_pcie 0000:00:14.4: bpcie_msi_write_msg(fee05000, 00000021) mask=0x0 irq=22 hwirq=0xc (____ptrval____)?
[    1.342979] baikal_pcie 0000:00:14.4: bpcie_config_msi: func=4 subfunc=12 addr=fee05000 data=00000021?
[    1.342979] baikal_pcie 0000:00:14.4: bpcie_msi_write_msg(fee05000, 00000021) mask=0x0 irq=22 hwirq=0xc (____ptrval____)?
[    1.342979] baikal_pcie 0000:00:14.4: bpcie_config_msi: func=4 subfunc=12 addr=fee05000 data=00000021?
[    1.342997] baikal_pcie 0000:00:14.4: bpcie_msi_write_msg(fee06000, 00000021) mask=0x0 irq=23 hwirq=0xd (____ptrval____)?
[    1.343979] baikal_pcie 0000:00:14.4: bpcie_config_msi: func=4 subfunc=13 addr=fee06000 data=00000021?
[    1.343979] baikal_pcie 0000:00:14.4: bpcie_msi_write_msg(fee06000, 00000021) mask=0x0 irq=23 hwirq=0xd (____ptrval____)?
[    1.343979] baikal_pcie 0000:00:14.4: bpcie_config_msi: func=4 subfunc=13 addr=fee06000 data=00000021?
[    1.343994] baikal_pcie 0000:00:14.4: bpcie_msi_write_msg(fee07000, 00000021) mask=0x0 irq=24 hwirq=0xe (____ptrval____)?
[    1.344979] baikal_pcie 0000:00:14.4: bpcie_config_msi: func=4 subfunc=14 addr=fee07000 data=00000021?
[    1.344979] baikal_pcie 0000:00:14.4: bpcie_msi_write_msg(fee07000, 00000021) mask=0x0 irq=24 hwirq=0xe (____ptrval____)?
[    1.344979] baikal_pcie 0000:00:14.4: bpcie_config_msi: func=4 subfunc=14 addr=fee07000 data=00000021?
[    1.344997] baikal_pcie 0000:00:14.4: bpcie_msi_write_msg(fee00000, 00000022) mask=0x0 irq=25 hwirq=0xf (____ptrval____)?
[    1.345979] baikal_pcie 0000:00:14.4: bpcie_config_msi: func=4 subfunc=15 addr=fee00000 data=00000022?
[    1.345979] baikal_pcie 0000:00:14.4: bpcie_msi_write_msg(fee00000, 00000022) mask=0x0 irq=25 hwirq=0xf (____ptrval____)?
[    1.345979] baikal_pcie 0000:00:14.4: bpcie_config_msi: func=4 subfunc=15 addr=fee00000 data=00000022?
[    1.345994] baikal_pcie 0000:00:14.4: bpcie_msi_write_msg(fee01000, 00000022) mask=0x0 irq=26 hwirq=0x10 (____ptrval____)?
[    1.346979] baikal_pcie 0000:00:14.4: bpcie_config_msi: func=4 subfunc=16 addr=fee01000 data=00000022?
[    1.346979] baikal_pcie 0000:00:14.4: bpcie_msi_write_msg(fee01000, 00000022) mask=0x0 irq=26 hwirq=0x10 (____ptrval____)?
[    1.346979] baikal_pcie 0000:00:14.4: bpcie_config_msi: func=4 subfunc=16 addr=fee01000 data=00000022?
[    1.346993] baikal_pcie 0000:00:14.4: bpcie_msi_write_msg(fee02000, 00000022) mask=0x0 irq=27 hwirq=0x11 (____ptrval____)?
[    1.347979] baikal_pcie 0000:00:14.4: bpcie_config_msi: func=4 subfunc=17 addr=fee02000 data=00000022?
[    1.347979] baikal_pcie 0000:00:14.4: bpcie_msi_write_msg(fee02000, 00000022) mask=0x0 irq=27 hwirq=0x11 (____ptrval____)?
[    1.347979] baikal_pcie 0000:00:14.4: bpcie_config_msi: func=4 subfunc=17 addr=fee02000 data=00000022?
[    1.347996] baikal_pcie 0000:00:14.4: bpcie_msi_write_msg(fee03000, 00000022) mask=0x0 irq=28 hwirq=0x12 (____ptrval____)?
[    1.348979] baikal_pcie 0000:00:14.4: bpcie_config_msi: func=4 subfunc=18 addr=fee03000 data=00000022?
[    1.348979] baikal_pcie 0000:00:14.4: bpcie_msi_write_msg(fee03000, 00000022) mask=0x0 irq=28 hwirq=0x12 (____ptrval____)?
[    1.348979] baikal_pcie 0000:00:14.4: bpcie_config_msi: func=4 subfunc=18 addr=fee03000 data=00000022?
[    1.348993] baikal_pcie 0000:00:14.4: bpcie_msi_write_msg(fee04000, 00000022) mask=0x0 irq=29 hwirq=0x13 (____ptrval____)?
[    1.349978] baikal_pcie 0000:00:14.4: bpcie_config_msi: func=4 subfunc=19 addr=fee04000 data=00000022?
[    1.349978] baikal_pcie 0000:00:14.4: bpcie_msi_write_msg(fee04000, 00000022) mask=0x0 irq=29 hwirq=0x13 (____ptrval____)?
[    1.349978] baikal_pcie 0000:00:14.4: bpcie_config_msi: func=4 subfunc=19 addr=fee04000 data=00000022?
[    1.349996] baikal_pcie 0000:00:14.4: bpcie_msi_write_msg(fee05000, 00000022) mask=0x0 irq=30 hwirq=0x14 (____ptrval____)?
[    1.350978] baikal_pcie 0000:00:14.4: bpcie_config_msi: func=4 subfunc=20 addr=fee05000 data=00000022?
[    1.350978] baikal_pcie 0000:00:14.4: bpcie_msi_write_msg(fee05000, 00000022) mask=0x0 irq=30 hwirq=0x14 (____ptrval____)?
[    1.350978] baikal_pcie 0000:00:14.4: bpcie_config_msi: func=4 subfunc=20 addr=fee05000 data=00000022?
[    1.350996] baikal_pcie 0000:00:14.4: bpcie_msi_write_msg(fee06000, 00000022) mask=0x0 irq=31 hwirq=0x15 (____ptrval____)?
[    1.351978] baikal_pcie 0000:00:14.4: bpcie_config_msi: func=4 subfunc=21 addr=fee06000 data=00000022?
[    1.351978] baikal_pcie 0000:00:14.4: bpcie_msi_write_msg(fee06000, 00000022) mask=0x0 irq=31 hwirq=0x15 (____ptrval____)?
[    1.351978] baikal_pcie 0000:00:14.4: bpcie_config_msi: func=4 subfunc=21 addr=fee06000 data=00000022?
[    1.351996] baikal_pcie 0000:00:14.4: bpcie_msi_write_msg(fee07000, 00000022) mask=0x0 irq=32 hwirq=0x16 (____ptrval____)?
[    1.352978] baikal_pcie 0000:00:14.4: bpcie_config_msi: func=4 subfunc=22 addr=fee07000 data=00000022?
[    1.352978] baikal_pcie 0000:00:14.4: bpcie_msi_write_msg(fee07000, 00000022) mask=0x0 irq=32 hwirq=0x16 (____ptrval____)?
[    1.352978] baikal_pcie 0000:00:14.4: bpcie_config_msi: func=4 subfunc=22 addr=fee07000 data=00000022?
[    1.352993] baikal_pcie 0000:00:14.4: bpcie_msi_write_msg(fee00000, 00000023) mask=0x0 irq=33 hwirq=0x17 (____ptrval____)?
[    1.353978] baikal_pcie 0000:00:14.4: bpcie_config_msi: func=4 subfunc=23 addr=fee00000 data=00000023?
[    1.353978] baikal_pcie 0000:00:14.4: bpcie_msi_write_msg(fee00000, 00000023) mask=0x0 irq=33 hwirq=0x17 (____ptrval____)?
[    1.353978] baikal_pcie 0000:00:14.4: bpcie_config_msi: func=4 subfunc=23 addr=fee00000 data=00000023?
[    1.353992] baikal_pcie 0000:00:14.4: bpcie_msi_write_msg(fee01000, 00000023) mask=0x0 irq=34 hwirq=0x18 (____ptrval____)?
[    1.354978] baikal_pcie 0000:00:14.4: bpcie_config_msi: func=4 subfunc=24 addr=fee01000 data=00000023?
[    1.354978] baikal_pcie 0000:00:14.4: bpcie_msi_write_msg(fee01000, 00000023) mask=0x0 irq=34 hwirq=0x18 (____ptrval____)?
[    1.354978] baikal_pcie 0000:00:14.4: bpcie_config_msi: func=4 subfunc=24 addr=fee01000 data=00000023?
[    1.354995] baikal_pcie 0000:00:14.4: bpcie_msi_write_msg(fee02000, 00000023) mask=0x0 irq=35 hwirq=0x19 (____ptrval____)?
[    1.355977] baikal_pcie 0000:00:14.4: bpcie_config_msi: func=4 subfunc=25 addr=fee02000 data=00000023?
[    1.355977] baikal_pcie 0000:00:14.4: bpcie_msi_write_msg(fee02000, 00000023) mask=0x0 irq=35 hwirq=0x19 (____ptrval____)?
[    1.355977] baikal_pcie 0000:00:14.4: bpcie_config_msi: func=4 subfunc=25 addr=fee02000 data=00000023?
[    1.355992] baikal_pcie 0000:00:14.4: bpcie_msi_write_msg(fee03000, 00000023) mask=0x0 irq=36 hwirq=0x1a (____ptrval____)?
[    1.356977] baikal_pcie 0000:00:14.4: bpcie_config_msi: func=4 subfunc=26 addr=fee03000 data=00000023?
[    1.356977] baikal_pcie 0000:00:14.4: bpcie_msi_write_msg(fee03000, 00000023) mask=0x0 irq=36 hwirq=0x1a (____ptrval____)?
[    1.356977] baikal_pcie 0000:00:14.4: bpcie_config_msi: func=4 subfunc=26 addr=fee03000 data=00000023?
[    1.356995] baikal_pcie 0000:00:14.4: bpcie_msi_write_msg(fee04000, 00000023) mask=0x0 irq=37 hwirq=0x1b (____ptrval____)?
[    1.357977] baikal_pcie 0000:00:14.4: bpcie_config_msi: func=4 subfunc=27 addr=fee04000 data=00000023?
[    1.357977] baikal_pcie 0000:00:14.4: bpcie_msi_write_msg(fee04000, 00000023) mask=0x0 irq=37 hwirq=0x1b (____ptrval____)?
[    1.357977] baikal_pcie 0000:00:14.4: bpcie_config_msi: func=4 subfunc=27 addr=fee04000 data=00000023?
[    1.357992] baikal_pcie 0000:00:14.4: bpcie_msi_write_msg(fee05000, 00000023) mask=0x0 irq=38 hwirq=0x1c (____ptrval____)?
[    1.358977] baikal_pcie 0000:00:14.4: bpcie_config_msi: func=4 subfunc=28 addr=fee05000 data=00000023?
[    1.358977] baikal_pcie 0000:00:14.4: bpcie_msi_write_msg(fee05000, 00000023) mask=0x0 irq=38 hwirq=0x1c (____ptrval____)?
[    1.358977] baikal_pcie 0000:00:14.4: bpcie_config_msi: func=4 subfunc=28 addr=fee05000 data=00000023?
[    1.358995] baikal_pcie 0000:00:14.4: bpcie_msi_write_msg(fee06000, 00000023) mask=0x0 irq=39 hwirq=0x1d (____ptrval____)?
[    1.359977] baikal_pcie 0000:00:14.4: bpcie_config_msi: func=4 subfunc=29 addr=fee06000 data=00000023?
[    1.359977] baikal_pcie 0000:00:14.4: bpcie_msi_write_msg(fee06000, 00000023) mask=0x0 irq=39 hwirq=0x1d (____ptrval____)?
[    1.359977] baikal_pcie 0000:00:14.4: bpcie_config_msi: func=4 subfunc=29 addr=fee06000 data=00000023?
[    1.359992] baikal_pcie 0000:00:14.4: bpcie_msi_write_msg(fee07000, 00000023) mask=0x0 irq=40 hwirq=0x1e (____ptrval____)?
[    1.360977] baikal_pcie 0000:00:14.4: bpcie_config_msi: func=4 subfunc=30 addr=fee07000 data=00000023?
[    1.360977] baikal_pcie 0000:00:14.4: bpcie_msi_write_msg(fee07000, 00000023) mask=0x0 irq=40 hwirq=0x1e (____ptrval____)?
[    1.360977] baikal_pcie 0000:00:14.4: bpcie_config_msi: func=4 subfunc=30 addr=fee07000 data=00000023?
[    1.360991] baikal_pcie 0000:00:14.4: bpcie_msi_write_msg(fee00000, 00000024) mask=0x0 irq=41 hwirq=0x1f (____ptrval____)?
[    1.361977] baikal_pcie 0000:00:14.4: bpcie_config_msi: func=4 subfunc=31 addr=fee00000 data=00000024?
[    1.361977] baikal_pcie 0000:00:14.4: bpcie_msi_write_msg(fee00000, 00000024) mask=0x0 irq=41 hwirq=0x1f (____ptrval____)?
[    1.361977] baikal_pcie 0000:00:14.4: bpcie_config_msi: func=4 subfunc=31 addr=fee00000 data=00000024?
[    1.361994] bpcie_icc_init: shotgun-registered ICC at 32 additional virqs (0..63)?
[    1.362989] baikal_pcie 0000:00:14.4: icc init-diag: ICC virq=13 STATUS=0x0 IRQ_MASK=0x3 DOORBELL_off=0x108004 STATUS_off=0x108014?
[    1.364013] i2c i2c-0: adapter [icc] registered?
[    1.365980] icc_interrupt: irq=35 entry status=0x2?
[    1.367003] icc_interrupt: irq=0 entry status=0x2?
[    1.385979] icc_interrupt: irq=35 entry status=0x1?
[    1.386984] icc_interrupt: irq=0 entry status=0x1?
[    1.388978] Turn ON BT/WLAN: ret=20, reply 00 00 00 00?
[    1.388975] icc_interrupt: irq=35 entry status=0x2?
[    1.389982] icc_interrupt: irq=0 entry status=0x2?
[    1.392977] usb0 status: ret=20, reply 00 00 01 00?
[    1.392981] USB is already turned ON!?
[    1.394047] input: Power Button as /devices/pci0000:00/0000:00:14.4/input/input0?
[    1.396979] icc_interrupt: irq=0 entry status=0x2?
[    1.396974] icc_interrupt: irq=35 entry status=0x2?
[    1.409973] icc_interrupt: irq=35 entry status=0x1?
[    1.410980] icc_interrupt: irq=0 entry status=0x1?
[    1.412974] icc: not ready?
[    1.413974] baikal_pcie 0000:00:14.4: icc_pwrbutton_init: Failed to enable reset notifications (-11)?
[    1.433975] ret=46, reply 00 00 03 00 00 00 15 00?
[    1.445972] ret=20, reply 00 00 01 02 10 00 00 00?
[    1.457971] ret=20, reply 00 00 00 00 00 00 00 00?
[    1.459074] wireguard: WireGuard 1.0.0 loaded. See www.wireguard.com for information.?
[    1.460965] wireguard: Copyright (C) 2015-2019 Jason A. Donenfeld <Jason@zx2c4.com>. All Rights Reserved.?
[    1.463379] sky2: driver version 1.30?
[    1.464041] ps4_mts 0000:00:14.1: Baikal MTS: BAR0=[mem 0xc2000000-0xc2000fff 64bit], mapped at (____ptrval____)?
[    1.464984] ps4_mts 0000:00:14.1: DMA rings: TX=0x000000000103e000 RX=0x000000000103f000 (each 4096 bytes, zeroed)?
[    1.465975] bpcie_init_dev_msi_info: dev=0000:00:14.1 installed bpcie demuxer (sc=(____ptrval____))?
[    1.466999] bpcie_msi_init: virq=1 hwirq=0x0 domain=(____ptrval____) info=(____ptrval____) sc=(____ptrval____)?
[    1.467968] bpcie_msi_init: registered virq=1 irq_map[32]?
[    1.468969] ps4_mts 0000:00:14.1: bpcie_msi_write_msg(fee00000, 000000ef) mask=0x0 irq=1 hwirq=0x0 (____ptrval____)?
[    1.469972] baikal_pcie 0000:00:14.4: bpcie_config_msi: func=1 subfunc=0 addr=fee00000 data=000000ef?
[    1.470990] ps4_mts 0000:00:14.1: bpcie_msi_write_msg(fee01000, 00000024) mask=0x0 irq=1 hwirq=0x0 (____ptrval____)?
[    1.471960] baikal_pcie 0000:00:14.4: bpcie_config_msi: func=1 subfunc=0 addr=fee01000 data=00000024?
[    1.471960] ps4_mts 0000:00:14.1: bpcie_msi_write_msg(fee01000, 00000024) mask=0x0 irq=1 hwirq=0x0 (____ptrval____)?
[    1.471960] baikal_pcie 0000:00:14.4: bpcie_config_msi: func=1 subfunc=0 addr=fee01000 data=00000024?
[    1.471974] ps4_mts 0000:00:14.1: registered ISR on IRQ 1 (MSI)?
[    1.992630] ps4_mts 0000:00:14.1: PHY PLL: MMD 0x1f reg 0x403 read 0x1000 (bit 5 PLL_OFF=0)?
[    1.991888] ps4_mts 0000:00:14.1: ISR: NEW pattern slot[0] = 0x00040000 (total=1)?
[    1.992913] ps4_mts 0000:00:14.1: PHY PLL: wrote MMD 0x1f reg 0x403 <- 0x1050 (PLL on, bypass mode)?
[    1.994911] ps4_mts 0000:00:14.1: PHY PLL: readback MMD 0x1f reg 0x403 = 0x1050?
[    1.996940] ps4_mts 0000:00:14.1: v87 tail: MMD 0x1e reg 0x330 0x0000 -> 0x0000 (cleared bit 12)?
[    1.997911] ps4_mts 0000:00:14.1: v87 tail: ANAR 0x01e1 -> 0x01e1 (mask 0xf3ff)?
[    1.998955] ps4_mts 0000:00:14.1: v88(a): near-echo MMD0x1e r0xa6: 0x0000 -> 0x0300?
[    1.999946] ps4_mts 0000:00:14.1: v88(b): RX ADC bias MMD0x1e r0xc6: 0x53aa -> 0x53aa?
[    2.000943] ps4_mts 0000:00:14.1: v88(c): 100M MSE MMD0x1e r0x123 = 0xffff?
[    2.001961] ps4_mts 0000:00:14.1: v88(d): SlvDPSready TR read = 0x00060671 (current SlvDPSready=0x0c)?
[    2.002927] ps4_mts 0000:00:14.1: v88(d): SlvDPSready TR write = 0x002f0671 (SlvDPSready=0x5e)?
[    2.003960] ps4_mts 0000:00:14.1: v88(e): EN_DOWNSHIFT page1 reg0x14: 0x3a45 -> 0x3a55?
[    2.004934] ps4_mts 0000:00:14.1: v88(f): 1000BT_CTRL reg9: 0x0200 -> 0x0000 (no 1000BT advertise)?
[    2.005916] ps4_mts 0000:00:14.1: v88 final: BMCR 0x1040 -> 0x1240 (AN restart after DSP corrections)?
[    2.006891] ps4_mts 0000:00:14.1: engines started: BAR+0x34=0x00000001 BAR+0x38=0x00000008?
[    2.006885] ps4_mts 0000:00:14.1: ISR: NEW pattern slot[1] = 0x00040040 (total=513)?
[    2.007882] ps4_mts 0000:00:14.1: SMI sweep:?
[    2.007897] ps4_mts 0000:00:14.1:   reg  0 = 0x1040?
[    2.010899] ps4_mts 0000:00:14.1:   reg  1 = 0x7949?
[    2.011899] ps4_mts 0000:00:14.1:   reg  2 = 0x03a2?
[    2.012901] ps4_mts 0000:00:14.1:   reg  3 = 0x9441?
[    2.013896] ps4_mts 0000:00:14.1:   reg  4 = 0x01e1?
[    2.015881] ps4_mts 0000:00:14.1:   reg  5 = 0xc5e1?
[    2.016896] ps4_mts 0000:00:14.1:   reg  6 = 0x0006?
[    2.017898] ps4_mts 0000:00:14.1:   reg  7 = 0x2001?
[    2.018900] ps4_mts 0000:00:14.1:   reg  8 = 0x4ca8?
[    2.019897] ps4_mts 0000:00:14.1:   reg  9 = 0x0000?
[    2.020897] ps4_mts 0000:00:14.1:   reg 10 = 0x4000?
[    2.021899] ps4_mts 0000:00:14.1:   reg 11 = 0x0000?
[    2.022897] ps4_mts 0000:00:14.1:   reg 12 = 0x0000?
[    2.023896] ps4_mts 0000:00:14.1:   reg 13 = 0x0000?
[    2.024894] ps4_mts 0000:00:14.1:   reg 14 = 0x0000?
[    2.025894] ps4_mts 0000:00:14.1:   reg 15 = 0x2000?
[    2.026897] ps4_mts 0000:00:14.1:   reg 16 = 0x0000?
[    2.027894] ps4_mts 0000:00:14.1:   reg 17 = 0x6000?
[    2.028889] ps4_mts 0000:00:14.1:   reg 18 = 0x0048?
[    2.029894] ps4_mts 0000:00:14.1:   reg 19 = 0x0000?
[    2.030896] ps4_mts 0000:00:14.1:   reg 20 = 0x0000?
[    2.031893] ps4_mts 0000:00:14.1:   reg 21 = 0x0002?
[    2.032895] ps4_mts 0000:00:14.1:   reg 22 = 0x3040?
[    2.033898] ps4_mts 0000:00:14.1:   reg 23 = 0x00a0?
[    2.034893] ps4_mts 0000:00:14.1:   reg 24 = 0x0004?
[    2.035895] ps4_mts 0000:00:14.1:   reg 25 = 0x0000?
[    2.036895] ps4_mts 0000:00:14.1:   reg 26 = 0x2480?
[    2.037897] ps4_mts 0000:00:14.1:   reg 27 = 0x0000?
[    2.038894] ps4_mts 0000:00:14.1:   reg 28 = 0x8000?
[    2.039894] ps4_mts 0000:00:14.1:   reg 29 = 0x0000?
[    2.040894] ps4_mts 0000:00:14.1:   reg 30 = 0x0000?
[    2.041892] ps4_mts 0000:00:14.1:   reg 31 = 0x0000?
[    2.042908] ps4_mts 0000:00:14.1: PHY ID1=0x03a2 ID2=0x9441?
[    2.043932] ps4_mts 0000:00:14.1: phy_ctrl: linkreg changed 0xffffffff -> 0x00000b18?
[    2.044357] xhci_aeolia 0000:00:14.7: bpcie_assign_irqs(3)?
[    2.044906] ps4_mts 0000:00:14.1: phy_ctrl: BMSR latch=0x7949 current=0x7949 (link@phy=0 AN@phy=0)?
[    2.045887] bpcie_init_dev_msi_info: dev=0000:00:14.7 installed bpcie demuxer (sc=(____ptrval____))?
[    2.046896] ps4_mts 0000:00:14.1: phy_ctrl: LP ABILITY (reg5)=0x0000 (RF=0 ACK=0 100TX_FD=0 100TX=0 10T_FD=0 10T=0)?
[    2.047916] bpcie_msi_init: virq=2 hwirq=0x0 domain=(____ptrval____) info=(____ptrval____) sc=(____ptrval____)?
[    2.048895] ps4_mts 0000:00:14.1: phy_ctrl: 1000BT_STAT (reg10)=0x4000 (MS_FAULT=0 MS_CFG=1 L_RX_OK=0 R_RX_OK=0 LP_FD=0 LP_HD=0)?
[    2.049877] bpcie_msi_init: registered virq=2 irq_map[33]?
[    2.049944] ps4_mts 0000:00:14.1: phy_ctrl: AN restart (iter=0, BMCR<-0x1200, reason=first)?
[    2.050879] xhci_aeolia 0000:00:14.7: bpcie_msi_write_msg(fee00000, 000000ef) mask=0x0 irq=2 hwirq=0x0 (____ptrval____)?
[    2.053882] baikal_pcie 0000:00:14.4: bpcie_config_msi: func=7 subfunc=0 addr=fee00000 data=000000ef?
[    2.055883] xhci_aeolia 0000:00:14.7: bpcie_assign_irqs returning 1?
[    2.056879] xhci_aeolia 0000:00:14.7: version 3.0?
[    2.057887] xhci_aeolia 0000:00:14.7: Belize SATA PHY init?
[    3.059968] xhci_aeolia 0000:00:14.7: PHY SET GEN3?
[    3.060723] xhci_aeolia 0000:00:14.7: Belize SATA PHY Trace length : 6?
[    3.063741] ps4_mts 0000:00:14.1: link DOWN (linkreg=0x00000b18, BMSR=0x7949)?
[    4.056813] xhci_aeolia 0000:00:14.7: Align 90=0x00?
[    4.057620] xhci_aeolia 0000:00:14.7: AHCI vers 0001.0300, 32 command slots, 6 Gbps, ATA mode?
[    4.066573] xhci_aeolia 0000:00:14.7: 1/1 ports implemented (port mask 0x1)?
[    4.073567] xhci_aeolia 0000:00:14.7: flags: ncq sntf pm clo only pmp pio slum part ccc apst ?
[    4.082630] xhci_aeolia 0000:00:14.7: bpcie_msi_write_msg(fee02000, 00000024) mask=0x0 irq=2 hwirq=0x0 (____ptrval____)?
[    4.083563] baikal_pcie 0000:00:14.4: bpcie_config_msi: func=7 subfunc=0 addr=fee02000 data=00000024?
[    4.083563] xhci_aeolia 0000:00:14.7: bpcie_msi_write_msg(fee02000, 00000024) mask=0x0 irq=2 hwirq=0x0 (____ptrval____)?
[    4.083563] baikal_pcie 0000:00:14.4: bpcie_config_msi: func=7 subfunc=0 addr=fee02000 data=00000024?
[    4.123602] scsi host0: ahci?
[    4.126659] ata1: SATA max UDMA/133 abar m65536@0xce800000 port 0xce800100 irq 2 lpm-pol 0?
[    4.185560] xhci_aeolia_probe_one 0, controller is 90de?
[    4.190585] xhci_aeolia 0000:00:14.7: xHCI Host Controller?
[    4.196560] xhci_aeolia 0000:00:14.7: new USB bus registered, assigned bus number 1?
[    4.204608] xhci_aeolia 0000:00:14.7: hcc params 0x0228f66c hci version 0x100 quirks 0x0004000000010010?
[    4.214553] xhci_aeolia 0000:00:14.7: irq 2, io mem 0xce000000?
[    4.220683] xhci_aeolia 0000:00:14.7: xHCI Host Controller?
[    4.225549] xhci_aeolia 0000:00:14.7: new USB bus registered, assigned bus number 2?
[    4.254551] xhci_aeolia 0000:00:14.7: Host supports USB 3.0 SuperSpeed?
[    4.261659] usb usb1: New USB device found, idVendor=1d6b, idProduct=0002, bcdDevice= 6.15?
[    4.269541] usb usb1: New USB device strings: Mfr=3, Product=2, SerialNumber=1?
[    4.277538] usb usb1: Product: xHCI Host Controller?
[    4.282537] usb usb1: Manufacturer: Linux 6.15.4-Baikal_TESTING_crashniels-dirty xhci-hcd?
[    4.290535] usb usb1: SerialNumber: 0000:00:14.7?
[    4.295625] hub 1-0:1.0: USB hub found?
[    4.296568] hub 1-0:1.0: 2 ports detected?
[    4.297777] usb usb2: We don't know the algorithms for LPM for this host, disabling LPM.?
[    4.298621] usb usb2: New USB device found, idVendor=1d6b, idProduct=0003, bcdDevice= 6.15?
[    4.299535] usb usb2: New USB device strings: Mfr=3, Product=2, SerialNumber=1?
[    4.300535] usb usb2: Product: xHCI Host Controller?
[    4.301534] usb usb2: Manufacturer: Linux 6.15.4-Baikal_TESTING_crashniels-dirty xhci-hcd?
[    4.302534] usb usb2: SerialNumber: 0000:00:14.7?
[    4.303626] hub 2-0:1.0: USB hub found?
[    4.304554] hub 2-0:1.0: 2 ports detected?
[    4.326537] xhci_aeolia_probe_one 2, controller is 90de?
[    4.327552] xhci_aeolia 0000:00:14.7: xHCI Host Controller?
[    4.328535] xhci_aeolia 0000:00:14.7: new USB bus registered, assigned bus number 3?
[    4.330549] xhci_aeolia 0000:00:14.7: hcc params 0x0220f06c hci version 0x100 quirks 0x0004000000010010?
[    4.331537] xhci_aeolia 0000:00:14.7: irq 2, io mem 0xcf000000?
[    4.332535] debugfs: Directory '0000:00:14.7' with parent 'xhci' already present!?
[    4.333563] xhci_aeolia 0000:00:14.7: xHCI Host Controller?
[    4.334532] xhci_aeolia 0000:00:14.7: new USB bus registered, assigned bus number 4?
[    4.356537] xhci_aeolia 0000:00:14.7: Host supports USB 3.0 SuperSpeed?
[    4.357624] usb usb3: New USB device found, idVendor=1d6b, idProduct=0002, bcdDevice= 6.15?
[    4.358526] usb usb3: New USB device strings: Mfr=3, Product=2, SerialNumber=1?
[    4.359525] usb usb3: Product: xHCI Host Controller?
[    4.360525] usb usb3: Manufacturer: Linux 6.15.4-Baikal_TESTING_crashniels-dirty xhci-hcd?
[    4.361525] usb usb3: SerialNumber: 0000:00:14.7?
[    4.363612] hub 3-0:1.0: USB hub found?
[    4.364543] hub 3-0:1.0: 1 port detected?
[    4.366691] usb usb4: We don't know the algorithms for LPM for this host, disabling LPM.?
[    4.367599] usb usb4: New USB device found, idVendor=1d6b, idProduct=0003, bcdDevice= 6.15?
[    4.368525] usb usb4: New USB device strings: Mfr=3, Product=2, SerialNumber=1?
[    4.369524] usb usb4: Product: xHCI Host Controller?
[    4.370525] usb usb4: Manufacturer: Linux 6.15.4-Baikal_TESTING_crashniels-dirty xhci-hcd?
[    4.371523] usb usb4: SerialNumber: 0000:00:14.7?
[    4.372608] hub 4-0:1.0: USB hub found?
[    4.373543] hub 4-0:1.0: 1 port detected?
[    4.395592] usbcore: registered new interface driver uas?
[    4.396571] usbcore: registered new interface driver usb-storage?
[    4.397577] i8042: PNP: No PS/2 controller found.?
[    4.398559] mousedev: PS/2 mouse device common for all mice?
[    4.399600] usbcore: registered new interface driver xpad?
[    4.400564] i2c_dev: i2c /dev entries driver?
[    4.401561] i2c_dev: adapter [icc] registered as minor 0?
[    4.402535] i2c-core: driver [i2c-slave-eeprom] registered?
[    4.403780] device-mapper: ioctl: 4.49.0-ioctl (2025-01-17) initialised: dm-devel@lists.linux.dev?
[    4.404573] amd_pstate: the _CPC object is not present in SBIOS or ACPI disabled?
[    4.405519] sdhci: Secure Digital Host Controller Interface driver?
[    4.406517] sdhci: Copyright(c) Pierre Ossman?
[    4.407754] hid: raw HID events driver (C) Jiri Kosina?
[    4.407645] sdhci-pci 0000:00:14.3: SDHCI controller found [104d:90da] (rev 0)?
[    4.408655] usbcore: registered new interface driver usbhid?
[    4.409565] bpcie_init_dev_msi_info: dev=0000:00:14.3 installed bpcie demuxer (sc=(____ptrval____))?
[    4.410516] usbhid: USB HID core driver?
[    4.411709] snd_hda_intel 0000:00:01.1: can't derive routing for PCI INT B?
[    4.412531] bpcie_msi_init: virq=3 hwirq=0x0 domain=(____ptrval____) info=(____ptrval____) sc=(____ptrval____)?
[    4.413516] snd_hda_intel 0000:00:01.1: PCI INT B: not connected?
[    4.414765] NET: Registered PF_INET6 protocol family?
[    4.415522] bpcie_msi_init: registered virq=3 irq_map[34]?
[    4.415522] sdhci-pci 0000:00:14.3: bpcie_msi_write_msg(fee00000, 000000ef) mask=0x0 irq=3 hwirq=0x0 (____ptrval____)?
[    4.416696] Segment Routing with IPv6?
[    4.417528] baikal_pcie 0000:00:14.4: bpcie_config_msi: func=3 subfunc=0 addr=fee00000 data=000000ef?
[    4.418665] In-situ OAM (IOAM) with IPv6?
[    4.419629] sdhci-pci 0000:00:14.3: bpcie_msi_write_msg(fee04000, 00000024) mask=0x0 irq=3 hwirq=0x0 (____ptrval____)?
[    4.420616] NET: Registered PF_PACKET protocol family?
[    4.420512] baikal_pcie 0000:00:14.4: bpcie_config_msi: func=3 subfunc=0 addr=fee04000 data=00000024?
[    4.421586] Bluetooth: RFCOMM TTY layer initialized?
[    4.420512] sdhci-pci 0000:00:14.3: bpcie_msi_write_msg(fee04000, 00000024) mask=0x0 irq=3 hwirq=0x0 (____ptrval____)?
[    4.420512] baikal_pcie 0000:00:14.4: bpcie_config_msi: func=3 subfunc=0 addr=fee04000 data=00000024?
[    4.424593] Bluetooth: RFCOMM socket layer initialized?
[    4.431555] Bluetooth: RFCOMM ver 1.11?
[    4.431561] mmc0: SDHCI controller on PCI [0000:00:14.3] using ADMA?
[    4.434682] input: HD-Audio Generic HDMI/DP,pcm=3 as /devices/pci0000:00/0000:00:01.1/sound/card0/input1?
[    4.434682] input: HD-Audio Generic HDMI/DP,pcm=7 as /devices/pci0000:00/0000:00:01.1/sound/card0/input2?
[    4.435550] Bluetooth: BNEP (Ethernet Emulation) ver 1.3?
[    4.466517] Bluetooth: BNEP filters: protocol multicast?
[    4.471518] Bluetooth: BNEP socket layer initialized?
[    4.477512] Bluetooth: HIDP (Human Interface Emulation) ver 1.2?
[    4.483513] Bluetooth: HIDP socket layer initialized?
[    4.489611] microcode: Current revision: 0x0701a001?
[    4.494570] IPI shorthand broadcast: enabled?
[    4.501525] random: crng init done?
[    4.516532] usb usb3-port1: over-current condition?
[    4.517389] registered taskstats version 1?
[    4.522530] Loading compiled-in X.509 certificates?
[    4.535034] Demotion targets for Node 0: null?
[    4.540526] Btrfs loaded, zoned=no, fsverity=no?
[    4.543518] usb 1-1: new high-speed USB device number 2 using xhci_aeolia?
[    4.544697] amdgpu 0000:00:01.0: can't derive routing for PCI INT A?
[    4.544709] mmc0: new UHS-I speed SDR104 SDIO card at address 0001?
[    4.544893] [wlan][71]halPollDbgCr:(INIT WARN) SWPCDBGR 0x00000000?
[    4.564498] amdgpu 0000:00:01.0: PCI INT A: not connected?
