[ 4616.446550] drkonqi-coredum[12722]: segfault at 0 ip 00007f2645205b63 sp 00007ffca4641148 error 4 in libQt6Core.so.6.11.0[205b63,7f2645094000+438000] likely on CPU 3 (core 3, socket 0)?
[ 4616.463365] Code: c0 74 04 f0 83 00 01 c3 90 0f 1f 00 66 66 2e 0f 1f 84 00 00 00 00 00 f3 0f 1e fa 48 8d 05 25 ad 47 00 48 83 e0 fc 48 89 47 18 <f3> 0f 6f 06 48 8b 56 10 66 48 0f 7e c0 0f 11 07 48 89 57 10 48 85?
[ 4616.482694] audit: type=1701 audit(1778504201.598:1544): auid=1000 uid=1000 gid=1000 ses=2 pid=12722 comm="drkonqi-coredum" exe="/usr/lib/drkonqi-coredump-launcher" sig=11 res=1?
[ 4616.560324] audit: type=1101 audit(1778504201.675:1545): pid=12750 uid=1000 auid=1000 ses=3 msg='op=PAM:accounting grantors=pam_unix,pam_permit,pam_time acct="ps4" exe="/usr/bin/sudo" hostname=archlinux addr=? terminal=/dev/pts/0 res=success'?
[ 4616.582324] audit: type=1130 audit(1778504201.683:1546): pid=1 uid=0 auid=4294967295 ses=4294967295 msg='unit=systemd-coredump@255-57-12739_12740-0 comm="systemd" exe="/usr/lib/systemd/systemd" hostname=? addr=? terminal=? res=success'?
[ 4616.603682] audit: type=1130 audit(1778504201.692:1547): pid=1 uid=0 auid=4294967295 ses=4294967295 msg='unit=drkonqi-coredump-processor@255-57-12739_12740-0 comm="systemd" exe="/usr/lib/systemd/systemd" hostname=? addr=? terminal=? res=success'?
[ 4616.626706] audit: type=1110 audit(1778504201.742:1548): pid=12750 uid=1000 auid=1000 ses=3 msg='op=PAM:setcred grantors=pam_faillock,pam_permit,pam_env,pam_faillock acct="root" exe="/usr/bin/sudo" hostname=archlinux addr=? terminal=/dev/pts/0 res=success'?
[ 4616.649898] audit: type=1105 audit(1778504201.742:1549): pid=12750 uid=1000 auid=1000 ses=3 msg='op=PAM:session_open grantors=pam_systemd_home,pam_limits,pam_unix,pam_permit acct="root" exe="/usr/bin/sudo" hostname=archlinux addr=? terminal=/dev/pts/0 res=success'?
[ 4617.094544] audit: type=1131 audit(1778504202.210:1550): pid=1 uid=0 auid=4294967295 ses=4294967295 msg='unit=systemd-coredump@255-57-12739_12740-0 comm="systemd" exe="/usr/lib/systemd/systemd" hostname=? addr=? terminal=? res=success'?
[ 4617.459555] sky2 0000:00:14.1 enp0s20f1: disabling interface?
[ 4617.465513] sky2 0000:00:14.1: enp0s20f1: phy I/O error?
[ 4617.471768] [wlan][109]wlanoidSetCurrentPacketFilter:(REQ INFO) wlanoidSetCurrentPacketFilter?
[ 4617.471780] [wlan][109]wlanoidSetCurrentPacketFilter:(REQ INFO) New packet filter: 0x00000c?
[ 4617.489290] [wlan][109]aisFsmRunEventAbort:(AIS STATE) EVENT-ABORT: Current State NORMAL_TR, ucReasonOfDisconnect:4?
[ 4617.499957] [wlan][109]aisFsmRunEventAbort:(AIS STATE) ucReasonOfDisconnect:4?
[ 4617.507243] [wlan][109]aisFsmStateAbort:(AIS STATE) aisFsmStateAbort DiscReason[4], CurState[11]?
[ 4617.516214] [wlan][109]aisFsmSteps:(AIS STATE) [AIS]TRANSITION: [NORMAL_TR] -> [DISCONNECTING]?
[ 4617.525693] [wlan][109]wlanoidSendSetQueryP2PCmd:(REQ TRACE) Command ID = 0x000000C1?
[ 4617.533617] [wlan][109]wlanoidSendSetQueryP2PCmd:(REQ TRACE) ucCmdSeqNum =196?
[ 4617.540926] [wlan][109]aisDeauthXmitComplete:(AIS EVENT) aisDeauthXmitComplete?
[ 4617.548311] [wlan][109]aisFsmStateAbort:(AIS STATE) aisFsmStateAbort DiscReason[4], CurState[12]?
[ 4617.557348] [wlan][109]roamingFsmRunEventAbort:(ROAMING EVENT) EVENT-ROAMING ABORT: Current Time = 4317137?
[ 4617.567222] [wlan][109]roamingFsmSteps:(ROAMING STATE) [ROAMING]TRANSITION: [DECISION] -> [IDLE]?
[ 4617.576201] [wlan][109]aisFsmSteps:(AIS STATE) [AIS]TRANSITION: [DISCONNECTING] -> [IDLE]?
[ 4617.584577] [wlan][109]wlanoidSendSetQueryP2PCmd:(REQ TRACE) Command ID = 0x000000C1?
[ 4617.592483] [wlan][109]wlanoidSendSetQueryP2PCmd:(REQ TRACE) ucCmdSeqNum =203?
[ 4617.603274] audit: type=1131 audit(1778504202.718:1551): pid=1 uid=0 auid=4294967295 ses=4294967295 msg='unit=drkonqi-coredump-processor@255-57-12739_12740-0 comm="systemd" exe="/usr/lib/systemd/systemd" hostname=? addr=? terminal=? res=success'?
[ 4617.668771] audit: type=1130 audit(1778504202.784:1552): pid=1 uid=0 auid=4294967295 ses=4294967295 msg='unit=NetworkManager-dispatcher comm="systemd" exe="/usr/lib/systemd/systemd" hostname=? addr=? terminal=? res=success'?
[ 4617.961023] kvm: exiting hardware virtualization?
[ 4617.965893] kexec_core: Starting new kernel?
[    0.000000] ps4: x86_ps4_early_setup: PS4 early setup?
[    0.000000] Linux version 6.15.4-Baikal_TESTING_crashniels-dirty (meerzulee@cachynator) (gcc (GCC) 16.1.1 20260430, GNU ld (GNU Binutils) 2.46.0) #66 SMP PREEMPT_DYNAMIC Mon May 11 18:52:09 +06 2026?
[    0.000000] Command line: earlycon=uart8250,mmio32,0xC890E000,115200n8 console=tty0 keep_bootcon 8250.nr_uarts=0 iommu=pt intremap=off panic=10 loglevel=8 ignore_loglevel printk.devkmsg=on drm.edid_firmware=edid/1920x1080.bin video=HDMI-A-1:1920x1080@60D pci=nocrs libata.force=1.00:disable root=LABEL=psxitarch rootwait rw systemd.unit=multi-user.target systemd.log_level=info?
[    0.000000] KERNEL supported cpus:?
[    0.000000]   AMD AuthenticAMD?
[    0.000000] BIOS-provided physical RAM map:?
[    0.000000] BIOS-e820: [mem 0x0000000000000000-0x0000000000007fff] usable?
[    0.000000] BIOS-e820: [mem 0x0000000000008000-0x000000000007ffff] reserved?
[    0.000000] BIOS-e820: [mem 0x0000000000080000-0x0000000000099fff] usable?
[    0.000000] BIOS-e820: [mem 0x000000000009a000-0x00000000000bffff] reserved?
[    0.000000] BIOS-e820: [mem 0x00000000000e0000-0x00000000000effff] ACPI data?
[    0.000000] BIOS-e820: [mem 0x0000000000100000-0x00000000003fffff] usable?
[    0.000000] BIOS-e820: [mem 0x0000000000400000-0x000000000047ffff] reserved?
[    0.000000] BIOS-e820: [mem 0x0000000000480000-0x000000000067ffff] usable?
[    0.000000] BIOS-e820: [mem 0x0000000000680000-0x00000000006fffff] reserved?
[    0.000000] BIOS-e820: [mem 0x0000000000700000-0x000000007efe7fff] usable?
[    0.000000] BIOS-e820: [mem 0x000000007efe8000-0x000000007efeffff] ACPI NVS?
[    0.000000] BIOS-e820: [mem 0x000000007eff0000-0x000000007effffff] ACPI data?
[    0.000000] BIOS-e820: [mem 0x000000007f000000-0x000000007fffffff] usable?
[    0.000000] BIOS-e820: [mem 0x0000000080000000-0x00000000fbffffff] reserved?
[    0.000000] BIOS-e820: [mem 0x0000000100000000-0x000000013fffffff] reserved?
[    0.000000] BIOS-e820: [mem 0x0000000140000000-0x000000027effffff] usable?
[    0.000000] random: crng init done?
[    0.000000] earlycon: uart8250 at MMIO32 0x00000000c890e000 (options '115200n8')?
[    0.000000] printk: legacy bootconsole [uart8250] enabled?
[    0.000000] printk: debug: skip boot console de-registration.?
[    0.000000] printk: debug: ignoring loglevel setting.?
[    0.000000] NX (Execute Disable) protection: active?
[    0.000000] APIC: Static calls initialized?
[    0.000000] SMBIOS 2.1 present.?
[    0.000000] DMI:  , BIOS unde Wed 09/22/2021 16:2?
[    0.000000] DMI: Memory slots populated: 1/1?
[    0.000000] ps4: EMC timer started in 39159 TSC ticks?
[    0.000000] ps4: Calibrated TSC frequency: 1594037888 kHz?
[    0.000000] tsc: Detected 1594.038 MHz processor?
[    0.001422] e820: update [mem 0x00000000-0x00000fff] usable ==> reserved?
[    0.008247] e820: remove [mem 0x000a0000-0x000fffff] usable?
[    0.013928] last_pfn = 0x27f000 max_arch_pfn = 0x400000000?
[    0.019515] MTRR map: 6 entries (3 fixed + 3 variable; max 20), built from 9 variable MTRRs?
[    0.028019] x86/PAT: Configuration [0-7]: WB  WC  UC- UC  WB  WP  UC- WT  ?
[    0.035397] e820: update [mem 0x80000000-0x13fffffff] usable ==> reserved?
[    0.042326] last_pfn = 0x80000 max_arch_pfn = 0x400000000?
[    0.056427] Using GB pages for direct mapping?
[    0.062492] RAMDISK: [mem 0x27c208000-0x27c5fffff]?
[    0.067367] ACPI: Early table checksum verification disabled?
[    0.073126] ACPI: RSDP 0x00000000000E0000 000024 (v02 SIE   )?
[    0.078978] ACPI: XSDT 0x00000000000E0088 00004C (v01 SIE    ORBIS    20121218 INTL 20110211)?
[    0.087666] ACPI: FACP 0x00000000000E016C 0000F4 (v04 SIE    ORBIS    20130205 INTL 20110211)?
[    0.096351] ACPI: DSDT 0x00000000000E0430 00018C (v02 SIE    ORBIS    20121002 INTL 20110211)?
[    0.105034] ACPI: FACS 0x00000000000E012C 000040?
[    0.109733] ACPI: FACS 0x00000000000E012C 000040?
[    0.114431] ACPI: APIC 0x00000000000E0298 00006C (v02 SIE    ORBIS    20120725 INTL 20110211)?
[    0.123112] ACPI: MCFG 0x00000000000E0304 00003C (v01 SIE    ORBIS    20120725 INTL 20110211)?
[    0.131792] ACPI: SSDT 0x00000000000E0730 001944 (v01 AMD    POWERNOW 00000001 AMD  00000001)?
[    0.140473] ACPI: IVRS 0x00000000000E2074 000054 (v01 F0F    PS4KEXEC 20161225 KEXC 20161225)?
[    0.149153] ACPI: Reserving FACP table memory at [mem 0xe016c-0xe025f]?
[    0.155793] ACPI: Reserving DSDT table memory at [mem 0xe0430-0xe05bb]?
[    0.162433] ACPI: Reserving FACS table memory at [mem 0xe012c-0xe016b]?
[    0.169074] ACPI: Reserving FACS table memory at [mem 0xe012c-0xe016b]?
[    0.175714] ACPI: Reserving APIC table memory at [mem 0xe0298-0xe0303]?
[    0.182355] ACPI: Reserving MCFG table memory at [mem 0xe0304-0xe033f]?
[    0.188995] ACPI: Reserving SSDT table memory at [mem 0xe0730-0xe2073]?
[    0.195634] ACPI: Reserving IVRS table memory at [mem 0xe2074-0xe20c7]?
[    0.202349] No NUMA configuration found?
[    0.206247] Faking a node at [mem 0x0000000000000000-0x000000027effffff]?
[    0.213070] NODE_DATA(0) allocated [mem 0x27effc800-0x27effffff]?
[    0.219236] Zone ranges:?
[    0.221806]   DMA      [mem 0x0000000000001000-0x0000000000ffffff]?
[    0.228096]   DMA32    [mem 0x0000000001000000-0x00000000ffffffff]?
[    0.234384]   Normal   [mem 0x0000000100000000-0x000000027effffff]?
[    0.240671] Movable zone start for each node?
[    0.245011] Early memory node ranges?
[    0.248643]   node   0: [mem 0x0000000000001000-0x0000000000007fff]?
[    0.255018]   node   0: [mem 0x0000000000080000-0x0000000000099fff]?
[    0.261392]   node   0: [mem 0x0000000000100000-0x00000000003fffff]?
[    0.267768]   node   0: [mem 0x0000000000480000-0x000000000067ffff]?
[    0.274141]   node   0: [mem 0x0000000000700000-0x000000007efe7fff]?
[    0.280515]   node   0: [mem 0x000000007f000000-0x000000007fffffff]?
[    0.286892]   node   0: [mem 0x0000000140000000-0x000000027effffff]?
[    0.293269] Initmem setup node 0 [mem 0x0000000000001000-0x000000027effffff]?
[    0.300445] On node 0, zone DMA: 1 pages in unavailable ranges?
[    0.306385] On node 0, zone DMA: 120 pages in unavailable ranges?
[    0.312516] On node 0, zone DMA: 102 pages in unavailable ranges?
[    0.318645] On node 0, zone DMA: 128 pages in unavailable ranges?
[    0.324807] On node 0, zone DMA: 128 pages in unavailable ranges?
[    0.341242] On node 0, zone DMA32: 24 pages in unavailable ranges?
[    0.373692] On node 0, zone Normal: 4096 pages in unavailable ranges?
[    0.381070] ACPI: No IOAPIC entries present?
[    0.385324] ACPI: Using ACPI for processor (LAPIC) configuration information?
[    0.392508] CPU topo: Max. logical packages:   1?
[    0.397201] CPU topo: Max. logical dies:       1?
[    0.401894] CPU topo: Max. dies per package:   1?
[    0.406599] CPU topo: Max. threads per core:   1?
[    0.411292] CPU topo: Num. cores per package:     8?
[    0.416249] CPU topo: Num. threads per package:   8?
[    0.421207] CPU topo: Allowing 8 present CPUs plus 0 hotplug CPUs?
[    0.427434] [mem 0xfc000000-0xffffffff] available for PCI devices?
[    0.433634] clocksource: refined-jiffies: mask: 0xffffffff max_cycles: 0xffffffff, max_idle_ns: 1910969940391419 ns?
[    0.444267] setup_percpu: NR_CPUS:8 nr_cpumask_bits:8 nr_cpu_ids:8 nr_node_ids:1?
[    0.452453] percpu: Embedded 42 pages/cpu s131544 r8192 d32296 u262144?
[    0.459115] pcpu-alloc: s131544 r8192 d32296 u262144 alloc=1*2097152?
[    0.465583] pcpu-alloc: [0] 0 1 2 3 4 5 6 7 ?
[    0.469969] Kernel command line: earlycon=uart8250,mmio32,0xC890E000,115200n8 console=tty0 keep_bootcon 8250.nr_uarts=0 iommu=pt intremap=off panic=10 loglevel=8 ignore_loglevel printk.devkmsg=on drm.edid_firmware=edid/1920x1080.bin video=HDMI-A-1:1920x1080@60D pci=nocrs libata.force=1.00:disable root=LABEL=psxitarch rootwait rw systemd.unit=multi-user.target systemd.log_level=info?
[    0.504697] printk: log buffer data + meta data: 262144 + 917504 = 1179648 bytes?
[    0.513977] Dentry cache hash table entries: 1048576 (order: 11, 8388608 bytes, linear)?
[    0.523023] Inode-cache hash table entries: 524288 (order: 10, 4194304 bytes, linear)?
[    0.531098] software IO TLB: area num 8.?
[    0.563423] Fallback order for Node 0: 0 ?
[    0.563442] Built 1 zonelists, mobility grouping on.  Total pages: 1830409?
[    0.574513] Policy zone: Normal?
[    0.577705] mem auto-init: stack:off, heap alloc:off, heap free:off?
[    0.621465] SLUB: HWalign=64, Order=0-3, MinObjects=0, CPUs=8, Nodes=1?
[    0.629242] Dynamic Preempt: voluntary?
[    0.633146] rcu: Preemptible hierarchical RCU implementation.?
[    0.638991] rcu: RCU calculated value of scheduler-enlistment delay is 100 jiffies.?
[    0.646808] NR_IRQS: 4352, nr_irqs: 128, preallocated irqs: 0?
[    0.652714] rcu: srcu_init: Setting srcu_struct sizes based on contention.?
[    0.659822] Console: colour dummy device 80x25?
[    0.664344] printk: legacy console [tty0] enabled?
[    0.669170] ACPI: Core revision 20240827?
[    0.673229] ACPI: setting ELCR to 0200 (from ffff)?
[    0.678119] Failed to register legacy timer interrupt?
[    0.683258] APIC: Switch to symmetric I/O mode setup?
[    0.688317] clocksource: tsc-early: mask: 0xffffffffffffffff max_cycles: 0x16fa24ddb27, max_idle_ns: 440795260629 ns?
[    0.699040] Calibrating delay loop (skipped), value calculated using timer frequency.. 3188.07 BogoMIPS (lpj=1594038)?
[    0.700034] Last level iTLB entries: 4KB 512, 2MB 8, 4MB 4?
[    0.700034] Last level dTLB entries: 4KB 512, 2MB 256, 4MB 128, 1GB 0?
[    0.700034] Spectre V1 : Mitigation: usercopy/swapgs barriers and __user pointer sanitization?
[    0.700034] Spectre V2 : Mitigation: Retpolines?
[    0.700034] Spectre V2 : Spectre v2 / SpectreRSB: Filling RSB on context switch and VMEXIT?
[    0.700034] RETBleed: Mitigation: untrained return thunk?
[    0.700034] Speculative Store Bypass: Mitigation: Speculative Store Bypass disabled via prctl?
[    0.700034] x86/fpu: Supporting XSAVE feature 0x001: 'x87 floating point registers'?
[    0.700034] x86/fpu: Supporting XSAVE feature 0x002: 'SSE registers'?
[    0.700034] x86/fpu: Supporting XSAVE feature 0x004: 'AVX registers'?
[    0.700034] x86/fpu: xstate_offset[2]:  576, xstate_sizes[2]:  256?
[    0.700034] x86/fpu: Enabled xstate features 0x7, context size is 832 bytes, using 'standard' format.?
[    0.700034] Freeing SMP alternatives memory: 52K?
[    0.700034] pid_max: default: 32768 minimum: 301?
[    0.700034] Mount-cache hash table entries: 16384 (order: 5, 131072 bytes, linear)?
[    0.700034] Mountpoint-cache hash table entries: 16384 (order: 5, 131072 bytes, linear)?
[    0.700034] smpboot: CPU0: AMD DG1401SNF87ID (family: 0x16, model: 0x1a, stepping: 0x0)?
[    0.700651] Performance Events: AMD PMU driver.?
[    0.701039] ... version:                0?
[    0.702038] ... bit width:              48?
[    0.703038] ... generic registers:      4?
[    0.704038] ... value mask:             0000ffffffffffff?
[    0.705038] ... max period:             00007fffffffffff?
[    0.706038] ... fixed-purpose events:   0?
[    0.707038] ... event mask:             000000000000000f?
[    0.708260] signal: max sigframe size: 1776?
[    0.709115] rcu: Hierarchical SRCU implementation.?
[    0.710039] rcu: 	Max phase no-delay instances is 400.?
[    0.711191] Timer migration: 1 hierarchy levels; 8 children per group; 1 crossnode level?
[    0.715381] smp: Bringing up secondary CPUs ...?
[    0.717328] smpboot: x86: Booting SMP configuration:?
[    0.718043] .... node  #0, CPUs:      #1 #2 #3 #4 #5 #6 #7?
[    0.728144] smp: Brought up 1 node, 8 CPUs?
[    0.730043] smpboot: Total of 8 processors activated (25504.60 BogoMIPS)?
[    0.733081] Memory: 7077808K/7321636K available (23460K kernel code, 2053K rwdata, 8780K rodata, 1624K init, 2232K bss, 239832K reserved, 0K cma-reserved)?
[    0.734445] devtmpfs: initialized?
[    0.736227] clocksource: jiffies: mask: 0xffffffff max_cycles: 0xffffffff, max_idle_ns: 1911260446275000 ns?
[    0.737048] posixtimers hash table entries: 4096 (order: 4, 65536 bytes, linear)?
[    0.738057] futex hash table entries: 2048 (order: 5, 131072 bytes, linear)?
[    0.740059] prandom: seed boundary self test passed?
[    0.743251] prandom: 100 self tests passed?
[    0.744148] NET: Registered PF_NETLINK/PF_ROUTE protocol family?
[    0.745177] audit: initializing netlink subsys (disabled)?
[    0.746101] audit: type=2000 audit(0.047:1): state=initialized audit_enabled=0 res=1?
[    0.746224] i2c-core: driver [dummy] registered?
[    0.748042] thermal_sys: Registered thermal governor 'step_wise'?
[    0.748070] cpuidle: using governor ladder?
[    0.750046] cpuidle: using governor menu?
[    0.751219] ps4: ps4: pre-allocated IRQ 9 desc for ACPI SCI (virq=9)?
[    0.752313] PCI: ECAM [mem 0xf8000000-0xfbffffff] (base 0xf8000000) for domain 0000 [bus 00-3f]?
[    0.753058] PCI: Using configuration type 1 for base access?
[    0.754303] HugeTLB: allocation took 0ms with hugepage_allocation_threads=2?
[    0.755072] HugeTLB: registered 2.00 MiB page size, pre-allocated 0 pages?
[    0.756038] HugeTLB: 28 KiB vmemmap can be freed for a 2.00 MiB page?
[    0.758112] cryptd: max_cpu_qlen set to 1000?
[    0.776040] raid6: sse2x4   gen()  4051 MB/s?
[    0.794037] raid6: sse2x2   gen()  3959 MB/s?
[    0.812041] raid6: sse2x1   gen()  3186 MB/s?
[    0.813039] raid6: using algorithm sse2x4 gen() 4051 MB/s?
[    0.831039] raid6: .... xor() 2022 MB/s, rmw enabled?
[    0.832040] raid6: using ssse3x2 recovery algorithm?
[    0.833160] ACPI: Added _OSI(Module Device)?
[    0.834040] ACPI: Added _OSI(Processor Device)?
[    0.835039] ACPI: Added _OSI(Processor Aggregator Device)?
[    0.838306] ACPI: 2 ACPI AML tables successfully acquired and loaded?
[    0.847305] ACPI: Interpreter enabled?
[    0.848050] ACPI: PM: (supports S0 S5)?
[    0.850046] ACPI: Using PIC for interrupt routing?
[    0.851069] PCI: Ignoring host bridge windows from ACPI; if necessary, use "pci=use_crs" and report a bug?
[    0.852039] PCI: Using E820 reservations for host bridge windows?
[    0.854951] acpi PNP0A03:00: [Firmware Bug]: no secondary bus range in _CRS?
[    0.855055] ACPI: PCI Root Bridge [PCI0] (domain 0000 [bus 00-ff])?
[    0.856046] acpi PNP0A03:00: _OSC: OS supports [ExtendedConfig ASPM ClockPM Segments MSI HPX-Type3]?
[    0.857057] acpi PNP0A03:00: [Firmware Info]: ECAM [mem 0xf8000000-0xfbffffff] for domain 0000 [bus 00-3f] only partially covers this bridge?
[    0.858063] acpi PNP0A03:00: host bridge window [io  0x0cf8-0x0cff] (ignored)?
[    0.859039] PCI: root bus 00: using default resources?
[    0.860099] PCI host bridge to bus 0000:00?
[    0.861045] pci_bus 0000:00: root bus resource [io  0x0000-0xffff]?
[    0.862039] pci_bus 0000:00: root bus resource [mem 0x00000000-0xffffffffff]?
[    0.863041] pci_bus 0000:00: root bus resource [bus 00-ff]?
[    0.864058] pci 0000:00:00.0: [1022:1436] type 00 class 0x060000 conventional PCI endpoint?
[    0.865182] pci 0000:00:00.2: [1022:1437] type 00 class 0x080600 conventional PCI endpoint?
[    0.866186] pci 0000:00:01.0: [1002:9923] type 00 class 0x030000 PCIe Root Complex Integrated Endpoint?
[    0.867061] pci 0000:00:01.0: BAR 0 [mem 0xe0000000-0xe3ffffff 64bit pref]?
[    0.868041] pci 0000:00:01.0: BAR 2 [mem 0xe4000000-0xe47fffff 64bit pref]?
[    0.869040] pci 0000:00:01.0: BAR 4 [io  0x6000-0x60ff]?
[    0.870040] pci 0000:00:01.0: BAR 5 [mem 0xe4800000-0xe483ffff]?
[    0.871040] pci 0000:00:01.0: ROM [mem 0x00000000-0x0001ffff pref]?
[    0.872061] pci 0000:00:01.0: Video device with shadowed ROM at [mem 0x000c0000-0x000dffff]?
[    0.873059] pci 0000:00:01.0: supports D1 D2?
[    0.874039] pci 0000:00:01.0: PME# supported from D1 D2 D3hot?
[    0.875158] pci 0000:00:01.1: [1002:9921] type 00 class 0x040300 PCIe Root Complex Integrated Endpoint?
[    0.877059] pci 0000:00:01.1: BAR 0 [mem 0xe4840000-0xe4843fff 64bit]?
[    0.878074] pci 0000:00:01.1: supports D1 D2?
[    0.880144] pci 0000:00:02.0: [1022:1438] type 00 class 0x060000 conventional PCI endpoint?
[    0.881189] pci 0000:00:14.0: [104d:90d7] type 00 class 0x088000 PCIe Endpoint?
[    0.882080] pci 0000:00:14.0: BAR 0 [mem 0xfdf8000000-0xfdf9ffffff 64bit]?
[    0.883040] pci 0000:00:14.0: BAR 2 [io  0x1000-0x13ff]?
[    0.884250] pci 0000:00:14.1: [104d:90d8] type 00 class 0x088001 PCIe Endpoint?
[    0.885080] pci 0000:00:14.1: BAR 0 [mem 0xc2000000-0xc2000fff 64bit]?
[    0.886253] pci 0000:00:14.2: [104d:90d9] type 00 class 0x088002 PCIe Endpoint?
[    0.887080] pci 0000:00:14.2: BAR 0 [mem 0xc4000000-0xc4007fff 64bit]?
[    0.888248] pci 0000:00:14.3: [104d:90da] type 00 class 0x088003 PCIe Endpoint?
[    0.889079] pci 0000:00:14.3: BAR 0 [mem 0xc6000000-0xc6000fff 64bit]?
[    0.891162] pci 0000:00:14.4: [104d:90db] type 00 class 0x088004 PCIe Endpoint?
[    0.892079] pci 0000:00:14.4: BAR 0 [mem 0xc8000000-0xc8001fff 64bit]?
[    0.893041] pci 0000:00:14.4: BAR 2 [mem 0xc8800000-0xc89fffff 64bit]?
[    0.894041] pci 0000:00:14.4: BAR 4 [mem 0xc9000000-0xc91fffff 64bit]?
[    0.895245] pci 0000:00:14.5: [104d:90dc] type 00 class 0x088005 PCIe Endpoint?
[    0.896079] pci 0000:00:14.5: BAR 0 [mem 0xca000000-0xca000fff 64bit]?
[    0.897041] pci 0000:00:14.5: BAR 2 [mem 0xca800000-0xca800fff 64bit]?
[    0.899236] pci 0000:00:14.6: [104d:90dd] type 00 class 0x088006 PCIe Endpoint?
[    0.900079] pci 0000:00:14.6: BAR 0 [mem 0xcc000000-0xcc000fff 64bit]?
[    0.901042] pci 0000:00:14.6: BAR 2 [mem 0x80000000-0xbfffffff 64bit]?
[    0.902040] pci 0000:00:14.6: BAR 4 [mem 0xcd000000-0xcd0fffff]?
[    0.903040] pci 0000:00:14.6: BAR 5 [mem 0xcd400000-0xcd43ffff]?
[    0.905067] pci 0000:00:14.7: [104d:90de] type 00 class 0x088007 PCIe Endpoint?
[    0.906079] pci 0000:00:14.7: BAR 0 [mem 0xce000000-0xce3fffff 64bit]?
[    0.907041] pci 0000:00:14.7: BAR 2 [mem 0xce800000-0xce80ffff 64bit]?
[    0.908041] pci 0000:00:14.7: BAR 4 [mem 0xcf000000-0xcf7fffff 64bit]?
[    0.909240] pci 0000:00:18.0: [1022:142e] type 00 class 0x060000 conventional PCI endpoint?
[    0.910158] pci 0000:00:18.1: [1022:142f] type 00 class 0x060000 conventional PCI endpoint?
[    0.911160] pci 0000:00:18.2: [1022:1430] type 00 class 0x060000 conventional PCI endpoint?
[    0.913039] pci 0000:00:18.3: [1022:1431] type 00 class 0x060000 conventional PCI endpoint?
[    0.914163] pci 0000:00:18.4: [1022:1432] type 00 class 0x060000 conventional PCI endpoint?
[    0.916145] pci 0000:00:18.5: [1022:1433] type 00 class 0x060000 conventional PCI endpoint?
[    0.917157] pci 0000:00:18.6: [1022:1434] type 00 class 0x060000 conventional PCI endpoint?
[    0.918259] iommu: Default domain type: Passthrough (set via kernel command line)?
[    0.920174] SCSI subsystem initialized?
[    0.921065] libata version 3.00 loaded.?
[    0.923104] ACPI: bus type USB registered?
[    0.924102] usbcore: registered new interface driver usbfs?
[    0.925068] usbcore: registered new interface driver hub?
[    0.926064] usbcore: registered new device driver usb?
[    0.927072] cec: Failed to create debugfs cec dir?
[    0.928195] Advanced Linux Sound Architecture Driver Initialized.?
[    0.929468] Bluetooth: Core ver 2.22?
[    0.930049] NET: Registered PF_BLUETOOTH protocol family?
[    0.931038] Bluetooth: HCI device and connection manager initialized?
[    0.932043] Bluetooth: HCI socket layer initialized?
[    0.933042] Bluetooth: L2CAP socket layer initialized?
[    0.934041] Bluetooth: SCO socket layer initialized?
[    0.935114] PCI: Using ACPI for IRQ routing?
[    0.938091] PCI: pci_cache_line_size set to 64 bytes?
[    0.939081] e820: reserve RAM buffer [mem 0x00008000-0x0000ffff]?
[    0.940040] e820: reserve RAM buffer [mem 0x0009a000-0x0009ffff]?
[    0.941039] e820: reserve RAM buffer [mem 0x00680000-0x006fffff]?
[    0.942039] e820: reserve RAM buffer [mem 0x7efe8000-0x7fffffff]?
[    0.943039] e820: reserve RAM buffer [mem 0x27f000000-0x27fffffff]?
[    0.945062] pci 0000:00:01.0: vgaarb: setting as boot VGA device?
[    0.946034] pci 0000:00:01.0: vgaarb: bridge control possible?
[    0.946034] pci 0000:00:01.0: vgaarb: VGA device added: decodes=io+mem,owns=io+mem,locks=none?
[    0.946046] vgaarb: loaded?
[    0.947294] clocksource: Switched to clocksource tsc-early?
[    0.952868] pnp: PnP ACPI init?
[    0.956031] pnp: PnP ACPI: found 0 devices?
[    0.965160] NET: Registered PF_INET protocol family?
[    0.970436] IP idents hash table entries: 131072 (order: 8, 1048576 bytes, linear)?
[    0.982269] tcp_listen_portaddr_hash hash table entries: 4096 (order: 4, 65536 bytes, linear)?
[    0.990997] Table-perturb hash table entries: 65536 (order: 6, 262144 bytes, linear)?
[    0.998925] TCP established hash table entries: 65536 (order: 7, 524288 bytes, linear)?
[    1.007263] TCP bind hash table entries: 65536 (order: 9, 2097152 bytes, linear)?
[    1.015401] TCP: Hash tables configured (established 65536 bind 65536)?
[    1.022169] UDP hash table entries: 4096 (order: 6, 262144 bytes, linear)?
[    1.029177] UDP-Lite hash table entries: 4096 (order: 6, 262144 bytes, linear)?
[    1.036707] NET: Registered PF_UNIX/PF_LOCAL protocol family?
[    1.042838] RPC: Registered named UNIX socket transport module.?
[    1.048878] RPC: Registered udp transport module.?
[    1.053671] RPC: Registered tcp transport module.?
[    1.058464] RPC: Registered tcp-with-tls transport module.?
[    1.064054] RPC: Registered tcp NFSv4.1 backchannel transport module.?
[    1.071092] pci_bus 0000:00: resource 4 [io  0x0000-0xffff]?
[    1.076788] pci_bus 0000:00: resource 5 [mem 0x00000000-0xffffffffff]?
[    1.083450] pci 0000:00:01.1: D0 power state depends on 0000:00:01.0?
[    1.089937] pci 0000:00:02.0: CLS mismatch (64 != 512), using 64 bytes?
[    1.096707] AMD-Vi: Using global IVHD EFR:0x0, EFR2:0x0?
[    1.096916] Trying to unpack rootfs image as initramfs...?
[    1.102254] pci 0000:00:00.0: Adding to iommu group 0?
[    1.112818] pci 0000:00:14.0: Adding to iommu group 1?
[    1.118002] pci 0000:00:14.1: Adding to iommu group 1?
[    1.123188] pci 0000:00:14.2: Adding to iommu group 1?
[    1.128382] pci 0000:00:14.3: Adding to iommu group 1?
[    1.133567] pci 0000:00:14.4: Adding to iommu group 1?
[    1.138759] pci 0000:00:14.5: Adding to iommu group 1?
[    1.143950] pci 0000:00:14.6: Adding to iommu group 1?
[    1.149135] pci 0000:00:14.7: Adding to iommu group 1?
[    1.154365] AMD-Vi: Extended features (0x840, 0x0): IA?
[    1.159917] PCI-DMA: Using software bounce buffering for IO (SWIOTLB)?
[    1.166500] software IO TLB: mapped [mem 0x000000007afe8000-0x000000007efe8000] (64MB)?
[    1.174712] LVT offset 0 assigned for vector 0x400?
[    1.180610] perf: AMD IBS detected (0x000000ff)?
[    1.185290] kvm_amd: TSC scaling supported?
[    1.189466] kvm_amd: Nested Virtualization enabled?
[    1.194349] kvm_amd: Nested Paging enabled?
[    1.198524] kvm_amd: LBR virtualization supported?
[    1.226155] Freeing initrd memory: 4064K?
[    1.237083] platform rtc_cmos: registered platform RTC device (no PNP device found)?
[    1.248014] Initialise system trusted keyrings?
[    1.252688] workingset: timestamp_bits=40 max_order=21 bucket_order=0?
[    1.259668] ntfs3: Warning: Activated 64 bits per cluster. Windows does not support this?
[    1.268013] fuse: init (API version 7.43)?
[    1.308129] NET: Registered PF_ALG protocol family?
[    1.313018] xor: automatically using best checksumming function   avx       ?
[    1.320205] Key type asymmetric registered?
[    1.324380] Asymmetric key parser 'x509' registered?
[    1.329379] Block layer SCSI generic (bsg) driver version 0.4 loaded (major 252)?
[    1.336920] io scheduler mq-deadline registered?
[    1.341538] io scheduler kyber registered?
[    1.348140] Could not retrieve perf counters (-19)?
[    1.384282] Non-volatile memory driver v1.3?
[    1.388568] Linux agpgart interface v0.103?
[    1.393243] ACPI: bus type drm_connector registered?
[    1.398234] [drm] amdgpu kernel modesetting enabled.?
[    1.405258] brd: module loaded?
[    1.411211] loop: module loaded?
[    1.414437] i2c-core: driver [at24] registered?
[    1.419182] baikal_pcie 0000:00:14.4: bpcie_probe()?
[    1.424206] baikal_pcie 0000:00:14.4: bpcie glue probe?
[    1.429452] baikal_pcie 0000:00:14.4: Baikal chip revision: 4c0c2021:8d76a398:0000b100?
[    1.437525] pci 0000:00:14.0: bpcie_create_irq_domain?
[    1.442675] baikal_pcie 0000:00:14.4: devid = 164?
[    1.447472] baikal_pcie 0000:00:14.4: no parent ?
[    1.452194] bpcie_create_irq_domain: marked Baikal-MSI-164-3-14 as MSI parent (flags=0x113 bus_token=AMDVI)?
[    1.462126] pci 0000:00:14.1: bpcie_create_irq_domain?
[    1.467275] baikal_pcie 0000:00:14.4: devid = 164?
[    1.472070] baikal_pcie 0000:00:14.4: no parent ?
[    1.476779] bpcie_create_irq_domain: marked Baikal-MSI-164-3-14 as MSI parent (flags=0x113 bus_token=AMDVI)?
[    1.486708] pci 0000:00:14.2: bpcie_create_irq_domain?
[    1.491861] baikal_pcie 0000:00:14.4: devid = 164?
[    1.496656] baikal_pcie 0000:00:14.4: no parent ?
[    1.501364] bpcie_create_irq_domain: marked Baikal-MSI-164-3-14 as MSI parent (flags=0x113 bus_token=AMDVI)?
[    1.511291] pci 0000:00:14.3: bpcie_create_irq_domain?
[    1.516440] baikal_pcie 0000:00:14.4: devid = 164?
[    1.521234] baikal_pcie 0000:00:14.4: no parent ?
[    1.525943] bpcie_create_irq_domain: marked Baikal-MSI-164-3-14 as MSI parent (flags=0x113 bus_token=AMDVI)?
[    1.535874] baikal_pcie 0000:00:14.4: bpcie_create_irq_domain?
[    1.541732] baikal_pcie 0000:00:14.4: devid = 164?
[    1.546527] baikal_pcie 0000:00:14.4: no parent ?
[    1.551235] bpcie_create_irq_domain: marked Baikal-MSI-164-3-14 as MSI parent (flags=0x113 bus_token=AMDVI)?
[    1.561164] pci 0000:00:14.5: bpcie_create_irq_domain?
[    1.566313] baikal_pcie 0000:00:14.4: devid = 164?
[    1.571107] baikal_pcie 0000:00:14.4: no parent ?
[    1.575817] bpcie_create_irq_domain: marked Baikal-MSI-164-3-14 as MSI parent (flags=0x113 bus_token=AMDVI)?
[    1.585747] pci 0000:00:14.6: bpcie_create_irq_domain?
[    1.590898] baikal_pcie 0000:00:14.4: devid = 164?
[    1.595694] baikal_pcie 0000:00:14.4: no parent ?
[    1.600401] bpcie_create_irq_domain: marked Baikal-MSI-164-3-14 as MSI parent (flags=0x113 bus_token=AMDVI)?
[    1.610329] pci 0000:00:14.7: bpcie_create_irq_domain?
[    1.615481] baikal_pcie 0000:00:14.4: devid = 164?
[    1.620276] baikal_pcie 0000:00:14.4: no parent ?
[    1.624987] bpcie_create_irq_domain: marked Baikal-MSI-164-3-14 as MSI parent (flags=0x113 bus_token=AMDVI)?
[    1.634929] bpcie_init_dev_msi_info: dev=0000:00:14.4 installed bpcie demuxer (sc=00000000a82b0aba)?
[    1.644935] bpcie_msi_init: virq=10 hwirq=0x0 domain=00000000334a12a9 info=00000000bb56fe84 sc=00000000a82b0aba?
[    1.655228] bpcie_msi_init: registered virq=10 irq_map[0]?
[    1.660731] bpcie_msi_init: virq=11 hwirq=0x1 domain=00000000334a12a9 info=00000000bb56fe84 sc=00000000a82b0aba?
[    1.671016] bpcie_msi_init: registered virq=11 irq_map[1]?
[    1.676517] bpcie_msi_init: virq=12 hwirq=0x2 domain=00000000334a12a9 info=00000000bb56fe84 sc=00000000a82b0aba?
[    1.686801] bpcie_msi_init: registered virq=12 irq_map[2]?
[    1.692302] bpcie_msi_init: virq=13 hwirq=0x3 domain=00000000334a12a9 info=00000000bb56fe84 sc=00000000a82b0aba?
[    1.702590] bpcie_msi_init: registered virq=13 irq_map[3]?
[    1.708092] bpcie_msi_init: virq=14 hwirq=0x4 domain=00000000334a12a9 info=00000000bb56fe84 sc=00000000a82b0aba?
[    1.718382] bpcie_msi_init: registered virq=14 irq_map[4]?
[    1.723884] bpcie_msi_init: virq=15 hwirq=0x5 domain=00000000334a12a9 info=00000000bb56fe84 sc=00000000a82b0aba?
[    1.734168] bpcie_msi_init: registered virq=15 irq_map[5]?
[    1.739667] bpcie_msi_init: virq=16 hwirq=0x6 domain=00000000334a12a9 info=00000000bb56fe84 sc=00000000a82b0aba?
[    1.749951] bpcie_msi_init: registered virq=16 irq_map[6]?
[    1.755454] bpcie_msi_init: virq=17 hwirq=0x7 domain=00000000334a12a9 info=00000000bb56fe84 sc=00000000a82b0aba?
[    1.765736] bpcie_msi_init: registered virq=17 irq_map[7]?
[    1.771238] bpcie_msi_init: virq=18 hwirq=0x8 domain=00000000334a12a9 info=00000000bb56fe84 sc=00000000a82b0aba?
[    1.781521] bpcie_msi_init: registered virq=18 irq_map[8]?
[    1.787022] bpcie_msi_init: virq=19 hwirq=0x9 domain=00000000334a12a9 info=00000000bb56fe84 sc=00000000a82b0aba?
[    1.797305] bpcie_msi_init: registered virq=19 irq_map[9]?
[    1.802805] bpcie_msi_init: virq=20 hwirq=0xa domain=00000000334a12a9 info=00000000bb56fe84 sc=00000000a82b0aba?
[    1.813090] bpcie_msi_init: registered virq=20 irq_map[10]?
[    1.818679] bpcie_msi_init: virq=21 hwirq=0xb domain=00000000334a12a9 info=00000000bb56fe84 sc=00000000a82b0aba?
[    1.828962] bpcie_msi_init: registered virq=21 irq_map[11]?
[    1.834551] bpcie_msi_init: virq=22 hwirq=0xc domain=00000000334a12a9 info=00000000bb56fe84 sc=00000000a82b0aba?
[    1.844835] bpcie_msi_init: registered virq=22 irq_map[12]?
[    1.850424] bpcie_msi_init: virq=23 hwirq=0xd domain=00000000334a12a9 info=00000000bb56fe84 sc=00000000a82b0aba?
[    1.860709] bpcie_msi_init: registered virq=23 irq_map[13]?
[    1.866299] bpcie_msi_init: virq=24 hwirq=0xe domain=00000000334a12a9 info=00000000bb56fe84 sc=00000000a82b0aba?
[    1.876587] bpcie_msi_init: registered virq=24 irq_map[14]?
[    1.882178] bpcie_msi_init: virq=25 hwirq=0xf domain=00000000334a12a9 info=00000000bb56fe84 sc=00000000a82b0aba?
[    1.892463] bpcie_msi_init: registered virq=25 irq_map[15]?
[    1.898056] bpcie_msi_init: virq=26 hwirq=0x10 domain=00000000334a12a9 info=00000000bb56fe84 sc=00000000a82b0aba?
[    1.908429] bpcie_msi_init: registered virq=26 irq_map[16]?
[    1.914020] bpcie_msi_init: virq=27 hwirq=0x11 domain=00000000334a12a9 info=00000000bb56fe84 sc=00000000a82b0aba?
[    1.924393] bpcie_msi_init: registered virq=27 irq_map[17]?
[    1.929982] bpcie_msi_init: virq=28 hwirq=0x12 domain=00000000334a12a9 info=00000000bb56fe84 sc=00000000a82b0aba?
[    1.940353] bpcie_msi_init: registered virq=28 irq_map[18]?
[    1.945942] bpcie_msi_init: virq=29 hwirq=0x13 domain=00000000334a12a9 info=00000000bb56fe84 sc=00000000a82b0aba?
[    1.956313] bpcie_msi_init: registered virq=29 irq_map[19]?
[    1.961902] bpcie_msi_init: virq=30 hwirq=0x14 domain=00000000334a12a9 info=00000000bb56fe84 sc=00000000a82b0aba?
[    1.972274] bpcie_msi_init: registered virq=30 irq_map[20]?
[    1.977864] bpcie_msi_init: virq=31 hwirq=0x15 domain=00000000334a12a9 info=00000000bb56fe84 sc=00000000a82b0aba?
[    1.988237] bpcie_msi_init: registered virq=31 irq_map[21]?
[    1.993826] bpcie_msi_init: virq=32 hwirq=0x16 domain=00000000334a12a9 info=00000000bb56fe84 sc=00000000a82b0aba?
[    2.004197] bpcie_msi_init: registered virq=32 irq_map[22]?
[    2.009786] bpcie_msi_init: virq=33 hwirq=0x17 domain=00000000334a12a9 info=00000000bb56fe84 sc=00000000a82b0aba?
[    2.020158] bpcie_msi_init: registered virq=33 irq_map[23]?
[    2.025747] bpcie_msi_init: virq=34 hwirq=0x18 domain=00000000334a12a9 info=00000000bb56fe84 sc=00000000a82b0aba?
[    2.036121] bpcie_msi_init: registered virq=34 irq_map[24]?
[    2.041710] bpcie_msi_init: virq=35 hwirq=0x19 domain=00000000334a12a9 info=00000000bb56fe84 sc=00000000a82b0aba?
[    2.052082] bpcie_msi_init: registered virq=35 irq_map[25]?
[    2.057670] bpcie_msi_init: virq=36 hwirq=0x1a domain=00000000334a12a9 info=00000000bb56fe84 sc=00000000a82b0aba?
[    2.068041] bpcie_msi_init: registered virq=36 irq_map[26]?
[    2.073630] bpcie_msi_init: virq=37 hwirq=0x1b domain=00000000334a12a9 info=00000000bb56fe84 sc=00000000a82b0aba?
[    2.084007] bpcie_msi_init: registered virq=37 irq_map[27]?
[    2.089596] bpcie_msi_init: virq=38 hwirq=0x1c domain=00000000334a12a9 info=00000000bb56fe84 sc=00000000a82b0aba?
[    2.099968] bpcie_msi_init: registered virq=38 irq_map[28]?
[    2.105556] bpcie_msi_init: virq=39 hwirq=0x1d domain=00000000334a12a9 info=00000000bb56fe84 sc=00000000a82b0aba?
[    2.115927] bpcie_msi_init: registered virq=39 irq_map[29]?
[    2.121518] bpcie_msi_init: virq=40 hwirq=0x1e domain=00000000334a12a9 info=00000000bb56fe84 sc=00000000a82b0aba?
[    2.131892] bpcie_msi_init: registered virq=40 irq_map[30]?
[    2.137480] bpcie_msi_init: virq=41 hwirq=0x1f domain=00000000334a12a9 info=00000000bb56fe84 sc=00000000a82b0aba?
[    2.147853] bpcie_msi_init: registered virq=41 irq_map[31]?
[    2.153478] baikal_pcie 0000:00:14.4: bpcie_msi_write_msg(fee00000, 000000ef) mask=0x0 irq=10 hwirq=0x0 00000000a82b0aba?
[    2.164570] baikal_pcie 0000:00:14.4: bpcie_config_msi: func=4 subfunc=0 addr=fee00000 data=000000ef?
[    2.173896] baikal_pcie 0000:00:14.4: bpcie_msi_write_msg(fee00000, 000000ef) mask=0x0 irq=11 hwirq=0x1 00000000a82b0aba?
[    2.184977] baikal_pcie 0000:00:14.4: bpcie_config_msi: func=4 subfunc=1 addr=fee00000 data=000000ef?
[    2.194295] baikal_pcie 0000:00:14.4: bpcie_msi_write_msg(fee00000, 000000ef) mask=0x0 irq=12 hwirq=0x2 00000000a82b0aba?
[    2.205378] baikal_pcie 0000:00:14.4: bpcie_config_msi: func=4 subfunc=2 addr=fee00000 data=000000ef?
[    2.214698] baikal_pcie 0000:00:14.4: bpcie_msi_write_msg(fee00000, 000000ef) mask=0x0 irq=13 hwirq=0x3 00000000a82b0aba?
[    2.225782] baikal_pcie 0000:00:14.4: bpcie_config_msi: func=4 subfunc=3 addr=fee00000 data=000000ef?
[    2.235101] baikal_pcie 0000:00:14.4: bpcie_msi_write_msg(fee00000, 000000ef) mask=0x0 irq=14 hwirq=0x4 00000000a82b0aba?
[    2.246184] baikal_pcie 0000:00:14.4: bpcie_config_msi: func=4 subfunc=4 addr=fee00000 data=000000ef?
[    2.255503] baikal_pcie 0000:00:14.4: bpcie_msi_write_msg(fee00000, 000000ef) mask=0x0 irq=15 hwirq=0x5 00000000a82b0aba?
[    2.266585] baikal_pcie 0000:00:14.4: bpcie_config_msi: func=4 subfunc=5 addr=fee00000 data=000000ef?
[    2.275903] baikal_pcie 0000:00:14.4: bpcie_msi_write_msg(fee00000, 000000ef) mask=0x0 irq=16 hwirq=0x6 00000000a82b0aba?
[    2.286984] baikal_pcie 0000:00:14.4: bpcie_config_msi: func=4 subfunc=6 addr=fee00000 data=000000ef?
[    2.296301] baikal_pcie 0000:00:14.4: bpcie_msi_write_msg(fee00000, 000000ef) mask=0x0 irq=17 hwirq=0x7 00000000a82b0aba?
[    2.307384] baikal_pcie 0000:00:14.4: bpcie_config_msi: func=4 subfunc=7 addr=fee00000 data=000000ef?
[    2.316701] baikal_pcie 0000:00:14.4: bpcie_msi_write_msg(fee00000, 000000ef) mask=0x0 irq=18 hwirq=0x8 00000000a82b0aba?
[    2.327783] baikal_pcie 0000:00:14.4: bpcie_config_msi: func=4 subfunc=8 addr=fee00000 data=000000ef?
[    2.337101] baikal_pcie 0000:00:14.4: bpcie_msi_write_msg(fee00000, 000000ef) mask=0x0 irq=19 hwirq=0x9 00000000a82b0aba?
[    2.348184] baikal_pcie 0000:00:14.4: bpcie_config_msi: func=4 subfunc=9 addr=fee00000 data=000000ef?
[    2.357505] baikal_pcie 0000:00:14.4: bpcie_msi_write_msg(fee00000, 000000ef) mask=0x0 irq=20 hwirq=0xa 00000000a82b0aba?
[    2.368585] baikal_pcie 0000:00:14.4: bpcie_config_msi: func=4 subfunc=10 addr=fee00000 data=000000ef?
[    2.377991] baikal_pcie 0000:00:14.4: bpcie_msi_write_msg(fee00000, 000000ef) mask=0x0 irq=21 hwirq=0xb 00000000a82b0aba?
[    2.389072] baikal_pcie 0000:00:14.4: bpcie_config_msi: func=4 subfunc=11 addr=fee00000 data=000000ef?
[    2.398478] baikal_pcie 0000:00:14.4: bpcie_msi_write_msg(fee00000, 000000ef) mask=0x0 irq=22 hwirq=0xc 00000000a82b0aba?
[    2.409560] baikal_pcie 0000:00:14.4: bpcie_config_msi: func=4 subfunc=12 addr=fee00000 data=000000ef?
[    2.418968] baikal_pcie 0000:00:14.4: bpcie_msi_write_msg(fee00000, 000000ef) mask=0x0 irq=23 hwirq=0xd 00000000a82b0aba?
[    2.430051] baikal_pcie 0000:00:14.4: bpcie_config_msi: func=4 subfunc=13 addr=fee00000 data=000000ef?
[    2.439457] baikal_pcie 0000:00:14.4: bpcie_msi_write_msg(fee00000, 000000ef) mask=0x0 irq=24 hwirq=0xe 00000000a82b0aba?
[    2.450541] baikal_pcie 0000:00:14.4: bpcie_config_msi: func=4 subfunc=14 addr=fee00000 data=000000ef?
[    2.459950] baikal_pcie 0000:00:14.4: bpcie_msi_write_msg(fee00000, 000000ef) mask=0x0 irq=25 hwirq=0xf 00000000a82b0aba?
[    2.471031] baikal_pcie 0000:00:14.4: bpcie_config_msi: func=4 subfunc=15 addr=fee00000 data=000000ef?
[    2.480437] baikal_pcie 0000:00:14.4: bpcie_msi_write_msg(fee00000, 000000ef) mask=0x0 irq=26 hwirq=0x10 00000000a82b0aba?
[    2.491606] baikal_pcie 0000:00:14.4: bpcie_config_msi: func=4 subfunc=16 addr=fee00000 data=000000ef?
[    2.501012] baikal_pcie 0000:00:14.4: bpcie_msi_write_msg(fee00000, 000000ef) mask=0x0 irq=27 hwirq=0x11 00000000a82b0aba?
[    2.512185] baikal_pcie 0000:00:14.4: bpcie_config_msi: func=4 subfunc=17 addr=fee00000 data=000000ef?
[    2.521592] baikal_pcie 0000:00:14.4: bpcie_msi_write_msg(fee00000, 000000ef) mask=0x0 irq=28 hwirq=0x12 00000000a82b0aba?
[    2.532764] baikal_pcie 0000:00:14.4: bpcie_config_msi: func=4 subfunc=18 addr=fee00000 data=000000ef?
[    2.542170] baikal_pcie 0000:00:14.4: bpcie_msi_write_msg(fee00000, 000000ef) mask=0x0 irq=29 hwirq=0x13 00000000a82b0aba?
[    2.553339] baikal_pcie 0000:00:14.4: bpcie_config_msi: func=4 subfunc=19 addr=fee00000 data=000000ef?
[    2.562746] baikal_pcie 0000:00:14.4: bpcie_msi_write_msg(fee00000, 000000ef) mask=0x0 irq=30 hwirq=0x14 00000000a82b0aba?
[    2.573917] baikal_pcie 0000:00:14.4: bpcie_config_msi: func=4 subfunc=20 addr=fee00000 data=000000ef?
[    2.583323] baikal_pcie 0000:00:14.4: bpcie_msi_write_msg(fee00000, 000000ef) mask=0x0 irq=31 hwirq=0x15 00000000a82b0aba?
[    2.594493] baikal_pcie 0000:00:14.4: bpcie_config_msi: func=4 subfunc=21 addr=fee00000 data=000000ef?
[    2.603899] baikal_pcie 0000:00:14.4: bpcie_msi_write_msg(fee00000, 000000ef) mask=0x0 irq=32 hwirq=0x16 00000000a82b0aba?
[    2.615069] baikal_pcie 0000:00:14.4: bpcie_config_msi: func=4 subfunc=22 addr=fee00000 data=000000ef?
[    2.624474] baikal_pcie 0000:00:14.4: bpcie_msi_write_msg(fee00000, 000000ef) mask=0x0 irq=33 hwirq=0x17 00000000a82b0aba?
[    2.635647] baikal_pcie 0000:00:14.4: bpcie_config_msi: func=4 subfunc=23 addr=fee00000 data=000000ef?
[    2.645054] baikal_pcie 0000:00:14.4: bpcie_msi_write_msg(fee00000, 000000ef) mask=0x0 irq=34 hwirq=0x18 00000000a82b0aba?
[    2.656225] baikal_pcie 0000:00:14.4: bpcie_config_msi: func=4 subfunc=24 addr=fee00000 data=000000ef?
[    2.665633] baikal_pcie 0000:00:14.4: bpcie_msi_write_msg(fee00000, 000000ef) mask=0x0 irq=35 hwirq=0x19 00000000a82b0aba?
[    2.676801] baikal_pcie 0000:00:14.4: bpcie_config_msi: func=4 subfunc=25 addr=fee00000 data=000000ef?
[    2.686206] baikal_pcie 0000:00:14.4: bpcie_msi_write_msg(fee00000, 000000ef) mask=0x0 irq=36 hwirq=0x1a 00000000a82b0aba?
[    2.697377] baikal_pcie 0000:00:14.4: bpcie_config_msi: func=4 subfunc=26 addr=fee00000 data=000000ef?
[    2.706783] baikal_pcie 0000:00:14.4: bpcie_msi_write_msg(fee00000, 000000ef) mask=0x0 irq=37 hwirq=0x1b 00000000a82b0aba?
[    2.717954] baikal_pcie 0000:00:14.4: bpcie_config_msi: func=4 subfunc=27 addr=fee00000 data=000000ef?
[    2.727361] baikal_pcie 0000:00:14.4: bpcie_msi_write_msg(fee00000, 000000ef) mask=0x0 irq=38 hwirq=0x1c 00000000a82b0aba?
[    2.738531] baikal_pcie 0000:00:14.4: bpcie_config_msi: func=4 subfunc=28 addr=fee00000 data=000000ef?
[    2.747938] baikal_pcie 0000:00:14.4: bpcie_msi_write_msg(fee00000, 000000ef) mask=0x0 irq=39 hwirq=0x1d 00000000a82b0aba?
[    2.759107] baikal_pcie 0000:00:14.4: bpcie_config_msi: func=4 subfunc=29 addr=fee00000 data=000000ef?
[    2.768515] baikal_pcie 0000:00:14.4: bpcie_msi_write_msg(fee00000, 000000ef) mask=0x0 irq=40 hwirq=0x1e 00000000a82b0aba?
[    2.779685] baikal_pcie 0000:00:14.4: bpcie_config_msi: func=4 subfunc=30 addr=fee00000 data=000000ef?
[    2.789092] baikal_pcie 0000:00:14.4: bpcie_msi_write_msg(fee00000, 000000ef) mask=0x0 irq=41 hwirq=0x1f 00000000a82b0aba?
[    2.800263] baikal_pcie 0000:00:14.4: bpcie_config_msi: func=4 subfunc=31 addr=fee00000 data=000000ef?
[    2.809780] baikal_pcie 0000:00:14.4: dev->irq=10?
[    2.814727] baikal_pcie 0000:00:14.4: Failed to register serial port 0?
[    2.821389] baikal_pcie 0000:00:14.4: UART init failed (-5); continuing without serial console?
[    2.830179] bpcie_icc_init: msi_desc msi_index=0 irq=10?
[    2.835504] bpcie_icc_init: ICC subfunc 3 -> bpcie_irqnum=13 found_virq=-1?
[    2.842517] baikal_pcie 0000:00:14.4: bpcie_msi_write_msg(fee01000, 00000020) mask=0x0 irq=13 hwirq=0x3 00000000a82b0aba?
[    2.843506] baikal_pcie 0000:00:14.4: bpcie_config_msi: func=4 subfunc=3 addr=fee01000 data=00000020?
[    2.843506] baikal_pcie 0000:00:14.4: bpcie_msi_write_msg(fee01000, 00000020) mask=0x0 irq=13 hwirq=0x3 00000000a82b0aba?
[    2.843506] baikal_pcie 0000:00:14.4: bpcie_config_msi: func=4 subfunc=3 addr=fee01000 data=00000020?
[    2.883315] genirq: Flags mismatch irq 0. 00200080 (icc-shotgun) vs. 00000000 (AMD-Vi)?
[    2.891397] baikal_pcie 0000:00:14.4: bpcie_msi_write_msg(fee02000, 00000020) mask=0x0 irq=10 hwirq=0x0 00000000a82b0aba?
[    2.892383] baikal_pcie 0000:00:14.4: bpcie_config_msi: func=4 subfunc=0 addr=fee02000 data=00000020?
[    2.892383] baikal_pcie 0000:00:14.4: bpcie_msi_write_msg(fee02000, 00000020) mask=0x0 irq=10 hwirq=0x0 00000000a82b0aba?
[    2.892383] baikal_pcie 0000:00:14.4: bpcie_config_msi: func=4 subfunc=0 addr=fee02000 data=00000020?
[    2.932217] baikal_pcie 0000:00:14.4: bpcie_msi_write_msg(fee03000, 00000020) mask=0x0 irq=11 hwirq=0x1 00000000a82b0aba?
[    2.933200] baikal_pcie 0000:00:14.4: bpcie_config_msi: func=4 subfunc=1 addr=fee03000 data=00000020?
[    2.933200] baikal_pcie 0000:00:14.4: bpcie_msi_write_msg(fee03000, 00000020) mask=0x0 irq=11 hwirq=0x1 00000000a82b0aba?
[    2.933200] baikal_pcie 0000:00:14.4: bpcie_config_msi: func=4 subfunc=1 addr=fee03000 data=00000020?
[    2.973009] baikal_pcie 0000:00:14.4: bpcie_msi_write_msg(fee04000, 00000020) mask=0x0 irq=12 hwirq=0x2 00000000a82b0aba?
[    2.973992] baikal_pcie 0000:00:14.4: bpcie_config_msi: func=4 subfunc=2 addr=fee04000 data=00000020?
[    2.973992] baikal_pcie 0000:00:14.4: bpcie_msi_write_msg(fee04000, 00000020) mask=0x0 irq=12 hwirq=0x2 00000000a82b0aba?
[    2.973992] baikal_pcie 0000:00:14.4: bpcie_config_msi: func=4 subfunc=2 addr=fee04000 data=00000020?
[    3.013803] baikal_pcie 0000:00:14.4: bpcie_msi_write_msg(fee05000, 00000020) mask=0x0 irq=14 hwirq=0x4 00000000a82b0aba?
[    3.014784] baikal_pcie 0000:00:14.4: bpcie_config_msi: func=4 subfunc=4 addr=fee05000 data=00000020?
[    3.014784] baikal_pcie 0000:00:14.4: bpcie_msi_write_msg(fee05000, 00000020) mask=0x0 irq=14 hwirq=0x4 00000000a82b0aba?
[    3.014784] baikal_pcie 0000:00:14.4: bpcie_config_msi: func=4 subfunc=4 addr=fee05000 data=00000020?
[    3.054594] baikal_pcie 0000:00:14.4: bpcie_msi_write_msg(fee06000, 00000020) mask=0x0 irq=15 hwirq=0x5 00000000a82b0aba?
[    3.055577] baikal_pcie 0000:00:14.4: bpcie_config_msi: func=4 subfunc=5 addr=fee06000 data=00000020?
[    3.055577] baikal_pcie 0000:00:14.4: bpcie_msi_write_msg(fee06000, 00000020) mask=0x0 irq=15 hwirq=0x5 00000000a82b0aba?
[    3.055577] baikal_pcie 0000:00:14.4: bpcie_config_msi: func=4 subfunc=5 addr=fee06000 data=00000020?
[    3.095382] baikal_pcie 0000:00:14.4: bpcie_msi_write_msg(fee07000, 00000020) mask=0x0 irq=16 hwirq=0x6 00000000a82b0aba?
[    3.096364] baikal_pcie 0000:00:14.4: bpcie_config_msi: func=4 subfunc=6 addr=fee07000 data=00000020?
[    3.096364] baikal_pcie 0000:00:14.4: bpcie_msi_write_msg(fee07000, 00000020) mask=0x0 irq=16 hwirq=0x6 00000000a82b0aba?
[    3.096364] baikal_pcie 0000:00:14.4: bpcie_config_msi: func=4 subfunc=6 addr=fee07000 data=00000020?
[    3.136171] baikal_pcie 0000:00:14.4: bpcie_msi_write_msg(fee00000, 00000021) mask=0x0 irq=17 hwirq=0x7 00000000a82b0aba?
[    3.137154] baikal_pcie 0000:00:14.4: bpcie_config_msi: func=4 subfunc=7 addr=fee00000 data=00000021?
[    3.137154] baikal_pcie 0000:00:14.4: bpcie_msi_write_msg(fee00000, 00000021) mask=0x0 irq=17 hwirq=0x7 00000000a82b0aba?
[    3.137154] baikal_pcie 0000:00:14.4: bpcie_config_msi: func=4 subfunc=7 addr=fee00000 data=00000021?
[    3.176961] baikal_pcie 0000:00:14.4: bpcie_msi_write_msg(fee01000, 00000021) mask=0x0 irq=18 hwirq=0x8 00000000a82b0aba?
[    3.177943] baikal_pcie 0000:00:14.4: bpcie_config_msi: func=4 subfunc=8 addr=fee01000 data=00000021?
[    3.177943] baikal_pcie 0000:00:14.4: bpcie_msi_write_msg(fee01000, 00000021) mask=0x0 irq=18 hwirq=0x8 00000000a82b0aba?
[    3.177943] baikal_pcie 0000:00:14.4: bpcie_config_msi: func=4 subfunc=8 addr=fee01000 data=00000021?
[    3.217753] baikal_pcie 0000:00:14.4: bpcie_msi_write_msg(fee02000, 00000021) mask=0x0 irq=19 hwirq=0x9 00000000a82b0aba?
[    3.218736] baikal_pcie 0000:00:14.4: bpcie_config_msi: func=4 subfunc=9 addr=fee02000 data=00000021?
[    3.218736] baikal_pcie 0000:00:14.4: bpcie_msi_write_msg(fee02000, 00000021) mask=0x0 irq=19 hwirq=0x9 00000000a82b0aba?
[    3.218736] baikal_pcie 0000:00:14.4: bpcie_config_msi: func=4 subfunc=9 addr=fee02000 data=00000021?
[    3.258539] baikal_pcie 0000:00:14.4: bpcie_msi_write_msg(fee03000, 00000021) mask=0x0 irq=20 hwirq=0xa 00000000a82b0aba?
[    3.259523] baikal_pcie 0000:00:14.4: bpcie_config_msi: func=4 subfunc=10 addr=fee03000 data=00000021?
[    3.259523] baikal_pcie 0000:00:14.4: bpcie_msi_write_msg(fee03000, 00000021) mask=0x0 irq=20 hwirq=0xa 00000000a82b0aba?
[    3.259523] baikal_pcie 0000:00:14.4: bpcie_config_msi: func=4 subfunc=10 addr=fee03000 data=00000021?
[    3.299507] baikal_pcie 0000:00:14.4: bpcie_msi_write_msg(fee04000, 00000021) mask=0x0 irq=21 hwirq=0xb 00000000a82b0aba?
[    3.300488] baikal_pcie 0000:00:14.4: bpcie_config_msi: func=4 subfunc=11 addr=fee04000 data=00000021?
[    3.300488] baikal_pcie 0000:00:14.4: bpcie_msi_write_msg(fee04000, 00000021) mask=0x0 irq=21 hwirq=0xb 00000000a82b0aba?
[    3.300488] baikal_pcie 0000:00:14.4: bpcie_config_msi: func=4 subfunc=11 addr=fee04000 data=00000021?
[    3.340473] baikal_pcie 0000:00:14.4: bpcie_msi_write_msg(fee05000, 00000021) mask=0x0 irq=22 hwirq=0xc 00000000a82b0aba?
[    3.341457] baikal_pcie 0000:00:14.4: bpcie_config_msi: func=4 subfunc=12 addr=fee05000 data=00000021?
[    3.341457] baikal_pcie 0000:00:14.4: bpcie_msi_write_msg(fee05000, 00000021) mask=0x0 irq=22 hwirq=0xc 00000000a82b0aba?
[    3.341457] baikal_pcie 0000:00:14.4: bpcie_config_msi: func=4 subfunc=12 addr=fee05000 data=00000021?
[    3.381441] baikal_pcie 0000:00:14.4: bpcie_msi_write_msg(fee06000, 00000021) mask=0x0 irq=23 hwirq=0xd 00000000a82b0aba?
[    3.382422] baikal_pcie 0000:00:14.4: bpcie_config_msi: func=4 subfunc=13 addr=fee06000 data=00000021?
[    3.382422] baikal_pcie 0000:00:14.4: bpcie_msi_write_msg(fee06000, 00000021) mask=0x0 irq=23 hwirq=0xd 00000000a82b0aba?
[    3.382422] baikal_pcie 0000:00:14.4: bpcie_config_msi: func=4 subfunc=13 addr=fee06000 data=00000021?
[    3.422409] baikal_pcie 0000:00:14.4: bpcie_msi_write_msg(fee07000, 00000021) mask=0x0 irq=24 hwirq=0xe 00000000a82b0aba?
[    3.423394] baikal_pcie 0000:00:14.4: bpcie_config_msi: func=4 subfunc=14 addr=fee07000 data=00000021?
[    3.423394] baikal_pcie 0000:00:14.4: bpcie_msi_write_msg(fee07000, 00000021) mask=0x0 irq=24 hwirq=0xe 00000000a82b0aba?
[    3.423394] baikal_pcie 0000:00:14.4: bpcie_config_msi: func=4 subfunc=14 addr=fee07000 data=00000021?
[    3.463378] baikal_pcie 0000:00:14.4: bpcie_msi_write_msg(fee00000, 00000022) mask=0x0 irq=25 hwirq=0xf 00000000a82b0aba?
[    3.464360] baikal_pcie 0000:00:14.4: bpcie_config_msi: func=4 subfunc=15 addr=fee00000 data=00000022?
[    3.464360] baikal_pcie 0000:00:14.4: bpcie_msi_write_msg(fee00000, 00000022) mask=0x0 irq=25 hwirq=0xf 00000000a82b0aba?
[    3.464360] baikal_pcie 0000:00:14.4: bpcie_config_msi: func=4 subfunc=15 addr=fee00000 data=00000022?
[    3.504344] baikal_pcie 0000:00:14.4: bpcie_msi_write_msg(fee01000, 00000022) mask=0x0 irq=26 hwirq=0x10 00000000a82b0aba?
[    3.505328] baikal_pcie 0000:00:14.4: bpcie_config_msi: func=4 subfunc=16 addr=fee01000 data=00000022?
[    3.505328] baikal_pcie 0000:00:14.4: bpcie_msi_write_msg(fee01000, 00000022) mask=0x0 irq=26 hwirq=0x10 00000000a82b0aba?
[    3.505328] baikal_pcie 0000:00:14.4: bpcie_config_msi: func=4 subfunc=16 addr=fee01000 data=00000022?
[    3.545486] baikal_pcie 0000:00:14.4: bpcie_msi_write_msg(fee02000, 00000022) mask=0x0 irq=27 hwirq=0x11 00000000a82b0aba?
[    3.546470] baikal_pcie 0000:00:14.4: bpcie_config_msi: func=4 subfunc=17 addr=fee02000 data=00000022?
[    3.546470] baikal_pcie 0000:00:14.4: bpcie_msi_write_msg(fee02000, 00000022) mask=0x0 irq=27 hwirq=0x11 00000000a82b0aba?
[    3.546470] baikal_pcie 0000:00:14.4: bpcie_config_msi: func=4 subfunc=17 addr=fee02000 data=00000022?
[    3.586630] baikal_pcie 0000:00:14.4: bpcie_msi_write_msg(fee03000, 00000022) mask=0x0 irq=28 hwirq=0x12 00000000a82b0aba?
[    3.587612] baikal_pcie 0000:00:14.4: bpcie_config_msi: func=4 subfunc=18 addr=fee03000 data=00000022?
[    3.587612] baikal_pcie 0000:00:14.4: bpcie_msi_write_msg(fee03000, 00000022) mask=0x0 irq=28 hwirq=0x12 00000000a82b0aba?
[    3.587612] baikal_pcie 0000:00:14.4: bpcie_config_msi: func=4 subfunc=18 addr=fee03000 data=00000022?
[    3.627773] baikal_pcie 0000:00:14.4: bpcie_msi_write_msg(fee04000, 00000022) mask=0x0 irq=29 hwirq=0x13 00000000a82b0aba?
[    3.628756] baikal_pcie 0000:00:14.4: bpcie_config_msi: func=4 subfunc=19 addr=fee04000 data=00000022?
[    3.628756] baikal_pcie 0000:00:14.4: bpcie_msi_write_msg(fee04000, 00000022) mask=0x0 irq=29 hwirq=0x13 00000000a82b0aba?
[    3.628756] baikal_pcie 0000:00:14.4: bpcie_config_msi: func=4 subfunc=19 addr=fee04000 data=00000022?
[    3.668917] baikal_pcie 0000:00:14.4: bpcie_msi_write_msg(fee05000, 00000022) mask=0x0 irq=30 hwirq=0x14 00000000a82b0aba?
[    3.669899] baikal_pcie 0000:00:14.4: bpcie_config_msi: func=4 subfunc=20 addr=fee05000 data=00000022?
[    3.669899] baikal_pcie 0000:00:14.4: bpcie_msi_write_msg(fee05000, 00000022) mask=0x0 irq=30 hwirq=0x14 00000000a82b0aba?
[    3.669899] baikal_pcie 0000:00:14.4: bpcie_config_msi: func=4 subfunc=20 addr=fee05000 data=00000022?
[    3.710066] baikal_pcie 0000:00:14.4: bpcie_msi_write_msg(fee06000, 00000022) mask=0x0 irq=31 hwirq=0x15 00000000a82b0aba?
[    3.711044] baikal_pcie 0000:00:14.4: bpcie_config_msi: func=4 subfunc=21 addr=fee06000 data=00000022?
[    3.711044] baikal_pcie 0000:00:14.4: bpcie_msi_write_msg(fee06000, 00000022) mask=0x0 irq=31 hwirq=0x15 00000000a82b0aba?
[    3.711044] baikal_pcie 0000:00:14.4: bpcie_config_msi: func=4 subfunc=21 addr=fee06000 data=00000022?
[    3.751211] baikal_pcie 0000:00:14.4: bpcie_msi_write_msg(fee07000, 00000022) mask=0x0 irq=32 hwirq=0x16 00000000a82b0aba?
[    3.752193] baikal_pcie 0000:00:14.4: bpcie_config_msi: func=4 subfunc=22 addr=fee07000 data=00000022?
[    3.752193] baikal_pcie 0000:00:14.4: bpcie_msi_write_msg(fee07000, 00000022) mask=0x0 irq=32 hwirq=0x16 00000000a82b0aba?
[    3.752193] baikal_pcie 0000:00:14.4: bpcie_config_msi: func=4 subfunc=22 addr=fee07000 data=00000022?
[    3.792354] baikal_pcie 0000:00:14.4: bpcie_msi_write_msg(fee00000, 00000023) mask=0x0 irq=33 hwirq=0x17 00000000a82b0aba?
[    3.793337] baikal_pcie 0000:00:14.4: bpcie_config_msi: func=4 subfunc=23 addr=fee00000 data=00000023?
[    3.793337] baikal_pcie 0000:00:14.4: bpcie_msi_write_msg(fee00000, 00000023) mask=0x0 irq=33 hwirq=0x17 00000000a82b0aba?
[    3.793337] baikal_pcie 0000:00:14.4: bpcie_config_msi: func=4 subfunc=23 addr=fee00000 data=00000023?
[    3.833496] baikal_pcie 0000:00:14.4: bpcie_msi_write_msg(fee01000, 00000023) mask=0x0 irq=34 hwirq=0x18 00000000a82b0aba?
[    3.834480] baikal_pcie 0000:00:14.4: bpcie_config_msi: func=4 subfunc=24 addr=fee01000 data=00000023?
[    3.834480] baikal_pcie 0000:00:14.4: bpcie_msi_write_msg(fee01000, 00000023) mask=0x0 irq=34 hwirq=0x18 00000000a82b0aba?
[    3.834480] baikal_pcie 0000:00:14.4: bpcie_config_msi: func=4 subfunc=24 addr=fee01000 data=00000023?
[    3.874642] baikal_pcie 0000:00:14.4: bpcie_msi_write_msg(fee02000, 00000023) mask=0x0 irq=35 hwirq=0x19 00000000a82b0aba?
[    3.875623] baikal_pcie 0000:00:14.4: bpcie_config_msi: func=4 subfunc=25 addr=fee02000 data=00000023?
[    3.875623] baikal_pcie 0000:00:14.4: bpcie_msi_write_msg(fee02000, 00000023) mask=0x0 irq=35 hwirq=0x19 00000000a82b0aba?
[    3.875623] baikal_pcie 0000:00:14.4: bpcie_config_msi: func=4 subfunc=25 addr=fee02000 data=00000023?
[    3.915785] baikal_pcie 0000:00:14.4: bpcie_msi_write_msg(fee03000, 00000023) mask=0x0 irq=36 hwirq=0x1a 00000000a82b0aba?
[    3.916770] baikal_pcie 0000:00:14.4: bpcie_config_msi: func=4 subfunc=26 addr=fee03000 data=00000023?
[    3.916770] baikal_pcie 0000:00:14.4: bpcie_msi_write_msg(fee03000, 00000023) mask=0x0 irq=36 hwirq=0x1a 00000000a82b0aba?
[    3.916770] baikal_pcie 0000:00:14.4: bpcie_config_msi: func=4 subfunc=26 addr=fee03000 data=00000023?
[    3.956929] baikal_pcie 0000:00:14.4: bpcie_msi_write_msg(fee04000, 00000023) mask=0x0 irq=37 hwirq=0x1b 00000000a82b0aba?
[    3.957911] baikal_pcie 0000:00:14.4: bpcie_config_msi: func=4 subfunc=27 addr=fee04000 data=00000023?
[    3.957911] baikal_pcie 0000:00:14.4: bpcie_msi_write_msg(fee04000, 00000023) mask=0x0 irq=37 hwirq=0x1b 00000000a82b0aba?
[    3.957911] baikal_pcie 0000:00:14.4: bpcie_config_msi: func=4 subfunc=27 addr=fee04000 data=00000023?
[    3.998073] baikal_pcie 0000:00:14.4: bpcie_msi_write_msg(fee05000, 00000023) mask=0x0 irq=38 hwirq=0x1c 00000000a82b0aba?
[    3.999057] baikal_pcie 0000:00:14.4: bpcie_config_msi: func=4 subfunc=28 addr=fee05000 data=00000023?
[    3.999057] baikal_pcie 0000:00:14.4: bpcie_msi_write_msg(fee05000, 00000023) mask=0x0 irq=38 hwirq=0x1c 00000000a82b0aba?
[    3.999057] baikal_pcie 0000:00:14.4: bpcie_config_msi: func=4 subfunc=28 addr=fee05000 data=00000023?
[    4.039221] baikal_pcie 0000:00:14.4: bpcie_msi_write_msg(fee06000, 00000023) mask=0x0 irq=39 hwirq=0x1d 00000000a82b0aba?
[    4.040202] baikal_pcie 0000:00:14.4: bpcie_config_msi: func=4 subfunc=29 addr=fee06000 data=00000023?
[    4.040202] baikal_pcie 0000:00:14.4: bpcie_msi_write_msg(fee06000, 00000023) mask=0x0 irq=39 hwirq=0x1d 00000000a82b0aba?
[    4.040202] baikal_pcie 0000:00:14.4: bpcie_config_msi: func=4 subfunc=29 addr=fee06000 data=00000023?
[    4.080368] baikal_pcie 0000:00:14.4: bpcie_msi_write_msg(fee07000, 00000023) mask=0x0 irq=40 hwirq=0x1e 00000000a82b0aba?
[    4.081352] baikal_pcie 0000:00:14.4: bpcie_config_msi: func=4 subfunc=30 addr=fee07000 data=00000023?
[    4.081352] baikal_pcie 0000:00:14.4: bpcie_msi_write_msg(fee07000, 00000023) mask=0x0 irq=40 hwirq=0x1e 00000000a82b0aba?
[    4.081352] baikal_pcie 0000:00:14.4: bpcie_config_msi: func=4 subfunc=30 addr=fee07000 data=00000023?
[    4.121511] baikal_pcie 0000:00:14.4: bpcie_msi_write_msg(fee00000, 00000024) mask=0x0 irq=41 hwirq=0x1f 00000000a82b0aba?
[    4.122495] baikal_pcie 0000:00:14.4: bpcie_config_msi: func=4 subfunc=31 addr=fee00000 data=00000024?
[    4.122495] baikal_pcie 0000:00:14.4: bpcie_msi_write_msg(fee00000, 00000024) mask=0x0 irq=41 hwirq=0x1f 00000000a82b0aba?
[    4.122495] baikal_pcie 0000:00:14.4: bpcie_config_msi: func=4 subfunc=31 addr=fee00000 data=00000024?
[    4.162653] bpcie_icc_init: shotgun-registered ICC at 32 additional virqs (0..63)?
[    4.170286] baikal_pcie 0000:00:14.4: icc init-diag: ICC virq=13 STATUS=0x0 IRQ_MASK=0x3 DOORBELL_off=0x108004 STATUS_off=0x108014?
[    4.182285] i2c i2c-0: adapter [icc] registered?
[    4.187045] icc_interrupt: irq=35 entry status=0x2?
[    4.188430] icc_interrupt: irq=0 entry status=0x2?
[    4.215668] icc_interrupt: irq=35 entry status=0x1?
[    4.216429] icc_interrupt: irq=0 entry status=0x1?
[    4.225346] Turn ON BT/WLAN: ret=20, reply 00 00 00 00?
[    4.225486] icc_interrupt: irq=35 entry status=0x2?
[    4.226404] icc_interrupt: irq=0 entry status=0x2?
[    4.240397] usb0 status: ret=20, reply 00 00 01 00?
[    4.240401] USB is already turned ON!?
[    4.245372] input: Power Button as /devices/pci0000:00/0000:00:14.4/input/input0?
[    4.256769] icc_interrupt: irq=35 entry status=0x2?
[    4.257396] icc_interrupt: irq=0 entry status=0x2?
[    4.275673] icc_interrupt: irq=35 entry status=0x1?
[    4.276392] icc_interrupt: irq=0 entry status=0x1?
[    4.285352] icc: not ready?
[    4.288111] baikal_pcie 0000:00:14.4: icc_pwrbutton_init: Failed to enable reset notifications (-11)?
[    4.316398] ret=46, reply 00 00 03 00 00 00 15 00?
[    4.326373] ret=20, reply 00 00 01 02 10 00 00 00?
[    4.336371] ret=20, reply 00 00 00 00 00 00 00 00?
[    4.341281] wireguard: WireGuard 1.0.0 loaded. See www.wireguard.com for information.?
[    4.349265] wireguard: Copyright (C) 2015-2019 Jason A. Donenfeld <Jason@zx2c4.com>. All Rights Reserved.?
[    4.359702] sky2: driver version 1.30?
[    4.374379] resource: resource sanity check: requesting [mem 0x00000000c2000000-0x00000000c2003fff], which spans more than 0000:00:14.1 [mem 0xc2000000-0xc2000fff 64bit]?
[    4.389803] caller sky2_probe+0x153/0x330 mapping multiple BARs?
[    4.395849] sky2 0000:00:14.1: PS4 Baikal: B2_CHIP_ID=0x0, forcing YUKON_PRM?
[    4.403035] sky2 0000:00:14.1: chip type 0xbd?
[    4.407492] sky2 0000:00:14.1: Yukon-2 OptimaEEE chip revision 0?
[    4.413670] sky2 0000:00:14.1: bpcie_assign_irqs(1)?
[    4.418656] bpcie_init_dev_msi_info: dev=0000:00:14.1 installed bpcie demuxer (sc=00000000a82b0aba)?
[    4.427918] bpcie_msi_init: virq=1 hwirq=0x0 domain=0000000059b86d23 info=00000000bb56fe84 sc=00000000a82b0aba?
[    4.438122] bpcie_msi_init: registered virq=1 irq_map[32]?
[    4.443629] sky2 0000:00:14.1: bpcie_msi_write_msg(fee00000, 000000ef) mask=0x0 irq=1 hwirq=0x0 00000000a82b0aba?
[    4.454013] baikal_pcie 0000:00:14.4: bpcie_config_msi: func=1 subfunc=0 addr=fee00000 data=000000ef?
[    4.463352] sky2 0000:00:14.1: bpcie_assign_irqs returning 1?
[    4.469121] sky2 0000:00:14.1: PS4 Baikal: skipping MSI self-test in APCIE branch?
[    4.477072] sky2 0000:00:14.1 eth0: addr 2c:cc:44:57:0b:3a?
[    4.483171] xhci_aeolia 0000:00:14.7: bpcie_assign_irqs(3)?
[    4.488780] bpcie_init_dev_msi_info: dev=0000:00:14.7 installed bpcie demuxer (sc=00000000a82b0aba)?
[    4.498052] bpcie_msi_init: virq=2 hwirq=0x0 domain=00000000be32386c info=00000000bb56fe84 sc=00000000a82b0aba?
[    4.508256] bpcie_msi_init: registered virq=2 irq_map[33]?
[    4.513764] xhci_aeolia 0000:00:14.7: bpcie_msi_write_msg(fee00000, 000000ef) mask=0x0 irq=2 hwirq=0x0 00000000a82b0aba?
[    4.524765] baikal_pcie 0000:00:14.4: bpcie_config_msi: func=7 subfunc=0 addr=fee00000 data=000000ef?
[    4.534099] xhci_aeolia 0000:00:14.7: bpcie_assign_irqs returning 1?
[    4.540489] xhci_aeolia 0000:00:14.7: version 3.0?
[    4.545294] xhci_aeolia 0000:00:14.7: Belize SATA PHY init?
[    5.550930] xhci_aeolia 0000:00:14.7: PHY SET GEN3?
[    5.555815] xhci_aeolia 0000:00:14.7: Belize SATA PHY Trace length : 6?
[    6.562555] xhci_aeolia 0000:00:14.7: Align 90=0x00?
[    6.567559] clocksource: tsc: mask: 0xffffffffffffffff max_cycles: 0x16fa24ddb27, max_idle_ns: 440795260629 ns?
[    6.567620] xhci_aeolia 0000:00:14.7: AHCI vers 0001.0300, 32 command slots, 6 Gbps, ATA mode?
[    6.586448] xhci_aeolia 0000:00:14.7: 1/1 ports implemented (port mask 0x1)?
[    6.593544] xhci_aeolia 0000:00:14.7: flags: ncq sntf pm clo only pmp pio slum part ccc apst ?
[    6.602254] clocksource: Switched to clocksource tsc?
[    6.602310] xhci_aeolia 0000:00:14.7: bpcie_msi_write_msg(fee01000, 00000024) mask=0x0 irq=2 hwirq=0x0 00000000a82b0aba?
[    6.615050] baikal_pcie 0000:00:14.4: bpcie_config_msi: func=7 subfunc=0 addr=fee01000 data=00000024?
[    6.623050] xhci_aeolia 0000:00:14.7: bpcie_msi_write_msg(fee01000, 00000024) mask=0x0 irq=2 hwirq=0x0 00000000a82b0aba?
[    6.638088] baikal_pcie 0000:00:14.4: bpcie_config_msi: func=7 subfunc=0 addr=fee01000 data=00000024?
[    6.648379] scsi host0: ahci?
[    6.651456] ata1: SATA max UDMA/133 abar m65536@0xce800000 port 0xce800100 irq 2 lpm-pol 0?
[    6.710226] xhci_aeolia_probe_one 0, controller is 90de?
[    6.715642] xhci_aeolia 0000:00:14.7: xHCI Host Controller?
[    6.721258] xhci_aeolia 0000:00:14.7: new USB bus registered, assigned bus number 1?
[    6.729194] xhci_aeolia 0000:00:14.7: hcc params 0x0228f66c hci version 0x100 quirks 0x0004000000010010?
[    6.738785] xhci_aeolia 0000:00:14.7: irq 2, io mem 0xce000000?
[    6.744768] xhci_aeolia 0000:00:14.7: xHCI Host Controller?
[    6.750366] xhci_aeolia 0000:00:14.7: new USB bus registered, assigned bus number 2?
[    6.779172] xhci_aeolia 0000:00:14.7: Host supports USB 3.0 SuperSpeed?
[    6.786062] usb usb1: New USB device found, idVendor=1d6b, idProduct=0002, bcdDevice= 6.15?
[    6.794493] usb usb1: New USB device strings: Mfr=3, Product=2, SerialNumber=1?
[    6.801857] usb usb1: Product: xHCI Host Controller?
[    6.806829] usb usb1: Manufacturer: Linux 6.15.4-Baikal_TESTING_crashniels-dirty xhci-hcd?
[    6.815165] usb usb1: SerialNumber: 0000:00:14.7?
[    6.820250] hub 1-0:1.0: USB hub found?
[    6.824099] hub 1-0:1.0: 2 ports detected?
[    6.828432] usb usb2: We don't know the algorithms for LPM for this host, disabling LPM.?
[    6.836767] usb usb2: New USB device found, idVendor=1d6b, idProduct=0003, bcdDevice= 6.15?
[    6.845196] usb usb2: New USB device strings: Mfr=3, Product=2, SerialNumber=1?
[    6.852564] usb usb2: Product: xHCI Host Controller?
[    6.857537] usb usb2: Manufacturer: Linux 6.15.4-Baikal_TESTING_crashniels-dirty xhci-hcd?
[    6.865874] usb usb2: SerialNumber: 0000:00:14.7?
[    6.870912] hub 2-0:1.0: USB hub found?
[    6.874759] hub 2-0:1.0: 2 ports detected?
[    6.900192] xhci_aeolia_probe_one 2, controller is 90de?
[    6.905597] xhci_aeolia 0000:00:14.7: xHCI Host Controller?
[    6.911204] xhci_aeolia 0000:00:14.7: new USB bus registered, assigned bus number 3?
[    6.919158] xhci_aeolia 0000:00:14.7: hcc params 0x0220f06c hci version 0x100 quirks 0x0004000000010010?
[    6.928752] xhci_aeolia 0000:00:14.7: irq 2, io mem 0xcf000000?
[    6.934737] xhci_aeolia 0000:00:14.7: xHCI Host Controller?
[    6.940334] xhci_aeolia 0000:00:14.7: new USB bus registered, assigned bus number 4?
[    6.969180] xhci_aeolia 0000:00:14.7: Host supports USB 3.0 SuperSpeed?
[    6.975991] usb usb3: New USB device found, idVendor=1d6b, idProduct=0002, bcdDevice= 6.15?
[    6.984429] usb usb3: New USB device strings: Mfr=3, Product=2, SerialNumber=1?
[    6.991799] usb usb3: Product: xHCI Host Controller?
[    6.996771] usb usb3: Manufacturer: Linux 6.15.4-Baikal_TESTING_crashniels-dirty xhci-hcd?
[    7.005108] usb usb3: SerialNumber: 0000:00:14.7?
[    7.010331] hub 3-0:1.0: USB hub found?
[    7.014199] hub 3-0:1.0: 1 port detected?
[    7.018421] usb usb4: We don't know the algorithms for LPM for this host, disabling LPM.?
[    7.026761] usb usb4: New USB device found, idVendor=1d6b, idProduct=0003, bcdDevice= 6.15?
[    7.035196] usb usb4: New USB device strings: Mfr=3, Product=2, SerialNumber=1?
[    7.042569] usb usb4: Product: xHCI Host Controller?
[    7.047544] usb usb4: Manufacturer: Linux 6.15.4-Baikal_TESTING_crashniels-dirty xhci-hcd?
[    7.055881] usb usb4: SerialNumber: 0000:00:14.7?
[    7.060985] hub 4-0:1.0: USB hub found?
[    7.064843] hub 4-0:1.0: 1 port detected?
[    7.090708] usbcore: registered new interface driver uas?
[    7.096225] usbcore: registered new interface driver usb-storage?
[    7.102414] i8042: PNP: No PS/2 controller found.?
[    7.107503] mousedev: PS/2 mouse device common for all mice?
[    7.113366] usbcore: registered new interface driver xpad?
[    7.119028] i2c_dev: i2c /dev entries driver?
[    7.123448] ata1: SATA link up 3.0 Gbps (SStatus 123 SControl 300)?
[    7.123502] i2c_dev: adapter [icc] registered as minor 0?
[    7.124084] usb 1-1: new high-speed USB device number 2 using xhci_aeolia?
[    7.142115] i2c-core: driver [i2c-slave-eeprom] registered?
[    7.148213] device-mapper: ioctl: 4.49.0-ioctl (2025-01-17) initialised: dm-devel@lists.linux.dev?
[    7.157502] amd_pstate: the _CPC object is not present in SBIOS or ACPI disabled?
[    7.165064] sdhci: Secure Digital Host Controller Interface driver?
[    7.171377] sdhci: Copyright(c) Pierre Ossman?
[    7.174673] ata1.00: FORCE: modified (disable)?
[    7.176211] hid: raw HID events driver (C) Jiri Kosina?
[    7.176228] sdhci-pci 0000:00:14.3: SDHCI controller found [104d:90da] (rev 0)?
[    7.176292] bpcie_init_dev_msi_info: dev=0000:00:14.3 installed bpcie demuxer (sc=00000000a82b0aba)?
[    7.176365] bpcie_msi_init: virq=3 hwirq=0x0 domain=00000000f142aea9 info=00000000bb56fe84 sc=00000000a82b0aba?
[    7.176374] bpcie_msi_init: registered virq=3 irq_map[34]?
[    7.176384] sdhci-pci 0000:00:14.3: bpcie_msi_write_msg(fee00000, 000000ef) mask=0x0 irq=3 hwirq=0x0 00000000a82b0aba?
[    7.176403] baikal_pcie 0000:00:14.4: bpcie_config_msi: func=3 subfunc=0 addr=fee00000 data=000000ef?
[    7.176788] sdhci-pci 0000:00:14.3: bpcie_msi_write_msg(fee02000, 00000024) mask=0x0 irq=3 hwirq=0x0 00000000a82b0aba?
[    7.176808] baikal_pcie 0000:00:14.4: bpcie_config_msi: func=3 subfunc=0 addr=fee02000 data=00000024?
[    7.176836] sdhci-pci 0000:00:14.3: bpcie_msi_write_msg(fee02000, 00000024) mask=0x0 irq=3 hwirq=0x0 00000000a82b0aba?
[    7.176853] baikal_pcie 0000:00:14.4: bpcie_config_msi: func=3 subfunc=0 addr=fee02000 data=00000024?
[    7.180359] ata1.00: unsupported device, disabling?
[    7.180364] ata1.00: disable device?
[    7.180669] usbcore: registered new interface driver usbhid?
[    7.185688] mmc0: SDHCI controller on PCI [0000:00:14.3] using ADMA?
[    7.192991] usbhid: USB HID core driver?
[    7.193149] usb usb3-port1: over-current condition?
[    7.193527] snd_hda_intel 0000:00:01.1: can't derive routing for PCI INT B?
[    7.193533] snd_hda_intel 0000:00:01.1: PCI INT B: not connected?
[    7.193839] NET: Registered PF_INET6 protocol family?
[    7.194554] Segment Routing with IPv6?
[    7.194572] In-situ OAM (IOAM) with IPv6?
[    7.194613] NET: Registered PF_PACKET protocol family?
[    7.194696] Bluetooth: RFCOMM TTY layer initialized?
[    7.194704] Bluetooth: RFCOMM socket layer initialized?
[    7.194706] Bluetooth: RFCOMM ver 1.11?
[    7.194709] Bluetooth: BNEP (Ethernet Emulation) ver 1.3?
[    7.194712] Bluetooth: BNEP filters: protocol multicast?
[    7.194716] Bluetooth: BNEP socket layer initialized?
[    7.194719] Bluetooth: HIDP (Human Interface Emulation) ver 1.2?
[    7.194723] Bluetooth: HIDP socket layer initialized?
[    7.197189] input: HD-Audio Generic HDMI/DP,pcm=3 as /devices/pci0000:00/0000:00:01.1/sound/card0/input1?
[    7.197342] input: HD-Audio Generic HDMI/DP,pcm=7 as /devices/pci0000:00/0000:00:01.1/sound/card0/input2?
[    7.250458] usb 1-1: New USB device found, idVendor=1a40, idProduct=0101, bcdDevice= 1.00?
[    7.258798] microcode: Current revision: 0x0701a001?
[    7.269094] usb 1-1: New USB device strings: Mfr=0, Product=1, SerialNumber=0?
[    7.309426] mmc0: new UHS-I speed SDR104 SDIO card at address 0001?
[    7.314753] usb 1-1: Product: USB2.0 HUB?
[    7.323111] [wlan][78]halPollDbgCr:(INIT WARN) SWPCDBGR 0x00001DDE?
[    7.368726] hub 1-1:1.0: USB hub found?
[    7.375148] IPI shorthand broadcast: enabled?
[    7.379863] usb 2-2: new SuperSpeed USB device number 2 using xhci_aeolia?
[    7.389693] usb usb4-port1: over-current condition?
[    7.399305] hub 1-1:1.0: 4 ports detected?
[    7.412987] usb 2-2: New USB device found, idVendor=0951, idProduct=1666, bcdDevice= 1.10?
[    7.413165] sched_clock: Marking stable (6714004230, 699034882)->(9767242872, -2354203760)?
[    7.426604] registered taskstats version 1?
[    7.430463] usb 2-2: New USB device strings: Mfr=2, Product=3, SerialNumber=4?
[    7.430472] Loading compiled-in X.509 certificates?
[    7.430480] usb 2-2: Product: DataTraveler 3.0?
[    7.430484] usb 2-2: Manufacturer: Kingston?
[    7.503388] usb 2-2: SerialNumber: E0D55EA573F0194049CD0236?
[    7.509157] Demotion targets for Node 0: null?
[    7.509798] usb-storage 2-2:1.0: USB Mass Storage device detected?
[    7.515021] Btrfs loaded, zoned=no, fsverity=no?
[    7.520420] scsi host1: usb-storage 2-2:1.0?
[    7.525889] amdgpu 0000:00:01.0: can't derive routing for PCI INT A?
[    7.535262] amdgpu 0000:00:01.0: PCI INT A: not connected?
[    7.540779] [drm] initializing kernel modesetting (LIVERPOOL 0x1002:0x9923 0x1002:0x9923 0x00).?
[    7.549687] [drm] register mmio base: 0xE4800000?
[    7.554408] [drm] register mmio size: 262144?
[    7.558998] amdgpu 0000:00:01.0: amdgpu: detected ip block number 0 <cik_common>?
[    7.566556] amdgpu 0000:00:01.0: amdgpu: detected ip block number 1 <gmc_v7_0>?
[    7.573930] amdgpu 0000:00:01.0: amdgpu: detected ip block number 2 <cik_ih>?
[    7.581127] amdgpu 0000:00:01.0: amdgpu: detected ip block number 3 <dce_v8_0>?
[    7.588501] amdgpu 0000:00:01.0: amdgpu: detected ip block number 4 <gfx_v7_0>?
[    7.595874] amdgpu 0000:00:01.0: amdgpu: detected ip block number 5 <cik_sdma>?
[    7.603248] amdgpu 0000:00:01.0: amdgpu: detected ip block number 6 <uvd_v4_2>?
[    7.610626] amdgpu 0000:00:01.0: amdgpu: detected ip block number 7 <vce_v2_0>?
  MC4_STATUS: 0xf600000000070f0f, MC4_ADDR=0x00000000e0000000
[ERROR]: 0x800f0228 Machine check error (MC4_STATUS) is detected
?secure loader build: Jan 23 2025 05:19:40 (r10767:release_branches/release_12.020) [711MHz]
AGESA: KG&CN.BDK       W9311       
1526 msec
[BOOT TIME]      SAMU:     726 msec: enter
[BOOT TIME]      SAMU:    2258 msec: leave
AGESA: ClaytonBDK_24.0.3.80914 SAMU: W9311       ?
SIE CONFIDENTIAL?
Copyright (C) 2024 Sony Interactive Entertainment Inc.?
All Rights Reserved.?
Copyright (c) 1992-2012 The FreeBSD Project.?
Copyright (c) 1979, 1980, 1983, 1986, 1988, 1989, 1991, 1992, 1993, 1994?
	The Regents of the University of California. All rights reserved.?
FreeBSD is a registered trademark of The FreeBSD Foundation.?
r222806/release_branches/release_12.020 Jan 23 2025 05:24:53 amd64?
mDBG: Kernel Build ID = 3f0d356142851065?
CPU: DG1401SNF87ID                                   (1594.00-MHz K8-class CPU)?
  Origin = "AuthenticAMD"  Id = 0x710fa0  Family = 16  Model = 1a  Stepping = 0?
  Features=0x178bfbff<FPU,VME,DE,PSE,TSC,MSR,PAE,MCE,CX8,APIC,SEP,MTRR,PGE,MCA,CMOV,PAT,PSE36,CLFLUSH,MMX,FXSR,SSE,SSE2,HTT>?
  Features2=0x36d8220b<SSE3,PCLMULQDQ,MON,SSSE3,CX16,SSE4.1,SSE4.2,MOVBE,POPCNT,AESNI,XSAVE,AVX,F16C>?
  AMD Features=0x2e500800<SYSCALL,NX,MMX+,FFXSR,Page1GB,RDTSCP,LM>?
  AMD Features2=0x154837ff<LAHF,CMP,SVM,ExtAPIC,CR8,ABM,SSE4A,MAS,Prefetch,OSVW,IBS,SKINIT,WDT,NodeId,Topology,PerfCtrExtNB,<b26>,<b28>>?
  TSC: P-state invariant, performance statistics?
Event timer "LAPIC" quality 400?
ACPI APIC Table: <SIE    ORBIS   >?
FreeBSD/SMP: Multiprocessor System Detected: 8 CPUs?
FreeBSD/SMP: 1 package(s) x 8 core(s)?
 cpu0 (BSP): APIC ID:  0?
 cpu1 (AP): APIC ID:  1?
 cpu2 (AP): APIC ID:  2?
 cpu3 (AP): APIC ID:  3?
 cpu4 (AP): APIC ID:  4?
 cpu5 (AP): APIC ID:  5?
 cpu6 (AP): APIC ID:  6?
 cpu7 (AP): APIC ID:  7?
MADT: Could not find APIC for SCI IRQ 9?
[REGMGR] 000001 ...?
Memory mode: 4: BC8 release?
 BigApp memory               : 0x0000000148000000 bytes (5248MiB) ?
     FMEM (max)              : 0x0000000040000000 bytes (1024MiB) ?
 MiniApp DMEM                : 0x0000000030000000 bytes ( 768MiB) ?
 VSH DMEM                    : 0x000000001a800000 bytes ( 424MiB) ?
 Trace memory & Trace DMEM   : 0x0000000000000000 bytes (   0MiB) ?
 Vision memory               : 0x0000000001000000 bytes (  16MiB) ?
 Reserved memory             : 0x0000000000a00000 bytes (  10MiB) ?
 Flexible memory(SYSTEM)     : 0x000000005d4d0000 bytes (1493MiB) ?
 BIOS memory size            : 0x00000000011b8000 bytes (  18MiB) ?
 Kernel static size          : 0x000000000d778000 bytes ( 216MiB) ?
acpi0: <SIE ORBIS> on motherboard?
cpu0: <ACPI CPU> on acpi0?
cpu1: <ACPI CPU> on acpi0?
cpu2: <ACPI CPU> on acpi0?
cpu3: <ACPI CPU> on acpi0?
cpu4: <ACPI CPU> on acpi0?
cpu5: <ACPI CPU> on acpi0?
cpu6: <ACPI CPU> on acpi0?
cpu7: <ACPI CPU> on acpi0?
pcib0: <ACPI Host-PCI bridge> on acpi0?
pci0: <ACPI PCI bus> on pcib0?
pci0: found pcie_glue?
iommu0: <AMD IOMMU> on pci0?
gc0: <Starsha> on pci0?
LVP2C A0?
# use 0x00000000 as mmGB_ADDR_CONFIG value?
GC SE0 Redundant CU: 0x10?
GC SE1 Redundant CU: 0x10?
GC SE2 Redundant CU: 0x0?
GC SE3 Redundant CU: 0x0?
SClkVid:0x5d SClkDpmVid:3 Dpm:3 Vid:0x5d?
hdac0: <GPU/DEHT Audio Controller> on pci0?
bpcie0: <Baikal PCI Express glue> on pci0?
bpcie0: Chip revision: 0000b100?
bpcie0: Chip ID0: 4c0c2021?
bpcie0: Chip ID1: 8d76a398?
icc0: <Baikal ICC> on pci0?
hpet_pci0: <Baikal High Precision Event Timer> on pci0?
Timecounter "HPET" frequency 10000000 Hz quality 950?
Event timer "HPET" frequency 10000000 Hz quality 450?
Event timer "HPET1" frequency 10000000 Hz quality 450?
Event timer "HPET2" frequency 10000000 Hz quality 450?
Event timer "HPET3" frequency 10000000 Hz quality 450?
sflash0: <Baikal Serial Flash I/F> on pci0?
sflash0: Cypress(01)?
rtc0: <Baikal RTC> on pci0?
timer_mtk0: <Baikal Timer/WDT> on pci0?
uart0: <Non-standard ns8250 class UART with FIFOs> on pci0?
uart0: uart_bus_attach?
uart0: console (115200,n,8,1)?
ahci0: <Orbis Baikal sata0 AHCI SATA controller> on pci0?
ahci0: Baikal SATA PHY init?
ahci0: Baikal SATA EFUSE VALUE: 0x28:0x28:0x10:0x11:0x0f:0x10?
ahci0: Baikal SATA PHY Trace length : 8?
ahci0: AHCI v1.30 with 1 3Gbps ports, Port Multiplier supported?
ahcich0: <AHCI channel> at channel 0 on ahci0?
iommu_add_device_table_entry: device_id:00a2 dev:1 func:1  ahcich?
xhci0: <Baikal XHCI USB 3.0 controller> on pci0?
ahci1: <Orbis Baikal sata1 AHCI SATA controller> on pci0?
ahci1: Baikal SATA PHY init?
ahci1: Baikal SATA EFUSE VALUE: 0x28:0x28:0x10:0x11:0x0f:0x10?
ahci1: Baikal SATA PHY Trace length : 6?
ahci1:  HWConfig Speed:Gen2?
ahci1: AHCI v1.30 with 1 6Gbps ports, Port Multiplier supported?
ahcich1: <AHCI channel> at channel 0 on ahci1?
iommu_add_device_table_entry: device_id:00a7 dev:2 func:2  ahcich?
Initial IO PTB alloc. device:0xa7 io:0xa000000?
xhci2: <Baikal XHCI USB 3.0 controller> on pci0?
acpi_ssb0: <Baikal acpi> on pci0?
mtsc0: <Baikal GBE controller> on pci0?
iommu_add_device_table_entry: device_id:00a1 dev:20 func:1  mtsc?
mts0: <Baikal GBE> on mtsc0?
eth0: Ethernet address: 2c:cc:44:57:0b:3a?
sdhci0: <Baikal SDHCI> on pci0?
iommu_add_device_table_entry: device_id:00a3 dev:20 func:3  sdhci?
sdhci0-slot0: DriveStrength:0x2 HOST_CONTROL2:0x20?
sdhci0: 1 slot(s) allocated?
dmac0: <Baikal DMA1 controller> on pci0?
iommu_add_device_table_entry: device_id:00a5 dev:20 func:5  dmac?
dmac1: <Baikal DMA2 controller> on pci0?
spm0: <Baikal Scratch Pad Memory> on pci0?
sbram0: <Baikal DDR3 memory> on pci0?
dct0: <SCE DCT driver> on hostb4?
sbi0: <SCE SBI driver> on hostb5?
gbase_register_interrupt_handler(52)?
gbase_register_interrupt_handler(53)?
dce: 23?
hwpstate0: <Cool`n'Quiet 2.0> on cpu0?
_sdma_hw_init(0): microcode loaded?
_sdma_hw_init(1): microcode loaded?
acpDecFlac: <Codec DecFlac built on Jan 23 2025 05:23:56>?
acpDecOpus: <Codec DecOpus built on Jan 23 2025 05:23:56>?
ajm: <Audio CoProcessor Job Manager built on Jan 23 2025 05:23:55>?
acpDecMp3: <Codec DecMp3 built on Jan 23 2025 05:23:55>?
acpDecAt9: <Codec DecAt9 built on Jan 23 2025 05:23:55>?
acpDecM4aac: <Codec DecM4aac built on Jan 23 2025 05:23:56>?
acpEncM4Aac: <Codec EncM4Aac built on Jan 23 2025 05:23:56>?
acpDecCelp8: <Codec DecCelp8 built on Jan 23 2025 05:23:55>?
acpEncCelp8: <Codec EncCelp8 built on Jan 23 2025 05:23:56>?
acpDecAc3: <Codec DecAc3 built on Jan 23 2025 05:23:55>?
acpEncAc3: <Codec EncAc3 built on Jan 23 2025 05:23:56>?
acpDecTrhd: <Codec DecTrhd built on Jan 23 2025 05:23:55>?
acpDecM2bc: <Codec DecM2bc built on Jan 23 2025 05:23:56>?
acpEncDts: <Codec EncDts built on Jan 23 2025 05:23:55>?
acpDecM4aacfng: <Codec DecM4aacfng built on Jan 23 2025 05:23:56>?
acpDecCelp: <Codec DecCelp built on Jan 23 2025 05:23:56>?
acpEncCelp: <Codec EncCelp built on Jan 23 2025 05:23:55>?
acpDecVorbis: <Codec DecVorbis built on Jan 23 2025 05:23:56>?
acpEncOpusCelt: <Codec EncOpusCelt built on Jan 23 2025 05:23:56>?
acpDecOpusCelt: <Codec DecOpusCelt built on Jan 23 2025 05:23:55>?
acpEncOpusSilk: <Codec EncOpusSilk built on Jan 23 2025 05:23:56>?
acpDecOpusSilk: <Codec DecOpusSilk built on Jan 23 2025 05:23:56>?
acpUtlSrc: <Codec UtlSrc built on Jan 23 2025 05:23:53>?
UVFAT_Initialize: exit?
Timecounters tick every 1.000 msec?
Session ID: 014afa927f2fa28cd89c4e58127872b0?
g_lvd_init 353 : Layered vnode device is initialized.?
g_lvd_init 355 : lvd is built at 05:24:02 Jan 23 2025?
GEOM_CRYPT: eap key setup?
iommu_add_device_table_entry: device_id:00a4 dev:20 func:4  sflash?
icc08-4001 0802?
icc:failed to enabled reset button notification: 0005?
icc:enabled thermal notification?
[REGMGR] 000002 ...?
[REGMGR] C00027 @18874372@@1@@30@@432@@0@@0@ ...?
[REGMGR] 001001 $13782357$@4@$13978948$# #$137771694779716$@391@############ ...?
[REGMGR] C00004 @567@@1024@ ...?
[REGMGR] C00005 @77@@1280@ ...?
[REGMGR] C00006 @124382@@204800@ ...?
[REGMGR] C00007 @1@ ...?
[REGMGR] C00008 @1419@ ...?
[REGMGR] C00009 @458@@7280@ ...?
[REGMGR] 000101 @18874372@@18874372@ ...?
[REGMGR] (   0.035623 sec) 010001 ...?
[REGMGR] (      0.199 sec) 010001 ...?
[SMR]PMR HDD Detected(TOSHIBA MQ01ABD050,AX0G1A,0)?
ada0 at ahcich1 bus 0 scbus2 target 0 lun 0?
ada0: <TOSHIBA MQ01ABD050 AX0G1A> ATA-8 SATA 2.x device?
ada0: 300.000MB/s transfers (SATA 2.x, UDMA5, PIO 8192bytes)?
ada0: 476940MB (976773168 512 byte sectors: 16H 63S/T 16383C)?
pass0 at ahcich0 bus 0 scbus1 target 0 lun 0?
pass0: <SONY PS-SYSTEM   420R 6141> Removable CD-ROM SCSI-0 device ?
pass0: 150.000MB/s transfers (SATA 1.x, UDMA6, ATAPI 12bytes, PIO 8192bytes)?
[HDMI] Set CEC FeatureTable [Normal]?
[SMR]PMR HDD Detected?
[SMR]update format type 1?
[HDMI] HDMI kernel module has been available?
mmc0: <MMC/SD bus> on sdhci0?
* [mbus:929] [MBUS WARN] DISCONNECTED event from HDMI in DISCONNECTED state?
* [mbus:350] disconnected(0) from unknown device?
GEOM: Original GPT Format?
GEOM_PART: partition 1 is not aligned on 4096 bytes?
[HDMI] Sink supports HDCP1.4 only?
[HDMI] Monitor Type [HDMI]?
sdhci0-slot0: Error detected!!?
sdhci0-slot0: request: CMD3 arg 0 flags 0x65 buf 0 dlen 0 bs 0 dflags 0?
sdhci0-slot0: result : 1?
sdhci0-slot0: intmask: 0x00010000?
trpw0 on sdio0?
bt0 on sdio0?
sdio0: <SDIO Device> at mmc0?
SMP: AP CPU #6 Launched!?
SMP: AP CPU #3 Launched!?
SMP: AP CPU #4 Launched!?
SMP: AP CPU #2 Launched!?
SMP: AP CPU #5 Launched!?
SMP: AP CPU #1 Launched!?
SMP: AP CPU #7 Launched!?
TSC ScDlo ck: 1594046802 MHz?
aTnuimaecounlter "TSC-l owT"u nfrequeinng docney .12453490 H z quMalitya 1000?
xPassWxhici0: n[dowSizeUSB] B=2a3, iTunePoiknal USBt P=HY2 Init(V5_00) ?C
ORxEhc_i0:C T[RUSB0PL0] x=hci0: 0Sx1S84094?
 trace length:10 HS trace length:10?
xhci0: [USB] SS trace 8-11 inch setting?
xhci0: [USB] HS trace 10-11 inch setting?
xhci0: [USB0P1] xhci0: SS trace length:8 HS trace length:8?
xhci0: [USB] SS trace 8-11 inch setting?
xhci0: [USB] HS trace 8-9 inch setting?
Trying to mount root from exfatfs:md0 []...?
[SceSysCore mini] launched?
*** start manu_cert ***?
usbus0 on xSpecial Wake is hci0?
usxhci2: [USB] Baikal USB PHY Init(V5_0)?
xhci2: [USB1P0] xhci2: SS trace length:3 HS trace length:0?
xhci2: [USB] SS trace 1-4 inch setting?
xhci2: [USB] NVS is not written trace length?
invalid?
bus0: 5.0Gbps Super Speed USB v3.0?
[SceSysCore mini] fstype=exfatfs?
[SceSysAvControl] launched?
[  [AvSetting shm:54] server statu.st_size = 4096?
agenv0 c.on1: <t0x104dset CEC OFF?
r,o l XHCI kro]ot HUB, >(VID=0x0000 P :ID=0x0000  fd=septetuh=0 p_por* [AvSetting core:1547] wait for hdmi event?
** cpv:e1 **?
** set_mode ** -1/-1?
 video: port:0 1080P_5994 RGB444 limited CERGB 24bpp 16:9 nodata n-s?
 audio: port:HDMI src:I2S 48k 2.0 24bit fmt:LPCM LPCM once?
t=1 speeddi=s4p) atc uslk_bku s0?
l=3uhub032 u:cP p<0llx104d XHC=EI root HUB, class 9/XT0, rev 3._P00/1.00,L addr L11> ?
on usbus0?
[av control] : HdmiCheckAvailability HDMI-TxType[0x2] HDMI-DevOut[0x1] ?
[av control] : HdmiSetHdmiAvailability FLV2?
[av control] : hdmi event connected(1)?
[av control] : f=HdmiGetTransmitterType l=120 wait=30(ms) FLV2?
[av control] : 1080P_5994 RGB444 Cusbus2 on xhci2?
usbERGB 24bpp LT=Fast?
[av control] : LinkRate(5.4Gbps), HDMI(FLV2)?
[av control] : lt_req=1 hdmi_misc_up_req=1 vr_flg_up_req=0 vr_switch=0 csc_dir_req=0 hdr_dir_req=0?
[SceSysCore mini] nmount /dev/da0x4.crypt to /system OK?
us2: 5.0Gbps Super Speed USB v3.0?
ugen2.1: <0x104[SceSysCore mini] nmount /dev/da0x5.crypt to /system_ex OK?
d, XHCI root HUB, >(VID=0x0000 PID=0x0000 depth=0 port=1 speed=4) at usbus2?
uhub2: <0x104d XHCI root HUB, class 9/0, rev 3.00/1.00, addr 1> on usbus2?
nmount_ufs /dev/da0x9.crypt to /system_data OK?
ffs_block_coloring_load: loaded block colors, counted zones=582, nonzone=582 [23cb:23cb]?
ffs_block_coloring_load: loaded block colors, counted zones=582, nonzone=582 [23cb:23cb]?
trpw0: FW version : 1.15.091a?
*** Hdmi Init(kern)  : 0 ***?
[av control] : f=HdmiSetup videoConfigType(NORMAL)?
nmount_ufs /dev/da0x14.crypt to /eap_user OK?
[SceSysCore mini] nmount /dev/da0x12.crypt to /update OK?
uhub0: 4 ports with 4 removable, self powered?
uhub2: 2 ports with 2 removable, self powered?
[REGMGR] 000401 ...?
[REGMGR] 000103 @18874372@@18874372@ ...?
[REGMGR] 001001 $13782357$@4@$13978948$# #$137771694779716$@391@############ ...?
[REGMGR] C00018 @12@ ...?
[REGMGR] C00023 @18874372@@12@@4418@@65@@100912@@47976@ ...?
[REGMGR] (   0.078299 sec) 010003 ...?
[REGMGR] (      1.557 sec) 010003 ...?
HID : Controller USB Connection 0?
[SceSysCore mini] nmount /dev/da0x0.crypt to /preinst OK?
[SceSysCore mini] nmount /dev/da0x1.crypt to /preinst2 OK?
[SceSysCore mini] Entering normal mode...?
SD Manual Tuning done. MaxPassWindowSize=23, TunePoint=20 CORE_CTRL=0x184094?
[REGMGR] (      1.684 sec) 010008 @0@@0@ ...?
[SceSysCore mini] HDD slow-mode is disabled?
[Syscore Umd] ret=0, m_backupRestoreMode=0?
<39> Load libSwDiag.sprx?
[SceSysCore] launched?
[SceSysCore] enabled GEOM I/O scheduler 'is'?
ugen0.2: <vendor 0x1a40, USB2.0 HUB, >(VID=0x1a40 PID=0x0101 depth=1 port=1 speed=3) at usbus0?
uhub3: <vencddo0 at r ah0cicxh0 1buas40  U0 SscbuBs2.10 H UtaB, rget c0 lunlass  9/00?
,cd0 :r e<SOv 2.0NY0 PS-S/YS1.T0EM0,    42a0R 6d14d1r 1>>  Reomn uovsabbules0 CD?
-ROM SCSI-0 device ?
cd0: 150.000MB/s transfers (SATA 1.x, UDMA6, ATAPI 12bytes, PIO 8192bytes)?
cd0: Attempt to query device size failed: NOT READY, Medium not present?
eth0: link state changed to UP?
HID : op:00000000 bt:1 usb:0 reg:1?
*** Hdmi Setup(kern) : 0 ***?
** set_mode done (11664610483:1682) **?
try GET_HDMI_STATE (0)?
uhub3: 4 ports with 4 removable, self powered?
[avs] update -1:27?
[avs] lock -1:0?
[avs] hdmi event: hdcp done(2), 0x9000000000100, 11827654079?
[avs] update 27:32?
ugen0.3: <Sony Interactive Entertainment, Wireless Controller, >(VID=0x054c PID=0x05c4 depth=2 port=1 speed=2) at usbus0?
uaudio0: <Sony Interactive Entertainment Wireless Controller, class 0/0, rev 2.00/1.00, addr 2> on usbus0?
uaudio0: Play: 32000 Hz, 2 ch, 16-bit S-LE PCM format?
uaudio0: Record: 16000 Hz, 1 ch, 16-bit S-LE PCM format?
pcm3: <USB audio> on uaudio0?
usb_hid0: <Sony Interactive Entertainment Wireless Controller, class 0/0, rev 2.00/1.00, addr 2> on usbus0?
ugen0.4: <Gaming KB, Gaming KB, >(VID=0x04f3 PID=0x152e depth=2 port=3 speed=1) at usbus0?
usb_hid1: <Gaming KB Gaming KB, class 0/0, rev 1.10/1c.02, addr 3> on usbus0?
usb_hid2: <Gaming KB Gaming KB, class 0/0, rev 1.10/1c.02, addr 3> on usbus0?
ugen0.5: <vendor 0x0000, USB OPTICAL MOUSE, >(VID=0x0000 PID=0x3825 depth=2 port=4 speed=1) at usbus0?
usb_hid3: <vendor 0x0000 USB OPTICAL MOUSE, class 0/0, rev 1.10/1.00, addr 4> on usbus0?
[DTL] Startup time = 0.000549 sec?
[SceSysCore] nmount /data to /user/data OK?
mDBG: Lastlog cleared.?
[Syscore App]  ExpandCpuSetMode : enable?
[Syscore App] W:\Build\J02688428\sys\internal\syscore\app/process_monitor.h(185) m_currentMode=0?
[Syscore App] srand seed: 0x6a01d6d7?
[UMD MAIN] launching Audiod PID=0x28?
[UMD MAIN] launching GnmCompositor PID=0x29?
hdac0: *** no optical out ***?
 +++ num clients 1?
[SceShellCore] Start?
[SceShellCore] Version Info?
[SceShellCore]  release: 0x12020011?
[SceShellCore]  build: cex?
[SceShellCore]  security-repository-path: release_branches/release_12.020?
[SceShellCore]  security-revision: 10767?
[SceShellCore]  sys-repository-path: release_branches/release_12.020?
[SceShellCore]  sys-revision: 222806?
[SceShellCore]  sdk-internal-build-number: 116770?
[SceShellCore]  middleware-repository-path: release_branches/release_12.020?
[SceShellCore]  middleware-revision: 35091?
[SceShellCore]  middleware-build-number: 77001?
[SceShellCore]  vsh-repository-path: release_branches/release_12.020?
[SceShellCore]  vsh-revision: 373056?
[SceShellCore]  vsh-build-number: 1280891?
SQLite MSG pthreadMutexInit 138: redundant call.?
SQLite MSG pthreadMutexInit 138: redundant call.?
SQLite MSG pthreadMutexInit 138: redundant call.?
SQLite MSG pthreadMutexInit 138: redundant call.?
[SceShellCore] ModuleLoader 0 msec?
[SceShellCore] ShellCoreMain 273 msec?
[SceShellCore] PafJob 0 msec?
[SceShellCore] ModuleLoaderSync 0 msec?
[Syscore App] Add event : pid=0x2a?
[SceShellCore] AppMgr 1 msec?
[SceShellCore] Mdbg 0 msec?
DCM userServiceInitialized?
[SceShellCore] UserService 16 msec?
[DATA TRANSFER][PRINT] 433 sceDataTransferPreInitialize()?
[DATA TRANSFER][PRINT] 240 -------------?
[DATA TRANSFER][PRINT] 241 MODE = NORMAL?
[DATA TRANSFER][PRINT] 242 -------------?
[SceShellCore] DataTransferPre 0 msec?
** cpv:e1 **?
** set_mode_a ** -1?
 video: port:0 1080P_5994 RGB444 limited CERGB 24bpp 16:9 nodata n-s?
 audio: port:HDMI src:I2S 48k 2.0 24bit fmt:LPCM LPCM once?
[av control] : 1080P_5994 RGB444 CERGB 24bpp LT=Fast?
[av control] : LinkRate(5.4Gbps), HDMI(FLV2)?
*** Hdmi Audio Setup(kern) : 0 ***?
[avc] ConfigSetSystemMute(0)?
[avc] ConfigSetSystemMute() done?
[SL][13:17:13:893][Thread 0x0001873b][INFO][TRACE][ALWAYS][INITIALIZE][MainThread][BEGIN]threadStart[0][Heap]sanity OK, free 5949216 (96%), in-use 276704 ( 4%), peak 276768 ( 4%), when 8 [sec]?
[SL][13:17:14:034][Thread 0x0001873b][INFO][TRACE][ALWAYS][INITIALIZE][MainThread][END  ]threadStart[0][Heap]sanity OK, free 5864352 (94%), in-use 361568 ( 6%), peak 361568 ( 6%), when 8 [sec]?
[SceShellCore] SystemLogger 371 msec?
[SceShellCore] ErrorReporter 0 msec?
[SceShellCore] ModuleLoaderSync 0 msec?
[DT][EasySigninMgr()]  sceRandomGetRandomNumber -> {0}  m_baseSessionId : [0x0000cfa8](53160)?
[DT][EasySigninMgr()]  m_baseSessionId : [0x0000cfa8](53160)?
[SceShellCore] LoginMgr 60 msec?
[SceShellCore] GameLiveStreaming 0 msec?
[SceShellCore] LnC 142 msec?
[SceShellCore] SystemLoggerSub 0 msec?
[SceShellCore] RunLevel 0 msec?
[SceShellCore] Vshctl 0 msec?
[SceSystemStateMgr] Power-Up Cause Report from EMC?
[SceSystemStateMgr]   powerup_cause POWER_BUTTON (00000100)?
[SceSystemStateMgr]   first_boot 00?
[SceSystemStateMgr]   last_shutdown_cause 01?
[SceSystemStateMgr]   depth 02?
[SceSystemStateMgr]   special_wake 00?
[SceSystemStateMgr]   magic_code 00?
[SceSystemStateMgr] State Change: WORKING?
[SceSysCore] ip_conflict_cb: 2 -2143217146?
[SceSysCore] ip_conflict_cb: 0 0?
[SceSystemStateMgr] update_usb_power_state(): sceKernelIccGetUSBPowerState: usb_power=1?
[SceShellCore] SystemStateMgr 41 msec?
[SceShellCore] ProcessStarter 11 msec?
[SceShellCore] AppInstaller 17 msec?
[SceShellCore] UserContentManager 0 msec?
[SceShellCore] ModuleLoaderSync 0 msec?
[SceShellCore] AppMessaging 6 msec?
[SceShellCore] ShellCworeUtil 3 msec?
[SceShellCore] SystemService 2 msec?
[SceShellCore] ModuleLoaderSync 0 msec?
[SceShellCore] Json 0 msec?
[SceShellCore] Xml 0 msec?
[SceShellCore] sceRegMgrGetInt(SCE_REGMGR_ENT_KEY_NET_emulation_type: 0x800d0203?
[SceShellCore] Net 9 msec?
[SceShellCore] MkdirSync 0 msec?
[SceShellCore] PfAuthClient 0 msec?
lan0: Ethernet address: e8:d8:19:a3:92:f7?
wlan1: Ethernet address: ea:d8:19:a3:92:f7?
[SceNetEv] netRes={0x00000000} netFileRevision={1}?
[SceNetEv] pupRes={0x00000000} pupFileRevision={1}?
?
*** SIGN-IN [ruzix26(userId=0x1ab07dc3)]  ***?
?
?
*** SIGN-IN [jumbomedia(userId=0x1ab07dc7)]  ***?
?
?
*** SIGN-IN [zhumbo26(userId=0x1ab07dc9)]  ***?
?
?
*** network ready. myaddr: 192.168.50.95 ***?
[SceShellCore] NpManager acquires /eap_user (refCount 1)?
[SceShellCore] NpManager releases /eap_user (refCount 0)?
[SceShellCore] NpManager acquires /eap_user (refCount 1)?
[SceShellCore] NpManager releases /eap_user (refCount 0)?
[SceShellCore] PsnCore 934 msec?
[SceShellCore] NetService 0 msec?
[BGFT] [363] server switch : AnalyzeBgftEnv SUCCESS?
 cam_send_ccb req error?
ERROR: sceSblPltAuthSmVeriR1C2GenR2(283) retVal -43?
ERROR: pltauth_ioctl_nolock(363) sceSblAuthMgrPltAuthVeriR1C2GenR2 -43?
?
*** SIGN-OUT [ruzix26(userId=0x1ab07dc3)] (code=0x80de0051) ***?
?
[NpPush] Disconnected. (code=80de0051)?
[SceShellCore] BGFT 2926 msec?
[SceShellCore] ContentManager 13 msec?
[SceShellCore] PlayGo 0 msec?
[DATA TRANSFER][PRINT] 535 sceDataTransferInitialize()?
[DATA TRANSFER][PRINT] 240 -------------?
[DATA TRANSFER][PRINT] 241 MODE = NORMAL?
[DATA TRANSFER][PRINT] 242 -------------?
[SceShellCore] DataTransfer 0 msec?
[SceShellCore] CompanionAppProxyUtil 0 msec?
[SceShellCore] ShareServerPost::Init 15 msec?
[SceShellCore] ShareServerPost::Start 0 msec?
[SceShellCore] UpdateService 26 msec?
[SceShellCore] HttpCache 0 msec?
[SceShellCore] RnpsAppMgr 0 msec?
[SceShellCore] CheckBug173819 0 msec?
[ScePatchChecker] Patch Check Request (type=0 trigger=3)?
[SceShellCore] PatchChecker 0 msec?
[SceShellCore] BgDailyChecker 0 msec?
[SceShellCore] MorpheusUpdServer 5 msec?
[UpdServerImpl::MainLoop] start?
[libSceSaveData] 3dda11717cef1aeea4221da28f32bfb6?
[libSceSaveData] 49a9c88093a3f9058ba950978d798db6?
[SceShellCore] SaveDataServer 91 msec?
[SceShellCore] PsmSharedDmem 0 msec?
[StickerServiceCore] sceInitializeSticker?
[SceShellCore] StickerCoreService 0 msec?
[SceShellCore] DbRecovery 0 msec?
[SceShellCore] Change run-level 10 -> 80?
[SceShellCore] START Shell UI?
[AppDb] GetAppInfo()[674]: GetAppInfo() : m_db_accessor is Null.?
[SceLncService] launchApp(NPXS20001)?
[SceLncService] category={gdf} VRMode={0,0}?
[SceLncService] hnm,psnf,pc,tk,ns={0,0,0,0,0} appBootMode={-1}?
[SceLncService] appType={SCE_LNC_APP_TYPE_SHELL_UI} [] appVer={01.00}?
[SceLncService] Num. of logged-in users is 0?
[SceLncService] PrepareProcessLaunchDebuggerCheck()?
[SceLncService] PrepareProcessLaunchDebuggerCheck() returned?
[SceSystemStateMgr] Power Mode Change: NAVIGATION?
[SceSystemStateMgr] CPU  HLT CP SE CU ACLK DCLK ECLK LCLK SCLK SAMCLK VCLK DispCLK NCLK MemCLK MemP GMC DPM VDD      VDDNB    SOC      ?
[SceSystemStateMgr] 1600   1 NA  0  8  711  673  533  711  711    609  711     673 1400   1375   NA  NA   2 05b/975  067/900  00710fa0?
[SceLncService] PrepareProcessLaunchDebugger()?
[AppDb] GetAppInfo()[674]: GetAppInfo() : m_db_accessor is Null.?
[SceLncService] PrepareProcessLaunchDebugger() returned?
[BgDailyChecker] next check datetime: 2026-05-12T07:50:32.73+01:00 (median=360, range=240)?
[BgDailyChecker] start check [mode=0] (2026-05-11T14:17:17.04+01:00)?
[BgDailyChecker] SceBgdcConfigCheckJob [enqueued] (2026-05-11T14:17:17.04+01:00)?
[BgDailyChecker] SceUpdateCheckJob [enqueued] (2026-05-11T14:17:17.04+01:00)?
[BgDailyChecker] ScePatchCheckJob [enqueued] (2026-05-11T14:17:17.04+01:00)?
[BgDailyChecker] BgDailyCheckerAutoResumeDownloadJob [enqueued] (2026-05-11T14:17:17.04+01:00)?
[BgDailyChecker] BgDailyCheckerPreOrderJob [enqueued] (2026-05-11T14:17:17.04+01:00)?
[BgDailyChecker] BgDailyCheckerTzdataUpdateJob [enqueued] (2026-05-11T14:17:17.04+01:00)?
[BgDailyChecker] BgDailyCheckerServerSwitchJob [enqueued] (2026-05-11T14:17:17.04+01:00)?
[BgDailyChecker] BgDailyCheckerRnpsAppJob [enqueued] (2026-05-11T14:17:17.04+01:00)?
[BgDailyChecker] BgDailyCheckerRifManagerCheck [enqueued] (2026-05-11T14:17:17.04+01:00)?
[SceLncService] spawnApp?
[Syscore App] createApp NPXS20001?
[Syscore App] processSpawn(pid, 0x60000201, 0x10201020, appParam, processParam, 1, 1, 1, param, debug, 0)?
[Syscore App] appParam: appType = 0x5, rootPath = /mnt/sandbox/NPXS20001_000, titleId = NPXS20001?
[Syscore App] processParam: elfPath = /app0/eboot.bin, fullPath = /system_ex/app/NPXS20001/eboot.bin?
[Syscore App] new pid=0x2b[Syscore App] attributeExe= 0?
[Syscore App] Ready to exec?
[Syscore App] wait for NOTE_EXIT|NOTE_EXEC?
[Syscore App] Add event : pid=0x2b?
[AppMgr Trace]: New Process, pid=0x2b, created.?
[AppMgr Trace]: New App, appId=0x60000201, created?
[Syscore App]  ExpandCpuSetMode : enable?
[AppDb] GetAppInfo()[674]: GetAppInfo() : m_db_accessor is Null.?
[SceShellCore] ShellUI 337 mSsec?
[SceShellCore] DbPreparation_EventFlag 0 msec?
[BgDailyChecker] Checking http://ps4-system.sec.np.dl.playstation.net/ps4-system/bgdc/np/v00/bgdc-config.xml.env?
[SceUserService] UserServiceCleanup started?
[SceShellCore] UserServiceServer 0 msec?
[SceShellCore] UserServiceClient 0 msec?
[SceShellCore] DbPreparation 0 msec?
[DBP Message][Core][InitializeDb:205] start. build = 0, event = initialize ?
[DBP Message][Core][Initialzie:45] already initialized. m_eventFlag = 4563, type = 00000000 ?
[SceShellCore] DbPreparationServer 0 msec?
[SceShellCore] DeviceDiscovery 0 msec?
[SceShellCore] ScreenShotServer 0 msec?
ERROR AutoMounter(int32_t AutoMount::checkExternalHddAvailableFlag() 166): sceRegMgrGetInt(2017494016, &regVal) returned 0x800d0203.?
WARNING AutoMounter(int32_t AutoMount::EventManager::registerCallback(uint32_t, sceAutoMounter::CallbackFunc, ScePthreadAttr *, const char *, void *, size_t, bool) 265):?
	threadName(EcxternalHddMountController_mount) is too long and will be truncated.?
DBG AutoMounter(Init 203):?
	currentState=1000.?
MSG AutoMounter(int32_t (anonymous namespace)::BdEmuHandler::initBdEmuHandler() 184):?
	BdEmuHandler is unavailable.?
MSG AutoMounter(int AutoMount::Init() 259):?
	trc_notify=0.?
[SceShellCore] AutoMount 0 msec?
MSG AutoMounterMelUtil(int32_t sceAutomounterMelUtil::initialize() 971):?
	sceAutomounterMelUtil:: already initialized. do nothing.[SceShellCore] MediaEventListener 0 msec?
[SceShellCore] AppInstaller 0 msec?
[SceShellCore] AppContent 0 msec?
[SceShellCore] NpEntitlement 0 msec?
DBG AutoMounter(_getEventDetail 556):?
	NoChg.?
MSG AutoMounter(int AutoMount::Update() 409):?
	ExternalHdd(da0x0.crypt) is not available.?
MSG AutoMounter(int AutoMount::Update() 409):?
	ExternalHdd(da0x1.crypt) is not available.?
MSG AutoMounter(int AutoMount::Update() 409):?
	ExternalHdd(da0x2.crypt) is not available.?
MSG AutoMounter(int AutoMount::Update() 409):?
	ExternalHdd(da0x3.crypt) is not available.?
MSG AutoMounter(int AutoMount::Update() 409):?
	ExternalHdd(da0x4.crypt) is not available.?
MSG AutoMounter(int AutoMount::Update() 409):?
	ExternalHdd(da0x4b.crypt) is not available.?
MSG AutoMounter(int AutoMount::Update() 409):?
	ExternalHdd(da0x5.crypt) is not available.?
MSG AutoMounter(int AutoMount::Update() 409):?
	ExternalHdd(da0x5b.crypt) is not available.?
MSG AutoMounter(int AutoMount::Update() 409):?
	ExternalHdd(da0x6.crypt) is not available.?
MSG AutoMounter(int AutoMount::Update() 409):?
	ExternalHdd(da0x8.crypt) is not available.?
MSG AutoMounter(int AutoMount::Update() 409):?
	ExternalHdd(da0x9.crypt) is not available.?
MSG AutoMounter(int AutoMount::Update() 409):?
	ExternalHdd(da0x12.crypt) is not available.?
MSG AutoMounter(int AutoMount::Update() 409):?
	ExternalHdd(da0x13.crypt) is not available.?
MSG AutoMounter(int AutoMount::Update() 409):?
	ExternalHdd(da0x14.crypt) is not available.?
MSG AutoMounter(int AutoMount::Update() 409):?
	ExternalHdd(da0x15.crypt) is not available.?
MSG AutoMounter(int AutoMount::Update() 409):?
