[SceShellUI] I/PSM.UI : OnFocusActiveSceneChanged [SplashScreen : SplashScreenScene] -> [AppScreen : ApplicationScreenScene]?
[SceShellUI] I/PSM.UI :      Scene [AppScreen : ApplicationScreenScene] : Alive?
SetDeviceIndexBehavior: mode=MergeAllConnectedDevice, param=null?
[Theme/I] : Apply [ANONYMOUS] : [Option:101000]: with not preloaded user?
[SceShellUI] I/PSM.UI : [NoDraw] : ClearFrameBuffer=False?
[SceLncService] launchApp(NPXS22010)?
[SceLncService] category={gdg} VRMode={0,0}?
[SceLncService] hnm,psnf,pc,tk,ns={0,0,0,0,0} appBootMode={-1}?
[SceLncService] appType={SCE_LNC_APP_TYPE_CDLG} [] appVer={00.00}?
[SceLncService] Num. of logged-in users is 1?
[SceLncService] PrepareProcessLaunchDebuggerCheck()?
[SceLncService] PrepareProcessLaunchDebuggerCheck() returned?
[SceLncService] PrepareProcessLaunchDebugger()?
[SceLncService] PrepareProcessLaunchDebugger() returned?
[SceLncService] spawnApp?
[Syscore App] createApp NPXS22010?
[Syscore App] processSpawn(pid, 0x60000e0d, 0x10e0d120, appParam, processParam, 0, 0, 1, param, debug, 0)?
[Syscore App] appParam: appType = 0x7, rootPath = /mnt/sandbox/NPXS22010_000, titleId = NPXS22010?
[Syscore App] processParam: elfPath = /app0/eboot.bin, fullPath = /system/vsh/app/NPXS22010/eboot.bin?
[Syscore App] new pid=0x43[Syscore App] attributeExe= 0?
[Syscore App] Ready to exec?
[Syscore App] wait for NOTE_EXIT|NOTE_EXEC?
[Syscore App] Add event : pid=0x43?
[AppMgr Trace]: New Process, pid=0x43, created.?
[AppMgr Trace]: New App, appId=0x60000e0d, created?
[Syscore App]  ExpandCpuSetMode : disable?
DBG(onNewClient 151):?
	server receives connection request.?
DBG(registerCallback 345):?
	server is called. eventId=0x320004, eventFlagBit=0x1.?
DBG(registerCallback 345):?
	server is called. eventId=0x390000, eventFlagBit=0x2.?
DBG(registerCallback 345):?
	server is called. eventId=0x380000, eventFlagBit=0x4.?
DBG(registerCallback 345):?
	server is called. eventId=0x310004, eventFlagBit=0x8.?
DBG(registerCallback 345):?
	server is called. eventId=0x3a0000, eventFlagBit=0x10.?
#PROFILE CACHE#: \profile_cache_server_event.cpp(38) : onNewClient : ?
[Syscore App] Start sceApplicationAddProcess /app0/BgmPlayerCore2.self?
[Syscore App] calling add process?
[Syscore App] processSpawn(pid, 0x60000b0a, 0x10b0a131, appParam, processParam, 0, 0, 0, param, debug, 0)?
[Syscore App] appParam: appType = 0x2, rootPath = /mnt/sandbox/NPXS21007_000, titleId = NPXS21007?
[Syscore App] processParam: elfPath = /app0/BgmPlayerCore2.self, fullPath = /system/vsh/app/NPXS21007/BgmPlayerCore2.self?
[Syscore App] new pid=0x44[Syscore App] attributeExe= 0?
[Syscore App] Ready to exec?
[Syscore App] wait for NOTE_EXIT|NOTE_EXEC?
[mbus] onNewClient. clientNum 11 over 8?
[libSceSaveData] api_id: init, titleId=CUSA02012, installDir=, compiledSdkVer=0x05508001?
[libSceSaveData] api_id: 60, userId=0x1ab07dc7, titleId=, dirName=MPLYDATA00, mountMode=0x00000006(0x00000006), blocks=321, fingerprint=not set?
[libSceSaveData] GetResult : ExecResult : 0x809f8024(api_id=60) 0 [60,56,68,56,68]?
[Syscore App] Add event : pid=0x44?
[AppMgr Trace]: New Process, pid=0x44, created.?
[libSceSaveData] api_id: 60, userId=0x1ab07dc7, titleId=, dirName=MPLYDATA00, mountMode=0x00000002(0x00000002), blocks=96, fingerprint=not set?
[PFS] mount [0x00002522b3657bda] finished 0 1 1 1 0 3 1?
[libSceSaveData] Mounted > userId=0x1ab07dc7, dirName=MPLYDATA00, mountPoint=/savedata0?
[libSceSaveData] api_id: 2, mountPoint=/savedata0, umount_type=0, user_id=0x1ab07dc7, dir_name=MPLYDATA00, mount_mode=0x00000002?
[mbus] onNewClient. clientNum 12 over 8?
DBG(onNewClient 151):?
	server receives connection request.?
DBG(registerCallback 345):?
	server is called. eventId=0x380000, eventFlagBit=0x1.?
DBG(registerCallback 345):?
	server is called. eventId=0x320004, eventFlagBit=0x2.?
DBG(registerCallba[PFS] umount[0x00002522b3657bda] finished 0?
ck 345):?
	server is called. eventId=0x390000, eventFlagBit=0x4.?
DBG(registerCallback 345):?
	server is called. eventId=0x310004, eventFlagBit=0x8.?
DBG(registerCallback 345):?
	server is called. eventId=0x3a0000, eventFlagBit=0x10.?
[SceLncUtil] blockAppSuspend: name={SceSaveData}, appId={0x60000100}, refCount={1}?
[SceLncUtil] unblockAppSuspend: name={SceSaveData}, appId={0x60000100}, refCount={0}?
[SceLncUtil] blockAppSuspend: name={SceSaveData}, appId={0x60000100}, refCount={1}?
[SceLncUtil] unblockAppSuspend: name={SceSaveData}, appId={0x60000100}, refCount={0}?
[libSceSaveData] api_id: 60, userId=0x1ab07dc7, titleId=, dirName=MPLYDATA00, mountMode=0x00000006(0x00000006), blocks=321, fingerprint=not set?
[libSceSaveData] GetResult : ExecResult : 0x809f8024(api_id=60) 0 [60,2,60,60,56,68,56,68]?
[libSceSaveData] api_id: 60, userId=0x1ab07dc7, titleId=, dirName=MPLYDATA00, mountMode=0x00000002(0x00000002), blocks=96, fingerprint=not set?
[avs] no need to change 3,1,113736662091?
[PFS] mount [0x00002522b362dc6b] finished 0 1 1 1 0 3 1?
[libSceSaveData] Mounted > userId=0x1ab07dc7, dirName=MPLYDATA00, mountPoint=/savedata0?
[libSceSaveData] api_id: 2, mountPoint=/savedata0, umount_type=0, user_id=0x1ab07dc7, dir_name=MPLYDATA00, mount_mode=0x00000002?
[PFS] umount[0x00002522b362dc6b] finished 0?
[SceLncUtil] blockAppSuspend: name={SceSaveData}, appId={0x60000100}, refCount={1}?
[SceLncUtil] unblockAppSuspend: name={SceSaveData}, appId={0x60000100}, refCount={0}?
[SceLncUtil] blockAppSuspend: name={SceSaveData}, appId={0x60000100}, refCount={1}?
[SceLncUtil] unblockAppSuspend: name={SceSaveData}, appId={0x60000100}, refCount={0}?
[SceLncService] suspendApp() appId={0x60000e0d}, causeCode={0x0000000d}?
[SceLncService] lockSuspendBlock(0x60000e0d)?
[SceLncService] lockSuspendBlock: appId={0x60000e0d}?
[SceLncService] sceApplicationSuspend(0x60000e0d)?
[Syscore App] Suspend App : 0x60000e0d NPXS22010?
[Syscore App] Suspend process : 0x43?
[Syscore App] Suspend process : 0x43 => 0?
[AppMgr Trace]: AppId=0x60000e0d suspended?
[Syscore App] Suspend App : 0x60000e0d NPXS22010 => SCE_OK?
[Syscore App]  ExpandCpuSetMode : disable?
[SceLncService] sceApplicationSuspend(0x60000e0d) returned?
MSG AutoMounter(int32_t AppIdManager::getPidWithIndex(SceApplicationId, int, pid_t *) 174):?
	appId(0x60000e0d) with index(0) is not registered.?
MSG AutoMounter(int32_t AutoMount::UsbMass::fakeEjection(SceApplicationId) 716):?
	getPidWithIndex(0x60000e0d, 0) returned 0x80f40002.?
[SceLncService] unlockSuspendBlock: appId={0x60000e0d}?
[SceNetEv] PERIODIC_DOWNLOAD_INTERVAL_SEC={86400} contentId={8}, serviceName={netev}?
[SceNetEv] start DownloadFile, contentId={8}, serviceName={netev}?
[SceNetEv] ifModifiedSince={Tue, 02 Mar 2021 16:11:59 +0000}?
#LOGIN MGR# [IsRemotePlayDevice] DeviceId:0x70300, IsRemotePlay:0?
[SceShellCore] VM Stats: RSS 821.4, kernel 271.1, wire count 344.5, swap out 0.0, page table CPU 2667/6144 GPU 370/2048?
[SceShellCore] FMEM   1.3/   4.5 NPXS20977 SceSysAvControl.elf?
[SceShellCore] FMEM  11.0/  74.3 NPXS20991 SceSysCore.elf?
[SceShellCore] FMEM   9.7/  54.7 NPXS20973 orbis_audiod.elf?
[SceShellCore] FMEM   3.5/  11.2 NPXS20976 GnmCompositor.elf?
[SceShellCore] FMEM  48.0/ 342.9 NPXS20000 SceShellCore?
[SceShellCore] FMEM 348.4/ 835.6 NPXS20001 SceShellUI?
[SceShellCore] FMEM   3.4/   8.3 NPXS21003 SceAvCapture?
[SceShellCore] FMEM   8.8/  24.6 NPXS21000 SceGameLiveStreaming?
[SceShellCore] FMEM  14.2/  43.5 NPXS21002 ScePartyDaemon?
[SceShellCore] FMEM   4.3/  25.4 NPXS21004 SceVideoCoreServer?
[SceShellCore] FMEM  12.8/  51.3 NPXS21006 SceRemotePlay?
[SceShellCore] FMEM   7.3/  19.5 NPXS21010 SceCloudClientDaemon?
[SceShellCore] FMEM   3.2/  10.8 NPXS21016 SceSpZeroConf?
[SceShellCore] FMEM   8.5/ 156.0 NPXS21002 webrtc_daemon.self?
[SceShellCore] FMEM   7.2/  18.1 NPXS21019 SceSocialScreenMgr?
[SceShellCore] FMEM   5.0/   9.9 NPXS21007 SceMusicCoreServer?
[SceShellCore] FMEM   7.1/  14.4 NPXS21020 SceVoiceAndAgent?
[SceShellCore] FMEM   2.1/   5.1 NPXS20967 fs_cleaner.elf?
[SceShellCore] FMEM   2.0/  10.2 NPXS20974 SceVdecProxy.elf?
[SceShellCore] FMEM   2.0/  10.3 NPXS20975 SceVencProxy.elf?
[SceShellCore] FMEM  24.7/ 265.9 NPXS20001 SecureUIProcess.self?
[SceShellCore] FMEM  31.8/ 526.1 NPXS20001 SecureWebProcess.self?
[SceShellCore] FMEM  10.5/ 358.8 NPXS20001 orbis-jsc-compiler.self?
[SceShellCore] FMEM 107.4/ 300.5 CUSA02012 SceMediaPlayer?
[SceShellCore] FMEM 122.5/ 214.8 NPXS22010 SceCdlgApp?
[SceShellCore] FMEM  14.8/  44.8 NPXS21007 SceBgmPlayerCore2?
[SceNetEv] statusCode={404}?
[SceNetEv] W:\Build\J02688430\vsh\shell\shell_core\netev\netev_http_client.cpp(140) Get: NETEV_CHECK::0x8041440a (statusCode == SCE_HTTP_STATUS_CODE_OK value is false)?
[SceNetEv] W:\Build\J02688430\vsh\shell\shell_core\netev\netev_manager.cpp(345) DownloadFile: NETEV_ISOK::0x8041440a?
[SceNetEv] W:\Build\J02688430\vsh\shell\shell_core\netev\netev_manager.cpp(493) Run: NETEV_CONTINUE::0x8041440a?
[SceNetEv] PERIODIC_CHECK_INTERVAL_SEC={480}?
[SceShellUI] I/PSM.UI : OnFocusActiveSceneChanged [AppScreen : ApplicationScreenScene] -> [QuickMenuScene : MenuScene]?
[SceShellUI] I/PSM.UI :      Scene [QuickMenuScene : MenuScene] : Alive?
SetDeviceIndexBehavior: mode=SpecificUser, param=0x1ab07dc7?
[Theme/I] : ActiveUserChanged : From : [ANONYMOUS(userId = ffffffff)]?
[Theme/I] : ActiveUserChanged : To   : [BLUE(userId = 1ab07dc7)]?
[Theme/I] : Apply [BLUE] : [Option:111110]: with preloaded user?
[SceShellUI] I/PSM.UI : [FirstClear] : ClearFrameBuffer=False?
GetPlusInfoJob : Run(Start)?
GetPlusInfoJob : Run(End)?
GetPlusInfoJob : Finish / Cancelled False / Result True?
[UpdateUserInfoforPlus] upd_userId : 447774151 / type : None?
[SceShellCore] Libc Heap Status: free 36%, in-use 3885.9 KB, trend +3760.6 KB/min, peak 4227.6 KB, when 62 [sec]?
[SceShellUI] W/PSM.UI : ** NOTICE: LoadSync : Noname : BGCoverScene?
[SceShellUI] W/PSM.UI : ** NOTICE: LoadSync : Noname : BGFrameScene?
[Theme/I] : Apply [BLUE] : [Option:000001]: with preloaded user?
[SceShellUI] I/PSM.UI : OnFocusActiveSceneChanged [QuickMenuScene : MenuScene] -> [ApplicationExitScene : ApplicationExitScene]?
[SceShellUI] I/PSM.UI :      Scene [ApplicationExitScene : ApplicationExitScene] : Alive?
SetDeviceIndexBehavior: mode=SpecificUser, param=0x1ab07dc7?
[Theme/I] : Apply [BLUE] : [Option:111111]: with preloaded user?
GetPlusInfoJob : Run(Start)?
GetPlusInfoJob : Run(End)?
GetPlusInfoJob : Finish / Cancelled False / Result True?
[UpdateUserInfoforPlus] upd_userId : 447774151 / type : None?
[SceShellUI] I/PSM.UI : SceneQ : Loaded[0.01msec] Layout[2.54msec/5widgets] : ApplicationExitScene : ApplicationExitScene?
[BVT] CPU Time : 3170 usec. ?
[SceShellUI] I/PSM.UI : Created font: name=[__System__], size=[30], style=[Normal], weight=[Medium], handle=[0x9551552f]?
[SL] AppFocusChanged [CUSA02012] -> [NPXS20001]?
[SceLncService] CALL sceApplicationLocalProcessKCill2(appId, appLocalPid, forceKill);?
[Syscore App] Kill process: 0x44?
ontext.cc:189 (ajmContextCleanup) - Codec SRC Utility was not properly unregistered.?
[mbus] onSessionKilled. pid=68?
@ removeSession:L184?
MSG AutoMounterIpc(virtual void sceAutoMounterIpc::MyEventHandler::onSessionKilled(::IPMI::Session *) 262):?
	connection for 0x44 is lost.?
MSG AutoMounter(int32_t AutoMount::DirectoryMapManager::removeLockAny(pid_t, bool *, char *, char *, char *) 413):?
	there is no lock for 0x44.?
MSG AutoMounter(int32_t AppIdManager::getFdAny(pid_t, int *) 253):?
	pid(0x44) has no valid fd.?
MSG AutoMounter(int32_t appIdManagerGetFdAny(pid_t, int *) 570): g_appIdManager.getFdAny(pid, p_fd) returned 0x80f40004.?
[Syscore App] EVFILT_PROC NOTE_EXIT received : pid=0x44?
[Syscore App] Kill process: 0x44 => 0?
[AppMgr Trace]: pid=0x44, deleted.?
[Syscore App] Syscore Event Queue Push : SCE_SYSCORE_EVENT_ON_PROCESS_UNLOADED?
[AppMgr] checkAppTerminated pid=0x35 is still alive in 0x60000b0a?
[SceLncService] CALL sceApplicationLocalProcessKill2(appId, appLocalPid, forceKill); has returned?
[Syscore App] Syscore Event Queue Pop : SCE_SYSCORE_EVENT_ON_PROCESS_UNLOADED?
[Syscore App] process delete event : pid=0x44?
[SceLncService] KillApp() appId={0x60000d0c}, withSuspend={1}, forceKill={0} killReason={0}?
[SceLncService] suspendApp appId={0x60000d0c} before kill.?
[SceLncService] suspendApp() appId={0x60000d0c}, causeCode={0x00000006}?
[SceLncService] Start suspending CUSA02012?
[SceLncService] 0000072602 (time trace)?
[SceLncService] lockSuspendBlock(0x60000d0c)?
[SceLncService] lockSuspendBlock: appId={0x60000d0c}?
[SceLncService] sceApplicationSuspend(0x60000d0c)?
[Syscore App] Suspend App : 0x60000d0c CUSA02012?
[Syscore App] Suspend process : 0x42?
gbase_free_vm_space_2 has mapped memory vmid:6?
[avs] no need to change 3,2,121264879863?
[avs] update 32:30?
[avs] update 30:32?
[Syscore App] Suspend process : 0x42 => 0?
[AppMgr Trace]: AppId=0x60000d0c suspended?
[Syscore App] Suspend App : 0x60000d0c CUSA02012 => SCE_OK?
[Syscore App]  ExpandCpuSetMode : enable?
[CSceLncService] sceApplicationSuspend(0x60000d0c) returned?
[SceLncService] Completed suspending CUSA02012 (59 msec)?
[SceLncService] 0000072661 (time trace)?
[SceSystemStateMgr] Power Mode Change: NAVIGATION?
[SceSystemStateMgr] CPU  HLT CP SE CU ACLK DCLK ECLK LCLK SCLK SAMCLK VCLK DispCLK NCLK MemCLK MemP GMC DPM VDD      VDDNB    SOC      ?
[SceSystemStateMgr] 1600   1 NA  0  8  711  673  533  711  711    609  711     673 1400   1375   NA  NA   2 05b/975  067/900  00710fa0?
[SceLncUtil] blockAppSuspend: name={SceSaveData}, appId={0x60000100}, refCount={1}?
[SceLncUtil] unblockAppSuspend: name={SceSaveData}, appId={0x60000100}, refCount={0}?
MSG AutoMounter(int32_t AutoMount::DirectoryMapManager::removeLockAny(pid_t, bool *, char *, char *, char *) 413):?
	there is no lock for 0x42.?
MSG AutoMounter(int32_t AppIdManager::getFdAny(pid_t, int *) 253):?
	pid(0x42) has no valid fd.?
MSG AutoMounter(int32_t appIdManagerGetFdAny(pid_t, int *) 570): g_appIdManager.getFdAny(pid, p_fd) returned 0x80f40004.?
MSG AutoMounter(int32_t AppIdManager::getPidWithIndex(SceApplicationId, int, pid_t *) 174):?
	appId(0x60000d0c) with index(1) is not registered.?
MSG AutoMounter(int32_t AutoMount::UsbMass::fakeEjection(SceApplicationId) 716):?
	getPidWithIndex(0x60000d0c, 1) returned 0x80f40002.?
[SceLncService] unlockSuspendBlock: appId={0x60000d0c}?
[SceLncService] suspendApp() appId={0x60000e0d}, causeCode={0x00000000}?
[SceLncService] focused app has been suspended. change focus appId={0x60000d0c} -> nextAppId={0x60000201}?
[SceLncService] BlockingKill() appId={0x60000d0c}, titleId={CUSA02012}, is_coredumpFinished={0}, forceKill={0}?
[SceLncService] convertToSysCoreKillReason: {0x00000000}->{0x00000000}?
[Syscore App] Kill App : 0x60000d0c CUSA02012?
[Syscore App] Kill process: 0x42?
[mbus] onSessionKilled. pid=66?
MSG AutoMounterIpc(virtual void sceAutoMounterIpc::MyEventHandler::onSessionKilled(::IPMI::Session *) 262):?
	connection for 0x42 is lost.?
MSG AutoMounter(int32_t AutoMount::DirectoryMapManager::removeLockAny(pid_t, bool *, char *, char *, char *) 413):?
	there is no lock for 0x42.?
MSG AutoMounter(int32_t AppIdManager::getFdAny(pid_t, int *) 253):?
	pid(0x42) has no valid fd.?
MSG AutoMounter(int32_t appIdManagerGetFdAny(pid_t, int *) 570): g_appIdManager.getFdAny(pid, p_fd) returned 0x80f40004.?
[libSceSaveData] api_id: term, titleId=CUSA02012?
@ removeSession:L184?
[BGFT] [5156] GameSuspended(CUSA02012, 7)?
ontext.cc:189 (ajmContextCleanup) - Codec MP3 Decoder was not properly unregistered.?
Context.cc:189 (ajmContextCleanup) - Codec ATRAC9 Decoder was not properly unregistered.?
Context.cc:189 (ajmContextCleanup) - Codec MPEG4 AAC Decoder was not properly unregistered.?
Context.cc:191 (ajmContextCleanup) - More codecs were not properly unregistered...?
[KERNEL] dmem_handle_vmspace_exited map #0 0xffffd8a817ffd148?
[KERNEL] dmem_handle_vmspace_exited pid: 66, app_maps_count[1], 1 -> 0?
gbase_free_vm_space_2 no vm space. vmid:6?
gbase_gvmsw_close free_vm_space error:-2142502907. vmid:6?
[Syscore App] EVFILT_PROC NOTE_EXIT received : pid=0x42?
[Syscore App] Kill process: 0x42 => 0?
[Syscore App] process delete event : pid=0x42?
[AppMgr Trace]: pid=0x42, deleted.?
[Syscore App] Syscore Event Queue Push : SCE_SYSCORE_EVENT_ON_PROCESS_UNLOADED?
[AppMgr] All processes exited?
[Syscore App] Syscore Event Queue Push : SCE_SYSCORE_EVENT_ON_CAPP_UNLOADED?
[AppMgr Trace]: AppId=0x60000d0c  deleted?
[Syscore App] Kill App : 0xffffffff  => 0?
[Syscore App] blockingKill(0x60000d0c, 0) complete?
[AppMgr] checkAppTerminated invalid app.?
[Syscore App]  ExpandCpuSetMode : enable?
[Syscore App] Syscore Event Queue Pop : SCE_SYSCORE_EVENT_ON_PROCESS_UNLOADED?
[SceLncService] start unmountAllForShellCoreInternal()?
[SceLncService] end unmountAllForShellCoreInternal()?
[Syscore App] Syscore Event Queue Pop : SCE_SYSCORE_EVENT_ON_APP_UNLOADED?
[libSceSaveData] wait 0 msec for session killed?
[SceRnpsAppMgr] UnblockAllAppInstall(): CUSA02012(appId=0x60000d0c)?
[SceLncService] KillApp() appId={0x60000e0d}, withSuspend={1}, forceKill={1} killReason={0}?
[SceLncService] BlockingKill() appId={0x60000e0d}, titleId={NPXS22010}, is_coredumpFinished={0}, forceKill={1}?
[SceLncService] convertToSysCoreKillReason: {0x00000000}->{0x00000000}?
[Syscore App] Kill App : 0x60000e0d NPXS22010?
[Syscore App] Kill process: 0x43?
[mbus] onSessionKilled. pid=67?
@ removeSession:L184?
#PROFILE CACHE#: \profile_cache_server_event.cpp(92) : onSessionKilled : ?
[Theme/I] : Apply [BLUE] : [Option:000001]: with preloaded user?
[SceShellUI] I/PSM.UI : OnFocusActiveSceneChanged [ApplicationExitScene : ApplicationExitScene] -> [ContentAreaScene : ContentAreaScene]?
[SceShellUI] I/PSM.UI :      Scene [ContentAreaScene : ContentAreaScene] : Alive?
SetDeviceIndexBehavior: mode=SpecificUser, param=0x1ab07dc7?
[Theme/I] : Apply [BLUE] : [Option:111111]: with preloaded user?
ontext.cc:189 (ajmContextCleanup) - Codec MP3 Decoder was not properly unregistered.?
Context.cc:189 (ajmContextCleanup) - Codec ATRAC9 Decoder was not properly unregistered.?
[Syscore App] EVFILT_PROC NOTE_EXIT received : pid=0x43?
[Syscore App] Kill process: 0x43 => 0?
[AppMgr Trace]: pid=0x43, deleted.?
[Syscore App] Syscore Event Queue Push : SCE_SYSCORE_EVENT_ON_PROCESS_UNLOADED?
[AppMgr] All processes exited?
[Syscore App] Syscore Event Queue Push : SCE_SYSCORE_EVENT_ON_APP_UNLOADED?
[AppMgr Trace]: AppId=0x60000e0d  deleted?
[Syscore App] Kill App : 0xffffffff  => 0?
[Syscore App] blockingKill(0x60000e0d, 1) complete?
[AppMgr] checkAppTerminated invalid app.?
[Syscore App]  ExpandCpuSetMode : enable?
[Syscore App] Syscore Event Queue Pop : SCE_SYSCORE_EVENT_ON_PROCESS_UNLOADED?
[SceLncService] start unmountAllForShellCoreInternal()?
[SceLncService] end unmountAllForShellCoreInternal()?
[Syscore App] Syscore Event Queue Pop : SCE_SYSCORE_EVENT_ON_APP_UNLOADED?
[SceLncService] onAppExit() appId={0x60000d0c}?
[libSceSaveData] wait 0 msec for session killed?
[SceRnpsAppMgr] UnblockAllAppInstall(): NPXS22010(appId=0x60000e0d)?
[Syscore App] process delete event : pid=0x43?
[SceLncService] ProcessTerm()?
[SceLncService] ProcessTerm() returned?
[SceLncService] convertToSysCoreKillReason: {0x00000000}->{0x00000000}?
[SceLncService] Cleaning /av_contents/content_tmp?
[SceLncService] onAppExit() appId={0x60000e0d}?
[SceLncService] ProcessTerm()?
[sceProcessStarter] ProcessTerm() big/mini app title_id = [CUSA02012] root_dir = [/mnt/sandbox/CUSA02012_000]?
[sceProcessStarter] UnMountDownloadData() mount_path = [/mnt/sandbox/download/CUSA02012]?
[SceShellUI] I/PSM.UI : ** Unload enqueue: ApplicationExitScene : ApplicationExi[PFS] umount[0x0000252296abb86b] finished 0?
tScene?
[SceShellUI] I/PSM.UI : ** Unload enqueue: Noname : BGFrameScene?
[SceSh[PFS] umellUI] I/PSM.UI ount[0x0000252296abb5c4] finished 0?
: ** Unload enqueue: Noname : BG[PFS] umount[0x0000252296abb6fc] finished 0?
CoverScene?
[SceShellUI] I/PSM.U[PFS] umount[0x00002522975973b5] finished 0?
I : SceneQ : Unloaded[0.04msec] : ApplicationExitScene : ApplicationExitScene?
[SceShellUI] I/PSM.UI : SceneQ : Unloaded[0.30msec] : Noname : BGFrameScene?
[SceShellUI] I/PSM.UI : SceneQ : Unloaded[0.03msec] : Noname : BGCoverScene?
[BGFT] [641] GameStopped(CUSA02012, 7) start?
[BGFT] [643] GameStopped(CUSA02012, 7) end?
[SceLncService] ProcessTerm() returned?
[SceLncService] convertToSysCoreKillReason: {0x00000000}->{0x00000000}?
D/88391:?
D/88391:NPXS20108?
D/88391:?
D/88391:CUSA02012?
D/88391:?
D/88391:AZIF00003?
D/88391:?
D/88391:NPXS20123?
[SceShellUI] I/PSM.UI : OnFocusActiveSceneChanged [ContentAreaScene : ContentAreaScene] -> []?
SetDeviceIndexBehavior: mode=SpecificUser, param=0x1ab07dc7?
[SceShellUI] I/PSM.UI : SceneQ : Loaded[0.01msec] Layout[0.00msec/0widgets] : StorePlugin : StorePlugin?
[SceShellUI] I/PSM.UI : OnFocusActiveSceneChanged [] -> [Noname : StoreScene]?
[SceShellUI] I/PSM.UI :      Scene [Noname : StoreScene] : Alive?
SetDeviceIndexBehavior: mode=SpecificUser, param=0x1ab07dc7?
[Theme/I] : Apply [BLUE] : [Option:111111]: with preloaded user?
[SceShellUI] I/PSM.UI : SceneQ : Loaded[0.00msec] Layout[0.00msec/0widgets] : Noname : StoreScene?
[SceShellUI] I/PSM.UI : SceneQ : Loaded[0.00msec] Layout[0.00msec/0widgets] : Noname : FrameScene?
[ShellUI][SharedWebView][BVT] OnNotifyDidFinishLoading : 48428 ms?
[ShellUI][SharedWebView][BVT] OnNotifyDidFinishLoading : 48891 ms?
[ShellUI][SharedWebView][BVT] OnFinishedLoad : 49942 ms?
[Theme/I] : Apply [BLUE] : [Option:000001]: with preloaded user?
[SceShellUI] I/PSM.UI : ----- WebView Created AC CanvasTexture2D -----2 (1920:1080)?
[ShellUI][SharedWebView][BVT] OnNotifyDidFinishLoading : 50361 ms?
[SceShellCore] Delete /user/TRASH/0/_temp.dat?
[JSEx]<Shared> AsyncRes(getDrmContentData) {"type" : "callback","cbid" : "1778666683051_15","res" : {"code":-2131034111,"error":"invalid_length_id"}}?
[SceShellUI] I/PSM.UI : UI system timer elapsed 00:01:00?
[SceLncService] launchApp(CUSA00127)?
[SceLncService] category={gde} VRMode={0,0}?
[SceLncService] hnm,psnf,pc,tk,ns={0,0,0,0,1} appBootMode={0}?
[SceLncService] appType={SCE_LNC_APP_TYPE_MINI_APP} [] appVer={01.53}?
[SceLncService] mem_mode = {NORMAL}?
[SceLncService] Num. of logged-in users is 1?
[SceLncService] PrepareProcessLaunchDirCheck()?
[SceLncService] PrepareProcessLaunchDirCheck() returned?
[SceSystemStateMgr] Power Mode Change: FULL_GAME?
[SceSystemStateMgr] CPU  HLT CP SE CU ACLK DCLK ECLK LCLK SCLK SAMCLK VCLK DispCLK NCLK MemCLK MemP GMC DPM VDD      VDDNB    SOC      ?
[SceSystemStateMgr] 1600   0 NA  0 18  800  673  609  800  800    711  711     673 1400   1375   NA  NA   3 05b/975  05d/962  00710fa0?
[SceLncService] PrepareProcessLaunchDir()?
[Theme/I] : Apply [BLUE] : [Option:000001]: with preloaded user?
[SceShellUI] I/PSM.UI : OnFocusActiveSceneChanged [Noname : StoreScene] -> [SplashScreen : SplashScreenScene]?
[SceShellUI] I/PSM.UI :      Scene [SplashScreen : SplashScreenScene] : Alive?
SetDeviceIndexBehavior: mode=MergeAllConnectedDevice, param=null?
[Theme/I] : ActiveUserChanged : From : [BLUE(userId = 1ab07dc7)]?
[Theme/I] : ActiveUserChanged : To   : [ANONYMOUS(userId = ffffffff)]?
[Theme/I] : Apply [ANONYMOUS] : [Option:101000]: with not preloaded user?
[BGFT] [571] GameStartBoot(CUSA00127, 7) start?
[BGFT] [573] GameStartBoot(CUSA00127, 7) end?
[ScePatchChecker] (*) check (title_id='CUSA00127', app_version='01.53', check_option=0): status=0, trigger=1 userId=0xffffffff return 0x8095170d?
[ScePatchChecker] check (title_id='CUSA00127', app_version='01.53', check_option=0): status=0, dl_status=0, trigger=1 userId=0xffffffff return 0x8095170d?
[PFS] mount [0x0000252296a9e7af] finished 1 1 1 1 0 1 1?
[PFS] mount [0x0000252296a9e0d7] finished 1 0 0 1 0 1 1?
ioctl(DIOCGSECTORSIZE): Inappropriate ioctl for device?
sceFsUfsCheckFixedCylinderGroupSize: sceFsGetDeviceSectorsize() failed[80020019], assume DEV_BSIZE?
[sceProcessStarter] MountDownloadData() title_id = [CUSA00127] data_path = [/user/download/CUSA00127/download0.dat] mount_path = [/mnt/sandbox/download/CUSA00127]?
[BGFT] [606] GameWillStart(CUSA00127, 7) start?
[BGFT] [608] GameWillStart(CUSA00127, 7) end?
[SceLncService] PrepareProcessLaunchDir() returned?
[SceLncService] spawnApp?
[Syscore App] createApp CUSA00127?
[Syscore App]  ExpandCpuSetMode : disable?
[Syscore App] processSpawn(pid, 0x60000f0c, 0x10f0c140, appParam, processParam, 1, 1, 1, param, debug, 0)?
[Syscore App] appParam: appType = 0x1, rootPath = /mnt/sandbox/CUSA00127_000, titleId = CUSA00127?
[Syscore App] processParam: elfPath = /app0/eboot.bin, fullPath = /mnt/sandbox/pfsmnt/CUSA00127-app0-patch0-union/eboot.bin?
[Syscore App] new pid=0x49[Syscore App] attributeExe= 0?
[Syscore App] Ready to exec?
[Syscore App] wait for NOTE_EXIT|NOTE_EXEC?
[KERNEL] dmem_start_app_process pid: 73, map=0xffffd8a817ffced0, app_maps_count[1], 0 -> 1?
[SceShellCore] Main thread has frozen in sceApplicationSignalShellCoreHeartBeat() for 1 seconds?
[Syscore App] Add event : pid=0x49?
[AppMgr Trace]: New Process, pid=0x49, created.?
[AppMgr Trace]: New App, appId=0x60000f0c, created?
[Syscore App]  ExpandCpuSetMode : disable?
[BGFT] [1094] (disable throttling) App focused?
[SL] AppFocusChanged [NPXS20001] -> [CUSA00127]?
[mbus] onNewClient. clientNum 10 over 8?
[sceProcessStarter] OnIpcSessionClose()?
[PS]Error: W:\Build\J02688430\vsh\shell\shell_core\process_starter\process_starter_util.cpp at 1031?
unmount : 0x16(0x80020016)(/mnt/sandbox/CUSA00127_000/temp0)?
[PS]Error: W:\Build\J02688430\vsh\shell\shell_core\process_starter\process_mount.cpp at 2073?
UnmountWithRetry :ret = (0x80020016)?
[PS]Error: W:\Build\J02688430\vsh\shell\shell_core\process_starter\process_mount.cpp at 6466?
uNmount() ret = 80020016?
[avs] no need to change 10,0,145306769055?
[SceLncService] launchApp(NPXS22010)?
[SceLncService] category={gdg} VRMode={0,0}?
[SceLncService] hnm,psnf,pc,tk,ns={0,0,0,0,0} appBootMode={-1}?
[SceLncService] appType={SCE_LNC_APP_TYPE_CDLG} [] appVer={00.00}?
[SceLncService] Num. of logged-in users is 1?
[SceLncService] PrepareProcessLaunchDebuggerCheck()?
[SceLncService] PrepareProcessLaunchDebuggerCheck() returned?
[SceLncService] PrepareProcessLaunchDebugger()?
[SceLncService] PrepareProcessLaunchDebugger() returned?
[SceLncService] spawnApp?
[Syscore App] createApp NPXS22010?
[Syscore App] processSpawn(pid, 0x6000100d, 0x1100d150, appParam, processParam, 0, 0, 1, param, debug, 0)?
[Syscore App] appParam: appType = 0x7, rootPath = /mnt/sandbox/NPXS22010_000, titleId = NPXS22010?
[Syscore App] processParam: elfPath = /app0/eboot.bin, fullPath = /system/vsh/app/NPXS22010/eboot.bin?
[Syscore App] new pid=0x4a[Syscore App] attribut[eExe= 0?
[Syscore App] Ready to exec?
[Syscore App] wait for NOTE_EXIT|NOTE_EXEC?
** cpv:e1 **?
** set_mode ** 0x49/-1?
 video: port:0 1080P_5994 RGB444 limited CERGB 24bpp 16:9 nodata n-u?
 audio: port:HDMI src:I2S 48k 2.0 24bit fmt:LPCM LPCM once?
[av control] : 1080P_5994 RGB444 CERGB 24bpp LT=Fast?
[av control] : LinkRate(5.4Gbps), HDMI(FLV2)?
#LOGIN MGR# Receive Event : SCE_MBUS_EVENT_VIDEO_OUT_EVENT eventType=0x1?
#LOGIN MGR# Receive Event : SCE_MBUS_EVENT_VIDEO_OUT_EVENT?
#LOGIN MGR# [IsPuConnectHdmi] start checkDeviceId : 0x7000 ?
#LOGIN MGR# [IsPuConnectHdmi] sceAvSettingGetDeviceInfo -> 0(0x00000000) ?
#LOGIN MGR# [IsPuConnectHdmi] videoOutCapability = 0x1 ?
#LOGIN MGR# [IsPuConnectHdmi] end checkDeviceId : 0x7000 -> isReady = 0 ?
#LOGIN MGR# [NotifyMorpheusConnectStatusChangedForHmuSetupDialog] deviceId : 0xffffffffffffffff / userId : 0xffffffff / avSettingPuType : 0 / connectStatus : 6 ?
[Syscore App] Add event : pid=0x4a?
[AppMgr Trace]: New Process, pid=0x4a, created.?
[AppMgr Trace]: New App, appId=0x6000100d, created?
[Syscore App]  ExpandCpuSetMode : disable?
av control k] : set_mode -> set_mode?
[av control k] : change supplementary_info and skip csc_direct?
[av control] : lt_req=0 hdmi_misc_up_req=0 vr_flg_up_req=0 vr_switch=0 csc_dir_req=2 hdr_dir_req=0?
[av control] : flip_set_mode_start(UPDATE_ONLY)?
[SceShellUI] I/PSM.UI : VideoOutMode   : IsSystemDefault=False, IsVr=False?
[SceShellUI] I/PSM.UI : VideoOutStatus : [1920 1080] : freq 59.94?
[av control] : HdmiSetCscDirect is skipped ?
*** Hdmi Setup(kern) : 0 ***?
[avc] ConfigSetSystemMute(0)?
[avc] ConfigSetSystemMute() done?
[SceSysAvControl] : hdmi video config skipped?
** set_mode done (145806785871:136) **?
#LOGIN MGR# Receive Event : SCE_MBUS_EVENT_VIDEO_OUT_EVENT eventType=0x2?
[SceShellUI] I/PSM.UI : OnFocusActiveSceneChanged [SplashScreen : SplashScreenScene] -> [AppScreen : ApplicationScreenScene]?
[SceShellUI] I/PSM.UI :      Scene [AppScreen : ApplicationScreenScene] : Alive?
SetDeviceIndexBehavior: mode=MergeAllConnectedDevice, param=null?
[Theme/I] : Apply [ANONYMOUS] : [Option:101000]: with not preloaded user?
[SceShellUI] I/PSM.UI : [NoDraw] : ClearFrameBuffer=False?
#PROFILE CACHE#: \profile_cache_server_event.cpp(38) : onNewClient : ?
[mbus] onNewClient. clientNum 11 over 8?
sync call performance warning tid:0x00018833 kid:0x000000f1 name:SceSysCoreApp method id:0xAA11000C time:0000000000103921 micro sec?
sync call performance warning tid:0x00018833 kid:0x000000f1 name:SceSysCoreApp method id:0xAA11000C time:0000000000018441 micro sec?
sync call performance warning tid:0x00018833 kid:0x000000f1 name:SceSysCoreApp method id:0xAA11000C time:0000000000078483 micro sec?
[SceLncService] suspendApp() appId={0x6000100d}, causeCode={0x0000000d}?
[SceLncService] lockSuspendBlock(0x6000100d)?
[SceLncService] lockSuspendBlock: appId={0x6000100d}?
[SceLncService] sceApplicationSuspend(0x6000100d)?
[Syscore App] Suspend App : 0x6000100d NPXS22010?
[Syscore App] Suspend process : 0x4a?
[Syscore App] Suspend process : 0x4a => 0?
[AppMgr Trace]: AppId=0x6000100d suspended?
[Syscore App] Suspend App : 0x6000100d NPXS22010 => SCE_OK?
[Syscore App]  ExpandCpuSetMode : disable?
[SceLncService] sceApplicationSuspend(0x6000100d) returned?
MSG AutoMounter(int32_t AppIdManager::getPidWithIndex(SceApplicationId, int, pid_t *) 174):?
	appId(0x6000100d) with index(0) is not registered.?
MSG AutoMounter(int32_t AutoMount::UsbMass::fakeEjection(SceApplicationId) 716):?
	getPidWithIndex(0x6000100d, 0) returned 0x80f40002.?
[SceLncService] unlockSuspendBlock: appId={0x6000100d}?
[SceLncService] resumeApp() appId={0x6000100d}, causeCode={0x0000000d}?
[SceLncService] sceApplicationResume(0x6000100d)?
[Syscore App] Resume App : 0x6000100d NPXS22010?
[Syscore App] Resume process : 0x4a?
[Syscore App] Resume process : 0x4a => 0?
[AppMgr Trace]: AppId=0x6000100d resumed?
[Syscore App] Resume App : 0x6000100d NPXS22010 => SCE_OK?
[Syscore App]  ExpandCpuSetMode : disable?
[SceLncService] sceApplicationResume(0x6000100d) returned?
MSG AutoMounter(int32_t AppIdManager::getPidWithIndex(SceApplicationId, int, pid_t *) 174):?
	appId(0x6000100d) with index(0) is not registered.?
MSG AutoMounter(int32_t AutoMount::UsbMass::fakeInsertion(SceApplicationId) 747):?
	getPidWithIndex(0x6000100d, 0) returned 0x80f40002.?
[SceShellCore] Libc Heap Status: free 36%, in-use 3865.3 KB, trend +920.1 KB/min, peak 4237.2 KB, when 93 [sec]?
[0]_aio_multi_poll() line=4967 i=96 err=0x3?
[0]_aio_multi_poll() line=4967 i=0 err=0x3?
[0]_aio_multi_poll() line=4981 i=0 err=0x3?
[0]_aio_multi_poll() line=4981 i=1 err=0x3?
?
~~~~~~~~~~~~~~~~~~~~~~~~~~~~~~~~~~~~~~~~~~~~~~~~~~~~~~~~~~~~~~~~~~~~~~~~?
  _________________  .____  ________    ___ ______________ _______?
 /  _____________  \ |    | \______ \  /   |   \_   _____/ \      \?
/   \  ___  /   |   \|    |  |    |  \/    ~    \    __)_  /   |   \?
\    \_\  \/    |    \    |__|    `   \    Y    /        \/    |    \?
 \______  /\_______  /_______ \_____  /\___|_  /_______  /\____|__  /?
        \/         \/        \/     \/       \/        \/         \/?
?
                              Coded By?
        _________.__  ____________________________ ________?
       /   _____/|__|/   _________    _________   \_____   \?
       \_____  \ |  |\_____  \   |    |  |       _/ /   |   \?
       /        \|  |/        \  |    |  |    |   \/    |    \?
      /_______  /|__/_______  /  |____|  |____|_  /\_________/?
              \/            \/                  \/?
~~~~~~~~~~~~~~~~~~~~~~~~~~~~~~~~~~~~~~~~~~~~~~~~~~~~~~~~~~~~~~~~~~~~~~~~?
?
[GoldHEN] Installing GoldHEN in Kernel...?
[SceShellUI] I/PSM.UI : [FirstClear] : ClearFrameBuffer=False?
[GoldHEN] FakePKG hooks installed!?
[GoldHEN] FakeSelf hooks installed!?
[GoldHEN] SceShellCore patches installed!?
[GoldHEN] Kernel patches installed!?
[GoldHEN] SceShellUI patches installed!?
[GoldHEN] SceRemotePlay patches installed!?
[GoldHEN] Klog server on port 3232?
[GoldHEN] All done!?
** cpv:e1 **?
[** set_mode ** -1/-1?
 video: port:0 1080P_5994 RGB444 limited CERGB 24bpp 16:9 nodata n-s?
 audio: port:HDMI src:I2S 48k 2.0 24bit fmt:LPCM LPCM once?
[av control] : 1080P_5994 RGB444 CERGB 24bpp LT=Fast?
[aCv control] : LinkRate(5.4Gbps), HDMI(FLV2)?
avontext.cc:1 89 (ajmCocontextnCleantruop)l  -k ]C o:de scet _MPEG4 AAC Dmeocdodeer  wa->s  not prsoeperlt_myo ude?nregis
tered.?
[av control k] : change supplementary_info and skip csc_direct?
[av control] : lt_req=0 hdmi_misc_up_req=0 vr_flg_up_req=0 vr_switch=0 csc_dir_req=2 hdr_dir_req=0?
[mbus] onSessionKilled. pid=73?
@ removeSession:L184?
[av control] : flip_set_mode_start(UPDATE_ONLY)?
sync call performance warning tid:0x00018833 kid:0x000000f1 name:SceSysCoreApp method id:0xAA11000C t[ime:0000000000033903 micro sec?
#LOGIN MGR# Receive Event : SCE_MBUS_EVENT_VIDEO_OUT_EVENT eventType=0x1?
#LOGIN MGR# Receive Event : SCE_MBUS_EVENT_VIDEO_OUT_EVENT?
#LOGIN MGR# [IsPuConnectHdmi] start checkDeviceId : 0x7000 ?
#LOGIN MGR# [IsPuConnectHdmi] sceAvSettingGetDeviceInfo -> 0(0x00000000) ?
#LOGIN MGR# [IsPuConnectHdmi] videoOutCapability = 0x1 ?
#LOGIN MGR# [IsPuConnectHdmi] end checkDeviceId : 0x7000 -> isReady = 0 ?
#LOGIN MGR# [NotifyMorpheusConnectStatusChangedForHmuSetupDialog] deviceId : 0xffffffffffffffff / userId : 0xffffffff / avSettingPuType : 0 / connectStatus : 6 ?
[SceShellUI] I/PSM.UI : VideoOutMode   : IsSystemDefault=True, IsVr=False?
[SceShellUI] I/PSM.UI : VideoOutStatus : [1920 1080] : freq 59.94?
[av control] : HdmiSetCscDirect is skipped ?
*** Hdmi Setup(kern) : 0 ***?
[avc] ConfigSetSystemMute(0)?
[avc] ConfigSetSystemMute() done?
[SceSysAvControl] : hdmi video config skipped?
** set_mode done (194072683796:100) **?
#LOGIN MGR# Receive Event : SCE_MBUS_EVENT_VIDEO_OUT_EVENT eventType=0x2?
KERNEL] dmem_handle_vmspace_exited pid: 73, ptype=1, 0xffffd8a817ffced0->pt_loaded is TRUE?
[KERNEL] dmem_handle_vmspace_exited map #0 0xffffd8a817ffced0?
[KERNEL] dmem_handle_vmspace_exited pid: 73, app_maps_count[1], 1 -> 0?
[Syscore App] EVFILT_PROC NOTE_EXIT received : pid=0x49?
[Syscore App] process delete event : pid=0x49?
[AppMgr Trace]: pid=0x49, deleted.?
[Syscore App] Syscore Event Queue Push : SCE_SYSCORE_EVENT_ON_PROCESS_UNLOADED?
[AppMgr] All processes exited?
[Syscore App] Syscore Event Queue Push : SCE_SYSCORE_EVENT_ON_APP_UNLOADED?
[AppMgr Trace]: AppId=0x60000f0c  deleted?
[AppMgr] checkAppTerminated invalid app.?
[Syscore App] Syscore Event Queue Pop : SCE_SYSCORE_EVENT_ON_PROCESS_UNLOADED?
[Syscore App]  ExpandCpuSetMode : enable?
[Syscore App] Syscore Event Queue Pop : SCE_SYSCORE_EVENT_ON_APP_UNLOADED?
[SceLncService] onAppExit() appId={0x60000f0c}?
[SceLncService] start unmountAllForShellCoreInternal()?
[SceLncService] end unmountAllForShellCoreInternal()?
[SceSystemStateMgr] Power Mode Change: NAVIGATION?
[SceSystemStateMgr] CPU  HLT CP SE CU ACLK DCLK ECLK LCLK SCLK SAMCLK VCLK DispCLK NCLK MemCLK MemP GMC DPM VDD      VDDNB    SOC      ?
[SceSystemStateMgr] 16C00   1 NA  0  8  711  673  533  711  711    609  711     673 1400   1375   NA  NA   2 05b/975  067/900  00710fa0?
[libSceSaveData] wait 0 msec for session killed?
[SceRnpsAppMgr] UnblockAllAppInstall(): CUSA00127(appId=0x60000f0c)?
[SceLncService] KillApp() appId={0x6000100d}, withSuspend={1}, forceKill={1} killReason={0}?
[SceLncService] BlockingKill() appId={0x6000100d}, titleId={NPXS22010}, is_coredumpFinished={0}, forceKill={1}?
[SceLncService] convertToSy[sCoreKillReason: {0x00000000}->{0x00000000}?
[Syscore App] Kill App : 0x6000100d NPXS22010?
[Syscore App] Kill process: 0x4a?
[SceShellUI] I/PSM.UI : OnFocusActiveSceneChanged [AppScreen : ApplicationScreenScene] -> [ContentAreaScene : ContentAreaScene]?
[SceShellUI] I/PSM.UI :      Scene [ContentAreaScene : ContentAreaScene] : Alive?
SetDeviceIndexBehavior: mode=SpecificUser, param=0x1ab07dc7?
[Theme/I] : ActiveUserChanged : From : [ANONYMOUS(userId = ffffffff)]?
[Theme/I] : ActiveUserChanged : To   : [BLUE(userId = 1ab07dc7)]?
[Theme/I] : Apply [BLUE] : [Option:111111]: with preloaded user?
[mbus] onSessionKilled. pid=74?
@ removeSession:L184?
#PROFILE CACHE#: \profile_cache_server_event.cpp(92) : onSessionKilled : ?
oGolntdeHxt.EccN]:1 <89 b(ajmCinlontoeadxertCl> eSanup)e -rve Cor stdearct MP3e Dd ecodaer twa s9090 p norto?
t properly unregistered.?
Context.cc:189 (ajmContextCleanup) - Codec ATRAC9 Decoder was not properly unregistered.?
[Syscore App] EVFILT_PROC NOTE_EXIT received : pid=0x4a?
[Syscore App] Kill process: 0x4a => 0?
[AppMgr Trace]: pid=0x4a, deleted.?
[Syscore App] Syscore Event Queue Push : SCE_SYSCORE_EVENT_ON_PROCESS_UNLOADED?
[AppMgr] All processes exited?
[Syscore App] Syscore Event Queue Push : SCE_SYSCORE_EVENT_ON_APP_UNLOADED?
[AppMgr Trace]: AppId=0x6000100d  deleted?
[Syscore App] Kill App : 0xffffffff  => 0?
[Syscore App] blockingKill(0x6000100d, 1) complete?
[AppMgr] checkAppTerminated invalid app.?
[Syscore App]  ExpandCpuSetMode : enable?
[Syscore App] Syscore Event Queue Pop : SCE_SYSCORE_EVENT_ON_PROCESS_UNLOADED?
[SceLncService] start unmountAllForShellCoreInternal()?
[SceLncService] end unmountAllForShellCoreInternal()?
[Syscore App] Syscore Event Queue Pop : SCE_SYSCORE_EVENT_ON_APP_UNLOADED?
[SL] AppFocusChanged [CUSA00127] -> [NPXS20001]?
[Syscore App] process delete event : pid=0x4a?
[libSceSaveData] wait 0 msec for session killed?
[SceRnpsAppMgr] UnblockAllAppInstall(): NPXS22010(appId=0x6000100d)?
[BGFT] [1085] (disable throttling) ShellUI focused?
[VCS]checkFocusStatus() [LNC->VCS] Focus Change. appType = 1(SHELL_UI). appId = 0x60000201.?
[SceLncService] ProcessTerm()?
[SceLncService] ProcessTerm() returned?
[SceLncService] convertToSysCoreKillReason: {0x00000000}->{0x00000000}?
[SceLncService] ProcessTerm()?
[sceProcessStarter] ProcessTerm() big/mini app title_id = [CUSA00127] root_dir = [/mnt/sandbox/CUSA00127_000]?
[sceProcessStarter] UnMountDownloadData() mount_path = [/mnt/sandbox/download/CUSA00127]?
GetPlusInfoJob : Run(Start)?
GetPlusInfoJob : Run(End)?
GetPlusInfoJob : Finish / Cancelled False / Result True?
[UpdateUserInfoforPlus] upd_userId : 447774151 / type : None?
[PFS] umount[0x0000252296a9e0d7] finished 0?
[PFS] umount[0x0000252296a9e7af] finished 0?
[BGFT] [641] GameStopped(CUSA00127, 7) start?
[BGFT] [643] GameStopped(CUSA00127, 7) end?
[SceLncService] ProcessTerm() returned?
[VCS]checkApplicationStatus() [LNC->VCS] App was Killed. appId = 0x60000f0c.?
[VCS]checkApplicationStatus() [LNC->VCS] App was Killed. appId = 0x6000100d.?
[SceLncService] onAppExit() appId={0x6000100d}?
[SceShellUI] I/PSM.UI : ----- WebView Created AC CanvasTexture2D -----2 (1920:1080)?
D/88391:?
D/88391:CUSA02012?
D/88391:?
D/88391:AZIF00003?
D/88391:?
D/88391:CUSA02012?
D/88391:?
D/88391:NPXS20123?
ugen0.6: <Kingston, DataTraveler 3.0, E0D55EA573F0194049CD0236>(VID=0x0951 PID=0x1666 depth=1 port=2 speed=3) at usbus0?
umass1: <Kingston DataTraveler 3.0, class 0/0, rev 2.10/2.00, addr 5> on usbus0?
umass1: sim_unit:0x00000001 device_unit:0x00000001?
umass1:  SCSI over Bulk-Only; quirks = 0x[UIProcess] mall0000?
oc stats freeSizumass1:3:1:-1: Attached to scbus3?
e:38827584 (93%) inuseSize:3115456 peakSize:3963200 [pid:0x3a]?
da1 at umass-sim1 bus 1 scbus3 target 0 lun 0?
da1: <Kingston DataTraveler 3.0 0000> Removable Direct Access SCSI-4 device ?
da1: 40.000MB/s transfers?
da1: 118240MB (242155520 512 byte sectors: 255H 63S/T 15073C)?
?
[SceShellUI] I/PSM.UI : ----- WebView Created AC CanvasTexture2D -----2 (1920:1080)?
D/88391:?
D/88391:CUSA02012?
D/88391:?
D/88391:AZIF00003?
DBG AutoMounter(checkSpecAndHub 497):?
	device(/dev/da1) is OTHER_SPEED.?
DBG AutoMounter(checkSpecAndHub 504):?
	deviceFilePath[/dev/da1] is connected to the USB port in general?
WARNING AutoMounter(bool AutoMounter::DevctlReader::UsbStartupHandler::isStartUp() 76):?
	fake implementation.?
MSG AutoMounter(void AutoMount::PsmEventNotifier::callback_connection(void **) 360):?
	Notify PsmEvent OnUsbStorageInserted?
MSG AutoMounter(int32_t AutoMounter::Util::checkFsFormat(const char *, uint32_t *) 888):?
	device(/dev/da1) has unknown format(0).?
MSG AutoMounter(int32_t _AutoMounter::UsbHandler::(anonymous namespace)::_mountFileSystem(std::string, bool, std::string &, uint32_t *, uint64_t *, uint64_t *, uint64_t *) 542):?
	/dev/da1 has unknown format.?
MSG AutoMounter(int32_t _AutoMounter::UsbHandler::requestMount(const char *, bool) 763): _mountFileSystem(deviceFilePath, false, mountPoint, &fsFormatType, &space, &freeSpace, &availableSpace) returned 0x80f4001c.?
MSG AutoMounter(int32_t _AutoMounter::UsbHandler::(anonymous namespace)::_acquireEncryptDevice(std::string, uint32_t *, uint32_t *, std::string &, uint64_t *) 592):?
	device(/dev/da1) is not qualified for encrypt device. ng_capability(0xa)?
verify_metadata: sceSblExternalHDDVerifyMetadata(0) failed 800f0435?
MSG AutoMounter(int32_t _AutoMounter::UsbHandler::(anonymous namespace)::checkEncryption(std::string, bool *) 347):?
	sceFsExternalStorageVerifyMetadata(/dev/da1) returned 0x80020050. device is not encrypted.?
MSG AutoMounter(int32_t _AutoMounter::UsbHandler::requestMount(const char *, bool) 795): _acquireEncryptDevice(deviceFilePath, &encryptDeviceFormat, &encryptDeviceStatus, encryptDeviceFilePath, &encryptDeviceId) returned 0x80f4001a.?
DBG AutoMounter(notifyMount 435):?
	eventArg.additionalFeatures[0x2000].?
MSG AutoMounter(int32_t AutoMounter::DevctlReader::handleCreateUsbDevice(const char *) 174): AutoMounter::UsbHandler::requestMount(deviceFilePath.c_str(), true) returned 0x80f4001a.?
MSG AutoMounter(void AutoMount::PsmEventNotifier::callback_mount(void **) 270):?
	Notify PsmEvent OnUsbStorageMounted?
?
[SceShellCore] VM Stats: RSS 760.9, kernel 265.8, wire count 321.4, swap out 0.0, page table CPU 2360/6144 GPU 368/2048?
[SceShellCore] FMEM   1.3/   4.5 NPXS20977 SceSysAvControl.elf?
[SceShellCore] FMEM  11.0/  74.3 NPXS20991 SceSysCore.elf?
[SceShellCore] FMEM   9.5/  54.3 NPXS20973 orbis_audiod.elf?
[SceShellCore] FMEM   3.4/  11.2 NPXS20976 GnmCompositor.elf?
[SceShellCore] FMEM  29.3/ 342.9 NPXS20000 SceShellCore?
[SceShellCore] FMEM 334.0/ 846.4 NPXS20001 SceShellUI?
[SceShellCore] FMEM   3.4/   8.3 NPXS21003 SceAvCapture?
[SceShellCore] FMEM   8.8/  24.6 NPXS21000 SceGameLiveStreaming?
[SceShellCore] FMEM  14.1/  43.5 NPXS21002 ScePartyDaemon?
[SceShellCore] FMEM   4.2/  25.4 NPXS21004 SceVideoCoreServer?
[SceShellCore] FMEM  10.9/  51.3 NPXS21006 SceRemotePlay?
[SceShellCore] FMEM   8.0/  37.0 NPXS21010 SceCloudClientDaemon?
[SceShellCore] FMEM   3.2/  10.8 NPXS21016 SceSpZeroConf?
[SceShellCore] FMEM   8.5/ 156.0 NPXS21002 webrtc_daemon.self?
[SceShellCore] FMEM   7.2/  18.1 NPXS21019 SceSocialScreenMgr?
[SceShellCore] FMEM   5.0/   9.9 NPXS21007 SceMusicCoreServer?
[SceShellCore] FMEM   7.0/  14.4 NPXS21020 SceVoiceAndAgent?
[SceShellCore] FMEM   2.0/   5.1 NPXS20967 fs_cleaner.elf?
[SceShellCore] FMEM   2.0/  10.2 NPXS20974 SceVdecProxy.elf?
[SceShellCore] FMEM   2.0/  10.3 NPXS20975 SceVencProxy.elf?
[SceShellCore] FMEM  44.7/ 282.8 NPXS20001 SecureUIProcess.self?
[SceShellCore] FMEM 159.4/ 590.4 NPXS20001 SecureWebProcess.self?
[SceShellCore] FMEM  82.2/ 364.5 NPXS20001 orbis-jsc-compiler.self?
DBG AutoMounter(checkSpecAndHub 497):?
	device(/dev/da1) is OTHER_SPEED.?
DBG AutoMounter(checkSpecAndHub 504):?
	deviceFilePath[/dev/da1] is connected to the USB port in general?
WARNING AutoMounter(bool AutoMounter::DevctlReader::UsbStartupHandler::isStartUp() 76):?
	fake implementation.?
MSG AutoMounter(void AutoMount::PsmEventNotifier::callback_connection(void **) 360):?
	Notify PsmEvent OnUsbStorageInserted?
MSG AutoMounter(int32_t _AutoMounter::UsbHandler::(anonymous namespace)::tryExfatMount(std::string, bool, std::string &, uint64_t *, uint64_t *, uint64_t *) 129):?
	device(/dev/da1p1) is mounted to /mnt/usb0 with exfat.?
DBG AutoMounter(notifyMount 435):?
	eventArg.additionalFeatures[0x2040].?
MSG AutoMounter(void AutoMount::PsmEventNotifier::callback_mount(void **) 270):?
	Notify PsmEvent OnUsbStorageMounted?
MSG AutoMounterMelUtil(void sceAutomounterMelUtil::callbackMountAll(void **) 279):?
		device(/dev/da1p1): exfat(mediaType=0x1001) is mounted at /mnt/usb0.?
callbackUsbStorageMountInternal()[374]: [MediaEvent] callbackUsbStorageMountInternal() devNum=0?
callbackUsbStorageMountInternal()[377]: [MediaEvent] callbackUsbStorageMountInternal() locked.?
MSG AutoMounterWrapper(void callbackUsbMount(SceUsbStorageEventDatas *, void *) 102):?
	DeviceId=0x3a6eadeb?
?
[SceLncUtil] blockAppSuspend: name={SceSaveData}, appId={0x60000100}, refCount={1}?
[SceLncUtil] unblockAppSuspend: name={SceSaveData}, appId={0x60000100}, refCount={0}?
DBG AutoMounter(checkSpecAndHub 497):?
	device(/dev/da1) is OTHER_SPEED.?
DBG AutoMounter(checkSpecAndHub 504):?
	deviceFilePath[/dev/da1] is connected to the USB port in general?
WARNING AutoMounter(bool AutoMounter::DevctlReader::UsbStartupHandler::isStartUp() 76):?
	fake implementation.?
MSG AutoMounter(void AutoMount::PsmEventNotifier::callback_connection(void **) 360):?
	Notify PsmEvent OnUsbStorageInserted?
MSG AutoMounter(int32_t AutoMounter::Util::checkFsFormat(const char *, uint32_t *) 888):?
	device(/dev/da1p2) has unknown format(0).?
MSG AutoMounter(int32_t _AutoMounter::UsbHandler::(anonymous namespace)::_mountFileSystem(std::string, bool, std::string &, uint32_t *, uint64_t *, uint64_t *, uint64_t *) 542):?
	/dev/da1p2 has unknown format.?
MSG AutoMounter(int32_t _AutoMounter::UsbHandler::requestMount(const char *, bool) 763): _mountFileSystem(deviceFilePath, false, mountPoint, &fsFormatType, &space, &freeSpace, &availableSpace) returned 0x80f4001c.?
MSG AutoMounter(int32_t _AutoMounter::UsbHandler::(anonymous namespace)::_acquireEncryptDevice(std::string, uint32_t *, uint32_t *, std::string &, uint64_t *) 592):?
	device(/dev/da1p2) is not qualified for encrypt device. ng_capability(0x1a)?
verify_metadata: sceSblExternalHDDVerifyMetadata(0) failed 800f0435?
MSG AutoMounter(int32_t _AutoMounter::UsbHandler::(anonymous namespace)::checkEncryption(std::string, bool *) 347):?
	sceFsExternalStorageVerifyMetadata(/dev/da1p2) returned 0x80020050. device is not encrypted.?
MSG AutoMounter(int32_t _AutoMounter::UsbHandler::requestMount(const char *, bool) 795): _acquireEncryptDevice(deviceFilePath, &encryptDeviceFormat, &encryptDeviceStatus, encryptDeviceFilePath, &encryptDeviceId) returned 0x80f4001a.?
DBG AutoMounter(notifyMount 435):?
	eventArg.additionalFeatures[0x2000].?
MSG AutoMounter(int32_t AutoMounter::DevctlReader::handleCreateUsbDevice(const char *) 174): AutoMounter::UsbHandler::requestMount(deviceFilePath.c_str(), true) returned 0x80f4001a.?
MSG AutoMounter(void AutoMount::PsmEventNotifier::callback_mount(void **) 270):?
	Notify PsmEvent OnUsbStorageMounted?
[SceShellCore] Libc Heap Status: free 37%, in-use 3822.0 KB, trend -99.7 KB/min, peak 4237.2 KB, when 124 [sec]?
[SceLncService] launchApp(AZIF00003)?
[SceLncService] category={gde} VRMode={0,0}?
[SceLncService] hnm,psnf,pc,tk,ns={0,0,0,0,0} appBootMode={0}?
[SceLncService] appType={SCE_LNC_APP_TYPE_MINI_APP} [] appVer={0.98}?
[SceLncService] mem_mode = {NORMAL}?
[SceLncService] Num. of logged-in users is 1?
[SceLncService] PrepareProcessLaunchDirCheck()?
[SceLncService] PrepareProcessLaunchDirCheck() returned?
[SceSystemStateMgr] Power Mode Change: FULL_GAME?
[ScePatchChecker] (*) check (title_id='AZIF00003', app_version='0.98', check_option=0): status=0, trigger=1 userId=0xffffffff return 0x80412883?
[SceSystemStateMgr] CPU  HLT CP SE CU ACLK DCLK ECLK LCLK SCLK SAMCLK VCLK DispCLK NCLK MemCLK MemP GMC DPM VDD      VDDNB    SOC      ?
[SceSystemStateMgr] 1600   0 NA  0 18  800  673  609  800  800    711  711     673 1400   1375   NA  NA   3 05b/975  05d/962  00710fa0?
[SceLncService] PrepareProcessLaunchDir()?
[ScePatchChecker] check (title_id='AZIF00003', app_version='0.98', check_option=0): status=0, dl_status=0, trigger=1 userId=0xffffffff return 0x80412883?
[SceShellUI] I/PSM.UI : OnFocusActiveSceneChanged [ContentAreaScene : ContentAreaScene] -> [SplashScreen : SplashScreenScene]?
[SceShellUI] I/PSM.UI :      Scene [SplashScreen : SplashScreenScene] : Alive?
SetDeviceIndexBehavior: mode=MergeAllConnectedDevice, param=null?
[Theme/I] : ActiveUserChanged : From : [BLUE(userId = 1ab07dc7)]?
[Theme/I] : ActiveUserChanged : To   : [ANONYMOUS(userId = ffffffff)]?
[Theme/I] : Apply [ANONYMOUS] : [Option:101000]: with not preloaded user?
[BGFT] [571] GameStartBoot(AZIF00003, 7) start?
[BGFT] [573] GameStartBoot(AZIF00003, 7) end?
[PFS] mount [0x00002522b3656bb5] finished 1 1 1 1 0 1 1?
[PFS] mount [0x0000252297596589] finished 1 0 0 1 0 1 1?
[BGFT] [606] GameWillStart(AZIF00003, 7) start?
[BGFT] [608] GameWillStart(AZIF00003, 7) end?
[SceLncService] PrepareProcessLaunchDir() returned?
[SceLncService] spawnApp?
[Syscore App] createApp AZIF00003?
[Sy[score App]  ExpandCpuSetMode : disable?
[Syscore App] processSpawn(pid, 0x6000110c, 0x1110c160, appParam, processParam, 1, 1, 1, param, debug, 0)?
[Syscore App] appParam: appType = 0x1, rootPath = /mnt/sandbox/AZIF00003_000, titleId = AZIF00003?
[Syscore App] processParam: elfPath = /app0/eboot.bin, fullPath = /mnt/sandbox/pfsmnt/AZIF00003-app0-patch0-union/eboot.bin?
[Syscore App] new pid=0x4f[Syscore App] attributeExe= 0?
[Syscore App] Ready to exec?
[Syscore App] wait for NOTE_EXIT|NOTE_EXEC?
KERNEL] dmem_start_app_process pid: 79, map=0xffffd8a817ffcc58, app_maps_count[1], 0 -> 1?
[Syscore App] Add event : pid=0xm4f?
[AppMgr Trace]: New Process, pid=0x4f, created.?
[AppMgr Trace]: New App, appId=0x6000110c, created?
[Syscore App]  ExpandCpuSetMode : disable?
DBG: Process 79 untraced!?
<79> EXEC /app0/eboot.bin [system], vm#0, dmem#0  <137586 msec>?
[AppDb] openDb()[1063]: [File:Open] openDb() call dbutil::Connection::Open() path[/46rjhJQGwj/priv/mms/app.db] flags[0x10000002] result[0x0, 0]?
[AppDb] AppInfoDbInitializeDaemon()[54]: [File:Open] AppInfoDbInitializeDaemon() call DbAccessor::Init() path[/46rjhJQGwj/priv/mms/app.db] result[0x0, 0].?
[AppDb] AppInfoDbTerminateDaemon()[67]: [File:Close] AppInfoDbTerminateDaemon() call DbAccessor::Terminate().?
[AppDb] Terminate()[768]: [File:Close] DbAccessor::Terminate() call dbutil::Connection::Close().?
[SL] AppFocusChanged [NPXS20001] -> [AZIF00003]?
[GoldHEN] <Plugins Loader> Started successfully?
[GoldHEN] <Plugins Loader> Config parser failed to parse config: /data/GoldHEN/plugins.ini?
[VCS]checkFocusStatus() [LNC->VCS] Focus Change. appType = 4(MINI_APP). appId = 0x6000110c.?
(../game_patch/source/main.cpp:354) [GoldHEN] <game_patch\Ver.0x00000110> module_start?
(../game_patch/source/main.cpp:355) [GoldHEN] Plugin Author(s): illusion?
(../game_patch/source/main.cpp:356) Commit: caacf01174654235459d48ab9d0b9e00a588b300 Branch: main Build: 188 (Release)?
(../game_patch/source/main.cpp:356) Built: May 27 2023 @ 04:49:25?
(../game_patch/source/main.cpp:356) GoldHEN SDK Ver: 0x00000100?
(../game_patch/source/main.cpp:356) GoldHEN System SDK Ver: 0xffffffff?
(../game_patch/source/main.cpp:324) numModules: 5?
(../game_patch/source/main.cpp:328) ret 0x0?
(../game_patch/source/main.cpp:329) module 0?
(../game_patch/source/main.cpp:330) name: eboot.bin?
(../game_patch/source/main.cpp:331) start: 0x400000?
(../game_patch/source/main.cpp:332) size: 49152 (0xc000)?
(../game_patch/source/main.cpp:365) Module start: 0x400000 0xc000?
(../game_patch/source/main.cpp:371) process info?
(../game_patch/source/main.cpp:371) pid: 79?
(../game_patch/source/main.cpp:371) name: eboot.bin?
(../game_patch/source/main.c?pp:371) path: /app0/eboot.bin?
(../game_patch/source/main.cpp:371) titleid: AZIF00003?
(../game_patch/source/main.cpp:371) contentid: IV0000-AZIF00003_00-PAYLOADGUEST0000?
(../game_patch/source/main.cpp:371) version: 0.98?
(../game_patch/source/main.cpp:371) base_address: 0x400000?
(../game_patch/source/main.cpp:130) file /data/GoldHEN/patches/xml/AZIF00003.xml not found?
[32m[Info ] src/ChainLauncher.c:22: Loading "/app0/guest.elf"?[0m?
[SceLncService] tryLockSuspendBl[ock: appId={0x6000110c}?
[Syscore App] Kill for LoadExec(0x4f)?
KERNEL] dmem_handle_vmspace_exited pid: 79, ptype=1, 0xffffd8a817ffcc58->pt_loaded is TRUE?
[KERNEL] dmem_handle_vmspace_exited map #0 0xffffd8a817ffcc58?
[KERNEL] dmem_handle_vmspace_exited pid: 79, app_maps_count[1], 1 -> 0?
[Syscore App] EVFILT_PROC NOTE_EXIT received : pid=0x4f?
[Syscore App] Kill for LoadExec(0x4f) => 0?
[Syscore App] process delete event : pid=0x4f?
[AppMgr Trace]: pid=0x4f, deleted.?
[Syscore App] Syscore Event Queue Push : SCE_SYSCORE_EVENT_ON_PROCESS_UNLOADED?
[AppMgr] All processes exited, ready for next spawn?
[AppMgr] Executing next spawn?
[Syscore App]  ExpandCpuSetMode : disable?
[Syscore App] Syscore Event Queue Pop : SCE_SYSCORE_EVENT_ON_PROCESS_UNLOADED?
[Syscore App] processSpawn(pid, 0x6000110c, 0x1110c170, ap[pParam, processParam, 1, 1, 1, param, debug, 1)?
[Syscore App] appParam: appType = 0x1, rootPath = /mnt/sandbox/AZIF00003_000, titleId = AZIF00003?
[Syscore App] processParam: elfPath = /app0/guest.elf, fullPath = /mnt/sandbox/pfsmnt/AZIF00003-app0-patch0-union/eboot.bin?
[Syscore App] new pid=0x50[Syscore App] attributeExe= 0?
[Syscore App] Ready to exec?
[Syscore App] wait for NOTE_EXIT|NOTE_EXEC?
KERNEL] dmem_start_app_process pid: 80, map=0xffffd8a81429fb40, app_maps_count[1], 0 -> 1?
[Syscore App] Add event : pid=0xm50?
[SceLncService] unlockSuspendBlock: appId={0x6000110c}?
DBG: Process 80 untraced!?
<80> EXEC /app0/guest.elf [system], vm#0, dmem#0  <138048 msec>?
[GoldHEN] <Plugins Loader> Started successfully?
[GoldHEN] <Plugins Loader> Config parser failed to parse config: /data/GoldHEN/plugins.ini?
(../game_patch/source/main.cpp:354) [GoldHEN] <game_patch\Ver.0x00000110> module_start?
(../game_patch/source/main.cpp:355) [GoldHEN] Plugin Author(s): illusion?
(../game_patch/source/main.cpp:356) Commit: caacf01174654235459d48ab9d0b9e00a588b300 Branch: main Build: 188 (Release)?
(../game_?patch/source/main.cpp:356) Built: May 27 2023 @ 04:49:25?
(../game_patch/source/main.cpp:356) GoldHEN SDK Ver: 0x00000100?
(../game_patch/source/main.cpp:356) GoldHEN System SDK Ver: 0xffffffff?
(../game_patch/source/main.cpp:324) numModules: 5?
(../game_patch/source/main.cpp:328) ret 0x0?
(../game_patch/source/main.cpp:329) module 0?
(../game_patch/source/main.cpp:330) name: guest.elf?
(../game_patch/source/main.cpp:331) start: 0x400000?
(../game_patch/source/main.cpp:332) size: 851968 (0xd0000)?
(../game_patch/source/main.cpp:365) Module start: 0x400000 0xd0000?
(../game_patch/source/main.cpp:371) process info?
(../game_patch/source/main.cpp:371) pid: 80?
(../game_patch/source/main.cpp:371) name: guest.elf?
(../game_patch/source/main.cpp:371) path: /app0/guest.elf?
(../game_patch/source/main.cpp:371) titleid: AZIF00003?
(../game_patch/source/main.cpp:371) contentid: IV0000-AZIF00003_00-PAYLOADGUEST0000?
(../game_patch/source/main.cpp:371) version: 0.98?
(../game_patch/source/main.cpp:371) base_address: 0x400000?
(../game_patch/source/main.cpp:130) file /data/GoldHEN/patches/xml/AZIF00003.xml not found?
error: 0x80020002**** Base Mode ****?
[36m[Debug] src/App.cpp:29: Initialize Language...?[0m?
?[36m[Debug] src/App.cpp:31: Initialize Controller...?[0m?
[mbus] onNewClie?nt. clientNum 10 over 8?
[36m[Debug] src/App.cpp:33: Initialize Graphics...?[0m?
?[36m[Debug] src/Graphics.cpp:89: Handle is 1309737216 (0x4e110100)?[0m?
?[36m[Debug] src/Graphics.cpp:181: DirectMemOff: 0x200000?[0m?
?[36m[Debug] src/Graphics.cpp:182: DirectMemAllocationSize: 0xc000000?[0m?
?[36m[Debug] src/Graphics.cpp:183: alignment: 2097152 (0x00200000)?[0m?
?[36m[Debug] src/Graphics.cpp:188: VideoMem: 0x200200000?[0m?
?[36m[Debug] src/Graphics.cpp:109: Allocating framebuffer...?[0m?
?[36m[Debug] src/Graphics.cpp:237: handle: 1309737216 (0x4e110100)?[0m?
?[36m[Debug] src/Graphics.cpp:239: flipArgLog: 0x2000041a0?[0m?
?[36m[Debug] src/Graphics.cpp:240: FrameBuffers: 0x2000042c0?[0m?
?[36m[Debug] src/Graphics.cpp:255: sceVideoOutRegisterBuffers: 0x00000000?[0m?
?[36m[Debug] src/App.cpp:35: Initialize Resource...?[0m?
?[36m[Debug] src/Graphics.cpp:627: Loading PNG...?[0m?
?[36m[Debug] src/Graphics.cpp:637: PNG Loaded!?[0m?
?[36m[Debug] src/Graphics.cpp:627: Loading PNG...?[0m?
?[36m[Debug] src/Graphics.cpp:637: PNG Loaded!?[0m?
?[36m[Debug] src/Graphics.cpp:627: Loading PNG...?[0m?
?[36m[Debug] src/Graphics.cpp:637: PNG Loaded!?[0m?
?[36m[Debug] src/Graphics.cpp:627: Loading PNG...?[0m?
?[36m[Debug] src/Graphics.cpp:637: PNG Loaded!?[0m?
?[36m[Debug] src/Graphics.cpp:627: Loading PNG...?[0m?
?[36m[Debug] src/Graphics.cpp:637: PNG Loaded!?[0m?
?[36m[Debug] src/Graphics.cpp:627: Loading PNG...?[0m?
?[36m[Debug] src/Graphics.cpp:637: PNG Loaded!?[0m?
?[36m[Debug] src/Graphics.cpp:627: Loading PNG...?[0m?
?[36m[Debug] src/Graphics.cpp:637: PNG Loaded!?[0m?
?[36m[Debug] src/App.cpp:43: Initialize the Main View...?[0m?
?[36m[Debug] src/PayloadsView.cpp:186: GeneratePayloads is called!?[0m?
?[36m[Debug] src/PayloadsView.cpp:212: Cleanup payload list...?[0m?
?[36m[Debug] src/PayloadsView.cpp:206: GeneratePayloads: Refreshed?[0m?
?[36m[Debug] src/PayloadsView.cpp:252: PayloadsView: End of constructor?[0m?
?[36m[Debug] src/App.cpp:119: Application: RUN?[0m?
[SceShellUI] I/PSM.UI : OnFocusActiveSceneChanged [SplashScreen : SplashScreenScene] -> [AppScreen : ApplicationScreenScene]?
[SceShellUI] I/PSM.UI :      Scene [AppScreen : ApplicationScreenScene] : Alive?
SetDeviceIndexBehavior: mode=MergeAllConnectedDevice, param=null?
[Theme/I] : Apply [ANONYMOUS] : [Option:101000]: with not preloaded user?
[SceShellUI] I/PSM.UI : [NoDraw] : ClearFrameBuffer=False?
?[36m[Debug] src/PayloadsView.cpp:319: Loading: /data/payloads/linux-1024mb.bin?[0m?
[GoldHEN] <binloader> accepted a new payload?
[GoldHEN] <binloader> TCP Mode?
?[36m[[Debug] srGoc/PayldloaHENd] <bsiVnileow.acdperp>: 1p86:ay lGoenerataePaylod aredsc eiis vced [alsledize: 28!384?[0m?0
 ?[-3 6m[Debubffeug] srrc/_siPzayeloads:View .2cpp90:21281:6 Cleanup -  ippa: y12lo7a.d 0.0lis.t1]...??[
0m?
[GoldHE?[36m[DeNb] u<binlog] asrdec/r> foPaund and jyloaadsView.cipp:206lbr:oken targ Geente raptePayloroadcse: sResfre s[pihed?[0d: 46m]?
?
[GoldHEN] <binloader> launching payload... [format: BIN]?
[GoldHEN] <binloader> payload launched?
kernel_init()?
Kernel base = ffffffffc4dbc000?
Direct map base = ffffd8a8000000[SceShellUI] I/PSM.UI : [FirstClear] : ClearFrameBuffer=False?
00?
Testing global variable access (write protection)...?
OK.?
Kernel interface initialized?
Installing sys_kexec to system call #153?
kexec_init() successful?
?
sys_kexec invoked?
========================================?
PS4 Linux Payloads AIO?
FW 12.02 (1202)?
VRAM 1024 MB?
Southbridge: Baikal?
========================================?
sys_kexec(0x2006f8000, 11441152, 0x2011e4000, 4160630, "earlycon=uart8250,mmio32,0xC890E000,115200n8 console=tty0 keep_bootcon 8250.nr_uarts=0 iommu=pt intremap=off panic=10 loglevel=8 ignore_loglevel printk.devkmsg=on drm.edid_firmware=edid/1920x1080.bin video=HDMI-A-1:1920x1080@60D pci=nocrs libata.force=1.00:disable root=LABEL=psxitarch rootwait rw systemd.unit=multi-user.target systemd.log_level=info amdgpu.gpu_recovery=0 amdgpu.lockup_timeout=10000 amdgpu.gfx_off=0 amdgpu.runpm=0 amdgpu.bapm=0 amdgpu.dpm=0")?
firmware_extract: Extract lib/firmware/amdgpu/liverpool_pfp.bin ?
Copying PFP firmware?
NOP handler at 0xff0?
firmware_extract: Extract lib/firmware/amdgpu/liverpool_me.bin ?
Copying ME firmware?
firmware_extract: Extract lib/firmware/amdgpu/liverpool_ce.bin ?
Copying CE firmware?
NOP handler at 0x7f0?
firmware_extract: Extract lib/firmware/amdgpu/liverpool_mec.bin ?
Copying MEC firmware?
NOP handler at 0xff0?
firmware_extract: Extract lib/firmware/amdgpu/liverpool_mec2.bin ?
Copying MEC2 firmware?
NOP handler at 0xff0?
firmware_extract: Extract lib/firmware/amdgpu/liverpool_rlc.bin ?
Copying RLC firmware?
firmware_extract: Extract lib/firmware/amdgpu/liverpool_sdma.bin ?
Copying SDMA firmware?
firmware_extract: Extract lib/firmware/amdgpu/liverpool_sdma1.bin ?
Copying SDMA1 firmware?
?
kexec parameters:?
    Kernel image size:   11441152 bytes?
    Initramfs size:      4255366 bytes (4160630 from user)?
    Kernel command line: earlycon=uart8250,mmio32,0xC890E000,115200n8 console=tty0 keep_bootcon 8250.nr_uarts=0 iommu=pt intremap=off panic=10 loglevel=8 ignore_loglevel printk.devkmsg=on drm.edid_firmware=edid/1920x1080.bin video=HDMI-A-1:1920x1080@60D pci=nocrs libata.force=1.00:disable root=LABEL=psxitarch rootwait rw systemd.unit=multi-user.target systemd.log_level=info amdgpu.gpu_recovery=0 amdgpu.lockup_timeout=10000 amdgpu.gfx_off=0 amdgpu.runpm=0 amdgpu.bapm=0 amdgpu.dpm=0?
    Kernel image buffer: 0xffffd8a820000000?
    Initramfs buffer:    0xffffd8a800800000?
kernel_hook_install(0xffffff808242512d, 0xffffffffc5203ad0)?
  Using 64bit absolute jump?
******************************************************?
kexec successfully armed. Please shut down the system.?
******************************************************?
?
[KE]sceCameraDevKill::2685 ERROR: sceCameraProcConfigStop 0x802e0006 i=0 handle=257 pid=43?
Context.cc:174 (ajmContextCleanup) -Co Intext.Ccontext.c:cc:18179 (ajmC4o ntextCleanup)Co -ntext.cc:18 C9o (ajmCodntexetCleca nup)Op - Cusodec Opu s CELT EncSoderI was LnKo tEn c[pKERoNEL] ddrmeopere rlm_yha uwndleas_ vnnmspoatrce_e egpxriteodp epiisrd: lt80, ye prtypeunerd.e=g1,? i
st0exrCffefofddn8a.t814?e2
9Cxotf.bnc4cte0->p:tx1_t8l.9ocac de:(d1aj 8mi9s TRUE?C 
o(a[jnmtCKEeoRNELxn]t dmem_hteaxCndtleC(_lvmspaeaajcne_umexiCpo)tn e- d mtapCe xo#0 dte0xffffd8Cca81l 42eO9apfnub40?
usp[)K CEERNEL LT] - dE meIncmno_dhsatenard nwlcaes  en1_o6vmsp3tac 9e_0exp itrweoad pipse nrdotl:  y80, app_p umrnaps_corount[1], 1pel -> egias0nu?
tp) - Coedreec Opdu.?s CELT Decoder w
asCo nont ptroeperxly utn.registereConted.xt.c?
c:189 (ajcmContextCcleanu:1p) 8-9  C(aodecjm CECoLP8 ntDecodeerx twas notC propelerly unregisteraenud.?p)
 C-ontext.c c:189 Cod(eca jmContexOtpClueanups) - De Codceoc CELP8 deErncoder wa swa not sp ropnote rly unrpegisteredro.?
pConteerxt.cc:18l9 (ajmContyextCleanup) un -r Codeec gCELP(16i)s Dtecodeer wasre nodt. pr?oper
ly unreegisrlytered. ?
dCoestnrtext.ccoy:1e91 (ajmConted.xtCleanup) - ?M
ore codecConst weree xnott .prncc:1s89 tan(cajmConet e2xtClea7nup) - Codec 85MP33 Deco2der  was wnot properlasy  unregnisteored.?
t pCrontext.cc:op1e89 (raljmConyt extCleanudpe) -st Codroyeec ATRAd.C9 ?
DecoCder was not proopnertley unxtreg.ccis:tered189.?
 (ajmContextCleanup) - Cooperly unregistered...?
dec Opus SILK Encoder was not properly unregistered.?
Context.cc:174 (ajmContextCleanup) - Instance 344067 was not properly destroyed.?
CCoontnetextx.cc:1t89 .(ajmContexctCleanup) c-: 1Codec O8pus Decode9 r( waas nojt prmoperlCy unoregistntereed.xt?Cl
eanup) - Codec MPEG4 AAC Encoder was not properly unregistered.?
Context.cc:174 (ajmContextCleanup) - Instance 114689 was not properly destroyed.?
Context.cc:189 (ajmContextCleanup) - Codec AC3 Encoder was not properly unregistered.?
Context.cc:174 (ajmContextCleanup) - Instance 163842 was not properly destroyed.?
Context.cc:189 (ajmContextCleanup) - Codec DTS Encoder was not properly unregistered.?
[SceSysCore mini] killall timeout 5[sec]...?
[SceSysCore mini] forcibly unmount 4 nullfses?
[SceSysCore mini] forcibly unmount /mnt/usb0?
[SceSysCore mini[REGMGR] 000006 ...?
] sceKernelPollE[ventFlag(reboot_flag): failed 80020010?
[SceSysCore mini] call reboot(4000)?
REGMGR] (    145.862 sec) 010006 ...?
[REGMGR] (   0.011788 sec) 010007 ...?
[REGMGR] 000108 ...?
Waiting (max 60 seconds) for system process `SceVnlru' to stop...done?
Waiting (max 60 seconds) for system process `SceSyncer' to stop...?
Syncing disks, vnodes remaining...2 SD Manual Tuning done. MaxPassWindowSize=22, TunePoint=20 CORE_CTRL=0x184094?
0 0 sched_sync: flush softdep (iter=2)?
sched_sync: flush softdep (iter=1)?
done?
Waiting (max 60 seconds) for system process `SceBufdaemon1' to stop...done?
Waiting (max 60 seconds) for system process `SceBufdaemon0' to stop...done?
Waiting (max 60 seconds) for system process `SceBufdaemon2' to stop...done?
All buffers synced.?
[PFS] umount[0x0000252297596589] finished 0?
[PFS] umount[0x00002522b3656bb5] finished 0?
Uptime: 2m31s?
icc post sync:Thermal alert LED off?
[REGMGR] 000007 @2@ ...?
icc08-4001 0802?
icc:failed to disabled reset button notification: 0005?
icc:disabled thermal notification?
eth0: link state changed to DOWN?
ICC: howto:00004000 depth:2 cause:00 hand:01?
ICC: Shutdown.?
hook_icc_query_nowait called?
ICC 05-00 polling?
Fixing ACPI tables at 0xe0000 (0xffffffffffffffff)?
RSDT at 0xe0024?
XSDT at 0xe0088?
FACP at 0xe016c?
FACS at 0xe012c?
DSDT at 0xe0430?
APIC at 0xe0298?
MCFG at 0xe0304?
SSDT at 0xe0730?
ACPI tables fixed?
kexec: Waiting for secondary CPUs...?
kexec: Secondary CPUs quiesced?
kexec: Setting up GDT...?
kexec: Relocating stub...?
kexec: Setting up boot params...?
kexec: Cleaning up hardware...?
Current sb_id: 3?
?
SB_BAIKAL constant: 3?
?
kexec: Detected Baikal Southbridge, disabling IOMMU...?
kexec: Reconfiguring VRAM...?
kexec: Resetting GPU...?
kexec: About to relocate and jump to kernel?
[    0.000000] ps4: x86_ps4_early_setup: PS4 early setup?
[    0.000000] Linux version 6.15.4-Baikal_TESTING_crashniels-dirty (meerzulee@cachynator) (gcc (GCC) 16.1.1 20260430, GNU ld (GNU Binutils) 2.46.0) #27 SMP PREEMPT_DYNAMIC Wed May 13 15:36:19 +06 2026?
[    0.000000] Command line: earlycon=uart8250,mmio32,0xC890E000,115200n8 console=tty0 keep_bootcon 8250.nr_uarts=0 iommu=pt intremap=off panic=10 loglevel=8 ignore_loglevel printk.devkmsg=on drm.edid_firmware=edid/1920x1080.bin video=HDMI-A-1:1920x1080@60D pci=nocrs libata.force=1.00:disable root=LABEL=psxitarch rootwait rw systemd.unit=multi-user.target systemd.log_level=info amdgpu.gpu_recovery=0 amdgpu.lockup_timeout=10000 amdgpu.gfx_off=0 amdgpu.runpm=0 amdgpu.bapm=0 amdgpu.dpm=0?
[    0.000000] KERNEL supported cpus:?
[    0.000000]   AMD AuthenticAMD?
[    0.000000] BIOS-provided physical RAM map:?
[    0.000000] BIOS-e820: [mem 0x0000000000000000-0x0000000000007fff] usable?
[    0.000000] BIOS-e820: [mem 0x0000000000008000-0x000000000007ffff] reserved?
[    0.000000] BIOS-e820: [mem 0x0000000000080000-0x0000000000099fff] usable?
[    0.000000] BIOS-e820: [mem 0x000000000009a000-0x00000000000bffff] reserved?
[    0.000000] BIOS-e820: [mem 0x00000000000e0000-0x00000000000effff] ACPI data?
[    0.000000] BIOS-e820: [mem 0x0000000000100000-0x00000000003fffff] usable?
[    0.000000] BIOS-e820: [mem 0x0000000000400000-0x000000000047ffff] reserved?
[    0.000000] BIOS-e820: [mem 0x0000000000480000-0x000000000067ffff] usable?
[    0.000000] BIOS-e820: [mem 0x0000000000680000-0x00000000006fffff] reserved?
[    0.000000] BIOS-e820: [mem 0x0000000000700000-0x000000007efe7fff] usable?
[    0.000000] BIOS-e820: [mem 0x000000007efe8000-0x000000007efeffff] ACPI NVS?
[    0.000000] BIOS-e820: [mem 0x000000007eff0000-0x000000007effffff] ACPI data?
[    0.000000] BIOS-e820: [mem 0x000000007f000000-0x000000007fffffff] usable?
[    0.000000] BIOS-e820: [mem 0x0000000080000000-0x00000000fbffffff] reserved?
[    0.000000] BIOS-e820: [mem 0x0000000100000000-0x000000013fffffff] reserved?
[    0.000000] BIOS-e820: [mem 0x0000000140000000-0x000000027effffff] usable?
[    0.000000] earlycon: uart8250 at MMIO32 0x00000000c890e000 (options '115200n8')?
[    0.000000] printk: legacy bootconsole [uart8250] enabled?
[    0.000000] printk: debug: skip boot console de-registration.?
[    0.000000] printk: debug: ignoring loglevel setting.?
[    0.000000] NX (Execute Disable) protection: active?
[    0.000000] APIC: Static calls initialized?
[    0.000000] SMBIOS 2.1 present.?
[    0.000000] DMI:  , BIOS unde Wed 09/22/2021 16:2?
[    0.000000] DMI: Memory slots populated: 1/1?
[    0.000000] ps4: EMC timer started in 20816 TSC ticks?
[    0.000000] ps4: Calibrated TSC frequency: 1594133280 kHz?
[    0.000000] tsc: Detected 1594.133 MHz processor?
[    0.001421] e820: update [mem 0x00000000-0x00000fff] usable ==> reserved?
[    0.008246] e820: remove [mem 0x000a0000-0x000fffff] usable?
[    0.013928] last_pfn = 0x27f000 max_arch_pfn = 0x400000000?
[    0.019516] MTRR map: 6 entries (3 fixed + 3 variable; max 20), built from 9 variable MTRRs?
[    0.028015] x86/PAT: Configuration [0-7]: WB  WC  UC- UC  WB  WP  UC- WT  ?
[    0.035400] e820: update [mem 0x80000000-0x13fffffff] usable ==> reserved?
[    0.042330] last_pfn = 0x80000 max_arch_pfn = 0x400000000?
[    0.056441] Using GB pages for direct mapping?
[    0.062407] RAMDISK: [mem 0x00800000-0x00c0efff]?
[    0.067119] ACPI: Early table checksum verification disabled?
[    0.072877] ACPI: RSDP 0x00000000000E0000 000024 (v02 SIE   )?
[    0.078728] ACPI: XSDT 0x00000000000E0088 00004C (v01 SIE    ORBIS    20121218 INTL 20110211)?
[    0.087414] ACPI: FACP 0x00000000000E016C 0000F4 (v04 SIE    ORBIS    20130205 INTL 20110211)?
[    0.096098] ACPI: DSDT 0x00000000000E0430 00018C (v02 SIE    ORBIS    20121002 INTL 20110211)?
[    0.104781] ACPI: FACS 0x00000000000E012C 000040?
[    0.109480] ACPI: FACS 0x00000000000E012C 000040?
[    0.114180] ACPI: APIC 0x00000000000E0298 00006C (v02 SIE    ORBIS    20120725 INTL 20110211)?
[    0.122862] ACPI: MCFG 0x00000000000E0304 00003C (v01 SIE    ORBIS    20120725 INTL 20110211)?
[    0.131545] ACPI: SSDT 0x00000000000E0730 001944 (v01 AMD    POWERNOW 00000001 AMD  00000001)?
[    0.140227] ACPI: IVRS 0x00000000000E2074 000054 (v01 F0F    PS4KEXEC 20161225 KEXC 20161225)?
[    0.148906] ACPI: Reserving FACP table memory at [mem 0xe016c-0xe025f]?
[    0.155547] ACPI: Reserving DSDT table memory at [mem 0xe0430-0xe05bb]?
[    0.162187] ACPI: Reserving FACS table memory at [mem 0xe012c-0xe016b]?
[    0.168827] ACPI: Reserving FACS table memory at [mem 0xe012c-0xe016b]?
[    0.175465] ACPI: Reserving APIC table memory at [mem 0xe0298-0xe0303]?
[    0.182104] ACPI: Reserving MCFG table memory at [mem 0xe0304-0xe033f]?
[    0.188744] ACPI: Reserving SSDT table memory at [mem 0xe0730-0xe2073]?
[    0.195385] ACPI: Reserving IVRS table memory at [mem 0xe2074-0xe20c7]?
[    0.202101] No NUMA configuration found?
[    0.205999] Faking a node at [mem 0x0000000000000000-0x000000027effffff]?
[    0.212821] NODE_DATA(0) allocated [mem 0x27effa800-0x27effdfff]?
[    0.218989] Zone ranges:?
[    0.221559]   DMA      [mem 0x0000000000001000-0x0000000000ffffff]?
[    0.227850]   DMA32    [mem 0x0000000001000000-0x00000000ffffffff]?
[    0.234138]   Normal   [mem 0x0000000100000000-0x000000027effffff]?
[    0.240426] Movable zone start for each node?
[    0.244765] Early memory node ranges?
[    0.248395]   node   0: [mem 0x0000000000001000-0x0000000000007fff]?
[    0.254770]   node   0: [mem 0x0000000000080000-0x0000000000099fff]?
[    0.261147]   node   0: [mem 0x0000000000100000-0x00000000003fffff]?
[    0.267522]   node   0: [mem 0x0000000000480000-0x000000000067ffff]?
[    0.273897]   node   0: [mem 0x0000000000700000-0x000000007efe7fff]?
[    0.280272]   node   0: [mem 0x000000007f000000-0x000000007fffffff]?
[    0.286646]   node   0: [mem 0x0000000140000000-0x000000027effffff]?
[    0.293022] Initmem setup node 0 [mem 0x0000000000001000-0x000000027effffff]?
[    0.300199] On node 0, zone DMA: 1 pages in unavailable ranges?
[    0.306140] On node 0, zone DMA: 120 pages in unavailable ranges?
[    0.312270] On node 0, zone DMA: 102 pages in unavailable ranges?
[    0.318397] On node 0, zone DMA: 128 pages in unavailable ranges?
[    0.324560] On node 0, zone DMA: 128 pages in unavailable ranges?
[    0.340997] On node 0, zone DMA32: 24 pages in unavailable ranges?
[    0.373451] On node 0, zone Normal: 4096 pages in unavailable ranges?
[    0.380827] ACPI: No IOAPIC entries present?
[    0.385079] ACPI: Using ACPI for processor (LAPIC) configuration information?
[    0.392265] CPU topo: Max. logical packages:   1?
[    0.396958] CPU topo: Max. logical dies:       1?
[    0.401650] CPU topo: Max. dies per package:   1?
[    0.406354] CPU topo: Max. threads per core:   1?
[    0.411048] CPU topo: Num. cores per package:     8?
[    0.416006] CPU topo: Num. threads per package:   8?
[    0.420963] CPU topo: Allowing 8 present CPUs plus 0 hotplug CPUs?
[    0.427188] [mem 0xfc000000-0xffffffff] available for PCI devices?
[    0.433389] clocksource: refined-jiffies: mask: 0xffffffff max_cycles: 0xffffffff, max_idle_ns: 1910969940391419 ns?
[    0.444023] setup_percpu: NR_CPUS:8 nr_cpumask_bits:8 nr_cpu_ids:8 nr_node_ids:1?
[    0.452214] percpu: Embedded 42 pages/cpu s131544 r8192 d32296 u262144?
[    0.458877] pcpu-alloc: s131544 r8192 d32296 u262144 alloc=1*2097152?
[    0.465344] pcpu-alloc: [0] 0 1 2 3 4 5 6 7 ?
[    0.469729] Kernel command line: earlycon=uart8250,mmio32,0xC890E000,115200n8 console=tty0 keep_bootcon 8250.nr_uarts=0 iommu=pt intremap=off panic=10 loglevel=8 ignore_loglevel printk.devkmsg=on drm.edid_firmware=edid/1920x1080.bin video=HDMI-A-1:1920x1080@60D pci=nocrs libata.force=1.00:disable root=LABEL=psxitarch rootwait rw systemd.unit=multi-user.target systemd.log_level=info amdgpu.gpu_recovery=0 amdgpu.lockup_timeout=10000 amdgpu.gfx_off=0 amdgpu.runpm=0 amdgpu.bapm=0 amdgpu.dpm=0?
[    0.514094] Setting dangerous option amdgpu.gpu_recovery - tainting kernel?
[    0.521147] printk: log buffer data + meta data: 262144 + 917504 = 1179648 bytes?
[    0.530444] Dentry cache hash table entries: 1048576 (order: 11, 8388608 bytes, linear)?
[    0.539499] Inode-cache hash table entries: 524288 (order: 10, 4194304 bytes, linear)?
[    0.547574] software IO TLB: area num 8.?
[    0.580143] Fallback order for Node 0: 0 ?
[    0.580162] Built 1 zonelists, mobility grouping on.  Total pages: 1830409?
[    0.591235] Policy zone: Normal?
[    0.594428] mem auto-init: stack:off, heap alloc:off, heap free:off?
[    0.638336] SLUB: HWalign=64, Order=0-3, MinObjects=0, CPUs=8, Nodes=1?
[    0.646116] Dynamic Preempt: voluntary?
[    0.650020] rcu: Preemptible hierarchical RCU implementation.?
[    0.655866] rcu: RCU calculated value of scheduler-enlistment delay is 100 jiffies.?
[    0.663684] NR_IRQS: 4352, nr_irqs: 128, preallocated irqs: 0?
[    0.669590] rcu: srcu_init: Setting srcu_struct sizes based on contention.?
[    0.676643] call_irq_handler: 0.49 No irq handler for vector?
[    0.682433] Console: colour dummy device 80x25?
[    0.686956] printk: legacy console [tty0] enabled?
[    0.691782] ACPI: Core revision 20240827?
[    0.695841] ACPI: setting ELCR to 0200 (from ffff)?
[    0.700731] Failed to register legacy timer interrupt?
[    0.705870] APIC: Switch to symmetric I/O mode setup?
[    0.710929] clocksource: tsc-early: mask: 0xffffffffffffffff max_cycles: 0x16fa7eb5d0e, max_idle_ns: 440795253849 ns?
[    0.721659] Calibrating delay loop (skipped), value calculated using timer frequency.. 3188.26 BogoMIPS (lpj=1594133)?
[    0.722651] Last level iTLB entries: 4KB 512, 2MB 8, 4MB 4?
[    0.722651] Last level dTLB entries: 4KB 512, 2MB 256, 4MB 128, 1GB 0?
[    0.722651] Spectre V1 : Mitigation: usercopy/swapgs barriers and __user pointer sanitization?
[    0.722651] Spectre V2 : Mitigation: Retpolines?
[    0.722651] Spectre V2 : Spectre v2 / SpectreRSB: Filling RSB on context switch and VMEXIT?
[    0.722651] RETBleed: Mitigation: untrained return thunk?
[    0.722651] Speculative Store Bypass: Mitigation: Speculative Store Bypass disabled via prctl?
[    0.722651] x86/fpu: Supporting XSAVE feature 0x001: 'x87 floating point registers'?
[    0.722651] x86/fpu: Supporting XSAVE feature 0x002: 'SSE registers'?
[    0.722651] x86/fpu: Supporting XSAVE feature 0x004: 'AVX registers'?
[    0.722651] x86/fpu: xstate_offset[2]:  576, xstate_sizes[2]:  256?
[    0.722651] x86/fpu: Enabled xstate features 0x7, context size is 832 bytes, using 'standard' format.?
[    0.722651] Freeing SMP alternatives memory: 52K?
[    0.722651] pid_max: default: 32768 minimum: 301?
[    0.722651] Mount-cache hash table entries: 16384 (order: 5, 131072 bytes, linear)?
[    0.722651] Mountpoint-cache hash table entries: 16384 (order: 5, 131072 bytes, linear)?
[    0.722651] smpboot: CPU0: AMD DG1401SNF87ID (family: 0x16, model: 0x1a, stepping: 0x0)?
[    0.723246] Performance Events: AMD PMU driver.?
[    0.723656] ... version:                0?
[    0.724654] ... bit width:              48?
[    0.725654] ... generic registers:      4?
[    0.726654] ... value mask:             0000ffffffffffff?
[    0.727654] ... max period:             00007fffffffffff?
[    0.728654] ... fixed-purpose events:   0?
[    0.729654] ... event mask:             000000000000000f?
[    0.730875] signal: max sigframe size: 1776?
[    0.731748] rcu: Hierarchical SRCU implementation.?
[    0.732655] rcu: 	Max phase no-delay instances is 400.?
[    0.733797] Timer migration: 1 hierarchy levels; 8 children per group; 1 crossnode level?
[    0.737963] smp: Bringing up secondary CPUs ...?
[    0.739890] smpboot: x86: Booting SMP configuration:?
[    0.740655] .... node  #0, CPUs:      #1 #2 #3 #4 #5 #6 #7?
[    0.750759] smp: Brought up 1 node, 8 CPUs?
[    0.752655] smpboot: Total of 8 processors activated (25506.12 BogoMIPS)?
[    0.754880] Memory: 7077464K/7321636K available (23479K kernel code, 2053K rwdata, 8788K rodata, 1624K init, 2232K bss, 239924K reserved, 0K cma-reserved)?
[    0.757045] devtmpfs: initialized?
[    0.759729] clocksource: jiffies: mask: 0xffffffff max_cycles: 0xffffffff, max_idle_ns: 1911260446275000 ns?
[    0.760662] posixtimers hash table entries: 4096 (order: 4, 65536 bytes, linear)?
[    0.761673] futex hash table entries: 2048 (order: 5, 131072 bytes, linear)?
[    0.762761] prandom: seed boundary self test passed?
[    0.765630] prandom: 100 self tests passed?
[    0.765909] NET: Registered PF_NETLINK/PF_ROUTE protocol family?
[    0.766831] audit: initializing netlink subsys (disabled)?
[    0.767718] audit: type=2000 audit(0.046:1): state=initialized audit_enabled=0 res=1?
[    0.767836] i2c-core: driver [dummy] registered?
[    0.769658] thermal_sys: Registered thermal governor 'step_wise'?
[    0.769685] cpuidle: using governor ladder?
[    0.771667] cpuidle: using governor menu?
[    0.772857] ps4: ps4: pre-allocated IRQ 9 desc for ACPI SCI (virq=9)?
[    0.773919] PCI: ECAM [mem 0xf8000000-0xfbffffff] (base 0xf8000000) for domain 0000 [bus 00-3f]?
[    0.774677] PCI: Using configuration type 1 for base access?
[    0.775967] HugeTLB: allocation took 0ms with hugepage_allocation_threads=2?
[    0.776689] HugeTLB: registered 2.00 MiB page size, pre-allocated 0 pages?
[    0.777654] HugeTLB: 28 KiB vmemmap can be freed for a 2.00 MiB page?
[    0.779668] cryptd: max_cpu_qlen set to 1000?
[    0.797658] raid6: sse2x4   gen()  4048 MB/s?
[    0.815655] raid6: sse2x2   gen()  3956 MB/s?
[    0.833660] raid6: sse2x1   gen()  3203 MB/s?
[    0.834655] raid6: using algorithm sse2x4 gen() 4048 MB/s?
[    0.852657] raid6: .... xor() 2019 MB/s, rmw enabled?
[    0.853655] raid6: using ssse3x2 recovery algorithm?
[    0.854762] ACPI: Added _OSI(Module Device)?
[    0.855656] ACPI: Added _OSI(Processor Device)?
[    0.856655] ACPI: Added _OSI(Processor Aggregator Device)?
[    0.860006] ACPI: 2 ACPI AML tables successfully acquired and loaded?
[    0.869858] ACPI: Interpreter enabled?
[    0.870675] ACPI: PM: (supports S0 S5)?
[    0.871655] ACPI: Using PIC for interrupt routing?
[    0.872682] PCI: Ignoring host bridge windows from ACPI; if necessary, use "pci=use_crs" and report a bug?
[    0.873655] PCI: Using E820 reservations for host bridge windows?
[    0.876191] acpi PNP0A03:00: [Firmware Bug]: no secondary bus range in _CRS?
[    0.876673] ACPI: PCI Root Bridge [PCI0] (domain 0000 [bus 00-ff])?
[    0.877662] acpi PNP0A03:00: _OSC: OS supports [ExtendedConfig ASPM ClockPM Segments MSI HPX-Type3]?
[    0.878673] acpi PNP0A03:00: [Firmware Info]: ECAM [mem 0xf8000000-0xfbffffff] for domain 0000 [bus 00-3f] only partially covers this bridge?
[    0.879679] acpi PNP0A03:00: host bridge window [io  0x0cf8-0x0cff] (ignored)?
[    0.880655] PCI: root bus 00: using default resources?
[    0.881708] PCI host bridge to bus 0000:00?
[    0.882661] pci_bus 0000:00: root bus resource [io  0x0000-0xffff]?
[    0.883655] pci_bus 0000:00: root bus resource [mem 0x00000000-0xffffffffff]?
[    0.884656] pci_bus 0000:00: root bus resource [bus 00-ff]?
[    0.885673] pci 0000:00:00.0: [1022:1436] type 00 class 0x060000 conventional PCI endpoint?
[    0.886783] pci 0000:00:00.2: [1022:1437] type 00 class 0x080600 conventional PCI endpoint?
[    0.887787] pci 0000:00:01.0: [1002:9923] type 00 class 0x030000 PCIe Root Complex Integrated Endpoint?
[    0.888677] pci 0000:00:01.0: BAR 0 [mem 0xe0000000-0xe3ffffff 64bit pref]?
[    0.889657] pci 0000:00:01.0: BAR 2 [mem 0xe4000000-0xe47fffff 64bit pref]?
[    0.890656] pci 0000:00:01.0: BAR 4 [io  0x6000-0x60ff]?
[    0.891656] pci 0000:00:01.0: BAR 5 [mem 0xe4800000-0xe483ffff]?
[    0.892656] pci 0000:00:01.0: ROM [mem 0x00000000-0x0001ffff pref]?
[    0.893660] pci 0000:00:01.0: enabling Extended Tags?
[    0.894671] pci 0000:00:01.0: Video device with shadowed ROM at [mem 0x000c0000-0x000dffff]?
[    0.895676] pci 0000:00:01.0: supports D1 D2?
[    0.896655] pci 0000:00:01.0: PME# supported from D1 D2 D3hot?
[    0.897756] pci 0000:00:01.1: [1002:9921] type 00 class 0x040300 PCIe Root Complex Integrated Endpoint?
[    0.898676] pci 0000:00:01.1: BAR 0 [mem 0xe4840000-0xe4843fff 64bit]?
[    0.899662] pci 0000:00:01.1: enabling Extended Tags?
[    0.900685] pci 0000:00:01.1: supports D1 D2?
[    0.901757] pci 0000:00:02.0: [1022:1438] type 00 class 0x060000 conventional PCI endpoint?
[    0.902790] pci 0000:00:14.0: [104d:90d7] type 00 class 0x088000 PCIe Endpoint?
[    0.903696] pci 0000:00:14.0: BAR 0 [mem 0xfdf8000000-0xfdf9ffffff 64bit]?
[    0.904657] pci 0000:00:14.0: BAR 2 [io  0x1000-0x13ff]?
[    0.906821] pci 0000:00:14.1: [104d:90d8] type 00 class 0x088001 PCIe Endpoint?
[    0.907696] pci 0000:00:14.1: BAR 0 [mem 0xc2000000-0xc2000fff 64bit]?
[    0.908847] pci 0000:00:14.2: [104d:90d9] type 00 class 0x088002 PCIe Endpoint?
[    0.909696] pci 0000:00:14.2: BAR 0 [mem 0xc4000000-0xc4007fff 64bit]?
[    0.910848] pci 0000:00:14.3: [104d:90da] type 00 class 0x088003 PCIe Endpoint?
[    0.911695] pci 0000:00:14.3: BAR 0 [mem 0xc6000000-0xc6000fff 64bit]?
[    0.912847] pci 0000:00:14.4: [104d:90db] type 00 class 0x088004 PCIe Endpoint?
[    0.913696] pci 0000:00:14.4: BAR 0 [mem 0xc8000000-0xc8001fff 64bit]?
[    0.914658] pci 0000:00:14.4: BAR 2 [mem 0xc8800000-0xc89fffff 64bit]?
[    0.915658] pci 0000:00:14.4: BAR 4 [mem 0xc9000000-0xc91fffff 64bit]?
[    0.916841] pci 0000:00:14.5: [104d:90dc] type 00 class 0x088005 PCIe Endpoint?
[    0.917695] pci 0000:00:14.5: BAR 0 [mem 0xca000000-0xca000fff 64bit]?
[    0.918658] pci 0000:00:14.5: BAR 2 [mem 0xca800000-0xca800fff 64bit]?
[    0.919842] pci 0000:00:14.6: [104d:90dd] type 00 class 0x088006 PCIe Endpoint?
[    0.920696] pci 0000:00:14.6: BAR 0 [mem 0xcc000000-0xcc000fff 64bit]?
[    0.921657] pci 0000:00:14.6: BAR 2 [mem 0x80000000-0xbfffffff 64bit]?
[    0.922657] pci 0000:00:14.6: BAR 4 [mem 0xcd000000-0xcd0fffff]?
[    0.923657] pci 0000:00:14.6: BAR 5 [mem 0xcd400000-0xcd43ffff]?
[    0.924838] pci 0000:00:14.7: [104d:90de] type 00 class 0x088007 PCIe Endpoint?
[    0.925695] pci 0000:00:14.7: BAR 0 [mem 0xce000000-0xce3fffff 64bit]?
[    0.926659] pci 0000:00:14.7: BAR 2 [mem 0xce800000-0xce80ffff 64bit]?
[    0.927658] pci 0000:00:14.7: BAR 4 [mem 0xcf000000-0xcf7fffff 64bit]?
[    0.928832] pci 0000:00:18.0: [1022:142e] type 00 class 0x060000 conventional PCI endpoint?
[    0.929760] pci 0000:00:18.1: [1022:142f] type 00 class 0x060000 conventional PCI endpoint?
[    0.930765] pci 0000:00:18.2: [1022:1430] type 00 class 0x060000 conventional PCI endpoint?
[    0.931757] pci 0000:00:18.3: [1022:1431] type 00 class 0x060000 conventional PCI endpoint?
[    0.932763] pci 0000:00:18.4: [1022:1432] type 00 class 0x060000 conventional PCI endpoint?
[    0.933756] pci 0000:00:18.5: [1022:1433] type 00 class 0x060000 conventional PCI endpoint?
[    0.934757] pci 0000:00:18.6: [1022:1434] type 00 class 0x060000 conventional PCI endpoint?
[    0.936859] iommu: Default domain type: Passthrough (set via kernel command line)?
[    0.937846] SCSI subsystem initialized?
[    0.938680] libata version 3.00 loaded.?
[    0.939719] ACPI: bus type USB registered?
[    0.940713] usbcore: registered new interface driver usbfs?
[    0.941679] usbcore: registered new interface driver hub?
[    0.942675] usbcore: registered new device driver usb?
[    0.943839] Advanced Linux Sound Architecture Driver Initialized.?
[    0.945027] Bluetooth: Core ver 2.22?
[    0.945671] NET: Registered PF_BLUETOOTH protocol family?
[    0.946655] Bluetooth: HCI device and connection manager initialized?
[    0.947658] Bluetooth: HCI socket layer initialized?
[    0.948658] Bluetooth: L2CAP socket layer initialized?
[    0.949662] Bluetooth: SCO socket layer initialized?
[    0.950746] PCI: Using ACPI for IRQ routing?
[    0.954171] PCI: pci_cache_line_size set to 64 bytes?
[    0.954698] e820: reserve RAM buffer [mem 0x00008000-0x0000ffff]?
[    0.955656] e820: reserve RAM buffer [mem 0x0009a000-0x0009ffff]?
[    0.956655] e820: reserve RAM buffer [mem 0x00680000-0x006fffff]?
[    0.957655] e820: reserve RAM buffer [mem 0x7efe8000-0x7fffffff]?
[    0.959655] e820: reserve RAM buffer [mem 0x27f000000-0x27fffffff]?
[    0.960681] pci 0000:00:01.0: vgaarb: setting as boot VGA device?
[    0.961651] pci 0000:00:01.0: vgaarb: bridge control possible?
[    0.961651] pci 0000:00:01.0: vgaarb: VGA device added: decodes=io+mem,owns=io+mem,locks=none?
[    0.961664] vgaarb: loaded?
[    0.963873] clocksource: Switched to clocksource tsc-early?
[    0.969502] pnp: PnP ACPI init?
[    0.972661] pnp: PnP ACPI: found 0 devices?
[    0.981808] NET: Registered PF_INET protocol family?
[    0.987094] IP idents hash table entries: 131072 (order: 8, 1048576 bytes, linear)?
[    0.998939] tcp_listen_portaddr_hash hash table entries: 4096 (order: 4, 65536 bytes, linear)?
[    1.007672] Table-perturb hash table entries: 65536 (order: 6, 262144 bytes, linear)?
[    1.015601] TCP established hash table entries: 65536 (order: 7, 524288 bytes, linear)?
[    1.023945] TCP bind hash table entries: 65536 (order: 9, 2097152 bytes, linear)?
[    1.032101] TCP: Hash tables configured (established 65536 bind 65536)?
[    1.038876] UDP hash table entries: 4096 (order: 6, 262144 bytes, linear)?
[    1.045891] UDP-Lite hash table entries: 4096 (order: 6, 262144 bytes, linear)?
[    1.053435] NET: Registered PF_UNIX/PF_LOCAL protocol family?
[    1.059565] RPC: Registered named UNIX socket transport module.?
[    1.065601] RPC: Registered udp transport module.?
[    1.070393] RPC: Registered tcp transport module.?
[    1.075188] RPC: Registered tcp-with-tls transport module.?
[    1.080777] RPC: Registered tcp NFSv4.1 backchannel transport module.?
[    1.087842] pci_bus 0000:00: resource 4 [io  0x0000-0xffff]?
[    1.093529] pci_bus 0000:00: resource 5 [mem 0x00000000-0xffffffffff]?
[    1.100172] pci 0000:00:01.1: D0 power state depends on 0000:00:01.0?
[    1.106658] pci 0000:00:02.0: CLS mismatch (64 != 512), using 64 bytes?
[    1.113434] AMD-Vi: Using global IVHD EFR:0x0, EFR2:0x0?
[    1.113661] Trying to unpack rootfs image as initramfs...?
[    1.118972] pci 0000:00:00.0: Adding to iommu group 0?
[    1.129542] pci 0000:00:14.0: Adding to iommu group 1?
[    1.134724] pci 0000:00:14.1: Adding to iommu group 1?
[    1.139910] pci 0000:00:14.2: Adding to iommu group 1?
[    1.145100] pci 0000:00:14.3: Adding to iommu group 1?
[    1.150283] pci 0000:00:14.4: Adding to iommu group 1?
[    1.155469] pci 0000:00:14.5: Adding to iommu group 1?
[    1.160661] pci 0000:00:14.6: Adding to iommu group 1?
[    1.165845] pci 0000:00:14.7: Adding to iommu group 1?
[    1.171075] AMD-Vi: Extended features (0x840, 0x0): IA?
[    1.176620] PCI-DMA: Using software bounce buffering for IO (SWIOTLB)?
[    1.183194] software IO TLB: mapped [mem 0x000000007afe8000-0x000000007efe8000] (64MB)?
[    1.191448] LVT offset 0 assigned for vector 0x400?
[    1.197424] perf: AMD IBS detected (0x000000ff)?
[    1.202097] kvm_amd: TSC scaling supported?
[    1.206274] kvm_amd: Nested Virtualization enabled?
[    1.211158] kvm_amd: Nested Paging enabled?
[    1.215336] kvm_amd: LBR virtualization supported?
[    1.244779] Freeing initrd memory: 4156K?
[    1.253598] platform rtc_cmos: registered platform RTC device (no PNP device found)?
[    1.264563] Initialise system trusted keyrings?
[    1.269230] workingset: timestamp_bits=40 max_order=21 bucket_order=0?
[    1.276213] ntfs3: Warning: Activated 64 bits per cluster. Windows does not support this?
[    1.284543] fuse: init (API version 7.43)?
[    1.324642] NET: Registered PF_ALG protocol family?
[    1.329532] xor: automatically using best checksumming function   avx       ?
[    1.336717] Key type asymmetric registered?
[    1.340891] Asymmetric key parser 'x509' registered?
[    1.345893] Block layer SCSI generic (bsg) driver version 0.4 loaded (major 252)?
[    1.353435] io scheduler mq-deadline registered?
[    1.358051] io scheduler kyber registered?
[    1.364221] Could not retrieve perf counters (-19)?
[    1.400517] Non-volatile memory driver v1.3?
[    1.404803] Linux agpgart interface v0.103?
[    1.409414] ACPI: bus type drm_connector registered?
[    1.414413] [drm] amdgpu kernel modesetting enabled.?
[    1.421093] brd: module loaded?
[    1.427823] loop: module loaded?
[    1.431051] i2c-core: driver [at24] registered?
[    1.435787] baikal_pcie 0000:00:14.4: bpcie_probe()?
[    1.440805] baikal_pcie 0000:00:14.4: bpcie glue probe?
[    1.446057] baikal_pcie 0000:00:14.4: Baikal chip revision: 4c0c2021:8d76a398:0000b100?
[    1.454132] pci 0000:00:14.0: bpcie_create_irq_domain?
[    1.459284] baikal_pcie 0000:00:14.4: devid = 164?
[    1.464082] baikal_pcie 0000:00:14.4: no parent ?
[    1.468793] bpcie_create_irq_domain: marked Baikal-MSI-164-3-14 as MSI parent (flags=0x113 bus_token=AMDVI)?
[    1.478724] pci 0000:00:14.1: bpcie_create_irq_domain?
[    1.483873] baikal_pcie 0000:00:14.4: devid = 164?
[    1.488668] baikal_pcie 0000:00:14.4: no parent ?
[    1.493378] bpcie_create_irq_domain: marked Baikal-MSI-164-3-14 as MSI parent (flags=0x113 bus_token=AMDVI)?
[    1.503309] pci 0000:00:14.2: bpcie_create_irq_domain?
[    1.508462] baikal_pcie 0000:00:14.4: devid = 164?
[    1.513257] baikal_pcie 0000:00:14.4: no parent ?
[    1.517965] bpcie_create_irq_domain: marked Baikal-MSI-164-3-14 as MSI parent (flags=0x113 bus_token=AMDVI)?
[    1.527894] pci 0000:00:14.3: bpcie_create_irq_domain?
[    1.533042] baikal_pcie 0000:00:14.4: devid = 164?
[    1.537837] baikal_pcie 0000:00:14.4: no parent ?
[    1.542546] bpcie_create_irq_domain: marked Baikal-MSI-164-3-14 as MSI parent (flags=0x113 bus_token=AMDVI)?
[    1.552476] baikal_pcie 0000:00:14.4: bpcie_create_irq_domain?
[    1.558338] baikal_pcie 0000:00:14.4: devid = 164?
[    1.563134] baikal_pcie 0000:00:14.4: no parent ?
[    1.567842] bpcie_create_irq_domain: marked Baikal-MSI-164-3-14 as MSI parent (flags=0x113 bus_token=AMDVI)?
[    1.577773] pci 0000:00:14.5: bpcie_create_irq_domain?
[    1.582923] baikal_pcie 0000:00:14.4: devid = 164?
[    1.587718] baikal_pcie 0000:00:14.4: no parent ?
[    1.592426] bpcie_create_irq_domain: marked Baikal-MSI-164-3-14 as MSI parent (flags=0x113 bus_token=AMDVI)?
[    1.602355] pci 0000:00:14.6: bpcie_create_irq_domain?
[    1.607510] baikal_pcie 0000:00:14.4: devid = 164?
[    1.612307] baikal_pcie 0000:00:14.4: no parent ?
[    1.617015] bpcie_create_irq_domain: marked Baikal-MSI-164-3-14 as MSI parent (flags=0x113 bus_token=AMDVI)?
[    1.626943] pci 0000:00:14.7: bpcie_create_irq_domain?
[    1.632092] baikal_pcie 0000:00:14.4: devid = 164?
[    1.636887] baikal_pcie 0000:00:14.4: no parent ?
[    1.641596] bpcie_create_irq_domain: marked Baikal-MSI-164-3-14 as MSI parent (flags=0x113 bus_token=AMDVI)?
[    1.651540] bpcie_init_dev_msi_info: dev=0000:00:14.4 installed bpcie demuxer (sc=(____ptrval____))?
[    1.661382] bpcie_msi_init: virq=10 hwirq=0x0 domain=(____ptrval____) info=(____ptrval____) sc=(____ptrval____)?
[    1.671676] bpcie_msi_init: registered virq=10 irq_map[0]?
[    1.677178] bpcie_msi_init: virq=11 hwirq=0x1 domain=(____ptrval____) info=(____ptrval____) sc=(____ptrval____)?
[    1.687461] bpcie_msi_init: registered virq=11 irq_map[1]?
[    1.692963] bpcie_msi_init: virq=12 hwirq=0x2 domain=(____ptrval____) info=(____ptrval____) sc=(____ptrval____)?
[    1.703246] bpcie_msi_init: registered virq=12 irq_map[2]?
[    1.708746] bpcie_msi_init: virq=13 hwirq=0x3 domain=(____ptrval____) info=(____ptrval____) sc=(____ptrval____)?
[    1.719029] bpcie_msi_init: registered virq=13 irq_map[3]?
[    1.724533] bpcie_msi_init: virq=14 hwirq=0x4 domain=(____ptrval____) info=(____ptrval____) sc=(____ptrval____)?
[    1.734816] bpcie_msi_init: registered virq=14 irq_map[4]?
[    1.740317] bpcie_msi_init: virq=15 hwirq=0x5 domain=(____ptrval____) info=(____ptrval____) sc=(____ptrval____)?
[    1.750600] bpcie_msi_init: registered virq=15 irq_map[5]?
[    1.756100] bpcie_msi_init: virq=16 hwirq=0x6 domain=(____ptrval____) info=(____ptrval____) sc=(____ptrval____)?
[    1.766382] bpcie_msi_init: registered virq=16 irq_map[6]?
[    1.771882] bpcie_msi_init: virq=17 hwirq=0x7 domain=(____ptrval____) info=(____ptrval____) sc=(____ptrval____)?
[    1.782166] bpcie_msi_init: registered virq=17 irq_map[7]?
[    1.787667] bpcie_msi_init: virq=18 hwirq=0x8 domain=(____ptrval____) info=(____ptrval____) sc=(____ptrval____)?
[    1.797950] bpcie_msi_init: registered virq=18 irq_map[8]?
[    1.803450] bpcie_msi_init: virq=19 hwirq=0x9 domain=(____ptrval____) info=(____ptrval____) sc=(____ptrval____)?
[    1.813735] bpcie_msi_init: registered virq=19 irq_map[9]?
[    1.819235] bpcie_msi_init: virq=20 hwirq=0xa domain=(____ptrval____) info=(____ptrval____) sc=(____ptrval____)?
[    1.829517] bpcie_msi_init: registered virq=20 irq_map[10]?
[    1.835106] bpcie_msi_init: virq=21 hwirq=0xb domain=(____ptrval____) info=(____ptrval____) sc=(____ptrval____)?
[    1.845390] bpcie_msi_init: registered virq=21 irq_map[11]?
[    1.850978] bpcie_msi_init: virq=22 hwirq=0xc domain=(____ptrval____) info=(____ptrval____) sc=(____ptrval____)?
[    1.861261] bpcie_msi_init: registered virq=22 irq_map[12]?
[    1.866851] bpcie_msi_init: virq=23 hwirq=0xd domain=(____ptrval____) info=(____ptrval____) sc=(____ptrval____)?
[    1.877133] bpcie_msi_init: registered virq=23 irq_map[13]?
[    1.882723] bpcie_msi_init: virq=24 hwirq=0xe domain=(____ptrval____) info=(____ptrval____) sc=(____ptrval____)?
[    1.893008] bpcie_msi_init: registered virq=24 irq_map[14]?
[    1.898599] bpcie_msi_init: virq=25 hwirq=0xf domain=(____ptrval____) info=(____ptrval____) sc=(____ptrval____)?
[    1.908886] bpcie_msi_init: registered virq=25 irq_map[15]?
[    1.914475] bpcie_msi_init: virq=26 hwirq=0x10 domain=(____ptrval____) info=(____ptrval____) sc=(____ptrval____)?
[    1.924847] bpcie_msi_init: registered virq=26 irq_map[16]?
[    1.930436] bpcie_msi_init: virq=27 hwirq=0x11 domain=(____ptrval____) info=(____ptrval____) sc=(____ptrval____)?
[    1.940808] bpcie_msi_init: registered virq=27 irq_map[17]?
[    1.946398] bpcie_msi_init: virq=28 hwirq=0x12 domain=(____ptrval____) info=(____ptrval____) sc=(____ptrval____)?
[    1.956771] bpcie_msi_init: registered virq=28 irq_map[18]?
[    1.962361] bpcie_msi_init: virq=29 hwirq=0x13 domain=(____ptrval____) info=(____ptrval____) sc=(____ptrval____)?
[    1.972733] bpcie_msi_init: registered virq=29 irq_map[19]?
[    1.978322] bpcie_msi_init: virq=30 hwirq=0x14 domain=(____ptrval____) info=(____ptrval____) sc=(____ptrval____)?
[    1.988694] bpcie_msi_init: registered virq=30 irq_map[20]?
[    1.994283] bpcie_msi_init: virq=31 hwirq=0x15 domain=(____ptrval____) info=(____ptrval____) sc=(____ptrval____)?
[    2.004656] bpcie_msi_init: registered virq=31 irq_map[21]?
[    2.010249] bpcie_msi_init: virq=32 hwirq=0x16 domain=(____ptrval____) info=(____ptrval____) sc=(____ptrval____)?
[    2.020621] bpcie_msi_init: registered virq=32 irq_map[22]?
[    2.026210] bpcie_msi_init: virq=33 hwirq=0x17 domain=(____ptrval____) info=(____ptrval____) sc=(____ptrval____)?
[    2.036581] bpcie_msi_init: registered virq=33 irq_map[23]?
[    2.042170] bpcie_msi_init: virq=34 hwirq=0x18 domain=(____ptrval____) info=(____ptrval____) sc=(____ptrval____)?
[    2.052544] bpcie_msi_init: registered virq=34 irq_map[24]?
[    2.058134] bpcie_msi_init: virq=35 hwirq=0x19 domain=(____ptrval____) info=(____ptrval____) sc=(____ptrval____)?
[    2.068507] bpcie_msi_init: registered virq=35 irq_map[25]?
[    2.074095] bpcie_msi_init: virq=36 hwirq=0x1a domain=(____ptrval____) info=(____ptrval____) sc=(____ptrval____)?
[    2.084465] bpcie_msi_init: registered virq=36 irq_map[26]?
[    2.090056] bpcie_msi_init: virq=37 hwirq=0x1b domain=(____ptrval____) info=(____ptrval____) sc=(____ptrval____)?
[    2.100427] bpcie_msi_init: registered virq=37 irq_map[27]?
[    2.106016] bpcie_msi_init: virq=38 hwirq=0x1c domain=(____ptrval____) info=(____ptrval____) sc=(____ptrval____)?
[    2.116388] bpcie_msi_init: registered virq=38 irq_map[28]?
[    2.121977] bpcie_msi_init: virq=39 hwirq=0x1d domain=(____ptrval____) info=(____ptrval____) sc=(____ptrval____)?
[    2.132349] bpcie_msi_init: registered virq=39 irq_map[29]?
[    2.137939] bpcie_msi_init: virq=40 hwirq=0x1e domain=(____ptrval____) info=(____ptrval____) sc=(____ptrval____)?
[    2.148310] bpcie_msi_init: registered virq=40 irq_map[30]?
[    2.153898] bpcie_msi_init: virq=41 hwirq=0x1f domain=(____ptrval____) info=(____ptrval____) sc=(____ptrval____)?
[    2.164269] bpcie_msi_init: registered virq=41 irq_map[31]?
[    2.169899] baikal_pcie 0000:00:14.4: bpcie_msi_write_msg(fee00000, 000000ef) mask=0x0 irq=10 hwirq=0x0 (____ptrval____)?
[    2.180993] baikal_pcie 0000:00:14.4: bpcie_config_msi: func=4 subfunc=0 addr=fee00000 data=000000ef?
[    2.190320] baikal_pcie 0000:00:14.4: bpcie_msi_write_msg(fee00000, 000000ef) mask=0x0 irq=11 hwirq=0x1 (____ptrval____)?
[    2.201402] baikal_pcie 0000:00:14.4: bpcie_config_msi: func=4 subfunc=1 addr=fee00000 data=000000ef?
[    2.210722] baikal_pcie 0000:00:14.4: bpcie_msi_write_msg(fee00000, 000000ef) mask=0x0 irq=12 hwirq=0x2 (____ptrval____)?
[    2.221806] baikal_pcie 0000:00:14.4: bpcie_config_msi: func=4 subfunc=2 addr=fee00000 data=000000ef?
[    2.231124] baikal_pcie 0000:00:14.4: bpcie_msi_write_msg(fee00000, 000000ef) mask=0x0 irq=13 hwirq=0x3 (____ptrval____)?
[    2.242209] baikal_pcie 0000:00:14.4: bpcie_config_msi: func=4 subfunc=3 addr=fee00000 data=000000ef?
[    2.251527] baikal_pcie 0000:00:14.4: bpcie_msi_write_msg(fee00000, 000000ef) mask=0x0 irq=14 hwirq=0x4 (____ptrval____)?
[    2.262607] baikal_pcie 0000:00:14.4: bpcie_config_msi: func=4 subfunc=4 addr=fee00000 data=000000ef?
[    2.271926] baikal_pcie 0000:00:14.4: bpcie_msi_write_msg(fee00000, 000000ef) mask=0x0 irq=15 hwirq=0x5 (____ptrval____)?
[    2.283006] baikal_pcie 0000:00:14.4: bpcie_config_msi: func=4 subfunc=5 addr=fee00000 data=000000ef?
