?[36m[Debug] src/PayloadsView.cpp:319: Loading: /data/payloads/linux-1024mb.bin?[0m?
[GoldHEN] <binloader> accepted a new payload?
[GoldHEN] <binloader> TCP Mode?
?[36m[[GDoeblug]dHE src/PayloadsNVie]w. c<bppin:l186: oaGederne>r apatyelPoada ylroeads ics ceialvleded !?[[0m?
si?z[3e:6m[ Deb2u8g38] sr40 c/Payl- obaufdsView.fcppe:2r_s12ize:: Cle 29anup p0ayloa81d 6 list-. ..?ip:[0m?
 127.0.0.?1][?
36m[[GDebug] sorc/PalyloadsVideHw.EcNpp] :20<b6: GeineratenPlayloads: oRaefrdeeshed?[r0>m f?
ound and jailbroken target process [pid: 46]?
[GoldHEN] <binloader> launching payload... [format: BIN]?
[GoldHEN] <binloader> payload launched?
kernel_init()?
Kernel base = ffffffffccd90000?
Direct map base = ffffb8a700000000?
Testing global variable access (write protection)...?
OK.?
Kernel interface initialized?
Installing sys_kexec to system call #153?
kexec_init() successful?
?
sys_kexec invoked?
========================================?
PS4 Linux Payloads AIO?
FW 12.02 (1202)?
VRAM 1024 MB?
Southbridge: Baikal?
========================================?
sys_kexec(0x200640000, 11437056, 0x20112c000, 4082183, "earlycon=uart8250,mmio32,0xC890E000,115200n8 console=tty0 keep_bootcon 8250.nr_uarts=0 iommu=pt intremap=off panic=10 loglevel=8 ignore_loglevel printk.devkmsg=on drm.edid_firmware=edid/1920x1080.bin video=HDMI-A-1:1920x1080@60D pci=nocrs libata.force=1.00:disable root=LABEL=psxitarch rootwait rw systemd.unit=multi-user.target systemd.log_level=info")?
firmware_extract: Extract lib/firmware/amdgpu/liverpool_pfp.bin ?
Copying PFP firmware?
NOP handler at 0xff0?
firmware_extract: Extract lib/firmware/amdgpu/liverpool_me.bin ?
Copying ME firmware?
firmware_extract: Extract lib/firmware/amdgpu/liverpool_ce.bin ?
Copying CE firmware?
NOP handler at 0x7f0?
firmware_extract: Extract lib/firmware/amdgpu/liverpool_mec.bin ?
Copying MEC firmware?
NOP handler at 0xff0?
firmware_extract: Extract lib/firmware/amdgpu/liverpool_mec2.bin ?
Copying MEC2 firmware?
NOP handler at 0xff0?
firmware_extract: Extract lib/firmware/amdgpu/liverpool_rlc.bin ?
Copying RLC firmware?
firmware_extract: Extract lib/firmware/amdgpu/liverpool_sdma.bin ?
Copying SDMA firmware?
firmware_extract: Extract lib/firmware/amdgpu/liverpool_sdma1.bin ?
Copying SDMA1 firmware?
?
kexec parameters:?
    Kernel image size:   11437056 bytes?
    Initramfs size:      4176919 bytes (4082183 from user)?
    Kernel command line: earlycon=uart8250,mmio32,0xC890E000,115200n8 console=tty0 keep_bootcon 8250.nr_uarts=0 iommu=pt intremap=off panic=10 loglevel=8 ignore_loglevel printk.devkmsg=on drm.edid_firmware=edid/1920x1080.bin video=HDMI-A-1:1920x1080@60D pci=nocrs libata.force=1.00:disable root=LABEL=psxitarch rootwait rw systemd.unit=multi-user.target systemd.log_level=info?
    Kernel image buffer: 0xffffb8a755000000?
    Initramfs buffer:    0xffffb8a74dc00000?
kernel_hook_install(0xffffff80800c512d, 0xffffffffcd1d7ad0)?
  Using 64bit absolute jump?
******************************************************?
kexec successfully armed. Please shut down the system.?
******************************************************?
?
[SceShellUI] I/PSM.UI : [FirstClear] : ClearFrameBuffer=False?
[KE]sceCameraDevKill::2685 ERROR: sceCameraProcConfigStop 0x802e0006 i=0 handle=257 pid=4Co3?
ntext.cc:174 (ajmContextCleanup) - Instance C2o7n8t53ext.2c wasc :n174 (oajmCton tepxrtColpeeranup) -l Inys tance 16d390 eswas tnrot prooypeder.?l
y Cdonetsetroyextd.?.
cContext.cc:18c:9 1(ajmC8o9n[ K(taEeRNjxmEL]tCoC dlnmemtee_ahannxtudlCpe_vmspl)ace_ee -anxiut pC)oe dde -cp  Coid:dM eP731, cpty pO e=1,Dp uec0xfso dfSerIffb8L wa70780229Ka0s -E >nnpct_olooaddedet ir s TR pUErw?op
eas[rlKER yn oNEut nL] prdmeroemg_ihpstandleee_vrrmlsy epaudce_ex.?itned
r eCgmaiop #snt0te 0xfefffrxbet8d..a?7c0c
:C781o0n2298t90e x(t?.
cc[aKERNj:EL]1m Cdontemem_handle_vxtCConmslteepaxatncu.cecp_exited ):p 1- 8iCdo9d: 7 e1, ap(c ap_mAaTjps_RcomAunt[1C],oC n9t1 e -> 0?xD
etCcoldeera nwup) - Codecas Opus SIL nKot  pEnrcoder was not propeorplery unregilsy tered.?un
reCogintext.cc:189 C(ontexat.jcc:189 (ajmComConntextCleatnupe)x - CtodeCc Opus CleaELT Encodern uwas not pp)rop - erlCy unroedecg istOeredp.u?
sConte xt.cc:189 (CEajmLCTon tEextncCodelrean wup)a s- Codec Opus C ELT Dneocot dproer pwaes nrot prlopy uerly unregistnerered.?
gistered.?Cont
ext.ccC:18o9 (natjemContextClextanup) -.c c:C18ode9 c CELP8 Decod(er wasajmC onnteoxttC lepanup) - roCpeorldecy Opu s Decuondrere giswas tnoet properrely unregistered.d.?
?
Context.cc:1C8ontex9 t.c(c:189a (ajjmContemCoxntClteeanxup) - tCodec ClMPEG4 AAC Encoeder awnas nupot p) -r oCperly unoregisteredd.?
ec CELP8 Encoder was not properly unregistered.?
Context.cc:189 (ajmContextCleanup) - Codec CELP(16) Decoder was not properly unregistered.?
Context.cc:19Con1t ext.cc(a:174 (ajmCojmnCotenxtCteleanupxtCl) - Instaencaenu 1146p8)9 was n ot p-ro Morpeerly de cstodrecs weoyre not properlye undregiste.re?d.
.Co.nt?
ext.cc:189 (ajmContextCleanup) - Codec AC3 Encoder was not properly unregistered.?
Context.cc:174 (ajmContextCleanup) - Instance 163842 was not properly destroyed.?
Context.cc:189 (ajmContextCleanup) - Codec DTS Encoder was not properly unregistered.?
stered.?
74 (ajmContextCleanup) - Instance 344067 was not properly destroyed.?
Context.cc:189 (ajmContextCleanup) - Codec Opus Decoder was not properly unregistered.?
[SceSysCore mini] killall timeout 5[sec]...?
[SceSysCore mini] forcibly unmount 4 nullfses?
[SceSysCore mini] forcibly unmount /mnt/usb0?
[SceSysCore mini[REGMGR] 000006 ...?
[] sceKernelPollEventFlag(reboot_flag): failed 80020010?
[SceSysCore mini] call reboot(4000)?
REGMGR] (    297.410 sec) 010006 ...?
[REGMGR] (   0.011775 sec) 010007 ...?
[REGMGR] 000108 ...?
Waiting (max 60 seconds) for system process `SceVnlru' to stop...done?
W?a
Syncing disks, vnodes remaining...1 iting (max 60 seconds) for system process `SceSyncer' to stop...SD Manual Tuning done. MaxPassWindowSize=23, TunePoint=20 CORE_CTRL=0x184094?
1 0 0 sched_sync: flush softdep (iter=2)?
sched_sync: flush softdep (iter=1)?
done?
Waiting (max 60 seconds) for system process `SceBufdaemon1' to stop...done?
Waiting (max 60 seconds) for system process `SceBufdaemon0' to stop...done?
Waiting (max 60 seconds) for system process `SceBufdaemon2' to stop...done?
All buffers synced.?
[PFS] umount[0x0000432d7713374d] finished 0?
[PFS] umount[0x0000432d77133226] finished 0?
Uptime: 5m3s?
icc post sync:Thermal alert LED off?
[REGMGR] 000007 @2@ ...?
icc08-4001 0802?
icc:failed to disabled reset button notification: 0005?
icc:disabled thermal notification?
eth0: link state changed to DOWN?
ICC: howto:00004000 depth:2 cause:00 hand:01?
ICC: Shutdown.?
hook_icc_query_nowait called?
ICC 05-00 polling?
Fixing ACPI tables at 0xe0000 (0xffffb8a7000e0000)?
RSDT at 0xe0024?
XSDT at 0xe0088?
FACP at 0xe016c?
FACS at 0xe012c?
DSDT at 0xe0430?
APIC at 0xe0298?
MCFG at 0xe0304?
SSDT at 0xe0730?
ACPI tables fixed?
kexec: Waiting for secondary CPUs...?
kexec: Secondary CPUs quiesced?
kexec: Setting up GDT...?
kexec: Relocating stub...?
kexec: Setting up boot params...?
kexec: Cleaning up hardware...?
Current sb_id: 3?
?
SB_BAIKAL constant: 3?
?
kexec: Detected Baikal Southbridge, disabling IOMMU...?
kexec: Reconfiguring VRAM...?
kexec: Resetting GPU...?
kexec: About to relocate and jump to kernel?
[    0.000000] ps4: x86_ps4_early_setup: PS4 early setup?
[    0.000000] Linux version 6.15.4-Baikal_TESTING_crashniels-dirty (meerzulee@cachynator) (gcc (GCC) 16.1.1 20260430, GNU ld (GNU Binutils) 2.46.0) #59 SMP PREEMPT_DYNAMIC Mon May 11 11:44:04 +06 2026?
[    0.000000] Command line: earlycon=uart8250,mmio32,0xC890E000,115200n8 console=tty0 keep_bootcon 8250.nr_uarts=0 iommu=pt intremap=off panic=10 loglevel=8 ignore_loglevel printk.devkmsg=on drm.edid_firmware=edid/1920x1080.bin video=HDMI-A-1:1920x1080@60D pci=nocrs libata.force=1.00:disable root=LABEL=psxitarch rootwait rw systemd.unit=multi-user.target systemd.log_level=info?
[    0.000000] KERNEL supported cpus:?
[    0.000000]   AMD AuthenticAMD?
[    0.000000] BIOS-provided physical RAM map:?
[    0.000000] BIOS-e820: [mem 0x0000000000000000-0x0000000000007fff] usable?
[    0.000000] BIOS-e820: [mem 0x0000000000008000-0x000000000007ffff] reserved?
[    0.000000] BIOS-e820: [mem 0x0000000000080000-0x0000000000099fff] usable?
[    0.000000] BIOS-e820: [mem 0x000000000009a000-0x00000000000bffff] reserved?
[    0.000000] BIOS-e820: [mem 0x00000000000e0000-0x00000000000effff] ACPI data?
[    0.000000] BIOS-e820: [mem 0x0000000000100000-0x00000000003fffff] usable?
[    0.000000] BIOS-e820: [mem 0x0000000000400000-0x000000000047ffff] reserved?
[    0.000000] BIOS-e820: [mem 0x0000000000480000-0x000000000067ffff] usable?
[    0.000000] BIOS-e820: [mem 0x0000000000680000-0x00000000006fffff] reserved?
[    0.000000] BIOS-e820: [mem 0x0000000000700000-0x000000007efe7fff] usable?
[    0.000000] BIOS-e820: [mem 0x000000007efe8000-0x000000007efeffff] ACPI NVS?
[    0.000000] BIOS-e820: [mem 0x000000007eff0000-0x000000007effffff] ACPI data?
[    0.000000] BIOS-e820: [mem 0x000000007f000000-0x000000007fffffff] usable?
[    0.000000] BIOS-e820: [mem 0x0000000080000000-0x00000000fbffffff] reserved?
[    0.000000] BIOS-e820: [mem 0x0000000100000000-0x000000013fffffff] reserved?
[    0.000000] BIOS-e820: [mem 0x0000000140000000-0x000000027effffff] usable?
[    0.000000] earlycon: uart8250 at MMIO32 0x00000000c890e000 (options '115200n8')?
[    0.000000] printk: legacy bootconsole [uart8250] enabled?
[    0.000000] printk: debug: skip boot console de-registration.?
[    0.000000] printk: debug: ignoring loglevel setting.?
[    0.000000] NX (Execute Disable) protection: active?
[    0.000000] APIC: Static calls initialized?
[    0.000000] SMBIOS 2.1 present.?
[    0.000000] DMI:  , BIOS unde Wed 09/22/2021 16:2?
[    0.000000] DMI: Memory slots populated: 1/1?
[    0.000000] ps4: EMC timer started in 34591 TSC ticks?
[    0.000000] ps4: Calibrated TSC frequency: 1593994432 kHz?
[    0.000000] tsc: Detected 1593.994 MHz processor?
[    0.001422] e820: update [mem 0x00000000-0x00000fff] usable ==> reserved?
[    0.008246] e820: remove [mem 0x000a0000-0x000fffff] usable?
[    0.013929] last_pfn = 0x27f000 max_arch_pfn = 0x400000000?
[    0.019516] MTRR map: 6 entries (3 fixed + 3 variable; max 20), built from 9 variable MTRRs?
[    0.028015] x86/PAT: Configuration [0-7]: WB  WC  UC- UC  WB  WP  UC- WT  ?
[    0.035393] e820: update [mem 0x80000000-0x13fffffff] usable ==> reserved?
[    0.042323] last_pfn = 0x80000 max_arch_pfn = 0x400000000?
[    0.056434] Using GB pages for direct mapping?
[    0.062401] RAMDISK: [mem 0x4dc00000-0x4dffbfff]?
[    0.067112] ACPI: Early table checksum verification disabled?
[    0.072870] ACPI: RSDP 0x00000000000E0000 000024 (v02 SIE   )?
[    0.078720] ACPI: XSDT 0x00000000000E0088 00004C (v01 SIE    ORBIS    20121218 INTL 20110211)?
[    0.087405] ACPI: FACP 0x00000000000E016C 0000F4 (v04 SIE    ORBIS    20130205 INTL 20110211)?
[    0.096090] ACPI: DSDT 0x00000000000E0430 00018C (v02 SIE    ORBIS    20121002 INTL 20110211)?
[    0.104772] ACPI: FACS 0x00000000000E012C 000040?
[    0.109470] ACPI: FACS 0x00000000000E012C 000040?
[    0.114170] ACPI: APIC 0x00000000000E0298 00006C (v02 SIE    ORBIS    20120725 INTL 20110211)?
[    0.122852] ACPI: MCFG 0x00000000000E0304 00003C (v01 SIE    ORBIS    20120725 INTL 20110211)?
[    0.131534] ACPI: SSDT 0x00000000000E0730 001944 (v01 AMD    POWERNOW 00000001 AMD  00000001)?
[    0.140215] ACPI: IVRS 0x00000000000E2074 000054 (v01 F0F    PS4KEXEC 20161225 KEXC 20161225)?
[    0.148896] ACPI: Reserving FACP table memory at [mem 0xe016c-0xe025f]?
[    0.155536] ACPI: Reserving DSDT table memory at [mem 0xe0430-0xe05bb]?
[    0.162176] ACPI: Reserving FACS table memory at [mem 0xe012c-0xe016b]?
[    0.168816] ACPI: Reserving FACS table memory at [mem 0xe012c-0xe016b]?
[    0.175455] ACPI: Reserving APIC table memory at [mem 0xe0298-0xe0303]?
[    0.182093] ACPI: Reserving MCFG table memory at [mem 0xe0304-0xe033f]?
[    0.188733] ACPI: Reserving SSDT table memory at [mem 0xe0730-0xe2073]?
[    0.195372] ACPI: Reserving IVRS table memory at [mem 0xe2074-0xe20c7]?
[    0.202089] No NUMA configuration found?
[    0.205986] Faking a node at [mem 0x0000000000000000-0x000000027effffff]?
[    0.212810] NODE_DATA(0) allocated [mem 0x27effa800-0x27effdfff]?
[    0.218976] Zone ranges:?
[    0.221546]   DMA      [mem 0x0000000000001000-0x0000000000ffffff]?
[    0.227836]   DMA32    [mem 0x0000000001000000-0x00000000ffffffff]?
[    0.234124]   Normal   [mem 0x0000000100000000-0x000000027effffff]?
[    0.240411] Movable zone start for each node?
[    0.244749] Early memory node ranges?
[    0.248381]   node   0: [mem 0x0000000000001000-0x0000000000007fff]?
[    0.254758]   node   0: [mem 0x0000000000080000-0x0000000000099fff]?
[    0.261131]   node   0: [mem 0x0000000000100000-0x00000000003fffff]?
[    0.267507]   node   0: [mem 0x0000000000480000-0x000000000067ffff]?
[    0.273881]   node   0: [mem 0x0000000000700000-0x000000007efe7fff]?
[    0.280255]   node   0: [mem 0x000000007f000000-0x000000007fffffff]?
[    0.286629]   node   0: [mem 0x0000000140000000-0x000000027effffff]?
[    0.293008] Initmem setup node 0 [mem 0x0000000000001000-0x000000027effffff]?
[    0.300185] On node 0, zone DMA: 1 pages in unavailable ranges?
[    0.306124] On node 0, zone DMA: 120 pages in unavailable ranges?
[    0.312255] On node 0, zone DMA: 102 pages in unavailable ranges?
[    0.318382] On node 0, zone DMA: 128 pages in unavailable ranges?
[    0.324546] On node 0, zone DMA: 128 pages in unavailable ranges?
[    0.340952] On node 0, zone DMA32: 24 pages in unavailable ranges?
[    0.373323] On node 0, zone Normal: 4096 pages in unavailable ranges?
[    0.380700] ACPI: No IOAPIC entries present?
[    0.384952] ACPI: Using ACPI for processor (LAPIC) configuration information?
[    0.392135] CPU topo: Max. logical packages:   1?
[    0.396829] CPU topo: Max. logical dies:       1?
[    0.401520] CPU topo: Max. dies per package:   1?
[    0.406224] CPU topo: Max. threads per core:   1?
[    0.410918] CPU topo: Num. cores per package:     8?
[    0.415876] CPU topo: Num. threads per package:   8?
[    0.420833] CPU topo: Allowing 8 present CPUs plus 0 hotplug CPUs?
[    0.427059] [mem 0xfc000000-0xffffffff] available for PCI devices?
[    0.433261] clocksource: refined-jiffies: mask: 0xffffffff max_cycles: 0xffffffff, max_idle_ns: 1910969940391419 ns?
[    0.443896] setup_percpu: NR_CPUS:8 nr_cpumask_bits:8 nr_cpu_ids:8 nr_node_ids:1?
[    0.452095] percpu: Embedded 42 pages/cpu s131544 r8192 d32296 u262144?
[    0.458756] pcpu-alloc: s131544 r8192 d32296 u262144 alloc=1*2097152?
[    0.465224] pcpu-alloc: [0] 0 1 2 3 4 5 6 7 ?
[    0.469607] Kernel command line: earlycon=uart8250,mmio32,0xC890E000,115200n8 console=tty0 keep_bootcon 8250.nr_uarts=0 iommu=pt intremap=off panic=10 loglevel=8 ignore_loglevel printk.devkmsg=on drm.edid_firmware=edid/1920x1080.bin video=HDMI-A-1:1920x1080@60D pci=nocrs libata.force=1.00:disable root=LABEL=psxitarch rootwait rw systemd.unit=multi-user.target systemd.log_level=info?
[    0.504334] printk: log buffer data + meta data: 262144 + 917504 = 1179648 bytes?
[    0.513653] Dentry cache hash table entries: 1048576 (order: 11, 8388608 bytes, linear)?
[    0.522714] Inode-cache hash table entries: 524288 (order: 10, 4194304 bytes, linear)?
[    0.530788] software IO TLB: area num 8.?
[    0.563748] Fallback order for Node 0: 0 ?
[    0.563767] Built 1 zonelists, mobility grouping on.  Total pages: 1830409?
[    0.574839] Policy zone: Normal?
[    0.578031] mem auto-init: stack:off, heap alloc:off, heap free:off?
[    0.622104] SLUB: HWalign=64, Order=0-3, MinObjects=0, CPUs=8, Nodes=1?
[    0.629879] Dynamic Preempt: voluntary?
[    0.633783] rcu: Preemptible hierarchical RCU implementation.?
[    0.639628] rcu: RCU calculated value of scheduler-enlistment delay is 100 jiffies.?
[    0.647445] NR_IRQS: 4352, nr_irqs: 128, preallocated irqs: 0?
[    0.653354] rcu: srcu_init: Setting srcu_struct sizes based on contention.?
[    0.660407] call_irq_handler: 0.49 No irq handler for vector?
[    0.666195] Console: colour dummy device 80x25?
[    0.670717] printk: legacy console [tty0] enabled?
[    0.675545] ACPI: Core revision 20240827?
[    0.679603] ACPI: setting ELCR to 0200 (from ffff)?
[    0.684495] Failed to register legacy timer interrupt?
[    0.689634] APIC: Switch to symmetric I/O mode setup?
[    0.694692] clocksource: tsc-early: mask: 0xffffffffffffffff max_cycles: 0x16f9fb5d07e, max_idle_ns: 440795252149 ns?
[    0.705423] Calibrating delay loop (skipped), value calculated using timer frequency.. 3187.98 BogoMIPS (lpj=1593994)?
[    0.706414] Last level iTLB entries: 4KB 512, 2MB 8, 4MB 4?
[    0.706414] Last level dTLB entries: 4KB 512, 2MB 256, 4MB 128, 1GB 0?
[    0.706414] Spectre V1 : Mitigation: usercopy/swapgs barriers and __user pointer sanitization?
[    0.706414] Spectre V2 : Mitigation: Retpolines?
[    0.706414] Spectre V2 : Spectre v2 / SpectreRSB: Filling RSB on context switch and VMEXIT?
[    0.706414] RETBleed: Mitigation: untrained return thunk?
[    0.706414] Speculative Store Bypass: Mitigation: Speculative Store Bypass disabled via prctl?
[    0.706414] x86/fpu: Supporting XSAVE feature 0x001: 'x87 floating point registers'?
[    0.706414] x86/fpu: Supporting XSAVE feature 0x002: 'SSE registers'?
[    0.706414] x86/fpu: Supporting XSAVE feature 0x004: 'AVX registers'?
[    0.706414] x86/fpu: xstate_offset[2]:  576, xstate_sizes[2]:  256?
[    0.706414] x86/fpu: Enabled xstate features 0x7, context size is 832 bytes, using 'standard' format.?
[    0.706414] Freeing SMP alternatives memory: 52K?
[    0.706414] pid_max: default: 32768 minimum: 301?
[    0.706414] Mount-cache hash table entries: 16384 (order: 5, 131072 bytes, linear)?
[    0.706414] Mountpoint-cache hash table entries: 16384 (order: 5, 131072 bytes, linear)?
[    0.706414] smpboot: CPU0: AMD DG1401SNF87ID (family: 0x16, model: 0x1a, stepping: 0x0)?
[    0.707030] Performance Events: AMD PMU driver.?
[    0.707419] ... version:                0?
[    0.708417] ... bit width:              48?
[    0.709417] ... generic registers:      4?
[    0.710417] ... value mask:             0000ffffffffffff?
[    0.711417] ... max period:             00007fffffffffff?
[    0.712417] ... fixed-purpose events:   0?
[    0.713417] ... event mask:             000000000000000f?
[    0.714637] signal: max sigframe size: 1776?
[    0.715508] rcu: Hierarchical SRCU implementation.?
[    0.716418] rcu: 	Max phase no-delay instances is 400.?
[    0.717578] Timer migration: 1 hierarchy levels; 8 children per group; 1 crossnode level?
[    0.721776] smp: Bringing up secondary CPUs ...?
[    0.723699] smpboot: x86: Booting SMP configuration:?
[    0.724422] .... node  #0, CPUs:      #1 #2 #3 #4 #5 #6 #7?
[    0.734523] smp: Brought up 1 node, 8 CPUs?
[    0.736419] smpboot: Total of 8 processors activated (25503.90 BogoMIPS)?
[    0.738640] Memory: 7077540K/7321636K available (23460K kernel code, 2053K rwdata, 8780K rodata, 1624K init, 2232K bss, 239848K reserved, 0K cma-reserved)?
[    0.740833] devtmpfs: initialized?
[    0.742467] clocksource: jiffies: mask: 0xffffffff max_cycles: 0xffffffff, max_idle_ns: 1911260446275000 ns?
[    0.744418] posixtimers hash table entries: 4096 (order: 4, 65536 bytes, linear)?
[    0.745440] futex hash table entries: 2048 (order: 5, 131072 bytes, linear)?
[    0.746516] prandom: seed boundary self test passed?
[    0.749372] prandom: 100 self tests passed?
[    0.749631] NET: Registered PF_NETLINK/PF_ROUTE protocol family?
[    0.750555] audit: initializing netlink subsys (disabled)?
[    0.751468] audit: type=2000 audit(0.046:1): state=initialized audit_enabled=0 res=1?
[    0.751577] i2c-core: driver [dummy] registered?
[    0.753421] thermal_sys: Registered thermal governor 'step_wise'?
[    0.753444] cpuidle: using governor ladder?
[    0.755426] cpuidle: using governor menu?
[    0.756575] ps4: ps4: pre-allocated IRQ 9 desc for ACPI SCI (virq=9)?
[    0.758692] PCI: ECAM [mem 0xf8000000-0xfbffffff] (base 0xf8000000) for domain 0000 [bus 00-3f]?
[    0.759439] PCI: Using configuration type 1 for base access?
[    0.761557] HugeTLB: allocation took 0ms with hugepage_allocation_threads=2?
[    0.762473] HugeTLB: registered 2.00 MiB page size, pre-allocated 0 pages?
[    0.763418] HugeTLB: 28 KiB vmemmap can be freed for a 2.00 MiB page?
[    0.764795] cryptd: max_cpu_qlen set to 1000?
[    0.782418] raid6: sse2x4   gen()  4050 MB/s?
[    0.800420] raid6: sse2x2   gen()  3963 MB/s?
[    0.818417] raid6: sse2x1   gen()  3191 MB/s?
[    0.819418] raid6: using algorithm sse2x4 gen() 4050 MB/s?
[    0.837420] raid6: .... xor() 2017 MB/s, rmw enabled?
[    0.838418] raid6: using ssse3x2 recovery algorithm?
[    0.839524] ACPI: Added _OSI(Module Device)?
[    0.840419] ACPI: Added _OSI(Processor Device)?
[    0.841418] ACPI: Added _OSI(Processor Aggregator Device)?
[    0.844647] ACPI: 2 ACPI AML tables successfully acquired and loaded?
[    0.852641] ACPI: Interpreter enabled?
[    0.853429] ACPI: PM: (supports S0 S5)?
[    0.854418] ACPI: Using PIC for interrupt routing?
[    0.855451] PCI: Ignoring host bridge windows from ACPI; if necessary, use "pci=use_crs" and report a bug?
[    0.856418] PCI: Using E820 reservations for host bridge windows?
[    0.859017] acpi PNP0A03:00: [Firmware Bug]: no secondary bus range in _CRS?
[    0.859433] ACPI: PCI Root Bridge [PCI0] (domain 0000 [bus 00-ff])?
[    0.860425] acpi PNP0A03:00: _OSC: OS supports [ExtendedConfig ASPM ClockPM Segments MSI HPX-Type3]?
[    0.861435] acpi PNP0A03:00: [Firmware Info]: ECAM [mem 0xf8000000-0xfbffffff] for domain 0000 [bus 00-3f] only partially covers this bridge?
[    0.862441] acpi PNP0A03:00: host bridge window [io  0x0cf8-0x0cff] (ignored)?
[    0.863418] PCI: root bus 00: using default resources?
[    0.864471] PCI host bridge to bus 0000:00?
[    0.865429] pci_bus 0000:00: root bus resource [io  0x0000-0xffff]?
[    0.866419] pci_bus 0000:00: root bus resource [mem 0x00000000-0xffffffffff]?
[    0.867419] pci_bus 0000:00: root bus resource [bus 00-ff]?
[    0.868437] pci 0000:00:00.0: [1022:1436] type 00 class 0x060000 conventional PCI endpoint?
[    0.869539] pci 0000:00:00.2: [1022:1437] type 00 class 0x080600 conventional PCI endpoint?
[    0.871454] pci 0000:00:01.0: [1002:9923] type 00 class 0x030000 PCIe Root Complex Integrated Endpoint?
[    0.872439] pci 0000:00:01.0: BAR 0 [mem 0xe0000000-0xe3ffffff 64bit pref]?
[    0.873420] pci 0000:00:01.0: BAR 2 [mem 0xe4000000-0xe47fffff 64bit pref]?
[    0.874419] pci 0000:00:01.0: BAR 4 [io  0x6000-0x60ff]?
[    0.875419] pci 0000:00:01.0: BAR 5 [mem 0xe4800000-0xe483ffff]?
[    0.876419] pci 0000:00:01.0: ROM [mem 0x00000000-0x0001ffff pref]?
[    0.877423] pci 0000:00:01.0: enabling Extended Tags?
[    0.878434] pci 0000:00:01.0: Video device with shadowed ROM at [mem 0x000c0000-0x000dffff]?
[    0.879438] pci 0000:00:01.0: supports D1 D2?
[    0.880418] pci 0000:00:01.0: PME# supported from D1 D2 D3hot?
[    0.881510] pci 0000:00:01.1: [1002:9921] type 00 class 0x040300 PCIe Root Complex Integrated Endpoint?
[    0.882439] pci 0000:00:01.1: BAR 0 [mem 0xe4840000-0xe4843fff 64bit]?
[    0.883425] pci 0000:00:01.1: enabling Extended Tags?
[    0.884447] pci 0000:00:01.1: supports D1 D2?
[    0.885512] pci 0000:00:02.0: [1022:1438] type 00 class 0x060000 conventional PCI endpoint?
[    0.886547] pci 0000:00:14.0: [104d:90d7] type 00 class 0x088000 PCIe Endpoint?
[    0.887459] pci 0000:00:14.0: BAR 0 [mem 0xfdf8000000-0xfdf9ffffff 64bit]?
[    0.888420] pci 0000:00:14.0: BAR 2 [io  0x1000-0x13ff]?
[    0.889603] pci 0000:00:14.1: [104d:90d8] type 00 class 0x088001 PCIe Endpoint?
[    0.890459] pci 0000:00:14.1: BAR 0 [mem 0xc2000000-0xc2000fff 64bit]?
[    0.891600] pci 0000:00:14.2: [104d:90d9] type 00 class 0x088002 PCIe Endpoint?
[    0.892459] pci 0000:00:14.2: BAR 0 [mem 0xc4000000-0xc4007fff 64bit]?
[    0.893601] pci 0000:00:14.3: [104d:90da] type 00 class 0x088003 PCIe Endpoint?
[    0.894458] pci 0000:00:14.3: BAR 0 [mem 0xc6000000-0xc6000fff 64bit]?
[    0.895599] pci 0000:00:14.4: [104d:90db] type 00 class 0x088004 PCIe Endpoint?
[    0.896458] pci 0000:00:14.4: BAR 0 [mem 0xc8000000-0xc8001fff 64bit]?
[    0.897421] pci 0000:00:14.4: BAR 2 [mem 0xc8800000-0xc89fffff 64bit]?
[    0.898421] pci 0000:00:14.4: BAR 4 [mem 0xc9000000-0xc91fffff 64bit]?
[    0.899595] pci 0000:00:14.5: [104d:90dc] type 00 class 0x088005 PCIe Endpoint?
[    0.900458] pci 0000:00:14.5: BAR 0 [mem 0xca000000-0xca000fff 64bit]?
[    0.901421] pci 0000:00:14.5: BAR 2 [mem 0xca800000-0xca800fff 64bit]?
[    0.902597] pci 0000:00:14.6: [104d:90dd] type 00 class 0x088006 PCIe Endpoint?
[    0.903458] pci 0000:00:14.6: BAR 0 [mem 0xcc000000-0xcc000fff 64bit]?
[    0.904421] pci 0000:00:14.6: BAR 2 [mem 0x80000000-0xbfffffff 64bit]?
[    0.905420] pci 0000:00:14.6: BAR 4 [mem 0xcd000000-0xcd0fffff]?
[    0.906420] pci 0000:00:14.6: BAR 5 [mem 0xcd400000-0xcd43ffff]?
[    0.907595] pci 0000:00:14.7: [104d:90de] type 00 class 0x088007 PCIe Endpoint?
[    0.908458] pci 0000:00:14.7: BAR 0 [mem 0xce000000-0xce3fffff 64bit]?
[    0.909422] pci 0000:00:14.7: BAR 2 [mem 0xce800000-0xce80ffff 64bit]?
[    0.910420] pci 0000:00:14.7: BAR 4 [mem 0xcf000000-0xcf7fffff 64bit]?
[    0.911588] pci 0000:00:18.0: [1022:142e] type 00 class 0x060000 conventional PCI endpoint?
[    0.912518] pci 0000:00:18.1: [1022:142f] type 00 class 0x060000 conventional PCI endpoint?
[    0.913517] pci 0000:00:18.2: [1022:1430] type 00 class 0x060000 conventional PCI endpoint?
[    0.914521] pci 0000:00:18.3: [1022:1431] type 00 class 0x060000 conventional PCI endpoint?
[    0.915521] pci 0000:00:18.4: [1022:1432] type 00 class 0x060000 conventional PCI endpoint?
[    0.916514] pci 0000:00:18.5: [1022:1433] type 00 class 0x060000 conventional PCI endpoint?
[    0.917514] pci 0000:00:18.6: [1022:1434] type 00 class 0x060000 conventional PCI endpoint?
[    0.918608] iommu: Default domain type: Passthrough (set via kernel command line)?
[    0.919602] SCSI subsystem initialized?
[    0.920443] libata version 3.00 loaded.?
[    0.921470] ACPI: bus type USB registered?
[    0.922470] usbcore: registered new interface driver usbfs?
[    0.923440] usbcore: registered new interface driver hub?
[    0.924438] usbcore: registered new device driver usb?
[    0.925449] cec: Failed to create debugfs cec dir?
[    0.926550] Advanced Linux Sound Architecture Driver Initialized.?
[    0.928458] Bluetooth: Core ver 2.22?
[    0.929427] NET: Registered PF_BLUETOOTH protocol family?
[    0.930418] Bluetooth: HCI device and connection manager initialized?
[    0.931421] Bluetooth: HCI socket layer initialized?
[    0.932421] Bluetooth: L2CAP socket layer initialized?
[    0.933422] Bluetooth: SCO socket layer initialized?
[    0.934502] PCI: Using ACPI for IRQ routing?
[    0.937551] PCI: pci_cache_line_size set to 64 bytes?
[    0.938460] e820: reserve RAM buffer [mem 0x00008000-0x0000ffff]?
[    0.939419] e820: reserve RAM buffer [mem 0x0009a000-0x0009ffff]?
[    0.940418] e820: reserve RAM buffer [mem 0x00680000-0x006fffff]?
[    0.941418] e820: reserve RAM buffer [mem 0x7efe8000-0x7fffffff]?
[    0.942418] e820: reserve RAM buffer [mem 0x27f000000-0x27fffffff]?
[    0.943446] pci 0000:00:01.0: vgaarb: setting as boot VGA device?
[    0.944414] pci 0000:00:01.0: vgaarb: bridge control possible?
[    0.944414] pci 0000:00:01.0: vgaarb: VGA device added: decodes=io+mem,owns=io+mem,locks=none?
[    0.944427] vgaarb: loaded?
[    0.945663] clocksource: Switched to clocksource tsc-early?
[    0.951250] pnp: PnP ACPI init?
[    0.954407] pnp: PnP ACPI: found 0 devices?
[    0.963515] NET: Registered PF_INET protocol family?
[    0.968803] IP idents hash table entries: 131072 (order: 8, 1048576 bytes, linear)?
[    0.980689] tcp_listen_portaddr_hash hash table entries: 4096 (order: 4, 65536 bytes, linear)?
[    0.989411] Table-perturb hash table entries: 65536 (order: 6, 262144 bytes, linear)?
[    0.997346] TCP established hash table entries: 65536 (order: 7, 524288 bytes, linear)?
[    1.005666] TCP bind hash table entries: 65536 (order: 9, 2097152 bytes, linear)?
[    1.013848] TCP: Hash tables configured (established 65536 bind 65536)?
[    1.020626] UDP hash table entries: 4096 (order: 6, 262144 bytes, linear)?
[    1.027646] UDP-Lite hash table entries: 4096 (order: 6, 262144 bytes, linear)?
[    1.035191] NET: Registered PF_UNIX/PF_LOCAL protocol family?
[    1.041304] RPC: Registered named UNIX socket transport module.?
[    1.047342] RPC: Registered udp transport module.?
[    1.052136] RPC: Registered tcp transport module.?
[    1.056928] RPC: Registered tcp-with-tls transport module.?
[    1.062518] RPC: Registered tcp NFSv4.1 backchannel transport module.?
[    1.069533] pci_bus 0000:00: resource 4 [io  0x0000-0xffff]?
[    1.075228] pci_bus 0000:00: resource 5 [mem 0x00000000-0xffffffffff]?
[    1.081888] pci 0000:00:01.1: D0 power state depends on 0000:00:01.0?
[    1.088376] pci 0000:00:02.0: CLS mismatch (64 != 512), using 64 bytes?
[    1.095144] AMD-Vi: Using global IVHD EFR:0x0, EFR2:0x0?
[    1.095388] Trying to unpack rootfs image as initramfs...?
[    1.100706] pci 0000:00:00.0: Adding to iommu group 0?
[    1.111237] pci 0000:00:14.0: Adding to iommu group 1?
[    1.116419] pci 0000:00:14.1: Adding to iommu group 1?
[    1.121609] pci 0000:00:14.2: Adding to iommu group 1?
[    1.126799] pci 0000:00:14.3: Adding to iommu group 1?
[    1.131983] pci 0000:00:14.4: Adding to iommu group 1?
[    1.137164] pci 0000:00:14.5: Adding to iommu group 1?
[    1.142353] pci 0000:00:14.6: Adding to iommu group 1?
[    1.147537] pci 0000:00:14.7: Adding to iommu group 1?
[    1.152769] AMD-Vi: Extended features (0x840, 0x0): IA?
[    1.158292] PCI-DMA: Using software bounce buffering for IO (SWIOTLB)?
[    1.164869] software IO TLB: mapped [mem 0x000000007afe8000-0x000000007efe8000] (64MB)?
[    1.173086] LVT offset 0 assigned for vector 0x400?
[    1.178894] perf: AMD IBS detected (0x000000ff)?
[    1.183572] kvm_amd: TSC scaling supported?
[    1.187750] kvm_amd: Nested Virtualization enabled?
[    1.192634] kvm_amd: Nested Paging enabled?
[    1.196813] kvm_amd: LBR virtualization supported?
[    1.223508] Freeing initrd memory: 4080K?
[    1.235381] platform rtc_cmos: registered platform RTC device (no PNP device found)?
[    1.246226] Initialise system trusted keyrings?
[    1.250884] workingset: timestamp_bits=40 max_order=21 bucket_order=0?
[    1.257859] ntfs3: Warning: Activated 64 bits per cluster. Windows does not support this?
[    1.266206] fuse: init (API version 7.43)?
[    1.306284] NET: Registered PF_ALG protocol family?
[    1.311173] xor: automatically using best checksumming function   avx       ?
[    1.318360] Key type asymmetric registered?
[    1.322536] Asymmetric key parser 'x509' registered?
[    1.327544] Block layer SCSI generic (bsg) driver version 0.4 loaded (major 252)?
[    1.335086] io scheduler mq-deadline registered?
[    1.339702] io scheduler kyber registered?
[    1.345901] Could not retrieve perf counters (-19)?
[    1.382376] Non-volatile memory driver v1.3?
[    1.386664] Linux agpgart interface v0.103?
[    1.391296] ACPI: bus type drm_connector registered?
[    1.396292] [drm] amdgpu kernel modesetting enabled.?
[    1.402855] brd: module loaded?
[    1.408466] loop: module loaded?
[    1.411692] i2c-core: driver [at24] registered?
[    1.416414] baikal_pcie 0000:00:14.4: bpcie_probe()?
[    1.421427] baikal_pcie 0000:00:14.4: bpcie glue probe?
[    1.426675] baikal_pcie 0000:00:14.4: Baikal chip revision: 4c0c2021:8d76a398:0000b100?
[    1.434749] pci 0000:00:14.0: bpcie_create_irq_domain?
[    1.439899] baikal_pcie 0000:00:14.4: devid = 164?
[    1.444696] baikal_pcie 0000:00:14.4: no parent ?
[    1.449407] bpcie_create_irq_domain: marked Baikal-MSI-164-3-14 as MSI parent (flags=0x113 bus_token=AMDVI)?
[    1.459337] pci 0000:00:14.1: bpcie_create_irq_domain?
[    1.464491] baikal_pcie 0000:00:14.4: devid = 164?
[    1.469287] baikal_pcie 0000:00:14.4: no parent ?
[    1.473995] bpcie_create_irq_domain: marked Baikal-MSI-164-3-14 as MSI parent (flags=0x113 bus_token=AMDVI)?
[    1.483923] pci 0000:00:14.2: bpcie_create_irq_domain?
[    1.489076] baikal_pcie 0000:00:14.4: devid = 164?
[    1.493872] baikal_pcie 0000:00:14.4: no parent ?
[    1.498580] bpcie_create_irq_domain: marked Baikal-MSI-164-3-14 as MSI parent (flags=0x113 bus_token=AMDVI)?
[    1.508508] pci 0000:00:14.3: bpcie_create_irq_domain?
[    1.513658] baikal_pcie 0000:00:14.4: devid = 164?
[    1.518452] baikal_pcie 0000:00:14.4: no parent ?
[    1.523160] bpcie_create_irq_domain: marked Baikal-MSI-164-3-14 as MSI parent (flags=0x113 bus_token=AMDVI)?
[    1.533088] baikal_pcie 0000:00:14.4: bpcie_create_irq_domain?
[    1.538944] baikal_pcie 0000:00:14.4: devid = 164?
[    1.543739] baikal_pcie 0000:00:14.4: no parent ?
[    1.548447] bpcie_create_irq_domain: marked Baikal-MSI-164-3-14 as MSI parent (flags=0x113 bus_token=AMDVI)?
[    1.558377] pci 0000:00:14.5: bpcie_create_irq_domain?
[    1.563526] baikal_pcie 0000:00:14.4: devid = 164?
[    1.568322] baikal_pcie 0000:00:14.4: no parent ?
[    1.573032] bpcie_create_irq_domain: marked Baikal-MSI-164-3-14 as MSI parent (flags=0x113 bus_token=AMDVI)?
[    1.582959] pci 0000:00:14.6: bpcie_create_irq_domain?
[    1.588108] baikal_pcie 0000:00:14.4: devid = 164?
[    1.592902] baikal_pcie 0000:00:14.4: no parent ?
[    1.597611] bpcie_create_irq_domain: marked Baikal-MSI-164-3-14 as MSI parent (flags=0x113 bus_token=AMDVI)?
[    1.607546] pci 0000:00:14.7: bpcie_create_irq_domain?
[    1.612696] baikal_pcie 0000:00:14.4: devid = 164?
[    1.617489] baikal_pcie 0000:00:14.4: no parent ?
[    1.622196] bpcie_create_irq_domain: marked Baikal-MSI-164-3-14 as MSI parent (flags=0x113 bus_token=AMDVI)?
[    1.632134] bpcie_init_dev_msi_info: dev=0000:00:14.4 installed bpcie demuxer (sc=(____ptrval____))?
[    1.641913] bpcie_msi_init: virq=10 hwirq=0x0 domain=(____ptrval____) info=(____ptrval____) sc=(____ptrval____)?
[    1.652205] bpcie_msi_init: registered virq=10 irq_map[0]?
[    1.657710] bpcie_msi_init: virq=11 hwirq=0x1 domain=(____ptrval____) info=(____ptrval____) sc=(____ptrval____)?
[    1.667995] bpcie_msi_init: registered virq=11 irq_map[1]?
[    1.673496] bpcie_msi_init: virq=12 hwirq=0x2 domain=(____ptrval____) info=(____ptrval____) sc=(____ptrval____)?
[    1.683779] bpcie_msi_init: registered virq=12 irq_map[2]?
[    1.689279] bpcie_msi_init: virq=13 hwirq=0x3 domain=(____ptrval____) info=(____ptrval____) sc=(____ptrval____)?
[    1.699562] bpcie_msi_init: registered virq=13 irq_map[3]?
[    1.705065] bpcie_msi_init: virq=14 hwirq=0x4 domain=(____ptrval____) info=(____ptrval____) sc=(____ptrval____)?
[    1.715348] bpcie_msi_init: registered virq=14 irq_map[4]?
[    1.720849] bpcie_msi_init: virq=15 hwirq=0x5 domain=(____ptrval____) info=(____ptrval____) sc=(____ptrval____)?
[    1.731134] bpcie_msi_init: registered virq=15 irq_map[5]?
[    1.736636] bpcie_msi_init: virq=16 hwirq=0x6 domain=(____ptrval____) info=(____ptrval____) sc=(____ptrval____)?
[    1.746918] bpcie_msi_init: registered virq=16 irq_map[6]?
[    1.752419] bpcie_msi_init: virq=17 hwirq=0x7 domain=(____ptrval____) info=(____ptrval____) sc=(____ptrval____)?
[    1.762702] bpcie_msi_init: registered virq=17 irq_map[7]?
[    1.768202] bpcie_msi_init: virq=18 hwirq=0x8 domain=(____ptrval____) info=(____ptrval____) sc=(____ptrval____)?
[    1.778484] bpcie_msi_init: registered virq=18 irq_map[8]?
[    1.783986] bpcie_msi_init: virq=19 hwirq=0x9 domain=(____ptrval____) info=(____ptrval____) sc=(____ptrval____)?
[    1.794267] bpcie_msi_init: registered virq=19 irq_map[9]?
[    1.799769] bpcie_msi_init: virq=20 hwirq=0xa domain=(____ptrval____) info=(____ptrval____) sc=(____ptrval____)?
[    1.810050] bpcie_msi_init: registered virq=20 irq_map[10]?
[    1.815640] bpcie_msi_init: virq=21 hwirq=0xb domain=(____ptrval____) info=(____ptrval____) sc=(____ptrval____)?
[    1.825925] bpcie_msi_init: registered virq=21 irq_map[11]?
[    1.831515] bpcie_msi_init: virq=22 hwirq=0xc domain=(____ptrval____) info=(____ptrval____) sc=(____ptrval____)?
[    1.841795] bpcie_msi_init: registered virq=22 irq_map[12]?
[    1.847390] bpcie_msi_init: virq=23 hwirq=0xd domain=(____ptrval____) info=(____ptrval____) sc=(____ptrval____)?
[    1.857672] bpcie_msi_init: registered virq=23 irq_map[13]?
[    1.863261] bpcie_msi_init: virq=24 hwirq=0xe domain=(____ptrval____) info=(____ptrval____) sc=(____ptrval____)?
[    1.873546] bpcie_msi_init: registered virq=24 irq_map[14]?
[    1.879134] bpcie_msi_init: virq=25 hwirq=0xf domain=(____ptrval____) info=(____ptrval____) sc=(____ptrval____)?
[    1.889417] bpcie_msi_init: registered virq=25 irq_map[15]?
[    1.895006] bpcie_msi_init: virq=26 hwirq=0x10 domain=(____ptrval____) info=(____ptrval____) sc=(____ptrval____)?
[    1.905384] bpcie_msi_init: registered virq=26 irq_map[16]?
[    1.910973] bpcie_msi_init: virq=27 hwirq=0x11 domain=(____ptrval____) info=(____ptrval____) sc=(____ptrval____)?
[    1.921346] bpcie_msi_init: registered virq=27 irq_map[17]?
[    1.926936] bpcie_msi_init: virq=28 hwirq=0x12 domain=(____ptrval____) info=(____ptrval____) sc=(____ptrval____)?
[    1.937308] bpcie_msi_init: registered virq=28 irq_map[18]?
[    1.942896] bpcie_msi_init: virq=29 hwirq=0x13 domain=(____ptrval____) info=(____ptrval____) sc=(____ptrval____)?
[    1.953267] bpcie_msi_init: registered virq=29 irq_map[19]?
[    1.958858] bpcie_msi_init: virq=30 hwirq=0x14 domain=(____ptrval____) info=(____ptrval____) sc=(____ptrval____)?
[    1.969232] bpcie_msi_init: registered virq=30 irq_map[20]?
[    1.974823] bpcie_msi_init: virq=31 hwirq=0x15 domain=(____ptrval____) info=(____ptrval____) sc=(____ptrval____)?
[    1.985194] bpcie_msi_init: registered virq=31 irq_map[21]?
[    1.990783] bpcie_msi_init: virq=32 hwirq=0x16 domain=(____ptrval____) info=(____ptrval____) sc=(____ptrval____)?
[    2.001154] bpcie_msi_init: registered virq=32 irq_map[22]?
[    2.006744] bpcie_msi_init: virq=33 hwirq=0x17 domain=(____ptrval____) info=(____ptrval____) sc=(____ptrval____)?
[    2.017113] bpcie_msi_init: registered virq=33 irq_map[23]?
[    2.022702] bpcie_msi_init: virq=34 hwirq=0x18 domain=(____ptrval____) info=(____ptrval____) sc=(____ptrval____)?
[    2.033072] bpcie_msi_init: registered virq=34 irq_map[24]?
[    2.038664] bpcie_msi_init: virq=35 hwirq=0x19 domain=(____ptrval____) info=(____ptrval____) sc=(____ptrval____)?
[    2.049038] bpcie_msi_init: registered virq=35 irq_map[25]?
[    2.054626] bpcie_msi_init: virq=36 hwirq=0x1a domain=(____ptrval____) info=(____ptrval____) sc=(____ptrval____)?
[    2.064998] bpcie_msi_init: registered virq=36 irq_map[26]?
[    2.070586] bpcie_msi_init: virq=37 hwirq=0x1b domain=(____ptrval____) info=(____ptrval____) sc=(____ptrval____)?
[    2.080959] bpcie_msi_init: registered virq=37 irq_map[27]?
[    2.086549] bpcie_msi_init: virq=38 hwirq=0x1c domain=(____ptrval____) info=(____ptrval____) sc=(____ptrval____)?
[    2.096919] bpcie_msi_init: registered virq=38 irq_map[28]?
[    2.102509] bpcie_msi_init: virq=39 hwirq=0x1d domain=(____ptrval____) info=(____ptrval____) sc=(____ptrval____)?
[    2.112880] bpcie_msi_init: registered virq=39 irq_map[29]?
[    2.118469] bpcie_msi_init: virq=40 hwirq=0x1e domain=(____ptrval____) info=(____ptrval____) sc=(____ptrval____)?
[    2.128841] bpcie_msi_init: registered virq=40 irq_map[30]?
[    2.134429] bpcie_msi_init: virq=41 hwirq=0x1f domain=(____ptrval____) info=(____ptrval____) sc=(____ptrval____)?
[    2.144798] bpcie_msi_init: registered virq=41 irq_map[31]?
[    2.150424] baikal_pcie 0000:00:14.4: bpcie_msi_write_msg(fee00000, 000000ef) mask=0x0 irq=10 hwirq=0x0 (____ptrval____)?
[    2.161513] baikal_pcie 0000:00:14.4: bpcie_config_msi: func=4 subfunc=0 addr=fee00000 data=000000ef?
[    2.170840] baikal_pcie 0000:00:14.4: bpcie_msi_write_msg(fee00000, 000000ef) mask=0x0 irq=11 hwirq=0x1 (____ptrval____)?
[    2.181921] baikal_pcie 0000:00:14.4: bpcie_config_msi: func=4 subfunc=1 addr=fee00000 data=000000ef?
[    2.191239] baikal_pcie 0000:00:14.4: bpcie_msi_write_msg(fee00000, 000000ef) mask=0x0 irq=12 hwirq=0x2 (____ptrval____)?
[    2.202322] baikal_pcie 0000:00:14.4: bpcie_config_msi: func=4 subfunc=2 addr=fee00000 data=000000ef?
[    2.211640] baikal_pcie 0000:00:14.4: bpcie_msi_write_msg(fee00000, 000000ef) mask=0x0 irq=13 hwirq=0x3 (____ptrval____)?
[    2.222721] baikal_pcie 0000:00:14.4: bpcie_config_msi: func=4 subfunc=3 addr=fee00000 data=000000ef?
[    2.232038] baikal_pcie 0000:00:14.4: bpcie_msi_write_msg(fee00000, 000000ef) mask=0x0 irq=14 hwirq=0x4 (____ptrval____)?
[    2.243120] baikal_pcie 0000:00:14.4: bpcie_config_msi: func=4 subfunc=4 addr=fee00000 data=000000ef?
[    2.252440] baikal_pcie 0000:00:14.4: bpcie_msi_write_msg(fee00000, 000000ef) mask=0x0 irq=15 hwirq=0x5 (____ptrval____)?
[    2.263520] baikal_pcie 0000:00:14.4: bpcie_config_msi: func=4 subfunc=5 addr=fee00000 data=000000ef?
[    2.272838] baikal_pcie 0000:00:14.4: bpcie_msi_write_msg(fee00000, 000000ef) mask=0x0 irq=16 hwirq=0x6 (____ptrval____)?
[    2.283922] baikal_pcie 0000:00:14.4: bpcie_config_msi: func=4 subfunc=6 addr=fee00000 data=000000ef?
[    2.293241] baikal_pcie 0000:00:14.4: bpcie_msi_write_msg(fee00000, 000000ef) mask=0x0 irq=17 hwirq=0x7 (____ptrval____)?
[    2.304322] baikal_pcie 0000:00:14.4: bpcie_config_msi: func=4 subfunc=7 addr=fee00000 data=000000ef?
[    2.313640] baikal_pcie 0000:00:14.4: bpcie_msi_write_msg(fee00000, 000000ef) mask=0x0 irq=18 hwirq=0x8 (____ptrval____)?
[    2.324720] baikal_pcie 0000:00:14.4: bpcie_config_msi: func=4 subfunc=8 addr=fee00000 data=000000ef?
[    2.334038] baikal_pcie 0000:00:14.4: bpcie_msi_write_msg(fee00000, 000000ef) mask=0x0 irq=19 hwirq=0x9 (____ptrval____)?
[    2.345118] baikal_pcie 0000:00:14.4: bpcie_config_msi: func=4 subfunc=9 addr=fee00000 data=000000ef?
[    2.354440] baikal_pcie 0000:00:14.4: bpcie_msi_write_msg(fee00000, 000000ef) mask=0x0 irq=20 hwirq=0xa (____ptrval____)?
[    2.365522] baikal_pcie 0000:00:14.4: bpcie_config_msi: func=4 subfunc=10 addr=fee00000 data=000000ef?
[    2.374929] baikal_pcie 0000:00:14.4: bpcie_msi_write_msg(fee00000, 000000ef) mask=0x0 irq=21 hwirq=0xb (____ptrval____)?
[    2.386014] baikal_pcie 0000:00:14.4: bpcie_config_msi: func=4 subfunc=11 addr=fee00000 data=000000ef?
[    2.395420] baikal_pcie 0000:00:14.4: bpcie_msi_write_msg(fee00000, 000000ef) mask=0x0 irq=22 hwirq=0xc (____ptrval____)?
[    2.406501] baikal_pcie 0000:00:14.4: bpcie_config_msi: func=4 subfunc=12 addr=fee00000 data=000000ef?
[    2.415907] baikal_pcie 0000:00:14.4: bpcie_msi_write_msg(fee00000, 000000ef) mask=0x0 irq=23 hwirq=0xd (____ptrval____)?
[    2.426988] baikal_pcie 0000:00:14.4: bpcie_config_msi: func=4 subfunc=13 addr=fee00000 data=000000ef?
[    2.436395] baikal_pcie 0000:00:14.4: bpcie_msi_write_msg(fee00000, 000000ef) mask=0x0 irq=24 hwirq=0xe (____ptrval____)?
[    2.447476] baikal_pcie 0000:00:14.4: bpcie_config_msi: func=4 subfunc=14 addr=fee00000 data=000000ef?
[    2.456882] baikal_pcie 0000:00:14.4: bpcie_msi_write_msg(fee00000, 000000ef) mask=0x0 irq=25 hwirq=0xf (____ptrval____)?
[    2.467964] baikal_pcie 0000:00:14.4: bpcie_config_msi: func=4 subfunc=15 addr=fee00000 data=000000ef?
[    2.477371] baikal_pcie 0000:00:14.4: bpcie_msi_write_msg(fee00000, 000000ef) mask=0x0 irq=26 hwirq=0x10 (____ptrval____)?
[    2.488539] baikal_pcie 0000:00:14.4: bpcie_config_msi: func=4 subfunc=16 addr=fee00000 data=000000ef?
[    2.497948] baikal_pcie 0000:00:14.4: bpcie_msi_write_msg(fee00000, 000000ef) mask=0x0 irq=27 hwirq=0x11 (____ptrval____)?
[    2.509118] baikal_pcie 0000:00:14.4: bpcie_config_msi: func=4 subfunc=17 addr=fee00000 data=000000ef?
[    2.518524] baikal_pcie 0000:00:14.4: bpcie_msi_write_msg(fee00000, 000000ef) mask=0x0 irq=28 hwirq=0x12 (____ptrval____)?
[    2.529692] baikal_pcie 0000:00:14.4: bpcie_config_msi: func=4 subfunc=18 addr=fee00000 data=000000ef?
[    2.539099] baikal_pcie 0000:00:14.4: bpcie_msi_write_msg(fee00000, 000000ef) mask=0x0 irq=29 hwirq=0x13 (____ptrval____)?
[    2.550270] baikal_pcie 0000:00:14.4: bpcie_config_msi: func=4 subfunc=19 addr=fee00000 data=000000ef?
[    2.559677] baikal_pcie 0000:00:14.4: bpcie_msi_write_msg(fee00000, 000000ef) mask=0x0 irq=30 hwirq=0x14 (____ptrval____)?
[    2.570851] baikal_pcie 0000:00:14.4: bpcie_config_msi: func=4 subfunc=20 addr=fee00000 data=000000ef?
[    2.580257] baikal_pcie 0000:00:14.4: bpcie_msi_write_msg(fee00000, 000000ef) mask=0x0 irq=31 hwirq=0x15 (____ptrval____)?
[    2.591426] baikal_pcie 0000:00:14.4: bpcie_config_msi: func=4 subfunc=21 addr=fee00000 data=000000ef?
[    2.600833] baikal_pcie 0000:00:14.4: bpcie_msi_write_msg(fee00000, 000000ef) mask=0x0 irq=32 hwirq=0x16 (____ptrval____)?
[    2.612004] baikal_pcie 0000:00:14.4: bpcie_config_msi: func=4 subfunc=22 addr=fee00000 data=000000ef?
[    2.621409] baikal_pcie 0000:00:14.4: bpcie_msi_write_msg(fee00000, 000000ef) mask=0x0 irq=33 hwirq=0x17 (____ptrval____)?
[    2.632579] baikal_pcie 0000:00:14.4: bpcie_config_msi: func=4 subfunc=23 addr=fee00000 data=000000ef?
[    2.641986] baikal_pcie 0000:00:14.4: bpcie_msi_write_msg(fee00000, 000000ef) mask=0x0 irq=34 hwirq=0x18 (____ptrval____)?
[    2.653153] baikal_pcie 0000:00:14.4: bpcie_config_msi: func=4 subfunc=24 addr=fee00000 data=000000ef?
[    2.662560] baikal_pcie 0000:00:14.4: bpcie_msi_write_msg(fee00000, 000000ef) mask=0x0 irq=35 hwirq=0x19 (____ptrval____)?
[    2.673730] baikal_pcie 0000:00:14.4: bpcie_config_msi: func=4 subfunc=25 addr=fee00000 data=000000ef?
[    2.683137] baikal_pcie 0000:00:14.4: bpcie_msi_write_msg(fee00000, 000000ef) mask=0x0 irq=36 hwirq=0x1a (____ptrval____)?
[    2.694307] baikal_pcie 0000:00:14.4: bpcie_config_msi: func=4 subfunc=26 addr=fee00000 data=000000ef?
[    2.703712] baikal_pcie 0000:00:14.4: bpcie_msi_write_msg(fee00000, 000000ef) mask=0x0 irq=37 hwirq=0x1b (____ptrval____)?
[    2.714881] baikal_pcie 0000:00:14.4: bpcie_config_msi: func=4 subfunc=27 addr=fee00000 data=000000ef?
[    2.724289] baikal_pcie 0000:00:14.4: bpcie_msi_write_msg(fee00000, 000000ef) mask=0x0 irq=38 hwirq=0x1c (____ptrval____)?
[    2.735458] baikal_pcie 0000:00:14.4: bpcie_config_msi: func=4 subfunc=28 addr=fee00000 data=000000ef?
[    2.744865] baikal_pcie 0000:00:14.4: bpcie_msi_write_msg(fee00000, 000000ef) mask=0x0 irq=39 hwirq=0x1d (____ptrval____)?
[    2.756034] baikal_pcie 0000:00:14.4: bpcie_config_msi: func=4 subfunc=29 addr=fee00000 data=000000ef?
[    2.765440] baikal_pcie 0000:00:14.4: bpcie_msi_write_msg(fee00000, 000000ef) mask=0x0 irq=40 hwirq=0x1e (____ptrval____)?
[    2.776610] baikal_pcie 0000:00:14.4: bpcie_config_msi: func=4 subfunc=30 addr=fee00000 data=000000ef?
[    2.786014] baikal_pcie 0000:00:14.4: bpcie_msi_write_msg(fee00000, 000000ef) mask=0x0 irq=41 hwirq=0x1f (____ptrval____)?
[    2.797183] baikal_pcie 0000:00:14.4: bpcie_config_msi: func=4 subfunc=31 addr=fee00000 data=000000ef?
[    2.806674] baikal_pcie 0000:00:14.4: dev->irq=10?
[    2.811597] baikal_pcie 0000:00:14.4: Failed to register serial port 0?
[    2.818259] baikal_pcie 0000:00:14.4: UART init failed (-5); continuing without serial console?
[    2.827046] bpcie_icc_init: msi_desc msi_index=0 irq=10?
[    2.832373] bpcie_icc_init: ICC subfunc 3 -> bpcie_irqnum=13 found_virq=-1?
[    2.839387] baikal_pcie 0000:00:14.4: bpcie_msi_write_msg(fee01000, 00000020) mask=0x0 irq=13 hwirq=0x3 (____ptrval____)?
[    2.840375] baikal_pcie 0000:00:14.4: bpcie_config_msi: func=4 subfunc=3 addr=fee01000 data=00000020?
[    2.840375] baikal_pcie 0000:00:14.4: bpcie_msi_write_msg(fee01000, 00000020) mask=0x0 irq=13 hwirq=0x3 (____ptrval____)?
[    2.840375] baikal_pcie 0000:00:14.4: bpcie_config_msi: func=4 subfunc=3 addr=fee01000 data=00000020?
[    2.880185] genirq: Flags mismatch irq 0. 00200080 (icc-shotgun) vs. 00000000 (AMD-Vi)?
[    2.888269] baikal_pcie 0000:00:14.4: bpcie_msi_write_msg(fee02000, 00000020) mask=0x0 irq=10 hwirq=0x0 (____ptrval____)?
[    2.889254] baikal_pcie 0000:00:14.4: bpcie_config_msi: func=4 subfunc=0 addr=fee02000 data=00000020?
[    2.889254] baikal_pcie 0000:00:14.4: bpcie_msi_write_msg(fee02000, 00000020) mask=0x0 irq=10 hwirq=0x0 (____ptrval____)?
[    2.889254] baikal_pcie 0000:00:14.4: bpcie_config_msi: func=4 subfunc=0 addr=fee02000 data=00000020?
[    2.929087] baikal_pcie 0000:00:14.4: bpcie_msi_write_msg(fee03000, 00000020) mask=0x0 irq=11 hwirq=0x1 (____ptrval____)?
[    2.930070] baikal_pcie 0000:00:14.4: bpcie_config_msi: func=4 subfunc=1 addr=fee03000 data=00000020?
[    2.930070] baikal_pcie 0000:00:14.4: bpcie_msi_write_msg(fee03000, 00000020) mask=0x0 irq=11 hwirq=0x1 (____ptrval____)?
[    2.930070] baikal_pcie 0000:00:14.4: bpcie_config_msi: func=4 subfunc=1 addr=fee03000 data=00000020?
[    2.969880] baikal_pcie 0000:00:14.4: bpcie_msi_write_msg(fee04000, 00000020) mask=0x0 irq=12 hwirq=0x2 (____ptrval____)?
[    2.970863] baikal_pcie 0000:00:14.4: bpcie_config_msi: func=4 subfunc=2 addr=fee04000 data=00000020?
[    2.970863] baikal_pcie 0000:00:14.4: bpcie_msi_write_msg(fee04000, 00000020) mask=0x0 irq=12 hwirq=0x2 (____ptrval____)?
[    2.970863] baikal_pcie 0000:00:14.4: bpcie_config_msi: func=4 subfunc=2 addr=fee04000 data=00000020?
[    3.010666] baikal_pcie 0000:00:14.4: bpcie_msi_write_msg(fee05000, 00000020) mask=0x0 irq=14 hwirq=0x4 (____ptrval____)?
[    3.011648] baikal_pcie 0000:00:14.4: bpcie_config_msi: func=4 subfunc=4 addr=fee05000 data=00000020?
[    3.011648] baikal_pcie 0000:00:14.4: bpcie_msi_write_msg(fee05000, 00000020) mask=0x0 irq=14 hwirq=0x4 (____ptrval____)?
[    3.011648] baikal_pcie 0000:00:14.4: bpcie_config_msi: func=4 subfunc=4 addr=fee05000 data=00000020?
[    3.051450] baikal_pcie 0000:00:14.4: bpcie_msi_write_msg(fee06000, 00000020) mask=0x0 irq=15 hwirq=0x5 (____ptrval____)?
[    3.052434] baikal_pcie 0000:00:14.4: bpcie_config_msi: func=4 subfunc=5 addr=fee06000 data=00000020?
[    3.052434] baikal_pcie 0000:00:14.4: bpcie_msi_write_msg(fee06000, 00000020) mask=0x0 irq=15 hwirq=0x5 (____ptrval____)?
[    3.052434] baikal_pcie 0000:00:14.4: bpcie_config_msi: func=4 subfunc=5 addr=fee06000 data=00000020?
[    3.092245] baikal_pcie 0000:00:14.4: bpcie_msi_write_msg(fee07000, 00000020) mask=0x0 irq=16 hwirq=0x6 (____ptrval____)?
[    3.093228] baikal_pcie 0000:00:14.4: bpcie_config_msi: func=4 subfunc=6 addr=fee07000 data=00000020?
[    3.093228] baikal_pcie 0000:00:14.4: bpcie_msi_write_msg(fee07000, 00000020) mask=0x0 irq=16 hwirq=0x6 (____ptrval____)?
[    3.093228] baikal_pcie 0000:00:14.4: bpcie_config_msi: func=4 subfunc=6 addr=fee07000 data=00000020?
[    3.133035] baikal_pcie 0000:00:14.4: bpcie_msi_write_msg(fee00000, 00000021) mask=0x0 irq=17 hwirq=0x7 (____ptrval____)?
[    3.134019] baikal_pcie 0000:00:14.4: bpcie_config_msi: func=4 subfunc=7 addr=fee00000 data=00000021?
[    3.134019] baikal_pcie 0000:00:14.4: bpcie_msi_write_msg(fee00000, 00000021) mask=0x0 irq=17 hwirq=0x7 (____ptrval____)?
[    3.134019] baikal_pcie 0000:00:14.4: bpcie_config_msi: func=4 subfunc=7 addr=fee00000 data=00000021?
[    3.173836] baikal_pcie 0000:00:14.4: bpcie_msi_write_msg(fee01000, 00000021) mask=0x0 irq=18 hwirq=0x8 (____ptrval____)?
[    3.174809] baikal_pcie 0000:00:14.4: bpcie_config_msi: func=4 subfunc=8 addr=fee01000 data=00000021?
[    3.174809] baikal_pcie 0000:00:14.4: bpcie_msi_write_msg(fee01000, 00000021) mask=0x0 irq=18 hwirq=0x8 (____ptrval____)?
[    3.174809] baikal_pcie 0000:00:14.4: bpcie_config_msi: func=4 subfunc=8 addr=fee01000 data=00000021?
[    3.214622] baikal_pcie 0000:00:14.4: bpcie_msi_write_msg(fee02000, 00000021) mask=0x0 irq=19 hwirq=0x9 (____ptrval____)?
[    3.215606] baikal_pcie 0000:00:14.4: bpcie_config_msi: func=4 subfunc=9 addr=fee02000 data=00000021?
[    3.215606] baikal_pcie 0000:00:14.4: bpcie_msi_write_msg(fee02000, 00000021) mask=0x0 irq=19 hwirq=0x9 (____ptrval____)?
[    3.215606] baikal_pcie 0000:00:14.4: bpcie_config_msi: func=4 subfunc=9 addr=fee02000 data=00000021?
[    3.255407] baikal_pcie 0000:00:14.4: bpcie_msi_write_msg(fee03000, 00000021) mask=0x0 irq=20 hwirq=0xa (____ptrval____)?
[    3.256392] baikal_pcie 0000:00:14.4: bpcie_config_msi: func=4 subfunc=10 addr=fee03000 data=00000021?
[    3.256392] baikal_pcie 0000:00:14.4: bpcie_msi_write_msg(fee03000, 00000021) mask=0x0 irq=20 hwirq=0xa (____ptrval____)?
[    3.256392] baikal_pcie 0000:00:14.4: bpcie_config_msi: func=4 subfunc=10 addr=fee03000 data=00000021?
[    3.296378] baikal_pcie 0000:00:14.4: bpcie_msi_write_msg(fee04000, 00000021) mask=0x0 irq=21 hwirq=0xb (____ptrval____)?
[    3.297360] baikal_pcie 0000:00:14.4: bpcie_config_msi: func=4 subfunc=11 addr=fee04000 data=00000021?
[    3.297360] baikal_pcie 0000:00:14.4: bpcie_msi_write_msg(fee04000, 00000021) mask=0x0 irq=21 hwirq=0xb (____ptrval____)?
[    3.297360] baikal_pcie 0000:00:14.4: bpcie_config_msi: func=4 subfunc=11 addr=fee04000 data=00000021?
[    3.337341] baikal_pcie 0000:00:14.4: bpcie_msi_write_msg(fee05000, 00000021) mask=0x0 irq=22 hwirq=0xc (____ptrval____)?
[    3.338327] baikal_pcie 0000:00:14.4: bpcie_config_msi: func=4 subfunc=12 addr=fee05000 data=00000021?
[    3.338327] baikal_pcie 0000:00:14.4: bpcie_msi_write_msg(fee05000, 00000021) mask=0x0 irq=22 hwirq=0xc (____ptrval____)?
[    3.338327] baikal_pcie 0000:00:14.4: bpcie_config_msi: func=4 subfunc=12 addr=fee05000 data=00000021?
[    3.378305] baikal_pcie 0000:00:14.4: bpcie_msi_write_msg(fee06000, 00000021) mask=0x0 irq=23 hwirq=0xd (____ptrval____)?
[    3.379287] baikal_pcie 0000:00:14.4: bpcie_config_msi: func=4 subfunc=13 addr=fee06000 data=00000021?
[    3.379287] baikal_pcie 0000:00:14.4: bpcie_msi_write_msg(fee06000, 00000021) mask=0x0 irq=23 hwirq=0xd (____ptrval____)?
[    3.379287] baikal_pcie 0000:00:14.4: bpcie_config_msi: func=4 subfunc=13 addr=fee06000 data=00000021?
[    3.419269] baikal_pcie 0000:00:14.4: bpcie_msi_write_msg(fee07000, 00000021) mask=0x0 irq=24 hwirq=0xe (____ptrval____)?
[    3.420254] baikal_pcie 0000:00:14.4: bpcie_config_msi: func=4 subfunc=14 addr=fee07000 data=00000021?
[    3.420254] baikal_pcie 0000:00:14.4: bpcie_msi_write_msg(fee07000, 00000021) mask=0x0 irq=24 hwirq=0xe (____ptrval____)?
[    3.420254] baikal_pcie 0000:00:14.4: bpcie_config_msi: func=4 subfunc=14 addr=fee07000 data=00000021?
[    3.460235] baikal_pcie 0000:00:14.4: bpcie_msi_write_msg(fee00000, 00000022) mask=0x0 irq=25 hwirq=0xf (____ptrval____)?
[    3.461216] baikal_pcie 0000:00:14.4: bpcie_config_msi: func=4 subfunc=15 addr=fee00000 data=00000022?
[    3.461216] baikal_pcie 0000:00:14.4: bpcie_msi_write_msg(fee00000, 00000022) mask=0x0 irq=25 hwirq=0xf (____ptrval____)?
[    3.461216] baikal_pcie 0000:00:14.4: bpcie_config_msi: func=4 subfunc=15 addr=fee00000 data=00000022?
[    3.501199] baikal_pcie 0000:00:14.4: bpcie_msi_write_msg(fee01000, 00000022) mask=0x0 irq=26 hwirq=0x10 (____ptrval____)?
[    3.502184] baikal_pcie 0000:00:14.4: bpcie_config_msi: func=4 subfunc=16 addr=fee01000 data=00000022?
[    3.502184] baikal_pcie 0000:00:14.4: bpcie_msi_write_msg(fee01000, 00000022) mask=0x0 irq=26 hwirq=0x10 (____ptrval____)?
[    3.502184] baikal_pcie 0000:00:14.4: bpcie_config_msi: func=4 subfunc=16 addr=fee01000 data=00000022?
[    3.542341] baikal_pcie 0000:00:14.4: bpcie_msi_write_msg(fee02000, 00000022) mask=0x0 irq=27 hwirq=0x11 (____ptrval____)?
[    3.543325] baikal_pcie 0000:00:14.4: bpcie_config_msi: func=4 subfunc=17 addr=fee02000 data=00000022?
[    3.543325] baikal_pcie 0000:00:14.4: bpcie_msi_write_msg(fee02000, 00000022) mask=0x0 irq=27 hwirq=0x11 (____ptrval____)?
[    3.543325] baikal_pcie 0000:00:14.4: bpcie_config_msi: func=4 subfunc=17 addr=fee02000 data=00000022?
[    3.583481] baikal_pcie 0000:00:14.4: bpcie_msi_write_msg(fee03000, 00000022) mask=0x0 irq=28 hwirq=0x12 (____ptrval____)?
[    3.584463] baikal_pcie 0000:00:14.4: bpcie_config_msi: func=4 subfunc=18 addr=fee03000 data=00000022?
[    3.584463] baikal_pcie 0000:00:14.4: bpcie_msi_write_msg(fee03000, 00000022) mask=0x0 irq=28 hwirq=0x12 (____ptrval____)?
[    3.584463] baikal_pcie 0000:00:14.4: bpcie_config_msi: func=4 subfunc=18 addr=fee03000 data=00000022?
[    3.624619] baikal_pcie 0000:00:14.4: bpcie_msi_write_msg(fee04000, 00000022) mask=0x0 irq=29 hwirq=0x13 (____ptrval____)?
[    3.625603] baikal_pcie 0000:00:14.4: bpcie_config_msi: func=4 subfunc=19 addr=fee04000 data=00000022?
[    3.625603] baikal_pcie 0000:00:14.4: bpcie_msi_write_msg(fee04000, 00000022) mask=0x0 irq=29 hwirq=0x13 (____ptrval____)?
[    3.625603] baikal_pcie 0000:00:14.4: bpcie_config_msi: func=4 subfunc=19 addr=fee04000 data=00000022?
[    3.665762] baikal_pcie 0000:00:14.4: bpcie_msi_write_msg(fee05000, 00000022) mask=0x0 irq=30 hwirq=0x14 (____ptrval____)?
[    3.666744] baikal_pcie 0000:00:14.4: bpcie_config_msi: func=4 subfunc=20 addr=fee05000 data=00000022?
[    3.666744] baikal_pcie 0000:00:14.4: bpcie_msi_write_msg(fee05000, 00000022) mask=0x0 irq=30 hwirq=0x14 (____ptrval____)?
[    3.666744] baikal_pcie 0000:00:14.4: bpcie_config_msi: func=4 subfunc=20 addr=fee05000 data=00000022?
[    3.706906] baikal_pcie 0000:00:14.4: bpcie_msi_write_msg(fee06000, 00000022) mask=0x0 irq=31 hwirq=0x15 (____ptrval____)?
[    3.707887] baikal_pcie 0000:00:14.4: bpcie_config_msi: func=4 subfunc=21 addr=fee06000 data=00000022?
[    3.707887] baikal_pcie 0000:00:14.4: bpcie_msi_write_msg(fee06000, 00000022) mask=0x0 irq=31 hwirq=0x15 (____ptrval____)?
[    3.707887] baikal_pcie 0000:00:14.4: bpcie_config_msi: func=4 subfunc=21 addr=fee06000 data=00000022?
[    3.748050] baikal_pcie 0000:00:14.4: bpcie_msi_write_msg(fee07000, 00000022) mask=0x0 irq=32 hwirq=0x16 (____ptrval____)?
[    3.749033] baikal_pcie 0000:00:14.4: bpcie_config_msi: func=4 subfunc=22 addr=fee07000 data=00000022?
[    3.749033] baikal_pcie 0000:00:14.4: bpcie_msi_write_msg(fee07000, 00000022) mask=0x0 irq=32 hwirq=0x16 (____ptrval____)?
[    3.749033] baikal_pcie 0000:00:14.4: bpcie_config_msi: func=4 subfunc=22 addr=fee07000 data=00000022?
[    3.789193] baikal_pcie 0000:00:14.4: bpcie_msi_write_msg(fee00000, 00000023) mask=0x0 irq=33 hwirq=0x17 (____ptrval____)?
[    3.790177] baikal_pcie 0000:00:14.4: bpcie_config_msi: func=4 subfunc=23 addr=fee00000 data=00000023?
[    3.790177] baikal_pcie 0000:00:14.4: bpcie_msi_write_msg(fee00000, 00000023) mask=0x0 irq=33 hwirq=0x17 (____ptrval____)?
[    3.790177] baikal_pcie 0000:00:14.4: bpcie_config_msi: func=4 subfunc=23 addr=fee00000 data=00000023?
[    3.830332] baikal_pcie 0000:00:14.4: bpcie_msi_write_msg(fee01000, 00000023) mask=0x0 irq=34 hwirq=0x18 (____ptrval____)?
[    3.831317] baikal_pcie 0000:00:14.4: bpcie_config_msi: func=4 subfunc=24 addr=fee01000 data=00000023?
[    3.831317] baikal_pcie 0000:00:14.4: bpcie_msi_write_msg(fee01000, 00000023) mask=0x0 irq=34 hwirq=0x18 (____ptrval____)?
[    3.831317] baikal_pcie 0000:00:14.4: bpcie_config_msi: func=4 subfunc=24 addr=fee01000 data=00000023?
[    3.871473] baikal_pcie 0000:00:14.4: bpcie_msi_write_msg(fee02000, 00000023) mask=0x0 irq=35 hwirq=0x19 (____ptrval____)?
[    3.872454] baikal_pcie 0000:00:14.4: bpcie_config_msi: func=4 subfunc=25 addr=fee02000 data=00000023?
[    3.872454] baikal_pcie 0000:00:14.4: bpcie_msi_write_msg(fee02000, 00000023) mask=0x0 irq=35 hwirq=0x19 (____ptrval____)?
[    3.872454] baikal_pcie 0000:00:14.4: bpcie_config_msi: func=4 subfunc=25 addr=fee02000 data=00000023?
[    3.912614] baikal_pcie 0000:00:14.4: bpcie_msi_write_msg(fee03000, 00000023) mask=0x0 irq=36 hwirq=0x1a (____ptrval____)?
[    3.913599] baikal_pcie 0000:00:14.4: bpcie_config_msi: func=4 subfunc=26 addr=fee03000 data=00000023?
[    3.913599] baikal_pcie 0000:00:14.4: bpcie_msi_write_msg(fee03000, 00000023) mask=0x0 irq=36 hwirq=0x1a (____ptrval____)?
[    3.913599] baikal_pcie 0000:00:14.4: bpcie_config_msi: func=4 subfunc=26 addr=fee03000 data=00000023?
[    3.953757] baikal_pcie 0000:00:14.4: bpcie_msi_write_msg(fee04000, 00000023) mask=0x0 irq=37 hwirq=0x1b (____ptrval____)?
[    3.954739] baikal_pcie 0000:00:14.4: bpcie_config_msi: func=4 subfunc=27 addr=fee04000 data=00000023?
[    3.954739] baikal_pcie 0000:00:14.4: bpcie_msi_write_msg(fee04000, 00000023) mask=0x0 irq=37 hwirq=0x1b (____ptrval____)?
[    3.954739] baikal_pcie 0000:00:14.4: bpcie_config_msi: func=4 subfunc=27 addr=fee04000 data=00000023?
[    3.994895] baikal_pcie 0000:00:14.4: bpcie_msi_write_msg(fee05000, 00000023) mask=0x0 irq=38 hwirq=0x1c (____ptrval____)?
[    3.995880] baikal_pcie 0000:00:14.4: bpcie_config_msi: func=4 subfunc=28 addr=fee05000 data=00000023?
[    3.995880] baikal_pcie 0000:00:14.4: bpcie_msi_write_msg(fee05000, 00000023) mask=0x0 irq=38 hwirq=0x1c (____ptrval____)?
[    3.995880] baikal_pcie 0000:00:14.4: bpcie_config_msi: func=4 subfunc=28 addr=fee05000 data=00000023?
[    4.036041] baikal_pcie 0000:00:14.4: bpcie_msi_write_msg(fee06000, 00000023) mask=0x0 irq=39 hwirq=0x1d (____ptrval____)?
[    4.037022] baikal_pcie 0000:00:14.4: bpcie_config_msi: func=4 subfunc=29 addr=fee06000 data=00000023?
[    4.037022] baikal_pcie 0000:00:14.4: bpcie_msi_write_msg(fee06000, 00000023) mask=0x0 irq=39 hwirq=0x1d (____ptrval____)?
[    4.037022] baikal_pcie 0000:00:14.4: bpcie_config_msi: func=4 subfunc=29 addr=fee06000 data=00000023?
[    4.077183] baikal_pcie 0000:00:14.4: bpcie_msi_write_msg(fee07000, 00000023) mask=0x0 irq=40 hwirq=0x1e (____ptrval____)?
[    4.078168] baikal_pcie 0000:00:14.4: bpcie_config_msi: func=4 subfunc=30 addr=fee07000 data=00000023?
[    4.078168] baikal_pcie 0000:00:14.4: bpcie_msi_write_msg(fee07000, 00000023) mask=0x0 irq=40 hwirq=0x1e (____ptrval____)?
[    4.078168] baikal_pcie 0000:00:14.4: bpcie_config_msi: func=4 subfunc=30 addr=fee07000 data=00000023?
[    4.118328] baikal_pcie 0000:00:14.4: bpcie_msi_write_msg(fee00000, 00000024) mask=0x0 irq=41 hwirq=0x1f (____ptrval____)?
[    4.119312] baikal_pcie 0000:00:14.4: bpcie_config_msi: func=4 subfunc=31 addr=fee00000 data=00000024?
[    4.119312] baikal_pcie 0000:00:14.4: bpcie_msi_write_msg(fee00000, 00000024) mask=0x0 irq=41 hwirq=0x1f (____ptrval____)?
[    4.119312] baikal_pcie 0000:00:14.4: bpcie_config_msi: func=4 subfunc=31 addr=fee00000 data=00000024?
[    4.159469] bpcie_icc_init: shotgun-registered ICC at 32 additional virqs (0..63)?
[    4.167102] baikal_pcie 0000:00:14.4: icc init-diag: ICC virq=13 STATUS=0x0 IRQ_MASK=0x3 DOORBELL_off=0x108004 STATUS_off=0x108014?
[    4.179097] i2c i2c-0: adapter [icc] registered?
[    4.183839] icc_interrupt: irq=35 entry status=0x2?
[    4.184821] icc_interrupt: irq=0 entry status=0x2?
[    4.210565] icc_interrupt: irq=35 entry status=0x1?
[    4.210817] icc_interrupt: irq=0 entry status=0x1?
[    4.220243] Turn ON BT/WLAN: ret=20, reply 00 00 00 00?
[    4.220383] icc_interrupt: irq=35 entry status=0x2?
[    4.220795] icc_interrupt: irq=0 entry status=0x2?
[    4.235297] usb0 status: ret=20, reply 00 00 01 00?
[    4.235301] USB is already turned ON!?
[    4.240250] input: Power Button as /devices/pci0000:00/0000:00:14.4/input/input0?
[    4.251648] icc_interrupt: irq=35 entry status=0x2?
[    4.252786] icc_interrupt: irq=0 entry status=0x2?
[    4.265554] icc_interrupt: irq=35 entry status=0x1?
[    4.265781] icc_interrupt: irq=0 entry status=0x1?
[    4.275234] icc: not ready?
[    4.277992] baikal_pcie 0000:00:14.4: icc_pwrbutton_init: Failed to enable reset notifications (-11)?
[    4.305791] ret=46, reply 00 00 03 00 00 00 15 00?
[    4.320765] ret=20, reply 00 00 01 02 10 00 00 00?
[    4.335783] ret=20, reply 00 00 00 00 00 00 00 00?
[    4.340685] wireguard: WireGuard 1.0.0 loaded. See www.wireguard.com for information.?
[    4.348669] wireguard: Copyright (C) 2015-2019 Jason A. Donenfeld <Jason@zx2c4.com>. All Rights Reserved.?
[    4.358898] sky2: driver version 1.30?
[    4.362671] resource: resource sanity check: requesting [mem 0x00000000c2000000-0x00000000c2003fff], which spans more than 0000:00:14.1 [mem 0xc2000000-0xc2000fff 64bit]?
[    4.378095] caller sky2_probe+0x153/0x330 mapping multiple BARs?
[    4.384138] sky2 0000:00:14.1: PS4 Baikal: B2_CHIP_ID=0x0, forcing YUKON_PRM?
[    4.391325] sky2 0000:00:14.1: chip type 0xbd?
[    4.395781] sky2 0000:00:14.1: Yukon-2 OptimaEEE chip revision 0?
[    4.401959] sky2 0000:00:14.1: bpcie_assign_irqs(1)?
[    4.406944] bpcie_init_dev_msi_info: dev=0000:00:14.1 installed bpcie demuxer (sc=(____ptrval____))?
[    4.416199] bpcie_msi_init: virq=1 hwirq=0x0 domain=(____ptrval____) info=(____ptrval____) sc=(____ptrval____)?
[    4.426401] bpcie_msi_init: registered virq=1 irq_map[32]?
[    4.431907] sky2 0000:00:14.1: bpcie_msi_write_msg(fee00000, 000000ef) mask=0x0 irq=1 hwirq=0x0 (____ptrval____)?
[    4.442290] baikal_pcie 0000:00:14.4: bpcie_config_msi: func=1 subfunc=0 addr=fee00000 data=000000ef?
[    4.451622] sky2 0000:00:14.1: bpcie_assign_irqs returning 1?
[    4.457392] sky2 0000:00:14.1: PS4 Baikal: skipping MSI self-test in APCIE branch?
[    4.465287] sky2 0000:00:14.1 eth0: addr 2c:cc:44:57:0b:3a?
[    4.471314] xhci_aeolia 0000:00:14.7: bpcie_assign_irqs(3)?
[    4.476924] bpcie_init_dev_msi_info: dev=0000:00:14.7 installed bpcie demuxer (sc=(____ptrval____))?
[    4.486186] bpcie_msi_init: virq=2 hwirq=0x0 domain=(____ptrval____) info=(____ptrval____) sc=(____ptrval____)?
[    4.496389] bpcie_msi_init: registered virq=2 irq_map[33]?
[    4.501896] xhci_aeolia 0000:00:14.7: bpcie_msi_write_msg(fee00000, 000000ef) mask=0x0 irq=2 hwirq=0x0 (____ptrval____)?
[    4.512895] baikal_pcie 0000:00:14.4: bpcie_config_msi: func=7 subfunc=0 addr=fee00000 data=000000ef?
[    4.522229] xhci_aeolia 0000:00:14.7: bpcie_assign_irqs returning 1?
[    4.528618] xhci_aeolia 0000:00:14.7: version 3.0?
[    4.533423] xhci_aeolia 0000:00:14.7: Belize SATA PHY init?
[    5.539048] xhci_aeolia 0000:00:14.7: PHY SET GEN3?
[    5.543931] xhci_aeolia 0000:00:14.7: Belize SATA PHY Trace length : 6?
[    6.550667] xhci_aeolia 0000:00:14.7: Align 90=0x00?
[    6.555673] clocksource: tsc: mask: 0xffffffffffffffff max_cycles: 0x16f9fb5d07e, max_idle_ns: 440795252149 ns?
[    6.555733] xhci_aeolia 0000:00:14.7: AHCI vers 0001.0300, 32 command slots, 6 Gbps, ATA mode?
[    6.574555] xhci_aeolia 0000:00:14.7: 1/1 ports implemented (port mask 0x1)?
[    6.581651] xhci_aeolia 0000:00:14.7: flags: ncq sntf pm clo only pmp pio slum part ccc apst ?
[    6.590359] clocksource: Switched to clocksource tsc?
[    6.590419] xhci_aeolia 0000:00:14.7: bpcie_msi_write_msg(fee01000, 00000024) mask=0x0 irq=2 hwirq=0x0 (____ptrval____)?
[    6.605446] baikal_pcie 0000:00:14.4: bpcie_config_msi: func=7 subfunc=0 addr=fee01000 data=00000024?
[    6.613426] xhci_aeolia 0000:00:14.7: bpcie_msi_write_msg(fee01000, 00000024) mask=0x0 irq=2 hwirq=0x0 (____ptrval____)?
[    6.621429] baikal_pcie 0000:00:14.4: bpcie_config_msi: func=7 subfunc=0 addr=fee01000 data=00000024?
[    6.636445] scsi host0: ahci?
[    6.639508] ata1: SATA max UDMA/133 abar m65536@0xce800000 port 0xce800100 irq 2 lpm-pol 0?
[    6.698552] xhci_aeolia_probe_one 0, controller is 90de?
[    6.703951] xhci_aeolia 0000:00:14.7: xHCI Host Controller?
[    6.709568] xhci_aeolia 0000:00:14.7: new USB bus registered, assigned bus number 1?
[    6.717509] xhci_aeolia 0000:00:14.7: hcc params 0x0228f66c hci version 0x100 quirks 0x0004000000010010?
[    6.727100] xhci_aeolia 0000:00:14.7: irq 2, io mem 0xce000000?
[    6.733083] xhci_aeolia 0000:00:14.7: xHCI Host Controller?
[    6.738679] xhci_aeolia 0000:00:14.7: new USB bus registered, assigned bus number 2?
[    6.767551] xhci_aeolia 0000:00:14.7: Host supports USB 3.0 SuperSpeed?
[    6.774358] usb usb1: New USB device found, idVendor=1d6b, idProduct=0002, bcdDevice= 6.15?
[    6.782788] usb usb1: New USB device strings: Mfr=3, Product=2, SerialNumber=1?
[    6.790152] usb usb1: Product: xHCI Host Controller?
[    6.795126] usb usb1: Manufacturer: Linux 6.15.4-Baikal_TESTING_crashniels-dirty xhci-hcd?
[    6.803460] usb usb1: SerialNumber: 0000:00:14.7?
[    6.808536] hub 1-0:1.0: USB hub found?
[    6.812385] hub 1-0:1.0: 2 ports detected?
[    6.816693] usb usb2: We don't know the algorithms for LPM for this host, disabling LPM.?
[    6.825018] usb usb2: New USB device found, idVendor=1d6b, idProduct=0003, bcdDevice= 6.15?
[    6.833446] usb usb2: New USB device strings: Mfr=3, Product=2, SerialNumber=1?
[    6.840815] usb usb2: Product: xHCI Host Controller?
[    6.845788] usb usb2: Manufacturer: Linux 6.15.4-Baikal_TESTING_crashniels-dirty xhci-hcd?
[    6.854125] usb usb2: SerialNumber: 0000:00:14.7?
[    6.859255] hub 2-0:1.0: USB hub found?
[    6.863174] hub 2-0:1.0: 2 ports detected?
[    6.888536] xhci_aeolia_probe_one 2, controller is 90de?
[    6.893955] xhci_aeolia 0000:00:14.7: xHCI Host Controller?
[    6.899561] xhci_aeolia 0000:00:14.7: new USB bus registered, assigned bus number 3?
[    6.907502] xhci_aeolia 0000:00:14.7: hcc params 0x0220f06c hci version 0x100 quirks 0x0004000000010010?
[    6.917104] xhci_aeolia 0000:00:14.7: irq 2, io mem 0xcf000000?
[    6.923086] xhci_aeolia 0000:00:14.7: xHCI Host Controller?
[    6.928685] xhci_aeolia 0000:00:14.7: new USB bus registered, assigned bus number 4?
[    6.957559] xhci_aeolia 0000:00:14.7: Host supports USB 3.0 SuperSpeed?
[    6.964525] usb usb3: New USB device found, idVendor=1d6b, idProduct=0002, bcdDevice= 6.15?
[    6.972988] usb usb3: New USB device strings: Mfr=3, Product=2, SerialNumber=1?
[    6.980352] usb usb3: Product: xHCI Host Controller?
[    6.985324] usb usb3: Manufacturer: Linux 6.15.4-Baikal_TESTING_crashniels-dirty xhci-hcd?
[    6.993660] usb usb3: SerialNumber: 0000:00:14.7?
[    6.998791] hub 3-0:1.0: USB hub found?
[    7.002637] hub 3-0:1.0: 1 port detected?
[    7.006819] usb usb4: We don't know the algorithms for LPM for this host, disabling LPM.?
[    7.015149] usb usb4: New USB device found, idVendor=1d6b, idProduct=0003, bcdDevice= 6.15?
[    7.023577] usb usb4: New USB device strings: Mfr=3, Product=2, SerialNumber=1?
[    7.030950] usb usb4: Product: xHCI Host Controller?
[    7.035923] usb usb4: Manufacturer: Linux 6.15.4-Baikal_TESTING_crashniels-dirty xhci-hcd?
[    7.044258] usb usb4: SerialNumber: 0000:00:14.7?
[    7.049387] hub 4-0:1.0: USB hub found?
[    7.053312] hub 4-0:1.0: 1 port detected?
[    7.078856] usbcore: registered new interface driver uas?
[    7.084354] usbcore: registered new interface driver usb-storage?
[    7.084409] usb 1-1: new high-speed USB device number 2 using xhci_aeolia?
[    7.090528] i8042: PNP: No PS/2 controller found.?
[    7.102566] mousedev: PS/2 mouse device common for all mice?
[    7.108512] usbcore: registered new interface driver xpad?
[    7.112476] ata1: SATA link up 3.0 Gbps (SStatus 123 SControl 300)?
[    7.114163] i2c_dev: i2c /dev entries driver?
[    7.124867] i2c_dev: adapter [icc] registered as minor 0?
[    7.130306] i2c-core: driver [i2c-slave-eeprom] registered?
[    7.136380] device-mapper: ioctl: 4.49.0-ioctl (2025-01-17) initialised: dm-devel@lists.linux.dev?
[    7.145642] amd_pstate: the _CPC object is not present in SBIOS or ACPI disabled?
[    7.147946] ata1.00: FORCE: modified (disable)?
[    7.153203] sdhci: Secure Digital Host Controller Interface driver?
[    7.153206] sdhci: Copyright(c) Pierre Ossman?
[    7.153345] hid: raw HID events driver (C) Jiri Kosina?
[    7.153462] sdhci-pci 0000:00:14.3: SDHCI controller found [104d:90da] (rev 0)?
[    7.153525] bpcie_init_dev_msi_info: dev=0000:00:14.3 installed bpcie demuxer (sc=(____ptrval____))?
[    7.153587] bpcie_msi_init: virq=3 hwirq=0x0 domain=(____ptrval____) info=(____ptrval____) sc=(____ptrval____)?
[    7.153595] bpcie_msi_init: registered virq=3 irq_map[34]?
[    7.153605] sdhci-pci 0000:00:14.3: bpcie_msi_write_msg(fee00000, 000000ef) mask=0x0 irq=3 hwirq=0x0 (____ptrval____)?
[    7.153624] baikal_pcie 0000:00:14.4: bpcie_config_msi: func=3 subfunc=0 addr=fee00000 data=000000ef?
[    7.154075] sdhci-pci 0000:00:14.3: bpcie_msi_write_msg(fee02000, 00000024) mask=0x0 irq=3 hwirq=0x0 (____ptrval____)?
[    7.154094] baikal_pcie 0000:00:14.4: bpcie_config_msi: func=3 subfunc=0 addr=fee02000 data=00000024?
[    7.154121] sdhci-pci 0000:00:14.3: bpcie_msi_write_msg(fee02000, 00000024) mask=0x0 irq=3 hwirq=0x0 (____ptrval____)?
[    7.154138] baikal_pcie 0000:00:14.4: bpcie_config_msi: func=3 subfunc=0 addr=fee02000 data=00000024?
[    7.157751] ata1.00: unsupported device, disabling?
[    7.157986] usbcore: registered new interface driver usbhid?
[    7.164079] ata1.00: disable device?
[    7.164157] mmc0: SDHCI controller on PCI [0000:00:14.3] using ADMA?
[    7.168565] usbhid: USB HID core driver?
[    7.178486] usb usb3-port1: over-current condition?
[    7.181868] snd_hda_intel 0000:00:01.1: can't derive routing for PCI INT B?
[    7.281922] mmc0: new UHS-I speed SDR104 SDIO card at address 0001?
[    7.287216] snd_hda_intel 0000:00:01.1: PCI INT B: not connected?
[    7.293528] [wlan][83]halPollDbgCr:(INIT WARN) SWPCDBGR 0x00000000?
[    7.296403] NET: Registered PF_INET6 protocol family?
[    7.307822] usb 1-1: New USB device found, idVendor=1a40, idProduct=0101, bcdDevice= 1.00?
[    7.310123] Segment Routing with IPv6?
[    7.315320] input: HD-Audio Generic HDMI/DP,pcm=3 as /devices/pci0000:00/0000:00:01.1/sound/card0/input1?
[    7.315497] usb 1-1: New USB device strings: Mfr=0, Product=1, SerialNumber=0?
[    7.315503] input: HD-Audio Generic HDMI/DP,pcm=7 as /devices/pci0000:00/0000:00:01.1/sound/card0/input2?
[    7.315504] usb 1-1: Product: USB2.0 HUB?
[    7.315537] In-situ OAM (IOAM) with IPv6?
[    7.350428] hub 1-1:1.0: USB hub found?
[    7.355956] NET: Registered PF_PACKET protocol family?
[    7.365681] hub 1-1:1.0: 4 ports detected?
[    7.369715] Bluetooth: RFCOMM TTY layer initialized?
[    7.391671] Bluetooth: RFCOMM socket layer initialized?
[    7.396922] Bluetooth: RFCOMM ver 1.11?
[    7.400757] Bluetooth: BNEP (Ethernet Emulation) ver 1.3?
[    7.400808] usb usb4-port1: over-current condition?
[    7.406180] Bluetooth: BNEP filters: protocol multicast?
[    7.416462] Bluetooth: BNEP socket layer initialized?
[    7.420533] usb 2-2: new SuperSpeed USB device number 2 using xhci_aeolia?
[    7.421548] Bluetooth: HIDP (Human Interface Emulation) ver 1.2?
[    7.434602] Bluetooth: HIDP socket layer initialized?
[    7.440614] microcode: Current revision: 0x0701a001?
[    7.442215] usb 2-2: New USB device found, idVendor=0951, idProduct=1666, bcdDevice= 1.10?
[    7.453950] usb 2-2: New USB device strings: Mfr=2, Product=3, SerialNumber=4?
[    7.461246] usb 2-2: Product: DataTraveler 3.0?
[    7.465783] usb 2-2: Manufacturer: Kingston?
[    7.470054] usb 2-2: SerialNumber: E0D55EA573F0194049CD0236?
[    7.476309] usb-storage 2-2:1.0: USB Mass Storage device detected?
[    7.476841] IPI shorthand broadcast: enabled?
[    7.482967] scsi host1: usb-storage 2-2:1.0?
[    7.502672] sched_clock: Marking stable (6797003007, 705414162)->(9872406648, -2369989479)?
[    7.511386] registered taskstats version 1?
[    7.515611] Loading compiled-in X.509 certificates?
[    7.528063] Demotion targets for Node 0: null?
[    7.533556] Btrfs loaded, zoned=no, fsverity=no?
[    7.538688] amdgpu 0000:00:01.0: can't derive routing for PCI INT A?
[    7.545106] amdgpu 0000:00:01.0: PCI INT A: not connected?
[    7.550630] [drm] initializing kernel modesetting (LIVERPOOL 0x1002:0x9923 0x1002:0x9923 0x00).?
[    7.559541] [drm] register mmio base: 0xE4800000?
[    7.564263] [drm] register mmio size: 262144?
[    7.568798] amdgpu 0000:00:01.0: amdgpu: detected ip block number 0 <cik_common>?
[    7.576355] amdgpu 0000:00:01.0: amdgpu: detected ip block number 1 <gmc_v7_0>?
[    7.583733] amdgpu 0000:00:01.0: amdgpu: detected ip block number 2 <cik_ih>?
[    7.590935] amdgpu 0000:00:01.0: amdgpu: detected ip block number 3 <dce_v8_0>?
[    7.598321] amdgpu 0000:00:01.0: amdgpu: detected ip block number 4 <gfx_v7_0>?
[    7.605699] amdgpu 0000:00:01.0: amdgpu: detected ip block number 5 <cik_sdma>?
[    7.613087] amdgpu 0000:00:01.0: amdgpu: detected ip block number 6 <uvd_v4_2>?
[    7.620467] amdgpu 0000:00:01.0: amdgpu: detected ip block number 7 <vce_v2_0>?
[    7.665030] amdgpu 0000:00:01.0: amdgpu: Fetched VBIOS from ROM BAR?
[    7.671484] amdgpu: ATOM BIOS: 113-Starsha2-018?
[    7.676524] amdgpu 0000:00:01.0: vgaarb: deactivate vga console?
[    7.682578] amdgpu 0000:00:01.0: amdgpu: Trusted Memory Zone (TMZ) feature not supported?
[    7.690845] amdgpu: ps4_atom: VBIOS dp_extclk=10000 (PS4 forces 0 on Liverpool/Gladius)?
[    7.699240] i2c_dev: adapter [AMDGPU i2c bit bus 0x90] registered as minor 1?
[    7.706459] i2c i2c-1: adapter [AMDGPU i2c bit bus 0x90] registered?
[    7.712976] i2c_dev: adapter [AMDGPU i2c bit bus 0x91] registered as minor 2?
[    7.720185] i2c i2c-2: adapter [AMDGPU i2c bit bus 0x91] registered?
[    7.726588] stackdepot: allocating hash table of 524288 entries via kvcalloc?
[    7.737804] [drm] vm size is 64 GB, 2 levels, block size is 10-bit, fragment size is 9-bit?
[    7.746269] amdgpu 0000:00:01.0: amdgpu: VRAM: 1024M 0x0000000F00000000 - 0x0000000F3FFFFFFF (1024M used)?
[    7.756042] amdgpu 0000:00:01.0: amdgpu: GART: 512M 0x0000000000000000 - 0x000000001FFFFFFF?
[    7.764604] [drm] Detected VRAM RAM=1024M, BAR=1024M?
[    7.769708] [drm] RAM width 64bits UNKNOWN?
[    7.774110] [drm] amdgpu: 1024M of VRAM memory ready?
[    7.779215] [drm] amdgpu: 3459M of GTT memory ready.?
[    7.784359] [drm] GART: num cpu pages 131072, num gpu pages 131072?
[    7.790724] amdgpu 0000:00:01.0: amdgpu: Done gart?
[    7.795675] amdgpu 0000:00:01.0: amdgpu: Done init?
[    7.800615] [drm] PCIE GART of 512M enabled (table at 0x0000000F00100000).?
[    7.808569] [drm] forcing HDMI-A-1 connector on?
[    7.813218] amdgpu: ps4_bridge: forcing bridge init at attach (mode=VIC 16)?
[    7.820321] amdgpu: ps4_bridge_pre_enable: BEGIN (mode=VIC 16)?
[    7.826270] amdgpu: ps4_bridge_cq: enqueue WAIT_CLEAR addr=0x7a84 mask=0x01?
[    7.832438] usb 1-1.1: new high-speed USB device number 3 using xhci_aeolia?
[    7.834401] icc_interrupt: 6 callbacks suppressed?
[    7.834407] icc_interrupt: irq=0 entry status=0x2?
[    7.840481] call_irq_handler: 2.61 No irq handler for vector?
[    7.841432] icc_interrupt: irq=0 entry status=0x1?
[    7.845309] icc_interrupt: irq=35 entry status=0x1?
[    7.850112] amdgpu: ps4_bridge_cq: exec code=4 req_len=32 groups=2 res=20 reply_res=0/0 count=0 data[0..7]=00 00 00 00 00 00 00 00 elapsed=16740us?
[    7.879018] amdgpu: ps4_bridge_pre_enable: cq_exec returned 20?
[    7.885003] amdgpu: ps4_bridge_pre_enable: END?
[    7.889566] amdgpu: ps4_bridge_enable: BEGIN (mode=VIC 16, dev=0x9923)?
[    8.035928] usb 1-1.1: New USB device found, idVendor=2357, idProduct=0138, bcdDevice= 2.10?
[    8.044473] usb 1-1.1: New USB device strings: Mfr=1, Product=2, SerialNumber=3?
[    8.051945] usb 1-1.1: Product: 802.11ac NIC?
[    8.056313] usb 1-1.1: Manufacturer: Realtek?
[    8.060683] usb 1-1.1: SerialNumber: 123456?
[    8.214079] [wlan][83]wlanAdapterStart:(INIT WARN) Send a Dummy CMD as workaround?
[    8.221983] [wlan][83]wlanQueryNicCapability:(INIT WARN) wlanQueryNicCapability: skip unexpected event ID[0x27]?
[    8.235046] [wlan][83]wlanAdapterStart:(INIT WARN) wlanAdapterStart: load manufacture data fail?
[    8.280624] usb 1-1.3: new low-speed USB device number 4 using xhci_aeolia?
[    8.400558] amdgpu: ps4_bridge_cq: --- chunk A: DP lane status (waits 0x60f8/0xff, 0x60f9/0x01, 0x60f9/0x1a) ---?
[    8.410962] amdgpu: ps4_bridge_cq: enqueue WAIT_SET addr=0x60f8 mask=0xff?
[    8.417913] amdgpu: ps4_bridge_cq: enqueue WAIT_SET addr=0x60f9 mask=0x01?
[    8.422861] [wlan][83]mtk_reg_notify:(RLM WARN) County Code is not assigned. Use default WW.?
[    8.424840] amdgpu: ps4_bridge_cq: enqueue WAIT_SET addr=0x60f9 mask=0x1a?
[    8.424850] [wlan][83]rlmDomainSearchRegdomainFromLocalDataBase:(RLM ERROR) rlmDomainSearchRegdomainFromLocalDataBase(): Error, Cannot find the correct RegDomain. country = 00.?
[    8.426619] [wlan][106]wlanBindBssIdxToNetInterface:(INIT ERROR) Array index out of bound, ucBssIndex=4?
[    8.433652] icc_interrupt: irq=35 entry status=0x2?
[    8.434438] icc_interrupt: irq=0 entry status=0x2?
[    8.440409] [wlan][106]p2pRoleFsmStateTransition:(P2P STATE) [P2P_ROLE][0]TRANSITION(Bss1): [P2P_ROLE_STATE_IDLE] -> [P2P_ROLE_STATE_IDLE]?
[    8.450435] icc_interrupt: irq=0 entry status=0x1?
[    8.450471] amdgpu: ps4_bridge_cq: exec code=4 req_len=49 groups=5 res=20 reply_res=0/0 count=0 data[0..7]=00 00 00 00 00 00 00 00 elapsed=17012us?
[    8.450479] amdgpu: ps4_bridge_cq: chunk A (DP lane status) result rc=20?
[    8.451432] icc_interrupt: irq=0 entry status=0x2?
[    8.456473] call_irq_handler: 2.61 No irq handler for vector?
[    8.457432] amdgpu: ps4_bridge_cq: exec code=4 req_len=12 groups=1 res=29 reply_res=0/0 count=1 data[0..7]=01 60 f8 ff 00 00 00 00 elapsed=6950us?
[    8.457442] amdgpu: ps4_bridge_cq: readback 0x60f8 rc=29 val=0xff?
[    8.458432] icc_interrupt: irq=0 entry status=0x2?
[    8.462431] icc_interrupt: irq=0 entry status=0x1?
[    8.462474] amdgpu: ps4_bridge_cq: exec code=4 req_len=12 groups=1 res=29 reply_res=0/0 count=1 data[0..7]=01 60 f9 1b 00 00 00 00 elapsed=5029us?
[    8.462481] amdgpu: ps4_bridge_cq: readback 0x60f9 rc=29 val=0x1b?
[    8.462483] amdgpu: ps4_bridge_cq: --- chunk B: HDMI/update setup (wait 0x10f6/0x80) ---?
[    8.462486] amdgpu: ps4_bridge_cq: enqueue WAIT_SET addr=0x10f6 mask=0x80?
[    8.463433] icc_interrupt: irq=0 entry status=0x2?
[    8.466036] [wlan][106]wlanBindBssIdxToNetInterface:(INIT ERROR) Array index out of bound, ucBssIndex=4?
[    8.470886] call_irq_handler: 2.61 No irq handler for vector?
[    8.488165] usb 1-1.3: New USB device found, idVendor=04f3, idProduct=152e, bcdDevice=1c.02?
[    8.488376] [wlan][106]p2pRoleFsmStateTransition:(P2P STATE) [P2P_ROLE][1]TRANSITION(Bss2): [P2P_ROLE_STATE_IDLE] -> [P2P_ROLE_STATE_IDLE]?
[    8.493171] usb 1-1.3: New USB device strings: Mfr=1, Product=2, SerialNumber=0?
[    8.506558] [wlan][106]wlanProcessCommandQueue:(INIT WARN) NO Res CMD TYPE[1] ID[0x11] SEQ[29]?
[    8.513382] usb 1-1.3: Product: Gaming KB?
[    8.513387] usb 1-1.3: Manufacturer: Gaming KB?
[    8.518185] [wlan][106]wlanProcessCommandQueue:(INIT WARN) NO Res CMD TYPE[1] ID[0x11] SEQ[29]?
[    8.524386] [wlan][107]halPrintMailbox:(INIT ERROR) MailBox Status = 0x0003005A, 0x00FF00FF?
[    8.545123] scsi 1:0:0:0: Direct-Access     Kingston DataTraveler 3.0 0000 PQ: 0 ANSI: 6?
[    8.548380] [wlan][107]halPollDbgCr:(INIT WARN) SWPCDBGR 0xE0010DE2?
[    8.553390] sd 1:0:0:0: Attached scsi generic sg0 type 0?
[    8.554385] sd 1:0:0:0: [sda] 242155520 512-byte logical blocks: (124 GB/115 GiB)?
[    8.554875] sd 1:0:0:0: [sda] Write Protect is off?
[    8.554881] sd 1:0:0:0: [sda] Mode Sense: 23 00 00 00?
[    8.555095] sd 1:0:0:0: [sda] Write cache: disabled, read cache: enabled, doesn't support DPO or FUA?
[    8.566465] [wlan][107]halPollDbgCr:(INIT WARN) SWPCDBGR 0xE0010E1C?
[    8.601967] input: Gaming KB Gaming KB as /devices/pci0000:00/0000:00:14.7/usb1/1-1/1-1.3/1-1.3:1.0/0003:04F3:152E.0001/input/input3?
[    8.608015] [wlan][107]halPollDbgCr:(INIT WARN) SWPCDBGR 0xE0010DE2?
[    8.743348] [wlan][107]halPollDbgCr:(INIT WARN) SWPCDBGR 0xE0010DE2?
[    8.749817] [wlan][107]halPollDbgCr:(INIT WARN) SWPCDBGR 0xE0010DE2?
[    8.755826]  sda: sda1 sda2?
[    8.756321] [wlan][106]wlanProcessCommandQueue:(INIT WARN) NO Res CMD TYPE[1] ID[0x70] SEQ[36]?
[    8.756629] hid-generic 0003:04F3:152E.0001: input,hidraw0: USB HID v1.11 Keyboard [Gaming KB Gaming KB] on usb-0000:00:14.7-1.3/input0?
[    8.756824] [wlan][107]halPrintMailbox:(INIT ERROR) MailBox Status = 0x0003005A, 0x00FF00FF?
[    8.756920] [wlan][107]halPollDbgCr:(INIT WARN) SWPCDBGR 0xE0010DE2?
[    8.756966] [wlan][107]halPollDbgCr:(INIT WARN) SWPCDBGR 0xE0000E64?
[    8.757016] [wlan][107]halPollDbgCr:(INIT WARN) SWPCDBGR 0xE0010DE2?
[    8.757064] [wlan][107]halPollDbgCr:(INIT WARN) SWPCDBGR 0xE0010DE2?
[    8.757113] [wlan][107]halPollDbgCr:(INIT WARN) SWPCDBGR 0xE0010DE2?
[    8.759341] sd 1:0:0:0: [sda] Attached SCSI removable disk?
[    8.763541] input: Gaming KB Gaming KB Consumer Control as /devices/pci0000:00/0000:00:14.7/usb1/1-1/1-1.3/1-1.3:1.1/0003:04F3:152E.0002/input/input4?
[    8.763563] call_irq_handler: 2.61 No irq handler for vector?
[    8.763634] call_irq_handler: 2.61 No irq handler for vector?
[    8.763723] input: Gaming KB Gaming KB System Control as /devices/pci0000:00/0000:00:14.7/usb1/1-1/1-1.3/1-1.3:1.1/0003:04F3:152E.0002/input/input5?
[    8.763860] input: Gaming KB Gaming KB Keyboard as /devices/pci0000:00/0000:00:14.7/usb1/1-1/1-1.3/1-1.3:1.1/0003:04F3:152E.0002/input/input6?
[    8.763992] input: Gaming KB Gaming KB as /devices/pci0000:00/0000:00:14.7/usb1/1-1/1-1.3/1-1.3:1.1/0003:04F3:152E.0002/input/input7?
[    8.764259] hid-generic 0003:04F3:152E.0002: input,hiddev96,hidraw1: USB HID v1.11 Keyboard [Gaming KB Gaming KB] on usb-0000:00:14.7-1.3/input1?
[    8.768276] [wlan][107]halPrintMailbox:(INIT ERROR) MailBox Status = 0x0003005A, 0x00FF00FF?
[    8.813588] call_irq_handler: 2.61 No irq handler for vector?
[    8.903465] amdgpu: ps4_bridge_cq: exec code=4 req_len=170 groups=6 res=20 reply_res=0/0 count=0 data[0..7]=00 00 00 00 00 00 00 00 elapsed=440972us?
[    8.911810] call_irq_handler: 2.61 No irq handler for vector?
[    8.911884] [wlan][107]halPollDbgCr:(INIT WARN) SWPCDBGR 0x00001DDE?
[    8.917600] amdgpu: ps4_bridge_cq: chunk B (HDMI/update) result rc=20?
[    8.919729] call_irq_handler: 2.61 No irq handler for vector?
[    8.924470] amdgpu: ps4_bridge_cq: exec code=4 req_len=12 groups=1 res=29 reply_res=0/0 count=1 data[0..7]=01 10 f6 d5 00 00 00 00 elapsed=6865us?
[    8.924481] amdgpu: ps4_bridge_cq: readback 0x10f6 rc=29 val=0xd5?
[    8.924484] amdgpu: ps4_bridge_cq: --- chunk C: PLL/7204/finalize (wait_clear 0x7204/0x40) ---?
[    8.924486] amdgpu: ps4_bridge_cq: enqueue WAIT_CLEAR addr=0x7204 mask=0x40?
[    8.991044] call_irq_handler: 2.61 No irq handler for vector?
[    8.996864] [wlan][107]halPollDbgCr:(INIT WARN) SWPCDBGR 0x00001DDE?
[    9.003390] [wlan][107]halPollDbgCr:(INIT WARN) SWPCDBGR 0x00001DDE?
[    9.009900] [wlan][107]halPollDbgCr:(INIT WARN) SWPCDBGR 0x00001DDE?
[    9.016403] [wlan][107]halPollDbgCr:(INIT WARN) SWPCDBGR 0x00001DDE?
[    9.023019] [wlan][106]wlanoidSetGtkRekeyData:(REQ INFO) wlanoidSetGtkRekeyData?
[    9.030513] [wlan][106]wlanoidSetGtkRekeyData:(REQ INFO) ucCmdSeqNum = 41?
[    9.225612] call_irq_handler: 2.61 No irq handler for vector?
[    9.264552] usb 1-1.4: new low-speed USB device number 5 using xhci_aeolia?
[    9.290430] amdgpu: ps4_bridge_cq: exec code=4 req_len=81 groups=7 res=20 reply_res=0/0 count=0 data[0..7]=00 00 00 00 00 00 00 00 elapsed=365940us?
[    9.303911] amdgpu: ps4_bridge_cq: chunk C (PLL/7204) result rc=20?
[    9.310213] amdgpu: ps4_bridge_enable: MN864729 main seq cq_exec=20?
[    9.420431] amdgpu: ps4_bridge_cq: exec code=4 req_len=12 groups=1 res=29 reply_res=0/0 count=1 data[0..7]=01 72 04 00 00 00 00 00 elapsed=103830us?
[    9.433906] amdgpu: ps4_bridge_cq: readback 0x7204 rc=29 val=0x00?
[    9.445202] amdgpu: ps4_bridge_cq: exec code=4 req_len=64 groups=2 res=20 reply_res=0/0 count=0 data[0..7]=00 00 00 00 00 00 00 00 elapsed=5080us?
[    9.458511] amdgpu: ps4_bridge_cq: enqueue WAIT_SET addr=0x10f6 mask=0xa2?
[    9.461911] usb 1-1.4: New USB device found, idVendor=0000, idProduct=3825, bcdDevice= 1.00?
[    9.465434] amdgpu: ps4_bridge_cq: enqueue WAIT_CLEAR addr=0x7204 mask=0x10?
[    9.481081] usb 1-1.4: New USB device strings: Mfr=0, Product=1, SerialNumber=0?
[    9.488540] usb 1-1.4: Product:  USB OPTICAL MOUSE?
[    9.529116] input:  USB OPTICAL MOUSE as /devices/pci0000:00/0000:00:14.7/usb1/1-1/1-1.4/1-1.4:1.0/0003:0000:3825.0003/input/input8?
[    9.535463] amdgpu: ps4_bridge_cq: exec code=4 req_len=121 groups=10 res=20 reply_res=0/0 count=0 data[0..7]=00 00 00 00 00 00 00 00 elapsed=70024us?
[    9.541566] hid-generic 0003:0000:3825.0003: input,hidraw2: USB HID v1.11 Mouse [ USB OPTICAL MOUSE] on usb-0000:00:14.7-1.4/input0?
[    9.554749] amdgpu: ps4_bridge_enable: END?
[    9.554757] [drm] AMDGPU Display Connectors?
[    9.575245] [drm] Connector 0:?
[    9.578356] [drm]   HDMI-A-1?
[    9.581291] [drm]   HPD1?
[    9.583871] [drm]   DDC: 0x194c 0x194c 0x194d 0x194d 0x194e 0x194e 0x194f 0x194f?
[    9.591419] [drm]   Encoders:?
[    9.594445] [drm]     DFP1: INTERNAL_UNIPHY?
[    9.606837] [drm] Found UVD firmware Version: 1.64 Family ID: 9?
[    9.615456] [drm] Found VCE firmware Version: 50.10 Binary ID: 2?
[    9.622566] amdgpu: ps4_atom: dig_tx action=7 frev=1 crev=5 enc_id=0x001e dig=0 pll=0 is_dp=1 dp_clk=0 dp_lanes=0 lane_num=0 lane_set=0x00 conn_obj=0x0013 hpd=0?
[    9.646352] amdgpu: ps4_bridge_cq: exec code=4 req_len=12 groups=1 res=29 reply_res=0/0 count=1 data[0..7]=01 60 f8 ff 00 00 00 00 elapsed=9120us?
[    9.666435] amdgpu: ps4_bridge_cq: exec code=4 req_len=12 groups=1 res=29 reply_res=0/0 count=1 data[0..7]=01 60 f9 1b 00 00 00 00 elapsed=6779us?
[    9.679757] amdgpu: ps4_bridge_probe: tag=before-dig_tx-action=7 rc_f8=29 f8=0xff rc_f9=29 f9=0x1b?
[    9.688894] amdgpu: ps4_atom_table: [d=0] enter idx=0x4c (?) ps_size=16?
[    9.695648] amdgpu: ps4_atom_table: [d=0] exit  idx=0x4c (?) ret=0?
[    9.711067] amdgpu: ps4_bridge_cq: exec code=4 req_len=12 groups=1 res=29 reply_res=0/0 count=1 data[0..7]=01 60 f8 ff 00 00 00 00 elapsed=9118us?
[    9.731430] amdgpu: ps4_bridge_cq: exec code=4 req_len=12 groups=1 res=29 reply_res=0/0 count=1 data[0..7]=01 60 f9 1b 00 00 00 00 elapsed=7062us?
[    9.744732] amdgpu: ps4_bridge_probe: tag=after-dig_tx-action=7 rc_f8=29 f8=0xff rc_f9=29 f9=0x1b?
[    9.753782] amdgpu: ps4_atom_table: [d=0] enter idx=0x0c (SetPixelClock) ps_size=20?
[    9.761594] amdgpu: ps4_atom_table: [d=1] enter idx=0x3c (ComputeMemoryEnginePLL) ps_size=20?
[    9.770205] amdgpu: ps4_atom_table: [d=1] exit  idx=0x3c (ComputeMemoryEnginePLL) ret=0?
[    9.778377] amdgpu: ps4_atom_table: [d=1] enter idx=0x3c (ComputeMemoryEnginePLL) ps_size=20?
[    9.786982] amdgpu: ps4_atom_table: [d=1] exit  idx=0x3c (ComputeMemoryEnginePLL) ret=0?
[    9.795151] amdgpu: ps4_atom_table: [d=0] exit  idx=0x0c (SetPixelClock) ret=0?
[    9.805887] amdgpu: ps4_atom_table: [d=0] enter idx=0x3c (ComputeMemoryEnginePLL) ps_size=12?
[    9.814496] amdgpu: ps4_atom_table: [d=0] exit  idx=0x3c (ComputeMemoryEnginePLL) ret=0?
[    9.822656] amdgpu: ps4_atom_table: [d=0] enter idx=0x3c (ComputeMemoryEnginePLL) ps_size=12?
[    9.831264] amdgpu: ps4_atom_table: [d=0] exit  idx=0x3c (ComputeMemoryEnginePLL) ret=0?
[    9.839430] amdgpu: ps4_atom_table: [d=0] enter idx=0x3c (ComputeMemoryEnginePLL) ps_size=12?
[    9.848033] amdgpu: ps4_atom_table: [d=0] exit  idx=0x3c (ComputeMemoryEnginePLL) ret=0?
[    9.856193] amdgpu: ps4_atom_table: [d=0] enter idx=0x3c (ComputeMemoryEnginePLL) ps_size=12?
[    9.864797] amdgpu: ps4_atom_table: [d=0] exit  idx=0x3c (ComputeMemoryEnginePLL) ret=0?
[    9.877997] amdgpu 0000:00:01.0: amdgpu: GPU fault detected: 147 0x001c3b02?
[    9.885090] amdgpu 0000:00:01.0: amdgpu:   VM_CONTEXT1_PROTECTION_FAULT_ADDR   0x00300200?
[    9.893418] amdgpu 0000:00:01.0: amdgpu:   VM_CONTEXT1_PROTECTION_FAULT_STATUS 0x1C03B002?
[    9.901746] amdgpu 0000:00:01.0: amdgpu: VM fault (0x02, vmid 14, pasid 0) at page 3146240, read from 'UMC' (0x554d4300) (59)?
[    9.913267] amdgpu 0000:00:01.0: amdgpu: GPU fault detected: 147 0x001c3b02?
[    9.920356] amdgpu 0000:00:01.0: amdgpu:   VM_CONTEXT1_PROTECTION_FAULT_ADDR   0x00300200?
[    9.928687] amdgpu 0000:00:01.0: amdgpu:   VM_CONTEXT1_PROTECTION_FAULT_STATUS 0x1C03B002?
[    9.937016] amdgpu 0000:00:01.0: amdgpu: VM fault (0x02, vmid 14, pasid 0) at page 3146240, read from 'UMC' (0x554d4300) (59)?
[    9.948537] amdgpu 0000:00:01.0: amdgpu: GPU fault detected: 147 0x001c3b02?
[    9.955627] amdgpu 0000:00:01.0: amdgpu:   VM_CONTEXT1_PROTECTION_FAULT_ADDR   0x00300200?
[    9.963953] amdgpu 0000:00:01.0: amdgpu:   VM_CONTEXT1_PROTECTION_FAULT_STATUS 0x1C03B002?
[    9.972280] amdgpu 0000:00:01.0: amdgpu: VM fault (0x02, vmid 14, pasid 0) at page 3146240, read from 'UMC' (0x554d4300) (59)?
[    9.983798] amdgpu 0000:00:01.0: amdgpu: GPU fault detected: 147 0x001c3b02?
[    9.990885] amdgpu 0000:00:01.0: amdgpu:   VM_CONTEXT1_PROTECTION_FAULT_ADDR   0x00300200?
[    9.999214] amdgpu 0000:00:01.0: amdgpu:   VM_CONTEXT1_PROTECTION_FAULT_STATUS 0x1C03B002?
[   10.007542] amdgpu 0000:00:01.0: amdgpu: VM fault (0x02, vmid 14, pasid 0) at page 3146240, read from 'UMC' (0x554d4300) (59)?
[   10.019062] amdgpu 0000:00:01.0: amdgpu: GPU fault detected: 147 0x001c3b02?
[   10.026151] amdgpu 0000:00:01.0: amdgpu:   VM_CONTEXT1_PROTECTION_FAULT_ADDR   0x00300200?
[   10.034479] amdgpu 0000:00:01.0: amdgpu:   VM_CONTEXT1_PROTECTION_FAULT_STATUS 0x1C03B002?
[   10.042808] amdgpu 0000:00:01.0: amdgpu: VM fault (0x02, vmid 14, pasid 0) at page 3146240, read from 'UMC' (0x554d4300) (59)?
[   10.054325] amdgpu 0000:00:01.0: amdgpu: GPU fault detected: 147 0x001c3b02?
[   10.061415] amdgpu 0000:00:01.0: amdgpu:   VM_CONTEXT1_PROTECTION_FAULT_ADDR   0x00300200?
[   10.069743] amdgpu 0000:00:01.0: amdgpu:   VM_CONTEXT1_PROTECTION_FAULT_STATUS 0x1C03B002?
[   10.078071] amdgpu 0000:00:01.0: amdgpu: VM fault (0x02, vmid 14, pasid 0) at page 3146240, read from 'UMC' (0x554d4300) (59)?
[   10.089590] amdgpu 0000:00:01.0: amdgpu: GPU fault detected: 147 0x001c3b02?
[   10.096678] amdgpu 0000:00:01.0: amdgpu:   VM_CONTEXT1_PROTECTION_FAULT_ADDR   0x00300200?
[   10.105006] amdgpu 0000:00:01.0: amdgpu:   VM_CONTEXT1_PROTECTION_FAULT_STATUS 0x1C03B002?
[   10.113334] amdgpu 0000:00:01.0: amdgpu: VM fault (0x02, vmid 14, pasid 0) at page 3146240, read from 'UMC' (0x554d4300) (59)?
[   10.124854] amdgpu 0000:00:01.0: amdgpu: GPU fault detected: 147 0x001c3b02?
[   10.131942] amdgpu 0000:00:01.0: amdgpu:   VM_CONTEXT1_PROTECTION_FAULT_ADDR   0x00300200?
[   10.140268] amdgpu 0000:00:01.0: amdgpu:   VM_CONTEXT1_PROTECTION_FAULT_STATUS 0x1C03B002?
[   10.148595] amdgpu 0000:00:01.0: amdgpu: VM fault (0x02, vmid 14, pasid 0) at page 3146240, read from 'UMC' (0x554d4300) (59)?
[   10.160112] amdgpu 0000:00:01.0: amdgpu: GPU fault detected: 147 0x001c3b02?
[   10.167201] amdgpu 0000:00:01.0: amdgpu:   VM_CONTEXT1_PROTECTION_FAULT_ADDR   0x00300200?
[   10.175528] amdgpu 0000:00:01.0: amdgpu:   VM_CONTEXT1_PROTECTION_FAULT_STATUS 0x1C03B002?
[   10.183856] amdgpu 0000:00:01.0: amdgpu: VM fault (0x02, vmid 14, pasid 0) at page 3146240, read from 'UMC' (0x554d4300) (59)?
[   10.195373] amdgpu 0000:00:01.0: amdgpu: GPU fault detected: 147 0x001c3b02?
[   10.202461] amdgpu 0000:00:01.0: amdgpu:   VM_CONTEXT1_PROTECTION_FAULT_ADDR   0x00300200?
[   10.210791] amdgpu 0000:00:01.0: amdgpu:   VM_CONTEXT1_PROTECTION_FAULT_STATUS 0x1C03B002?
[   10.219122] amdgpu 0000:00:01.0: amdgpu: VM fault (0x02, vmid 14, pasid 0) at page 3146240, read from 'UMC' (0x554d4300) (59)?
[   10.888224] [drm:uvd_v4_2_start] *ERROR* UVD not responding, trying to reset the VCPU!!!?
[   11.916794] [drm:uvd_v4_2_start] *ERROR* UVD not responding, trying to reset the VCPU!!!?
[   12.945362] [drm:uvd_v4_2_start] *ERROR* UVD not responding, trying to reset the VCPU!!!?
[   13.507499] [wlan][106]wlanProcessCommandQueue:(INIT WARN) NO Res CMD TYPE[1] ID[0x14] SEQ[49]?
[   13.973933] [drm:uvd_v4_2_start] *ERROR* UVD not responding, trying to reset the VCPU!!!?
[   13.985693] [wlan][107]halPrintMailbox:(INIT ERROR) MailBox Status = 0x0003005A, 0x00FF00FF?
[   14.878419] gmc_v7_0_process_interrupt: 1679421 callbacks suppressed?
[   14.878425] amdgpu 0000:00:01.0: amdgpu: GPU fault detected: 147 0x001c3b02?
[   14.878430] amdgpu 0000:00:01.0: amdgpu:   VM_CONTEXT1_PROTECTION_FAULT_ADDR   0x00300200?
[   14.878434] amdgpu 0000:00:01.0: amdgpu:   VM_CONTEXT1_PROTECTION_FAULT_STATUS 0x1C03B002?
[   14.878437] amdgpu 0000:00:01.0: amdgpu: VM fault (0x02, vmid 14, pasid 0) at page 3146240, read from 'UMC' (0x554d4300) (59)?
[   14.878446] amdgpu 0000:00:01.0: amdgpu: GPU fault detected: 147 0x001c3b02?
[   14.878450] amdgpu 0000:00:01.0: amdgpu:   VM_CONTEXT1_PROTECTION_FAULT_ADDR   0x00300200?
[   14.878453] amdgpu 0000:00:01.0: amdgpu:   VM_CONTEXT1_PROTECTION_FAULT_STATUS 0x1C03B002?
[   14.878456] amdgpu 0000:00:01.0: amdgpu: VM fault (0x02, vmid 14, pasid 0) at page 3146240, read from 'UMC' (0x554d4300) (59)?
[   14.878464] amdgpu 0000:00:01.0: amdgpu: GPU fault detected: 147 0x001c3b02?
[   14.878467] amdgpu 0000:00:01.0: amdgpu:   VM_CONTEXT1_PROTECTION_FAULT_ADDR   0x00300200?
[   14.878470] amdgpu 0000:00:01.0: amdgpu:   VM_CONTEXT1_PROTECTION_FAULT_STATUS 0x1C03B002?
[   14.878473] amdgpu 0000:00:01.0: amdgpu: VM fault (0x02, vmid 14, pasid 0) at page 3146240, read from 'UMC' (0x554d4300) (59)?
[   14.878481] amdgpu 0000:00:01.0: amdgpu: GPU fault detected: 147 0x001c3b02?
[   14.878485] amdgpu 0000:00:01.0: amdgpu:   VM_CONTEXT1_PROTECTION_FAULT_ADDR   0x00300200?
[   14.878487] amdgpu 0000:00:01.0: amdgpu:   VM_CONTEXT1_PROTECTION_FAULT_STATUS 0x1C03B002?
[   14.878490] amdgpu 0000:00:01.0: amdgpu: VM fault (0x02, vmid 14, pasid 0) at page 3146240, read from 'UMC' (0x554d4300) (59)?
[   14.878498] amdgpu 0000:00:01.0: amdgpu: GPU fault detected: 147 0x001c3b02?
[   14.878501] amdgpu 0000:00:01.0: amdgpu:   VM_CONTEXT1_PROTECTION_FAULT_ADDR   0x00300200?
[   14.878504] amdgpu 0000:00:01.0: amdgpu:   VM_CONTEXT1_PROTECTION_FAULT_STATUS 0x1C03B002?
[   14.878507] amdgpu 0000:00:01.0: amdgpu: VM fault (0x02, vmid 14, pasid 0) at page 3146240, read from 'UMC' (0x554d4300) (59)?
[   14.878515] amdgpu 0000:00:01.0: amdgpu: GPU fault detected: 147 0x001c3b02?
[   14.878519] amdgpu 0000:00:01.0: amdgpu:   VM_CONTEXT1_PROTECTION_FAULT_ADDR   0x00300200?
[   14.878521] amdgpu 0000:00:01.0: amdgpu:   VM_CONTEXT1_PROTECTION_FAULT_STATUS 0x1C03B002?
[   14.878524] amdgpu 0000:00:01.0: amdgpu: VM fault (0x02, vmid 14, pasid 0) at page 3146240, read from 'UMC' (0x554d4300) (59)?
[   14.878532] amdgpu 0000:00:01.0: amdgpu: GPU fault detected: 147 0x001c3b02?
[   14.878536] amdgpu 0000:00:01.0: amdgpu:   VM_CONTEXT1_PROTECTION_FAULT_ADDR   0x00300200?
[   14.878539] amdgpu 0000:00:01.0: amdgpu:   VM_CONTEXT1_PROTECTION_FAULT_STATUS 0x1C03B002?
[   14.878541] amdgpu 0000:00:01.0: amdgpu: VM fault (0x02, vmid 14, pasid 0) at page 3146240, read from 'UMC' (0x554d4300) (59)?
[   14.878549] amdgpu 0000:00:01.0: amdgpu: GPU fault detected: 147 0x001c3b02?
[   14.878552] amdgpu 0000:00:01.0: amdgpu:   VM_CONTEXT1_PROTECTION_FAULT_ADDR   0x00300200?
[   14.878555] amdgpu 0000:00:01.0: amdgpu:   VM_CONTEXT1_PROTECTION_FAULT_STATUS 0x1C03B002?
[   14.878558] amdgpu 0000:00:01.0: amdgpu: VM fault (0x02, vmid 14, pasid 0) at page 3146240, read from 'UMC' (0x554d4300) (59)?
[   14.878565] amdgpu 0000:00:01.0: amdgpu: GPU fault detected: 147 0x001c3b02?
[   14.878569] amdgpu 0000:00:01.0: amdgpu:   VM_CONTEXT1_PROTECTION_FAULT_ADDR   0x00300200?
[   14.878571] amdgpu 0000:00:01.0: amdgpu:   VM_CONTEXT1_PROTECTION_FAULT_STATUS 0x1C03B002?
[   14.878574] amdgpu 0000:00:01.0: amdgpu: VM fault (0x02, vmid 14, pasid 0) at page 3146240, read from 'UMC' (0x554d4300) (59)?
[   14.878581] amdgpu 0000:00:01.0: amdgpu: GPU fault detected: 147 0x001c3b02?
[   14.878585] amdgpu 0000:00:01.0: amdgpu:   VM_CONTEXT1_PROTECTION_FAULT_ADDR   0x00300200?
[   14.878588] amdgpu 0000:00:01.0: amdgpu:   VM_CONTEXT1_PROTECTION_FAULT_STATUS 0x1C03B002?
