[  339.923747] ps4_mts 0000:00:14.1: DBG: linkreg=0x00000b14 rxkick=0x00000001 txkick=0x00000008 mask=0x007bfffe status=0x00000000 total_irq=1672931?
[  339.924742] ps4_mts 0000:00:14.1: DBG:   hist[0] pattern=0x00040000 count=1672998?
[  345.049004] ps4_mts 0000:00:14.1: DBG: linkreg=0x00000b14 rxkick=0x00000001 txkick=0x00000008 mask=0x007bfffe status=0x00000000 total_irq=1698618?
[  345.049999] ps4_mts 0000:00:14.1: DBG:   hist[0] pattern=0x00040000 count=1698685?
[  350.172544] ps4_mts 0000:00:14.1: DBG: linkreg=0x00000b14 rxkick=0x00000001 txkick=0x00000008 mask=0x007bfffe status=0x00040000 total_irq=1724305?
[  350.173536] ps4_mts 0000:00:14.1: DBG:   hist[0] pattern=0x00040000 count=1724372?
[  355.338709] ps4_mts 0000:00:14.1: DBG: linkreg=0x00000b14 rxkick=0x00000001 txkick=0x00000008 mask=0x007bfffe status=0x00000000 total_irq=1749993?
[  355.339718] ps4_mts 0000:00:14.1: DBG:   hist[0] pattern=0x00040000 count=1750060?
[  360.498070] ps4_mts 0000:00:14.1: DBG: linkreg=0x00000b14 rxkick=0x00000001 txkick=0x00000008 mask=0x007bfffe status=0x00000000 total_irq=1775680?
[  360.499066] ps4_mts 0000:00:14.1: DBG:   hist[0] pattern=0x00040000 count=1775747?
[  365.638752] ps4_mts 0000:00:14.1: DBG: linkreg=0x00000b14 rxkick=0x00000001 txkick=0x00000008 mask=0x007bfffe status=0x00000000 total_irq=1801367?
[  365.639747] ps4_mts 0000:00:14.1: DBG:   hist[0] pattern=0x00040000 count=1801434?
[  370.770044] ps4_mts 0000:00:14.1: DBG: linkreg=0x00000b14 rxkick=0x00000001 txkick=0x00000008 mask=0x007bfffe status=0x00000000 total_irq=1827055?
[  370.771040] ps4_mts 0000:00:14.1: DBG:   hist[0] pattern=0x00040000 count=1827121?
[  375.896619] ps4_mts 0000:00:14.1: DBG: linkreg=0x00000b14 rxkick=0x00000001 txkick=0x00000008 mask=0x007bfffe status=0x00000000 total_irq=1852742?
[  375.897614] ps4_mts 0000:00:14.1: DBG:   hist[0] pattern=0x00040000 count=1852809?
[  381.020813] ps4_mts 0000:00:14.1: DBG: linkreg=0x00000b14 rxkick=0x00000001 txkick=0x00000008 mask=0x007bfffe status=0x00000000 total_irq=1878429?
[  381.021808] ps4_mts 0000:00:14.1: DBG:   hist[0] pattern=0x00040000 count=1878496?
[  386.170019] ps4_mts 0000:00:14.1: DBG: linkreg=0x00000b14 rxkick=0x00000001 txkick=0x00000008 mask=0x007bfffe status=0x00000000 total_irq=1904117?
[  386.171023] ps4_mts 0000:00:14.1: DBG:   hist[0] pattern=0x00040000 count=1904183?
[  391.329035] ps4_mts 0000:00:14.1: DBG: linkreg=0x00000b14 rxkick=0x00000001 txkick=0x00000008 mask=0x007bfffe status=0x00000000 total_irq=1929804?
[  391.330034] ps4_mts 0000:00:14.1: DBG:   hist[0] pattern=0x00040000 count=1929871?
[  396.469551] ps4_mts 0000:00:14.1: DBG: linkreg=0x00000b14 rxkick=0x00000001 txkick=0x00000008 mask=0x007bfffe status=0x00000000 total_irq=1955491?
[  396.470547] ps4_mts 0000:00:14.1: DBG:   hist[0] pattern=0x00040000 count=1955558?
[  401.600772] ps4_mts 0000:00:14.1: DBG: linkreg=0x00000b14 rxkick=0x00000001 txkick=0x00000008 mask=0x007bfffe status=0x00000000 total_irq=1981178?
[  401.601767] ps4_mts 0000:00:14.1: DBG:   hist[0] pattern=0x00040000 count=1981245?
[  406.727313] ps4_mts 0000:00:14.1: DBG: linkreg=0x00000b14 rxkick=0x00000001 txkick=0x00000008 mask=0x007bfffe status=0x00000000 total_irq=2006866?
[  406.728306] ps4_mts 0000:00:14.1: DBG:   hist[0] pattern=0x00040000 count=2006932?
[  410.569577] call_irq_handler: 2.38 No irq handler for vector?
[  411.851493] ps4_mts 0000:00:14.1: DBG: linkreg=0x00000b14 rxkick=0x00000001 txkick=0x00000008 mask=0x007bfffe status=0x00000000 total_irq=2032553?
[  411.852487] ps4_mts 0000:00:14.1: DBG:   hist[0] pattern=0x00040000 count=2032620?
[  416.988160] ps4_mts 0000:00:14.1: DBG: linkreg=0x00000b14 rxkick=0x00000001 txkick=0x00000008 mask=0x007bfffe status=0x00000000 total_irq=2058240?
[  416.989165] ps4_mts 0000:00:14.1: DBG:   hist[0] pattern=0x00040000 count=2058307?
[  422.153149] ps4_mts 0000:00:14.1: DBG: linkreg=0x00000b14 rxkick=0x00000001 txkick=0x00000008 mask=0x007bfffe status=0x00040000 total_irq=2083927?
[  422.154148] ps4_mts 0000:00:14.1: DBG:   hist[0] pattern=0x00040000 count=2083994?
[  427.296669] ps4_mts 0000:00:14.1: DBG: linkreg=0x00000b14 rxkick=0x00000001 txkick=0x00000008 mask=0x007bfffe status=0x00000000 total_irq=2109615?
[  427.297666] ps4_mts 0000:00:14.1: DBG:   hist[0] pattern=0x00040000 count=2109682?
[  432.429405] ps4_mts 0000:00:14.1: DBG: linkreg=0x00000b14 rxkick=0x00000001 txkick=0x00000008 mask=0x007bfffe status=0x00000000 total_irq=2135302?
[  432.430401] ps4_mts 0000:00:14.1: DBG:   hist[0] pattern=0x00040000 count=2135369?
[  437.556711] ps4_mts 0000:00:14.1: DBG: linkreg=0x00000b14 rxkick=0x00000001 txkick=0x00000008 mask=0x007bfffe status=0x00000000 total_irq=2160989?
[  437.557706] ps4_mts 0000:00:14.1: DBG:   hist[0] pattern=0x00040000 count=2161056?
[  442.681279] ps4_mts 0000:00:14.1: DBG: linkreg=0x00000b14 rxkick=0x00000001 txkick=0x00000008 mask=0x007bfffe status=0x00000000 total_irq=2186677?
[  442.682273] ps4_mts 0000:00:14.1: DBG:   hist[0] pattern=0x00040000 count=2186743?
[  447.804466] ps4_mts 0000:00:14.1: DBG: linkreg=0x00000b14 rxkick=0x00000001 txkick=0x00000008 mask=0x007bfffe status=0x00000000 total_irq=2212364?
[  447.805460] ps4_mts 0000:00:14.1: DBG:   hist[0] pattern=0x00040000 count=2212431?
[  452.976950] ps4_mts 0000:00:14.1: DBG: linkreg=0x00000b14 rxkick=0x00000001 txkick=0x00000008 mask=0x007bfffe status=0x00000000 total_irq=2238051?
[  452.977917] ps4_mts 0000:00:14.1: DBG:   hist[0] pattern=0x00040000 count=2238118?
[  458.133287] ps4_mts 0000:00:14.1: DBG: linkreg=0x00000b14 rxkick=0x00000001 txkick=0x00000008 mask=0x007bfffe status=0x00040000 total_irq=2263738?
[  458.134286] ps4_mts 0000:00:14.1: DBG:   hist[0] pattern=0x00040000 count=2263805?
[  463.272487] ps4_mts 0000:00:14.1: DBG: linkreg=0x00000b14 rxkick=0x00000001 txkick=0x00000008 mask=0x007bfffe status=0x00000000 total_irq=2289426?
[  463.273484] ps4_mts 0000:00:14.1: DBG:   hist[0] pattern=0x00040000 count=2289493?
[  468.403052] ps4_mts 0000:00:14.1: DBG: linkreg=0x00000b14 rxkick=0x00000001 txkick=0x00000008 mask=0x007bfffe status=0x00000000 total_irq=2315113?
[  468.404046] ps4_mts 0000:00:14.1: DBG:   hist[0] pattern=0x00040000 count=2315180?
[  473.529261] ps4_mts 0000:00:14.1: DBG: linkreg=0x00000b14 rxkick=0x00000001 txkick=0x00000008 mask=0x007bfffe status=0x00000000 total_irq=2340800?
[  473.530256] ps4_mts 0000:00:14.1: DBG:   hist[0] pattern=0x00040000 count=2340867?
[  478.653277] ps4_mts 0000:00:14.1: DBG: linkreg=0x00000b14 rxkick=0x00000001 txkick=0x00000008 mask=0x007bfffe status=0x00000000 total_irq=2366488?
[  478.654272] ps4_mts 0000:00:14.1: DBG:   hist[0] pattern=0x00040000 count=2366554?
[  483.808453] ps4_mts 0000:00:14.1: DBG: linkreg=0x00000b14 rxkick=0x00000001 txkick=0x00000008 mask=0x007bfffe status=0x00000000 total_irq=2392175?
[  483.809456] ps4_mts 0000:00:14.1: DBG:   hist[0] pattern=0x00040000 count=2392242?
[  488.964364] ps4_mts 0000:00:14.1: DBG: linkreg=0x00000b14 rxkick=0x00000001 txkick=0x00000008 mask=0x007bfffe status=0x00000000 total_irq=2417862?
[  488.965363] ps4_mts 0000:00:14.1: DBG:   hist[0] pattern=0x00040000 count=2417929?
[  494.103304] ps4_mts 0000:00:14.1: DBG: linkreg=0x00000b14 rxkick=0x00000001 txkick=0x00000008 mask=0x007bfffe status=0x00000000 total_irq=2443550?
[  494.104301] ps4_mts 0000:00:14.1: DBG:   hist[0] pattern=0x00040000 count=2443616?
[  499.233741] ps4_mts 0000:00:14.1: DBG: linkreg=0x00000b14 rxkick=0x00000001 txkick=0x00000008 mask=0x007bfffe status=0x00000000 total_irq=2469237?
[  499.234736] ps4_mts 0000:00:14.1: DBG:   hist[0] pattern=0x00040000 count=2469304?
[  504.359889] ps4_mts 0000:00:14.1: DBG: linkreg=0x00000b14 rxkick=0x00000001 txkick=0x00000008 mask=0x007bfffe status=0x00000000 total_irq=2494924?
[  504.360883] ps4_mts 0000:00:14.1: DBG:   hist[0] pattern=0x00040000 count=2494991?
[  509.483874] ps4_mts 0000:00:14.1: DBG: linkreg=0x00000b14 rxkick=0x00000001 txkick=0x00000008 mask=0x007bfffe status=0x00000000 total_irq=2520611?
[  509.484869] ps4_mts 0000:00:14.1: DBG:   hist[0] pattern=0x00040000 count=2520678?
[  514.627384] ps4_mts 0000:00:14.1: DBG: linkreg=0x00000b14 rxkick=0x00000001 txkick=0x00000008 mask=0x007bfffe status=0x00000000 total_irq=2546299?
[  514.628389] ps4_mts 0000:00:14.1: DBG:   hist[0] pattern=0x00040000 count=2546365?
[  519.788971] ps4_mts 0000:00:14.1: DBG: linkreg=0x00000b14 rxkick=0x00000001 txkick=0x00000008 mask=0x007bfffe status=0x00000000 total_irq=2571986?
[  519.789971] ps4_mts 0000:00:14.1: DBG:   hist[0] pattern=0x00040000 count=2572053?
[  524.930723] ps4_mts 0000:00:14.1: DBG: linkreg=0x00000b14 rxkick=0x00000001 txkick=0x00000008 mask=0x007bfffe status=0x00000000 total_irq=2597673?
[  524.931720] ps4_mts 0000:00:14.1: DBG:   hist[0] pattern=0x00040000 count=2597740?
[  530.062551] ps4_mts 0000:00:14.1: DBG: linkreg=0x00000b14 rxkick=0x00000001 txkick=0x00000008 mask=0x007bfffe status=0x00000000 total_irq=2623361?
[  530.063546] ps4_mts 0000:00:14.1: DBG:   hist[0] pattern=0x00040000 count=2623427?
[  535.189404] ps4_mts 0000:00:14.1: DBG: linkreg=0x00000b14 rxkick=0x00000001 txkick=0x00000008 mask=0x007bfffe status=0x00000000 total_irq=2649048?
[  535.190397] ps4_mts 0000:00:14.1: DBG:   hist[0] pattern=0x00040000 count=2649115?
[  540.313748] ps4_mts 0000:00:14.1: DBG: linkreg=0x00000b14 rxkick=0x00000001 txkick=0x00000008 mask=0x007bfffe status=0x00000000 total_irq=2674735?
[  540.314739] ps4_mts 0000:00:14.1: DBG:   hist[0] pattern=0x00040000 count=2674802?
[  545.443970] ps4_mts 0000:00:14.1: DBG: linkreg=0x00000b14 rxkick=0x00000001 txkick=0x00000008 mask=0x007bfffe status=0x00000000 total_irq=2700422?
[  545.444976] ps4_mts 0000:00:14.1: DBG:   hist[0] pattern=0x00040000 count=2700489?
[  550.612396] ps4_mts 0000:00:14.1: DBG: linkreg=0x00000b14 rxkick=0x00000001 txkick=0x00000008 mask=0x007bfffe status=0x00000000 total_irq=2726110?
[  550.613397] ps4_mts 0000:00:14.1: DBG:   hist[0] pattern=0x00040000 count=2726176?
[  555.757606] ps4_mts 0000:00:14.1: DBG: linkreg=0x00000b14 rxkick=0x00000001 txkick=0x00000008 mask=0x007bfffe status=0x00000000 total_irq=2751797?
[  555.758603] ps4_mts 0000:00:14.1: DBG:   hist[0] pattern=0x00040000 count=2751864?
[  560.891178] ps4_mts 0000:00:14.1: DBG: linkreg=0x00000b14 rxkick=0x00000001 txkick=0x00000008 mask=0x007bfffe status=0x00000000 total_irq=2777484?
[  560.892168] ps4_mts 0000:00:14.1: DBG:   hist[0] pattern=0x00040000 count=2777551?
[  566.018879] ps4_mts 0000:00:14.1: DBG: linkreg=0x00000b14 rxkick=0x00000001 txkick=0x00000008 mask=0x007bfffe status=0x00000000 total_irq=2803172?
[  566.019874] ps4_mts 0000:00:14.1: DBG:   hist[0] pattern=0x00040000 count=2803238?
[  567.566065] audit: type=1101 audit(1778664217.699:145): pid=1213 uid=0 auid=4294967295 ses=4294967295 msg='op=PAM:accounting grantors=pam_access,pam_unix,pam_permit,pam_time acct="ps4" exe="/usr/lib/ssh/sshd-session" hostname=192.168.50.147 addr=192.168.50.147 terminal=ssh res=success'?
[  567.591945] audit: type=1103 audit(1778664217.702:146): pid=1213 uid=0 auid=4294967295 ses=4294967295 msg='op=PAM:setcred grantors=pam_shells,pam_faillock,pam_permit,pam_env,pam_faillock acct="ps4" exe="/usr/lib/ssh/sshd-session" hostname=192.168.50.147 addr=192.168.50.147 terminal=ssh res=success'?
[  567.618635] audit: type=1006 audit(1778664217.702:147): pid=1213 uid=0 old-auid=4294967295 auid=1000 tty=(none) old-ses=4294967295 ses=9 res=1?
[  567.631621] audit: type=1300 audit(1778664217.702:147): arch=c000003e syscall=1 success=yes exit=4 a0=6 a1=7ffedc138a60 a2=4 a3=0 items=0 ppid=843 pid=1213 auid=1000 uid=0 gid=0 euid=0 suid=0 fsuid=0 egid=0 sgid=0 fsgid=0 tty=(none) ses=9 comm="sshd-session" exe="/usr/lib/ssh/sshd-session" key=(null)?
[  567.659638] audit: type=1327 audit(1778664217.702:147): proctitle=737368642D73657373696F6E3A20707334205B707269765D?
[  567.676956] audit: type=1105 audit(1778664217.810:148): pid=1213 uid=0 auid=1000 ses=9 msg='op=PAM:session_open grantors=pam_loginuid,pam_keyinit,pam_systemd_home,pam_limits,pam_unix,pam_permit,pam_lastlog2,pam_mail,pam_umask,pam_systemd,pam_env acct="ps4" exe="/usr/lib/ssh/sshd-session" hostname=192.168.50.147 addr=192.168.50.147 terminal=ssh res=success'?
[  567.708720] audit: type=1103 audit(1778664217.814:149): pid=1219 uid=0 auid=1000 ses=9 msg='op=PAM:setcred grantors=pam_shells,pam_faillock,pam_permit,pam_env,pam_faillock acct="ps4" exe="/usr/lib/ssh/sshd-session" hostname=192.168.50.147 addr=192.168.50.147 terminal=ssh res=success'?
[  567.870250] audit: type=1101 audit(1778664218.003:150): pid=1224 uid=1000 auid=1000 ses=9 msg='op=PAM:accounting grantors=pam_unix,pam_permit,pam_time acct="ps4" exe="/usr/bin/sudo" hostname=? addr=? terminal=? res=success'?
[  567.890916] audit: type=1110 audit(1778664218.007:151): pid=1224 uid=1000 auid=1000 ses=9 msg='op=PAM:setcred grantors=pam_faillock,pam_permit,pam_env,pam_faillock acct="root" exe="/usr/bin/sudo" hostname=? addr=? terminal=? res=success'?
[  567.911904] audit: type=1105 audit(1778664218.007:152): pid=1224 uid=1000 auid=1000 ses=9 msg='op=PAM:session_open grantors=pam_systemd_home,pam_limits,pam_unix,pam_permit acct="root" exe="/usr/bin/sudo" hostname=? addr=? terminal=? res=success'?
[  571.143657] ps4_mts 0000:00:14.1: DBG: linkreg=0x00000b14 rxkick=0x00000001 txkick=0x00000008 mask=0x007bfffe status=0x00000000 total_irq=2828731?
[  571.144648] ps4_mts 0000:00:14.1: DBG:   hist[0] pattern=0x00040000 count=2828798?
[  574.732468] kauditd_printk_skb: 9 callbacks suppressed?
[  574.732468] audit: type=1101 audit(1778664224.865:162): pid=1252 uid=0 auid=4294967295 ses=4294967295 msg='op=PAM:accounting grantors=pam_access,pam_unix,pam_permit,pam_time acct="ps4" exe="/usr/lib/ssh/sshd-session" hostname=192.168.50.147 addr=192.168.50.147 terminal=ssh res=success'?
[  574.763110] audit: type=1103 audit(1778664224.869:163): pid=1252 uid=0 auid=4294967295 ses=4294967295 msg='op=PAM:setcred grantors=pam_shells,pam_faillock,pam_permit,pam_env,pam_faillock acct="ps4" exe="/usr/lib/ssh/sshd-session" hostname=192.168.50.147 addr=192.168.50.147 terminal=ssh res=success'?
[  574.790119] audit: type=1006 audit(1778664224.869:164): pid=1252 uid=0 old-auid=4294967295 auid=1000 tty=(none) old-ses=4294967295 ses=10 res=1?
[  574.803106] audit: type=1300 audit(1778664224.869:164): arch=c000003e syscall=1 success=yes exit=4 a0=6 a1=7ffda3af4f10 a2=4 a3=0 items=0 ppid=843 pid=1252 auid=1000 uid=0 gid=0 euid=0 suid=0 fsuid=0 egid=0 sgid=0 fsgid=0 tty=(none) ses=10 comm="sshd-session" exe="/usr/lib/ssh/sshd-session" key=(null)?
[  574.831124] audit: type=1327 audit(1778664224.869:164): proctitle=737368642D73657373696F6E3A20707334205B707269765D?
[  574.853214] audit: type=1105 audit(1778664224.986:165): pid=1252 uid=0 auid=1000 ses=10 msg='op=PAM:session_open grantors=pam_loginuid,pam_keyinit,pam_systemd_home,pam_limits,pam_unix,pam_permit,pam_lastlog2,pam_mail,pam_umask,pam_systemd,pam_env acct="ps4" exe="/usr/lib/ssh/sshd-session" hostname=192.168.50.147 addr=192.168.50.147 terminal=ssh res=success'?
[  574.885179] audit: type=1103 audit(1778664224.990:166): pid=1258 uid=0 auid=1000 ses=10 msg='op=PAM:setcred grantors=pam_shells,pam_faillock,pam_permit,pam_env,pam_faillock acct="ps4" exe="/usr/lib/ssh/sshd-session" hostname=192.168.50.147 addr=192.168.50.147 terminal=ssh res=success'?
[  575.198790] audit: type=1106 audit(1778664225.331:167): pid=1252 uid=0 auid=1000 ses=10 msg='op=PAM:session_close grantors=pam_loginuid,pam_keyinit,pam_systemd_home,pam_limits,pam_unix,pam_permit,pam_lastlog2,pam_mail,pam_umask,pam_systemd,pam_env acct="ps4" exe="/usr/lib/ssh/sshd-session" hostname=192.168.50.147 addr=192.168.50.147 terminal=ssh res=success'?
[  575.231391] audit: type=1104 audit(1778664225.331:168): pid=1252 uid=0 auid=1000 ses=10 msg='op=PAM:setcred grantors=pam_shells,pam_faillock,pam_permit,pam_env,pam_faillock acct="ps4" exe="/usr/lib/ssh/sshd-session" hostname=192.168.50.147 addr=192.168.50.147 terminal=ssh res=success'?
[  576.266950] ps4_mts 0000:00:14.1: DBG: linkreg=0x00000b14 rxkick=0x00000001 txkick=0x00000008 mask=0x007bfffe status=0x00000000 total_irq=2854418?
[  576.267940] ps4_mts 0000:00:14.1: DBG:   hist[0] pattern=0x00040000 count=2854485?
[  581.434112] ps4_mts 0000:00:14.1: DBG: linkreg=0x00000b14 rxkick=0x00000001 txkick=0x00000008 mask=0x007bfffe status=0x00000000 total_irq=2880105?
[  581.435116] ps4_mts 0000:00:14.1: DBG:   hist[0] pattern=0x00040000 count=2880172?
[  586.593110] ps4_mts 0000:00:14.1: DBG: linkreg=0x00000b14 rxkick=0x00000001 txkick=0x00000008 mask=0x007bfffe status=0x00000000 total_irq=2905793?
[  586.594109] ps4_mts 0000:00:14.1: DBG:   hist[0] pattern=0x00040000 count=2905859?
[  590.134034] audit: type=1101 audit(1778664240.267:169): pid=1273 uid=0 auid=4294967295 ses=4294967295 msg='op=PAM:accounting grantors=pam_access,pam_unix,pam_permit,pam_time acct="ps4" exe="/usr/lib/ssh/sshd-session" hostname=192.168.50.147 addr=192.168.50.147 terminal=ssh res=success'?
[  590.160955] audit: type=1103 audit(1778664240.294:170): pid=1273 uid=0 auid=4294967295 ses=4294967295 msg='op=PAM:setcred grantors=pam_shells,pam_faillock,pam_permit,pam_env,pam_faillock acct="ps4" exe="/usr/lib/ssh/sshd-session" hostname=192.168.50.147 addr=192.168.50.147 terminal=ssh res=success'?
[  590.188738] audit: type=1006 audit(1778664240.295:171): pid=1273 uid=0 old-auid=4294967295 auid=1000 tty=(none) old-ses=4294967295 ses=11 res=1?
[  590.201769] audit: type=1300 audit(1778664240.295:171): arch=c000003e syscall=1 success=yes exit=4 a0=6 a1=7ffc7173b660 a2=4 a3=0 items=0 ppid=843 pid=1273 auid=1000 uid=0 gid=0 euid=0 suid=0 fsuid=0 egid=0 sgid=0 fsgid=0 tty=(none) ses=11 comm="sshd-session" exe="/usr/lib/ssh/sshd-session" key=(null)?
[  590.228838] audit: type=1327 audit(1778664240.295:171): proctitle=737368642D73657373696F6E3A20707334205B707269765D?
[  590.251294] audit: type=1105 audit(1778664240.384:172): pid=1273 uid=0 auid=1000 ses=11 msg='op=PAM:session_open grantors=pam_loginuid,pam_keyinit,pam_systemd_home,pam_limits,pam_unix,pam_permit,pam_lastlog2,pam_mail,pam_umask,pam_systemd,pam_env acct="ps4" exe="/usr/lib/ssh/sshd-session" hostname=192.168.50.147 addr=192.168.50.147 terminal=ssh res=success'?
[  590.283061] audit: type=1103 audit(1778664240.388:173): pid=1280 uid=0 auid=1000 ses=11 msg='op=PAM:setcred grantors=pam_shells,pam_faillock,pam_permit,pam_env,pam_faillock acct="ps4" exe="/usr/lib/ssh/sshd-session" hostname=192.168.50.147 addr=192.168.50.147 terminal=ssh res=success'?
[  590.445001] audit: type=1101 audit(1778664240.578:174): pid=1285 uid=1000 auid=1000 ses=11 msg='op=PAM:accounting grantors=pam_unix,pam_permit,pam_time acct="ps4" exe="/usr/bin/sudo" hostname=? addr=? terminal=? res=success'?
[  590.464663] audit: type=1110 audit(1778664240.582:175): pid=1285 uid=1000 auid=1000 ses=11 msg='op=PAM:setcred grantors=pam_faillock,pam_permit,pam_env,pam_faillock acct="root" exe="/usr/bin/sudo" hostname=? addr=? terminal=? res=success'?
[  590.486715] audit: type=1105 audit(1778664240.582:176): pid=1285 uid=1000 auid=1000 ses=11 msg='op=PAM:session_open grantors=pam_systemd_home,pam_limits,pam_unix,pam_permit acct="root" exe="/usr/bin/sudo" hostname=? addr=? terminal=? res=success'?
[  591.733607] ps4_mts 0000:00:14.1: DBG: linkreg=0x00000b14 rxkick=0x00000001 txkick=0x00000008 mask=0x007bfffe status=0x00000000 total_irq=2931480?
[  591.734600] ps4_mts 0000:00:14.1: DBG:   hist[0] pattern=0x00040000 count=2931547?
[  593.029158] ps4_mts 0000:00:14.1: v93: ndo_stop enp0s20f1?
[  593.035316] [wlan][145]aisFsmRunEventAbort:(AIS STATE) EVENT-ABORT: Current State NORMAL_TR, ucReasonOfDisconnect:4?
[  593.046115] [wlan][145]aisFsmRunEventAbort:(AIS STATE) ucReasonOfDisconnect:4?
[  593.053118] [wlan][145]aisFsmStateAbort:(AIS STATE) aisFsmStateAbort DiscReason[4], CurState[11]?
[  593.062140] [wlan][145]aisFsmSteps:(AIS STATE) [AIS]TRANSITION: [NORMAL_TR] -> [DISCONNECTING]?
[  593.071194] [wlan][145]wlanoidSetCurrentPacketFilter:(REQ INFO) wlanoidSetCurrentPacketFilter?
[  593.071199] [wlan][145]wlanoidSetCurrentPacketFilter:(REQ INFO) New packet filter: 0x00000c?
[  593.088227] [wlan][145]aisDeauthXmitComplete:(AIS EVENT) aisDeauthXmitComplete?
[  593.095218] [wlan][145]aisFsmStateAbort:(AIS STATE) aisFsmStateAbort DiscReason[4], CurState[12]?
[  593.104287] [wlan][145]roamingFsmRunEventAbort:(ROAMING EVENT) EVENT-ROAMING ABORT: Current Time = 286551?
[  593.114266] [wlan][145]roamingFsmSteps:(ROAMING STATE) [ROAMING]TRANSITION: [DECISION] -> [IDLE]?
[  593.123290] [wlan][145]aisFsmSteps:(AIS STATE) [AIS]TRANSITION: [DISCONNECTING] -> [IDLE]?
[  593.132485] [wlan][145]wlanoidSendSetQueryP2PCmd:(REQ TRACE) Command ID = 0x000000C1?
[  593.140392] [wlan][145]wlanoidSendSetQueryP2PCmd:(REQ TRACE) ucCmdSeqNum =208?
[  593.148366] [wlan][145]wlanoidSendSetQueryP2PCmd:(REQ TRACE) Command ID = 0x000000C1?
[  593.156373] [wlan][145]wlanoidSendSetQueryP2PCmd:(REQ TRACE) ucCmdSeqNum =209?
[  593.164425] kvm: exiting hardware virtualization?
[  593.165420] kexec_core: Starting new kernel?
[    0.000000] ps4: x86_ps4_early_setup: PS4 early setup?
[    0.000000] Linux version 6.15.4-Baikal_TESTING_crashniels-dirty (meerzulee@cachynator) (gcc (GCC) 16.1.1 20260430, GNU ld (GNU Binutils) 2.46.0) #26 SMP PREEMPT_DYNAMIC Wed May 13 15:19:01 +06 2026?
[    0.000000] Command line: earlycon=uart8250,mmio32,0xC890E000,115200n8 console=tty0 keep_bootcon 8250.nr_uarts=0 iommu=pt intremap=off panic=10 loglevel=8 ignore_loglevel printk.devkmsg=on drm.edid_firmware=edid/1920x1080.bin video=HDMI-A-1:1920x1080@60D pci=nocrs libata.force=1.00:disable root=LABEL=psxitarch rootwait rw systemd.unit=multi-user.target systemd.log_level=info amdgpu.gpu_recovery=0 amdgpu.lockup_timeout=10000 amdgpu.gfx_off=0 amdgpu.runpm=0 amdgpu.bapm=0 amdgpu.dpm=0?
[    0.000000] KERNEL supported cpus:?
[    0.000000]   AMD AuthenticAMD?
[    0.000000] BIOS-provided physical RAM map:?
[    0.000000] BIOS-e820: [mem 0x0000000000000000-0x0000000000007fff] usable?
[    0.000000] BIOS-e820: [mem 0x0000000000008000-0x000000000007ffff] reserved?
[    0.000000] BIOS-e820: [mem 0x0000000000080000-0x0000000000099fff] usable?
[    0.000000] BIOS-e820: [mem 0x000000000009a000-0x00000000000bffff] reserved?
[    0.000000] BIOS-e820: [mem 0x00000000000e0000-0x00000000000effff] ACPI data?
[    0.000000] BIOS-e820: [mem 0x0000000000100000-0x00000000003fffff] usable?
[    0.000000] BIOS-e820: [mem 0x0000000000400000-0x000000000047ffff] reserved?
[    0.000000] BIOS-e820: [mem 0x0000000000480000-0x000000000067ffff] usable?
[    0.000000] BIOS-e820: [mem 0x0000000000680000-0x00000000006fffff] reserved?
[    0.000000] BIOS-e820: [mem 0x0000000000700000-0x000000007efe7fff] usable?
[    0.000000] BIOS-e820: [mem 0x000000007efe8000-0x000000007efeffff] ACPI NVS?
[    0.000000] BIOS-e820: [mem 0x000000007eff0000-0x000000007effffff] ACPI data?
[    0.000000] BIOS-e820: [mem 0x000000007f000000-0x000000007fffffff] usable?
[    0.000000] BIOS-e820: [mem 0x0000000080000000-0x00000000fbffffff] reserved?
[    0.000000] BIOS-e820: [mem 0x0000000100000000-0x000000013fffffff] reserved?
[    0.000000] BIOS-e820: [mem 0x0000000140000000-0x000000027effffff] usable?
[    0.000000] random: crng init done?
[    0.000000] earlycon: uart8250 at MMIO32 0x00000000c890e000 (options '115200n8')?
[    0.000000] printk: legacy bootconsole [uart8250] enabled?
[    0.000000] printk: debug: skip boot console de-registration.?
[    0.000000] printk: debug: ignoring loglevel setting.?
[    0.000000] NX (Execute Disable) protection: active?
[    0.000000] APIC: Static calls initialized?
[    0.000000] SMBIOS 2.1 present.?
[    0.000000] DMI:  , BIOS unde Wed 09/22/2021 16:2?
[    0.000000] DMI: Memory slots populated: 1/1?
[    0.000000] ps4: EMC timer started in 20801 TSC ticks?
[    0.000000] ps4: Calibrated TSC frequency: 1594104096 kHz?
[    0.000000] tsc: Detected 1594.104 MHz processor?
[    0.001423] e820: update [mem 0x00000000-0x00000fff] usable ==> reserved?
[    0.008248] e820: remove [mem 0x000a0000-0x000fffff] usable?
[    0.013930] last_pfn = 0x27f000 max_arch_pfn = 0x400000000?
[    0.019517] MTRR map: 6 entries (3 fixed + 3 variable; max 20), built from 9 variable MTRRs?
[    0.028017] x86/PAT: Configuration [0-7]: WB  WC  UC- UC  WB  WP  UC- WT  ?
[    0.035408] e820: update [mem 0x80000000-0x13fffffff] usable ==> reserved?
[    0.042337] last_pfn = 0x80000 max_arch_pfn = 0x400000000?
[    0.056445] Using GB pages for direct mapping?
[    0.062510] RAMDISK: [mem 0x27c208000-0x27c5fffff]?
[    0.067386] ACPI: Early table checksum verification disabled?
[    0.073144] ACPI: RSDP 0x00000000000E0000 000024 (v02 SIE   )?
[    0.078996] ACPI: XSDT 0x00000000000E0088 00004C (v01 SIE    ORBIS    20121218 INTL 20110211)?
[    0.087684] ACPI: FACP 0x00000000000E016C 0000F4 (v04 SIE    ORBIS    20130205 INTL 20110211)?
[    0.096371] ACPI: DSDT 0x00000000000E0430 00018C (v02 SIE    ORBIS    20121002 INTL 20110211)?
[    0.105052] ACPI: FACS 0x00000000000E012C 000040?
[    0.109751] ACPI: FACS 0x00000000000E012C 000040?
[    0.114452] ACPI: APIC 0x00000000000E0298 00006C (v02 SIE    ORBIS    20120725 INTL 20110211)?
[    0.123133] ACPI: MCFG 0x00000000000E0304 00003C (v01 SIE    ORBIS    20120725 INTL 20110211)?
[    0.131814] ACPI: SSDT 0x00000000000E0730 001944 (v01 AMD    POWERNOW 00000001 AMD  00000001)?
[    0.140495] ACPI: IVRS 0x00000000000E2074 000054 (v01 F0F    PS4KEXEC 20161225 KEXC 20161225)?
[    0.149176] ACPI: Reserving FACP table memory at [mem 0xe016c-0xe025f]?
[    0.155816] ACPI: Reserving DSDT table memory at [mem 0xe0430-0xe05bb]?
[    0.162455] ACPI: Reserving FACS table memory at [mem 0xe012c-0xe016b]?
[    0.169095] ACPI: Reserving FACS table memory at [mem 0xe012c-0xe016b]?
[    0.175736] ACPI: Reserving APIC table memory at [mem 0xe0298-0xe0303]?
[    0.182376] ACPI: Reserving MCFG table memory at [mem 0xe0304-0xe033f]?
[    0.189015] ACPI: Reserving SSDT table memory at [mem 0xe0730-0xe2073]?
[    0.195654] ACPI: Reserving IVRS table memory at [mem 0xe2074-0xe20c7]?
[    0.202371] No NUMA configuration found?
[    0.206269] Faking a node at [mem 0x0000000000000000-0x000000027effffff]?
[    0.213090] NODE_DATA(0) allocated [mem 0x27effc800-0x27effffff]?
[    0.219259] Zone ranges:?
[    0.221829]   DMA      [mem 0x0000000000001000-0x0000000000ffffff]?
[    0.228118]   DMA32    [mem 0x0000000001000000-0x00000000ffffffff]?
[    0.234407]   Normal   [mem 0x0000000100000000-0x000000027effffff]?
[    0.240694] Movable zone start for each node?
[    0.245034] Early memory node ranges?
[    0.248664]   node   0: [mem 0x0000000000001000-0x0000000000007fff]?
[    0.255041]   node   0: [mem 0x0000000000080000-0x0000000000099fff]?
[    0.261416]   node   0: [mem 0x0000000000100000-0x00000000003fffff]?
[    0.267790]   node   0: [mem 0x0000000000480000-0x000000000067ffff]?
[    0.274165]   node   0: [mem 0x0000000000700000-0x000000007efe7fff]?
[    0.280541]   node   0: [mem 0x000000007f000000-0x000000007fffffff]?
[    0.286915]   node   0: [mem 0x0000000140000000-0x000000027effffff]?
[    0.293292] Initmem setup node 0 [mem 0x0000000000001000-0x000000027effffff]?
[    0.300471] On node 0, zone DMA: 1 pages in unavailable ranges?
[    0.306411] On node 0, zone DMA: 120 pages in unavailable ranges?
[    0.312542] On node 0, zone DMA: 102 pages in unavailable ranges?
[    0.318669] On node 0, zone DMA: 128 pages in unavailable ranges?
[    0.324831] On node 0, zone DMA: 128 pages in unavailable ranges?
[    0.341254] On node 0, zone DMA32: 24 pages in unavailable ranges?
[    0.373682] On node 0, zone Normal: 4096 pages in unavailable ranges?
[    0.381061] ACPI: No IOAPIC entries present?
[    0.385314] ACPI: Using ACPI for processor (LAPIC) configuration information?
[    0.392499] CPU topo: Max. logical packages:   1?
[    0.397191] CPU topo: Max. logical dies:       1?
[    0.401883] CPU topo: Max. dies per package:   1?
[    0.406587] CPU topo: Max. threads per core:   1?
[    0.411280] CPU topo: Num. cores per package:     8?
[    0.416238] CPU topo: Num. threads per package:   8?
[    0.421195] CPU topo: Allowing 8 present CPUs plus 0 hotplug CPUs?
[    0.427422] [mem 0xfc000000-0xffffffff] available for PCI devices?
[    0.433623] clocksource: refined-jiffies: mask: 0xffffffff max_cycles: 0xffffffff, max_idle_ns: 1910969940391419 ns?
[    0.444259] setup_percpu: NR_CPUS:8 nr_cpumask_bits:8 nr_cpu_ids:8 nr_node_ids:1?
[    0.452461] percpu: Embedded 42 pages/cpu s131544 r8192 d32296 u262144?
[    0.459123] pcpu-alloc: s131544 r8192 d32296 u262144 alloc=1*2097152?
[    0.465591] pcpu-alloc: [0] 0 1 2 3 4 5 6 7 ?
[    0.469974] Kernel command line: earlycon=uart8250,mmio32,0xC890E000,115200n8 console=tty0 keep_bootcon 8250.nr_uarts=0 iommu=pt intremap=off panic=10 loglevel=8 ignore_loglevel printk.devkmsg=on drm.edid_firmware=edid/1920x1080.bin video=HDMI-A-1:1920x1080@60D pci=nocrs libata.force=1.00:disable root=LABEL=psxitarch rootwait rw systemd.unit=multi-user.target systemd.log_level=info amdgpu.gpu_recovery=0 amdgpu.lockup_timeout=10000 amdgpu.gfx_off=0 amdgpu.runpm=0 amdgpu.bapm=0 amdgpu.dpm=0?
[    0.514342] Setting dangerous option amdgpu.gpu_recovery - tainting kernel?
[    0.521400] printk: log buffer data + meta data: 262144 + 917504 = 1179648 bytes?
[    0.530736] Dentry cache hash table entries: 1048576 (order: 11, 8388608 bytes, linear)?
[    0.539809] Inode-cache hash table entries: 524288 (order: 10, 4194304 bytes, linear)?
[    0.547882] software IO TLB: area num 8.?
[    0.581176] Fallback order for Node 0: 0 ?
[    0.581195] Built 1 zonelists, mobility grouping on.  Total pages: 1830409?
[    0.592269] Policy zone: Normal?
[    0.595460] mem auto-init: stack:off, heap alloc:off, heap free:off?
[    0.639905] SLUB: HWalign=64, Order=0-3, MinObjects=0, CPUs=8, Nodes=1?
[    0.647690] Dynamic Preempt: voluntary?
[    0.651594] rcu: Preemptible hierarchical RCU implementation.?
[    0.657440] rcu: RCU calculated value of scheduler-enlistment delay is 100 jiffies.?
[    0.665254] NR_IRQS: 4352, nr_irqs: 128, preallocated irqs: 0?
[    0.671162] rcu: srcu_init: Setting srcu_struct sizes based on contention.?
[    0.678269] Console: colour dummy device 80x25?
[    0.682792] printk: legacy console [tty0] enabled?
[    0.687618] ACPI: Core revision 20240827?
[    0.691677] ACPI: setting ELCR to 0200 (from ffff)?
[    0.696569] Failed to register legacy timer interrupt?
[    0.701708] APIC: Switch to symmetric I/O mode setup?
[    0.706767] clocksource: tsc-early: mask: 0xffffffffffffffff max_cycles: 0x16fa6340cb4, max_idle_ns: 440795264023 ns?
[    0.717494] Calibrating delay loop (skipped), value calculated using timer frequency.. 3188.20 BogoMIPS (lpj=1594104)?
[    0.718488] Last level iTLB entries: 4KB 512, 2MB 8, 4MB 4?
[    0.718488] Last level dTLB entries: 4KB 512, 2MB 256, 4MB 128, 1GB 0?
[    0.718488] Spectre V1 : Mitigation: usercopy/swapgs barriers and __user pointer sanitization?
[    0.718488] Spectre V2 : Mitigation: Retpolines?
[    0.718488] Spectre V2 : Spectre v2 / SpectreRSB: Filling RSB on context switch and VMEXIT?
[    0.718488] RETBleed: Mitigation: untrained return thunk?
[    0.718488] Speculative Store Bypass: Mitigation: Speculative Store Bypass disabled via prctl?
[    0.718488] x86/fpu: Supporting XSAVE feature 0x001: 'x87 floating point registers'?
[    0.718488] x86/fpu: Supporting XSAVE feature 0x002: 'SSE registers'?
[    0.718488] x86/fpu: Supporting XSAVE feature 0x004: 'AVX registers'?
[    0.718488] x86/fpu: xstate_offset[2]:  576, xstate_sizes[2]:  256?
[    0.718488] x86/fpu: Enabled xstate features 0x7, context size is 832 bytes, using 'standard' format.?
[    0.718488] Freeing SMP alternatives memory: 52K?
[    0.718488] pid_max: default: 32768 minimum: 301?
[    0.718488] Mount-cache hash table entries: 16384 (order: 5, 131072 bytes, linear)?
[    0.718488] Mountpoint-cache hash table entries: 16384 (order: 5, 131072 bytes, linear)?
[    0.718488] smpboot: CPU0: AMD DG1401SNF87ID (family: 0x16, model: 0x1a, stepping: 0x0)?
[    0.719083] Performance Events: AMD PMU driver.?
[    0.719494] ... version:                0?
[    0.720492] ... bit width:              48?
[    0.721492] ... generic registers:      4?
[    0.722492] ... value mask:             0000ffffffffffff?
[    0.723492] ... max period:             00007fffffffffff?
[    0.724492] ... fixed-purpose events:   0?
[    0.725492] ... event mask:             000000000000000f?
[    0.726710] signal: max sigframe size: 1776?
[    0.727574] rcu: Hierarchical SRCU implementation.?
[    0.728493] rcu: 	Max phase no-delay instances is 400.?
[    0.729636] Timer migration: 1 hierarchy levels; 8 children per group; 1 crossnode level?
[    0.733789] smp: Bringing up secondary CPUs ...?
[    0.735730] smpboot: x86: Booting SMP configuration:?
[    0.736497] .... node  #0, CPUs:      #1 #2 #3 #4 #5 #6 #7?
[    0.718488] Spurious APIC interrupt (vector 0xFF) on CPU#5, should never happen.?
[    0.759595] smp: Brought up 1 node, 8 CPUs?
[    0.760494] smpboot: Total of 8 processors activated (25505.66 BogoMIPS)?
[    0.762706] Memory: 7077808K/7321636K available (23479K kernel code, 2053K rwdata, 8788K rodata, 1624K init, 2232K bss, 239832K reserved, 0K cma-reserved)?
[    0.764586] devtmpfs: initialized?
[    0.766902] clocksource: jiffies: mask: 0xffffffff max_cycles: 0xffffffff, max_idle_ns: 1911260446275000 ns?
[    0.767517] posixtimers hash table entries: 4096 (order: 4, 65536 bytes, linear)?
[    0.768514] futex hash table entries: 2048 (order: 5, 131072 bytes, linear)?
[    0.769578] prandom: seed boundary self test passed?
[    0.772065] prandom: 100 self tests passed?
[    0.772634] NET: Registered PF_NETLINK/PF_ROUTE protocol family?
[    0.774593] audit: initializing netlink subsys (disabled)?
[    0.775543] audit: type=2000 audit(0.058:1): state=initialized audit_enabled=0 res=1?
[    0.775669] i2c-core: driver [dummy] registered?
[    0.777496] thermal_sys: Registered thermal governor 'step_wise'?
[    0.777522] cpuidle: using governor ladder?
[    0.779500] cpuidle: using governor menu?
[    0.781679] ps4: ps4: pre-allocated IRQ 9 desc for ACPI SCI (virq=9)?
[    0.782750] PCI: ECAM [mem 0xf8000000-0xfbffffff] (base 0xf8000000) for domain 0000 [bus 00-3f]?
[    0.783510] PCI: Using configuration type 1 for base access?
[    0.785547] HugeTLB: allocation took 0ms with hugepage_allocation_threads=2?
[    0.786525] HugeTLB: registered 2.00 MiB page size, pre-allocated 0 pages?
[    0.787492] HugeTLB: 28 KiB vmemmap can be freed for a 2.00 MiB page?
[    0.789806] cryptd: max_cpu_qlen set to 1000?
[    0.808493] raid6: sse2x4   gen()  4047 MB/s?
[    0.826493] raid6: sse2x2   gen()  3952 MB/s?
[    0.844490] raid6: sse2x1   gen()  3184 MB/s?
[    0.845492] raid6: using algorithm sse2x4 gen() 4047 MB/s?
[    0.863495] raid6: .... xor() 2013 MB/s, rmw enabled?
[    0.864493] raid6: using ssse3x2 recovery algorithm?
[    0.865598] ACPI: Added _OSI(Module Device)?
[    0.866494] ACPI: Added _OSI(Processor Device)?
[    0.867493] ACPI: Added _OSI(Processor Aggregator Device)?
[    0.870765] ACPI: 2 ACPI AML tables successfully acquired and loaded?
[    0.880610] ACPI: Interpreter enabled?
[    0.881507] ACPI: PM: (supports S0 S5)?
[    0.882493] ACPI: Using PIC for interrupt routing?
[    0.883519] PCI: Ignoring host bridge windows from ACPI; if necessary, use "pci=use_crs" and report a bug?
[    0.884493] PCI: Using E820 reservations for host bridge windows?
[    0.886920] acpi PNP0A03:00: [Firmware Bug]: no secondary bus range in _CRS?
[    0.887508] ACPI: PCI Root Bridge [PCI0] (domain 0000 [bus 00-ff])?
[    0.888499] acpi PNP0A03:00: _OSC: OS supports [ExtendedConfig ASPM ClockPM Segments MSI HPX-Type3]?
[    0.889510] acpi PNP0A03:00: [Firmware Info]: ECAM [mem 0xf8000000-0xfbffffff] for domain 0000 [bus 00-3f] only partially covers this bridge?
[    0.890515] acpi PNP0A03:00: host bridge window [io  0x0cf8-0x0cff] (ignored)?
[    0.891493] PCI: root bus 00: using default resources?
[    0.892546] PCI host bridge to bus 0000:00?
[    0.893499] pci_bus 0000:00: root bus resource [io  0x0000-0xffff]?
[    0.894493] pci_bus 0000:00: root bus resource [mem 0x00000000-0xffffffffff]?
[    0.895493] pci_bus 0000:00: root bus resource [bus 00-ff]?
[    0.896511] pci 0000:00:00.0: [1022:1436] type 00 class 0x060000 conventional PCI endpoint?
[    0.897621] pci 0000:00:00.2: [1022:1437] type 00 class 0x080600 conventional PCI endpoint?
[    0.898625] pci 0000:00:01.0: [1002:9923] type 00 class 0x030000 PCIe Root Complex Integrated Endpoint?
[    0.899515] pci 0000:00:01.0: BAR 0 [mem 0xe0000000-0xe3ffffff 64bit pref]?
[    0.900494] pci 0000:00:01.0: BAR 2 [mem 0xe4000000-0xe47fffff 64bit pref]?
[    0.901494] pci 0000:00:01.0: BAR 4 [io  0x6000-0x60ff]?
[    0.902494] pci 0000:00:01.0: BAR 5 [mem 0xe4800000-0xe483ffff]?
[    0.903493] pci 0000:00:01.0: ROM [mem 0x00000000-0x0001ffff pref]?
[    0.904512] pci 0000:00:01.0: Video device with shadowed ROM at [mem 0x000c0000-0x000dffff]?
[    0.905512] pci 0000:00:01.0: supports D1 D2?
[    0.906492] pci 0000:00:01.0: PME# supported from D1 D2 D3hot?
[    0.907594] pci 0000:00:01.1: [1002:9921] type 00 class 0x040300 PCIe Root Complex Integrated Endpoint?
[    0.908514] pci 0000:00:01.1: BAR 0 [mem 0xe4840000-0xe4843fff 64bit]?
[    0.909527] pci 0000:00:01.1: supports D1 D2?
[    0.910594] pci 0000:00:02.0: [1022:1438] type 00 class 0x060000 conventional PCI endpoint?
[    0.912567] pci 0000:00:14.0: [104d:90d7] type 00 class 0x088000 PCIe Endpoint?
[    0.913533] pci 0000:00:14.0: BAR 0 [mem 0xfdf8000000-0xfdf9ffffff 64bit]?
[    0.914494] pci 0000:00:14.0: BAR 2 [io  0x1000-0x13ff]?
[    0.915687] pci 0000:00:14.1: [104d:90d8] type 00 class 0x088001 PCIe Endpoint?
[    0.916533] pci 0000:00:14.1: BAR 0 [mem 0xc2000000-0xc2000fff 64bit]?
[    0.918597] pci 0000:00:14.2: [104d:90d9] type 00 class 0x088002 PCIe Endpoint?
[    0.919533] pci 0000:00:14.2: BAR 0 [mem 0xc4000000-0xc4007fff 64bit]?
[    0.920684] pci 0000:00:14.3: [104d:90da] type 00 class 0x088003 PCIe Endpoint?
[    0.921533] pci 0000:00:14.3: BAR 0 [mem 0xc6000000-0xc6000fff 64bit]?
[    0.922687] pci 0000:00:14.4: [104d:90db] type 00 class 0x088004 PCIe Endpoint?
[    0.923533] pci 0000:00:14.4: BAR 0 [mem 0xc8000000-0xc8001fff 64bit]?
[    0.924495] pci 0000:00:14.4: BAR 2 [mem 0xc8800000-0xc89fffff 64bit]?
[    0.925495] pci 0000:00:14.4: BAR 4 [mem 0xc9000000-0xc91fffff 64bit]?
[    0.927680] pci 0000:00:14.5: [104d:90dc] type 00 class 0x088005 PCIe Endpoint?
[    0.928533] pci 0000:00:14.5: BAR 0 [mem 0xca000000-0xca000fff 64bit]?
[    0.929495] pci 0000:00:14.5: BAR 2 [mem 0xca800000-0xca800fff 64bit]?
[    0.930681] pci 0000:00:14.6: [104d:90dd] type 00 class 0x088006 PCIe Endpoint?
[    0.931533] pci 0000:00:14.6: BAR 0 [mem 0xcc000000-0xcc000fff 64bit]?
[    0.932495] pci 0000:00:14.6: BAR 2 [mem 0x80000000-0xbfffffff 64bit]?
[    0.933494] pci 0000:00:14.6: BAR 4 [mem 0xcd000000-0xcd0fffff]?
[    0.934494] pci 0000:00:14.6: BAR 5 [mem 0xcd400000-0xcd43ffff]?
[    0.935679] pci 0000:00:14.7: [104d:90de] type 00 class 0x088007 PCIe Endpoint?
[    0.936533] pci 0000:00:14.7: BAR 0 [mem 0xce000000-0xce3fffff 64bit]?
[    0.937495] pci 0000:00:14.7: BAR 2 [mem 0xce800000-0xce80ffff 64bit]?
[    0.938495] pci 0000:00:14.7: BAR 4 [mem 0xcf000000-0xcf7fffff 64bit]?
[    0.939674] pci 0000:00:18.0: [1022:142e] type 00 class 0x060000 conventional PCI endpoint?
[    0.941600] pci 0000:00:18.1: [1022:142f] type 00 class 0x060000 conventional PCI endpoint?
[    0.942603] pci 0000:00:18.2: [1022:1430] type 00 class 0x060000 conventional PCI endpoint?
[    0.943598] pci 0000:00:18.3: [1022:1431] type 00 class 0x060000 conventional PCI endpoint?
[    0.944603] pci 0000:00:18.4: [1022:1432] type 00 class 0x060000 conventional PCI endpoint?
[    0.945595] pci 0000:00:18.5: [1022:1433] type 00 class 0x060000 conventional PCI endpoint?
[    0.946596] pci 0000:00:18.6: [1022:1434] type 00 class 0x060000 conventional PCI endpoint?
[    0.947701] iommu: Default domain type: Passthrough (set via kernel command line)?
[    0.948682] SCSI subsystem initialized?
[    0.949519] libata version 3.00 loaded.?
[    0.950558] ACPI: bus type USB registered?
[    0.951548] usbcore: registered new interface driver usbfs?
[    0.952516] usbcore: registered new interface driver hub?
[    0.953516] usbcore: registered new device driver usb?
[    0.954675] Advanced Linux Sound Architecture Driver Initialized.?
[    0.956700] Bluetooth: Core ver 2.22?
[    0.957506] NET: Registered PF_BLUETOOTH protocol family?
[    0.958492] Bluetooth: HCI device and connection manager initialized?
[    0.959495] Bluetooth: HCI socket layer initialized?
[    0.960495] Bluetooth: L2CAP socket layer initialized?
[    0.961500] Bluetooth: SCO socket layer initialized?
[    0.963515] PCI: Using ACPI for IRQ routing?
[    0.966778] PCI: pci_cache_line_size set to 64 bytes?
[    0.967534] e820: reserve RAM buffer [mem 0x00008000-0x0000ffff]?
[    0.968493] e820: reserve RAM buffer [mem 0x0009a000-0x0009ffff]?
[    0.969493] e820: reserve RAM buffer [mem 0x00680000-0x006fffff]?
[    0.970493] e820: reserve RAM buffer [mem 0x7efe8000-0x7fffffff]?
[    0.971493] e820: reserve RAM buffer [mem 0x27f000000-0x27fffffff]?
[    0.972524] pci 0000:00:01.0: vgaarb: setting as boot VGA device?
[    0.973488] pci 0000:00:01.0: vgaarb: bridge control possible?
[    0.973488] pci 0000:00:01.0: vgaarb: VGA device added: decodes=io+mem,owns=io+mem,locks=none?
[    0.973504] vgaarb: loaded?
[    0.974772] clocksource: Switched to clocksource tsc-early?
[    0.980343] pnp: PnP ACPI init?
[    0.983504] pnp: PnP ACPI: found 0 devices?
[    0.992342] NET: Registered PF_INET protocol family?
[    0.997618] IP idents hash table entries: 131072 (order: 8, 1048576 bytes, linear)?
[    1.009442] tcp_listen_portaddr_hash hash table entries: 4096 (order: 4, 65536 bytes, linear)?
[    1.018176] Table-perturb hash table entries: 65536 (order: 6, 262144 bytes, linear)?
[    1.026102] TCP established hash table entries: 65536 (order: 7, 524288 bytes, linear)?
[    1.034447] TCP bind hash table entries: 65536 (order: 9, 2097152 bytes, linear)?
[    1.042650] TCP: Hash tables configured (established 65536 bind 65536)?
[    1.049419] UDP hash table entries: 4096 (order: 6, 262144 bytes, linear)?
[    1.056435] UDP-Lite hash table entries: 4096 (order: 6, 262144 bytes, linear)?
[    1.063969] NET: Registered PF_UNIX/PF_LOCAL protocol family?
[    1.070118] RPC: Registered named UNIX socket transport module.?
[    1.076159] RPC: Registered udp transport module.?
[    1.080952] RPC: Registered tcp transport module.?
[    1.085745] RPC: Registered tcp-with-tls transport module.?
[    1.091336] RPC: Registered tcp NFSv4.1 backchannel transport module.?
[    1.098379] pci_bus 0000:00: resource 4 [io  0x0000-0xffff]?
[    1.104073] pci_bus 0000:00: resource 5 [mem 0x00000000-0xffffffffff]?
[    1.110728] pci 0000:00:01.1: D0 power state depends on 0000:00:01.0?
[    1.117215] pci 0000:00:02.0: CLS mismatch (64 != 512), using 64 bytes?
[    1.123983] AMD-Vi: Using global IVHD EFR:0x0, EFR2:0x0?
[    1.124221] Trying to unpack rootfs image as initramfs...?
[    1.129559] pci 0000:00:00.0: Adding to iommu group 0?
[    1.140082] pci 0000:00:14.0: Adding to iommu group 1?
[    1.145264] pci 0000:00:14.1: Adding to iommu group 1?
[    1.150457] pci 0000:00:14.2: Adding to iommu group 1?
[    1.155640] pci 0000:00:14.3: Adding to iommu group 1?
[    1.160826] pci 0000:00:14.4: Adding to iommu group 1?
[    1.166015] pci 0000:00:14.5: Adding to iommu group 1?
[    1.171205] pci 0000:00:14.6: Adding to iommu group 1?
[    1.176390] pci 0000:00:14.7: Adding to iommu group 1?
[    1.181621] AMD-Vi: Extended features (0x840, 0x0): IA?
[    1.187145] PCI-DMA: Using software bounce buffering for IO (SWIOTLB)?
[    1.193725] software IO TLB: mapped [mem 0x000000007afe8000-0x000000007efe8000] (64MB)?
[    1.201968] LVT offset 0 assigned for vector 0x400?
[    1.207644] perf: AMD IBS detected (0x000000ff)?
[    1.212320] kvm_amd: TSC scaling supported?
[    1.216498] kvm_amd: Nested Virtualization enabled?
[    1.221382] kvm_amd: Nested Paging enabled?
[    1.225557] kvm_amd: LBR virtualization supported?
[    1.254457] Freeing initrd memory: 4064K?
[    1.264258] platform rtc_cmos: registered platform RTC device (no PNP device found)?
[    1.275100] Initialise system trusted keyrings?
[    1.279765] workingset: timestamp_bits=40 max_order=21 bucket_order=0?
[    1.286758] ntfs3: Warning: Activated 64 bits per cluster. Windows does not support this?
[    1.295102] fuse: init (API version 7.43)?
[    1.335193] NET: Registered PF_ALG protocol family?
[    1.340083] xor: automatically using best checksumming function   avx       ?
[    1.347269] Key type asymmetric registered?
[    1.351444] Asymmetric key parser 'x509' registered?
[    1.356454] Block layer SCSI generic (bsg) driver version 0.4 loaded (major 252)?
[    1.363995] io scheduler mq-deadline registered?
[    1.368612] io scheduler kyber registered?
[    1.374827] Could not retrieve perf counters (-19)?
[    1.408788] Non-volatile memory driver v1.3?
[    1.413075] Linux agpgart interface v0.103?
[    1.417693] ACPI: bus type drm_connector registered?
[    1.422691] [drm] amdgpu kernel modesetting enabled.?
[    1.429429] brd: module loaded?
[    1.435973] loop: module loaded?
[    1.439211] i2c-core: driver [at24] registered?
[    1.443948] baikal_pcie 0000:00:14.4: bpcie_probe()?
[    1.448964] baikal_pcie 0000:00:14.4: bpcie glue probe?
[    1.454210] baikal_pcie 0000:00:14.4: Baikal chip revision: 4c0c2021:8d76a398:0000b100?
[    1.462284] pci 0000:00:14.0: bpcie_create_irq_domain?
[    1.467439] baikal_pcie 0000:00:14.4: devid = 164?
[    1.472235] baikal_pcie 0000:00:14.4: no parent ?
[    1.476946] bpcie_create_irq_domain: marked Baikal-MSI-164-3-14 as MSI parent (flags=0x113 bus_token=AMDVI)?
[    1.486873] pci 0000:00:14.1: bpcie_create_irq_domain?
[    1.492023] baikal_pcie 0000:00:14.4: devid = 164?
[    1.496819] baikal_pcie 0000:00:14.4: no parent ?
[    1.501528] bpcie_create_irq_domain: marked Baikal-MSI-164-3-14 as MSI parent (flags=0x113 bus_token=AMDVI)?
[    1.511457] pci 0000:00:14.2: bpcie_create_irq_domain?
[    1.516609] baikal_pcie 0000:00:14.4: devid = 164?
[    1.521404] baikal_pcie 0000:00:14.4: no parent ?
[    1.526113] bpcie_create_irq_domain: marked Baikal-MSI-164-3-14 as MSI parent (flags=0x113 bus_token=AMDVI)?
[    1.536043] pci 0000:00:14.3: bpcie_create_irq_domain?
[    1.541192] baikal_pcie 0000:00:14.4: devid = 164?
[    1.545987] baikal_pcie 0000:00:14.4: no parent ?
[    1.550697] bpcie_create_irq_domain: marked Baikal-MSI-164-3-14 as MSI parent (flags=0x113 bus_token=AMDVI)?
[    1.560625] baikal_pcie 0000:00:14.4: bpcie_create_irq_domain?
[    1.566483] baikal_pcie 0000:00:14.4: devid = 164?
[    1.571278] baikal_pcie 0000:00:14.4: no parent ?
[    1.575985] bpcie_create_irq_domain: marked Baikal-MSI-164-3-14 as MSI parent (flags=0x113 bus_token=AMDVI)?
[    1.585915] pci 0000:00:14.5: bpcie_create_irq_domain?
[    1.591065] baikal_pcie 0000:00:14.4: devid = 164?
[    1.595860] baikal_pcie 0000:00:14.4: no parent ?
[    1.600568] bpcie_create_irq_domain: marked Baikal-MSI-164-3-14 as MSI parent (flags=0x113 bus_token=AMDVI)?
[    1.610498] pci 0000:00:14.6: bpcie_create_irq_domain?
[    1.615647] baikal_pcie 0000:00:14.4: devid = 164?
[    1.620441] baikal_pcie 0000:00:14.4: no parent ?
[    1.625151] bpcie_create_irq_domain: marked Baikal-MSI-164-3-14 as MSI parent (flags=0x113 bus_token=AMDVI)?
[    1.635081] pci 0000:00:14.7: bpcie_create_irq_domain?
[    1.640230] baikal_pcie 0000:00:14.4: devid = 164?
[    1.645028] baikal_pcie 0000:00:14.4: no parent ?
[    1.649736] bpcie_create_irq_domain: marked Baikal-MSI-164-3-14 as MSI parent (flags=0x113 bus_token=AMDVI)?
[    1.659677] bpcie_init_dev_msi_info: dev=0000:00:14.4 installed bpcie demuxer (sc=0000000013df904c)?
[    1.669537] bpcie_msi_init: virq=10 hwirq=0x0 domain=00000000abf35fc3 info=0000000035ea9352 sc=0000000013df904c?
[    1.679829] bpcie_msi_init: registered virq=10 irq_map[0]?
[    1.685331] bpcie_msi_init: virq=11 hwirq=0x1 domain=00000000abf35fc3 info=0000000035ea9352 sc=0000000013df904c?
[    1.695615] bpcie_msi_init: registered virq=11 irq_map[1]?
[    1.701117] bpcie_msi_init: virq=12 hwirq=0x2 domain=00000000abf35fc3 info=0000000035ea9352 sc=0000000013df904c?
[    1.711400] bpcie_msi_init: registered virq=12 irq_map[2]?
[    1.716901] bpcie_msi_init: virq=13 hwirq=0x3 domain=00000000abf35fc3 info=0000000035ea9352 sc=0000000013df904c?
[    1.727186] bpcie_msi_init: registered virq=13 irq_map[3]?
[    1.732687] bpcie_msi_init: virq=14 hwirq=0x4 domain=00000000abf35fc3 info=0000000035ea9352 sc=0000000013df904c?
[    1.742970] bpcie_msi_init: registered virq=14 irq_map[4]?
[    1.748470] bpcie_msi_init: virq=15 hwirq=0x5 domain=00000000abf35fc3 info=0000000035ea9352 sc=0000000013df904c?
[    1.758755] bpcie_msi_init: registered virq=15 irq_map[5]?
[    1.764256] bpcie_msi_init: virq=16 hwirq=0x6 domain=00000000abf35fc3 info=0000000035ea9352 sc=0000000013df904c?
[    1.774540] bpcie_msi_init: registered virq=16 irq_map[6]?
[    1.780042] bpcie_msi_init: virq=17 hwirq=0x7 domain=00000000abf35fc3 info=0000000035ea9352 sc=0000000013df904c?
[    1.790325] bpcie_msi_init: registered virq=17 irq_map[7]?
[    1.795826] bpcie_msi_init: virq=18 hwirq=0x8 domain=00000000abf35fc3 info=0000000035ea9352 sc=0000000013df904c?
[    1.806110] bpcie_msi_init: registered virq=18 irq_map[8]?
[    1.811612] bpcie_msi_init: virq=19 hwirq=0x9 domain=00000000abf35fc3 info=0000000035ea9352 sc=0000000013df904c?
[    1.821898] bpcie_msi_init: registered virq=19 irq_map[9]?
[    1.827402] bpcie_msi_init: virq=20 hwirq=0xa domain=00000000abf35fc3 info=0000000035ea9352 sc=0000000013df904c?
[    1.837686] bpcie_msi_init: registered virq=20 irq_map[10]?
[    1.843275] bpcie_msi_init: virq=21 hwirq=0xb domain=00000000abf35fc3 info=0000000035ea9352 sc=0000000013df904c?
[    1.853559] bpcie_msi_init: registered virq=21 irq_map[11]?
[    1.859150] bpcie_msi_init: virq=22 hwirq=0xc domain=00000000abf35fc3 info=0000000035ea9352 sc=0000000013df904c?
[    1.869434] bpcie_msi_init: registered virq=22 irq_map[12]?
[    1.875025] bpcie_msi_init: virq=23 hwirq=0xd domain=00000000abf35fc3 info=0000000035ea9352 sc=0000000013df904c?
[    1.885309] bpcie_msi_init: registered virq=23 irq_map[13]?
[    1.890900] bpcie_msi_init: virq=24 hwirq=0xe domain=00000000abf35fc3 info=0000000035ea9352 sc=0000000013df904c?
[    1.901183] bpcie_msi_init: registered virq=24 irq_map[14]?
[    1.906771] bpcie_msi_init: virq=25 hwirq=0xf domain=00000000abf35fc3 info=0000000035ea9352 sc=0000000013df904c?
[    1.917055] bpcie_msi_init: registered virq=25 irq_map[15]?
[    1.922645] bpcie_msi_init: virq=26 hwirq=0x10 domain=00000000abf35fc3 info=0000000035ea9352 sc=0000000013df904c?
[    1.933019] bpcie_msi_init: registered virq=26 irq_map[16]?
[    1.938609] bpcie_msi_init: virq=27 hwirq=0x11 domain=00000000abf35fc3 info=0000000035ea9352 sc=0000000013df904c?
[    1.948982] bpcie_msi_init: registered virq=27 irq_map[17]?
[    1.954572] bpcie_msi_init: virq=28 hwirq=0x12 domain=00000000abf35fc3 info=0000000035ea9352 sc=0000000013df904c?
[    1.964944] bpcie_msi_init: registered virq=28 irq_map[18]?
[    1.970534] bpcie_msi_init: virq=29 hwirq=0x13 domain=00000000abf35fc3 info=0000000035ea9352 sc=0000000013df904c?
[    1.980905] bpcie_msi_init: registered virq=29 irq_map[19]?
[    1.986496] bpcie_msi_init: virq=30 hwirq=0x14 domain=00000000abf35fc3 info=0000000035ea9352 sc=0000000013df904c?
[    1.996869] bpcie_msi_init: registered virq=30 irq_map[20]?
[    2.002459] bpcie_msi_init: virq=31 hwirq=0x15 domain=00000000abf35fc3 info=0000000035ea9352 sc=0000000013df904c?
[    2.012832] bpcie_msi_init: registered virq=31 irq_map[21]?
[    2.018420] bpcie_msi_init: virq=32 hwirq=0x16 domain=00000000abf35fc3 info=0000000035ea9352 sc=0000000013df904c?
[    2.028792] bpcie_msi_init: registered virq=32 irq_map[22]?
[    2.034381] bpcie_msi_init: virq=33 hwirq=0x17 domain=00000000abf35fc3 info=0000000035ea9352 sc=0000000013df904c?
[    2.044753] bpcie_msi_init: registered virq=33 irq_map[23]?
[    2.050344] bpcie_msi_init: virq=34 hwirq=0x18 domain=00000000abf35fc3 info=0000000035ea9352 sc=0000000013df904c?
[    2.060717] bpcie_msi_init: registered virq=34 irq_map[24]?
[    2.066307] bpcie_msi_init: virq=35 hwirq=0x19 domain=00000000abf35fc3 info=0000000035ea9352 sc=0000000013df904c?
[    2.076680] bpcie_msi_init: registered virq=35 irq_map[25]?
[    2.082268] bpcie_msi_init: virq=36 hwirq=0x1a domain=00000000abf35fc3 info=0000000035ea9352 sc=0000000013df904c?
[    2.092640] bpcie_msi_init: registered virq=36 irq_map[26]?
[    2.098231] bpcie_msi_init: virq=37 hwirq=0x1b domain=00000000abf35fc3 info=0000000035ea9352 sc=0000000013df904c?
[    2.108603] bpcie_msi_init: registered virq=37 irq_map[27]?
[    2.114193] bpcie_msi_init: virq=38 hwirq=0x1c domain=00000000abf35fc3 info=0000000035ea9352 sc=0000000013df904c?
[    2.124565] bpcie_msi_init: registered virq=38 irq_map[28]?
[    2.130155] bpcie_msi_init: virq=39 hwirq=0x1d domain=00000000abf35fc3 info=0000000035ea9352 sc=0000000013df904c?
[    2.140526] bpcie_msi_init: registered virq=39 irq_map[29]?
[    2.146116] bpcie_msi_init: virq=40 hwirq=0x1e domain=00000000abf35fc3 info=0000000035ea9352 sc=0000000013df904c?
[    2.156487] bpcie_msi_init: registered virq=40 irq_map[30]?
[    2.162077] bpcie_msi_init: virq=41 hwirq=0x1f domain=00000000abf35fc3 info=0000000035ea9352 sc=0000000013df904c?
[    2.172450] bpcie_msi_init: registered virq=41 irq_map[31]?
[    2.178075] baikal_pcie 0000:00:14.4: bpcie_msi_write_msg(fee00000, 000000ef) mask=0x0 irq=10 hwirq=0x0 0000000013df904c?
[    2.189168] baikal_pcie 0000:00:14.4: bpcie_config_msi: func=4 subfunc=0 addr=fee00000 data=000000ef?
[    2.198495] baikal_pcie 0000:00:14.4: bpcie_msi_write_msg(fee00000, 000000ef) mask=0x0 irq=11 hwirq=0x1 0000000013df904c?
[    2.209577] baikal_pcie 0000:00:14.4: bpcie_config_msi: func=4 subfunc=1 addr=fee00000 data=000000ef?
[    2.218897] baikal_pcie 0000:00:14.4: bpcie_msi_write_msg(fee00000, 000000ef) mask=0x0 irq=12 hwirq=0x2 0000000013df904c?
[    2.229981] baikal_pcie 0000:00:14.4: bpcie_config_msi: func=4 subfunc=2 addr=fee00000 data=000000ef?
[    2.239311] baikal_pcie 0000:00:14.4: bpcie_msi_write_msg(fee00000, 000000ef) mask=0x0 irq=13 hwirq=0x3 0000000013df904c?
[    2.250399] baikal_pcie 0000:00:14.4: bpcie_config_msi: func=4 subfunc=3 addr=fee00000 data=000000ef?
[    2.259718] baikal_pcie 0000:00:14.4: bpcie_msi_write_msg(fee00000, 000000ef) mask=0x0 irq=14 hwirq=0x4 0000000013df904c?
[    2.270799] baikal_pcie 0000:00:14.4: bpcie_config_msi: func=4 subfunc=4 addr=fee00000 data=000000ef?
[    2.280119] baikal_pcie 0000:00:14.4: bpcie_msi_write_msg(fee00000, 000000ef) mask=0x0 irq=15 hwirq=0x5 0000000013df904c?
[    2.291200] baikal_pcie 0000:00:14.4: bpcie_config_msi: func=4 subfunc=5 addr=fee00000 data=000000ef?
[    2.300518] baikal_pcie 0000:00:14.4: bpcie_msi_write_msg(fee00000, 000000ef) mask=0x0 irq=16 hwirq=0x6 0000000013df904c?
[    2.311600] baikal_pcie 0000:00:14.4: bpcie_config_msi: func=4 subfunc=6 addr=fee00000 data=000000ef?
[    2.320918] baikal_pcie 0000:00:14.4: bpcie_msi_write_msg(fee00000, 000000ef) mask=0x0 irq=17 hwirq=0x7 0000000013df904c?
[    2.331999] baikal_pcie 0000:00:14.4: bpcie_config_msi: func=4 subfunc=7 addr=fee00000 data=000000ef?
[    2.341317] baikal_pcie 0000:00:14.4: bpcie_msi_write_msg(fee00000, 000000ef) mask=0x0 irq=18 hwirq=0x8 0000000013df904c?
[    2.352398] baikal_pcie 0000:00:14.4: bpcie_config_msi: func=4 subfunc=8 addr=fee00000 data=000000ef?
[    2.361716] baikal_pcie 0000:00:14.4: bpcie_msi_write_msg(fee00000, 000000ef) mask=0x0 irq=19 hwirq=0x9 0000000013df904c?
[    2.372799] baikal_pcie 0000:00:14.4: bpcie_config_msi: func=4 subfunc=9 addr=fee00000 data=000000ef?
[    2.382118] baikal_pcie 0000:00:14.4: bpcie_msi_write_msg(fee00000, 000000ef) mask=0x0 irq=20 hwirq=0xa 0000000013df904c?
[    2.393199] baikal_pcie 0000:00:14.4: bpcie_config_msi: func=4 subfunc=10 addr=fee00000 data=000000ef?
[    2.402606] baikal_pcie 0000:00:14.4: bpcie_msi_write_msg(fee00000, 000000ef) mask=0x0 irq=21 hwirq=0xb 0000000013df904c?
[    2.413689] baikal_pcie 0000:00:14.4: bpcie_config_msi: func=4 subfunc=11 addr=fee00000 data=000000ef?
[    2.423096] baikal_pcie 0000:00:14.4: bpcie_msi_write_msg(fee00000, 000000ef) mask=0x0 irq=22 hwirq=0xc 0000000013df904c?
[    2.434179] baikal_pcie 0000:00:14.4: bpcie_config_msi: func=4 subfunc=12 addr=fee00000 data=000000ef?
[    2.443587] baikal_pcie 0000:00:14.4: bpcie_msi_write_msg(fee00000, 000000ef) mask=0x0 irq=23 hwirq=0xd 0000000013df904c?
[    2.454668] baikal_pcie 0000:00:14.4: bpcie_config_msi: func=4 subfunc=13 addr=fee00000 data=000000ef?
[    2.464076] baikal_pcie 0000:00:14.4: bpcie_msi_write_msg(fee00000, 000000ef) mask=0x0 irq=24 hwirq=0xe 0000000013df904c?
[    2.475160] baikal_pcie 0000:00:14.4: bpcie_config_msi: func=4 subfunc=14 addr=fee00000 data=000000ef?
[    2.484568] baikal_pcie 0000:00:14.4: bpcie_msi_write_msg(fee00000, 000000ef) mask=0x0 irq=25 hwirq=0xf 0000000013df904c?
[    2.495651] baikal_pcie 0000:00:14.4: bpcie_config_msi: func=4 subfunc=15 addr=fee00000 data=000000ef?
[    2.505057] baikal_pcie 0000:00:14.4: bpcie_msi_write_msg(fee00000, 000000ef) mask=0x0 irq=26 hwirq=0x10 0000000013df904c?
[    2.516227] baikal_pcie 0000:00:14.4: bpcie_config_msi: func=4 subfunc=16 addr=fee00000 data=000000ef?
[    2.525633] baikal_pcie 0000:00:14.4: bpcie_msi_write_msg(fee00000, 000000ef) mask=0x0 irq=27 hwirq=0x11 0000000013df904c?
[    2.536806] baikal_pcie 0000:00:14.4: bpcie_config_msi: func=4 subfunc=17 addr=fee00000 data=000000ef?
[    2.546212] baikal_pcie 0000:00:14.4: bpcie_msi_write_msg(fee00000, 000000ef) mask=0x0 irq=28 hwirq=0x12 0000000013df904c?
[    2.557382] baikal_pcie 0000:00:14.4: bpcie_config_msi: func=4 subfunc=18 addr=fee00000 data=000000ef?
[    2.566788] baikal_pcie 0000:00:14.4: bpcie_msi_write_msg(fee00000, 000000ef) mask=0x0 irq=29 hwirq=0x13 0000000013df904c?
[    2.577959] baikal_pcie 0000:00:14.4: bpcie_config_msi: func=4 subfunc=19 addr=fee00000 data=000000ef?
[    2.587368] baikal_pcie 0000:00:14.4: bpcie_msi_write_msg(fee00000, 000000ef) mask=0x0 irq=30 hwirq=0x14 0000000013df904c?
[    2.598539] baikal_pcie 0000:00:14.4: bpcie_config_msi: func=4 subfunc=20 addr=fee00000 data=000000ef?
[    2.607945] baikal_pcie 0000:00:14.4: bpcie_msi_write_msg(fee00000, 000000ef) mask=0x0 irq=31 hwirq=0x15 0000000013df904c?
[    2.619115] baikal_pcie 0000:00:14.4: bpcie_config_msi: func=4 subfunc=21 addr=fee00000 data=000000ef?
[    2.628522] baikal_pcie 0000:00:14.4: bpcie_msi_write_msg(fee00000, 000000ef) mask=0x0 irq=32 hwirq=0x16 0000000013df904c?
[    2.639692] baikal_pcie 0000:00:14.4: bpcie_config_msi: func=4 subfunc=22 addr=fee00000 data=000000ef?
[    2.649098] baikal_pcie 0000:00:14.4: bpcie_msi_write_msg(fee00000, 000000ef) mask=0x0 irq=33 hwirq=0x17 0000000013df904c?
[    2.660267] baikal_pcie 0000:00:14.4: bpcie_config_msi: func=4 subfunc=23 addr=fee00000 data=000000ef?
[    2.669673] baikal_pcie 0000:00:14.4: bpcie_msi_write_msg(fee00000, 000000ef) mask=0x0 irq=34 hwirq=0x18 0000000013df904c?
[    2.680844] baikal_pcie 0000:00:14.4: bpcie_config_msi: func=4 subfunc=24 addr=fee00000 data=000000ef?
[    2.690251] baikal_pcie 0000:00:14.4: bpcie_msi_write_msg(fee00000, 000000ef) mask=0x0 irq=35 hwirq=0x19 0000000013df904c?
[    2.701423] baikal_pcie 0000:00:14.4: bpcie_config_msi: func=4 subfunc=25 addr=fee00000 data=000000ef?
[    2.710829] baikal_pcie 0000:00:14.4: bpcie_msi_write_msg(fee00000, 000000ef) mask=0x0 irq=36 hwirq=0x1a 0000000013df904c?
[    2.722001] baikal_pcie 0000:00:14.4: bpcie_config_msi: func=4 subfunc=26 addr=fee00000 data=000000ef?
[    2.731407] baikal_pcie 0000:00:14.4: bpcie_msi_write_msg(fee00000, 000000ef) mask=0x0 irq=37 hwirq=0x1b 0000000013df904c?
[    2.742577] baikal_pcie 0000:00:14.4: bpcie_config_msi: func=4 subfunc=27 addr=fee00000 data=000000ef?
[    2.751984] baikal_pcie 0000:00:14.4: bpcie_msi_write_msg(fee00000, 000000ef) mask=0x0 irq=38 hwirq=0x1c 0000000013df904c?
[    2.763154] baikal_pcie 0000:00:14.4: bpcie_config_msi: func=4 subfunc=28 addr=fee00000 data=000000ef?
[    2.772560] baikal_pcie 0000:00:14.4: bpcie_msi_write_msg(fee00000, 000000ef) mask=0x0 irq=39 hwirq=0x1d 0000000013df904c?
[    2.783729] baikal_pcie 0000:00:14.4: bpcie_config_msi: func=4 subfunc=29 addr=fee00000 data=000000ef?
[    2.793137] baikal_pcie 0000:00:14.4: bpcie_msi_write_msg(fee00000, 000000ef) mask=0x0 irq=40 hwirq=0x1e 0000000013df904c?
[    2.804306] baikal_pcie 0000:00:14.4: bpcie_config_msi: func=4 subfunc=30 addr=fee00000 data=000000ef?
[    2.813714] baikal_pcie 0000:00:14.4: bpcie_msi_write_msg(fee00000, 000000ef) mask=0x0 irq=41 hwirq=0x1f 0000000013df904c?
[    2.824884] baikal_pcie 0000:00:14.4: bpcie_config_msi: func=4 subfunc=31 addr=fee00000 data=000000ef?
[    2.834391] baikal_pcie 0000:00:14.4: dev->irq=10?
[    2.839318] baikal_pcie 0000:00:14.4: Failed to register serial port 0?
[    2.845983] baikal_pcie 0000:00:14.4: UART init failed (-5); continuing without serial console?
[    2.854772] bpcie_icc_init: msi_desc msi_index=0 irq=10?
[    2.860099] bpcie_icc_init: ICC subfunc 3 -> bpcie_irqnum=13 found_virq=-1?
[    2.867112] baikal_pcie 0000:00:14.4: bpcie_msi_write_msg(fee01000, 00000020) mask=0x0 irq=13 hwirq=0x3 0000000013df904c?
[    2.868101] baikal_pcie 0000:00:14.4: bpcie_config_msi: func=4 subfunc=3 addr=fee01000 data=00000020?
[    2.868101] baikal_pcie 0000:00:14.4: bpcie_msi_write_msg(fee01000, 00000020) mask=0x0 irq=13 hwirq=0x3 0000000013df904c?
[    2.868101] baikal_pcie 0000:00:14.4: bpcie_config_msi: func=4 subfunc=3 addr=fee01000 data=00000020?
[    2.907913] genirq: Flags mismatch irq 0. 00200080 (icc-shotgun) vs. 00000000 (AMD-Vi)?
[    2.915993] baikal_pcie 0000:00:14.4: bpcie_msi_write_msg(fee02000, 00000020) mask=0x0 irq=10 hwirq=0x0 0000000013df904c?
[    2.916981] baikal_pcie 0000:00:14.4: bpcie_config_msi: func=4 subfunc=0 addr=fee02000 data=00000020?
[    2.916981] baikal_pcie 0000:00:14.4: bpcie_msi_write_msg(fee02000, 00000020) mask=0x0 irq=10 hwirq=0x0 0000000013df904c?
[    2.916981] baikal_pcie 0000:00:14.4: bpcie_config_msi: func=4 subfunc=0 addr=fee02000 data=00000020?
[    2.956807] baikal_pcie 0000:00:14.4: bpcie_msi_write_msg(fee03000, 00000020) mask=0x0 irq=11 hwirq=0x1 0000000013df904c?
[    2.957791] baikal_pcie 0000:00:14.4: bpcie_config_msi: func=4 subfunc=1 addr=fee03000 data=00000020?
[    2.957791] baikal_pcie 0000:00:14.4: bpcie_msi_write_msg(fee03000, 00000020) mask=0x0 irq=11 hwirq=0x1 0000000013df904c?
[    2.957791] baikal_pcie 0000:00:14.4: bpcie_config_msi: func=4 subfunc=1 addr=fee03000 data=00000020?
[    2.997599] baikal_pcie 0000:00:14.4: bpcie_msi_write_msg(fee04000, 00000020) mask=0x0 irq=12 hwirq=0x2 0000000013df904c?
[    2.998583] baikal_pcie 0000:00:14.4: bpcie_config_msi: func=4 subfunc=2 addr=fee04000 data=00000020?
[    2.998583] baikal_pcie 0000:00:14.4: bpcie_msi_write_msg(fee04000, 00000020) mask=0x0 irq=12 hwirq=0x2 0000000013df904c?
[    2.998583] baikal_pcie 0000:00:14.4: bpcie_config_msi: func=4 subfunc=2 addr=fee04000 data=00000020?
[    3.038391] baikal_pcie 0000:00:14.4: bpcie_msi_write_msg(fee05000, 00000020) mask=0x0 irq=14 hwirq=0x4 0000000013df904c?
[    3.039372] baikal_pcie 0000:00:14.4: bpcie_config_msi: func=4 subfunc=4 addr=fee05000 data=00000020?
[    3.039372] baikal_pcie 0000:00:14.4: bpcie_msi_write_msg(fee05000, 00000020) mask=0x0 irq=14 hwirq=0x4 0000000013df904c?
[    3.039372] baikal_pcie 0000:00:14.4: bpcie_config_msi: func=4 subfunc=4 addr=fee05000 data=00000020?
[    3.079182] baikal_pcie 0000:00:14.4: bpcie_msi_write_msg(fee06000, 00000020) mask=0x0 irq=15 hwirq=0x5 0000000013df904c?
[    3.080166] baikal_pcie 0000:00:14.4: bpcie_config_msi: func=4 subfunc=5 addr=fee06000 data=00000020?
[    3.080166] baikal_pcie 0000:00:14.4: bpcie_msi_write_msg(fee06000, 00000020) mask=0x0 irq=15 hwirq=0x5 0000000013df904c?
[    3.080166] baikal_pcie 0000:00:14.4: bpcie_config_msi: func=4 subfunc=5 addr=fee06000 data=00000020?
[    3.119977] baikal_pcie 0000:00:14.4: bpcie_msi_write_msg(fee07000, 00000020) mask=0x0 irq=16 hwirq=0x6 0000000013df904c?
[    3.120959] baikal_pcie 0000:00:14.4: bpcie_config_msi: func=4 subfunc=6 addr=fee07000 data=00000020?
[    3.120959] baikal_pcie 0000:00:14.4: bpcie_msi_write_msg(fee07000, 00000020) mask=0x0 irq=16 hwirq=0x6 0000000013df904c?
[    3.120959] baikal_pcie 0000:00:14.4: bpcie_config_msi: func=4 subfunc=6 addr=fee07000 data=00000020?
[    3.160765] baikal_pcie 0000:00:14.4: bpcie_msi_write_msg(fee00000, 00000021) mask=0x0 irq=17 hwirq=0x7 0000000013df904c?
[    3.161750] baikal_pcie 0000:00:14.4: bpcie_config_msi: func=4 subfunc=7 addr=fee00000 data=00000021?
[    3.161750] baikal_pcie 0000:00:14.4: bpcie_msi_write_msg(fee00000, 00000021) mask=0x0 irq=17 hwirq=0x7 0000000013df904c?
[    3.161750] baikal_pcie 0000:00:14.4: bpcie_config_msi: func=4 subfunc=7 addr=fee00000 data=00000021?
[    3.201558] baikal_pcie 0000:00:14.4: bpcie_msi_write_msg(fee01000, 00000021) mask=0x0 irq=18 hwirq=0x8 0000000013df904c?
[    3.202541] baikal_pcie 0000:00:14.4: bpcie_config_msi: func=4 subfunc=8 addr=fee01000 data=00000021?
[    3.202541] baikal_pcie 0000:00:14.4: bpcie_msi_write_msg(fee01000, 00000021) mask=0x0 irq=18 hwirq=0x8 0000000013df904c?
[    3.202541] baikal_pcie 0000:00:14.4: bpcie_config_msi: func=4 subfunc=8 addr=fee01000 data=00000021?
[    3.242348] baikal_pcie 0000:00:14.4: bpcie_msi_write_msg(fee02000, 00000021) mask=0x0 irq=19 hwirq=0x9 0000000013df904c?
[    3.243332] baikal_pcie 0000:00:14.4: bpcie_config_msi: func=4 subfunc=9 addr=fee02000 data=00000021?
[    3.243332] baikal_pcie 0000:00:14.4: bpcie_msi_write_msg(fee02000, 00000021) mask=0x0 irq=19 hwirq=0x9 0000000013df904c?
[    3.243332] baikal_pcie 0000:00:14.4: bpcie_config_msi: func=4 subfunc=9 addr=fee02000 data=00000021?
[    3.283145] baikal_pcie 0000:00:14.4: bpcie_msi_write_msg(fee03000, 00000021) mask=0x0 irq=20 hwirq=0xa 0000000013df904c?
[    3.284129] baikal_pcie 0000:00:14.4: bpcie_config_msi: func=4 subfunc=10 addr=fee03000 data=00000021?
[    3.284129] baikal_pcie 0000:00:14.4: bpcie_msi_write_msg(fee03000, 00000021) mask=0x0 irq=20 hwirq=0xa 0000000013df904c?
[    3.284129] baikal_pcie 0000:00:14.4: bpcie_config_msi: func=4 subfunc=10 addr=fee03000 data=00000021?
[    3.324121] baikal_pcie 0000:00:14.4: bpcie_msi_write_msg(fee04000, 00000021) mask=0x0 irq=21 hwirq=0xb 0000000013df904c?
[    3.325098] baikal_pcie 0000:00:14.4: bpcie_config_msi: func=4 subfunc=11 addr=fee04000 data=00000021?
[    3.325098] baikal_pcie 0000:00:14.4: bpcie_msi_write_msg(fee04000, 00000021) mask=0x0 irq=21 hwirq=0xb 0000000013df904c?
[    3.325098] baikal_pcie 0000:00:14.4: bpcie_config_msi: func=4 subfunc=11 addr=fee04000 data=00000021?
[    3.365088] baikal_pcie 0000:00:14.4: bpcie_msi_write_msg(fee05000, 00000021) mask=0x0 irq=22 hwirq=0xc 0000000013df904c?
[    3.366073] baikal_pcie 0000:00:14.4: bpcie_config_msi: func=4 subfunc=12 addr=fee05000 data=00000021?
[    3.366073] baikal_pcie 0000:00:14.4: bpcie_msi_write_msg(fee05000, 00000021) mask=0x0 irq=22 hwirq=0xc 0000000013df904c?
[    3.366073] baikal_pcie 0000:00:14.4: bpcie_config_msi: func=4 subfunc=12 addr=fee05000 data=00000021?
[    3.406060] baikal_pcie 0000:00:14.4: bpcie_msi_write_msg(fee06000, 00000021) mask=0x0 irq=23 hwirq=0xd 0000000013df904c?
[    3.407041] baikal_pcie 0000:00:14.4: bpcie_config_msi: func=4 subfunc=13 addr=fee06000 data=00000021?
[    3.407041] baikal_pcie 0000:00:14.4: bpcie_msi_write_msg(fee06000, 00000021) mask=0x0 irq=23 hwirq=0xd 0000000013df904c?
[    3.407041] baikal_pcie 0000:00:14.4: bpcie_config_msi: func=4 subfunc=13 addr=fee06000 data=00000021?
[    3.447026] baikal_pcie 0000:00:14.4: bpcie_msi_write_msg(fee07000, 00000021) mask=0x0 irq=24 hwirq=0xe 0000000013df904c?
[    3.448011] baikal_pcie 0000:00:14.4: bpcie_config_msi: func=4 subfunc=14 addr=fee07000 data=00000021?
[    3.448011] baikal_pcie 0000:00:14.4: bpcie_msi_write_msg(fee07000, 00000021) mask=0x0 irq=24 hwirq=0xe 0000000013df904c?
[    3.448011] baikal_pcie 0000:00:14.4: bpcie_config_msi: func=4 subfunc=14 addr=fee07000 data=00000021?
[    3.487993] baikal_pcie 0000:00:14.4: bpcie_msi_write_msg(fee00000, 00000022) mask=0x0 irq=25 hwirq=0xf 0000000013df904c?
[    3.488974] baikal_pcie 0000:00:14.4: bpcie_config_msi: func=4 subfunc=15 addr=fee00000 data=00000022?
[    3.488974] baikal_pcie 0000:00:14.4: bpcie_msi_write_msg(fee00000, 00000022) mask=0x0 irq=25 hwirq=0xf 0000000013df904c?
[    3.488974] baikal_pcie 0000:00:14.4: bpcie_config_msi: func=4 subfunc=15 addr=fee00000 data=00000022?
[    3.528959] baikal_pcie 0000:00:14.4: bpcie_msi_write_msg(fee01000, 00000022) mask=0x0 irq=26 hwirq=0x10 0000000013df904c?
[    3.529944] baikal_pcie 0000:00:14.4: bpcie_config_msi: func=4 subfunc=16 addr=fee01000 data=00000022?
[    3.529944] baikal_pcie 0000:00:14.4: bpcie_msi_write_msg(fee01000, 00000022) mask=0x0 irq=26 hwirq=0x10 0000000013df904c?
[    3.529944] baikal_pcie 0000:00:14.4: bpcie_config_msi: func=4 subfunc=16 addr=fee01000 data=00000022?
[    3.570100] baikal_pcie 0000:00:14.4: bpcie_msi_write_msg(fee02000, 00000022) mask=0x0 irq=27 hwirq=0x11 0000000013df904c?
[    3.571085] baikal_pcie 0000:00:14.4: bpcie_config_msi: func=4 subfunc=17 addr=fee02000 data=00000022?
[    3.571085] baikal_pcie 0000:00:14.4: bpcie_msi_write_msg(fee02000, 00000022) mask=0x0 irq=27 hwirq=0x11 0000000013df904c?
[    3.571085] baikal_pcie 0000:00:14.4: bpcie_config_msi: func=4 subfunc=17 addr=fee02000 data=00000022?
[    3.611244] baikal_pcie 0000:00:14.4: bpcie_msi_write_msg(fee03000, 00000022) mask=0x0 irq=28 hwirq=0x12 0000000013df904c?
[    3.612227] baikal_pcie 0000:00:14.4: bpcie_config_msi: func=4 subfunc=18 addr=fee03000 data=00000022?
[    3.612227] baikal_pcie 0000:00:14.4: bpcie_msi_write_msg(fee03000, 00000022) mask=0x0 irq=28 hwirq=0x12 0000000013df904c?
[    3.612227] baikal_pcie 0000:00:14.4: bpcie_config_msi: func=4 subfunc=18 addr=fee03000 data=00000022?
[    3.652386] baikal_pcie 0000:00:14.4: bpcie_msi_write_msg(fee04000, 00000022) mask=0x0 irq=29 hwirq=0x13 0000000013df904c?
[    3.653371] baikal_pcie 0000:00:14.4: bpcie_config_msi: func=4 subfunc=19 addr=fee04000 data=00000022?
[    3.653371] baikal_pcie 0000:00:14.4: bpcie_msi_write_msg(fee04000, 00000022) mask=0x0 irq=29 hwirq=0x13 0000000013df904c?
[    3.653371] baikal_pcie 0000:00:14.4: bpcie_config_msi: func=4 subfunc=19 addr=fee04000 data=00000022?
[    3.693530] baikal_pcie 0000:00:14.4: bpcie_msi_write_msg(fee05000, 00000022) mask=0x0 irq=30 hwirq=0x14 0000000013df904c?
[    3.694513] baikal_pcie 0000:00:14.4: bpcie_config_msi: func=4 subfunc=20 addr=fee05000 data=00000022?
[    3.694513] baikal_pcie 0000:00:14.4: bpcie_msi_write_msg(fee05000, 00000022) mask=0x0 irq=30 hwirq=0x14 0000000013df904c?
[    3.694513] baikal_pcie 0000:00:14.4: bpcie_config_msi: func=4 subfunc=20 addr=fee05000 data=00000022?
[    3.734678] baikal_pcie 0000:00:14.4: bpcie_msi_write_msg(fee06000, 00000022) mask=0x0 irq=31 hwirq=0x15 0000000013df904c?
[    3.735662] baikal_pcie 0000:00:14.4: bpcie_config_msi: func=4 subfunc=21 addr=fee06000 data=00000022?
[    3.735662] baikal_pcie 0000:00:14.4: bpcie_msi_write_msg(fee06000, 00000022) mask=0x0 irq=31 hwirq=0x15 0000000013df904c?
[    3.735662] baikal_pcie 0000:00:14.4: bpcie_config_msi: func=4 subfunc=21 addr=fee06000 data=00000022?
[    3.775825] baikal_pcie 0000:00:14.4: bpcie_msi_write_msg(fee07000, 00000022) mask=0x0 irq=32 hwirq=0x16 0000000013df904c?
[    3.776806] baikal_pcie 0000:00:14.4: bpcie_config_msi: func=4 subfunc=22 addr=fee07000 data=00000022?
[    3.776806] baikal_pcie 0000:00:14.4: bpcie_msi_write_msg(fee07000, 00000022) mask=0x0 irq=32 hwirq=0x16 0000000013df904c?
[    3.776806] baikal_pcie 0000:00:14.4: bpcie_config_msi: func=4 subfunc=22 addr=fee07000 data=00000022?
[    3.816972] baikal_pcie 0000:00:14.4: bpcie_msi_write_msg(fee00000, 00000023) mask=0x0 irq=33 hwirq=0x17 0000000013df904c?
[    3.817956] baikal_pcie 0000:00:14.4: bpcie_config_msi: func=4 subfunc=23 addr=fee00000 data=00000023?
[    3.817956] baikal_pcie 0000:00:14.4: bpcie_msi_write_msg(fee00000, 00000023) mask=0x0 irq=33 hwirq=0x17 0000000013df904c?
[    3.817956] baikal_pcie 0000:00:14.4: bpcie_config_msi: func=4 subfunc=23 addr=fee00000 data=00000023?
[    3.858113] baikal_pcie 0000:00:14.4: bpcie_msi_write_msg(fee01000, 00000023) mask=0x0 irq=34 hwirq=0x18 0000000013df904c?
[    3.859098] baikal_pcie 0000:00:14.4: bpcie_config_msi: func=4 subfunc=24 addr=fee01000 data=00000023?
[    3.859098] baikal_pcie 0000:00:14.4: bpcie_msi_write_msg(fee01000, 00000023) mask=0x0 irq=34 hwirq=0x18 0000000013df904c?
[    3.859098] baikal_pcie 0000:00:14.4: bpcie_config_msi: func=4 subfunc=24 addr=fee01000 data=00000023?
[    3.899258] baikal_pcie 0000:00:14.4: bpcie_msi_write_msg(fee02000, 00000023) mask=0x0 irq=35 hwirq=0x19 0000000013df904c?
[    3.900240] baikal_pcie 0000:00:14.4: bpcie_config_msi: func=4 subfunc=25 addr=fee02000 data=00000023?
[    3.900240] baikal_pcie 0000:00:14.4: bpcie_msi_write_msg(fee02000, 00000023) mask=0x0 irq=35 hwirq=0x19 0000000013df904c?
[    3.900240] baikal_pcie 0000:00:14.4: bpcie_config_msi: func=4 subfunc=25 addr=fee02000 data=00000023?
[    3.940399] baikal_pcie 0000:00:14.4: bpcie_msi_write_msg(fee03000, 00000023) mask=0x0 irq=36 hwirq=0x1a 0000000013df904c?
[    3.941384] baikal_pcie 0000:00:14.4: bpcie_config_msi: func=4 subfunc=26 addr=fee03000 data=00000023?
[    3.941384] baikal_pcie 0000:00:14.4: bpcie_msi_write_msg(fee03000, 00000023) mask=0x0 irq=36 hwirq=0x1a 0000000013df904c?
[    3.941384] baikal_pcie 0000:00:14.4: bpcie_config_msi: func=4 subfunc=26 addr=fee03000 data=00000023?
[    3.981545] baikal_pcie 0000:00:14.4: bpcie_msi_write_msg(fee04000, 00000023) mask=0x0 irq=37 hwirq=0x1b 0000000013df904c?
[    3.982526] baikal_pcie 0000:00:14.4: bpcie_config_msi: func=4 subfunc=27 addr=fee04000 data=00000023?
[    3.982526] baikal_pcie 0000:00:14.4: bpcie_msi_write_msg(fee04000, 00000023) mask=0x0 irq=37 hwirq=0x1b 0000000013df904c?
[    3.982526] baikal_pcie 0000:00:14.4: bpcie_config_msi: func=4 subfunc=27 addr=fee04000 data=00000023?
[    4.022687] baikal_pcie 0000:00:14.4: bpcie_msi_write_msg(fee05000, 00000023) mask=0x0 irq=38 hwirq=0x1c 0000000013df904c?
[    4.023671] baikal_pcie 0000:00:14.4: bpcie_config_msi: func=4 subfunc=28 addr=fee05000 data=00000023?
[    4.023671] baikal_pcie 0000:00:14.4: bpcie_msi_write_msg(fee05000, 00000023) mask=0x0 irq=38 hwirq=0x1c 0000000013df904c?
[    4.023671] baikal_pcie 0000:00:14.4: bpcie_config_msi: func=4 subfunc=28 addr=fee05000 data=00000023?
[    4.063832] baikal_pcie 0000:00:14.4: bpcie_msi_write_msg(fee06000, 00000023) mask=0x0 irq=39 hwirq=0x1d 0000000013df904c?
[    4.064813] baikal_pcie 0000:00:14.4: bpcie_config_msi: func=4 subfunc=29 addr=fee06000 data=00000023?
[    4.064813] baikal_pcie 0000:00:14.4: bpcie_msi_write_msg(fee06000, 00000023) mask=0x0 irq=39 hwirq=0x1d 0000000013df904c?
[    4.064813] baikal_pcie 0000:00:14.4: bpcie_config_msi: func=4 subfunc=29 addr=fee06000 data=00000023?
[    4.104974] baikal_pcie 0000:00:14.4: bpcie_msi_write_msg(fee07000, 00000023) mask=0x0 irq=40 hwirq=0x1e 0000000013df904c?
[    4.105958] baikal_pcie 0000:00:14.4: bpcie_config_msi: func=4 subfunc=30 addr=fee07000 data=00000023?
[    4.105958] baikal_pcie 0000:00:14.4: bpcie_msi_write_msg(fee07000, 00000023) mask=0x0 irq=40 hwirq=0x1e 0000000013df904c?
[    4.105958] baikal_pcie 0000:00:14.4: bpcie_config_msi: func=4 subfunc=30 addr=fee07000 data=00000023?
[    4.146120] baikal_pcie 0000:00:14.4: bpcie_msi_write_msg(fee00000, 00000024) mask=0x0 irq=41 hwirq=0x1f 0000000013df904c?
[    4.147104] baikal_pcie 0000:00:14.4: bpcie_config_msi: func=4 subfunc=31 addr=fee00000 data=00000024?
[    4.147104] baikal_pcie 0000:00:14.4: bpcie_msi_write_msg(fee00000, 00000024) mask=0x0 irq=41 hwirq=0x1f 0000000013df904c?
[    4.147104] baikal_pcie 0000:00:14.4: bpcie_config_msi: func=4 subfunc=31 addr=fee00000 data=00000024?
[    4.187264] bpcie_icc_init: shotgun-registered ICC at 32 additional virqs (0..63)?
[    4.194897] baikal_pcie 0000:00:14.4: icc init-diag: ICC virq=13 STATUS=0x0 IRQ_MASK=0x3 DOORBELL_off=0x108004 STATUS_off=0x108014?
[    4.206897] i2c i2c-0: adapter [icc] registered?
[    4.211660] icc_interrupt: irq=35 entry status=0x2?
[    4.212992] icc_interrupt: irq=0 entry status=0x2?
[    4.226827] icc_interrupt: irq=35 entry status=0x1?
[    4.227009] icc_interrupt: irq=0 entry status=0x1?
[    4.236505] Turn ON BT/WLAN: ret=20, reply 00 00 00 00?
[    4.236645] icc_interrupt: irq=35 entry status=0x2?
[    4.238007] icc_interrupt: irq=0 entry status=0x2?
[    4.251558] usb0 status: ret=20, reply 00 00 01 00?
[    4.251563] USB is already turned ON!?
[    4.256521] input: Power Button as /devices/pci0000:00/0000:00:14.4/input/input0?
[    4.267914] icc_interrupt: irq=35 entry status=0x2?
[    4.268983] icc_interrupt: irq=0 entry status=0x2?
[    4.286847] icc_interrupt: irq=35 entry status=0x1?
[    4.286979] icc_interrupt: irq=0 entry status=0x1?
[    4.296528] icc: not ready?
[    4.299288] baikal_pcie 0000:00:14.4: icc_pwrbutton_init: Failed to enable reset notifications (-11)?
[    4.326992] ret=46, reply 00 00 03 00 00 00 15 00?
[    4.336989] ret=20, reply 00 00 01 02 10 00 00 00?
[    4.346987] ret=20, reply 00 00 00 00 00 00 00 00?
[    4.351904] wireguard: WireGuard 1.0.0 loaded. See www.wireguard.com for information.?
[    4.359887] wireguard: Copyright (C) 2015-2019 Jason A. Donenfeld <Jason@zx2c4.com>. All Rights Reserved.?
[    4.370182] sky2: driver version 1.30?
[    4.374011] ps4_mts 0000:00:14.1: Baikal MTS: BAR0=[mem 0xc2000000-0xc2000fff 64bit], mapped at 000000005d36f2d3?
[    4.384408] ps4_mts 0000:00:14.1: DMA rings: TX=0x000000000103e000 RX=0x000000000103f000 (each 4096 bytes, zeroed)?
[    4.394970] bpcie_init_dev_msi_info: dev=0000:00:14.1 installed bpcie demuxer (sc=0000000013df904c)?
[    4.404226] bpcie_msi_init: virq=1 hwirq=0x0 domain=00000000674fd2bd info=0000000035ea9352 sc=0000000013df904c?
[    4.414427] bpcie_msi_init: registered virq=1 irq_map[32]?
[    4.419935] ps4_mts 0000:00:14.1: bpcie_msi_write_msg(fee00000, 000000ef) mask=0x0 irq=1 hwirq=0x0 0000000013df904c?
[    4.430589] baikal_pcie 0000:00:14.4: bpcie_config_msi: func=1 subfunc=0 addr=fee00000 data=000000ef?
[    4.439926] ps4_mts 0000:00:14.1: bpcie_msi_write_msg(fee01000, 00000024) mask=0x0 irq=1 hwirq=0x0 0000000013df904c?
[    4.440895] baikal_pcie 0000:00:14.4: bpcie_config_msi: func=1 subfunc=0 addr=fee01000 data=00000024?
[    4.440895] ps4_mts 0000:00:14.1: bpcie_msi_write_msg(fee01000, 00000024) mask=0x0 irq=1 hwirq=0x0 0000000013df904c?
[    4.440895] baikal_pcie 0000:00:14.4: bpcie_config_msi: func=1 subfunc=0 addr=fee01000 data=00000024?
[    4.479859] ps4_mts 0000:00:14.1: registered ISR on IRQ 1 (MSI)?
[    5.005983] ps4_mts 0000:00:14.1: ISR: NEW pattern slot[0] = 0x00040000 (total=1)?
[    5.006618] ps4_mts 0000:00:14.1: PHY PLL: MMD 0x1f reg 0x403 read 0x1050 (bit 5 PLL_OFF=0)?
[    5.022187] ps4_mts 0000:00:14.1: PHY PLL: wrote MMD 0x1f reg 0x403 <- 0x1050 (PLL on, bypass mode)?
[    5.031466] ps4_mts 0000:00:14.1: PHY PLL: readback MMD 0x1f reg 0x403 = 0x1050?
[    5.039136] ps4_mts 0000:00:14.1: v87 tail: MMD 0x1e reg 0x330 0x0000 -> 0x0000 (cleared bit 12)?
[    5.048156] ps4_mts 0000:00:14.1: v87 tail: ANAR 0x0de1 -> 0x01e1 (mask 0xf3ff)?
[    5.055705] ps4_mts 0000:00:14.1: v88(a): near-echo MMD0x1e r0xa6: 0x0300 -> 0x0300?
[    5.063593] ps4_mts 0000:00:14.1: v88(b): RX ADC bias MMD0x1e r0xc6: 0x53aa -> 0x53aa?
[    5.071665] ps4_mts 0000:00:14.1: v88(c): 100M MSE MMD0x1e r0x123 = 0xffff?
[    5.078774] ps4_mts 0000:00:14.1: v88(d): SlvDPSready TR read = 0x002f0671 (current SlvDPSready=0x5e)?
[    5.088247] ps4_mts 0000:00:14.1: v88(d): SlvDPSready TR write = 0x002f0671 (SlvDPSready=0x5e)?
[    5.097140] ps4_mts 0000:00:14.1: v88(e): EN_DOWNSHIFT page1 reg0x14: 0x3a55 -> 0x3a55?
[    5.105284] ps4_mts 0000:00:14.1: v88(f): 1000BT_CTRL reg9: 0x0200 -> 0x0000 (no 1000BT advertise)?
[    5.114508] ps4_mts 0000:00:14.1: v89(g): TX_DELAY r0x13: 0x0444 -> 0x0444 (PAIR_B=4 PAIR_D=4)?
[    5.123375] ps4_mts 0000:00:14.1: v89(g): TX_DELAY r0x14: 0x0444 -> 0x0444 (PAIR_B=4 PAIR_D=4)?
[    5.132209] ps4_mts 0000:00:14.1: v92(h): TXEN_DIG MMD0x1e r0x144 = 0x0200 (bit5 already 0, no write)?
[    5.141674] ps4_mts 0000:00:14.1: v88 final: BMCR 0x1000 -> 0x1200 (AN restart after DSP corrections)?
[    5.151108] ps4_mts 0000:00:14.1: engines started: BAR+0x34=0x00000001 BAR+0x38=0x00000008?
[    5.160584] ps4_mts 0000:00:14.1: v91(a): status unit OP_ON: BAR+0xe80=0x00000000 BAR+0x04=0x00000b14?
[    5.170210] ps4_mts 0000:00:14.1: v91(b) MMD1 PMA: r0=0x0000[LB=0 PD=0] r1=0x0000 r4=0x0000 r5=0x0000?
[    5.179639] ps4_mts 0000:00:14.1: v91(b) MMD7 AN:  r0=0x0000 r1=0x0000?
[    5.186324] ps4_mts 0000:00:14.1: SMI sweep:?
[    5.190702] ps4_mts 0000:00:14.1:   reg  0 = 0x1000?
[    5.195700] ps4_mts 0000:00:14.1:   reg  1 = 0x7949?
[    5.200698] ps4_mts 0000:00:14.1:   reg  2 = 0x03a2?
[    5.205699] ps4_mts 0000:00:14.1:   reg  3 = 0x9441?
[    5.210697] ps4_mts 0000:00:14.1:   reg  4 = 0x01e1?
[    5.215695] ps4_mts 0000:00:14.1:   reg  5 = 0xcde1?
[    5.220696] ps4_mts 0000:00:14.1:   reg  6 = 0x0006?
[    5.225694] ps4_mts 0000:00:14.1:   reg  7 = 0x2801?
[    5.230704] ps4_mts 0000:00:14.1:   reg  8 = 0x5006?
[    5.235704] ps4_mts 0000:00:14.1:   reg  9 = 0x0000?
[    5.240702] ps4_mts 0000:00:14.1:   reg 10 = 0x40ff?
[    5.245701] ps4_mts 0000:00:14.1:   reg 11 = 0x0000?
[    5.250701] ps4_mts 0000:00:14.1:   reg 12 = 0x0000?
[    5.255699] ps4_mts 0000:00:14.1:   reg 13 = 0x0000?
[    5.260699] ps4_mts 0000:00:14.1:   reg 14 = 0x0000?
[    5.265709] ps4_mts 0000:00:14.1:   reg 15 = 0x2000?
[    5.270707] ps4_mts 0000:00:14.1:   reg 16 = 0x0000?
[    5.275707] ps4_mts 0000:00:14.1:   reg 17 = 0x6200?
[    5.280707] ps4_mts 0000:00:14.1:   reg 18 = 0x0048?
[    5.285704] ps4_mts 0000:00:14.1:   reg 19 = 0x0000?
[    5.290703] ps4_mts 0000:00:14.1:   reg 20 = 0x0002?
[    5.295714] ps4_mts 0000:00:14.1:   reg 21 = 0x0001?
[    5.300711] ps4_mts 0000:00:14.1:   reg 22 = 0x3040?
[    5.305712] ps4_mts 0000:00:14.1:   reg 23 = 0x00a0?
[    5.310711] ps4_mts 0000:00:14.1:   reg 24 = 0x0004?
[    5.315710] ps4_mts 0000:00:14.1:   reg 25 = 0x0000?
[    5.320709] ps4_mts 0000:00:14.1:   reg 26 = 0x0599?
[    5.325719] ps4_mts 0000:00:14.1:   reg 27 = 0x0000?
[    5.330718] ps4_mts 0000:00:14.1:   reg 28 = 0x8000?
[    5.335717] ps4_mts 0000:00:14.1:   reg 29 = 0x2000?
[    5.340716] ps4_mts 0000:00:14.1:   reg 30 = 0x0000?
[    5.345714] ps4_mts 0000:00:14.1:   reg 31 = 0x0000?
[    5.350730] ps4_mts 0000:00:14.1: PHY ID1=0x03a2 ID2=0x9441?
[    5.356615] ps4_mts 0000:00:14.1: phy_ctrl: linkreg changed 0xffffffff -> 0x00000b14?
[    5.356855] ps4_mts 0000:00:14.1: v93: netdev mts0 registered (MAC 5e:47:44:da:1c:4b)?
[    5.364575] ps4_mts 0000:00:14.1: phy_ctrl: BMSR latch=0x7949 current=0x7949 (link@phy=0 AN@phy=0)?
[    5.373038] xhci_aeolia 0000:00:14.7: bpcie_assign_irqs(3)?
[    5.381716] ps4_mts 0000:00:14.1: phy_ctrl: LP ABILITY (reg5)=0x0000 (RF=0 ACK=0 100TX_FD=0 100TX=0 10T_FD=0 10T=0)?
[    5.387324] bpcie_init_dev_msi_info: dev=0000:00:14.7 installed bpcie demuxer (sc=0000000013df904c)?
[    5.397995] ps4_mts 0000:00:14.1: phy_ctrl: 1000BT_STAT (reg10)=0x4000 (MS_FAULT=0 MS_CFG=1 L_RX_OK=0 R_RX_OK=0 LP_FD=0 LP_HD=0)?
[    5.407284] bpcie_msi_init: virq=2 hwirq=0x0 domain=0000000038287e4f info=0000000035ea9352 sc=0000000013df904c?
[    5.419122] ps4_mts 0000:00:14.1: phy_ctrl: AN restart (iter=0, BMCR<-0x1200, reason=first)?
[    5.429291] bpcie_msi_init: registered virq=2 irq_map[33]?
[    5.443357] xhci_aeolia 0000:00:14.7: bpcie_msi_write_msg(fee00000, 000000ef) mask=0x0 irq=2 hwirq=0x0 0000000013df904c?
[    5.454398] baikal_pcie 0000:00:14.4: bpcie_config_msi: func=7 subfunc=0 addr=fee00000 data=000000ef?
[    5.463764] xhci_aeolia 0000:00:14.7: bpcie_assign_irqs returning 1?
[    5.470188] xhci_aeolia 0000:00:14.7: version 3.0?
[    5.475011] xhci_aeolia 0000:00:14.7: Belize SATA PHY init?
[    5.654596] clocksource: timekeeping watchdog on CPU2: Marking clocksource 'tsc-early' as unstable because the skew is too large:?
[    5.666518] clocksource:                       'refined-jiffies' wd_nsec: 503923392 wd_now: fffb7208 wd_last: fffb7010 mask: ffffffff?
[    5.678788] clocksource:                       'tsc-early' cs_nsec: 904006413 cs_now: 15d2529eb79 cs_last: 15ccf44c7d1 mask: ffffffffffffffff?
[    5.691767] clocksource:                       Clocksource 'tsc-early' skewed 400083021 ns (400 ms) over watchdog 'refined-jiffies' interval of 503923392 ns (503 ms)?
[    5.706883] clocksource:                       'tsc-early' is current clocksource.?
[    5.714619] tsc: Marking TSC unstable due to clocksource watchdog?
[    6.477620] ps4_mts 0000:00:14.1: link DOWN (linkreg=0x00000b14, BMSR=0x7949)?
[    6.484923] xhci_aeolia 0000:00:14.7: PHY SET GEN3?
[    6.489823] xhci_aeolia 0000:00:14.7: Belize SATA PHY Trace length : 6?
[    7.496593] xhci_aeolia 0000:00:14.7: Align 90=0x00?
[    7.501618] clocksource: Switched to clocksource refined-jiffies?
[    7.501655] xhci_aeolia 0000:00:14.7: AHCI vers 0001.0300, 32 command slots, 6 Gbps, ATA mode?
[    7.516610] xhci_aeolia 0000:00:14.7: 1/1 ports implemented (port mask 0x1)?
[    7.523608] xhci_aeolia 0000:00:14.7: flags: ncq sntf pm clo only pmp pio slum part ccc apst ?
[    7.531668] xhci_aeolia 0000:00:14.7: bpcie_msi_write_msg(fee02000, 00000024) mask=0x0 irq=2 hwirq=0x0 0000000013df904c?
[    7.541625] baikal_pcie 0000:00:14.4: bpcie_config_msi: func=7 subfunc=0 addr=fee02000 data=00000024?
[    7.549623] xhci_aeolia 0000:00:14.7: bpcie_msi_write_msg(fee02000, 00000024) mask=0x0 irq=2 hwirq=0x0 0000000013df904c?
[    7.561618] baikal_pcie 0000:00:14.4: bpcie_config_msi: func=7 subfunc=0 addr=fee02000 data=00000024?
[    7.573646] scsi host0: ahci?
[    7.576723] ata1: SATA max UDMA/133 abar m65536@0xce800000 port 0xce800100 irq 2 lpm-pol 0?
[    7.635598] xhci_aeolia_probe_one 0, controller is 90de?
[    7.640625] xhci_aeolia 0000:00:14.7: xHCI Host Controller?
[    7.646600] xhci_aeolia 0000:00:14.7: new USB bus registered, assigned bus number 1?
[    7.654716] xhci_aeolia 0000:00:14.7: hcc params 0x0228f66c hci version 0x100 quirks 0x0004000000010010?
[    7.663594] xhci_aeolia 0000:00:14.7: irq 2, io mem 0xce000000?
[    7.669720] xhci_aeolia 0000:00:14.7: xHCI Host Controller?
[    7.675588] xhci_aeolia 0000:00:14.7: new USB bus registered, assigned bus number 2?
[    7.704589] xhci_aeolia 0000:00:14.7: Host supports USB 3.0 SuperSpeed?
[    7.711698] usb usb1: New USB device found, idVendor=1d6b, idProduct=0002, bcdDevice= 6.15?
[    7.719582] usb usb1: New USB device strings: Mfr=3, Product=2, SerialNumber=1?
[    7.727577] usb usb1: Product: xHCI Host Controller?
[    7.732576] usb usb1: Manufacturer: Linux 6.15.4-Baikal_TESTING_crashniels-dirty xhci-hcd?
[    7.740575] usb usb1: SerialNumber: 0000:00:14.7?
[    7.745665] hub 1-0:1.0: USB hub found?
[    7.746605] hub 1-0:1.0: 2 ports detected?
[    7.747813] usb usb2: We don't know the algorithms for LPM for this host, disabling LPM.?
[    7.749609] usb usb2: New USB device found, idVendor=1d6b, idProduct=0003, bcdDevice= 6.15?
[    7.750575] usb usb2: New USB device strings: Mfr=3, Product=2, SerialNumber=1?
[    7.751573] usb usb2: Product: xHCI Host Controller?
[    7.752573] usb usb2: Manufacturer: Linux 6.15.4-Baikal_TESTING_crashniels-dirty xhci-hcd?
[    7.753573] usb usb2: SerialNumber: 0000:00:14.7?
[    7.754661] hub 2-0:1.0: USB hub found?
[    7.758597] hub 2-0:1.0: 2 ports detected?
[    7.783575] xhci_aeolia_probe_one 2, controller is 90de?
[    7.788583] xhci_aeolia 0000:00:14.7: xHCI Host Controller?
[    7.794570] xhci_aeolia 0000:00:14.7: new USB bus registered, assigned bus number 3?
[    7.802674] xhci_aeolia 0000:00:14.7: hcc params 0x0220f06c hci version 0x100 quirks 0x0004000000010010?
[    7.811570] xhci_aeolia 0000:00:14.7: irq 2, io mem 0xcf000000?
[    7.817569] debugfs: Directory '0000:00:14.7' with parent 'xhci' already present!?
[    7.825592] xhci_aeolia 0000:00:14.7: xHCI Host Controller?
[    7.831567] xhci_aeolia 0000:00:14.7: new USB bus registered, assigned bus number 4?
[    7.860566] xhci_aeolia 0000:00:14.7: Host supports USB 3.0 SuperSpeed?
[    7.867739] usb usb3: New USB device found, idVendor=1d6b, idProduct=0002, bcdDevice= 6.15?
[    7.875557] usb usb3: New USB device strings: Mfr=3, Product=2, SerialNumber=1?
[    7.883553] usb usb3: Product: xHCI Host Controller?
[    7.888552] usb usb3: Manufacturer: Linux 6.15.4-Baikal_TESTING_crashniels-dirty xhci-hcd?
[    7.896551] usb usb3: SerialNumber: 0000:00:14.7?
[    7.901632] hub 3-0:1.0: USB hub found?
[    7.905569] hub 3-0:1.0: 1 port detected?
[    7.909670] usb usb4: We don't know the algorithms for LPM for this host, disabling LPM.?
[    7.917632] usb usb4: New USB device found, idVendor=1d6b, idProduct=0003, bcdDevice= 6.15?
[    7.926547] usb usb4: New USB device strings: Mfr=3, Product=2, SerialNumber=1?
[    7.933550] usb usb4: Product: xHCI Host Controller?
[    7.938545] usb usb4: Manufacturer: Linux 6.15.4-Baikal_TESTING_crashniels-dirty xhci-hcd?
[    7.947543] usb usb4: SerialNumber: 0000:00:14.7?
[    7.952641] hub 4-0:1.0: USB hub found?
[    7.955569] hub 4-0:1.0: 1 port detected?
[    7.981628] usbcore: registered new interface driver uas?
[    7.984549] usb 1-1: new high-speed USB device number 2 using xhci_aeolia?
[    7.985591] usbcore: registered new interface driver usb-storage?
[    7.992590] i8042: PNP: No PS/2 controller found.?
[    7.997585] mousedev: PS/2 mouse device common for all mice?
[    8.003621] usbcore: registered new interface driver xpad?
[    8.008581] i2c_dev: i2c /dev entries driver?
[    8.013587] i2c_dev: adapter [icc] registered as minor 0?
[    8.018555] i2c-core: driver [i2c-slave-eeprom] registered?
[    8.024608] device-mapper: ioctl: 4.49.0-ioctl (2025-01-17) initialised: dm-devel@lists.linux.dev?
[    8.033581] amd_pstate: the _CPC object is not present in SBIOS or ACPI disabled?
[    8.041532] sdhci: Secure Digital Host Controller Interface driver?
[    8.047527] sdhci: Copyright(c) Pierre Ossman?
[    8.052555] sdhci-pci 0000:00:14.3: SDHCI controller found [104d:90da] (rev 0)?
[    8.052657] hid: raw HID events driver (C) Jiri Kosina?
[    8.056556] ata1: SATA link up 3.0 Gbps (SStatus 123 SControl 300)?
[    8.059572] bpcie_init_dev_msi_info: dev=0000:00:14.3 installed bpcie demuxer (sc=0000000013df904c)?
[    8.065687] usbcore: registered new interface driver usbhid?
[    8.071566] bpcie_msi_init: virq=3 hwirq=0x0 domain=0000000096f7f56c info=0000000035ea9352 sc=0000000013df904c?
[    8.077549] usb usb3-port1: over-current condition?
[    8.080524] usbhid: USB HID core driver?
[    8.080781] snd_hda_intel 0000:00:01.1: can't derive routing for PCI INT B?
[    8.086524] bpcie_msi_init: registered virq=3 irq_map[34]?
[    8.086537] snd_hda_intel 0000:00:01.1: PCI INT B: not connected?
[    8.086550] sdhci-pci 0000:00:14.3: bpcie_msi_write_msg(fee00000, 000000ef) mask=0x0 irq=3 hwirq=0x0 0000000013df904c?
[    8.096771] NET: Registered PF_INET6 protocol family?
[    8.101563] baikal_pcie 0000:00:14.4: bpcie_config_msi: func=3 subfunc=0 addr=fee00000 data=000000ef?
[    8.101532] ata1.00: FORCE: modified (disable)?
[    8.101537] ata1.00: unsupported device, disabling?
[    8.101540] ata1.00: disable device?
[    8.105717] Segment Routing with IPv6?
[    8.112632] sdhci-pci 0000:00:14.3: bpcie_msi_write_msg(fee03000, 00000024) mask=0x0 irq=3 hwirq=0x0 0000000013df904c?
[    8.118520] In-situ OAM (IOAM) with IPv6?
[    8.113514] baikal_pcie 0000:00:14.4: bpcie_config_msi: func=3 subfunc=0 addr=fee03000 data=00000024?
[    8.113514] sdhci-pci 0000:00:14.3: bpcie_msi_write_msg(fee03000, 00000024) mask=0x0 irq=3 hwirq=0x0 0000000013df904c?
[    8.134566] NET: Registered PF_PACKET protocol family?
[    8.138587] input: HD-Audio Generic HDMI/DP,pcm=3 as /devices/pci0000:00/0000:00:01.1/sound/card0/input1?
[    8.138625] input: HD-Audio Generic HDMI/DP,pcm=7 as /devices/pci0000:00/0000:00:01.1/sound/card0/input2?
[    8.113514] baikal_pcie 0000:00:14.4: bpcie_config_msi: func=3 subfunc=0 addr=fee03000 data=00000024?
[    8.140543] Bluetooth: RFCOMM TTY layer initialized?
[    8.149642] usb 1-1: New USB device found, idVendor=1a40, idProduct=0101, bcdDevice= 1.00?
[    8.150519] Bluetooth: RFCOMM socket layer initialized?
[    8.151512] usb 1-1: New USB device strings: Mfr=0, Product=1, SerialNumber=0?
[    8.151635] Bluetooth: RFCOMM ver 1.11?
[    8.152511] usb 1-1: Product: USB2.0 HUB?
[    8.152515] Bluetooth: BNEP (Ethernet Emulation) ver 1.3?
[    8.153577] mmc0: SDHCI controller on PCI [0000:00:14.3] using ADMA?
[    8.163509] Bluetooth: BNEP filters: protocol multicast?
[    8.163516] Bluetooth: BNEP socket layer initialized?
[    8.163522] Bluetooth: HIDP (Human Interface Emulation) ver 1.2?
[    8.163526] Bluetooth: HIDP socket layer initialized?
[    8.203560] hub 1-1:1.0: USB hub found?
[    8.204589] microcode: Current revision: 0x0701a001?
[    8.205536] hub 1-1:1.0: 4 ports detected?
[    8.220545] IPI shorthand broadcast: enabled?
[    8.242811] registered taskstats version 1?
[    8.246523] Loading compiled-in X.509 certificates?
[    8.259656] Demotion targets for Node 0: null?
[    8.265182] usb 2-2: new SuperSpeed USB device number 2 using xhci_aeolia?
[    8.266536] Btrfs loaded, zoned=no, fsverity=no?
[    8.272536] usb usb4-port1: over-current condition?
[    8.277596] amdgpu 0000:00:01.0: can't derive routing for PCI INT A?
[    8.286494] usb 2-2: New USB device found, idVendor=0951, idProduct=1666, bcdDevice= 1.10?
[    8.287493] amdgpu 0000:00:01.0: PCI INT A: not connected?
[    8.288500] usb 2-2: New USB device strings: Mfr=2, Product=3, SerialNumber=4?
[    8.287511] [drm] initializing kernel modesetting (LIVERPOOL 0x1002:0x9923 0x1002:0x9923 0x00).?
[    8.296491] usb 2-2: Product: DataTraveler 3.0?
[    8.296526] [drm] register mmio base: 0xE4800000?
[    8.301488] usb 2-2: Manufacturer: Kingston?
[    8.301494] [drm] register mmio size: 262144?
[    8.301500] usb 2-2: SerialNumber: E0D55EA573F0194049CD0236?
[    8.302511] amdgpu 0000:00:01.0: amdgpu: detected ip block number 0 <cik_common>?
[    8.310025] usb-storage 2-2:1.0: USB Mass Storage device detected?
[    8.318486] amdgpu 0000:00:01.0: amdgpu: detected ip block number 1 <gmc_v7_0>?
[    8.318492] amdgpu 0000:00:01.0: amdgpu: detected ip block number 2 <cik_ih>?
[    8.318498] amdgpu 0000:00:01.0: amdgpu: detected ip block number 3 <dce_v8_0>?
[    8.318541] scsi host1: usb-storage 2-2:1.0?
[    8.322487] amdgpu 0000:00:01.0: amdgpu: detected ip block number 4 <gfx_v7_0>?
[    8.322506] mmc0: new UHS-I speed SDR104 SDIO card at address 0001?
[    8.327485] amdgpu 0000:00:01.0: amdgpu: detected ip block number 5 <cik_sdma>?
[    8.329510] [wlan][28]halPollDbgCr:(INIT WARN) SWPCDBGR 0x00001DDE?
[    8.331485] amdgpu 0000:00:01.0: amdgpu: detected ip block number 6 <uvd_v4_2>?
[    8.417472] amdgpu 0000:00:01.0: amdgpu: detected ip block number 7 <vce_v2_0>?
[    8.465204] amdgpu 0000:00:01.0: amdgpu: Fetched VBIOS from ROM BAR?
[    8.471467] amdgpu: ATOM BIOS: 113-Starsha2-018?
[    8.476708] [drm] ps4 uvd: skipping UVD entirely on Liverpool/Gladius (no SAMU auth -> no functional UVD; avoids fault storm)?
[    8.487472] [drm:amdgpu_device_init.cold] *ERROR* early_init of IP block <uvd_v4_2> failed -19?
[    8.496540] [drm] ps4 vce: skipping VCE entirely on Liverpool/Gladius?
[    8.503539] [drm:amdgpu_device_init.cold] *ERROR* early_init of IP block <vce_v2_0> failed -19?
[    8.512537] amdgpu 0000:00:01.0: amdgpu: Fatal error during GPU init?
[    8.518537] amdgpu 0000:00:01.0: amdgpu: amdgpu: finishing device.?
[    8.525551] ahci 0000:00:14.2: version 3.0?
[    8.529474] ahci 0000:00:14.2: probe with driver ahci failed with error -12?
[    8.536485] ps4-power: reboot_notifier installed ??? ICC cmd 04/0004 on SYS_POWER_OFF?
[    8.544529] ps4_mts 0000:00:14.1: phy_ctrl: BMSR latch=0x7969 current=0x7969 (link@phy=0 AN@phy=1)?
[    8.545473] printk: legacy console [netcon0] enabled?
[    8.554478] ps4_mts 0000:00:14.1: phy_ctrl: LP ABILITY (reg5)=0xcde1 (RF=0 ACK=1 100TX_FD=1 100TX=1 10T_FD=1 10T=1)?
[    8.559452] netconsole: network logging started?
[    8.559632] cfg80211: Loading compiled-in X.509 certificates for regulatory database?
[    8.570473] ps4_mts 0000:00:14.1: phy_ctrl: 1000BT_STAT (reg10)=0x7800 (MS_FAULT=0 MS_CFG=1 L_RX_OK=1 R_RX_OK=1 LP_FD=1 LP_HD=0)?
[    8.575513] Loaded X.509 cert 'sforshee: 00b28ddf47aef9cea7'?
[    8.582497] ps4_mts 0000:00:14.1: v94/v95: netif_carrier_on (PHY-level: BMSR=0x7969 LPA=0xcde1)?
[    8.594814] Loaded X.509 cert 'wens: 61c038651aabdcf94bd0ac7ff06c7248db18c600'?
[    8.600457] usb 1-1.3: new low-speed USB device number 3 using xhci_aeolia?
[    8.623448] clk: Disabling unused clocks?
[    8.627527] platform regulatory.0: Direct firmware load for regulatory.db failed with error -2?
[    8.628530] ALSA device list:?
[    8.636457] cfg80211: failed to load regulatory.db?
[    8.636530]   #0: HD-Audio Generic at 0xe4840000 irq 4?
[    8.650666] Freeing unused kernel image (initmem) memory: 1624K?
[    8.656479] Write protecting the kernel read-only data: 34816k?
[    8.663690] Freeing unused kernel image (text/rodata gap) memory: 1096K?
[    8.671154] Freeing unused kernel image (rodata/data gap) memory: 1452K?
[    8.678440] rodata_test: all tests were successful?
[    8.683449] Run /init as init process?
[    8.686432]   with arguments:?
[    8.689430]     /init?
[    8.692429]   with environment:?
[    8.695429]     HOME=/?
[    8.697428]     TERM=linux?
[    8.785487] usb 1-1.3: New USB device found, idVendor=04f3, idProduct=152e, bcdDevice=1c.02?
[    8.786419] usb 1-1.3: New USB device strings: Mfr=1, Product=2, SerialNumber=0?
[    8.787416] usb 1-1.3: Product: Gaming KB?
[    8.788416] usb 1-1.3: Manufacturer: Gaming KB?
[    8.812483] [wlan][28]wlanAccessRegisterStatus:(INIT ERROR) wlanAccessRegisterStatus: incorrect ucEID. ucSetQuery = 0x0?
[    8.823414] [wlan][28]wlanAccessRegister:(INIT ERROR) Event reports address incorrect. 0x80021000, 0x00000000.?
[    8.834439] [wlan][28]wlanSetChipEcoInfo:(INIT ERROR) wlanSetChipEcoInfo >> get TOP_HVR failed.?
[    8.843479] mt76x8-mt6632_sdio mmc0:0001:1: Direct firmware load for mt7668_patch_e0_hdr.bin failed with error -2?
[    8.853415] [wlan][28]kalFirmwareOpen:(INIT ERROR) Request FW image failed! Cur/Max ECO Ver[E0/E1]?
[    8.862418] [wlan][28]wlanDownloadPatch:(INIT WARN) FW[2] load error!?
[    8.879424] [wlan][28]wlanImageSectionDownloadStage:(INIT ERROR) Firmware download configuration failed!?
[    8.889479] mt76x8-mt6632_sdio mmc0:0001:1: probe with driver mt76x8-mt6632_sdio failed with error -1?
[    8.899976] input: Gaming KB Gaming KB as /devices/pci0000:00/0000:00:14.7/usb1/1-1/1-1.3/1-1.3:1.0/0003:04F3:152E.0001/input/input3?
[    8.920451] hid-generic 0003:04F3:152E.0001: input,hidraw0: USB HID v1.11 Keyboard [Gaming KB Gaming KB] on usb-0000:00:14.7-1.3/input0?
[    8.928480] input: Gaming KB Gaming KB Consumer Control as /devices/pci0000:00/0000:00:14.7/usb1/1-1/1-1.3/1-1.3:1.1/0003:04F3:152E.0002/input/input4?
