[    0.000000] ps4: x86_ps4_early_setup: PS4 early setup
[    0.000000] Linux version 6.15.4-Baikal_TESTING_crashniels-dirty (meerzulee@cachynator) (gcc (GCC) 16.1.1 20260430, GNU ld (GNU Binutils) 2.46.0) #1 SMP PREEMPT_DYNAMIC Thu May 14 15:43:34 +06 2026
[    0.000000] Command line: earlycon=uart8250,mmio32,0xC890E000,115200n8 console=tty0 keep_bootcon 8250.nr_uarts=0 iommu=pt intremap=off panic=10 loglevel=8 ignore_loglevel printk.devkmsg=on drm.edid_firmware=edid/1920x1080.bin video=HDMI-A-1:1920x1080@60D pci=nocrs libata.force=1.00:disable root=LABEL=psxitarch rootwait rw systemd.unit=multi-user.target systemd.log_level=info amdgpu.gpu_recovery=0 amdgpu.lockup_timeout=10000 amdgpu.gfx_off=0 amdgpu.runpm=0 amdgpu.bapm=0 amdgpu.dpm=0
[    0.000000] KERNEL supported cpus:
[    0.000000]   AMD AuthenticAMD
[    0.000000] BIOS-provided physical RAM map:
[    0.000000] BIOS-e820: [mem 0x0000000000000000-0x0000000000007fff] usable
[    0.000000] BIOS-e820: [mem 0x0000000000008000-0x000000000007ffff] reserved
[    0.000000] BIOS-e820: [mem 0x0000000000080000-0x0000000000099fff] usable
[    0.000000] BIOS-e820: [mem 0x000000000009a000-0x00000000000bffff] reserved
[    0.000000] BIOS-e820: [mem 0x00000000000e0000-0x00000000000effff] ACPI data
[    0.000000] BIOS-e820: [mem 0x0000000000100000-0x00000000003fffff] usable
[    0.000000] BIOS-e820: [mem 0x0000000000400000-0x000000000047ffff] reserved
[    0.000000] BIOS-e820: [mem 0x0000000000480000-0x000000000067ffff] usable
[    0.000000] BIOS-e820: [mem 0x0000000000680000-0x00000000006fffff] reserved
[    0.000000] BIOS-e820: [mem 0x0000000000700000-0x000000007efe7fff] usable
[    0.000000] BIOS-e820: [mem 0x000000007efe8000-0x000000007efeffff] ACPI NVS
[    0.000000] BIOS-e820: [mem 0x000000007eff0000-0x000000007effffff] ACPI data
[    0.000000] BIOS-e820: [mem 0x000000007f000000-0x000000007fffffff] usable
[    0.000000] BIOS-e820: [mem 0x0000000080000000-0x00000000fbffffff] reserved
[    0.000000] BIOS-e820: [mem 0x0000000100000000-0x000000013fffffff] reserved
[    0.000000] BIOS-e820: [mem 0x0000000140000000-0x000000027effffff] usable
[    0.000000] earlycon: uart8250 at MMIO32 0x00000000c890e000 (options '115200n8')
[    0.000000] printk: legacy bootconsole [uart8250] enabled
[    0.000000] printk: debug: skip boot console de-registration.
[    0.000000] printk: debug: ignoring loglevel setting.
[    0.000000] NX (Execute Disable) protection: active
[    0.000000] APIC: Static calls initialized
[    0.000000] SMBIOS 2.1 present.
[    0.000000] DMI:  , BIOS unde Wed 09/22/2021 16:2
[    0.000000] DMI: Memory slots populated: 1/1
[    0.000000] ps4: EMC timer started in 7017 TSC ticks
[    0.000000] ps4: Calibrated TSC frequency: 1594103840 kHz
[    0.000000] tsc: Detected 1594.104 MHz processor
[    0.001421] e820: update [mem 0x00000000-0x00000fff] usable ==> reserved
[    0.008243] e820: remove [mem 0x000a0000-0x000fffff] usable
[    0.013923] last_pfn = 0x27f000 max_arch_pfn = 0x400000000
[    0.019509] MTRR map: 6 entries (3 fixed + 3 variable; max 20), built from 9 variable MTRRs
[    0.028009] x86/PAT: Configuration [0-7]: WB  WC  UC- UC  WB  WP  UC- WT  
[    0.035387] e820: update [mem 0x80000000-0x13fffffff] usable ==> reserved
[    0.042313] last_pfn = 0x80000 max_arch_pfn = 0x400000000
[    0.056413] Using GB pages for direct mapping
[    0.062378] RAMDISK: [mem 0x2e000000-0x2e40efff]
[    0.067088] ACPI: Early table checksum verification disabled
[    0.072848] ACPI: RSDP 0x00000000000E0000 000024 (v02 SIE   )
[    0.078697] ACPI: XSDT 0x00000000000E0088 00004C (v01 SIE    ORBIS    20121218 INTL 20110211)
[    0.087381] ACPI: FACP 0x00000000000E016C 0000F4 (v04 SIE    ORBIS    20130205 INTL 20110211)
[    0.096066] ACPI: DSDT 0x00000000000E0430 00018C (v02 SIE    ORBIS    20121002 INTL 20110211)
[    0.104747] ACPI: FACS 0x00000000000E012C 000040
[    0.109443] ACPI: FACS 0x00000000000E012C 000040
[    0.114141] ACPI: APIC 0x00000000000E0298 00006C (v02 SIE    ORBIS    20120725 INTL 20110211)
[    0.122820] ACPI: MCFG 0x00000000000E0304 00003C (v01 SIE    ORBIS    20120725 INTL 20110211)
[    0.131501] ACPI: SSDT 0x00000000000E0730 001944 (v01 AMD    POWERNOW 00000001 AMD  00000001)
[    0.140181] ACPI: IVRS 0x00000000000E2074 000054 (v01 F0F    PS4KEXEC 20161225 KEXC 20161225)
[    0.148859] ACPI: Reserving FACP table memory at [mem 0xe016c-0xe025f]
[    0.155499] ACPI: Reserving DSDT table memory at [mem 0xe0430-0xe05bb]
[    0.162138] ACPI: Reserving FACS table memory at [mem 0xe012c-0xe016b]
[    0.168776] ACPI: Reserving FACS table memory at [mem 0xe012c-0xe016b]
[    0.175415] ACPI: Reserving APIC table memory at [mem 0xe0298-0xe0303]
[    0.182054] ACPI: Reserving MCFG table memory at [mem 0xe0304-0xe033f]
[    0.188696] ACPI: Reserving SSDT table memory at [mem 0xe0730-0xe2073]
[    0.195335] ACPI: Reserving IVRS table memory at [mem 0xe2074-0xe20c7]
[    0.202051] No NUMA configuration found
[    0.205949] Faking a node at [mem 0x0000000000000000-0x000000027effffff]
[    0.212770] NODE_DATA(0) allocated [mem 0x27effa800-0x27effdfff]
[    0.218937] Zone ranges:
[    0.221507]   DMA      [mem 0x0000000000001000-0x0000000000ffffff]
[    0.227793]   DMA32    [mem 0x0000000001000000-0x00000000ffffffff]
[    0.234080]   Normal   [mem 0x0000000100000000-0x000000027effffff]
[    0.240366] Movable zone start for each node
[    0.244704] Early memory node ranges
[    0.248333]   node   0: [mem 0x0000000000001000-0x0000000000007fff]
[    0.254709]   node   0: [mem 0x0000000000080000-0x0000000000099fff]
[    0.261086]   node   0: [mem 0x0000000000100000-0x00000000003fffff]
[    0.267461]   node   0: [mem 0x0000000000480000-0x000000000067ffff]
[    0.273837]   node   0: [mem 0x0000000000700000-0x000000007efe7fff]
[    0.280210]   node   0: [mem 0x000000007f000000-0x000000007fffffff]
[    0.286583]   node   0: [mem 0x0000000140000000-0x000000027effffff]
[    0.292959] Initmem setup node 0 [mem 0x0000000000001000-0x000000027effffff]
[    0.300134] On node 0, zone DMA: 1 pages in unavailable ranges
[    0.306073] On node 0, zone DMA: 120 pages in unavailable ranges
[    0.312203] On node 0, zone DMA: 102 pages in unavailable ranges
[    0.318329] On node 0, zone DMA: 128 pages in unavailable ranges
[    0.324491] On node 0, zone DMA: 128 pages in unavailable ranges
[    0.341076] On node 0, zone DMA32: 24 pages in unavailable ranges
[    0.373944] On node 0, zone Normal: 4096 pages in unavailable ranges
[    0.381322] ACPI: No IOAPIC entries present
[    0.385574] ACPI: Using ACPI for processor (LAPIC) configuration information
[    0.392758] CPU topo: Max. logical packages:   1
[    0.397452] CPU topo: Max. logical dies:       1
[    0.402144] CPU topo: Max. dies per package:   1
[    0.406849] CPU topo: Max. threads per core:   1
[    0.411542] CPU topo: Num. cores per package:     8
[    0.416500] CPU topo: Num. threads per package:   8
[    0.421457] CPU topo: Allowing 8 present CPUs plus 0 hotplug CPUs
[    0.427682] [mem 0xfc000000-0xffffffff] available for PCI devices
[    0.433883] clocksource: refined-jiffies: mask: 0xffffffff max_cycles: 0xffffffff, max_idle_ns: 1910969940391419 ns
[    0.444517] setup_percpu: NR_CPUS:8 nr_cpumask_bits:8 nr_cpu_ids:8 nr_node_ids:1
[    0.452718] percpu: Embedded 42 pages/cpu s131544 r8192 d32296 u262144
[    0.459379] pcpu-alloc: s131544 r8192 d32296 u262144 alloc=1*2097152
[    0.465847] pcpu-alloc: [0] 0 1 2 3 4 5 6 7 
[    0.470231] Kernel command line: earlycon=uart8250,mmio32,0xC890E000,115200n8 console=tty0 keep_bootcon 8250.nr_uarts=0 iommu=pt intremap=off panic=10 loglevel=8 ignore_loglevel printk.devkmsg=on drm.edid_firmware=edid/1920x1080.bin video=HDMI-A-1:1920x1080@60D pci=nocrs libata.force=1.00:disable root=LABEL=psxitarch rootwait rw systemd.unit=multi-user.target systemd.log_level=info amdgpu.gpu_recovery=0 amdgpu.lockup_timeout=10000 amdgpu.gfx_off=0 amdgpu.runpm=0 amdgpu.bapm=0 amdgpu.dpm=0
[    0.514594] Setting dangerous option amdgpu.gpu_recovery - tainting kernel
[    0.521646] printk: log buffer data + meta data: 262144 + 917504 = 1179648 bytes
[    0.530987] Dentry cache hash table entries: 1048576 (order: 11, 8388608 bytes, linear)
[    0.540062] Inode-cache hash table entries: 524288 (order: 10, 4194304 bytes, linear)
[    0.548137] software IO TLB: area num 8.
[    0.581480] Fallback order for Node 0: 0 
[    0.581499] Built 1 zonelists, mobility grouping on.  Total pages: 1830409
[    0.592571] Policy zone: Normal
[    0.595761] mem auto-init: stack:off, heap alloc:off, heap free:off
[    0.640138] SLUB: HWalign=64, Order=0-3, MinObjects=0, CPUs=8, Nodes=1
[    0.647929] Dynamic Preempt: voluntary
[    0.651834] rcu: Preemptible hierarchical RCU implementation.
[    0.657679] rcu: RCU calculated value of scheduler-enlistment delay is 100 jiffies.
[    0.665495] NR_IRQS: 4352, nr_irqs: 128, preallocated irqs: 0
[    0.671401] rcu: srcu_init: Setting srcu_struct sizes based on contention.
[    0.678453] call_irq_handler: 0.49 No irq handler for vector
[    0.684241] Console: colour dummy device 80x25
[    0.688763] printk: legacy console [tty0] enabled
[    0.693588] ACPI: Core revision 20240827
[    0.697645] ACPI: setting ELCR to 0200 (from ffff)
[    0.702534] Failed to register legacy timer interrupt
[    0.707672] APIC: Switch to symmetric I/O mode setup
[    0.712730] clocksource: tsc-early: mask: 0xffffffffffffffff max_cycles: 0x16fa6340cb4, max_idle_ns: 440795264023 ns
[    0.723458] Calibrating delay loop (skipped), value calculated using timer frequency.. 3188.20 BogoMIPS (lpj=1594104)
[    0.724449] Last level iTLB entries: 4KB 512, 2MB 8, 4MB 4
[    0.724449] Last level dTLB entries: 4KB 512, 2MB 256, 4MB 128, 1GB 0
[    0.724449] Spectre V1 : Mitigation: usercopy/swapgs barriers and __user pointer sanitization
[    0.724449] Spectre V2 : Mitigation: Retpolines
[    0.724449] Spectre V2 : Spectre v2 / SpectreRSB: Filling RSB on context switch and VMEXIT
[    0.724449] RETBleed: Mitigation: untrained return thunk
[    0.724449] Speculative Store Bypass: Mitigation: Speculative Store Bypass disabled via prctl
[    0.724449] x86/fpu: Supporting XSAVE feature 0x001: 'x87 floating point registers'
[    0.724449] x86/fpu: Supporting XSAVE feature 0x002: 'SSE registers'
[    0.724449] x86/fpu: Supporting XSAVE feature 0x004: 'AVX registers'
[    0.724449] x86/fpu: xstate_offset[2]:  576, xstate_sizes[2]:  256
[    0.724449] x86/fpu: Enabled xstate features 0x7, context size is 832 bytes, using 'standard' format.
[    0.724449] Freeing SMP alternatives memory: 52K
[    0.724449] pid_max: default: 32768 minimum: 301
[    0.724449] Mount-cache hash table entries: 16384 (order: 5, 131072 bytes, linear)
[    0.724449] Mountpoint-cache hash table entries: 16384 (order: 5, 131072 bytes, linear)
[    0.724449] smpboot: CPU0: AMD DG1401SNF87ID (family: 0x16, model: 0x1a, stepping: 0x0)
[    0.725059] Performance Events: AMD PMU driver.
[    0.725453] ... version:                0
[    0.726452] ... bit width:              48
[    0.727452] ... generic registers:      4
[    0.728452] ... value mask:             0000ffffffffffff
[    0.729452] ... max period:             00007fffffffffff
[    0.730452] ... fixed-purpose events:   0
[    0.731452] ... event mask:             000000000000000f
[    0.732668] signal: max sigframe size: 1776
[    0.733541] rcu: Hierarchical SRCU implementation.
[    0.734453] rcu: 	Max phase no-delay instances is 400.
[    0.735609] Timer migration: 1 hierarchy levels; 8 children per group; 1 crossnode level
[    0.739786] smp: Bringing up secondary CPUs ...
[    0.741728] smpboot: x86: Booting SMP configuration:
[    0.742458] .... node  #0, CPUs:      #1 #2 #3 #4 #5 #6 #7
[    0.752556] smp: Brought up 1 node, 8 CPUs
[    0.754453] smpboot: Total of 8 processors activated (25505.66 BogoMIPS)
[    0.756670] Memory: 7077464K/7321636K available (23464K kernel code, 2053K rwdata, 8784K rodata, 1624K init, 2232K bss, 239924K reserved, 0K cma-reserved)
[    0.758871] devtmpfs: initialized
[    0.761555] clocksource: jiffies: mask: 0xffffffff max_cycles: 0xffffffff, max_idle_ns: 1911260446275000 ns
[    0.762460] posixtimers hash table entries: 4096 (order: 4, 65536 bytes, linear)
[    0.763471] futex hash table entries: 2048 (order: 5, 131072 bytes, linear)
[    0.764558] prandom: seed boundary self test passed
[    0.767460] prandom: 100 self tests passed
[    0.768708] NET: Registered PF_NETLINK/PF_ROUTE protocol family
[    0.769622] audit: initializing netlink subsys (disabled)
[    0.770517] audit: type=2000 audit(0.047:1): state=initialized audit_enabled=0 res=1
[    0.770624] i2c-core: driver [dummy] registered
[    0.772456] thermal_sys: Registered thermal governor 'step_wise'
[    0.772482] cpuidle: using governor ladder
[    0.774461] cpuidle: using governor menu
[    0.775653] ps4: ps4: pre-allocated IRQ 9 desc for ACPI SCI (virq=9)
[    0.776717] PCI: ECAM [mem 0xf8000000-0xfbffffff] (base 0xf8000000) for domain 0000 [bus 00-3f]
[    0.777472] PCI: Using configuration type 1 for base access
[    0.778764] HugeTLB: allocation took 0ms with hugepage_allocation_threads=2
[    0.779485] HugeTLB: registered 2.00 MiB page size, pre-allocated 0 pages
[    0.780452] HugeTLB: 28 KiB vmemmap can be freed for a 2.00 MiB page
[    0.781839] cryptd: max_cpu_qlen set to 1000
[    0.799455] raid6: sse2x4   gen()  4051 MB/s
[    0.817455] raid6: sse2x2   gen()  3971 MB/s
[    0.835457] raid6: sse2x1   gen()  3191 MB/s
[    0.836453] raid6: using algorithm sse2x4 gen() 4051 MB/s
[    0.854451] raid6: .... xor() 2019 MB/s, rmw enabled
[    0.855453] raid6: using ssse3x2 recovery algorithm
[    0.856557] ACPI: Added _OSI(Module Device)
[    0.857454] ACPI: Added _OSI(Processor Device)
[    0.858453] ACPI: Added _OSI(Processor Aggregator Device)
[    0.861718] ACPI: 2 ACPI AML tables successfully acquired and loaded
[    0.869678] ACPI: Interpreter enabled
[    0.870464] ACPI: PM: (supports S0 S5)
[    0.871453] ACPI: Using PIC for interrupt routing
[    0.872487] PCI: Ignoring host bridge windows from ACPI; if necessary, use "pci=use_crs" and report a bug
[    0.873453] PCI: Using E820 reservations for host bridge windows
[    0.876075] acpi PNP0A03:00: [Firmware Bug]: no secondary bus range in _CRS
[    0.876470] ACPI: PCI Root Bridge [PCI0] (domain 0000 [bus 00-ff])
[    0.877460] acpi PNP0A03:00: _OSC: OS supports [ExtendedConfig ASPM ClockPM Segments MSI HPX-Type3]
[    0.878470] acpi PNP0A03:00: [Firmware Info]: ECAM [mem 0xf8000000-0xfbffffff] for domain 0000 [bus 00-3f] only partially covers this bridge
[    0.879476] acpi PNP0A03:00: host bridge window [io  0x0cf8-0x0cff] (ignored)
[    0.880453] PCI: root bus 00: using default resources
[    0.881503] PCI host bridge to bus 0000:00
[    0.882462] pci_bus 0000:00: root bus resource [io  0x0000-0xffff]
[    0.883459] pci_bus 0000:00: root bus resource [mem 0x00000000-0xffffffffff]
[    0.884454] pci_bus 0000:00: root bus resource [bus 00-ff]
[    0.885474] pci 0000:00:00.0: [1022:1436] type 00 class 0x060000 conventional PCI endpoint
[    0.886577] pci 0000:00:00.2: [1022:1437] type 00 class 0x080600 conventional PCI endpoint
[    0.888526] pci 0000:00:01.0: [1002:9923] type 00 class 0x030000 PCIe Root Complex Integrated Endpoint
[    0.889475] pci 0000:00:01.0: BAR 0 [mem 0xe0000000-0xe3ffffff 64bit pref]
[    0.890454] pci 0000:00:01.0: BAR 2 [mem 0xe4000000-0xe47fffff 64bit pref]
[    0.891454] pci 0000:00:01.0: BAR 4 [io  0x6000-0x60ff]
[    0.892454] pci 0000:00:01.0: BAR 5 [mem 0xe4800000-0xe483ffff]
[    0.893454] pci 0000:00:01.0: ROM [mem 0x00000000-0x0001ffff pref]
[    0.894457] pci 0000:00:01.0: enabling Extended Tags
[    0.895469] pci 0000:00:01.0: Video device with shadowed ROM at [mem 0x000c0000-0x000dffff]
[    0.896474] pci 0000:00:01.0: supports D1 D2
[    0.897453] pci 0000:00:01.0: PME# supported from D1 D2 D3hot
[    0.898547] pci 0000:00:01.1: [1002:9921] type 00 class 0x040300 PCIe Root Complex Integrated Endpoint
[    0.899474] pci 0000:00:01.1: BAR 0 [mem 0xe4840000-0xe4843fff 64bit]
[    0.900460] pci 0000:00:01.1: enabling Extended Tags
[    0.901483] pci 0000:00:01.1: supports D1 D2
[    0.902548] pci 0000:00:02.0: [1022:1438] type 00 class 0x060000 conventional PCI endpoint
[    0.903584] pci 0000:00:14.0: [104d:90d7] type 00 class 0x088000 PCIe Endpoint
[    0.904494] pci 0000:00:14.0: BAR 0 [mem 0xfdf8000000-0xfdf9ffffff 64bit]
[    0.905454] pci 0000:00:14.0: BAR 2 [io  0x1000-0x13ff]
[    0.906642] pci 0000:00:14.1: [104d:90d8] type 00 class 0x088001 PCIe Endpoint
[    0.907494] pci 0000:00:14.1: BAR 0 [mem 0xc2000000-0xc2000fff 64bit]
[    0.908639] pci 0000:00:14.2: [104d:90d9] type 00 class 0x088002 PCIe Endpoint
[    0.909494] pci 0000:00:14.2: BAR 0 [mem 0xc4000000-0xc4007fff 64bit]
[    0.910640] pci 0000:00:14.3: [104d:90da] type 00 class 0x088003 PCIe Endpoint
[    0.911493] pci 0000:00:14.3: BAR 0 [mem 0xc6000000-0xc6000fff 64bit]
[    0.912638] pci 0000:00:14.4: [104d:90db] type 00 class 0x088004 PCIe Endpoint
[    0.913493] pci 0000:00:14.4: BAR 0 [mem 0xc8000000-0xc8001fff 64bit]
[    0.914455] pci 0000:00:14.4: BAR 2 [mem 0xc8800000-0xc89fffff 64bit]
[    0.915455] pci 0000:00:14.4: BAR 4 [mem 0xc9000000-0xc91fffff 64bit]
[    0.917465] pci 0000:00:14.5: [104d:90dc] type 00 class 0x088005 PCIe Endpoint
[    0.918493] pci 0000:00:14.5: BAR 0 [mem 0xca000000-0xca000fff 64bit]
[    0.919455] pci 0000:00:14.5: BAR 2 [mem 0xca800000-0xca800fff 64bit]
[    0.921636] pci 0000:00:14.6: [104d:90dd] type 00 class 0x088006 PCIe Endpoint
[    0.922493] pci 0000:00:14.6: BAR 0 [mem 0xcc000000-0xcc000fff 64bit]
[    0.923455] pci 0000:00:14.6: BAR 2 [mem 0x80000000-0xbfffffff 64bit]
[    0.924454] pci 0000:00:14.6: BAR 4 [mem 0xcd000000-0xcd0fffff]
[    0.925454] pci 0000:00:14.6: BAR 5 [mem 0xcd400000-0xcd43ffff]
[    0.926634] pci 0000:00:14.7: [104d:90de] type 00 class 0x088007 PCIe Endpoint
[    0.927495] pci 0000:00:14.7: BAR 0 [mem 0xce000000-0xce3fffff 64bit]
[    0.928455] pci 0000:00:14.7: BAR 2 [mem 0xce800000-0xce80ffff 64bit]
[    0.929455] pci 0000:00:14.7: BAR 4 [mem 0xcf000000-0xcf7fffff 64bit]
[    0.930626] pci 0000:00:18.0: [1022:142e] type 00 class 0x060000 conventional PCI endpoint
[    0.931556] pci 0000:00:18.1: [1022:142f] type 00 class 0x060000 conventional PCI endpoint
[    0.932560] pci 0000:00:18.2: [1022:1430] type 00 class 0x060000 conventional PCI endpoint
[    0.933553] pci 0000:00:18.3: [1022:1431] type 00 class 0x060000 conventional PCI endpoint
[    0.934559] pci 0000:00:18.4: [1022:1432] type 00 class 0x060000 conventional PCI endpoint
[    0.935551] pci 0000:00:18.5: [1022:1433] type 00 class 0x060000 conventional PCI endpoint
[    0.937482] pci 0000:00:18.6: [1022:1434] type 00 class 0x060000 conventional PCI endpoint
[    0.938651] iommu: Default domain type: Passthrough (set via kernel command line)
[    0.939653] SCSI subsystem initialized
[    0.940478] libata version 3.00 loaded.
[    0.941513] ACPI: bus type USB registered
[    0.942506] usbcore: registered new interface driver usbfs
[    0.943475] usbcore: registered new interface driver hub
[    0.944472] usbcore: registered new device driver usb
[    0.945631] Advanced Linux Sound Architecture Driver Initialized.
[    0.946819] Bluetooth: Core ver 2.22
[    0.947466] NET: Registered PF_BLUETOOTH protocol family
[    0.948453] Bluetooth: HCI device and connection manager initialized
[    0.949456] Bluetooth: HCI socket layer initialized
[    0.950456] Bluetooth: L2CAP socket layer initialized
[    0.951460] Bluetooth: SCO socket layer initialized
[    0.952540] PCI: Using ACPI for IRQ routing
[    0.956018] PCI: pci_cache_line_size set to 64 bytes
[    0.956495] e820: reserve RAM buffer [mem 0x00008000-0x0000ffff]
[    0.957454] e820: reserve RAM buffer [mem 0x0009a000-0x0009ffff]
[    0.958453] e820: reserve RAM buffer [mem 0x00680000-0x006fffff]
[    0.959453] e820: reserve RAM buffer [mem 0x7efe8000-0x7fffffff]
[    0.960453] e820: reserve RAM buffer [mem 0x27f000000-0x27fffffff]
[    0.961481] pci 0000:00:01.0: vgaarb: setting as boot VGA device
[    0.962449] pci 0000:00:01.0: vgaarb: bridge control possible
[    0.962449] pci 0000:00:01.0: vgaarb: VGA device added: decodes=io+mem,owns=io+mem,locks=none
[    0.962462] vgaarb: loaded
[    0.964720] clocksource: Switched to clocksource tsc-early
[    0.970305] pnp: PnP ACPI init
[    0.973461] pnp: PnP ACPI: found 0 devices
[    0.982808] NET: Registered PF_INET protocol family
[    0.988097] IP idents hash table entries: 131072 (order: 8, 1048576 bytes, linear)
[    0.999951] tcp_listen_portaddr_hash hash table entries: 4096 (order: 4, 65536 bytes, linear)
[    1.008682] Table-perturb hash table entries: 65536 (order: 6, 262144 bytes, linear)
[    1.016610] TCP established hash table entries: 65536 (order: 7, 524288 bytes, linear)
[    1.024947] TCP bind hash table entries: 65536 (order: 9, 2097152 bytes, linear)
[    1.033108] TCP: Hash tables configured (established 65536 bind 65536)
[    1.039884] UDP hash table entries: 4096 (order: 6, 262144 bytes, linear)
[    1.046898] UDP-Lite hash table entries: 4096 (order: 6, 262144 bytes, linear)
[    1.054434] NET: Registered PF_UNIX/PF_LOCAL protocol family
[    1.060591] RPC: Registered named UNIX socket transport module.
[    1.066628] RPC: Registered udp transport module.
[    1.071420] RPC: Registered tcp transport module.
[    1.076212] RPC: Registered tcp-with-tls transport module.
[    1.081799] RPC: Registered tcp NFSv4.1 backchannel transport module.
[    1.088842] pci_bus 0000:00: resource 4 [io  0x0000-0xffff]
[    1.094536] pci_bus 0000:00: resource 5 [mem 0x00000000-0xffffffffff]
[    1.101193] pci 0000:00:01.1: D0 power state depends on 0000:00:01.0
[    1.107679] pci 0000:00:02.0: CLS mismatch (64 != 512), using 64 bytes
[    1.114448] AMD-Vi: Using global IVHD EFR:0x0, EFR2:0x0
[    1.114688] Trying to unpack rootfs image as initramfs...
[    1.119984] pci 0000:00:00.0: Adding to iommu group 0
[    1.130555] pci 0000:00:14.0: Adding to iommu group 1
[    1.135738] pci 0000:00:14.1: Adding to iommu group 1
[    1.140925] pci 0000:00:14.2: Adding to iommu group 1
[    1.146117] pci 0000:00:14.3: Adding to iommu group 1
[    1.151303] pci 0000:00:14.4: Adding to iommu group 1
[    1.156488] pci 0000:00:14.5: Adding to iommu group 1
[    1.161681] pci 0000:00:14.6: Adding to iommu group 1
[    1.166866] pci 0000:00:14.7: Adding to iommu group 1
[    1.172095] AMD-Vi: Extended features (0x840, 0x0): IA
[    1.177643] PCI-DMA: Using software bounce buffering for IO (SWIOTLB)
[    1.184221] software IO TLB: mapped [mem 0x000000007afe8000-0x000000007efe8000] (64MB)
[    1.192466] LVT offset 0 assigned for vector 0x400
[    1.198267] perf: AMD IBS detected (0x000000ff)
[    1.202939] kvm_amd: TSC scaling supported
[    1.207117] kvm_amd: Nested Virtualization enabled
[    1.211998] kvm_amd: Nested Paging enabled
[    1.216174] kvm_amd: LBR virtualization supported
[    1.244703] Freeing initrd memory: 4156K
[    1.254728] platform rtc_cmos: registered platform RTC device (no PNP device found)
[    1.265621] Initialise system trusted keyrings
[    1.270307] workingset: timestamp_bits=40 max_order=21 bucket_order=0
[    1.277291] ntfs3: Warning: Activated 64 bits per cluster. Windows does not support this
[    1.285626] fuse: init (API version 7.43)
[    1.325786] NET: Registered PF_ALG protocol family
[    1.330674] xor: automatically using best checksumming function   avx       
[    1.337858] Key type asymmetric registered
[    1.342032] Asymmetric key parser 'x509' registered
[    1.347033] Block layer SCSI generic (bsg) driver version 0.4 loaded (major 252)
[    1.354574] io scheduler mq-deadline registered
[    1.359190] io scheduler kyber registered
[    1.365411] Could not retrieve perf counters (-19)
[    1.403228] Non-volatile memory driver v1.3
[    1.407511] Linux agpgart interface v0.103
[    1.412135] ACPI: bus type drm_connector registered
[    1.417132] [drm] amdgpu kernel modesetting enabled.
[    1.423747] brd: module loaded
[    1.430490] loop: module loaded
[    1.433718] i2c-core: driver [at24] registered
[    1.438452] baikal_pcie 0000:00:14.4: bpcie_probe()
[    1.443466] baikal_pcie 0000:00:14.4: bpcie glue probe
[    1.448714] baikal_pcie 0000:00:14.4: Baikal chip revision: 4c0c2021:8d76a398:0000b100
[    1.456788] baikal_pcie 0000:00:14.4: v133: BAR2+0x10a030 0x000016c9 -> 0x000016d9 (Orbis chip tuning)
[    1.466274] pci 0000:00:14.0: bpcie_create_irq_domain
[    1.471423] baikal_pcie 0000:00:14.4: devid = 164
[    1.476220] baikal_pcie 0000:00:14.4: no parent 
[    1.480931] bpcie_create_irq_domain: marked Baikal-MSI-164-3-14 as MSI parent (flags=0x113 bus_token=AMDVI)
[    1.490859] pci 0000:00:14.1: bpcie_create_irq_domain
[    1.496007] baikal_pcie 0000:00:14.4: devid = 164
[    1.500807] baikal_pcie 0000:00:14.4: no parent 
[    1.505515] bpcie_create_irq_domain: marked Baikal-MSI-164-3-14 as MSI parent (flags=0x113 bus_token=AMDVI)
[    1.515441] pci 0000:00:14.2: bpcie_create_irq_domain
[    1.520593] baikal_pcie 0000:00:14.4: devid = 164
[    1.525388] baikal_pcie 0000:00:14.4: no parent 
[    1.530096] bpcie_create_irq_domain: marked Baikal-MSI-164-3-14 as MSI parent (flags=0x113 bus_token=AMDVI)
[    1.540026] pci 0000:00:14.3: bpcie_create_irq_domain
[    1.545175] baikal_pcie 0000:00:14.4: devid = 164
[    1.549969] baikal_pcie 0000:00:14.4: no parent 
[    1.554677] bpcie_create_irq_domain: marked Baikal-MSI-164-3-14 as MSI parent (flags=0x113 bus_token=AMDVI)
[    1.564605] baikal_pcie 0000:00:14.4: bpcie_create_irq_domain
[    1.570462] baikal_pcie 0000:00:14.4: devid = 164
[    1.575257] baikal_pcie 0000:00:14.4: no parent 
[    1.579966] bpcie_create_irq_domain: marked Baikal-MSI-164-3-14 as MSI parent (flags=0x113 bus_token=AMDVI)
[    1.589894] pci 0000:00:14.5: bpcie_create_irq_domain
[    1.595042] baikal_pcie 0000:00:14.4: devid = 164
[    1.599835] baikal_pcie 0000:00:14.4: no parent 
[    1.604542] bpcie_create_irq_domain: marked Baikal-MSI-164-3-14 as MSI parent (flags=0x113 bus_token=AMDVI)
[    1.614470] pci 0000:00:14.6: bpcie_create_irq_domain
[    1.619620] baikal_pcie 0000:00:14.4: devid = 164
[    1.624414] baikal_pcie 0000:00:14.4: no parent 
[    1.629121] bpcie_create_irq_domain: marked Baikal-MSI-164-3-14 as MSI parent (flags=0x113 bus_token=AMDVI)
[    1.639052] pci 0000:00:14.7: bpcie_create_irq_domain
[    1.644201] baikal_pcie 0000:00:14.4: devid = 164
[    1.648995] baikal_pcie 0000:00:14.4: no parent 
[    1.653701] bpcie_create_irq_domain: marked Baikal-MSI-164-3-14 as MSI parent (flags=0x113 bus_token=AMDVI)
[    1.663641] bpcie_init_dev_msi_info: dev=0000:00:14.4 installed bpcie demuxer (sc=(____ptrval____))
[    1.673450] bpcie_msi_init: virq=10 hwirq=0x0 domain=(____ptrval____) info=(____ptrval____) sc=(____ptrval____)
[    1.683742] bpcie_msi_init: registered virq=10 irq_map[0]
[    1.689243] bpcie_msi_init: virq=11 hwirq=0x1 domain=(____ptrval____) info=(____ptrval____) sc=(____ptrval____)
[    1.699525] bpcie_msi_init: registered virq=11 irq_map[1]
[    1.705026] bpcie_msi_init: virq=12 hwirq=0x2 domain=(____ptrval____) info=(____ptrval____) sc=(____ptrval____)
[    1.715308] bpcie_msi_init: registered virq=12 irq_map[2]
[    1.720808] bpcie_msi_init: virq=13 hwirq=0x3 domain=(____ptrval____) info=(____ptrval____) sc=(____ptrval____)
[    1.731093] bpcie_msi_init: registered virq=13 irq_map[3]
[    1.736593] bpcie_msi_init: virq=14 hwirq=0x4 domain=(____ptrval____) info=(____ptrval____) sc=(____ptrval____)
[    1.746875] bpcie_msi_init: registered virq=14 irq_map[4]
[    1.752375] bpcie_msi_init: virq=15 hwirq=0x5 domain=(____ptrval____) info=(____ptrval____) sc=(____ptrval____)
[    1.762657] bpcie_msi_init: registered virq=15 irq_map[5]
[    1.768157] bpcie_msi_init: virq=16 hwirq=0x6 domain=(____ptrval____) info=(____ptrval____) sc=(____ptrval____)
[    1.778439] bpcie_msi_init: registered virq=16 irq_map[6]
[    1.783939] bpcie_msi_init: virq=17 hwirq=0x7 domain=(____ptrval____) info=(____ptrval____) sc=(____ptrval____)
[    1.794221] bpcie_msi_init: registered virq=17 irq_map[7]
[    1.799721] bpcie_msi_init: virq=18 hwirq=0x8 domain=(____ptrval____) info=(____ptrval____) sc=(____ptrval____)
[    1.810003] bpcie_msi_init: registered virq=18 irq_map[8]
[    1.815503] bpcie_msi_init: virq=19 hwirq=0x9 domain=(____ptrval____) info=(____ptrval____) sc=(____ptrval____)
[    1.825783] bpcie_msi_init: registered virq=19 irq_map[9]
[    1.831285] bpcie_msi_init: virq=20 hwirq=0xa domain=(____ptrval____) info=(____ptrval____) sc=(____ptrval____)
[    1.841568] bpcie_msi_init: registered virq=20 irq_map[10]
[    1.847159] bpcie_msi_init: virq=21 hwirq=0xb domain=(____ptrval____) info=(____ptrval____) sc=(____ptrval____)
[    1.857441] bpcie_msi_init: registered virq=21 irq_map[11]
[    1.863029] bpcie_msi_init: virq=22 hwirq=0xc domain=(____ptrval____) info=(____ptrval____) sc=(____ptrval____)
[    1.873311] bpcie_msi_init: registered virq=22 irq_map[12]
[    1.878900] bpcie_msi_init: virq=23 hwirq=0xd domain=(____ptrval____) info=(____ptrval____) sc=(____ptrval____)
[    1.889181] bpcie_msi_init: registered virq=23 irq_map[13]
[    1.894770] bpcie_msi_init: virq=24 hwirq=0xe domain=(____ptrval____) info=(____ptrval____) sc=(____ptrval____)
[    1.905054] bpcie_msi_init: registered virq=24 irq_map[14]
[    1.910641] bpcie_msi_init: virq=25 hwirq=0xf domain=(____ptrval____) info=(____ptrval____) sc=(____ptrval____)
[    1.920922] bpcie_msi_init: registered virq=25 irq_map[15]
[    1.926510] bpcie_msi_init: virq=26 hwirq=0x10 domain=(____ptrval____) info=(____ptrval____) sc=(____ptrval____)
[    1.936882] bpcie_msi_init: registered virq=26 irq_map[16]
[    1.942475] bpcie_msi_init: virq=27 hwirq=0x11 domain=(____ptrval____) info=(____ptrval____) sc=(____ptrval____)
[    1.952848] bpcie_msi_init: registered virq=27 irq_map[17]
[    1.958437] bpcie_msi_init: virq=28 hwirq=0x12 domain=(____ptrval____) info=(____ptrval____) sc=(____ptrval____)
[    1.968810] bpcie_msi_init: registered virq=28 irq_map[18]
[    1.974398] bpcie_msi_init: virq=29 hwirq=0x13 domain=(____ptrval____) info=(____ptrval____) sc=(____ptrval____)
[    1.984768] bpcie_msi_init: registered virq=29 irq_map[19]
[    1.990361] bpcie_msi_init: virq=30 hwirq=0x14 domain=(____ptrval____) info=(____ptrval____) sc=(____ptrval____)
[    2.000732] bpcie_msi_init: registered virq=30 irq_map[20]
[    2.006322] bpcie_msi_init: virq=31 hwirq=0x15 domain=(____ptrval____) info=(____ptrval____) sc=(____ptrval____)
[    2.016694] bpcie_msi_init: registered virq=31 irq_map[21]
[    2.022283] bpcie_msi_init: virq=32 hwirq=0x16 domain=(____ptrval____) info=(____ptrval____) sc=(____ptrval____)
[    2.032653] bpcie_msi_init: registered virq=32 irq_map[22]
[    2.038241] bpcie_msi_init: virq=33 hwirq=0x17 domain=(____ptrval____) info=(____ptrval____) sc=(____ptrval____)
[    2.048612] bpcie_msi_init: registered virq=33 irq_map[23]
[    2.054200] bpcie_msi_init: virq=34 hwirq=0x18 domain=(____ptrval____) info=(____ptrval____) sc=(____ptrval____)
[    2.064570] bpcie_msi_init: registered virq=34 irq_map[24]
[    2.070159] bpcie_msi_init: virq=35 hwirq=0x19 domain=(____ptrval____) info=(____ptrval____) sc=(____ptrval____)
[    2.080530] bpcie_msi_init: registered virq=35 irq_map[25]
[    2.086119] bpcie_msi_init: virq=36 hwirq=0x1a domain=(____ptrval____) info=(____ptrval____) sc=(____ptrval____)
[    2.096490] bpcie_msi_init: registered virq=36 irq_map[26]
[    2.102079] bpcie_msi_init: virq=37 hwirq=0x1b domain=(____ptrval____) info=(____ptrval____) sc=(____ptrval____)
[    2.112451] bpcie_msi_init: registered virq=37 irq_map[27]
[    2.118041] bpcie_msi_init: virq=38 hwirq=0x1c domain=(____ptrval____) info=(____ptrval____) sc=(____ptrval____)
[    2.128413] bpcie_msi_init: registered virq=38 irq_map[28]
[    2.134001] bpcie_msi_init: virq=39 hwirq=0x1d domain=(____ptrval____) info=(____ptrval____) sc=(____ptrval____)
[    2.144373] bpcie_msi_init: registered virq=39 irq_map[29]
[    2.149961] bpcie_msi_init: virq=40 hwirq=0x1e domain=(____ptrval____) info=(____ptrval____) sc=(____ptrval____)
[    2.160333] bpcie_msi_init: registered virq=40 irq_map[30]
[    2.165924] bpcie_msi_init: virq=41 hwirq=0x1f domain=(____ptrval____) info=(____ptrval____) sc=(____ptrval____)
[    2.176296] bpcie_msi_init: registered virq=41 irq_map[31]
[    2.181924] baikal_pcie 0000:00:14.4: bpcie_msi_write_msg(fee00000, 000000ef) mask=0x0 irq=10 hwirq=0x0 (____ptrval____)
[    2.193015] baikal_pcie 0000:00:14.4: bpcie_config_msi: func=4 subfunc=0 addr=fee00000 data=000000ef
[    2.202340] baikal_pcie 0000:00:14.4: bpcie_msi_write_msg(fee00000, 000000ef) mask=0x0 irq=11 hwirq=0x1 (____ptrval____)
[    2.213421] baikal_pcie 0000:00:14.4: bpcie_config_msi: func=4 subfunc=1 addr=fee00000 data=000000ef
[    2.222742] baikal_pcie 0000:00:14.4: bpcie_msi_write_msg(fee00000, 000000ef) mask=0x0 irq=12 hwirq=0x2 (____ptrval____)
[    2.233824] baikal_pcie 0000:00:14.4: bpcie_config_msi: func=4 subfunc=2 addr=fee00000 data=000000ef
[    2.243141] baikal_pcie 0000:00:14.4: bpcie_msi_write_msg(fee00000, 000000ef) mask=0x0 irq=13 hwirq=0x3 (____ptrval____)
[    2.254221] baikal_pcie 0000:00:14.4: bpcie_config_msi: func=4 subfunc=3 addr=fee00000 data=000000ef
[    2.263539] baikal_pcie 0000:00:14.4: bpcie_msi_write_msg(fee00000, 000000ef) mask=0x0 irq=14 hwirq=0x4 (____ptrval____)
[    2.274620] baikal_pcie 0000:00:14.4: bpcie_config_msi: func=4 subfunc=4 addr=fee00000 data=000000ef
[    2.283937] baikal_pcie 0000:00:14.4: bpcie_msi_write_msg(fee00000, 000000ef) mask=0x0 irq=15 hwirq=0x5 (____ptrval____)
[    2.295017] baikal_pcie 0000:00:14.4: bpcie_config_msi: func=4 subfunc=5 addr=fee00000 data=000000ef
[    2.304336] baikal_pcie 0000:00:14.4: bpcie_msi_write_msg(fee00000, 000000ef) mask=0x0 irq=16 hwirq=0x6 (____ptrval____)
[    2.315417] baikal_pcie 0000:00:14.4: bpcie_config_msi: func=4 subfunc=6 addr=fee00000 data=000000ef
[    2.324735] baikal_pcie 0000:00:14.4: bpcie_msi_write_msg(fee00000, 000000ef) mask=0x0 irq=17 hwirq=0x7 (____ptrval____)
[    2.335821] baikal_pcie 0000:00:14.4: bpcie_config_msi: func=4 subfunc=7 addr=fee00000 data=000000ef
[    2.345140] baikal_pcie 0000:00:14.4: bpcie_msi_write_msg(fee00000, 000000ef) mask=0x0 irq=18 hwirq=0x8 (____ptrval____)
[    2.356220] baikal_pcie 0000:00:14.4: bpcie_config_msi: func=4 subfunc=8 addr=fee00000 data=000000ef
[    2.365540] baikal_pcie 0000:00:14.4: bpcie_msi_write_msg(fee00000, 000000ef) mask=0x0 irq=19 hwirq=0x9 (____ptrval____)
[    2.376621] baikal_pcie 0000:00:14.4: bpcie_config_msi: func=4 subfunc=9 addr=fee00000 data=000000ef
[    2.385938] baikal_pcie 0000:00:14.4: bpcie_msi_write_msg(fee00000, 000000ef) mask=0x0 irq=20 hwirq=0xa (____ptrval____)
[    2.397020] baikal_pcie 0000:00:14.4: bpcie_config_msi: func=4 subfunc=10 addr=fee00000 data=000000ef
[    2.406424] baikal_pcie 0000:00:14.4: bpcie_msi_write_msg(fee00000, 000000ef) mask=0x0 irq=21 hwirq=0xb (____ptrval____)
[    2.417504] baikal_pcie 0000:00:14.4: bpcie_config_msi: func=4 subfunc=11 addr=fee00000 data=000000ef
[    2.426911] baikal_pcie 0000:00:14.4: bpcie_msi_write_msg(fee00000, 000000ef) mask=0x0 irq=22 hwirq=0xc (____ptrval____)
[    2.437990] baikal_pcie 0000:00:14.4: bpcie_config_msi: func=4 subfunc=12 addr=fee00000 data=000000ef
[    2.447398] baikal_pcie 0000:00:14.4: bpcie_msi_write_msg(fee00000, 000000ef) mask=0x0 irq=23 hwirq=0xd (____ptrval____)
[    2.458477] baikal_pcie 0000:00:14.4: bpcie_config_msi: func=4 subfunc=13 addr=fee00000 data=000000ef
[    2.467883] baikal_pcie 0000:00:14.4: bpcie_msi_write_msg(fee00000, 000000ef) mask=0x0 irq=24 hwirq=0xe (____ptrval____)
[    2.478964] baikal_pcie 0000:00:14.4: bpcie_config_msi: func=4 subfunc=14 addr=fee00000 data=000000ef
[    2.488370] baikal_pcie 0000:00:14.4: bpcie_msi_write_msg(fee00000, 000000ef) mask=0x0 irq=25 hwirq=0xf (____ptrval____)
[    2.499450] baikal_pcie 0000:00:14.4: bpcie_config_msi: func=4 subfunc=15 addr=fee00000 data=000000ef
[    2.508855] baikal_pcie 0000:00:14.4: bpcie_msi_write_msg(fee00000, 000000ef) mask=0x0 irq=26 hwirq=0x10 (____ptrval____)
[    2.520027] baikal_pcie 0000:00:14.4: bpcie_config_msi: func=4 subfunc=16 addr=fee00000 data=000000ef
[    2.529435] baikal_pcie 0000:00:14.4: bpcie_msi_write_msg(fee00000, 000000ef) mask=0x0 irq=27 hwirq=0x11 (____ptrval____)
[    2.540604] baikal_pcie 0000:00:14.4: bpcie_config_msi: func=4 subfunc=17 addr=fee00000 data=000000ef
[    2.550008] baikal_pcie 0000:00:14.4: bpcie_msi_write_msg(fee00000, 000000ef) mask=0x0 irq=28 hwirq=0x12 (____ptrval____)
[    2.561177] baikal_pcie 0000:00:14.4: bpcie_config_msi: func=4 subfunc=18 addr=fee00000 data=000000ef
[    2.570582] baikal_pcie 0000:00:14.4: bpcie_msi_write_msg(fee00000, 000000ef) mask=0x0 irq=29 hwirq=0x13 (____ptrval____)
[    2.581750] baikal_pcie 0000:00:14.4: bpcie_config_msi: func=4 subfunc=19 addr=fee00000 data=000000ef
[    2.591159] baikal_pcie 0000:00:14.4: bpcie_msi_write_msg(fee00000, 000000ef) mask=0x0 irq=30 hwirq=0x14 (____ptrval____)
[    2.602327] baikal_pcie 0000:00:14.4: bpcie_config_msi: func=4 subfunc=20 addr=fee00000 data=000000ef
[    2.611732] baikal_pcie 0000:00:14.4: bpcie_msi_write_msg(fee00000, 000000ef) mask=0x0 irq=31 hwirq=0x15 (____ptrval____)
[    2.622901] baikal_pcie 0000:00:14.4: bpcie_config_msi: func=4 subfunc=21 addr=fee00000 data=000000ef
[    2.632306] baikal_pcie 0000:00:14.4: bpcie_msi_write_msg(fee00000, 000000ef) mask=0x0 irq=32 hwirq=0x16 (____ptrval____)
[    2.643476] baikal_pcie 0000:00:14.4: bpcie_config_msi: func=4 subfunc=22 addr=fee00000 data=000000ef
[    2.652881] baikal_pcie 0000:00:14.4: bpcie_msi_write_msg(fee00000, 000000ef) mask=0x0 irq=33 hwirq=0x17 (____ptrval____)
[    2.664049] baikal_pcie 0000:00:14.4: bpcie_config_msi: func=4 subfunc=23 addr=fee00000 data=000000ef
[    2.673454] baikal_pcie 0000:00:14.4: bpcie_msi_write_msg(fee00000, 000000ef) mask=0x0 irq=34 hwirq=0x18 (____ptrval____)
[    2.684630] baikal_pcie 0000:00:14.4: bpcie_config_msi: func=4 subfunc=24 addr=fee00000 data=000000ef
[    2.694041] baikal_pcie 0000:00:14.4: bpcie_msi_write_msg(fee00000, 000000ef) mask=0x0 irq=35 hwirq=0x19 (____ptrval____)
[    2.705212] baikal_pcie 0000:00:14.4: bpcie_config_msi: func=4 subfunc=25 addr=fee00000 data=000000ef
[    2.714623] baikal_pcie 0000:00:14.4: bpcie_msi_write_msg(fee00000, 000000ef) mask=0x0 irq=36 hwirq=0x1a (____ptrval____)
[    2.725799] baikal_pcie 0000:00:14.4: bpcie_config_msi: func=4 subfunc=26 addr=fee00000 data=000000ef
[    2.735209] baikal_pcie 0000:00:14.4: bpcie_msi_write_msg(fee00000, 000000ef) mask=0x0 irq=37 hwirq=0x1b (____ptrval____)
[    2.746381] baikal_pcie 0000:00:14.4: bpcie_config_msi: func=4 subfunc=27 addr=fee00000 data=000000ef
[    2.755788] baikal_pcie 0000:00:14.4: bpcie_msi_write_msg(fee00000, 000000ef) mask=0x0 irq=38 hwirq=0x1c (____ptrval____)
[    2.766957] baikal_pcie 0000:00:14.4: bpcie_config_msi: func=4 subfunc=28 addr=fee00000 data=000000ef
[    2.776362] baikal_pcie 0000:00:14.4: bpcie_msi_write_msg(fee00000, 000000ef) mask=0x0 irq=39 hwirq=0x1d (____ptrval____)
[    2.787531] baikal_pcie 0000:00:14.4: bpcie_config_msi: func=4 subfunc=29 addr=fee00000 data=000000ef
[    2.796938] baikal_pcie 0000:00:14.4: bpcie_msi_write_msg(fee00000, 000000ef) mask=0x0 irq=40 hwirq=0x1e (____ptrval____)
[    2.808107] baikal_pcie 0000:00:14.4: bpcie_config_msi: func=4 subfunc=30 addr=fee00000 data=000000ef
[    2.817512] baikal_pcie 0000:00:14.4: bpcie_msi_write_msg(fee00000, 000000ef) mask=0x0 irq=41 hwirq=0x1f (____ptrval____)
[    2.828683] baikal_pcie 0000:00:14.4: bpcie_config_msi: func=4 subfunc=31 addr=fee00000 data=000000ef
[    2.838183] baikal_pcie 0000:00:14.4: dev->irq=10
[    2.843100] baikal_pcie 0000:00:14.4: Failed to register serial port 0
[    2.849762] baikal_pcie 0000:00:14.4: UART init failed (-5); continuing without serial console
[    2.858551] bpcie_icc_init: msi_desc msi_index=0 irq=10
[    2.863876] bpcie_icc_init: ICC subfunc 3 -> bpcie_irqnum=13 found_virq=-1
[    2.870890] baikal_pcie 0000:00:14.4: bpcie_msi_write_msg(fee01000, 00000020) mask=0x0 irq=13 hwirq=0x3 (____ptrval____)
[    2.871878] baikal_pcie 0000:00:14.4: bpcie_config_msi: func=4 subfunc=3 addr=fee01000 data=00000020
[    2.871878] baikal_pcie 0000:00:14.4: bpcie_msi_write_msg(fee01000, 00000020) mask=0x0 irq=13 hwirq=0x3 (____ptrval____)
[    2.871878] baikal_pcie 0000:00:14.4: bpcie_config_msi: func=4 subfunc=3 addr=fee01000 data=00000020
[    2.911687] genirq: Flags mismatch irq 0. 00200080 (icc-shotgun) vs. 00000000 (AMD-Vi)
[    2.919766] baikal_pcie 0000:00:14.4: bpcie_msi_write_msg(fee02000, 00000020) mask=0x0 irq=10 hwirq=0x0 (____ptrval____)
[    2.920755] baikal_pcie 0000:00:14.4: bpcie_config_msi: func=4 subfunc=0 addr=fee02000 data=00000020
[    2.920755] baikal_pcie 0000:00:14.4: bpcie_msi_write_msg(fee02000, 00000020) mask=0x0 irq=10 hwirq=0x0 (____ptrval____)
[    2.920755] baikal_pcie 0000:00:14.4: bpcie_config_msi: func=4 subfunc=0 addr=fee02000 data=00000020
[    2.960584] baikal_pcie 0000:00:14.4: bpcie_msi_write_msg(fee03000, 00000020) mask=0x0 irq=11 hwirq=0x1 (____ptrval____)
[    2.961567] baikal_pcie 0000:00:14.4: bpcie_config_msi: func=4 subfunc=1 addr=fee03000 data=00000020
[    2.961567] baikal_pcie 0000:00:14.4: bpcie_msi_write_msg(fee03000, 00000020) mask=0x0 irq=11 hwirq=0x1 (____ptrval____)
[    2.961567] baikal_pcie 0000:00:14.4: bpcie_config_msi: func=4 subfunc=1 addr=fee03000 data=00000020
[    3.001374] baikal_pcie 0000:00:14.4: bpcie_msi_write_msg(fee04000, 00000020) mask=0x0 irq=12 hwirq=0x2 (____ptrval____)
[    3.002357] baikal_pcie 0000:00:14.4: bpcie_config_msi: func=4 subfunc=2 addr=fee04000 data=00000020
[    3.002357] baikal_pcie 0000:00:14.4: bpcie_msi_write_msg(fee04000, 00000020) mask=0x0 irq=12 hwirq=0x2 (____ptrval____)
[    3.002357] baikal_pcie 0000:00:14.4: bpcie_config_msi: func=4 subfunc=2 addr=fee04000 data=00000020
[    3.042165] baikal_pcie 0000:00:14.4: bpcie_msi_write_msg(fee05000, 00000020) mask=0x0 irq=14 hwirq=0x4 (____ptrval____)
[    3.043146] baikal_pcie 0000:00:14.4: bpcie_config_msi: func=4 subfunc=4 addr=fee05000 data=00000020
[    3.043146] baikal_pcie 0000:00:14.4: bpcie_msi_write_msg(fee05000, 00000020) mask=0x0 irq=14 hwirq=0x4 (____ptrval____)
[    3.043146] baikal_pcie 0000:00:14.4: bpcie_config_msi: func=4 subfunc=4 addr=fee05000 data=00000020
[    3.082948] baikal_pcie 0000:00:14.4: bpcie_msi_write_msg(fee06000, 00000020) mask=0x0 irq=15 hwirq=0x5 (____ptrval____)
[    3.083931] baikal_pcie 0000:00:14.4: bpcie_config_msi: func=4 subfunc=5 addr=fee06000 data=00000020
[    3.083931] baikal_pcie 0000:00:14.4: bpcie_msi_write_msg(fee06000, 00000020) mask=0x0 irq=15 hwirq=0x5 (____ptrval____)
[    3.083931] baikal_pcie 0000:00:14.4: bpcie_config_msi: func=4 subfunc=5 addr=fee06000 data=00000020
[    3.123733] baikal_pcie 0000:00:14.4: bpcie_msi_write_msg(fee07000, 00000020) mask=0x0 irq=16 hwirq=0x6 (____ptrval____)
[    3.124714] baikal_pcie 0000:00:14.4: bpcie_config_msi: func=4 subfunc=6 addr=fee07000 data=00000020
[    3.124714] baikal_pcie 0000:00:14.4: bpcie_msi_write_msg(fee07000, 00000020) mask=0x0 irq=16 hwirq=0x6 (____ptrval____)
[    3.124714] baikal_pcie 0000:00:14.4: bpcie_config_msi: func=4 subfunc=6 addr=fee07000 data=00000020
[    3.164520] baikal_pcie 0000:00:14.4: bpcie_msi_write_msg(fee00000, 00000021) mask=0x0 irq=17 hwirq=0x7 (____ptrval____)
[    3.165504] baikal_pcie 0000:00:14.4: bpcie_config_msi: func=4 subfunc=7 addr=fee00000 data=00000021
[    3.165504] baikal_pcie 0000:00:14.4: bpcie_msi_write_msg(fee00000, 00000021) mask=0x0 irq=17 hwirq=0x7 (____ptrval____)
[    3.165504] baikal_pcie 0000:00:14.4: bpcie_config_msi: func=4 subfunc=7 addr=fee00000 data=00000021
[    3.205316] baikal_pcie 0000:00:14.4: bpcie_msi_write_msg(fee01000, 00000021) mask=0x0 irq=18 hwirq=0x8 (____ptrval____)
[    3.206290] baikal_pcie 0000:00:14.4: bpcie_config_msi: func=4 subfunc=8 addr=fee01000 data=00000021
[    3.206290] baikal_pcie 0000:00:14.4: bpcie_msi_write_msg(fee01000, 00000021) mask=0x0 irq=18 hwirq=0x8 (____ptrval____)
[    3.206290] baikal_pcie 0000:00:14.4: bpcie_config_msi: func=4 subfunc=8 addr=fee01000 data=00000021
[    3.246103] baikal_pcie 0000:00:14.4: bpcie_msi_write_msg(fee02000, 00000021) mask=0x0 irq=19 hwirq=0x9 (____ptrval____)
[    3.247087] baikal_pcie 0000:00:14.4: bpcie_config_msi: func=4 subfunc=9 addr=fee02000 data=00000021
[    3.247087] baikal_pcie 0000:00:14.4: bpcie_msi_write_msg(fee02000, 00000021) mask=0x0 irq=19 hwirq=0x9 (____ptrval____)
[    3.247087] baikal_pcie 0000:00:14.4: bpcie_config_msi: func=4 subfunc=9 addr=fee02000 data=00000021
[    3.286887] baikal_pcie 0000:00:14.4: bpcie_msi_write_msg(fee03000, 00000021) mask=0x0 irq=20 hwirq=0xa (____ptrval____)
[    3.287873] baikal_pcie 0000:00:14.4: bpcie_config_msi: func=4 subfunc=10 addr=fee03000 data=00000021
[    3.287873] baikal_pcie 0000:00:14.4: bpcie_msi_write_msg(fee03000, 00000021) mask=0x0 irq=20 hwirq=0xa (____ptrval____)
[    3.287873] baikal_pcie 0000:00:14.4: bpcie_config_msi: func=4 subfunc=10 addr=fee03000 data=00000021
[    3.327854] baikal_pcie 0000:00:14.4: bpcie_msi_write_msg(fee04000, 00000021) mask=0x0 irq=21 hwirq=0xb (____ptrval____)
[    3.328835] baikal_pcie 0000:00:14.4: bpcie_config_msi: func=4 subfunc=11 addr=fee04000 data=00000021
[    3.328835] baikal_pcie 0000:00:14.4: bpcie_msi_write_msg(fee04000, 00000021) mask=0x0 irq=21 hwirq=0xb (____ptrval____)
[    3.328835] baikal_pcie 0000:00:14.4: bpcie_config_msi: func=4 subfunc=11 addr=fee04000 data=00000021
[    3.368820] baikal_pcie 0000:00:14.4: bpcie_msi_write_msg(fee05000, 00000021) mask=0x0 irq=22 hwirq=0xc (____ptrval____)
[    3.369804] baikal_pcie 0000:00:14.4: bpcie_config_msi: func=4 subfunc=12 addr=fee05000 data=00000021
[    3.369804] baikal_pcie 0000:00:14.4: bpcie_msi_write_msg(fee05000, 00000021) mask=0x0 irq=22 hwirq=0xc (____ptrval____)
[    3.369804] baikal_pcie 0000:00:14.4: bpcie_config_msi: func=4 subfunc=12 addr=fee05000 data=00000021
[    3.409785] baikal_pcie 0000:00:14.4: bpcie_msi_write_msg(fee06000, 00000021) mask=0x0 irq=23 hwirq=0xd (____ptrval____)
[    3.410766] baikal_pcie 0000:00:14.4: bpcie_config_msi: func=4 subfunc=13 addr=fee06000 data=00000021
[    3.410766] baikal_pcie 0000:00:14.4: bpcie_msi_write_msg(fee06000, 00000021) mask=0x0 irq=23 hwirq=0xd (____ptrval____)
[    3.410766] baikal_pcie 0000:00:14.4: bpcie_config_msi: func=4 subfunc=13 addr=fee06000 data=00000021
[    3.450747] baikal_pcie 0000:00:14.4: bpcie_msi_write_msg(fee07000, 00000021) mask=0x0 irq=24 hwirq=0xe (____ptrval____)
[    3.451731] baikal_pcie 0000:00:14.4: bpcie_config_msi: func=4 subfunc=14 addr=fee07000 data=00000021
[    3.451731] baikal_pcie 0000:00:14.4: bpcie_msi_write_msg(fee07000, 00000021) mask=0x0 irq=24 hwirq=0xe (____ptrval____)
[    3.451731] baikal_pcie 0000:00:14.4: bpcie_config_msi: func=4 subfunc=14 addr=fee07000 data=00000021
[    3.491715] baikal_pcie 0000:00:14.4: bpcie_msi_write_msg(fee00000, 00000022) mask=0x0 irq=25 hwirq=0xf (____ptrval____)
[    3.492695] baikal_pcie 0000:00:14.4: bpcie_config_msi: func=4 subfunc=15 addr=fee00000 data=00000022
[    3.492695] baikal_pcie 0000:00:14.4: bpcie_msi_write_msg(fee00000, 00000022) mask=0x0 irq=25 hwirq=0xf (____ptrval____)
[    3.492695] baikal_pcie 0000:00:14.4: bpcie_config_msi: func=4 subfunc=15 addr=fee00000 data=00000022
[    3.532680] baikal_pcie 0000:00:14.4: bpcie_msi_write_msg(fee01000, 00000022) mask=0x0 irq=26 hwirq=0x10 (____ptrval____)
[    3.533664] baikal_pcie 0000:00:14.4: bpcie_config_msi: func=4 subfunc=16 addr=fee01000 data=00000022
[    3.533664] baikal_pcie 0000:00:14.4: bpcie_msi_write_msg(fee01000, 00000022) mask=0x0 irq=26 hwirq=0x10 (____ptrval____)
[    3.533664] baikal_pcie 0000:00:14.4: bpcie_config_msi: func=4 subfunc=16 addr=fee01000 data=00000022
[    3.573821] baikal_pcie 0000:00:14.4: bpcie_msi_write_msg(fee02000, 00000022) mask=0x0 irq=27 hwirq=0x11 (____ptrval____)
[    3.574805] baikal_pcie 0000:00:14.4: bpcie_config_msi: func=4 subfunc=17 addr=fee02000 data=00000022
[    3.574805] baikal_pcie 0000:00:14.4: bpcie_msi_write_msg(fee02000, 00000022) mask=0x0 irq=27 hwirq=0x11 (____ptrval____)
[    3.574805] baikal_pcie 0000:00:14.4: bpcie_config_msi: func=4 subfunc=17 addr=fee02000 data=00000022
[    3.614962] baikal_pcie 0000:00:14.4: bpcie_msi_write_msg(fee03000, 00000022) mask=0x0 irq=28 hwirq=0x12 (____ptrval____)
[    3.615944] baikal_pcie 0000:00:14.4: bpcie_config_msi: func=4 subfunc=18 addr=fee03000 data=00000022
[    3.615944] baikal_pcie 0000:00:14.4: bpcie_msi_write_msg(fee03000, 00000022) mask=0x0 irq=28 hwirq=0x12 (____ptrval____)
[    3.615944] baikal_pcie 0000:00:14.4: bpcie_config_msi: func=4 subfunc=18 addr=fee03000 data=00000022
[    3.656100] baikal_pcie 0000:00:14.4: bpcie_msi_write_msg(fee04000, 00000022) mask=0x0 irq=29 hwirq=0x13 (____ptrval____)
[    3.657084] baikal_pcie 0000:00:14.4: bpcie_config_msi: func=4 subfunc=19 addr=fee04000 data=00000022
[    3.657084] baikal_pcie 0000:00:14.4: bpcie_msi_write_msg(fee04000, 00000022) mask=0x0 irq=29 hwirq=0x13 (____ptrval____)
[    3.657084] baikal_pcie 0000:00:14.4: bpcie_config_msi: func=4 subfunc=19 addr=fee04000 data=00000022
[    3.697245] baikal_pcie 0000:00:14.4: bpcie_msi_write_msg(fee05000, 00000022) mask=0x0 irq=30 hwirq=0x14 (____ptrval____)
[    3.698227] baikal_pcie 0000:00:14.4: bpcie_config_msi: func=4 subfunc=20 addr=fee05000 data=00000022
[    3.698227] baikal_pcie 0000:00:14.4: bpcie_msi_write_msg(fee05000, 00000022) mask=0x0 irq=30 hwirq=0x14 (____ptrval____)
[    3.698227] baikal_pcie 0000:00:14.4: bpcie_config_msi: func=4 subfunc=20 addr=fee05000 data=00000022
[    3.738389] baikal_pcie 0000:00:14.4: bpcie_msi_write_msg(fee06000, 00000022) mask=0x0 irq=31 hwirq=0x15 (____ptrval____)
[    3.739369] baikal_pcie 0000:00:14.4: bpcie_config_msi: func=4 subfunc=21 addr=fee06000 data=00000022
[    3.739369] baikal_pcie 0000:00:14.4: bpcie_msi_write_msg(fee06000, 00000022) mask=0x0 irq=31 hwirq=0x15 (____ptrval____)
[    3.739369] baikal_pcie 0000:00:14.4: bpcie_config_msi: func=4 subfunc=21 addr=fee06000 data=00000022
[    3.779529] baikal_pcie 0000:00:14.4: bpcie_msi_write_msg(fee07000, 00000022) mask=0x0 irq=32 hwirq=0x16 (____ptrval____)
[    3.780510] baikal_pcie 0000:00:14.4: bpcie_config_msi: func=4 subfunc=22 addr=fee07000 data=00000022
[    3.780510] baikal_pcie 0000:00:14.4: bpcie_msi_write_msg(fee07000, 00000022) mask=0x0 irq=32 hwirq=0x16 (____ptrval____)
[    3.780510] baikal_pcie 0000:00:14.4: bpcie_config_msi: func=4 subfunc=22 addr=fee07000 data=00000022
[    3.820667] baikal_pcie 0000:00:14.4: bpcie_msi_write_msg(fee00000, 00000023) mask=0x0 irq=33 hwirq=0x17 (____ptrval____)
[    3.821650] baikal_pcie 0000:00:14.4: bpcie_config_msi: func=4 subfunc=23 addr=fee00000 data=00000023
[    3.821650] baikal_pcie 0000:00:14.4: bpcie_msi_write_msg(fee00000, 00000023) mask=0x0 irq=33 hwirq=0x17 (____ptrval____)
[    3.821650] baikal_pcie 0000:00:14.4: bpcie_config_msi: func=4 subfunc=23 addr=fee00000 data=00000023
[    3.861803] baikal_pcie 0000:00:14.4: bpcie_msi_write_msg(fee01000, 00000023) mask=0x0 irq=34 hwirq=0x18 (____ptrval____)
[    3.862788] baikal_pcie 0000:00:14.4: bpcie_config_msi: func=4 subfunc=24 addr=fee01000 data=00000023
[    3.862788] baikal_pcie 0000:00:14.4: bpcie_msi_write_msg(fee01000, 00000023) mask=0x0 irq=34 hwirq=0x18 (____ptrval____)
[    3.862788] baikal_pcie 0000:00:14.4: bpcie_config_msi: func=4 subfunc=24 addr=fee01000 data=00000023
[    3.902945] baikal_pcie 0000:00:14.4: bpcie_msi_write_msg(fee02000, 00000023) mask=0x0 irq=35 hwirq=0x19 (____ptrval____)
[    3.903926] baikal_pcie 0000:00:14.4: bpcie_config_msi: func=4 subfunc=25 addr=fee02000 data=00000023
[    3.903926] baikal_pcie 0000:00:14.4: bpcie_msi_write_msg(fee02000, 00000023) mask=0x0 irq=35 hwirq=0x19 (____ptrval____)
[    3.903926] baikal_pcie 0000:00:14.4: bpcie_config_msi: func=4 subfunc=25 addr=fee02000 data=00000023
[    3.944086] baikal_pcie 0000:00:14.4: bpcie_msi_write_msg(fee03000, 00000023) mask=0x0 irq=36 hwirq=0x1a (____ptrval____)
[    3.945071] baikal_pcie 0000:00:14.4: bpcie_config_msi: func=4 subfunc=26 addr=fee03000 data=00000023
[    3.945071] baikal_pcie 0000:00:14.4: bpcie_msi_write_msg(fee03000, 00000023) mask=0x0 irq=36 hwirq=0x1a (____ptrval____)
[    3.945071] baikal_pcie 0000:00:14.4: bpcie_config_msi: func=4 subfunc=26 addr=fee03000 data=00000023
[    3.985230] baikal_pcie 0000:00:14.4: bpcie_msi_write_msg(fee04000, 00000023) mask=0x0 irq=37 hwirq=0x1b (____ptrval____)
[    3.986211] baikal_pcie 0000:00:14.4: bpcie_config_msi: func=4 subfunc=27 addr=fee04000 data=00000023
[    3.986211] baikal_pcie 0000:00:14.4: bpcie_msi_write_msg(fee04000, 00000023) mask=0x0 irq=37 hwirq=0x1b (____ptrval____)
[    3.986211] baikal_pcie 0000:00:14.4: bpcie_config_msi: func=4 subfunc=27 addr=fee04000 data=00000023
[    4.026368] baikal_pcie 0000:00:14.4: bpcie_msi_write_msg(fee05000, 00000023) mask=0x0 irq=38 hwirq=0x1c (____ptrval____)
[    4.027352] baikal_pcie 0000:00:14.4: bpcie_config_msi: func=4 subfunc=28 addr=fee05000 data=00000023
[    4.027352] baikal_pcie 0000:00:14.4: bpcie_msi_write_msg(fee05000, 00000023) mask=0x0 irq=38 hwirq=0x1c (____ptrval____)
[    4.027352] baikal_pcie 0000:00:14.4: bpcie_config_msi: func=4 subfunc=28 addr=fee05000 data=00000023
[    4.067512] baikal_pcie 0000:00:14.4: bpcie_msi_write_msg(fee06000, 00000023) mask=0x0 irq=39 hwirq=0x1d (____ptrval____)
[    4.068493] baikal_pcie 0000:00:14.4: bpcie_config_msi: func=4 subfunc=29 addr=fee06000 data=00000023
[    4.068493] baikal_pcie 0000:00:14.4: bpcie_msi_write_msg(fee06000, 00000023) mask=0x0 irq=39 hwirq=0x1d (____ptrval____)
[    4.068493] baikal_pcie 0000:00:14.4: bpcie_config_msi: func=4 subfunc=29 addr=fee06000 data=00000023
[    4.108649] baikal_pcie 0000:00:14.4: bpcie_msi_write_msg(fee07000, 00000023) mask=0x0 irq=40 hwirq=0x1e (____ptrval____)
[    4.109634] baikal_pcie 0000:00:14.4: bpcie_config_msi: func=4 subfunc=30 addr=fee07000 data=00000023
[    4.109634] baikal_pcie 0000:00:14.4: bpcie_msi_write_msg(fee07000, 00000023) mask=0x0 irq=40 hwirq=0x1e (____ptrval____)
[    4.109634] baikal_pcie 0000:00:14.4: bpcie_config_msi: func=4 subfunc=30 addr=fee07000 data=00000023
[    4.149791] baikal_pcie 0000:00:14.4: bpcie_msi_write_msg(fee00000, 00000024) mask=0x0 irq=41 hwirq=0x1f (____ptrval____)
[    4.150775] baikal_pcie 0000:00:14.4: bpcie_config_msi: func=4 subfunc=31 addr=fee00000 data=00000024
[    4.150775] baikal_pcie 0000:00:14.4: bpcie_msi_write_msg(fee00000, 00000024) mask=0x0 irq=41 hwirq=0x1f (____ptrval____)
[    4.150775] baikal_pcie 0000:00:14.4: bpcie_config_msi: func=4 subfunc=31 addr=fee00000 data=00000024
[    4.190932] bpcie_icc_init: shotgun-registered ICC at 32 additional virqs (0..63)
[    4.198565] baikal_pcie 0000:00:14.4: icc init-diag: ICC virq=13 STATUS=0x0 IRQ_MASK=0x3 DOORBELL_off=0x108004 STATUS_off=0x108014
[    4.210564] i2c i2c-0: adapter [icc] registered
[    4.215306] icc_interrupt: irq=35 entry status=0x2
[    4.216149] icc_interrupt: irq=0 entry status=0x2
[    4.245238] icc_interrupt: irq=35 entry status=0x1
[    4.246152] icc_interrupt: irq=0 entry status=0x1
[    4.254916] Turn ON BT/WLAN: ret=20, reply 00 00 00 00
[    4.255038] icc_interrupt: irq=35 entry status=0x2
[    4.256149] icc_interrupt: irq=0 entry status=0x2
[    4.269951] usb0 status: ret=20, reply 00 00 01 00
[    4.269955] USB is already turned ON!
[    4.274905] input: Power Button as /devices/pci0000:00/0000:00:14.4/input/input0
[    4.286314] icc_interrupt: irq=35 entry status=0x2
[    4.287119] icc_interrupt: irq=0 entry status=0x2
[    4.305234] icc_interrupt: irq=35 entry status=0x1
[    4.306133] icc_interrupt: irq=0 entry status=0x1
[    4.314913] icc: not ready
[    4.317671] baikal_pcie 0000:00:14.4: icc_pwrbutton_init: Failed to enable reset notifications (-11)
[    4.346118] ret=46, reply 00 00 03 00 00 00 15 00
[    4.356113] ret=20, reply 00 00 01 02 10 00 00 00
[    4.366110] ret=20, reply 00 00 00 00 00 00 00 00
[    4.371022] wireguard: WireGuard 1.0.0 loaded. See www.wireguard.com for information.
[    4.379006] wireguard: Copyright (C) 2015-2019 Jason A. Donenfeld <Jason@zx2c4.com>. All Rights Reserved.
[    4.389255] sky2: driver version 1.30
[    4.393467] xhci_aeolia 0000:00:14.7: bpcie_assign_irqs(3)
[    4.399077] bpcie_init_dev_msi_info: dev=0000:00:14.7 installed bpcie demuxer (sc=(____ptrval____))
[    4.408335] bpcie_msi_init: virq=1 hwirq=0x0 domain=(____ptrval____) info=(____ptrval____) sc=(____ptrval____)
[    4.418536] bpcie_msi_init: registered virq=1 irq_map[32]
[    4.424045] xhci_aeolia 0000:00:14.7: bpcie_msi_write_msg(fee00000, 000000ef) mask=0x0 irq=1 hwirq=0x0 (____ptrval____)
[    4.435050] baikal_pcie 0000:00:14.4: bpcie_config_msi: func=7 subfunc=0 addr=fee00000 data=000000ef
[    4.444392] xhci_aeolia 0000:00:14.7: bpcie_assign_irqs returning 1
[    4.450784] xhci_aeolia 0000:00:14.7: version 3.0
[    4.455589] xhci_aeolia 0000:00:14.7: Belize SATA PHY init
[    5.461214] xhci_aeolia 0000:00:14.7: PHY SET GEN3
[    5.466097] xhci_aeolia 0000:00:14.7: Belize SATA PHY Trace length : 6
[    6.472833] xhci_aeolia 0000:00:14.7: Align 90=0x00
[    6.477844] clocksource: tsc: mask: 0xffffffffffffffff max_cycles: 0x16fa6340cb4, max_idle_ns: 440795264023 ns
[    6.477911] xhci_aeolia 0000:00:14.7: AHCI vers 0001.0300, 32 command slots, 6 Gbps, ATA mode
[    6.496747] xhci_aeolia 0000:00:14.7: 1/1 ports implemented (port mask 0x1)
[    6.503842] xhci_aeolia 0000:00:14.7: flags: ncq sntf pm clo only pmp pio slum part ccc apst 
[    6.512553] clocksource: Switched to clocksource tsc
[    6.512621] xhci_aeolia 0000:00:14.7: bpcie_msi_write_msg(fee01000, 00000024) mask=0x0 irq=1 hwirq=0x0 (____ptrval____)
[    6.526465] baikal_pcie 0000:00:14.4: bpcie_config_msi: func=7 subfunc=0 addr=fee01000 data=00000024
[    6.534541] xhci_aeolia 0000:00:14.7: bpcie_msi_write_msg(fee01000, 00000024) mask=0x0 irq=1 hwirq=0x0 (____ptrval____)
[    6.542467] baikal_pcie 0000:00:14.4: bpcie_config_msi: func=7 subfunc=0 addr=fee01000 data=00000024
[    6.558760] scsi host0: ahci
[    6.561840] ata1: SATA max UDMA/133 abar m65536@0xce800000 port 0xce800100 irq 1 lpm-pol 0
[    6.620573] xhci_aeolia_probe_one 0, controller is 90de
[    6.625971] xhci_aeolia 0000:00:14.7: xHCI Host Controller
[    6.631585] xhci_aeolia 0000:00:14.7: new USB bus registered, assigned bus number 1
[    6.655652] xhci_aeolia 0000:00:14.7: hcc params 0x0228f66c hci version 0x100 quirks 0x0004000000010010
[    6.665246] xhci_aeolia 0000:00:14.7: irq 1, io mem 0xce000000
[    6.671307] xhci_aeolia 0000:00:14.7: xHCI Host Controller
[    6.676904] xhci_aeolia 0000:00:14.7: new USB bus registered, assigned bus number 2
[    6.705583] xhci_aeolia 0000:00:14.7: Host supports USB 3.0 SuperSpeed
[    6.712394] usb usb1: New USB device found, idVendor=1d6b, idProduct=0002, bcdDevice= 6.15
[    6.720823] usb usb1: New USB device strings: Mfr=3, Product=2, SerialNumber=1
[    6.728189] usb usb1: Product: xHCI Host Controller
[    6.733163] usb usb1: Manufacturer: Linux 6.15.4-Baikal_TESTING_crashniels-dirty xhci-hcd
[    6.741501] usb usb1: SerialNumber: 0000:00:14.7
[    6.746728] hub 1-0:1.0: USB hub found
[    6.750600] hub 1-0:1.0: 2 ports detected
[    6.754910] usb usb2: We don't know the algorithms for LPM for this host, disabling LPM.
[    6.763251] usb usb2: New USB device found, idVendor=1d6b, idProduct=0003, bcdDevice= 6.15
[    6.771683] usb usb2: New USB device strings: Mfr=3, Product=2, SerialNumber=1
[    6.779066] usb usb2: Product: xHCI Host Controller
[    6.784042] usb usb2: Manufacturer: Linux 6.15.4-Baikal_TESTING_crashniels-dirty xhci-hcd
[    6.792383] usb usb2: SerialNumber: 0000:00:14.7
[    6.797380] hub 2-0:1.0: USB hub found
[    6.801361] hub 2-0:1.0: 2 ports detected
[    6.826601] xhci_aeolia_probe_one 2, controller is 90de
[    6.832004] xhci_aeolia 0000:00:14.7: xHCI Host Controller
[    6.837611] xhci_aeolia 0000:00:14.7: new USB bus registered, assigned bus number 3
[    6.845554] xhci_aeolia 0000:00:14.7: hcc params 0x0220f06c hci version 0x100 quirks 0x0004000000010010
[    6.855151] xhci_aeolia 0000:00:14.7: irq 1, io mem 0xcf000000
[    6.861108] debugfs: Directory '0000:00:14.7' with parent 'xhci' already present!
[    6.868769] xhci_aeolia 0000:00:14.7: xHCI Host Controller
[    6.874364] xhci_aeolia 0000:00:14.7: new USB bus registered, assigned bus number 4
[    6.902584] xhci_aeolia 0000:00:14.7: Host supports USB 3.0 SuperSpeed
[    6.909441] usb usb3: New USB device found, idVendor=1d6b, idProduct=0002, bcdDevice= 6.15
[    6.917879] usb usb3: New USB device strings: Mfr=3, Product=2, SerialNumber=1
[    6.925242] usb usb3: Product: xHCI Host Controller
[    6.930228] usb usb3: Manufacturer: Linux 6.15.4-Baikal_TESTING_crashniels-dirty xhci-hcd
[    6.938577] usb usb3: SerialNumber: 0000:00:14.7
[    6.943752] hub 3-0:1.0: USB hub found
[    6.947629] hub 3-0:1.0: 1 port detected
[    6.951834] usb usb4: We don't know the algorithms for LPM for this host, disabling LPM.
[    6.960160] usb usb4: New USB device found, idVendor=1d6b, idProduct=0003, bcdDevice= 6.15
[    6.968590] usb usb4: New USB device strings: Mfr=3, Product=2, SerialNumber=1
[    6.975959] usb usb4: Product: xHCI Host Controller
[    6.980933] usb usb4: Manufacturer: Linux 6.15.4-Baikal_TESTING_crashniels-dirty xhci-hcd
[    6.989268] usb usb4: SerialNumber: 0000:00:14.7
[    6.994447] hub 4-0:1.0: USB hub found
[    6.998342] hub 4-0:1.0: 1 port detected
[    7.010656] usb 1-1: new high-speed USB device number 2 using xhci_aeolia
[    7.023941] usbcore: registered new interface driver uas
[    7.029444] usbcore: registered new interface driver usb-storage
[    7.035641] i8042: PNP: No PS/2 controller found.
[    7.035702] ata1: SATA link up 3.0 Gbps (SStatus 123 SControl 300)
[    7.040728] mousedev: PS/2 mouse device common for all mice
[    7.052657] usbcore: registered new interface driver xpad
[    7.058284] i2c_dev: i2c /dev entries driver
[    7.062766] i2c_dev: adapter [icc] registered as minor 0
[    7.068179] ata1.00: FORCE: modified (disable)
[    7.068194] ata1.00: unsupported device, disabling
[    7.068218] i2c-core: driver [i2c-slave-eeprom] registered
[    7.072750] ata1.00: disable device
[    7.077973] device-mapper: ioctl: 4.49.0-ioctl (2025-01-17) initialised: dm-devel@lists.linux.dev
[    7.096108] amd_pstate: the _CPC object is not present in SBIOS or ACPI disabled
[    7.103663] sdhci: Secure Digital Host Controller Interface driver
[    7.109968] sdhci: Copyright(c) Pierre Ossman
[    7.114619] sdhci-pci 0000:00:14.3: SDHCI controller found [104d:90da] (rev 0)
[    7.114665] hid: raw HID events driver (C) Jiri Kosina
[    7.122084] bpcie_init_dev_msi_info: dev=0000:00:14.3 installed bpcie demuxer (sc=(____ptrval____))
[    7.127323] usb usb3-port1: over-current condition
[    7.127525] usbcore: registered new interface driver usbhid
[    7.127529] usbhid: USB HID core driver
[    7.128025] snd_hda_intel 0000:00:01.1: can't derive routing for PCI INT B
[    7.128030] snd_hda_intel 0000:00:01.1: PCI INT B: not connected
[    7.128320] NET: Registered PF_INET6 protocol family
[    7.128953] Segment Routing with IPv6
[    7.128979] In-situ OAM (IOAM) with IPv6
[    7.129024] NET: Registered PF_PACKET protocol family
[    7.129117] Bluetooth: RFCOMM TTY layer initialized
[    7.129123] Bluetooth: RFCOMM socket layer initialized
[    7.129152] Bluetooth: RFCOMM ver 1.11
[    7.129159] Bluetooth: BNEP (Ethernet Emulation) ver 1.3
[    7.129161] Bluetooth: BNEP filters: protocol multicast
[    7.129166] Bluetooth: BNEP socket layer initialized
[    7.129169] Bluetooth: HIDP (Human Interface Emulation) ver 1.2
[    7.129173] Bluetooth: HIDP socket layer initialized
[    7.134293] input: HD-Audio Generic HDMI/DP,pcm=3 as /devices/pci0000:00/0000:00:01.1/sound/card0/input1
[    7.134421] input: HD-Audio Generic HDMI/DP,pcm=7 as /devices/pci0000:00/0000:00:01.1/sound/card0/input2
[    7.136555] bpcie_msi_init: virq=3 hwirq=0x0 domain=(____ptrval____) info=(____ptrval____) sc=(____ptrval____)
[    7.144810] usb 1-1: New USB device found, idVendor=1a40, idProduct=0101, bcdDevice= 1.00
[    7.147063] bpcie_msi_init: registered virq=3 irq_map[33]
[    7.147069] usb 1-1: New USB device strings: Mfr=0, Product=1, SerialNumber=0
[    7.147081] sdhci-pci 0000:00:14.3: bpcie_msi_write_msg(fee00000, 000000ef) mask=0x0 irq=3 hwirq=0x0 (____ptrval____)
[    7.150984] usb 1-1: Product: USB2.0 HUB
[    7.150999] baikal_pcie 0000:00:14.4: bpcie_config_msi: func=3 subfunc=0 addr=fee00000 data=000000ef
[    7.192386] hub 1-1:1.0: USB hub found
[    7.196592] sdhci-pci 0000:00:14.3: bpcie_msi_write_msg(fee03000, 00000024) mask=0x0 irq=3 hwirq=0x0 (____ptrval____)
[    7.196767] microcode: Current revision: 0x0701a001
[    7.201559] hub 1-1:1.0: 4 ports detected
[    7.201596] baikal_pcie 0000:00:14.4: bpcie_config_msi: func=3 subfunc=0 addr=fee03000 data=00000024
[    7.327458] sdhci-pci 0000:00:14.3: bpcie_msi_write_msg(fee03000, 00000024) mask=0x0 irq=3 hwirq=0x0 (____ptrval____)
[    7.337458] baikal_pcie 0000:00:14.4: bpcie_config_msi: func=3 subfunc=0 addr=fee03000 data=00000024
[    7.351029] IPI shorthand broadcast: enabled
[    7.355522] mmc0: SDHCI controller on PCI [0000:00:14.3] using ADMA
[    7.372302] sched_clock: Marking stable (6648006681, 723449020)->(9736758093, -2365302392)
[    7.381651] registered taskstats version 1
[    7.385842] Loading compiled-in X.509 certificates
[    7.397790] Demotion targets for Node 0: null
[    7.402419] usb 2-2: new SuperSpeed USB device number 2 using xhci_aeolia
[    7.403270] Btrfs loaded, zoned=no, fsverity=no
[    7.414577] amdgpu 0000:00:01.0: can't derive routing for PCI INT A
[    7.420999] amdgpu 0000:00:01.0: PCI INT A: not connected
[    7.422571] usb 2-2: New USB device found, idVendor=0951, idProduct=1666, bcdDevice= 1.10
[    7.426525] [drm] initializing kernel modesetting (LIVERPOOL 0x1002:0x9923 0x1002:0x9923 0x00).
[    7.426562] [drm] register mmio base: 0xE4800000
[    7.434916] usb 2-2: New USB device strings: Mfr=2, Product=3, SerialNumber=4
[    7.443757] [drm] register mmio size: 262144
[    7.443957] amdgpu 0000:00:01.0: amdgpu: detected ip block number 0 <cik_common>
[    7.448467] usb 2-2: Product: DataTraveler 3.0
[    7.448472] usb 2-2: Manufacturer: Kingston
[    7.448482] amdgpu 0000:00:01.0: amdgpu: detected ip block number 1 <gmc_v7_0>
[    7.448490] usb 2-2: SerialNumber: E0D55EA573F0194049CD0236
[    7.448500] amdgpu 0000:00:01.0: amdgpu: detected ip block number 2 <cik_ih>
[    7.449243] usb-storage 2-2:1.0: USB Mass Storage device detected
[    7.455782] amdgpu 0000:00:01.0: amdgpu: detected ip block number 3 <dce_v8_0>
[    7.455787] amdgpu 0000:00:01.0: amdgpu: detected ip block number 4 <gfx_v7_0>
[    7.455793] amdgpu 0000:00:01.0: amdgpu: detected ip block number 5 <cik_sdma>
[    7.456173] scsi host1: usb-storage 2-2:1.0
[    7.460169] amdgpu 0000:00:01.0: amdgpu: detected ip block number 6 <uvd_v4_2>
[    7.460174] amdgpu 0000:00:01.0: amdgpu: detected ip block number 7 <vce_v2_0>
[    7.460215] usb usb4-port1: over-current condition
[    7.466977] mmc0: new UHS-I speed SDR104 SDIO card at address 0001
[    7.469221] [wlan][80]halPollDbgCr:(INIT WARN) SWPCDBGR 0x00000000
[    7.568078] amdgpu 0000:00:01.0: amdgpu: Fetched VBIOS from ROM BAR
[    7.574574] amdgpu: ATOM BIOS: 113-Starsha2-018
[    7.579580] [drm] ps4 uvd: skipping UVD entirely on Liverpool/Gladius (no SAMU auth -> no functional UVD; avoids fault storm)
[    7.591125] [drm:amdgpu_device_init.cold] *ERROR* early_init of IP block <uvd_v4_2> failed -19
[    7.599927] [drm] ps4 vce: skipping VCE entirely on Liverpool/Gladius
[    7.606500] [drm:amdgpu_device_init.cold] *ERROR* early_init of IP block <vce_v2_0> failed -19
[    7.615296] amdgpu 0000:00:01.0: amdgpu: Fatal error during GPU init
[    7.621881] amdgpu 0000:00:01.0: amdgpu: amdgpu: finishing device.
[    7.628531] ahci 0000:00:14.2: version 3.0
[    7.632733] ahci 0000:00:14.2: probe with driver ahci failed with error -12
[    7.639927] ps4-power: reboot_notifier installed — ICC cmd 04/0004 on SYS_POWER_OFF
[    7.642516] usb 1-1.1: new full-speed USB device number 3 using xhci_aeolia
[    7.647936] printk: legacy console [netcon0] enabled
[    7.660098] netconsole: network logging started
[    7.664905] cfg80211: Loading compiled-in X.509 certificates for regulatory database
[    7.674032] Loaded X.509 cert 'sforshee: 00b28ddf47aef9cea7'
[    7.680439] Loaded X.509 cert 'wens: 61c038651aabdcf94bd0ac7ff06c7248db18c600'
[    7.687893] clk: Disabling unused clocks
[    7.691970] platform regulatory.0: Direct firmware load for regulatory.db failed with error -2
[    7.700770] ALSA device list:
[    7.703802]   #0: HD-Audio Generic at 0xe4840000 irq 2
[    7.709059] cfg80211: failed to load regulatory.db
[    7.714918] Freeing unused kernel image (initmem) memory: 1624K
[    7.721019] Write protecting the kernel read-only data: 34816k
[    7.727982] Freeing unused kernel image (text/rodata gap) memory: 1108K
[    7.735482] Freeing unused kernel image (rodata/data gap) memory: 1456K
[    7.742250] rodata_test: all tests were successful
[    7.747152] Run /init as init process
[    7.750893]   with arguments:
[    7.753918]     /init
[    7.756237]   with environment:
[    7.759437]     HOME=/
[    7.761843]     TERM=linux
[    7.831427] usb 1-1.1: New USB device found, idVendor=054c, idProduct=09cc, bcdDevice= 1.00
[    7.839992] usb 1-1.1: New USB device strings: Mfr=1, Product=2, SerialNumber=0
[    7.847457] usb 1-1.1: Product: Wireless Controller
[    7.852436] usb 1-1.1: Manufacturer: Sony Interactive Entertainment
[    7.931098] playstation 0003:054C:09CC.0001: hidraw0: USB HID v1.11 Gamepad [Sony Interactive Entertainment Wireless Controller] on usb-0000:00:14.7-1.1/input3
[    7.997823] input: Sony Interactive Entertainment Wireless Controller as /devices/pci0000:00/0000:00:14.7/usb1/1-1/1-1.1/1-1.1:1.3/0003:054C:09CC.0001/input/input3
[    8.013152] input: Sony Interactive Entertainment Wireless Controller Motion Sensors as /devices/pci0000:00/0000:00:14.7/usb1/1-1/1-1.1/1-1.1:1.3/0003:054C:09CC.0001/input/input4
[    8.029652] input: Sony Interactive Entertainment Wireless Controller Touchpad as /devices/pci0000:00/0000:00:14.7/usb1/1-1/1-1.1/1-1.1:1.3/0003:054C:09CC.0001/input/input5
[    8.045816] playstation 0003:054C:09CC.0001: Registered DualShock4 controller hw_version=0x0000b40c fw_version=0x0000a00a
[    8.322585] usb 1-1.3: new low-speed USB device number 4 using xhci_aeolia
[    8.368475] random: crng init done
[    8.459928] [wlan][80]wlanAdapterStart:(INIT WARN) Send a Dummy CMD as workaround
[    8.467703] [wlan][80]wlanQueryNicCapability:(INIT WARN) wlanQueryNicCapability: skip unexpected event ID[0x27]
[    8.480545] [wlan][80]wlanAdapterStart:(INIT WARN) wlanAdapterStart: load manufacture data fail
[    8.499288] scsi 1:0:0:0: Direct-Access     Kingston DataTraveler 3.0 0000 PQ: 0 ANSI: 6
[    8.508009] sd 1:0:0:0: Attached scsi generic sg0 type 0
[    8.509009] sd 1:0:0:0: [sda] 242155520 512-byte logical blocks: (124 GB/115 GiB)
[    8.521628] sd 1:0:0:0: [sda] Write Protect is off
[    8.526524] sd 1:0:0:0: [sda] Mode Sense: 23 00 00 00
[    8.531944] sd 1:0:0:0: [sda] Write cache: disabled, read cache: enabled, doesn't support DPO or FUA
[    8.543486] usb 1-1.3: New USB device found, idVendor=0000, idProduct=3825, bcdDevice= 1.00
[    8.552012] usb 1-1.3: New USB device strings: Mfr=0, Product=1, SerialNumber=0
[    8.559467] usb 1-1.3: Product:  USB OPTICAL MOUSE
[    8.576175]  sda: sda1 sda2
[    8.579422] sd 1:0:0:0: [sda] Attached SCSI removable disk
[    8.602965] input:  USB OPTICAL MOUSE as /devices/pci0000:00/0000:00:14.7/usb1/1-1/1-1.3/1-1.3:1.0/0003:0000:3825.0002/input/input6
[    8.615381] hid-generic 0003:0000:3825.0002: input,hidraw1: USB HID v1.11 Mouse [ USB OPTICAL MOUSE] on usb-0000:00:14.7-1.3/input0
[    8.668443] [wlan][80]mtk_reg_notify:(RLM WARN) County Code is not assigned. Use default WW.
[    8.677089] [wlan][80]rlmDomainSearchRegdomainFromLocalDataBase:(RLM ERROR) rlmDomainSearchRegdomainFromLocalDataBase(): Error, Cannot find the correct RegDomain. country = 00.
[    8.695037] [wlan][145]wlanBindBssIdxToNetInterface:(INIT ERROR) Array index out of bound, ucBssIndex=4
[    8.704630] [wlan][145]p2pRoleFsmStateTransition:(P2P STATE) [P2P_ROLE][0]TRANSITION(Bss1): [P2P_ROLE_STATE_IDLE] -> [P2P_ROLE_STATE_IDLE]
[    8.717333] [wlan][145]wlanBindBssIdxToNetInterface:(INIT ERROR) Array index out of bound, ucBssIndex=4
[    8.726921] [wlan][145]p2pRoleFsmStateTransition:(P2P STATE) [P2P_ROLE][1]TRANSITION(Bss2): [P2P_ROLE_STATE_IDLE] -> [P2P_ROLE_STATE_IDLE]
[    8.739610] [wlan][145]wlanProcessCommandQueue:(INIT WARN) NO Res CMD TYPE[1] ID[0x11] SEQ[29]
[    8.748403] [wlan][145]wlanProcessCommandQueue:(INIT WARN) NO Res CMD TYPE[1] ID[0x11] SEQ[29]
[    8.748957] [wlan][146]halPrintMailbox:(INIT ERROR) MailBox Status = 0x0003005A, 0x00FF00FF
[    8.765835] [wlan][146]halPollDbgCr:(INIT WARN) SWPCDBGR 0xE0010E1C
[    8.772338] [wlan][146]halPollDbgCr:(INIT WARN) SWPCDBGR 0xE0010DE2
[    8.778842] [wlan][146]halPollDbgCr:(INIT WARN) SWPCDBGR 0xE0010DE2
[    8.785301] [wlan][146]halPollDbgCr:(INIT WARN) SWPCDBGR 0xE0010DE2
[    8.791802] [wlan][146]halPollDbgCr:(INIT WARN) SWPCDBGR 0xE0010DE2
[    8.798264] usb 1-1.4: new low-speed USB device number 5 using xhci_aeolia
[    8.798407] [wlan][145]wlanProcessCommandQueue:(INIT WARN) NO Res CMD TYPE[1] ID[0x70] SEQ[36]
[    8.798865] [wlan][146]halPrintMailbox:(INIT ERROR) MailBox Status = 0x0003005A, 0x00FF00FF
[    8.798915] [wlan][146]halPollDbgCr:(INIT WARN) SWPCDBGR 0xE0010DE2
[    8.798964] [wlan][146]halPollDbgCr:(INIT WARN) SWPCDBGR 0xE0010DE2
[    8.799013] [wlan][146]halPollDbgCr:(INIT WARN) SWPCDBGR 0xE0010DE2
[    8.799061] [wlan][146]halPollDbgCr:(INIT WARN) SWPCDBGR 0xE0010DE2
[    8.799110] [wlan][146]halPollDbgCr:(INIT WARN) SWPCDBGR 0xE0010DE2
[    8.854943] [wlan][146]halPrintMailbox:(INIT ERROR) MailBox Status = 0x0003005A, 0x00FF00FF
[    8.863595] [wlan][146]halPollDbgCr:(INIT WARN) SWPCDBGR 0xE0010DE2
[    8.870101] [wlan][146]halPollDbgCr:(INIT WARN) SWPCDBGR 0xE0010DF6
[    8.876566] [wlan][146]halPollDbgCr:(INIT WARN) SWPCDBGR 0xE0010DE2
[    8.883067] [wlan][146]halPollDbgCr:(INIT WARN) SWPCDBGR 0xE0010DE2
[    8.889569] [wlan][146]halPollDbgCr:(INIT WARN) SWPCDBGR 0xE0010DE2
[    8.896257] [wlan][145]wlanoidSetGtkRekeyData:(REQ INFO) wlanoidSetGtkRekeyData
[    8.903753] [wlan][145]wlanoidSetGtkRekeyData:(REQ INFO) ucCmdSeqNum = 41
[    8.995792] usb 1-1.4: New USB device found, idVendor=04f3, idProduct=152e, bcdDevice=1c.02
[    9.004345] usb 1-1.4: New USB device strings: Mfr=1, Product=2, SerialNumber=0
[    9.011807] usb 1-1.4: Product: Gaming KB
[    9.015903] usb 1-1.4: Manufacturer: Gaming KB
[    9.116110] input: Gaming KB Gaming KB as /devices/pci0000:00/0000:00:14.7/usb1/1-1/1-1.4/1-1.4:1.0/0003:04F3:152E.0003/input/input7
[    9.157738] hid-generic 0003:04F3:152E.0003: input,hidraw2: USB HID v1.11 Keyboard [Gaming KB Gaming KB] on usb-0000:00:14.7-1.4/input0
[    9.177316] input: Gaming KB Gaming KB Consumer Control as /devices/pci0000:00/0000:00:14.7/usb1/1-1/1-1.4/1-1.4:1.1/0003:04F3:152E.0004/input/input8
[    9.191267] input: Gaming KB Gaming KB System Control as /devices/pci0000:00/0000:00:14.7/usb1/1-1/1-1.4/1-1.4:1.1/0003:04F3:152E.0004/input/input9
[    9.204897] input: Gaming KB Gaming KB Keyboard as /devices/pci0000:00/0000:00:14.7/usb1/1-1/1-1.4/1-1.4:1.1/0003:04F3:152E.0004/input/input10
[    9.218095] input: Gaming KB Gaming KB as /devices/pci0000:00/0000:00:14.7/usb1/1-1/1-1.4/1-1.4:1.1/0003:04F3:152E.0004/input/input11
[    9.230628] hid-generic 0003:04F3:152E.0004: input,hiddev96,hidraw3: USB HID v1.11 Keyboard [Gaming KB Gaming KB] on usb-0000:00:14.7-1.4/input1
[   13.746624] [wlan][145]wlanProcessCommandQueue:(INIT WARN) NO Res CMD TYPE[1] ID[0x14] SEQ[49]
[   13.755965] [wlan][146]halPrintMailbox:(INIT ERROR) MailBox Status = 0x0003005A, 0x00FF00FF
[   13.764601] [wlan][146]halPollDbgCr:(INIT WARN) SWPCDBGR 0xE0010DE2
[   13.771107] [wlan][146]halPollDbgCr:(INIT WARN) SWPCDBGR 0x00031B3E
[   13.777609] [wlan][146]halPollDbgCr:(INIT WARN) SWPCDBGR 0x00001DDE
[   13.784114] [wlan][146]halPollDbgCr:(INIT WARN) SWPCDBGR 0x00001DDE
[   13.790610] [wlan][146]halPollDbgCr:(INIT WARN) SWPCDBGR 0x00001DDE
[   17.999429] EXT4-fs (sda2): recovery complete
[   18.004998] EXT4-fs (sda2): mounted filesystem 116ef654-f297-4253-98fc-1ca455c1d9fe r/w with ordered data mode. Quota mode: disabled.
[   18.248666] systemd[1]: System time advanced to timestamp on /var/lib/systemd/timesync/clock: Thu 2026-05-14 09:56:08 UTC
[   18.300135] systemd[1]: systemd 259.3-1-arch running in system mode (+PAM +AUDIT -SELINUX +APPARMOR -IMA +IPE +SMACK +SECCOMP +GCRYPT +GNUTLS +OPENSSL +ACL +BLKID +CURL +ELFUTILS +FIDO2 +IDN2 -IDN +KMOD +LIBCRYPTSETUP +LIBCRYPTSETUP_PLUGINS +LIBFDISK +PCRE2 +PWQUALITY +P11KIT +QRENCODE +TPM2 +BZIP2 +LZ4 +XZ +ZLIB +ZSTD +BPF_FRAMEWORK +BTF +XKBCOMMON +UTMP -SYSVINIT +LIBARCHIVE)
[   18.334272] systemd[1]: Detected architecture x86-64.
[   18.352819] systemd[1]: Hostname set to <archlinux>.
[   18.423273] systemd[1]: bpf-restrict-fs: BPF LSM hook not enabled in the kernel, BPF LSM not supported.
[   19.083301] zram: Added device: zram0
[   19.093404] zram_generator::generator[189]: modprobe "crypto-zstd" failed, ignoring: code exit status: 1
[   19.548044] systemd[1]: Queued start job for default target Multi-User System.
[   20.453936] systemd[1]: Created slice Slice /system/dirmngr.
[   20.465729] systemd[1]: Created slice Slice /system/getty.
[   20.476778] systemd[1]: Created slice Slice /system/gpg-agent.
[   20.488619] systemd[1]: Created slice Slice /system/gpg-agent-browser.
[   20.501408] systemd[1]: Created slice Slice /system/gpg-agent-extra.
[   20.513802] systemd[1]: Created slice Slice /system/gpg-agent-ssh.
[   20.526367] systemd[1]: Created slice Slice /system/keyboxd.
[   20.538118] systemd[1]: Created slice Slice /system/modprobe.
[   20.549829] systemd[1]: Created slice Slice /system/systemd-zram-setup.
[   20.561724] systemd[1]: Created slice User and Session Slice.
[   20.567890] systemd[1]: Started Dispatch Password Requests to Console Directory Watch.
[   20.576212] systemd[1]: Started Forward Password Requests to Wall Directory Watch.
[   20.584570] systemd[1]: Set up automount Arbitrary Executable File Formats File System Automount Point.
[   20.594318] systemd[1]: Expecting device /dev/zram0...
[   20.599680] systemd[1]: Reached target Local Encrypted Volumes.
[   20.605867] systemd[1]: Reached target Image Downloads.
[   20.611322] systemd[1]: Reached target Local Integrity Protected Volumes.
[   20.618428] systemd[1]: Reached target Path Units.
[   20.623461] systemd[1]: Reached target Remote Encrypted Volumes.
[   20.629718] systemd[1]: Reached target Remote File Systems.
[   20.635536] systemd[1]: Reached target Remote Integrity Protected Volumes.
[   20.642678] systemd[1]: Reached target Remote Verity Protected Volumes.
[   20.649557] systemd[1]: Reached target Slice Units.
[   20.654709] systemd[1]: Reached target Local Verity Protected Volumes.
[   20.661716] systemd[1]: Listening on Device-mapper event daemon FIFOs.
[   20.672945] systemd[1]: Listening on Query the User Interactively for a Password.
[   20.691586] systemd[1]: Listening on Process Core Dump Socket.
[   20.700864] systemd[1]: Listening on Credential Encryption/Decryption.
[   20.712232] systemd[1]: Listening on Factory Reset Management.
[   20.723696] systemd[1]: Listening on Journal Audit Socket.
[   20.729728] systemd[1]: Listening on Journal Socket (/dev/log).
[   20.736138] systemd[1]: Listening on Journal Sockets.
[   20.741621] systemd[1]: Listening on DDI File System Mounter Socket.
[   20.752981] systemd[1]: Listening on Console Output Muting Service Socket.
[   20.760543] systemd[1]: Listening on Network Management Resolve Hook Socket.
[   20.768234] systemd[1]: Listening on Network Management Varlink Socket.
[   20.775402] systemd[1]: Listening on Network Management Netlink Socket.
[   20.782464] systemd[1]: Listening on Namespace Resource Manager Socket.
[   20.789380] systemd[1]: TPM PCR Measurements skipped, unmet condition check ConditionSecurity=measured-uki
[   20.799286] systemd[1]: Make TPM PCR Policy skipped, unmet condition check ConditionSecurity=measured-uki
[   20.812188] systemd[1]: Listening on Disk Repartitioning Service Socket.
[   20.819333] systemd[1]: Listening on Resolve Monitor Varlink Socket.
[   20.826071] systemd[1]: Listening on Resolve Service Varlink Socket.
[   20.832886] systemd[1]: Listening on udev Control Socket.
[   20.838654] systemd[1]: Listening on udev Kernel Socket.
[   20.844321] systemd[1]: Listening on udev Varlink Socket.
[   20.850112] systemd[1]: Listening on User Database Manager Socket.
[   20.864136] systemd[1]: Mounting Huge Pages File System...
[   20.876530] systemd[1]: Mounting POSIX Message Queue File System...
[   20.905528] systemd[1]: Mounting Kernel Debug File System...
[   20.911917] systemd[1]: Kernel Trace File System skipped, unmet condition check ConditionPathExists=/sys/kernel/tracing
[   20.923315] systemd[1]: Create List of Static Device Nodes skipped, unmet condition check ConditionFileNotEmpty=/lib/modules/6.15.4-Baikal_TESTING_crashniels-dirty/modules.devname
[   20.939883] systemd[1]: Load Kernel Module configfs skipped, unmet condition check ConditionKernelModuleLoaded=!configfs
[   20.957611] systemd[1]: Mounting Kernel Configuration File System...
[   20.964311] systemd[1]: Load Kernel Module drm skipped, unmet condition check ConditionKernelModuleLoaded=!drm
[   20.981661] systemd[1]: Starting Load Kernel Module efi_pstore...
[   20.988141] systemd[1]: Load Kernel Module fuse skipped, unmet condition check ConditionKernelModuleLoaded=!fuse
[   21.004978] systemd[1]: Mounting FUSE Control File System...
[   21.011197] systemd[1]: Clear SysFail Entry If The Boot Is Successful skipped, unmet condition check ConditionPathExists=/sys/firmware/efi/efivars/LoaderEntrySysFail-4a67b082-0a4c-41cf-b6c7-440b29bb8c4f
[   21.029787] systemd[1]: File System Check on Root Device skipped, unmet condition check ConditionPathIsReadWrite=!/
[   21.040556] systemd[1]: Clear Stale Hibernate Storage Info skipped, unmet condition check ConditionPathExists=/sys/firmware/efi/efivars/HibernateLocation-8cf2644b-4b0b-428f-9387-6d876050dc67
[   21.058662] systemd[1]: systemd-journald.service: unit configures an IP firewall, but the local system does not support BPF/cgroup firewalling.
[   21.071813] systemd[1]: systemd-journald.service: (This warning is only shown for the first unit using IP firewalling.)
[   21.089723] systemd[1]: Starting Journal Service...
[   21.103416] systemd[1]: Starting Load Kernel Modules...
[   21.115680] systemd[1]: Starting Generate Network Units from Kernel Command Line...
[   21.123804] systemd[1]: TPM PCR Machine ID Measurement skipped, unmet condition check ConditionSecurity=measured-uki
[   21.134753] systemd[1]: TPM NvPCR Product ID Measurement skipped, unmet condition check ConditionSecurity=measured-uki
[   21.152800] systemd[1]: Starting Remount Root and Kernel File Systems...
[   21.166991] systemd[1]: Starting Create Static Device Nodes in /dev gracefully...
[   21.175041] systemd[1]: Early TPM SRK Setup skipped, unmet condition check ConditionSecurity=measured-uki
[   21.189502] systemd-journald[415]: Collecting audit messages is enabled.
[   21.192044] systemd[1]: Starting Load udev Rules from Credentials...
[   21.220971] systemd[1]: Starting Coldplug All udev Devices...
[   21.257804] EXT4-fs (sda2): re-mounted 116ef654-f297-4253-98fc-1ca455c1d9fe.
[   21.428322] systemd[1]: Mounted Huge Pages File System.
[   21.434147] systemd[1]: Mounted POSIX Message Queue File System.
[   21.440689] systemd[1]: Mounted Kernel Debug File System.
[   21.446597] systemd[1]: Mounted Kernel Configuration File System.
[   21.453535] systemd[1]: modprobe@efi_pstore.service: Deactivated successfully.
[   21.466365] systemd[1]: Finished Load Kernel Module efi_pstore.
[   21.472836] audit: type=1130 audit(1778752571.606:2): pid=1 uid=0 auid=4294967295 ses=4294967295 msg='unit=modprobe@efi_pstore comm="systemd" exe="/usr/lib/systemd/systemd" hostname=? addr=? terminal=? res=success'
[   21.482818] systemd[1]: Mounted FUSE Control File System.
[   21.492309] audit: type=1131 audit(1778752571.606:3): pid=1 uid=0 auid=4294967295 ses=4294967295 msg='unit=modprobe@efi_pstore comm="systemd" exe="/usr/lib/systemd/systemd" hostname=? addr=? terminal=? res=success'
[   21.523178] systemd[1]: Finished Load Kernel Modules.
[   21.528698] audit: type=1130 audit(1778752571.662:4): pid=1 uid=0 auid=4294967295 ses=4294967295 msg='unit=systemd-modules-load comm="systemd" exe="/usr/lib/systemd/systemd" hostname=? addr=? terminal=? res=success'
[   21.548402] systemd[1]: Finished Generate Network Units from Kernel Command Line.
[   21.556365] audit: type=1130 audit(1778752571.689:5): pid=1 uid=0 auid=4294967295 ses=4294967295 msg='unit=systemd-network-generator comm="systemd" exe="/usr/lib/systemd/systemd" hostname=? addr=? terminal=? res=success'
[   21.563407] systemd[1]: Finished Remount Root and Kernel File Systems.
[   21.583484] audit: type=1130 audit(1778752571.716:6): pid=1 uid=0 auid=4294967295 ses=4294967295 msg='unit=systemd-remount-fs comm="systemd" exe="/usr/lib/systemd/systemd" hostname=? addr=? terminal=? res=success'
[   21.603082] systemd[1]: Finished Load udev Rules from Credentials.
[   21.609818] audit: type=1130 audit(1778752571.743:7): pid=1 uid=0 auid=4294967295 ses=4294967295 msg='unit=systemd-udev-load-credentials comm="systemd" exe="/usr/lib/systemd/systemd" hostname=? addr=? terminal=? res=success'
[   21.614340] systemd[1]: Reached target Preparation for Network.
[   21.643826] systemd[1]: Starting Load Kernel Module tun...
[   21.650635] systemd[1]: Rebuild Hardware Database skipped, unmet condition check ConditionNeedsUpdate=/etc
[   21.660666] systemd[1]: Platform Persistent Storage Archival skipped, unmet condition check ConditionDirectoryNotEmpty=/sys/fs/pstore
[   21.692947] systemd[1]: Starting Load/Save OS Random Seed...
[   21.705485] systemd[1]: Starting Apply Kernel Variables...
[   21.711270] systemd[1]: TPM SRK Setup skipped, unmet condition check ConditionSecurity=measured-uki
[   21.720602] systemd[1]: TPM PCR NvPCR Initialization Separator skipped, unmet condition check ConditionSecurity=measured-uki
[   21.757902] systemd[1]: Starting User Database Manager...
[   21.765999] systemd[1]: Started Journal Service.
[   21.771063] audit: type=1130 audit(1778752571.904:8): pid=1 uid=0 auid=4294967295 ses=4294967295 msg='unit=systemd-journald comm="systemd" exe="/usr/lib/systemd/systemd" hostname=? addr=? terminal=? res=success'
[   21.790544] audit: type=1130 audit(1778752571.924:9): pid=1 uid=0 auid=4294967295 ses=4294967295 msg='unit=modprobe@tun comm="systemd" exe="/usr/lib/systemd/systemd" hostname=? addr=? terminal=? res=success'
[   21.809533] audit: type=1131 audit(1778752571.924:10): pid=1 uid=0 auid=4294967295 ses=4294967295 msg='unit=modprobe@tun comm="systemd" exe="/usr/lib/systemd/systemd" hostname=? addr=? terminal=? res=success'
[   21.835188] audit: type=1130 audit(1778752571.968:11): pid=1 uid=0 auid=4294967295 ses=4294967295 msg='unit=systemd-random-seed comm="systemd" exe="/usr/lib/systemd/systemd" hostname=? addr=? terminal=? res=success'
[   21.911313] systemd-journald[415]: Received client request to flush runtime journal.
[   21.927471] systemd-journald[415]: File /var/log/journal/0858cdb2b55a4b79b6d5ddbb93f48e94/system.journal corrupted or uncleanly shut down, renaming and replacing.
[   23.190359] zram0: detected capacity change from 0 to 3145728
[   23.319568] Adding 1572860k swap on /dev/zram0.  Priority:100 extents:1 across:1572860k SSDsc
[   23.593469] ps4_mts 0000:00:14.1: Baikal MTS: BAR0=[mem 0xc2000000-0xc2000fff 64bit], mapped at 0000000060ef3f03
[   23.605754] ps4_mts 0000:00:14.1: DMA rings: TX=0x000000000115a000 RX=0x000000000115b000 (each 4096 bytes, zeroed)
[   23.616751] bpcie_init_dev_msi_info: dev=0000:00:14.1 installed bpcie demuxer (sc=000000006cc04b23)
[   23.626922] bpcie_msi_init: virq=4 hwirq=0x0 domain=0000000068c5f928 info=0000000006bafc96 sc=000000006cc04b23
[   23.637195] bpcie_msi_init: registered virq=4 irq_map[34]
[   23.642757] ps4_mts 0000:00:14.1: bpcie_msi_write_msg(fee00000, 000000ef) mask=0x0 irq=4 hwirq=0x0 000000006cc04b23
[   23.653476] baikal_pcie 0000:00:14.4: bpcie_config_msi: func=1 subfunc=0 addr=fee00000 data=000000ef
[   23.664188] ps4_mts 0000:00:14.1: bpcie_msi_write_msg(fee04000, 00000024) mask=0x0 irq=4 hwirq=0x0 000000006cc04b23
[   23.674884] baikal_pcie 0000:00:14.4: bpcie_config_msi: func=1 subfunc=0 addr=fee04000 data=00000024
[   23.684256] ps4_mts 0000:00:14.1: bpcie_msi_write_msg(fee04000, 00000024) mask=0x0 irq=4 hwirq=0x0 000000006cc04b23
[   23.694957] baikal_pcie 0000:00:14.4: bpcie_config_msi: func=1 subfunc=0 addr=fee04000 data=00000024
[   23.705333] ps4_mts 0000:00:14.1: registered ISR on IRQ 4 (MSI)
[   23.711667] ps4_mts 0000:00:14.1: phy_ctrl: linkreg changed 0xffffffff -> 0x00000b18
[   23.712222] ps4_mts 0000:00:14.1: v93: netdev mts0 registered (MAC 8a:df:1e:76:0b:ee)
[   23.719668] ps4_mts 0000:00:14.1: phy_ctrl: BMSR latch=0x7969 current=0x7969 (link@phy=0 AN@phy=1)
[   23.736849] ps4_mts 0000:00:14.1: phy_ctrl: LP ABILITY (reg5)=0xc5e1 (RF=0 ACK=1 100TX_FD=1 100TX=1 10T_FD=1 10T=1)
[   23.742950] ps4_mts 0000:00:14.1 enp0s20f1: renamed from mts0
[   23.747539] ps4_mts 0000:00:14.1: phy_ctrl: 1000BT_STAT (reg10)=0x7c00 (MS_FAULT=0 MS_CFG=1 L_RX_OK=1 R_RX_OK=1 LP_FD=1 LP_HD=1)
[   23.765269] ps4_mts 0000:00:14.1: phy_ctrl: AN restart (iter=0, BMCR<-0x1240, reason=first)
[   24.754483] ps4_mts 0000:00:14.1: link DOWN (linkreg=0x00000b18, BMSR=0x7949)
[   25.686896] [wlan][145]wlanoidSendSetQueryP2PCmd:(REQ TRACE) Command ID = 0x000000C1
[   25.694880] [wlan][145]wlanoidSendSetQueryP2PCmd:(REQ TRACE) ucCmdSeqNum =50
[   25.694902] [wlan][145]wlanoidSendSetQueryP2PCmd:(REQ TRACE) Command ID = 0x000000C1
[   25.710095] [wlan][145]wlanoidSendSetQueryP2PCmd:(REQ TRACE) ucCmdSeqNum =51
[   25.710117] [wlan][145]wlanoidSendSetQueryP2PCmd:(REQ TRACE) Command ID = 0x000000C1
[   25.725299] [wlan][145]wlanoidSendSetQueryP2PCmd:(REQ TRACE) ucCmdSeqNum =52
[   26.227322] ps4_mts 0000:00:14.1: v110: BAR+0x1d4 0x00000001 -> 0x00000001 (Orbis missing write)
[   26.236348] ps4_mts 0000:00:14.1: v117: mts_mac_init leaves IRQ master off (BAR+0x204=0x00000000 BAR+0x54=0x007beffe)
[   26.247227] ps4_mts 0000:00:14.1: PHY PLL: MMD 0x1f reg 0x403 read 0x1000 (bit 5 PLL_OFF=0)
[   26.255801] ps4_mts 0000:00:14.1: PHY PLL: wrote MMD 0x1f reg 0x403 <- 0x1050 (PLL on, bypass mode)
[   26.265082] ps4_mts 0000:00:14.1: PHY PLL: readback MMD 0x1f reg 0x403 = 0x1050
[   26.272762] ps4_mts 0000:00:14.1: v87 tail: MMD 0x1e reg 0x330 0x0000 -> 0x0000 (cleared bit 12)
[   26.281781] ps4_mts 0000:00:14.1: v87 tail: ANAR 0x01e1 -> 0x01e1 (mask 0xf3ff)
[   26.289330] ps4_mts 0000:00:14.1: v88(a): near-echo MMD0x1e r0xa6: 0x0000 -> 0x0300
[   26.297229] ps4_mts 0000:00:14.1: v88(b): RX ADC bias MMD0x1e r0xc6: 0x53aa -> 0x53aa
[   26.305311] ps4_mts 0000:00:14.1: v88(c): 100M MSE MMD0x1e r0x123 = 0xffff
[   26.312432] ps4_mts 0000:00:14.1: v88(d): SlvDPSready TR read = 0x00060671 (current SlvDPSready=0x0c)
[   26.321915] ps4_mts 0000:00:14.1: v88(d): SlvDPSready TR write = 0x002f0671 (SlvDPSready=0x5e)
[   26.330809] ps4_mts 0000:00:14.1: v88(e): EN_DOWNSHIFT page1 reg0x14: 0x3a44 -> 0x3a54
[   26.338963] ps4_mts 0000:00:14.1: v88(f): 1000BT_CTRL reg9: 0x0200 -> 0x0000 (no 1000BT advertise)
[   26.348188] ps4_mts 0000:00:14.1: v89(g): TX_DELAY r0x13: 0x0044 -> 0x0444 (PAIR_B=4 PAIR_D=4)
[   26.357065] ps4_mts 0000:00:14.1: v89(g): TX_DELAY r0x14: 0x0044 -> 0x0444 (PAIR_B=4 PAIR_D=4)
[   26.365943] ps4_mts 0000:00:14.1: v92(h): TXEN_DIG MMD0x1e r0x144 0x0220 -> 0x0200 (was bit5=1, now 0)
[   26.375505] ps4_mts 0000:00:14.1: v88 final: BMCR 0x1040 -> 0x1240 (AN restart after DSP corrections)
[   26.384960] ps4_mts 0000:00:14.1: v105: mts_mac_init done in ndo_open: BAR+0x04=0x00000b18 PHY ID=03a2:9441
[   26.399980] ps4_mts 0000:00:14.1: v104: ndo_open engine-restart with EMPTY rings (TX 0x00000000->0x00000000 RX 0x00000000->0x00000000)
[   26.412338] ps4_mts 0000:00:14.1: v110: BAR+0x1c8 0x00a00000 -> 0x00a00040 (rings-ready marker per Orbis)
[   26.422124] ps4_mts 0000:00:14.1: v115: gbe:ctrl-done BAR+0x54 0x007beffe -> 0x007beffe (clear bit12)
[   26.431558] ps4_mts 0000:00:14.1: v117: post-ring IRQ enable BAR+0x204=0x10001388 BAR+0x54=0x007beffe
[   26.431844] ps4_mts 0000:00:14.1: v117: bit18 handshake cleared IRQ master — BAR+0x204=0x00000000 BAR+0x54=0x007beffe
[   26.802645] ps4_mts 0000:00:14.1: phy_ctrl: BMSR latch=0x7949 current=0x7949 (link@phy=0 AN@phy=0)
[   26.811846] ps4_mts 0000:00:14.1: phy_ctrl: LP ABILITY (reg5)=0x0000 (RF=0 ACK=0 100TX_FD=0 100TX=0 10T_FD=0 10T=0)
[   26.822523] ps4_mts 0000:00:14.1: phy_ctrl: 1000BT_STAT (reg10)=0x4000 (MS_FAULT=0 MS_CFG=1 L_RX_OK=0 R_RX_OK=0 LP_FD=0 LP_HD=0)
[   28.850579] ps4_mts 0000:00:14.1: DBG: linkreg=0x00000b18 rxkick=0x00000001 txkick=0x00000008 mask=0x007beffe status=0x00000000 total_irq=1
[   28.863394] ps4_mts 0000:00:14.1: DBG: ** linkreg changed 0x00000000 -> 0x00000b18 **
[   29.416522] kauditd_printk_skb: 35 callbacks suppressed
[   29.416531] audit: type=1131 audit(1778752579.549:47): pid=1 uid=0 auid=4294967295 ses=4294967295 msg='unit=systemd-rfkill comm="systemd" exe="/usr/lib/systemd/systemd" hostname=? addr=? terminal=? res=success'
[   29.874689] ps4_mts 0000:00:14.1: phy_ctrl: BMSR latch=0x7969 current=0x7969 (link@phy=0 AN@phy=1)
[   29.883892] ps4_mts 0000:00:14.1: phy_ctrl: LP ABILITY (reg5)=0xc5e1 (RF=0 ACK=1 100TX_FD=1 100TX=1 10T_FD=1 10T=1)
[   29.894557] ps4_mts 0000:00:14.1: phy_ctrl: 1000BT_STAT (reg10)=0x0c00 (MS_FAULT=0 MS_CFG=0 L_RX_OK=0 R_RX_OK=0 LP_FD=1 LP_HD=1)
[   29.906403] ps4_mts 0000:00:14.1: v94/v95: netif_carrier_on (PHY-level: BMSR=0x7969 LPA=0xc5e1)
[   31.542583] ps4_mts 0000:00:14.1: v104: post engine-start wait 5000ms: linkreg=0x00000b18 bar06c=0x00000100
[   31.553016] ps4_mts 0000:00:14.1: v97: rx_ring_dma=0x000000000115b000 bar040=0x0115b150 bar048=0x0115b000 | rx[0] ctl=0x00000600 buf=0x7bede000 | rx[1] ctl=0x00000600 buf=0x7bede800
[   31.569545] ps4_mts 0000:00:14.1: v93: ndo_open enp0s20f1 tx_ring=0x000000000115a000 rx_ring=0x000000000115b000
[   31.579973] ps4_mts 0000:00:14.1: v103: ndo_open AN restart BMCR 0x1000 -> 0x1200 (provoke fresh link-change for MAC bit 0 latch)
[   31.595319] [wlan][145]wlanoidSendSetQueryP2PCmd:(REQ TRACE) Command ID = 0x000000C1
[   31.603256] [wlan][145]wlanoidSendSetQueryP2PCmd:(REQ TRACE) ucCmdSeqNum =53
[   31.610908] [wlan][145]wlanoidSendSetQueryP2PCmd:(REQ TRACE) Command ID = 0x000000C1
[   31.618835] [wlan][145]wlanoidSendSetQueryP2PCmd:(REQ TRACE) ucCmdSeqNum =54
[   31.626348] [wlan][145]wlanoidSetCurrentPacketFilter:(REQ INFO) wlanoidSetCurrentPacketFilter
[   31.626355] [wlan][145]wlanoidSetCurrentPacketFilter:(REQ INFO) New packet filter: 0x00000c
[   31.644026] [wlan][145]wlanoidSendSetQueryP2PCmd:(REQ TRACE) Command ID = 0x000000C1
[   31.651967] [wlan][145]wlanoidSendSetQueryP2PCmd:(REQ TRACE) ucCmdSeqNum =57
[   31.659176] [wlan][145]wlanoidSetCurrentPacketFilter:(REQ INFO) wlanoidSetCurrentPacketFilter
[   31.659181] [wlan][145]wlanoidSetCurrentPacketFilter:(REQ INFO) New packet filter: 0x00000c
[   31.676402] [wlan][145]wlanoidSendSetQueryP2PCmd:(REQ TRACE) Command ID = 0x000000C1
[   31.684303] [wlan][145]wlanoidSendSetQueryP2PCmd:(REQ TRACE) ucCmdSeqNum =59
[   31.691566] [wlan][145]wlanoidSetPmkid:(REQ INFO) wlanoidSetPmkid
[   31.697791] [wlan][145]wlanoidSetPmkid:(REQ INFO) Count 0
[   31.703579] [wlan][145]wlanoidSetCurrentPacketFilter:(REQ INFO) wlanoidSetCurrentPacketFilter
[   31.703585] [wlan][145]wlanoidSetCurrentPacketFilter:(REQ INFO) New packet filter: 0x00000c
[   31.703685] [wlan][823]mtk_cfg80211_scan:(REQ INFO) scan channel num = 2
[   31.727791] [wlan][145]aisFsmSteps:(AIS STATE) [AIS]TRANSITION: [IDLE] -> [SCAN]
[   31.736018] audit: type=1130 audit(1778752581.869:48): pid=1 uid=0 auid=4294967295 ses=4294967295 msg='unit=NetworkManager comm="systemd" exe="/usr/lib/systemd/systemd" hostname=? addr=? terminal=? res=success'
[   31.755130] [wlan][145]wlanoidSendSetQueryP2PCmd:(REQ TRACE) Command ID = 0x000000C1
[   31.763054] [wlan][145]wlanoidSendSetQueryP2PCmd:(REQ TRACE) ucCmdSeqNum =65
[   31.763119] [wlan][145]wlanoidSendSetQueryP2PCmd:(REQ TRACE) Command ID = 0x000000C1
[   31.763589] [wlan][823]mtk_p2p_cfg80211_mgmt_frame_register:(P2P ERROR) Ask frog to add code for mgmt:1
[   31.763676] [wlan][823]mtk_p2p_cfg80211_mgmt_frame_register:(P2P ERROR) Ask frog to add code for mgmt:1
[   31.797341] [wlan][145]wlanoidSendSetQueryP2PCmd:(REQ TRACE) ucCmdSeqNum =66
[   31.797346] [wlan][145]wlanoidSendSetQueryP2PCmd:(REQ TRACE) Command ID = 0x000000C1
[   31.797350] [wlan][145]wlanoidSendSetQueryP2PCmd:(REQ TRACE) ucCmdSeqNum =67
[   31.797393] [wlan][145]wlanProcessCommandQueue:(INIT WARN) NO Res CMD TYPE[1] ID[0x12] SEQ[73]
[   31.828430] [wlan][145]wlanProcessCommandQueue:(INIT WARN) NO Res CMD TYPE[1] ID[0x12] SEQ[73]
[   31.828887] [wlan][146]halPrintMailbox:(INIT ERROR) MailBox Status = 0x0003005A, 0x00FF00FF
[   31.840623] [wlan][823]mtk_p2p_cfg80211_mgmt_frame_register:(P2P ERROR) Ask frog to add code for mgmt:1
[   31.845832] [wlan][146]halPollDbgCr:(INIT WARN) SWPCDBGR 0x00001DDE
[   31.845868] ps4_mts 0000:00:14.1: v97 xmit: len=329 tx_prod=0 tx_cons=0
[   31.845893] ps4_mts 0000:00:14.1: v98 xmit[0] desc: ctl=0x30000149 buf=0x7c9c5000 a0=0x00000000 a1=0x00000000 | tx_ctrl=0x00000005 base=0x0115a000 pair=0x0115a000
[   31.851546] ps4_mts 0000:00:14.1: v97 xmit: len=90 tx_prod=1 tx_cons=0
[   31.851566] ps4_mts 0000:00:14.1: v98 xmit[1] desc: ctl=0x3000005a buf=0x7b135000 a0=0x00000000 a1=0x00000000 | tx_ctrl=0x00000005 base=0x0115a000 pair=0x0115a000
[   31.855437] [wlan][145]wlanoidSendSetQueryP2PCmd:(REQ TRACE) Command ID = 0x000000C1
[   31.861843] [wlan][146]halPollDbgCr:(INIT WARN) SWPCDBGR 0xE0010DE2
[   31.868536] [wlan][145]wlanoidSendSetQueryP2PCmd:(REQ TRACE) ucCmdSeqNum =86
[   31.868614] [wlan][146]halPollDbgCr:(INIT WARN) SWPCDBGR 0xE000EDEC
[   31.883369] [wlan][145]wlanProcessCommandQueue:(INIT WARN) NO Res CMD TYPE[1] ID[0x12] SEQ[73]
[   31.883422] [wlan][146]halPollDbgCr:(INIT WARN) SWPCDBGR 0x00001DDE
[   31.890047] [wlan][145]wlanoidSendSetQueryP2PCmd:(REQ TRACE) Command ID = 0x000000C1
[   31.890100] [wlan][146]halPollDbgCr:(INIT WARN) SWPCDBGR 0x00001DDE
[   31.904861] [wlan][145]wlanoidSendSetQueryP2PCmd:(REQ TRACE) ucCmdSeqNum =88
[   31.905206] [wlan][146]halPrintMailbox:(INIT ERROR) MailBox Status = 0x0003005A, 0x00FF00FF
[   31.912779] [wlan][145]wlanProcessCommandQueue:(INIT WARN) NO Res CMD TYPE[1] ID[0x14] SEQ[80]
[   31.912849] [wlan][146]halPollDbgCr:(INIT WARN) SWPCDBGR 0x00001DDE
[   31.919267] [wlan][145]aisFsmSteps:(AIS STATE) [AIS]TRANSITION: [SCAN] -> [IDLE]
[   31.926472] [wlan][146]halPollDbgCr:(INIT WARN) SWPCDBGR 0x00001DDE
[   31.932791] [wlan][145]wlanProcessCommandQueue:(INIT WARN) NO Res CMD TYPE[1] ID[0x14] SEQ[80]
[   31.941624] [wlan][146]halPollDbgCr:(INIT WARN) SWPCDBGR 0x00001DDE
