[SceShellCore] VM Stats: RSS 767.6, kernel 265.5, wire count 327.5, swap out 0.0, page table CPU 2384/6144 GPU 369/2048?
[SceShellCore] FMEM   1.3/   4.5 NPXS20977 SceSysAvControl.elf?
[SceShellCore] FMEM  10.7/  74.3 NPXS20991 SceSysCore.elf?
[SceShellCore] FMEM   9.3/  54.3 NPXS20973 orbis_audiod.elf?
[SceShellCore] FMEM   3.2/  11.2 NPXS20976 GnmCompositor.elf?
[SceShellCore] FMEM  29.3/ 348.9 NPXS20000 SceShellCore?
[SceShellCore] FMEM 327.6/ 841.6 NPXS20001 SceShellUI?
[SceShellCore] FMEM   3.4/   8.3 NPXS21003 SceAvCapture?
[SceShellCore] FMEM   8.8/  24.6 NPXS21000 SceGameLiveStreaming?
[SceShellCore] FMEM  14.2/  43.5 NPXS21002 ScePartyDaemon?
[SceShellCore] FMEM   4.3/  25.4 NPXS21004 SceVideoCoreServer?
[SceShellCore] FMEM  11.0/  51.3 NPXS21006 SceRemotePlay?
[SceShellCore] FMEM   8.1/  41.0 NPXS21010 SceCloudClientDaemon?
[SceShellCore] FMEM   3.3/  10.9 NPXS21016 SceSpZeroConf?
[SceShellCore] FMEM   8.5/ 156.0 NPXS21002 webrtc_daemon.self?
[SceShellCore] FMEM   6.9/  18.1 NPXS21019 SceSocialScreenMgr?
[SceShellCore] FMEM   5.0/   9.8 NPXS21007 SceMusicCoreServer?
[SceShellCore] FMEM   7.1/  14.4 NPXS21020 SceVoiceAndAgent?
[SceShellCore] FMEM   2.1/   5.1 NPXS20967 fs_cleaner.elf?
[SceShellCore] FMEM   2.0/  10.2 NPXS20974 SceVdecProxy.elf?
[SceShellCore] FMEM   2.0/  10.3 NPXS20975 SceVencProxy.elf?
[SceShellCore] FMEM  41.5/ 284.8 NPXS20001 SecureUIProcess.self?
[SceShellCore] FMEM 161.9/ 587.9 NPXS20001 SecureWebProcess.self?
[SceShellCore] FMEM  89.5/ 364.6 NPXS20001 orbis-jsc-compiler.self?
[SceShellCore] FMEM   6.5/  29.7 AZIF00003 guest.elf?
[SL][12:10:38:879][Thread 0x0001884c][INFO][TRACE][ALWAYS][MAIN STREAM][BEGIN][Heap]sanity OK, free 2223424 (36%), in-use 4002496 (64%), peak 4498144 (72%), when 2453 [sec]?
[SL][12:10:39:105][Thread 0x0001884c][INFO][TRACE][ALWAYS][MAIN STREAM][END  ][Heap]sanity OK, free 2222752 (36%), in-use 4003168 (64%), peak 4498144 (72%), when 2454 [sec]?
?[36m[Debug] src/PayloadsView.cpp:319: Loading: /data/payloads/linux-1024mb.bin?[0m?
[GoldHEN] <binloader> accepted a new payload?
[GoldHEN] <binloader> TCP Mode?
?[36m[[DebuGoldg]HE src/NP]a <biylonloaadsVidew.cerpp:1>86:  GepnaeryalotePaylaoadsd  irs called!e?ceiv[e0m?
d? [[si36zm[eD:e bug28]38 40 sr- c/PayloabdsVieuffw.cpepr:21_2si:ze:  2Cl9eanup payload 0list...?[0m?
816 - ip: ?1[2367m[De.b0u.0g] .src/Pay1loa]?
dsV[iew.cpp:G20o6l:dH ENG]eneratePay load<bs:i Refnrloeasdheerd?[>0m?
 found and jailbroken target process [pid: 46]?
[GoldHEN] <binloader> launching payload... [format: BIN]?
[GoldHEN] <binloader> payload launched?
kernel_init()?
Kernel base = ffffffff8fd94000?
Direct map base = ffffad1d00000000?
Testing global variable access (write protection)...?
OK.?
Kernel interface initialized?
Installing sys_kexec to system call #153?
kexec_init() successful?
?
sys_kexec invoked?
========================================?
PS4 Linux Payloads AIO?
FW 12.02 (1202)?
VRAM 1024 MB?
Southbridge: Baikal?
========================================?
sys_kexec(0x2009ac000, 11441152, 0x201498000, 4160630, "earlycon=uart8250,mmio32,0xC890E000,115200n8 console=tty0 keep_bootcon 8250.nr_uarts=0 iommu=pt intremap=off panic=10 loglevel=8 ignore_loglevel printk.devkmsg=on drm.edid_firmware=edid/1920x1080.bin video=HDMI-A-1:1920x1080@60D pci=nocrs libata.force=1.00:disable root=LABEL=psxitarch rootwait rw systemd.unit=multi-user.target systemd.log_level=info amdgpu.gpu_recovery=0 amdgpu.lockup_timeout=10000 amdgpu.gfx_off=0 amdgpu.runpm=0 amdgpu.bapm=0 amdgpu.dpm=0")?
firmware_extract: Extract lib/firmware/amdgpu/liverpool_pfp.bin ?
Copying PFP firmware?
NOP handler at 0xff0?
firmware_extract: Extract lib/firmware/amdgpu/liverpool_me.bin ?
Copying ME firmware?
firmware_extract: Extract lib/firmware/amdgpu/liverpool_ce.bin ?
Copying CE firmware?
NOP handler at 0x7f0?
firmware_extract: Extract lib/firmware/amdgpu/liverpool_mec.bin ?
Copying MEC firmware?
NOP handler at 0xff0?
firmware_extract: Extract lib/firmware/amdgpu/liverpool_mec2.bin ?
Copying MEC2 firmware?
NOP handler at 0xff0?
firmware_extract: Extract lib/firmware/amdgpu/liverpool_rlc.bin ?
Copying RLC firmware?
firmware_extract: Extract lib/firmware/amdgpu/liverpool_sdma.bin ?
Copying SDMA firmware?
firmware_extract: Extract lib/firmware/amdgpu/liverpool_sdma1.bin ?
Copying SDMA1 firmware?
?
kexec parameters:?
    Kernel image size:   11441152 bytes?
    Initramfs size:      4255366 bytes (4160630 from user)?
    Kernel command line: earlycon=uart8250,mmio32,0xC890E000,115200n8 console=tty0 keep_bootcon 8250.nr_uarts=0 iommu=pt intremap=off panic=10 loglevel=8 ignore_loglevel printk.devkmsg=on drm.edid_firmware=edid/1920x1080.bin video=HDMI-A-1:1920x1080@60D pci=nocrs libata.force=1.00:disable root=LABEL=psxitarch rootwait rw systemd.unit=multi-user.target systemd.log_level=info amdgpu.gpu_recovery=0 amdgpu.lockup_timeout=10000 amdgpu.gfx_off=0 amdgpu.runpm=0 amdgpu.bapm=0 amdgpu.dpm=0?
    Kernel image buffer: 0xffffffffffffffff?
    Initramfs buffer:    0xffffffffffffffff?
kernel_hook_install(0xffffff8074e8112d, 0xffffffff901dbad0)?
  Using 64bit absolute jump?
******************************************************?
kexec successfully armed. Please shut down the system.?
******************************************************?
?
[SceShellUI] I/PSM.UI : [FirstClear] : ClearFrameBuffer=False?
[KE]sceCameraDevKill::2685 ERROR: sceCameraProcConfigStop 0x802e0006 i=0 handle=257 pConidt=e4xt.c3?c
:174 (ajmContextCleanup) - Instance 278532C owas nnott properexlt.cyc: des1t7royed.?
4C o(natejmxt[C.coKERcnNELt:] dmem_1ehandlex8_vt9mC s(lpeaaajce_nuemxCpit)o -ne d Itpindes:xt 71t,Canl cpeet 1y6ap3en=1u9p), 0x0  f-fffa wdaC1osd04 dn2oec9ft  1Opp6us0-r o>ppeStIr_lLlyo Kd aeEdedsn tiscro TRUoEydere d?
.w?a[K
sEC RnoNnELto] exdttm .ecpm_rohpcear:nd1ll8e9_vy um nsp(racee_aejxitedmCgo nmatip s#0 0exxtfefffrffetfdff.fClfeffffa?f?

[nKuCERNEopL]n) dm tem-_h aCendolex_vmsdpace_exite.tced pc idc:M:P 71317 ,4  aD(pap_majepcs_cooudmCnt[oe1nr]t , e1 -w>xa st0C ?
nlot eproperlany unreugistered.p?
) -C onIntsetxt.cc:189a (ajmncContextCleanupe) - Code c3 AT4RA40C9 Decoder 67w asw not aproperly unregiss nteroetd.? 
properly destroyed.?
Context.cc:189 (ajmContextCleanup) - Codec Opus Decoder was not properly unregistered.?
Context.cc:189 (ajmContextCleanup) - Codec Opus SILK Encoder was not properly uConnregitsetxet.redc.?c
:1C8ontext.cc:1899 (ajmCont (exatjCleanumCp)o n- Codec Opus CtELT EextClencodaenur pwas )n ot -prope Crly oduneregistered.?
cC oOnptext.cucs :189 (ajCmConELTtextCleanup ) - CodeEncc Opus Decodeor wasde nort pro wperly unreagsistered.? 
not proContpext.ccer:18l9 (ajy umContextnCrleeagnup)is -t Codec CELePr8 eDdecod.er ?w
as nCoontetx propetr.lccy: unr1e8gistered.9 ?
(Caontjemxt.Ccc:18ont9 (ajmConteextCleanup) -x tCCloedeca CELPnu8 Epncoder was not properl) y unregist- ered.C?o
dCeco nteOpxuts. CccEL:18T9 D (aejcmoContedextCrl eanwup) -as Codec CE LP(1n6) Deotc oder was notp properly unrreogisteperredly. u?
nCrontext.cc:1e91 g(ajmCointextCsteleanup) - Morree cdodec.?s
 were not properly unrCeongtiestered...x?t.
cc:189 (ajmContextCleanup) - Codec MPEG4 AAC Encoder was not properly unregistered.?
Context.cc:174 (ajmContextCleanup) - Instance 114689 was not properly destroyed.?
Context.cc:189 (ajmContextCleanup) - Codec AC3 Encoder was not properly unregistered.?
Context.cc:174 (ajmContextCleanup) - Instance 163842 was not properly destroyed.?
Context.cc:189 (ajmContextCleanup) - Codec DTS Encoder was not properly unregistered.?
[SceSysCore mini] killall timeout 5[sec]...?
[SceSysCore mini] forcibly unmount 2 nullfses?
[SceSysCore mini] forcibly unmount /mnt/usb0?
[SceSysCore mini[REGMGR] 000006 ...?
] sceKernelPollE[ventFlag(reboot_flag): failed 80020010?
[SceSysCore mini] call reboot(4000)?
REGMGR] (   2463.122 sec) 010006 ...?
[REGMGR] (   0.011769 sec) 010007 ...?
[REGMGR] 000108 ...?
Waiting (max 60 seconds) for system process `SceVnlru' to stop...done?
Waiting (max 60 seconds) for system process `SceBufdaemon0' to stop...SD Manual Tuning done. MaxPassWindowSize=22, TunePoint=20 CORE_CTRL=0x184094?
done?
Waiting (max 60 seconds) for system process `SceBufdaemon2' to stop...done?
Waiting (max 60 seconds) for system process `SceBufdaemon1' to stop...done?
?Wait
ing (max 6S0 seconds)y for systenm proccess in`ScgeSyn cer' dto sitop..s.ks, vnodes remaining...2 0 0 sched_sync: flush softdep (iter=2)?
 succeeded?
sched_sync: flush softdep (iter=1)?
done?
All buffers synced.?
[PFS] umount[0x000057ccd7aee3b5] finished 0?
[PFS] umount[0x000057cc8dc47788] finished 0?
Uptime: 41m9s?
icc post sync:Thermal alert LED off?
[REGMGR] 000007 @2@ ...?
icc08-4001 0802?
icc:failed to disabled reset button notification: 0005?
icc:disabled thermal notification?
eth0: link state changed to DOWN?
ICC: howto:00004000 depth:2 cause:00 hand:01?
ICC: Shutdown.?
hook_icc_query_nowait called?
ICC 05-00 polling?
Fixing ACPI tables at 0xe0000 (0xffffffffffffffff)?
RSDT at 0xe0024?
XSDT at 0xe0088?
FACP at 0xe016c?
FACS at 0xe012c?
DSDT at 0xe0430?
APIC at 0xe0298?
MCFG at 0xe0304?
SSDT at 0xe0730?
ACPI tables fixed?
kexec: Waiting for secondary CPUs...?
kexec: Secondary CPUs quiesced?
kexec: Setting up GDT...?
kexec: Relocating stub...?
kexec: Setting up boot params...?
kexec: Cleaning up hardware...?
Current sb_id: 3?
?
SB_BAIKAL constant: 3?
?
kexec: Detected Baikal Southbridge, disabling IOMMU...?
kexec: Reconfiguring VRAM...?
kexec: Resetting GPU...?
kexec: About to relocate and jump to kernel?
[    0.000000] ps4: x86_ps4_early_setup: PS4 early setup?
[    0.000000] Linux version 6.15.4-Baikal_TESTING_crashniels-dirty (meerzulee@cachynator) (gcc (GCC) 16.1.1 20260430, GNU ld (GNU Binutils) 2.46.0) #4 SMP PREEMPT_DYNAMIC Tue May 12 17:18:40 +06 2026?
[    0.000000] Command line: earlycon=uart8250,mmio32,0xC890E000,115200n8 console=tty0 keep_bootcon 8250.nr_uarts=0 iommu=pt intremap=off panic=10 loglevel=8 ignore_loglevel printk.devkmsg=on drm.edid_firmware=edid/1920x1080.bin video=HDMI-A-1:1920x1080@60D pci=nocrs libata.force=1.00:disable root=LABEL=psxitarch rootwait rw systemd.unit=multi-user.target systemd.log_level=info amdgpu.gpu_recovery=0 amdgpu.lockup_timeout=10000 amdgpu.gfx_off=0 amdgpu.runpm=0 amdgpu.bapm=0 amdgpu.dpm=0?
[    0.000000] KERNEL supported cpus:?
[    0.000000]   AMD AuthenticAMD?
[    0.000000] BIOS-provided physical RAM map:?
[    0.000000] BIOS-e820: [mem 0x0000000000000000-0x0000000000007fff] usable?
[    0.000000] BIOS-e820: [mem 0x0000000000008000-0x000000000007ffff] reserved?
[    0.000000] BIOS-e820: [mem 0x0000000000080000-0x0000000000099fff] usable?
[    0.000000] BIOS-e820: [mem 0x000000000009a000-0x00000000000bffff] reserved?
[    0.000000] BIOS-e820: [mem 0x00000000000e0000-0x00000000000effff] ACPI data?
[    0.000000] BIOS-e820: [mem 0x0000000000100000-0x00000000003fffff] usable?
[    0.000000] BIOS-e820: [mem 0x0000000000400000-0x000000000047ffff] reserved?
[    0.000000] BIOS-e820: [mem 0x0000000000480000-0x000000000067ffff] usable?
[    0.000000] BIOS-e820: [mem 0x0000000000680000-0x00000000006fffff] reserved?
[    0.000000] BIOS-e820: [mem 0x0000000000700000-0x000000007efe7fff] usable?
[    0.000000] BIOS-e820: [mem 0x000000007efe8000-0x000000007efeffff] ACPI NVS?
[    0.000000] BIOS-e820: [mem 0x000000007eff0000-0x000000007effffff] ACPI data?
[    0.000000] BIOS-e820: [mem 0x000000007f000000-0x000000007fffffff] usable?
[    0.000000] BIOS-e820: [mem 0x0000000080000000-0x00000000fbffffff] reserved?
[    0.000000] BIOS-e820: [mem 0x0000000100000000-0x000000013fffffff] reserved?
[    0.000000] BIOS-e820: [mem 0x0000000140000000-0x000000027effffff] usable?
[    0.000000] earlycon: uart8250 at MMIO32 0x00000000c890e000 (options '115200n8')?
[    0.000000] printk: legacy bootconsole [uart8250] enabled?
[    0.000000] printk: debug: skip boot console de-registration.?
[    0.000000] printk: debug: ignoring loglevel setting.?
[    0.000000] NX (Execute Disable) protection: active?
[    0.000000] APIC: Static calls initialized?
[    0.000000] SMBIOS 2.1 present.?
[    0.000000] DMI:  , BIOS unde Wed 09/22/2021 16:2?
[    0.000000] DMI: Memory slots populated: 1/1?
[    0.000000] ps4: EMC timer started in 16099 TSC ticks?
[    0.000000] ps4: Calibrated TSC frequency: 1594078368 kHz?
[    0.000000] tsc: Detected 1594.078 MHz processor?
[    0.001421] e820: update [mem 0x00000000-0x00000fff] usable ==> reserved?
[    0.008244] e820: remove [mem 0x000a0000-0x000fffff] usable?
[    0.013924] last_pfn = 0x27f000 max_arch_pfn = 0x400000000?
[    0.019509] MTRR map: 6 entries (3 fixed + 3 variable; max 20), built from 9 variable MTRRs?
[    0.028008] x86/PAT: Configuration [0-7]: WB  WC  UC- UC  WB  WP  UC- WT  ?
[    0.035385] e820: update [mem 0x80000000-0x13fffffff] usable ==> reserved?
[    0.042312] last_pfn = 0x80000 max_arch_pfn = 0x400000000?
[    0.056412] Using GB pages for direct mapping?
[    0.062378] RAMDISK: [mem 0x21000000-0x2140efff]?
[    0.067087] ACPI: Early table checksum verification disabled?
[    0.072846] ACPI: RSDP 0x00000000000E0000 000024 (v02 SIE   )?
[    0.078695] ACPI: XSDT 0x00000000000E0088 00004C (v01 SIE    ORBIS    20121218 INTL 20110211)?
[    0.087381] ACPI: FACP 0x00000000000E016C 0000F4 (v04 SIE    ORBIS    20130205 INTL 20110211)?
[    0.096064] ACPI: DSDT 0x00000000000E0430 00018C (v02 SIE    ORBIS    20121002 INTL 20110211)?
[    0.104746] ACPI: FACS 0x00000000000E012C 000040?
[    0.109444] ACPI: FACS 0x00000000000E012C 000040?
[    0.114142] ACPI: APIC 0x00000000000E0298 00006C (v02 SIE    ORBIS    20120725 INTL 20110211)?
[    0.122823] ACPI: MCFG 0x00000000000E0304 00003C (v01 SIE    ORBIS    20120725 INTL 20110211)?
[    0.131502] ACPI: SSDT 0x00000000000E0730 001944 (v01 AMD    POWERNOW 00000001 AMD  00000001)?
[    0.140182] ACPI: IVRS 0x00000000000E2074 000054 (v01 F0F    PS4KEXEC 20161225 KEXC 20161225)?
[    0.148860] ACPI: Reserving FACP table memory at [mem 0xe016c-0xe025f]?
[    0.155500] ACPI: Reserving DSDT table memory at [mem 0xe0430-0xe05bb]?
[    0.162139] ACPI: Reserving FACS table memory at [mem 0xe012c-0xe016b]?
[    0.168778] ACPI: Reserving FACS table memory at [mem 0xe012c-0xe016b]?
[    0.175415] ACPI: Reserving APIC table memory at [mem 0xe0298-0xe0303]?
[    0.182053] ACPI: Reserving MCFG table memory at [mem 0xe0304-0xe033f]?
[    0.188691] ACPI: Reserving SSDT table memory at [mem 0xe0730-0xe2073]?
[    0.195330] ACPI: Reserving IVRS table memory at [mem 0xe2074-0xe20c7]?
[    0.202045] No NUMA configuration found?
[    0.205942] Faking a node at [mem 0x0000000000000000-0x000000027effffff]?
[    0.212765] NODE_DATA(0) allocated [mem 0x27effa800-0x27effdfff]?
[    0.218931] Zone ranges:?
[    0.221500]   DMA      [mem 0x0000000000001000-0x0000000000ffffff]?
[    0.227788]   DMA32    [mem 0x0000000001000000-0x00000000ffffffff]?
[    0.234077]   Normal   [mem 0x0000000100000000-0x000000027effffff]?
[    0.240362] Movable zone start for each node?
[    0.244700] Early memory node ranges?
[    0.248330]   node   0: [mem 0x0000000000001000-0x0000000000007fff]?
[    0.254704]   node   0: [mem 0x0000000000080000-0x0000000000099fff]?
[    0.261078]   node   0: [mem 0x0000000000100000-0x00000000003fffff]?
[    0.267451]   node   0: [mem 0x0000000000480000-0x000000000067ffff]?
[    0.273825]   node   0: [mem 0x0000000000700000-0x000000007efe7fff]?
[    0.280198]   node   0: [mem 0x000000007f000000-0x000000007fffffff]?
[    0.286573]   node   0: [mem 0x0000000140000000-0x000000027effffff]?
[    0.292950] Initmem setup node 0 [mem 0x0000000000001000-0x000000027effffff]?
[    0.300126] On node 0, zone DMA: 1 pages in unavailable ranges?
[    0.306067] On node 0, zone DMA: 120 pages in unavailable ranges?
[    0.312197] On node 0, zone DMA: 102 pages in unavailable ranges?
[    0.318323] On node 0, zone DMA: 128 pages in unavailable ranges?
[    0.324484] On node 0, zone DMA: 128 pages in unavailable ranges?
[    0.340916] On node 0, zone DMA32: 24 pages in unavailable ranges?
[    0.373358] On node 0, zone Normal: 4096 pages in unavailable ranges?
[    0.380734] ACPI: No IOAPIC entries present?
[    0.384986] ACPI: Using ACPI for processor (LAPIC) configuration information?
[    0.392170] CPU topo: Max. logical packages:   1?
[    0.396863] CPU topo: Max. logical dies:       1?
[    0.401556] CPU topo: Max. dies per package:   1?
[    0.406261] CPU topo: Max. threads per core:   1?
[    0.410953] CPU topo: Num. cores per package:     8?
[    0.415911] CPU topo: Num. threads per package:   8?
[    0.420868] CPU topo: Allowing 8 present CPUs plus 0 hotplug CPUs?
[    0.427093] [mem 0xfc000000-0xffffffff] available for PCI devices?
[    0.433294] clocksource: refined-jiffies: mask: 0xffffffff max_cycles: 0xffffffff, max_idle_ns: 1910969940391419 ns?
[    0.443927] setup_percpu: NR_CPUS:8 nr_cpumask_bits:8 nr_cpu_ids:8 nr_node_ids:1?
[    0.452115] percpu: Embedded 42 pages/cpu s131544 r8192 d32296 u262144?
[    0.458777] pcpu-alloc: s131544 r8192 d32296 u262144 alloc=1*2097152?
[    0.465244] pcpu-alloc: [0] 0 1 2 3 4 5 6 7 ?
[    0.469623] Kernel command line: earlycon=uart8250,mmio32,0xC890E000,115200n8 console=tty0 keep_bootcon 8250.nr_uarts=0 iommu=pt intremap=off panic=10 loglevel=8 ignore_loglevel printk.devkmsg=on drm.edid_firmware=edid/1920x1080.bin video=HDMI-A-1:1920x1080@60D pci=nocrs libata.force=1.00:disable root=LABEL=psxitarch rootwait rw systemd.unit=multi-user.target systemd.log_level=info amdgpu.gpu_recovery=0 amdgpu.lockup_timeout=10000 amdgpu.gfx_off=0 amdgpu.runpm=0 amdgpu.bapm=0 amdgpu.dpm=0?
[    0.513985] Setting dangerous option amdgpu.gpu_recovery - tainting kernel?
[    0.521038] printk: log buffer data + meta data: 262144 + 917504 = 1179648 bytes?
[    0.530324] Dentry cache hash table entries: 1048576 (order: 11, 8388608 bytes, linear)?
[    0.539371] Inode-cache hash table entries: 524288 (order: 10, 4194304 bytes, linear)?
[    0.547444] software IO TLB: area num 8.?
[    0.579812] Fallback order for Node 0: 0 ?
[    0.579830] Built 1 zonelists, mobility grouping on.  Total pages: 1830409?
[    0.590905] Policy zone: Normal?
[    0.594096] mem auto-init: stack:off, heap alloc:off, heap free:off?
[    0.638026] SLUB: HWalign=64, Order=0-3, MinObjects=0, CPUs=8, Nodes=1?
[    0.645812] Dynamic Preempt: voluntary?
[    0.649719] rcu: Preemptible hierarchical RCU implementation.?
[    0.655565] rcu: RCU calculated value of scheduler-enlistment delay is 100 jiffies.?
[    0.663381] NR_IRQS: 4352, nr_irqs: 128, preallocated irqs: 0?
[    0.669288] rcu: srcu_init: Setting srcu_struct sizes based on contention.?
[    0.676338] call_irq_handler: 0.49 No irq handler for vector?
[    0.682126] Console: colour dummy device 80x25?
[    0.686648] printk: legacy console [tty0] enabled?
[    0.691475] ACPI: Core revision 20240827?
[    0.695535] ACPI: setting ELCR to 0200 (from ffff)?
[    0.700425] Failed to register legacy timer interrupt?
[    0.705564] APIC: Switch to symmetric I/O mode setup?
[    0.710622] clocksource: tsc-early: mask: 0xffffffffffffffff max_cycles: 0x16fa4aa1fe0, max_idle_ns: 440795257239 ns?
[    0.721351] Calibrating delay loop (skipped), value calculated using timer frequency.. 3188.15 BogoMIPS (lpj=1594078)?
[    0.722342] Last level iTLB entries: 4KB 512, 2MB 8, 4MB 4?
[    0.722342] Last level dTLB entries: 4KB 512, 2MB 256, 4MB 128, 1GB 0?
[    0.722342] Spectre V1 : Mitigation: usercopy/swapgs barriers and __user pointer sanitization?
[    0.722342] Spectre V2 : Mitigation: Retpolines?
[    0.722342] Spectre V2 : Spectre v2 / SpectreRSB: Filling RSB on context switch and VMEXIT?
[    0.722342] RETBleed: Mitigation: untrained return thunk?
[    0.722342] Speculative Store Bypass: Mitigation: Speculative Store Bypass disabled via prctl?
[    0.722342] x86/fpu: Supporting XSAVE feature 0x001: 'x87 floating point registers'?
[    0.722342] x86/fpu: Supporting XSAVE feature 0x002: 'SSE registers'?
[    0.722342] x86/fpu: Supporting XSAVE feature 0x004: 'AVX registers'?
[    0.722342] x86/fpu: xstate_offset[2]:  576, xstate_sizes[2]:  256?
[    0.722342] x86/fpu: Enabled xstate features 0x7, context size is 832 bytes, using 'standard' format.?
[    0.722342] Freeing SMP alternatives memory: 52K?
[    0.722342] pid_max: default: 32768 minimum: 301?
[    0.722342] Mount-cache hash table entries: 16384 (order: 5, 131072 bytes, linear)?
[    0.722342] Mountpoint-cache hash table entries: 16384 (order: 5, 131072 bytes, linear)?
[    0.722342] smpboot: CPU0: AMD DG1401SNF87ID (family: 0x16, model: 0x1a, stepping: 0x0)?
[    0.722948] Performance Events: AMD PMU driver.?
[    0.723346] ... version:                0?
[    0.724345] ... bit width:              48?
[    0.725345] ... generic registers:      4?
[    0.726345] ... value mask:             0000ffffffffffff?
[    0.727345] ... max period:             00007fffffffffff?
[    0.728345] ... fixed-purpose events:   0?
[    0.729345] ... event mask:             000000000000000f?
[    0.730561] signal: max sigframe size: 1776?
[    0.731435] rcu: Hierarchical SRCU implementation.?
[    0.732346] rcu: 	Max phase no-delay instances is 400.?
[    0.733494] Timer migration: 1 hierarchy levels; 8 children per group; 1 crossnode level?
[    0.737668] smp: Bringing up secondary CPUs ...?
[    0.739593] smpboot: x86: Booting SMP configuration:?
[    0.740351] .... node  #0, CPUs:      #1 #2 #3 #4 #5 #6 #7?
[    0.750449] smp: Brought up 1 node, 8 CPUs?
[    0.752346] smpboot: Total of 8 processors activated (25505.24 BogoMIPS)?
[    0.754564] Memory: 7077464K/7321636K available (23464K kernel code, 2053K rwdata, 8784K rodata, 1624K init, 2232K bss, 239924K reserved, 0K cma-reserved)?
[    0.756696] devtmpfs: initialized?
[    0.759362] clocksource: jiffies: mask: 0xffffffff max_cycles: 0xffffffff, max_idle_ns: 1911260446275000 ns?
[    0.760353] posixtimers hash table entries: 4096 (order: 4, 65536 bytes, linear)?
[    0.761369] futex hash table entries: 2048 (order: 5, 131072 bytes, linear)?
[    0.762440] prandom: seed boundary self test passed?
[    0.765253] prandom: 100 self tests passed?
[    0.765599] NET: Registered PF_NETLINK/PF_ROUTE protocol family?
[    0.766514] audit: initializing netlink subsys (disabled)?
[    0.767407] audit: type=2000 audit(0.046:1): state=initialized audit_enabled=0 res=1?
[    0.767522] i2c-core: driver [dummy] registered?
[    0.769349] thermal_sys: Registered thermal governor 'step_wise'?
[    0.769378] cpuidle: using governor ladder?
[    0.771353] cpuidle: using governor menu?
[    0.772545] ps4: ps4: pre-allocated IRQ 9 desc for ACPI SCI (virq=9)?
[    0.773606] PCI: ECAM [mem 0xf8000000-0xfbffffff] (base 0xf8000000) for domain 0000 [bus 00-3f]?
[    0.774367] PCI: Using configuration type 1 for base access?
[    0.776561] HugeTLB: allocation took 0ms with hugepage_allocation_threads=2?
[    0.777397] HugeTLB: registered 2.00 MiB page size, pre-allocated 0 pages?
[    0.778346] HugeTLB: 28 KiB vmemmap can be freed for a 2.00 MiB page?
[    0.779737] cryptd: max_cpu_qlen set to 1000?
[    0.797350] raid6: sse2x4   gen()  4053 MB/s?
[    0.815347] raid6: sse2x2   gen()  3965 MB/s?
[    0.833348] raid6: sse2x1   gen()  3190 MB/s?
[    0.834346] raid6: using algorithm sse2x4 gen() 4053 MB/s?
[    0.852345] raid6: .... xor() 2021 MB/s, rmw enabled?
[    0.853346] raid6: using ssse3x2 recovery algorithm?
[    0.854451] ACPI: Added _OSI(Module Device)?
[    0.855347] ACPI: Added _OSI(Processor Device)?
[    0.856346] ACPI: Added _OSI(Processor Aggregator Device)?
[    0.859592] ACPI: 2 ACPI AML tables successfully acquired and loaded?
[    0.867568] ACPI: Interpreter enabled?
[    0.868357] ACPI: PM: (supports S0 S5)?
[    0.869346] ACPI: Using PIC for interrupt routing?
[    0.870379] PCI: Ignoring host bridge windows from ACPI; if necessary, use "pci=use_crs" and report a bug?
[    0.871346] PCI: Using E820 reservations for host bridge windows?
[    0.873955] acpi PNP0A03:00: [Firmware Bug]: no secondary bus range in _CRS?
[    0.874361] ACPI: PCI Root Bridge [PCI0] (domain 0000 [bus 00-ff])?
[    0.875354] acpi PNP0A03:00: _OSC: OS supports [ExtendedConfig ASPM ClockPM Segments MSI HPX-Type3]?
[    0.876363] acpi PNP0A03:00: [Firmware Info]: ECAM [mem 0xf8000000-0xfbffffff] for domain 0000 [bus 00-3f] only partially covers this bridge?
[    0.877370] acpi PNP0A03:00: host bridge window [io  0x0cf8-0x0cff] (ignored)?
[    0.878346] PCI: root bus 00: using default resources?
[    0.879398] PCI host bridge to bus 0000:00?
[    0.880352] pci_bus 0000:00: root bus resource [io  0x0000-0xffff]?
[    0.881352] pci_bus 0000:00: root bus resource [mem 0x00000000-0xffffffffff]?
[    0.882347] pci_bus 0000:00: root bus resource [bus 00-ff]?
[    0.883364] pci 0000:00:00.0: [1022:1436] type 00 class 0x060000 conventional PCI endpoint?
[    0.884470] pci 0000:00:00.2: [1022:1437] type 00 class 0x080600 conventional PCI endpoint?
[    0.886399] pci 0000:00:01.0: [1002:9923] type 00 class 0x030000 PCIe Root Complex Integrated Endpoint?
[    0.887368] pci 0000:00:01.0: BAR 0 [mem 0xe0000000-0xe3ffffff 64bit pref]?
[    0.888348] pci 0000:00:01.0: BAR 2 [mem 0xe4000000-0xe47fffff 64bit pref]?
[    0.889347] pci 0000:00:01.0: BAR 4 [io  0x6000-0x60ff]?
[    0.890347] pci 0000:00:01.0: BAR 5 [mem 0xe4800000-0xe483ffff]?
[    0.891347] pci 0000:00:01.0: ROM [mem 0x00000000-0x0001ffff pref]?
[    0.892351] pci 0000:00:01.0: enabling Extended Tags?
[    0.893362] pci 0000:00:01.0: Video device with shadowed ROM at [mem 0x000c0000-0x000dffff]?
[    0.894368] pci 0000:00:01.0: supports D1 D2?
[    0.895346] pci 0000:00:01.0: PME# supported from D1 D2 D3hot?
[    0.896441] pci 0000:00:01.1: [1002:9921] type 00 class 0x040300 PCIe Root Complex Integrated Endpoint?
[    0.897367] pci 0000:00:01.1: BAR 0 [mem 0xe4840000-0xe4843fff 64bit]?
[    0.898353] pci 0000:00:01.1: enabling Extended Tags?
[    0.899376] pci 0000:00:01.1: supports D1 D2?
[    0.900442] pci 0000:00:02.0: [1022:1438] type 00 class 0x060000 conventional PCI endpoint?
[    0.901477] pci 0000:00:14.0: [104d:90d7] type 00 class 0x088000 PCIe Endpoint?
[    0.902387] pci 0000:00:14.0: BAR 0 [mem 0xfdf8000000-0xfdf9ffffff 64bit]?
[    0.903348] pci 0000:00:14.0: BAR 2 [io  0x1000-0x13ff]?
[    0.904534] pci 0000:00:14.1: [104d:90d8] type 00 class 0x088001 PCIe Endpoint?
[    0.905387] pci 0000:00:14.1: BAR 0 [mem 0xc2000000-0xc2000fff 64bit]?
[    0.906532] pci 0000:00:14.2: [104d:90d9] type 00 class 0x088002 PCIe Endpoint?
[    0.907387] pci 0000:00:14.2: BAR 0 [mem 0xc4000000-0xc4007fff 64bit]?
[    0.908533] pci 0000:00:14.3: [104d:90da] type 00 class 0x088003 PCIe Endpoint?
[    0.909387] pci 0000:00:14.3: BAR 0 [mem 0xc6000000-0xc6000fff 64bit]?
[    0.910532] pci 0000:00:14.4: [104d:90db] type 00 class 0x088004 PCIe Endpoint?
[    0.911387] pci 0000:00:14.4: BAR 0 [mem 0xc8000000-0xc8001fff 64bit]?
[    0.912349] pci 0000:00:14.4: BAR 2 [mem 0xc8800000-0xc89fffff 64bit]?
[    0.913349] pci 0000:00:14.4: BAR 4 [mem 0xc9000000-0xc91fffff 64bit]?
[    0.915351] pci 0000:00:14.5: [104d:90dc] type 00 class 0x088005 PCIe Endpoint?
[    0.916386] pci 0000:00:14.5: BAR 0 [mem 0xca000000-0xca000fff 64bit]?
[    0.917349] pci 0000:00:14.5: BAR 2 [mem 0xca800000-0xca800fff 64bit]?
[    0.918529] pci 0000:00:14.6: [104d:90dd] type 00 class 0x088006 PCIe Endpoint?
[    0.919386] pci 0000:00:14.6: BAR 0 [mem 0xcc000000-0xcc000fff 64bit]?
[    0.920349] pci 0000:00:14.6: BAR 2 [mem 0x80000000-0xbfffffff 64bit]?
[    0.921348] pci 0000:00:14.6: BAR 4 [mem 0xcd000000-0xcd0fffff]?
[    0.922348] pci 0000:00:14.6: BAR 5 [mem 0xcd400000-0xcd43ffff]?
[    0.923526] pci 0000:00:14.7: [104d:90de] type 00 class 0x088007 PCIe Endpoint?
[    0.924386] pci 0000:00:14.7: BAR 0 [mem 0xce000000-0xce3fffff 64bit]?
[    0.925349] pci 0000:00:14.7: BAR 2 [mem 0xce800000-0xce80ffff 64bit]?
[    0.926350] pci 0000:00:14.7: BAR 4 [mem 0xcf000000-0xcf7fffff 64bit]?
[    0.927520] pci 0000:00:18.0: [1022:142e] type 00 class 0x060000 conventional PCI endpoint?
[    0.928449] pci 0000:00:18.1: [1022:142f] type 00 class 0x060000 conventional PCI endpoint?
[    0.929453] pci 0000:00:18.2: [1022:1430] type 00 class 0x060000 conventional PCI endpoint?
[    0.930445] pci 0000:00:18.3: [1022:1431] type 00 class 0x060000 conventional PCI endpoint?
[    0.931452] pci 0000:00:18.4: [1022:1432] type 00 class 0x060000 conventional PCI endpoint?
[    0.932444] pci 0000:00:18.5: [1022:1433] type 00 class 0x060000 conventional PCI endpoint?
[    0.934361] pci 0000:00:18.6: [1022:1434] type 00 class 0x060000 conventional PCI endpoint?
[    0.935545] iommu: Default domain type: Passthrough (set via kernel command line)?
[    0.936535] SCSI subsystem initialized?
[    0.937371] libata version 3.00 loaded.?
[    0.938408] ACPI: bus type USB registered?
[    0.939401] usbcore: registered new interface driver usbfs?
[    0.940369] usbcore: registered new interface driver hub?
[    0.941367] usbcore: registered new device driver usb?
[    0.942525] Advanced Linux Sound Architecture Driver Initialized.?
[    0.943709] Bluetooth: Core ver 2.22?
[    0.944359] NET: Registered PF_BLUETOOTH protocol family?
[    0.945346] Bluetooth: HCI device and connection manager initialized?
[    0.946349] Bluetooth: HCI socket layer initialized?
[    0.947349] Bluetooth: L2CAP socket layer initialized?
[    0.948353] Bluetooth: SCO socket layer initialized?
[    0.949436] PCI: Using ACPI for IRQ routing?
[    0.952849] PCI: pci_cache_line_size set to 64 bytes?
[    0.953388] e820: reserve RAM buffer [mem 0x00008000-0x0000ffff]?
[    0.954347] e820: reserve RAM buffer [mem 0x0009a000-0x0009ffff]?
[    0.955346] e820: reserve RAM buffer [mem 0x00680000-0x006fffff]?
[    0.956346] e820: reserve RAM buffer [mem 0x7efe8000-0x7fffffff]?
[    0.957346] e820: reserve RAM buffer [mem 0x27f000000-0x27fffffff]?
[    0.958372] pci 0000:00:01.0: vgaarb: setting as boot VGA device?
[    0.959342] pci 0000:00:01.0: vgaarb: bridge control possible?
[    0.959342] pci 0000:00:01.0: vgaarb: VGA device added: decodes=io+mem,owns=io+mem,locks=none?
[    0.959355] vgaarb: loaded?
[    0.961537] clocksource: Switched to clocksource tsc-early?
[    0.967196] pnp: PnP ACPI init?
[    0.970352] pnp: PnP ACPI: found 0 devices?
[    0.979457] NET: Registered PF_INET protocol family?
[    0.984736] IP idents hash table entries: 131072 (order: 8, 1048576 bytes, linear)?
[    0.996580] tcp_listen_portaddr_hash hash table entries: 4096 (order: 4, 65536 bytes, linear)?
[    1.005309] Table-perturb hash table entries: 65536 (order: 6, 262144 bytes, linear)?
[    1.013234] TCP established hash table entries: 65536 (order: 7, 524288 bytes, linear)?
[    1.021582] TCP bind hash table entries: 65536 (order: 9, 2097152 bytes, linear)?
[    1.029769] TCP: Hash tables configured (established 65536 bind 65536)?
[    1.036548] UDP hash table entries: 4096 (order: 6, 262144 bytes, linear)?
[    1.043558] UDP-Lite hash table entries: 4096 (order: 6, 262144 bytes, linear)?
[    1.051100] NET: Registered PF_UNIX/PF_LOCAL protocol family?
[    1.057230] RPC: Registered named UNIX socket transport module.?
[    1.063266] RPC: Registered udp transport module.?
[    1.068059] RPC: Registered tcp transport module.?
[    1.072853] RPC: Registered tcp-with-tls transport module.?
[    1.078444] RPC: Registered tcp NFSv4.1 backchannel transport module.?
[    1.085507] pci_bus 0000:00: resource 4 [io  0x0000-0xffff]?
[    1.091195] pci_bus 0000:00: resource 5 [mem 0x00000000-0xffffffffff]?
[    1.097835] pci 0000:00:01.1: D0 power state depends on 0000:00:01.0?
[    1.104322] pci 0000:00:02.0: CLS mismatch (64 != 512), using 64 bytes?
[    1.111089] AMD-Vi: Using global IVHD EFR:0x0, EFR2:0x0?
[    1.111323] Trying to unpack rootfs image as initramfs...?
[    1.116645] pci 0000:00:00.0: Adding to iommu group 0?
[    1.127206] pci 0000:00:14.0: Adding to iommu group 1?
[    1.132390] pci 0000:00:14.1: Adding to iommu group 1?
[    1.137579] pci 0000:00:14.2: Adding to iommu group 1?
[    1.142770] pci 0000:00:14.3: Adding to iommu group 1?
[    1.147953] pci 0000:00:14.4: Adding to iommu group 1?
[    1.153138] pci 0000:00:14.5: Adding to iommu group 1?
[    1.158330] pci 0000:00:14.6: Adding to iommu group 1?
[    1.163513] pci 0000:00:14.7: Adding to iommu group 1?
[    1.168740] AMD-Vi: Extended features (0x840, 0x0): IA?
[    1.174261] PCI-DMA: Using software bounce buffering for IO (SWIOTLB)?
[    1.180834] software IO TLB: mapped [mem 0x000000007afe8000-0x000000007efe8000] (64MB)?
[    1.189078] LVT offset 0 assigned for vector 0x400?
[    1.195138] perf: AMD IBS detected (0x000000ff)?
[    1.199811] kvm_amd: TSC scaling supported?
[    1.203990] kvm_amd: Nested Virtualization enabled?
[    1.208875] kvm_amd: Nested Paging enabled?
[    1.213054] kvm_amd: LBR virtualization supported?
[    1.241172] Freeing initrd memory: 4156K?
[    1.251335] platform rtc_cmos: registered platform RTC device (no PNP device found)?
[    1.262222] Initialise system trusted keyrings?
[    1.266906] workingset: timestamp_bits=40 max_order=21 bucket_order=0?
[    1.273884] ntfs3: Warning: Activated 64 bits per cluster. Windows does not support this?
[    1.282213] fuse: init (API version 7.43)?
[    1.322432] NET: Registered PF_ALG protocol family?
[    1.327321] xor: automatically using best checksumming function   avx       ?
[    1.334507] Key type asymmetric registered?
[    1.338681] Asymmetric key parser 'x509' registered?
[    1.343684] Block layer SCSI generic (bsg) driver version 0.4 loaded (major 252)?
[    1.351225] io scheduler mq-deadline registered?
[    1.355842] io scheduler kyber registered?
[    1.361986] Could not retrieve perf counters (-19)?
[    1.398107] Non-volatile memory driver v1.3?
[    1.402396] Linux agpgart interface v0.103?
[    1.407002] ACPI: bus type drm_connector registered?
[    1.412007] [drm] amdgpu kernel modesetting enabled.?
[    1.418616] brd: module loaded?
[    1.425272] loop: module loaded?
[    1.428498] i2c-core: driver [at24] registered?
[    1.433230] baikal_pcie 0000:00:14.4: bpcie_probe()?
[    1.438247] baikal_pcie 0000:00:14.4: bpcie glue probe?
[    1.443493] baikal_pcie 0000:00:14.4: Baikal chip revision: 4c0c2021:8d76a398:0000b100?
[    1.451568] pci 0000:00:14.0: bpcie_create_irq_domain?
[    1.456720] baikal_pcie 0000:00:14.4: devid = 164?
[    1.461516] baikal_pcie 0000:00:14.4: no parent ?
[    1.466227] bpcie_create_irq_domain: marked Baikal-MSI-164-3-14 as MSI parent (flags=0x113 bus_token=AMDVI)?
[    1.476156] pci 0000:00:14.1: bpcie_create_irq_domain?
[    1.481305] baikal_pcie 0000:00:14.4: devid = 164?
[    1.486101] baikal_pcie 0000:00:14.4: no parent ?
[    1.490810] bpcie_create_irq_domain: marked Baikal-MSI-164-3-14 as MSI parent (flags=0x113 bus_token=AMDVI)?
[    1.500740] pci 0000:00:14.2: bpcie_create_irq_domain?
[    1.505893] baikal_pcie 0000:00:14.4: devid = 164?
[    1.510689] baikal_pcie 0000:00:14.4: no parent ?
[    1.515396] bpcie_create_irq_domain: marked Baikal-MSI-164-3-14 as MSI parent (flags=0x113 bus_token=AMDVI)?
[    1.525325] pci 0000:00:14.3: bpcie_create_irq_domain?
[    1.530475] baikal_pcie 0000:00:14.4: devid = 164?
[    1.535269] baikal_pcie 0000:00:14.4: no parent ?
[    1.539981] bpcie_create_irq_domain: marked Baikal-MSI-164-3-14 as MSI parent (flags=0x113 bus_token=AMDVI)?
[    1.549910] baikal_pcie 0000:00:14.4: bpcie_create_irq_domain?
[    1.555767] baikal_pcie 0000:00:14.4: devid = 164?
[    1.560561] baikal_pcie 0000:00:14.4: no parent ?
[    1.565269] bpcie_create_irq_domain: marked Baikal-MSI-164-3-14 as MSI parent (flags=0x113 bus_token=AMDVI)?
[    1.575198] pci 0000:00:14.5: bpcie_create_irq_domain?
[    1.580348] baikal_pcie 0000:00:14.4: devid = 164?
[    1.585142] baikal_pcie 0000:00:14.4: no parent ?
[    1.589852] bpcie_create_irq_domain: marked Baikal-MSI-164-3-14 as MSI parent (flags=0x113 bus_token=AMDVI)?
[    1.599782] pci 0000:00:14.6: bpcie_create_irq_domain?
[    1.604930] baikal_pcie 0000:00:14.4: devid = 164?
[    1.609724] baikal_pcie 0000:00:14.4: no parent ?
[    1.614436] bpcie_create_irq_domain: marked Baikal-MSI-164-3-14 as MSI parent (flags=0x113 bus_token=AMDVI)?
[    1.624366] pci 0000:00:14.7: bpcie_create_irq_domain?
[    1.629516] baikal_pcie 0000:00:14.4: devid = 164?
[    1.634311] baikal_pcie 0000:00:14.4: no parent ?
[    1.639018] bpcie_create_irq_domain: marked Baikal-MSI-164-3-14 as MSI parent (flags=0x113 bus_token=AMDVI)?
[    1.648960] bpcie_init_dev_msi_info: dev=0000:00:14.4 installed bpcie demuxer (sc=(____ptrval____))?
[    1.658741] bpcie_msi_init: virq=10 hwirq=0x0 domain=(____ptrval____) info=(____ptrval____) sc=(____ptrval____)?
[    1.669032] bpcie_msi_init: registered virq=10 irq_map[0]?
[    1.674535] bpcie_msi_init: virq=11 hwirq=0x1 domain=(____ptrval____) info=(____ptrval____) sc=(____ptrval____)?
[    1.684819] bpcie_msi_init: registered virq=11 irq_map[1]?
[    1.690319] bpcie_msi_init: virq=12 hwirq=0x2 domain=(____ptrval____) info=(____ptrval____) sc=(____ptrval____)?
[    1.700602] bpcie_msi_init: registered virq=12 irq_map[2]?
[    1.706101] bpcie_msi_init: virq=13 hwirq=0x3 domain=(____ptrval____) info=(____ptrval____) sc=(____ptrval____)?
[    1.716382] bpcie_msi_init: registered virq=13 irq_map[3]?
[    1.721884] bpcie_msi_init: virq=14 hwirq=0x4 domain=(____ptrval____) info=(____ptrval____) sc=(____ptrval____)?
[    1.732166] bpcie_msi_init: registered virq=14 irq_map[4]?
[    1.737666] bpcie_msi_init: virq=15 hwirq=0x5 domain=(____ptrval____) info=(____ptrval____) sc=(____ptrval____)?
[    1.747950] bpcie_msi_init: registered virq=15 irq_map[5]?
[    1.753451] bpcie_msi_init: virq=16 hwirq=0x6 domain=(____ptrval____) info=(____ptrval____) sc=(____ptrval____)?
[    1.763734] bpcie_msi_init: registered virq=16 irq_map[6]?
[    1.769234] bpcie_msi_init: virq=17 hwirq=0x7 domain=(____ptrval____) info=(____ptrval____) sc=(____ptrval____)?
[    1.779516] bpcie_msi_init: registered virq=17 irq_map[7]?
[    1.785015] bpcie_msi_init: virq=18 hwirq=0x8 domain=(____ptrval____) info=(____ptrval____) sc=(____ptrval____)?
[    1.795298] bpcie_msi_init: registered virq=18 irq_map[8]?
[    1.800798] bpcie_msi_init: virq=19 hwirq=0x9 domain=(____ptrval____) info=(____ptrval____) sc=(____ptrval____)?
[    1.811081] bpcie_msi_init: registered virq=19 irq_map[9]?
[    1.816582] bpcie_msi_init: virq=20 hwirq=0xa domain=(____ptrval____) info=(____ptrval____) sc=(____ptrval____)?
[    1.826863] bpcie_msi_init: registered virq=20 irq_map[10]?
[    1.832453] bpcie_msi_init: virq=21 hwirq=0xb domain=(____ptrval____) info=(____ptrval____) sc=(____ptrval____)?
[    1.842736] bpcie_msi_init: registered virq=21 irq_map[11]?
[    1.848325] bpcie_msi_init: virq=22 hwirq=0xc domain=(____ptrval____) info=(____ptrval____) sc=(____ptrval____)?
[    1.858606] bpcie_msi_init: registered virq=22 irq_map[12]?
[    1.864196] bpcie_msi_init: virq=23 hwirq=0xd domain=(____ptrval____) info=(____ptrval____) sc=(____ptrval____)?
[    1.874477] bpcie_msi_init: registered virq=23 irq_map[13]?
[    1.880066] bpcie_msi_init: virq=24 hwirq=0xe domain=(____ptrval____) info=(____ptrval____) sc=(____ptrval____)?
[    1.890348] bpcie_msi_init: registered virq=24 irq_map[14]?
[    1.895937] bpcie_msi_init: virq=25 hwirq=0xf domain=(____ptrval____) info=(____ptrval____) sc=(____ptrval____)?
[    1.906219] bpcie_msi_init: registered virq=25 irq_map[15]?
[    1.911808] bpcie_msi_init: virq=26 hwirq=0x10 domain=(____ptrval____) info=(____ptrval____) sc=(____ptrval____)?
[    1.922179] bpcie_msi_init: registered virq=26 irq_map[16]?
[    1.927770] bpcie_msi_init: virq=27 hwirq=0x11 domain=(____ptrval____) info=(____ptrval____) sc=(____ptrval____)?
[    1.938142] bpcie_msi_init: registered virq=27 irq_map[17]?
[    1.943731] bpcie_msi_init: virq=28 hwirq=0x12 domain=(____ptrval____) info=(____ptrval____) sc=(____ptrval____)?
[    1.954101] bpcie_msi_init: registered virq=28 irq_map[18]?
[    1.959691] bpcie_msi_init: virq=29 hwirq=0x13 domain=(____ptrval____) info=(____ptrval____) sc=(____ptrval____)?
[    1.970064] bpcie_msi_init: registered virq=29 irq_map[19]?
[    1.975655] bpcie_msi_init: virq=30 hwirq=0x14 domain=(____ptrval____) info=(____ptrval____) sc=(____ptrval____)?
[    1.986026] bpcie_msi_init: registered virq=30 irq_map[20]?
[    1.991616] bpcie_msi_init: virq=31 hwirq=0x15 domain=(____ptrval____) info=(____ptrval____) sc=(____ptrval____)?
[    2.001989] bpcie_msi_init: registered virq=31 irq_map[21]?
[    2.007578] bpcie_msi_init: virq=32 hwirq=0x16 domain=(____ptrval____) info=(____ptrval____) sc=(____ptrval____)?
[    2.017948] bpcie_msi_init: registered virq=32 irq_map[22]?
[    2.023537] bpcie_msi_init: virq=33 hwirq=0x17 domain=(____ptrval____) info=(____ptrval____) sc=(____ptrval____)?
[    2.033909] bpcie_msi_init: registered virq=33 irq_map[23]?
[    2.039498] bpcie_msi_init: virq=34 hwirq=0x18 domain=(____ptrval____) info=(____ptrval____) sc=(____ptrval____)?
[    2.049868] bpcie_msi_init: registered virq=34 irq_map[24]?
[    2.055460] bpcie_msi_init: virq=35 hwirq=0x19 domain=(____ptrval____) info=(____ptrval____) sc=(____ptrval____)?
[    2.065831] bpcie_msi_init: registered virq=35 irq_map[25]?
[    2.071420] bpcie_msi_init: virq=36 hwirq=0x1a domain=(____ptrval____) info=(____ptrval____) sc=(____ptrval____)?
[    2.081792] bpcie_msi_init: registered virq=36 irq_map[26]?
[    2.087381] bpcie_msi_init: virq=37 hwirq=0x1b domain=(____ptrval____) info=(____ptrval____) sc=(____ptrval____)?
[    2.097751] bpcie_msi_init: registered virq=37 irq_map[27]?
[    2.103341] bpcie_msi_init: virq=38 hwirq=0x1c domain=(____ptrval____) info=(____ptrval____) sc=(____ptrval____)?
[    2.113714] bpcie_msi_init: registered virq=38 irq_map[28]?
[    2.119302] bpcie_msi_init: virq=39 hwirq=0x1d domain=(____ptrval____) info=(____ptrval____) sc=(____ptrval____)?
[    2.129674] bpcie_msi_init: registered virq=39 irq_map[29]?
[    2.135262] bpcie_msi_init: virq=40 hwirq=0x1e domain=(____ptrval____) info=(____ptrval____) sc=(____ptrval____)?
[    2.145633] bpcie_msi_init: registered virq=40 irq_map[30]?
[    2.151221] bpcie_msi_init: virq=41 hwirq=0x1f domain=(____ptrval____) info=(____ptrval____) sc=(____ptrval____)?
[    2.161592] bpcie_msi_init: registered virq=41 irq_map[31]?
[    2.167217] baikal_pcie 0000:00:14.4: bpcie_msi_write_msg(fee00000, 000000ef) mask=0x0 irq=10 hwirq=0x0 (____ptrval____)?
[    2.178308] baikal_pcie 0000:00:14.4: bpcie_config_msi: func=4 subfunc=0 addr=fee00000 data=000000ef?
[    2.187635] baikal_pcie 0000:00:14.4: bpcie_msi_write_msg(fee00000, 000000ef) mask=0x0 irq=11 hwirq=0x1 (____ptrval____)?
[    2.198716] baikal_pcie 0000:00:14.4: bpcie_config_msi: func=4 subfunc=1 addr=fee00000 data=000000ef?
[    2.208034] baikal_pcie 0000:00:14.4: bpcie_msi_write_msg(fee00000, 000000ef) mask=0x0 irq=12 hwirq=0x2 (____ptrval____)?
[    2.219117] baikal_pcie 0000:00:14.4: bpcie_config_msi: func=4 subfunc=2 addr=fee00000 data=000000ef?
[    2.228435] baikal_pcie 0000:00:14.4: bpcie_msi_write_msg(fee00000, 000000ef) mask=0x0 irq=13 hwirq=0x3 (____ptrval____)?
[    2.239516] baikal_pcie 0000:00:14.4: bpcie_config_msi: func=4 subfunc=3 addr=fee00000 data=000000ef?
[    2.248835] baikal_pcie 0000:00:14.4: bpcie_msi_write_msg(fee00000, 000000ef) mask=0x0 irq=14 hwirq=0x4 (____ptrval____)?
[    2.259915] baikal_pcie 0000:00:14.4: bpcie_config_msi: func=4 subfunc=4 addr=fee00000 data=000000ef?
[    2.269234] baikal_pcie 0000:00:14.4: bpcie_msi_write_msg(fee00000, 000000ef) mask=0x0 irq=15 hwirq=0x5 (____ptrval____)?
[    2.280316] baikal_pcie 0000:00:14.4: bpcie_config_msi: func=4 subfunc=5 addr=fee00000 data=000000ef?
[    2.289635] baikal_pcie 0000:00:14.4: bpcie_msi_write_msg(fee00000, 000000ef) mask=0x0 irq=16 hwirq=0x6 (____ptrval____)?
[    2.300717] baikal_pcie 0000:00:14.4: bpcie_config_msi: func=4 subfunc=6 addr=fee00000 data=000000ef?
[    2.310035] baikal_pcie 0000:00:14.4: bpcie_msi_write_msg(fee00000, 000000ef) mask=0x0 irq=17 hwirq=0x7 (____ptrval____)?
[    2.321119] baikal_pcie 0000:00:14.4: bpcie_config_msi: func=4 subfunc=7 addr=fee00000 data=000000ef?
[    2.330436] baikal_pcie 0000:00:14.4: bpcie_msi_write_msg(fee00000, 000000ef) mask=0x0 irq=18 hwirq=0x8 (____ptrval____)?
[    2.341517] baikal_pcie 0000:00:14.4: bpcie_config_msi: func=4 subfunc=8 addr=fee00000 data=000000ef?
[    2.350834] baikal_pcie 0000:00:14.4: bpcie_msi_write_msg(fee00000, 000000ef) mask=0x0 irq=19 hwirq=0x9 (____ptrval____)?
[    2.361914] baikal_pcie 0000:00:14.4: bpcie_config_msi: func=4 subfunc=9 addr=fee00000 data=000000ef?
[    2.371234] baikal_pcie 0000:00:14.4: bpcie_msi_write_msg(fee00000, 000000ef) mask=0x0 irq=20 hwirq=0xa (____ptrval____)?
[    2.382316] baikal_pcie 0000:00:14.4: bpcie_config_msi: func=4 subfunc=10 addr=fee00000 data=000000ef?
[    2.391726] baikal_pcie 0000:00:14.4: bpcie_msi_write_msg(fee00000, 000000ef) mask=0x0 irq=21 hwirq=0xb (____ptrval____)?
[    2.402807] baikal_pcie 0000:00:14.4: bpcie_config_msi: func=4 subfunc=11 addr=fee00000 data=000000ef?
[    2.412213] baikal_pcie 0000:00:14.4: bpcie_msi_write_msg(fee00000, 000000ef) mask=0x0 irq=22 hwirq=0xc (____ptrval____)?
[    2.423296] baikal_pcie 0000:00:14.4: bpcie_config_msi: func=4 subfunc=12 addr=fee00000 data=000000ef?
[    2.432711] baikal_pcie 0000:00:14.4: bpcie_msi_write_msg(fee00000, 000000ef) mask=0x0 irq=23 hwirq=0xd (____ptrval____)?
[    2.443796] baikal_pcie 0000:00:14.4: bpcie_config_msi: func=4 subfunc=13 addr=fee00000 data=000000ef?
[    2.453204] baikal_pcie 0000:00:14.4: bpcie_msi_write_msg(fee00000, 000000ef) mask=0x0 irq=24 hwirq=0xe (____ptrval____)?
[    2.464284] baikal_pcie 0000:00:14.4: bpcie_config_msi: func=4 subfunc=14 addr=fee00000 data=000000ef?
[    2.473697] baikal_pcie 0000:00:14.4: bpcie_msi_write_msg(fee00000, 000000ef) mask=0x0 irq=25 hwirq=0xf (____ptrval____)?
[    2.484786] baikal_pcie 0000:00:14.4: bpcie_config_msi: func=4 subfunc=15 addr=fee00000 data=000000ef?
[    2.494197] baikal_pcie 0000:00:14.4: bpcie_msi_write_msg(fee00000, 000000ef) mask=0x0 irq=26 hwirq=0x10 (____ptrval____)?
[    2.505370] baikal_pcie 0000:00:14.4: bpcie_config_msi: func=4 subfunc=16 addr=fee00000 data=000000ef?
[    2.514778] baikal_pcie 0000:00:14.4: bpcie_msi_write_msg(fee00000, 000000ef) mask=0x0 irq=27 hwirq=0x11 (____ptrval____)?
[    2.525949] baikal_pcie 0000:00:14.4: bpcie_config_msi: func=4 subfunc=17 addr=fee00000 data=000000ef?
[    2.535357] baikal_pcie 0000:00:14.4: bpcie_msi_write_msg(fee00000, 000000ef) mask=0x0 irq=28 hwirq=0x12 (____ptrval____)?
[    2.546528] baikal_pcie 0000:00:14.4: bpcie_config_msi: func=4 subfunc=18 addr=fee00000 data=000000ef?
[    2.555939] baikal_pcie 0000:00:14.4: bpcie_msi_write_msg(fee00000, 000000ef) mask=0x0 irq=29 hwirq=0x13 (____ptrval____)?
[    2.567111] baikal_pcie 0000:00:14.4: bpcie_config_msi: func=4 subfunc=19 addr=fee00000 data=000000ef?
[    2.576521] baikal_pcie 0000:00:14.4: bpcie_msi_write_msg(fee00000, 000000ef) mask=0x0 irq=30 hwirq=0x14 (____ptrval____)?
[    2.587692] baikal_pcie 0000:00:14.4: bpcie_config_msi: func=4 subfunc=20 addr=fee00000 data=000000ef?
[    2.597098] baikal_pcie 0000:00:14.4: bpcie_msi_write_msg(fee00000, 000000ef) mask=0x0 irq=31 hwirq=0x15 (____ptrval____)?
[    2.608266] baikal_pcie 0000:00:14.4: bpcie_config_msi: func=4 subfunc=21 addr=fee00000 data=000000ef?
[    2.617673] baikal_pcie 0000:00:14.4: bpcie_msi_write_msg(fee00000, 000000ef) mask=0x0 irq=32 hwirq=0x16 (____ptrval____)?
[    2.628845] baikal_pcie 0000:00:14.4: bpcie_config_msi: func=4 subfunc=22 addr=fee00000 data=000000ef?
[    2.638252] baikal_pcie 0000:00:14.4: bpcie_msi_write_msg(fee00000, 000000ef) mask=0x0 irq=33 hwirq=0x17 (____ptrval____)?
[    2.649419] baikal_pcie 0000:00:14.4: bpcie_config_msi: func=4 subfunc=23 addr=fee00000 data=000000ef?
[    2.658825] baikal_pcie 0000:00:14.4: bpcie_msi_write_msg(fee00000, 000000ef) mask=0x0 irq=34 hwirq=0x18 (____ptrval____)?
[    2.669994] baikal_pcie 0000:00:14.4: bpcie_config_msi: func=4 subfunc=24 addr=fee00000 data=000000ef?
[    2.679403] baikal_pcie 0000:00:14.4: bpcie_msi_write_msg(fee00000, 000000ef) mask=0x0 irq=35 hwirq=0x19 (____ptrval____)?
[    2.690571] baikal_pcie 0000:00:14.4: bpcie_config_msi: func=4 subfunc=25 addr=fee00000 data=000000ef?
[    2.699976] baikal_pcie 0000:00:14.4: bpcie_msi_write_msg(fee00000, 000000ef) mask=0x0 irq=36 hwirq=0x1a (____ptrval____)?
[    2.711144] baikal_pcie 0000:00:14.4: bpcie_config_msi: func=4 subfunc=26 addr=fee00000 data=000000ef?
[    2.720549] baikal_pcie 0000:00:14.4: bpcie_msi_write_msg(fee00000, 000000ef) mask=0x0 irq=37 hwirq=0x1b (____ptrval____)?
[    2.731718] baikal_pcie 0000:00:14.4: bpcie_config_msi: func=4 subfunc=27 addr=fee00000 data=000000ef?
[    2.741124] baikal_pcie 0000:00:14.4: bpcie_msi_write_msg(fee00000, 000000ef) mask=0x0 irq=38 hwirq=0x1c (____ptrval____)?
[    2.752292] baikal_pcie 0000:00:14.4: bpcie_config_msi: func=4 subfunc=28 addr=fee00000 data=000000ef?
[    2.761700] baikal_pcie 0000:00:14.4: bpcie_msi_write_msg(fee00000, 000000ef) mask=0x0 irq=39 hwirq=0x1d (____ptrval____)?
[    2.772871] baikal_pcie 0000:00:14.4: bpcie_config_msi: func=4 subfunc=29 addr=fee00000 data=000000ef?
[    2.782278] baikal_pcie 0000:00:14.4: bpcie_msi_write_msg(fee00000, 000000ef) mask=0x0 irq=40 hwirq=0x1e (____ptrval____)?
[    2.793446] baikal_pcie 0000:00:14.4: bpcie_config_msi: func=4 subfunc=30 addr=fee00000 data=000000ef?
[    2.802852] baikal_pcie 0000:00:14.4: bpcie_msi_write_msg(fee00000, 000000ef) mask=0x0 irq=41 hwirq=0x1f (____ptrval____)?
[    2.814024] baikal_pcie 0000:00:14.4: bpcie_config_msi: func=4 subfunc=31 addr=fee00000 data=000000ef?
[    2.823535] baikal_pcie 0000:00:14.4: dev->irq=10?
[    2.828455] baikal_pcie 0000:00:14.4: Failed to register serial port 0?
[    2.835116] baikal_pcie 0000:00:14.4: UART init failed (-5); continuing without serial console?
[    2.843903] bpcie_icc_init: msi_desc msi_index=0 irq=10?
[    2.849229] bpcie_icc_init: ICC subfunc 3 -> bpcie_irqnum=13 found_virq=-1?
[    2.856241] baikal_pcie 0000:00:14.4: bpcie_msi_write_msg(fee01000, 00000020) mask=0x0 irq=13 hwirq=0x3 (____ptrval____)?
[    2.857230] baikal_pcie 0000:00:14.4: bpcie_config_msi: func=4 subfunc=3 addr=fee01000 data=00000020?
[    2.857230] baikal_pcie 0000:00:14.4: bpcie_msi_write_msg(fee01000, 00000020) mask=0x0 irq=13 hwirq=0x3 (____ptrval____)?
[    2.857230] baikal_pcie 0000:00:14.4: bpcie_config_msi: func=4 subfunc=3 addr=fee01000 data=00000020?
[    2.897038] genirq: Flags mismatch irq 0. 00200080 (icc-shotgun) vs. 00000000 (AMD-Vi)?
[    2.905116] baikal_pcie 0000:00:14.4: bpcie_msi_write_msg(fee02000, 00000020) mask=0x0 irq=10 hwirq=0x0 (____ptrval____)?
[    2.906105] baikal_pcie 0000:00:14.4: bpcie_config_msi: func=4 subfunc=0 addr=fee02000 data=00000020?
[    2.906105] baikal_pcie 0000:00:14.4: bpcie_msi_write_msg(fee02000, 00000020) mask=0x0 irq=10 hwirq=0x0 (____ptrval____)?
[    2.906105] baikal_pcie 0000:00:14.4: bpcie_config_msi: func=4 subfunc=0 addr=fee02000 data=00000020?
[    2.945931] baikal_pcie 0000:00:14.4: bpcie_msi_write_msg(fee03000, 00000020) mask=0x0 irq=11 hwirq=0x1 (____ptrval____)?
[    2.946914] baikal_pcie 0000:00:14.4: bpcie_config_msi: func=4 subfunc=1 addr=fee03000 data=00000020?
[    2.946914] baikal_pcie 0000:00:14.4: bpcie_msi_write_msg(fee03000, 00000020) mask=0x0 irq=11 hwirq=0x1 (____ptrval____)?
[    2.946914] baikal_pcie 0000:00:14.4: bpcie_config_msi: func=4 subfunc=1 addr=fee03000 data=00000020?
[    2.986733] baikal_pcie 0000:00:14.4: bpcie_msi_write_msg(fee04000, 00000020) mask=0x0 irq=12 hwirq=0x2 (____ptrval____)?
[    2.987702] baikal_pcie 0000:00:14.4: bpcie_config_msi: func=4 subfunc=2 addr=fee04000 data=00000020?
[    2.987702] baikal_pcie 0000:00:14.4: bpcie_msi_write_msg(fee04000, 00000020) mask=0x0 irq=12 hwirq=0x2 (____ptrval____)?
[    2.987702] baikal_pcie 0000:00:14.4: bpcie_config_msi: func=4 subfunc=2 addr=fee04000 data=00000020?
[    3.027528] baikal_pcie 0000:00:14.4: bpcie_msi_write_msg(fee05000, 00000020) mask=0x0 irq=14 hwirq=0x4 (____ptrval____)?
[    3.028505] baikal_pcie 0000:00:14.4: bpcie_config_msi: func=4 subfunc=4 addr=fee05000 data=00000020?
[    3.028505] baikal_pcie 0000:00:14.4: bpcie_msi_write_msg(fee05000, 00000020) mask=0x0 irq=14 hwirq=0x4 (____ptrval____)?
[    3.028505] baikal_pcie 0000:00:14.4: bpcie_config_msi: func=4 subfunc=4 addr=fee05000 data=00000020?
[    3.068316] baikal_pcie 0000:00:14.4: bpcie_msi_write_msg(fee06000, 00000020) mask=0x0 irq=15 hwirq=0x5 (____ptrval____)?
[    3.069296] baikal_pcie 0000:00:14.4: bpcie_config_msi: func=4 subfunc=5 addr=fee06000 data=00000020?
[    3.069296] baikal_pcie 0000:00:14.4: bpcie_msi_write_msg(fee06000, 00000020) mask=0x0 irq=15 hwirq=0x5 (____ptrval____)?
[    3.069296] baikal_pcie 0000:00:14.4: bpcie_config_msi: func=4 subfunc=5 addr=fee06000 data=00000020?
[    3.109104] baikal_pcie 0000:00:14.4: bpcie_msi_write_msg(fee07000, 00000020) mask=0x0 irq=16 hwirq=0x6 (____ptrval____)?
[    3.110089] baikal_pcie 0000:00:14.4: bpcie_config_msi: func=4 subfunc=6 addr=fee07000 data=00000020?
[    3.110089] baikal_pcie 0000:00:14.4: bpcie_msi_write_msg(fee07000, 00000020) mask=0x0 irq=16 hwirq=0x6 (____ptrval____)?
[    3.110089] baikal_pcie 0000:00:14.4: bpcie_config_msi: func=4 subfunc=6 addr=fee07000 data=00000020?
[    3.149894] baikal_pcie 0000:00:14.4: bpcie_msi_write_msg(fee00000, 00000021) mask=0x0 irq=17 hwirq=0x7 (____ptrval____)?
[    3.150874] baikal_pcie 0000:00:14.4: bpcie_config_msi: func=4 subfunc=7 addr=fee00000 data=00000021?
[    3.150874] baikal_pcie 0000:00:14.4: bpcie_msi_write_msg(fee00000, 00000021) mask=0x0 irq=17 hwirq=0x7 (____ptrval____)?
[    3.150874] baikal_pcie 0000:00:14.4: bpcie_config_msi: func=4 subfunc=7 addr=fee00000 data=00000021?
[    3.190679] baikal_pcie 0000:00:14.4: bpcie_msi_write_msg(fee01000, 00000021) mask=0x0 irq=18 hwirq=0x8 (____ptrval____)?
[    3.191664] baikal_pcie 0000:00:14.4: bpcie_config_msi: func=4 subfunc=8 addr=fee01000 data=00000021?
[    3.191664] baikal_pcie 0000:00:14.4: bpcie_msi_write_msg(fee01000, 00000021) mask=0x0 irq=18 hwirq=0x8 (____ptrval____)?
[    3.191664] baikal_pcie 0000:00:14.4: bpcie_config_msi: func=4 subfunc=8 addr=fee01000 data=00000021?
[    3.231467] baikal_pcie 0000:00:14.4: bpcie_msi_write_msg(fee02000, 00000021) mask=0x0 irq=19 hwirq=0x9 (____ptrval____)?
[    3.232450] baikal_pcie 0000:00:14.4: bpcie_config_msi: func=4 subfunc=9 addr=fee02000 data=00000021?
[    3.232450] baikal_pcie 0000:00:14.4: bpcie_msi_write_msg(fee02000, 00000021) mask=0x0 irq=19 hwirq=0x9 (____ptrval____)?
[    3.232450] baikal_pcie 0000:00:14.4: bpcie_config_msi: func=4 subfunc=9 addr=fee02000 data=00000021?
[    3.272257] baikal_pcie 0000:00:14.4: bpcie_msi_write_msg(fee03000, 00000021) mask=0x0 irq=20 hwirq=0xa (____ptrval____)?
[    3.273234] baikal_pcie 0000:00:14.4: bpcie_config_msi: func=4 subfunc=10 addr=fee03000 data=00000021?
[    3.273234] baikal_pcie 0000:00:14.4: bpcie_msi_write_msg(fee03000, 00000021) mask=0x0 irq=20 hwirq=0xa (____ptrval____)?
[    3.273234] baikal_pcie 0000:00:14.4: bpcie_config_msi: func=4 subfunc=10 addr=fee03000 data=00000021?
[    3.313221] baikal_pcie 0000:00:14.4: bpcie_msi_write_msg(fee04000, 00000021) mask=0x0 irq=21 hwirq=0xb (____ptrval____)?
[    3.314204] baikal_pcie 0000:00:14.4: bpcie_config_msi: func=4 subfunc=11 addr=fee04000 data=00000021?
[    3.314204] baikal_pcie 0000:00:14.4: bpcie_msi_write_msg(fee04000, 00000021) mask=0x0 irq=21 hwirq=0xb (____ptrval____)?
[    3.314204] baikal_pcie 0000:00:14.4: bpcie_config_msi: func=4 subfunc=11 addr=fee04000 data=00000021?
[    3.354189] baikal_pcie 0000:00:14.4: bpcie_msi_write_msg(fee05000, 00000021) mask=0x0 irq=22 hwirq=0xc (____ptrval____)?
[    3.355183] baikal_pcie 0000:00:14.4: bpcie_config_msi: func=4 subfunc=12 addr=fee05000 data=00000021?
[    3.355183] baikal_pcie 0000:00:14.4: bpcie_msi_write_msg(fee05000, 00000021) mask=0x0 irq=22 hwirq=0xc (____ptrval____)?
[    3.355183] baikal_pcie 0000:00:14.4: bpcie_config_msi: func=4 subfunc=12 addr=fee05000 data=00000021?
[    3.395152] baikal_pcie 0000:00:14.4: bpcie_msi_write_msg(fee06000, 00000021) mask=0x0 irq=23 hwirq=0xd (____ptrval____)?
[    3.396136] baikal_pcie 0000:00:14.4: bpcie_config_msi: func=4 subfunc=13 addr=fee06000 data=00000021?
[    3.396136] baikal_pcie 0000:00:14.4: bpcie_msi_write_msg(fee06000, 00000021) mask=0x0 irq=23 hwirq=0xd (____ptrval____)?
[    3.396136] baikal_pcie 0000:00:14.4: bpcie_config_msi: func=4 subfunc=13 addr=fee06000 data=00000021?
[    3.436117] baikal_pcie 0000:00:14.4: bpcie_msi_write_msg(fee07000, 00000021) mask=0x0 irq=24 hwirq=0xe (____ptrval____)?
[    3.437099] baikal_pcie 0000:00:14.4: bpcie_config_msi: func=4 subfunc=14 addr=fee07000 data=00000021?
[    3.437099] baikal_pcie 0000:00:14.4: bpcie_msi_write_msg(fee07000, 00000021) mask=0x0 irq=24 hwirq=0xe (____ptrval____)?
[    3.437099] baikal_pcie 0000:00:14.4: bpcie_config_msi: func=4 subfunc=14 addr=fee07000 data=00000021?
[    3.477078] baikal_pcie 0000:00:14.4: bpcie_msi_write_msg(fee00000, 00000022) mask=0x0 irq=25 hwirq=0xf (____ptrval____)?
[    3.478061] baikal_pcie 0000:00:14.4: bpcie_config_msi: func=4 subfunc=15 addr=fee00000 data=00000022?
[    3.478061] baikal_pcie 0000:00:14.4: bpcie_msi_write_msg(fee00000, 00000022) mask=0x0 irq=25 hwirq=0xf (____ptrval____)?
[    3.478061] baikal_pcie 0000:00:14.4: bpcie_config_msi: func=4 subfunc=15 addr=fee00000 data=00000022?
[    3.518042] baikal_pcie 0000:00:14.4: bpcie_msi_write_msg(fee01000, 00000022) mask=0x0 irq=26 hwirq=0x10 (____ptrval____)?
[    3.519026] baikal_pcie 0000:00:14.4: bpcie_config_msi: func=4 subfunc=16 addr=fee01000 data=00000022?
[    3.519026] baikal_pcie 0000:00:14.4: bpcie_msi_write_msg(fee01000, 00000022) mask=0x0 irq=26 hwirq=0x10 (____ptrval____)?
[    3.519026] baikal_pcie 0000:00:14.4: bpcie_config_msi: func=4 subfunc=16 addr=fee01000 data=00000022?
[    3.559187] baikal_pcie 0000:00:14.4: bpcie_msi_write_msg(fee02000, 00000022) mask=0x0 irq=27 hwirq=0x11 (____ptrval____)?
[    3.560163] baikal_pcie 0000:00:14.4: bpcie_config_msi: func=4 subfunc=17 addr=fee02000 data=00000022?
[    3.560163] baikal_pcie 0000:00:14.4: bpcie_msi_write_msg(fee02000, 00000022) mask=0x0 irq=27 hwirq=0x11 (____ptrval____)?
[    3.560163] baikal_pcie 0000:00:14.4: bpcie_config_msi: func=4 subfunc=17 addr=fee02000 data=00000022?
[    3.597358] clocksource: tsc: mask: 0xffffffffffffffff max_cycles: 0x16fa4aa1fe0, max_idle_ns: 440795257239 ns?
[    3.600324] baikal_pcie 0000:00:14.4: bpcie_msi_write_msg(fee03000, 00000022) mask=0x0 irq=28 hwirq=0x12 (____ptrval____)?
[    3.610506] baikal_pcie 0000:00:14.4: bpcie_config_msi: func=4 subfunc=18 addr=fee03000 data=00000022?
[    3.610506] baikal_pcie 0000:00:14.4: bpcie_msi_write_msg(fee03000, 00000022) mask=0x0 irq=28 hwirq=0x12 (____ptrval____)?
[    3.610506] baikal_pcie 0000:00:14.4: bpcie_config_msi: func=4 subfunc=18 addr=fee03000 data=00000022?
[    3.651627] clocksource: Switched to clocksource tsc?
[    3.651643] baikal_pcie 0000:00:14.4: bpcie_msi_write_msg(fee04000, 00000022) mask=0x0 irq=29 hwirq=0x13 (____ptrval____)?
[    3.665358] baikal_pcie 0000:00:14.4: bpcie_config_msi: func=4 subfunc=19 addr=fee04000 data=00000022?
[    3.673360] baikal_pcie 0000:00:14.4: bpcie_msi_write_msg(fee04000, 00000022) mask=0x0 irq=29 hwirq=0x13 (____ptrval____)?
[    3.688391] baikal_pcie 0000:00:14.4: bpcie_config_msi: func=4 subfunc=19 addr=fee04000 data=00000022?
[    3.697868] baikal_pcie 0000:00:14.4: bpcie_msi_write_msg(fee05000, 00000022) mask=0x0 irq=30 hwirq=0x14 (____ptrval____)?
[    3.698842] baikal_pcie 0000:00:14.4: bpcie_config_msi: func=4 subfunc=20 addr=fee05000 data=00000022?
[    3.698842] baikal_pcie 0000:00:14.4: bpcie_msi_write_msg(fee05000, 00000022) mask=0x0 irq=30 hwirq=0x14 (____ptrval____)?
[    3.698842] baikal_pcie 0000:00:14.4: bpcie_config_msi: func=4 subfunc=20 addr=fee05000 data=00000022?
[    3.739036] baikal_pcie 0000:00:14.4: bpcie_msi_write_msg(fee06000, 00000022) mask=0x0 irq=31 hwirq=0x15 (____ptrval____)?
[    3.740006] baikal_pcie 0000:00:14.4: bpcie_config_msi: func=4 subfunc=21 addr=fee06000 data=00000022?
[    3.740006] baikal_pcie 0000:00:14.4: bpcie_msi_write_msg(fee06000, 00000022) mask=0x0 irq=31 hwirq=0x15 (____ptrval____)?
[    3.740006] baikal_pcie 0000:00:14.4: bpcie_config_msi: func=4 subfunc=21 addr=fee06000 data=00000022?
[    3.780185] baikal_pcie 0000:00:14.4: bpcie_msi_write_msg(fee07000, 00000022) mask=0x0 irq=32 hwirq=0x16 (____ptrval____)?
[    3.781166] baikal_pcie 0000:00:14.4: bpcie_config_msi: func=4 subfunc=22 addr=fee07000 data=00000022?
[    3.781166] baikal_pcie 0000:00:14.4: bpcie_msi_write_msg(fee07000, 00000022) mask=0x0 irq=32 hwirq=0x16 (____ptrval____)?
[    3.781166] baikal_pcie 0000:00:14.4: bpcie_config_msi: func=4 subfunc=22 addr=fee07000 data=00000022?
[    3.821334] baikal_pcie 0000:00:14.4: bpcie_msi_write_msg(fee00000, 00000023) mask=0x0 irq=33 hwirq=0x17 (____ptrval____)?
[    3.822316] baikal_pcie 0000:00:14.4: bpcie_config_msi: func=4 subfunc=23 addr=fee00000 data=00000023?
[    3.822316] baikal_pcie 0000:00:14.4: bpcie_msi_write_msg(fee00000, 00000023) mask=0x0 irq=33 hwirq=0x17 (____ptrval____)?
[    3.822316] baikal_pcie 0000:00:14.4: bpcie_config_msi: func=4 subfunc=23 addr=fee00000 data=00000023?
[    3.862483] baikal_pcie 0000:00:14.4: bpcie_msi_write_msg(fee01000, 00000023) mask=0x0 irq=34 hwirq=0x18 (____ptrval____)?
[    3.863458] baikal_pcie 0000:00:14.4: bpcie_config_msi: func=4 subfunc=24 addr=fee01000 data=00000023?
[    3.863458] baikal_pcie 0000:00:14.4: bpcie_msi_write_msg(fee01000, 00000023) mask=0x0 irq=34 hwirq=0x18 (____ptrval____)?
[    3.863458] baikal_pcie 0000:00:14.4: bpcie_config_msi: func=4 subfunc=24 addr=fee01000 data=00000023?
[    3.903626] baikal_pcie 0000:00:14.4: bpcie_msi_write_msg(fee02000, 00000023) mask=0x0 irq=35 hwirq=0x19 (____ptrval____)?
[    3.904608] baikal_pcie 0000:00:14.4: bpcie_config_msi: func=4 subfunc=25 addr=fee02000 data=00000023?
[    3.904608] baikal_pcie 0000:00:14.4: bpcie_msi_write_msg(fee02000, 00000023) mask=0x0 irq=35 hwirq=0x19 (____ptrval____)?
[    3.904608] baikal_pcie 0000:00:14.4: bpcie_config_msi: func=4 subfunc=25 addr=fee02000 data=00000023?
[    3.944770] baikal_pcie 0000:00:14.4: bpcie_msi_write_msg(fee03000, 00000023) mask=0x0 irq=36 hwirq=0x1a (____ptrval____)?
[    3.945753] baikal_pcie 0000:00:14.4: bpcie_config_msi: func=4 subfunc=26 addr=fee03000 data=00000023?
[    3.945753] baikal_pcie 0000:00:14.4: bpcie_msi_write_msg(fee03000, 00000023) mask=0x0 irq=36 hwirq=0x1a (____ptrval____)?
[    3.945753] baikal_pcie 0000:00:14.4: bpcie_config_msi: func=4 subfunc=26 addr=fee03000 data=00000023?
[    3.985913] baikal_pcie 0000:00:14.4: bpcie_msi_write_msg(fee04000, 00000023) mask=0x0 irq=37 hwirq=0x1b (____ptrval____)?
[    3.986893] baikal_pcie 0000:00:14.4: bpcie_config_msi: func=4 subfunc=27 addr=fee04000 data=00000023?
[    3.986893] baikal_pcie 0000:00:14.4: bpcie_msi_write_msg(fee04000, 00000023) mask=0x0 irq=37 hwirq=0x1b (____ptrval____)?
[    3.986893] baikal_pcie 0000:00:14.4: bpcie_config_msi: func=4 subfunc=27 addr=fee04000 data=00000023?
[    4.027050] baikal_pcie 0000:00:14.4: bpcie_msi_write_msg(fee05000, 00000023) mask=0x0 irq=38 hwirq=0x1c (____ptrval____)?
[    4.028033] baikal_pcie 0000:00:14.4: bpcie_config_msi: func=4 subfunc=28 addr=fee05000 data=00000023?
[    4.028033] baikal_pcie 0000:00:14.4: bpcie_msi_write_msg(fee05000, 00000023) mask=0x0 irq=38 hwirq=0x1c (____ptrval____)?
[    4.028033] baikal_pcie 0000:00:14.4: bpcie_config_msi: func=4 subfunc=28 addr=fee05000 data=00000023?
[    4.068196] baikal_pcie 0000:00:14.4: bpcie_msi_write_msg(fee06000, 00000023) mask=0x0 irq=39 hwirq=0x1d (____ptrval____)?
[    4.069175] baikal_pcie 0000:00:14.4: bpcie_config_msi: func=4 subfunc=29 addr=fee06000 data=00000023?
[    4.069175] baikal_pcie 0000:00:14.4: bpcie_msi_write_msg(fee06000, 00000023) mask=0x0 irq=39 hwirq=0x1d (____ptrval____)?
[    4.069175] baikal_pcie 0000:00:14.4: bpcie_config_msi: func=4 subfunc=29 addr=fee06000 data=00000023?
[    4.109336] baikal_pcie 0000:00:14.4: bpcie_msi_write_msg(fee07000, 00000023) mask=0x0 irq=40 hwirq=0x1e (____ptrval____)?
[    4.110320] baikal_pcie 0000:00:14.4: bpcie_config_msi: func=4 subfunc=30 addr=fee07000 data=00000023?
[    4.110320] baikal_pcie 0000:00:14.4: bpcie_msi_write_msg(fee07000, 00000023) mask=0x0 irq=40 hwirq=0x1e (____ptrval____)?
[    4.110320] baikal_pcie 0000:00:14.4: bpcie_config_msi: func=4 subfunc=30 addr=fee07000 data=00000023?
[    4.150485] baikal_pcie 0000:00:14.4: bpcie_msi_write_msg(fee00000, 00000024) mask=0x0 irq=41 hwirq=0x1f (____ptrval____)?
[    4.151460] baikal_pcie 0000:00:14.4: bpcie_config_msi: func=4 subfunc=31 addr=fee00000 data=00000024?
[    4.151460] baikal_pcie 0000:00:14.4: bpcie_msi_write_msg(fee00000, 00000024) mask=0x0 irq=41 hwirq=0x1f (____ptrval____)?
[    4.151460] baikal_pcie 0000:00:14.4: bpcie_config_msi: func=4 subfunc=31 addr=fee00000 data=00000024?
[    4.191641] bpcie_icc_init: shotgun-registered ICC at 32 additional virqs (0..63)?
[    4.199276] baikal_pcie 0000:00:14.4: icc init-diag: ICC virq=13 STATUS=0x0 IRQ_MASK=0x3 DOORBELL_off=0x108004 STATUS_off=0x108014?
[    4.211308] i2c i2c-0: adapter [icc] registered?
[    4.216069] icc_interrupt: irq=35 entry status=0x2?
[    4.216978] icc_interrupt: irq=0 entry status=0x2?
[    4.242862] icc_interrupt: irq=35 entry status=0x1?
[    4.243361] icc_interrupt: irq=0 entry status=0x1?
[    4.252559] Turn ON BT/WLAN: ret=20, reply 00 00 00 00?
[    4.252700] icc_interrupt: irq=35 entry status=0x2?
[    4.253365] icc_interrupt: irq=0 entry status=0x2?
[    4.267616] usb0 status: ret=20, reply 00 00 01 00?
[    4.267621] USB is already turned ON!?
[    4.272616] input: Power Button as /devices/pci0000:00/0000:00:14.4/input/input0?
[    4.284028] icc_interrupt: irq=35 entry status=0x2?
[    4.284939] icc_interrupt: irq=0 entry status=0x2?
[    4.302857] icc_interrupt: irq=35 entry status=0x1?
[    4.303359] icc_interrupt: irq=0 entry status=0x1?
[    4.312539] icc: not ready?
[    4.315299] baikal_pcie 0000:00:14.4: icc_pwrbutton_init: Failed to enable reset notifications (-11)?
[    4.343360] ret=46, reply 00 00 03 00 00 00 15 00?
[    4.353250] ret=20, reply 00 00 01 02 10 00 00 00?
[    4.363148] ret=20, reply 00 00 00 00 00 00 00 00?
[    4.368110] wireguard: WireGuard 1.0.0 loaded. See www.wireguard.com for information.?
[    4.376095] wireguard: Copyright (C) 2015-2019 Jason A. Donenfeld <Jason@zx2c4.com>. All Rights Reserved.?
[    4.386356] sky2: driver version 1.30?
[    4.390146] resource: resource sanity check: requesting [mem 0x00000000c2000000-0x00000000c2003fff], which spans more than 0000:00:14.1 [mem 0xc2000000-0xc2000fff 64bit]?
[    4.405572] caller sky2_probe+0x153/0x330 mapping multiple BARs?
[    4.411618] sky2 0000:00:14.1: PS4 Baikal: B2_CHIP_ID=0x0, forcing YUKON_PRM?
[    4.418807] sky2 0000:00:14.1: chip type 0xbd?
[    4.423262] sky2 0000:00:14.1: Yukon-2 OptimaEEE chip revision 0?
[    4.429440] sky2 0000:00:14.1: bpcie_assign_irqs(1)?
[    4.434428] bpcie_init_dev_msi_info: dev=0000:00:14.1 installed bpcie demuxer (sc=(____ptrval____))?
[    4.443702] bpcie_msi_init: virq=1 hwirq=0x0 domain=(____ptrval____) info=(____ptrval____) sc=(____ptrval____)?
[    4.453913] bpcie_msi_init: registered virq=1 irq_map[32]?
[    4.459432] sky2 0000:00:14.1: bpcie_msi_write_msg(fee00000, 000000ef) mask=0x0 irq=1 hwirq=0x0 (____ptrval____)?
[    4.469828] baikal_pcie 0000:00:14.4: bpcie_config_msi: func=1 subfunc=0 addr=fee00000 data=000000ef?
[    4.479185] sky2 0000:00:14.1: bpcie_assign_irqs returning 1?
[    4.484964] sky2 0000:00:14.1: PS4 Baikal: skipping MSI self-test in APCIE branch?
[    4.492872] sky2 0000:00:14.1 eth0: addr 2c:cc:44:57:0b:3a?
[    4.498938] xhci_aeolia 0000:00:14.7: bpcie_assign_irqs(3)?
[    4.504541] bpcie_init_dev_msi_info: dev=0000:00:14.7 installed bpcie demuxer (sc=(____ptrval____))?
[    4.513812] bpcie_msi_init: virq=2 hwirq=0x0 domain=(____ptrval____) info=(____ptrval____) sc=(____ptrval____)?
[    4.524016] bpcie_msi_init: registered virq=2 irq_map[33]?
[    4.529527] xhci_aeolia 0000:00:14.7: bpcie_msi_write_msg(fee00000, 000000ef) mask=0x0 irq=2 hwirq=0x0 (____ptrval____)?
[    4.540532] baikal_pcie 0000:00:14.4: bpcie_config_msi: func=7 subfunc=0 addr=fee00000 data=000000ef?
[    4.549871] xhci_aeolia 0000:00:14.7: bpcie_assign_irqs returning 1?
[    4.556266] xhci_aeolia 0000:00:14.7: version 3.0?
[    4.561079] xhci_aeolia 0000:00:14.7: Belize SATA PHY init?
[    5.566711] xhci_aeolia 0000:00:14.7: PHY SET GEN3?
[    5.571595] xhci_aeolia 0000:00:14.7: Belize SATA PHY Trace length : 6?
[    6.578334] xhci_aeolia 0000:00:14.7: Align 90=0x00?
[    6.583400] xhci_aeolia 0000:00:14.7: AHCI vers 0001.0300, 32 command slots, 6 Gbps, ATA mode?
[    6.592100] xhci_aeolia 0000:00:14.7: 1/1 ports implemented (port mask 0x1)?
[    6.599198] xhci_aeolia 0000:00:14.7: flags: ncq sntf pm clo only pmp pio slum part ccc apst ?
[    6.607942] xhci_aeolia 0000:00:14.7: bpcie_msi_write_msg(fee01000, 00000024) mask=0x0 irq=2 hwirq=0x0 (____ptrval____)?
[    6.608888] baikal_pcie 0000:00:14.4: bpcie_config_msi: func=7 subfunc=0 addr=fee01000 data=00000024?
[    6.608888] xhci_aeolia 0000:00:14.7: bpcie_msi_write_msg(fee01000, 00000024) mask=0x0 irq=2 hwirq=0x0 (____ptrval____)?
[    6.608888] baikal_pcie 0000:00:14.4: bpcie_config_msi: func=7 subfunc=0 addr=fee01000 data=00000024?
[    6.649122] scsi host0: ahci?
[    6.652179] ata1: SATA max UDMA/133 abar m65536@0xce800000 port 0xce800100 irq 2 lpm-pol 0?
[    6.711478] xhci_aeolia_probe_one 0, controller is 90de?
[    6.716879] xhci_aeolia 0000:00:14.7: xHCI Host Controller?
[    6.722493] xhci_aeolia 0000:00:14.7: new USB bus registered, assigned bus number 1?
[    6.730435] xhci_aeolia 0000:00:14.7: hcc params 0x0228f66c hci version 0x100 quirks 0x0004000000010010?
[    6.740026] xhci_aeolia 0000:00:14.7: irq 2, io mem 0xce000000?
[    6.746090] xhci_aeolia 0000:00:14.7: xHCI Host Controller?
[    6.751687] xhci_aeolia 0000:00:14.7: new USB bus registered, assigned bus number 2?
[    6.780477] xhci_aeolia 0000:00:14.7: Host supports USB 3.0 SuperSpeed?
[    6.787283] usb usb1: New USB device found, idVendor=1d6b, idProduct=0002, bcdDevice= 6.15?
[    6.795712] usb usb1: New USB device strings: Mfr=3, Product=2, SerialNumber=1?
[    6.803077] usb usb1: Product: xHCI Host Controller?
[    6.808048] usb usb1: Manufacturer: Linux 6.15.4-Baikal_TESTING_crashniels-dirty xhci-hcd?
[    6.816383] usb usb1: SerialNumber: 0000:00:14.7?
[    6.821460] hub 1-0:1.0: USB hub found?
[    6.825309] hub 1-0:1.0: 2 ports detected?
[    6.829613] usb usb2: We don't know the algorithms for LPM for this host, disabling LPM.?
[    6.837940] usb usb2: New USB device found, idVendor=1d6b, idProduct=0003, bcdDevice= 6.15?
[    6.846369] usb usb2: New USB device strings: Mfr=3, Product=2, SerialNumber=1?
[    6.853738] usb usb2: Product: xHCI Host Controller?
[    6.858711] usb usb2: Manufacturer: Linux 6.15.4-Baikal_TESTING_crashniels-dirty xhci-hcd?
[    6.867058] usb usb2: SerialNumber: 0000:00:14.7?
[    6.872061] hub 2-0:1.0: USB hub found?
[    6.875909] hub 2-0:1.0: 2 ports detected?
[    6.900498] xhci_aeolia_probe_one 2, controller is 90de?
[    6.905898] xhci_aeolia 0000:00:14.7: xHCI Host Controller?
[    6.911504] xhci_aeolia 0000:00:14.7: new USB bus registered, assigned bus number 3?
[    6.919442] xhci_aeolia 0000:00:14.7: hcc params 0x0220f06c hci version 0x100 quirks 0x0004000000010010?
[    6.929056] xhci_aeolia 0000:00:14.7: irq 2, io mem 0xcf000000?
[    6.935017] debugfs: Directory '0000:00:14.7' with parent 'xhci' already present!?
[    6.942678] xhci_aeolia 0000:00:14.7: xHCI Host Controller?
[    6.948275] xhci_aeolia 0000:00:14.7: new USB bus registered, assigned bus number 4?
[    6.976490] xhci_aeolia 0000:00:14.7: Host supports USB 3.0 SuperSpeed?
[    6.983297] usb usb3: New USB device found, idVendor=1d6b, idProduct=0002, bcdDevice= 6.15?
[    6.991733] usb usb3: New USB device strings: Mfr=3, Product=2, SerialNumber=1?
[    6.999100] usb usb3: Product: xHCI Host Controller?
[    7.004073] usb usb3: Manufacturer: Linux 6.15.4-Baikal_TESTING_crashniels-dirty xhci-hcd?
[    7.012413] usb usb3: SerialNumber: 0000:00:14.7?
[    7.017510] hub 3-0:1.0: USB hub found?
[    7.021365] hub 3-0:1.0: 1 port detected?
[    7.025547] usb usb4: We don't know the algorithms for LPM for this host, disabling LPM.?
[    7.033915] usb usb4: New USB device found, idVendor=1d6b, idProduct=0003, bcdDevice= 6.15?
[    7.042354] usb usb4: New USB device strings: Mfr=3, Product=2, SerialNumber=1?
[    7.049725] usb usb4: Product: xHCI Host Controller?
[    7.054698] usb usb4: Manufacturer: Linux 6.15.4-Baikal_TESTING_crashniels-dirty xhci-hcd?
[    7.063035] usb usb4: SerialNumber: 0000:00:14.7?
[    7.068122] hub 4-0:1.0: USB hub found?
[    7.072043] hub 4-0:1.0: 1 port detected?
[    7.093546] usb 1-1: new high-speed USB device number 2 using xhci_aeolia?
[    7.100906] usbcore: registered new interface driver uas?
[    7.106390] usbcore: registered new interface driver usb-storage?
[    7.112567] i8042: PNP: No PS/2 controller found.?
[    7.117664] mousedev: PS/2 mouse device common for all mice?
[    7.123525] usbcore: registered new interface driver xpad?
[    7.129097] ata1: SATA link up 3.0 Gbps (SStatus 123 SControl 300)?
[    7.129266] i2c_dev: i2c /dev entries driver?
[    7.140053] i2c_dev: adapter [icc] registered as minor 0?
[    7.145505] i2c-core: driver [i2c-slave-eeprom] registered?
[    7.151116] ata1.00: FORCE: modified (disable)?
[    7.151566] device-mapper: ioctl: 4.49.0-ioctl (2025-01-17) initialised: dm-devel@lists.linux.dev?
[    7.155676] ata1.00: unsupported device, disabling?
[    7.155861] amd_pstate: the _CPC object is not present in SBIOS or ACPI disabled?
[    7.164737] ata1.00: disable device?
[    7.180753] sdhci: Secure Digital Host Controller Interface driver?
[    7.187050] sdhci: Copyright(c) Pierre Ossman?
[    7.191537] usb usb3-port1: over-current condition?
[    7.191664] sdhci-pci 0000:00:14.3: SDHCI controller found [104d:90da] (rev 0)?
[    7.191744] hid: raw HID events driver (C) Jiri Kosina?
[    7.192091] usbcore: registered new interface driver usbhid?
[    7.192095] usbhid: USB HID core driver?
[    7.192613] snd_hda_intel 0000:00:01.1: can't derive routing for PCI INT B?
[    7.192618] snd_hda_intel 0000:00:01.1: PCI INT B: not connected?
[    7.192891] NET: Registered PF_INET6 protocol family?
[    7.193576] Segment Routing with IPv6?
[    7.193602] In-situ OAM (IOAM) with IPv6?
[    7.193643] NET: Registered PF_PACKET protocol family?
[    7.193720] Bluetooth: RFCOMM TTY layer initialized?
[    7.193728] Bluetooth: RFCOMM socket layer initialized?
[    7.193735] Bluetooth: RFCOMM ver 1.11?
[    7.193742] Bluetooth: BNEP (Ethernet Emulation) ver 1.3?
[    7.193744] Bluetooth: BNEP filters: protocol multicast?
[    7.193749] Bluetooth: BNEP socket layer initialized?
[    7.193751] Bluetooth: HIDP (Human Interface Emulation) ver 1.2?
[    7.193758] Bluetooth: HIDP socket layer initialized?
[    7.226748] usb 1-1: New USB device found, idVendor=1a40, idProduct=0101, bcdDevice= 1.00?
[    7.231899] bpcie_init_dev_msi_info: dev=0000:00:14.3 installed bpcie demuxer (sc=(____ptrval____))?
[    7.235189] input: HD-Audio Generic HDMI/DP,pcm=3 as /devices/pci0000:00/0000:00:01.1/sound/card0/input1?
[    7.235325] input: HD-Audio Generic HDMI/DP,pcm=7 as /devices/pci0000:00/0000:00:01.1/sound/card0/input2?
[    7.236859] usb 1-1: New USB device strings: Mfr=0, Product=1, SerialNumber=0?
[    7.240650] bpcie_msi_init: virq=4 hwirq=0x0 domain=(____ptrval____) info=(____ptrval____) sc=(____ptrval____)?
[    7.244582] usb 1-1: Product: USB2.0 HUB?
[    7.299303] hub 1-1:1.0: USB hub found?
[    7.308174] bpcie_msi_init: registered virq=4 irq_map[34]?
[    7.308185] sdhci-pci 0000:00:14.3: bpcie_msi_write_msg(fee00000, 000000ef) mask=0x0 irq=4 hwirq=0x0 (____ptrval____)?
[    7.317943] hub 1-1:1.0: 4 ports detected?
[    7.327507] baikal_pcie 0000:00:14.4: bpcie_config_msi: func=3 subfunc=0 addr=fee00000 data=000000ef?
[    7.382978] sdhci-pci 0000:00:14.3: bpcie_msi_write_msg(fee03000, 00000024) mask=0x0 irq=4 hwirq=0x0 (____ptrval____)?
[    7.382983] microcode: Current revision: 0x0701a001?
[    7.383003] baikal_pcie 0000:00:14.4: bpcie_config_msi: func=3 subfunc=0 addr=fee03000 data=00000024?
[    7.406372] sdhci-pci 0000:00:14.3: bpcie_msi_write_msg(fee03000, 00000024) mask=0x0 irq=4 hwirq=0x0 (____ptrval____)?
[    7.414372] baikal_pcie 0000:00:14.4: bpcie_config_msi: func=3 subfunc=0 addr=fee03000 data=00000024?
[    7.428396] usb usb4-port1: over-current condition?
[    7.428580] IPI shorthand broadcast: enabled?
[    7.437752] usb 2-2: new SuperSpeed USB device number 2 using xhci_aeolia?
[    7.437848] mmc0: SDHCI controller on PCI [0000:00:14.3] using ADMA?
[    7.454132] sched_clock: Marking stable (6732003045, 721342145)->(9819203399, -2365858209)?
[    7.463075] registered taskstats version 1?
[    7.467304] Loading compiled-in X.509 certificates?
[    7.477911] usb 2-2: New USB device found, idVendor=0951, idProduct=1666, bcdDevice= 1.10?
[    7.486282] usb 2-2: New USB device strings: Mfr=2, Product=3, SerialNumber=4?
[    7.493564] usb 2-2: Product: DataTraveler 3.0?
[    7.498094] usb 2-2: Manufacturer: Kingston?
[    7.502358] usb 2-2: SerialNumber: E0D55EA573F0194049CD0236?
[    7.508123] Demotion targets for Node 0: null?
[    7.508760] usb-storage 2-2:1.0: USB Mass Storage device detected?
[    7.513670] Btrfs loaded, zoned=no, fsverity=no?
[    7.519277] scsi host1: usb-storage 2-2:1.0?
[    7.523959] amdgpu 0000:00:01.0: can't derive routing for PCI INT A?
[    7.534147] amdgpu 0000:00:01.0: PCI INT A: not connected?
[    7.539671] [drm] initializing kernel modesetting (LIVERPOOL 0x1002:0x9923 0x1002:0x9923 0x00).?
[    7.548682] [drm] register mmio base: 0xE4800000?
[    7.553432] [drm] register mmio size: 262144?
[    7.557937] amdgpu 0000:00:01.0: amdgpu: detected ip block number 0 <cik_common>?
[    7.565489] amdgpu 0000:00:01.0: amdgpu: detected ip block number 1 <gmc_v7_0>?
[    7.572854] amdgpu 0000:00:01.0: amdgpu: detected ip block number 2 <cik_ih>?
[    7.580042] amdgpu 0000:00:01.0: amdgpu: detected ip block number 3 <dce_v8_0>?
[    7.586548] mmc0: new UHS-I speed SDR104 SDIO card at address 0001?
[    7.587436] amdgpu 0000:00:01.0: amdgpu: detected ip block number 4 <gfx_v7_0>?
[    7.587441] amdgpu 0000:00:01.0: amdgpu: detected ip block number 5 <cik_sdma>?
[    7.589728] [wlan][79]halPollDbgCr:(INIT WARN) SWPCDBGR 0x00000000?
[    7.593756] amdgpu 0000:00:01.0: amdgpu: detected ip block number 6 <uvd_v4_2>?
[    7.593760] amdgpu 0000:00:01.0: amdgpu: detected ip block number 7 <vce_v2_0>?
[    7.665961] amdgpu 0000:00:01.0: amdgpu: Fetched VBIOS from ROM BAR?
[    7.672362] amdgpu: ATOM BIOS: 113-Starsha2-018?
[    7.677378] amdgpu 0000:00:01.0: vgaarb: deactivate vga console?
[    7.683431] amdgpu 0000:00:01.0: amdgpu: Trusted Memory Zone (TMZ) feature not supported?
[    7.691699] amdgpu: ps4_atom: VBIOS dp_extclk=10000 (PS4 forces 0 on Liverpool/Gladius)?
[    7.700074] i2c_dev: adapter [AMDGPU i2c bit bus 0x90] registered as minor 1?
[    7.707339] i2c i2c-1: adapter [AMDGPU i2c bit bus 0x90] registered?
[    7.712399] usb 1-1.3: new low-speed USB device number 3 using xhci_aeolia?
[    7.713880] i2c_dev: adapter [AMDGPU i2c bit bus 0x91] registered as minor 2?
[    7.728018] i2c i2c-2: adapter [AMDGPU i2c bit bus 0x91] registered?
[    7.734413] stackdepot: allocating hash table of 524288 entries via kvcalloc?
[    7.745555] [drm] vm size is 64 GB, 2 levels, block size is 10-bit, fragment size is 9-bit?
[    7.754021] amdgpu 0000:00:01.0: amdgpu: VRAM: 1024M 0x0000000F00000000 - 0x0000000F3FFFFFFF (1024M used)?
[    7.763785] amdgpu 0000:00:01.0: amdgpu: GART: 16384M 0x0000000000000000 - 0x00000003FFFFFFFF?
[    7.772496] [drm] Detected VRAM RAM=1024M, BAR=1024M?
[    7.777558] [drm] RAM width 64bits UNKNOWN?
[    7.782028] [drm] amdgpu: 1024M of VRAM memory ready?
[    7.787106] [drm] amdgpu: 3459M of GTT memory ready.?
[    7.792213] [drm] GART: num cpu pages 4194304, num gpu pages 4194304?
[    7.798704] amdgpu 0000:00:01.0: amdgpu: Done gart?
[    7.803607] amdgpu 0000:00:01.0: amdgpu: Done init?
[    7.808521] [drm] ps4: bound dummy page at GART virtual 0x300000000 (pa=0x10e1000) for UVD fw access?
[    7.817843] [drm] ps4: bound dummy page at GART virtual 0x0 (pa=0x10e1000) for UVD fw null-deref?
[    7.826806] [drm] PCIE GART of 16384M enabled (table at 0x0000000F02000000).?
[    7.834810] [drm] forcing HDMI-A-1 connector on?
[    7.839466] amdgpu: ps4_bridge: forcing bridge init at attach (mode=VIC 16)?
[    7.846572] amdgpu: ps4_bridge_pre_enable: BEGIN (mode=VIC 16)?
[    7.852525] amdgpu: ps4_bridge_cq: enqueue WAIT_CLEAR addr=0x7a84 mask=0x01?
[    7.864769] call_irq_handler: 2.61 No irq handler for vector?
[    7.868389] amdgpu: ps4_bridge_cq: exec code=4 req_len=32 groups=2 res=20 reply_res=0/0 count=0 data[0..7]=00 00 00 00 00 00 00 00 elapsed=8760us?
[    7.870556] call_irq_handler: 2.61 No irq handler for vector?
[    7.889638] amdgpu: ps4_bridge_pre_enable: cq_exec returned 20?
[    7.895589] amdgpu: ps4_bridge_pre_enable: END?
[    7.900117] amdgpu: ps4_bridge_enable: BEGIN (mode=VIC 16, dev=0x9923)?
[    7.908724] usb 1-1.3: New USB device found, idVendor=04f3, idProduct=152e, bcdDevice=1c.02?
[    7.917257] usb 1-1.3: New USB device strings: Mfr=1, Product=2, SerialNumber=0?
[    7.924711] usb 1-1.3: Product: Gaming KB?
[    7.928813] usb 1-1.3: Manufacturer: Gaming KB?
[    8.038871] input: Gaming KB Gaming KB as /devices/pci0000:00/0000:00:14.7/usb1/1-1/1-1.3/1-1.3:1.0/0003:04F3:152E.0001/input/input3?
[    8.064608] hid-generic 0003:04F3:152E.0001: input,hidraw0: USB HID v1.11 Keyboard [Gaming KB Gaming KB] on usb-0000:00:14.7-1.3/input0?
[    8.098579] input: Gaming KB Gaming KB Consumer Control as /devices/pci0000:00/0000:00:14.7/usb1/1-1/1-1.3/1-1.3:1.1/0003:04F3:152E.0002/input/input4?
[    8.114525] input: Gaming KB Gaming KB System Control as /devices/pci0000:00/0000:00:14.7/usb1/1-1/1-1.3/1-1.3:1.1/0003:04F3:152E.0002/input/input5?
[    8.131322] input: Gaming KB Gaming KB Keyboard as /devices/pci0000:00/0000:00:14.7/usb1/1-1/1-1.3/1-1.3:1.1/0003:04F3:152E.0002/input/input6?
[    8.147591] input: Gaming KB Gaming KB as /devices/pci0000:00/0000:00:14.7/usb1/1-1/1-1.3/1-1.3:1.1/0003:04F3:152E.0002/input/input7?
[    8.164185] hid-generic 0003:04F3:152E.0002: input,hiddev96,hidraw1: USB HID v1.11 Keyboard [Gaming KB Gaming KB] on usb-0000:00:14.7-1.3/input1?
[    8.408456] amdgpu: ps4_bridge_cq: --- chunk A: DP lane status (waits 0x60f8/0xff, 0x60f9/0x01, 0x60f9/0x1a) ---?
[    8.418938] amdgpu: ps4_bridge_cq: enqueue WAIT_SET addr=0x60f8 mask=0xff?
[    8.425904] amdgpu: ps4_bridge_cq: enqueue WAIT_SET addr=0x60f9 mask=0x01?
[    8.432873] amdgpu: ps4_bridge_cq: enqueue WAIT_SET addr=0x60f9 mask=0x1a?
[    8.440743] call_irq_handler: 2.61 No irq handler for vector?
[    8.446561] call_irq_handler: 2.61 No irq handler for vector?
[    8.452358] call_irq_handler: 2.61 No irq handler for vector?
[    8.453076] amdgpu: ps4_bridge_cq: exec code=4 req_len=49 groups=5 res=20 reply_res=0/0 count=0 data[0..7]=00 00 00 00 00 00 00 00 elapsed=13231us?
[    8.456378] usb 1-1.4: new low-speed USB device number 4 using xhci_aeolia?
[    8.478677] amdgpu: ps4_bridge_cq: chunk A (DP lane status) result rc=20?
[    8.486713] call_irq_handler: 2.61 No irq handler for vector?
[    8.488399] amdgpu: ps4_bridge_cq: exec code=4 req_len=12 groups=1 res=29 reply_res=0/0 count=1 data[0..7]=01 60 f8 ff 00 00 00 00 elapsed=2847us?
[    8.492528] call_irq_handler: 2.61 No irq handler for vector?
[    8.494317] [wlan][79]wlanAdapterStart:(INIT WARN) Send a Dummy CMD as workaround?
[    8.505836] amdgpu: ps4_bridge_cq: readback 0x60f8 rc=29 val=0xff?
[    8.506712] call_irq_handler: 2.61 No irq handler for vector?
[    8.507916] amdgpu: ps4_bridge_cq: exec code=4 req_len=12 groups=1 res=29 reply_res=0/0 count=1 data[0..7]=01 60 f9 1b 00 00 00 00 elapsed=2075us?
[    8.507925] amdgpu: ps4_bridge_cq: readback 0x60f9 rc=29 val=0x1b?
[    8.507927] amdgpu: ps4_bridge_cq: --- chunk B: HDMI/update setup (wait 0x10f6/0x80) ---?
[    8.507930] amdgpu: ps4_bridge_cq: enqueue WAIT_SET addr=0x10f6 mask=0x80?
[    8.511780] [wlan][79]wlanQueryNicCapability:(INIT WARN) wlanQueryNicCapability: skip unexpected event ID[0x27]?
[    8.519241] call_irq_handler: 2.61 No irq handler for vector?
[    8.582571] scsi 1:0:0:0: Direct-Access     Kingston DataTraveler 3.0 0000 PQ: 0 ANSI: 6?
[    8.591164] sd 1:0:0:0: Attached scsi generic sg0 type 0?
[    8.592099] sd 1:0:0:0: [sda] 242155520 512-byte logical blocks: (124 GB/115 GiB)?
[    8.597260] [wlan][79]wlanAdapterStart:(INIT WARN) wlanAdapterStart: load manufacture data fail?
[    8.604707] sd 1:0:0:0: [sda] Write Protect is off?
[    8.618028] sd 1:0:0:0: [sda] Mode Sense: 23 00 00 00?
[    8.623450] sd 1:0:0:0: [sda] Write cache: disabled, read cache: enabled, doesn't support DPO or FUA?
[    8.638513] usb 1-1.4: New USB device found, idVendor=0000, idProduct=3825, bcdDevice= 1.00?
[    8.647069] usb 1-1.4: New USB device strings: Mfr=0, Product=1, SerialNumber=0?
[    8.654449]  sda: sda1 sda2?
[    8.654548] usb 1-1.4: Product:  USB OPTICAL MOUSE?
[    8.657630] sd 1:0:0:0: [sda] Attached SCSI removable disk?
[    8.709966] input:  USB OPTICAL MOUSE as /devices/pci0000:00/0000:00:14.7/usb1/1-1/1-1.4/1-1.4:1.0/0003:0000:3825.0003/input/input8?
[    8.722333] hid-generic 0003:0000:3825.0003: input,hidraw2: USB HID v1.11 Mouse [ USB OPTICAL MOUSE] on usb-0000:00:14.7-1.4/input0?
[    8.792172] [wlan][79]mtk_reg_notify:(RLM WARN) County Code is not assigned. Use default WW.?
[    8.800821] [wlan][79]rlmDomainSearchRegdomainFromLocalDataBase:(RLM ERROR) rlmDomainSearchRegdomainFromLocalDataBase(): Error, Cannot find the correct RegDomain. country = 00.?
[    8.812631] call_irq_handler: 2.61 No irq handler for vector?
[    8.818609] [wlan][108]wlanBindBssIdxToNetInterface:(INIT ERROR) Array index out of bound, ucBssIndex=4?
[    8.832256] [wlan][108]p2pRoleFsmStateTransition:(P2P STATE) [P2P_ROLE][0]TRANSITION(Bss1): [P2P_ROLE_STATE_IDLE] -> [P2P_ROLE_STATE_IDLE]?
[    8.844965] [wlan][108]wlanBindBssIdxToNetInterface:(INIT ERROR) Array index out of bound, ucBssIndex=4?
[    8.854556] [wlan][108]p2pRoleFsmStateTransition:(P2P STATE) [P2P_ROLE][1]TRANSITION(Bss2): [P2P_ROLE_STATE_IDLE] -> [P2P_ROLE_STATE_IDLE]?
[    8.867247] [wlan][108]wlanProcessCommandQueue:(INIT WARN) NO Res CMD TYPE[1] ID[0x11] SEQ[29]?
[    8.876050] [wlan][108]wlanProcessCommandQueue:(INIT WARN) NO Res CMD TYPE[1] ID[0x11] SEQ[29]?
[    8.876591] [wlan][109]halPrintMailbox:(INIT ERROR) MailBox Status = 0x0003005A, 0x00FF00FF?
[    8.893428] [wlan][109]halPollDbgCr:(INIT WARN) SWPCDBGR 0xE0010DE2?
[    8.899876] [wlan][109]halPollDbgCr:(INIT WARN) SWPCDBGR 0xE0010DE2?
[    8.906324] [wlan][109]halPollDbgCr:(INIT WARN) SWPCDBGR 0xE0010E1C?
[    8.912773] [wlan][109]halPollDbgCr:(INIT WARN) SWPCDBGR 0xE0010DE2?
[    8.919220] [wlan][109]halPollDbgCr:(INIT WARN) SWPCDBGR 0xE0010DE2?
[    8.925715] [wlan][108]wlanProcessCommandQueue:(INIT WARN) NO Res CMD TYPE[1] ID[0x70] SEQ[36]?
[    8.926161] [wlan][109]halPrintMailbox:(INIT ERROR) MailBox Status = 0x0003005A, 0x00FF00FF?
[    8.943095] [wlan][109]halPollDbgCr:(INIT WARN) SWPCDBGR 0xE0010DE2?
[    8.949544] [wlan][109]halPollDbgCr:(INIT WARN) SWPCDBGR 0xE0010DE2?
[    8.955990] [wlan][109]halPollDbgCr:(INIT WARN) SWPCDBGR 0xE0010DEA?
[    8.962440] [wlan][109]halPollDbgCr:(INIT WARN) SWPCDBGR 0xE0010DE2?
[    8.963391] amdgpu: ps4_bridge_cq: exec code=4 req_len=170 groups=6 res=20 reply_res=0/0 count=0 data[0..7]=00 00 00 00 00 00 00 00 elapsed=455457us?
[    8.968892] [wlan][109]halPollDbgCr:(INIT WARN) SWPCDBGR 0xE0010DE2?
[    8.982391] amdgpu: ps4_bridge_cq: chunk B (HDMI/update) result rc=20?
[    8.982816] [wlan][109]halPrintMailbox:(INIT ERROR) MailBox Status = 0x0003005A, 0x00FF00FF?
[    8.998396] amdgpu: ps4_bridge_cq: exec code=4 req_len=12 groups=1 res=29 reply_res=0/0 count=1 data[0..7]=01 10 f6 d5 00 00 00 00 elapsed=9602us?
[    9.003931] [wlan][109]halPollDbgCr:(INIT WARN) SWPCDBGR 0xE0010DF6?
[    9.017170] amdgpu: ps4_bridge_cq: readback 0x10f6 rc=29 val=0xd5?
[    9.017236] [wlan][109]halPollDbgCr:(INIT WARN) SWPCDBGR 0xE0010DE2?
[    9.023569] amdgpu: ps4_bridge_cq: --- chunk C: PLL/7204/finalize (wait_clear 0x7204/0x40) ---?
[    9.023634] [wlan][109]halPollDbgCr:(INIT WARN) SWPCDBGR 0xE0010DE2?
[    9.029794] amdgpu: ps4_bridge_cq: enqueue WAIT_CLEAR addr=0x7204 mask=0x40?
[    9.029859] [wlan][109]halPollDbgCr:(INIT WARN) SWPCDBGR 0xE0010DE2?
[    9.064904] [wlan][109]halPollDbgCr:(INIT WARN) SWPCDBGR 0xE0010DE2?
[    9.071514] [wlan][108]wlanoidSetGtkRekeyData:(REQ INFO) wlanoidSetGtkRekeyData?
[    9.078983] [wlan][108]wlanoidSetGtkRekeyData:(REQ INFO) ucCmdSeqNum = 41?
[    9.412586] icc_interrupt: 27 callbacks suppressed?
[    9.412600] icc_interrupt: irq=35 entry status=0x1?
[    9.413360] icc_interrupt: irq=0 entry status=0x1?
[    9.427178] amdgpu: ps4_bridge_cq: exec code=4 req_len=81 groups=7 res=20 reply_res=0/0 count=0 data[0..7]=00 00 00 00 00 00 00 00 elapsed=390982us?
[    9.440674] amdgpu: ps4_bridge_cq: chunk C (PLL/7204) result rc=20?
[    9.446977] amdgpu: ps4_bridge_enable: MN864729 main seq cq_exec=20?
[    9.453571] icc_interrupt: irq=35 entry status=0x2?
[    9.454364] icc_interrupt: irq=0 entry status=0x2?
[    9.542644] icc_interrupt: irq=35 entry status=0x1?
[    9.543359] icc_interrupt: irq=0 entry status=0x1?
[    9.552351] amdgpu: ps4_bridge_cq: exec code=4 req_len=12 groups=1 res=29 reply_res=0/0 count=1 data[0..7]=01 72 04 00 00 00 00 00 elapsed=98985us?
[    9.565735] amdgpu: ps4_bridge_cq: readback 0x7204 rc=29 val=0x00?
[    9.572168] icc_interrupt: irq=35 entry status=0x2?
[    9.572981] icc_interrupt: irq=0 entry status=0x2?
[    9.577576] icc_interrupt: irq=35 entry status=0x1?
[    9.581901] amdgpu: ps4_bridge_cq: exec code=4 req_len=64 groups=2 res=20 reply_res=0/0 count=0 data[0..7]=00 00 00 00 00 00 00 00 elapsed=9954us?
[    9.600040] amdgpu: ps4_bridge_cq: enqueue WAIT_SET addr=0x10f6 mask=0xa2?
[    9.606960] amdgpu: ps4_bridge_cq: enqueue WAIT_CLEAR addr=0x7204 mask=0x10?
[    9.614298] icc_interrupt: irq=35 entry status=0x2?
[    9.692358] amdgpu: ps4_bridge_cq: exec code=4 req_len=121 groups=10 res=20 reply_res=0/0 count=0 data[0..7]=00 00 00 00 00 00 00 00 elapsed=78301us?
[    9.705924] amdgpu: ps4_bridge_enable: END?
[    9.710102] [drm] AMDGPU Display Connectors?
[    9.714363] [drm] Connector 0:?
[    9.717475] [drm]   HDMI-A-1?
[    9.720409] [drm]   HPD1?
[    9.722989] [drm]   DDC: 0x194c 0x194c 0x194d 0x194d 0x194e 0x194e 0x194f 0x194f?
[    9.730529] [drm]   Encoders:?
[    9.733551] [drm]     DFP1: INTERNAL_UNIPHY?
[    9.747613] [drm] Found UVD firmware Version: 1.101 Family ID: 9?
[    9.753756] [drm] ps4 uvd: enlarging UVD BO from 2764 KB to 3168 KB to cover Sony's 3-region layout?
[    9.765875] [drm] Found VCE firmware Version: 50.10 Binary ID: 2?
[    9.772923] amdgpu: ps4_atom: dig_tx action=7 frev=1 crev=5 enc_id=0x001e dig=0 pll=0 is_dp=1 dp_clk=0 dp_lanes=0 lane_num=0 lane_set=0x00 conn_obj=0x0013 hpd=0?
[    9.792380] amdgpu: ps4_bridge_cq: exec code=4 req_len=12 groups=1 res=29 reply_res=0/0 count=1 data[0..7]=01 60 f8 ff 00 00 00 00 elapsed=4788us?
[    9.812358] amdgpu: ps4_bridge_cq: exec code=4 req_len=12 groups=1 res=29 reply_res=0/0 count=1 data[0..7]=01 60 f9 1b 00 00 00 00 elapsed=6670us?
[    9.825660] amdgpu: ps4_bridge_probe: tag=before-dig_tx-action=7 rc_f8=29 f8=0xff rc_f9=29 f9=0x1b?
[    9.834795] amdgpu: ps4_atom_table: [d=0] enter idx=0x4c (?) ps_size=16?
[    9.841545] amdgpu: ps4_atom_table: [d=0] exit  idx=0x4c (?) ret=0?
[    9.851905] amdgpu: ps4_bridge_cq: exec code=4 req_len=12 groups=1 res=29 reply_res=0/0 count=1 data[0..7]=01 60 f8 ff 00 00 00 00 elapsed=4059us?
[    9.872300] amdgpu: ps4_bridge_cq: exec code=4 req_len=12 groups=1 res=29 reply_res=0/0 count=1 data[0..7]=01 60 f9 1b 00 00 00 00 elapsed=7095us?
[    9.885602] amdgpu: ps4_bridge_probe: tag=after-dig_tx-action=7 rc_f8=29 f8=0xff rc_f9=29 f9=0x1b?
[    9.894647] amdgpu: ps4_atom_table: [d=0] enter idx=0x0c (SetPixelClock) ps_size=20?
[    9.902455] amdgpu: ps4_atom_table: [d=1] enter idx=0x3c (ComputeMemoryEnginePLL) ps_size=20?
[    9.911064] amdgpu: ps4_atom_table: [d=1] exit  idx=0x3c (ComputeMemoryEnginePLL) ret=0?
[    9.919234] amdgpu: ps4_atom_table: [d=1] enter idx=0x3c (ComputeMemoryEnginePLL) ps_size=20?
[    9.927839] amdgpu: ps4_atom_table: [d=1] exit  idx=0x3c (ComputeMemoryEnginePLL) ret=0?
[    9.936037] amdgpu: ps4_atom_table: [d=0] exit  idx=0x0c (SetPixelClock) ret=0?
[    9.946771] amdgpu: ps4_atom_table: [d=0] enter idx=0x3c (ComputeMemoryEnginePLL) ps_size=12?
[    9.955381] amdgpu: ps4_atom_table: [d=0] exit  idx=0x3c (ComputeMemoryEnginePLL) ret=0?
[    9.963542] amdgpu: ps4_atom_table: [d=0] enter idx=0x3c (ComputeMemoryEnginePLL) ps_size=12?
[    9.972148] amdgpu: ps4_atom_table: [d=0] exit  idx=0x3c (ComputeMemoryEnginePLL) ret=0?
[    9.980310] amdgpu: ps4_atom_table: [d=0] enter idx=0x3c (ComputeMemoryEnginePLL) ps_size=12?
[    9.988918] amdgpu: ps4_atom_table: [d=0] exit  idx=0x3c (ComputeMemoryEnginePLL) ret=0?
[    9.997078] amdgpu: ps4_atom_table: [d=0] enter idx=0x3c (ComputeMemoryEnginePLL) ps_size=12?
[   10.005684] amdgpu: ps4_atom_table: [d=0] exit  idx=0x3c (ComputeMemoryEnginePLL) ret=0?
[   10.014775] [drm] ps4 uvd: A15 wrote IOCTL constants ??? region2/3[0]=0x300308000, [1]=0x20000?
[   10.023595] [drm] ps4 uvd: bound fw mirror at GART virtual 0x300000000 (BO gpu_addr=0x93a000, fw_size=313912, total_regions=3178496, pages=776)?
[   10.036712] [drm] ps4 uvd: liverpool start: fw_gpu_addr=0xf00400000 vcpu_bo=(____ptrval____) ring_gpu_addr=0x62f000?
[   10.047401] amdgpu 0000:00:01.0: amdgpu: GPU fault detected: 146 0x001e3b0c?
[   10.054495] amdgpu 0000:00:01.0: amdgpu:   VM_CONTEXT1_PROTECTION_FAULT_ADDR   0x00300000?
[   10.062826] amdgpu 0000:00:01.0: amdgpu:   VM_CONTEXT1_PROTECTION_FAULT_STATUS 0x1E03B00C?
[   10.071156] amdgpu 0000:00:01.0: amdgpu: VM fault (0x0c, vmid 15, pasid 0) at page 3145728, read from 'UMC' (0x554d4300) (59)?
[   10.082676] amdgpu 0000:00:01.0: amdgpu: GPU fault detected: 146 0x001e3b0c?
[   10.089766] amdgpu 0000:00:01.0: amdgpu:   VM_CONTEXT1_PROTECTION_FAULT_ADDR   0x00300000?
[   10.098096] amdgpu 0000:00:01.0: amdgpu:   VM_CONTEXT1_PROTECTION_FAULT_STATUS 0x1E03B00C?
[   10.106425] amdgpu 0000:00:01.0: amdgpu: VM fault (0x0c, vmid 15, pasid 0) at page 3145728, read from 'UMC' (0x554d4300) (59)?
[   10.117946] amdgpu 0000:00:01.0: amdgpu: GPU fault detected: 146 0x001e3b0c?
[   10.125037] amdgpu 0000:00:01.0: amdgpu:   VM_CONTEXT1_PROTECTION_FAULT_ADDR   0x00300000?
[   10.133365] amdgpu 0000:00:01.0: amdgpu:   VM_CONTEXT1_PROTECTION_FAULT_STATUS 0x1E03B00C?
[   10.141693] amdgpu 0000:00:01.0: amdgpu: VM fault (0x0c, vmid 15, pasid 0) at page 3145728, read from 'UMC' (0x554d4300) (59)?
[   10.153216] amdgpu 0000:00:01.0: amdgpu: GPU fault detected: 146 0x001e3b0c?
[   10.160305] amdgpu 0000:00:01.0: amdgpu:   VM_CONTEXT1_PROTECTION_FAULT_ADDR   0x00300000?
[   10.168633] amdgpu 0000:00:01.0: amdgpu:   VM_CONTEXT1_PROTECTION_FAULT_STATUS 0x1E03B00C?
[   10.176961] amdgpu 0000:00:01.0: amdgpu: VM fault (0x0c, vmid 15, pasid 0) at page 3145728, read from 'UMC' (0x554d4300) (59)?
[   10.188480] amdgpu 0000:00:01.0: amdgpu: GPU fault detected: 146 0x001e3b0c?
[   10.195571] amdgpu 0000:00:01.0: amdgpu:   VM_CONTEXT1_PROTECTION_FAULT_ADDR   0x00300000?
[   10.203900] amdgpu 0000:00:01.0: amdgpu:   VM_CONTEXT1_PROTECTION_FAULT_STATUS 0x1E03B00C?
[   10.212228] amdgpu 0000:00:01.0: amdgpu: VM fault (0x0c, vmid 15, pasid 0) at page 3145728, read from 'UMC' (0x554d4300) (59)?
[   10.223749] amdgpu 0000:00:01.0: amdgpu: GPU fault detected: 146 0x001e3b0c?
[   10.230839] amdgpu 0000:00:01.0: amdgpu:   VM_CONTEXT1_PROTECTION_FAULT_ADDR   0x00300000?
[   10.239167] amdgpu 0000:00:01.0: amdgpu:   VM_CONTEXT1_PROTECTION_FAULT_STATUS 0x1E03B00C?
[   10.247496] amdgpu 0000:00:01.0: amdgpu: VM fault (0x0c, vmid 15, pasid 0) at page 3145728, read from 'UMC' (0x554d4300) (59)?
[   10.259016] amdgpu 0000:00:01.0: amdgpu: GPU fault detected: 146 0x001e3b0c?
[   10.266105] amdgpu 0000:00:01.0: amdgpu:   VM_CONTEXT1_PROTECTION_FAULT_ADDR   0x00300000?
[   10.274433] amdgpu 0000:00:01.0: amdgpu:   VM_CONTEXT1_PROTECTION_FAULT_STATUS 0x1E03B00C?
[   10.282763] amdgpu 0000:00:01.0: amdgpu: VM fault (0x0c, vmid 15, pasid 0) at page 3145728, read from 'UMC' (0x554d4300) (59)?
[   10.294284] amdgpu 0000:00:01.0: amdgpu: GPU fault detected: 146 0x001e3b0c?
[   10.301373] amdgpu 0000:00:01.0: amdgpu:   VM_CONTEXT1_PROTECTION_FAULT_ADDR   0x00300000?
[   10.309701] amdgpu 0000:00:01.0: amdgpu:   VM_CONTEXT1_PROTECTION_FAULT_STATUS 0x1E03B00C?
[   10.318029] amdgpu 0000:00:01.0: amdgpu: VM fault (0x0c, vmid 15, pasid 0) at page 3145728, read from 'UMC' (0x554d4300) (59)?
[   10.329551] amdgpu 0000:00:01.0: amdgpu: GPU fault detected: 146 0x001e3b0c?
[   10.336640] amdgpu 0000:00:01.0: amdgpu:   VM_CONTEXT1_PROTECTION_FAULT_ADDR   0x00300000?
[   10.344968] amdgpu 0000:00:01.0: amdgpu:   VM_CONTEXT1_PROTECTION_FAULT_STATUS 0x1E03B00C?
[   10.353296] amdgpu 0000:00:01.0: amdgpu: VM fault (0x0c, vmid 15, pasid 0) at page 3145728, read from 'UMC' (0x554d4300) (59)?
[   10.364815] amdgpu 0000:00:01.0: amdgpu: GPU fault detected: 146 0x001e3b0c?
[   10.371904] amdgpu 0000:00:01.0: amdgpu:   VM_CONTEXT1_PROTECTION_FAULT_ADDR   0x00300000?
[   10.380234] amdgpu 0000:00:01.0: amdgpu:   VM_CONTEXT1_PROTECTION_FAULT_STATUS 0x1E03B00C?
[   10.388564] amdgpu 0000:00:01.0: amdgpu: VM fault (0x0c, vmid 15, pasid 0) at page 3145728, read from 'UMC' (0x554d4300) (59)?
[   13.872409] [wlan][108]wlanProcessCommandQueue:(INIT WARN) NO Res CMD TYPE[1] ID[0x14] SEQ[49]?
[   13.881834] [wlan][109]halPrintMailbox:(INIT ERROR) MailBox Status = 0x0003005A, 0x00FF00FF?
[   13.890513] [wlan][109]halPollDbgCr:(INIT WARN) SWPCDBGR 0xE0010DE2?
[   13.897017] [wlan][109]halPollDbgCr:(INIT WARN) SWPCDBGR 0xE0010DE2?
[   13.903516] [wlan][109]halPollDbgCr:(INIT WARN) SWPCDBGR 0x00001DDE?
[   13.910018] [wlan][109]halPollDbgCr:(INIT WARN) SWPCDBGR 0x00001DDE?
[   13.916518] [wlan][109]halPollDbgCr:(INIT WARN) SWPCDBGR 0x00001DDE?
[   15.048345] gmc_v7_0_process_interrupt: 2791384 callbacks suppressed?
[   15.048351] amdgpu 0000:00:01.0: amdgpu: GPU fault detected: 146 0x001e3b0c?
[   15.061909] amdgpu 0000:00:01.0: amdgpu:   VM_CONTEXT1_PROTECTION_FAULT_ADDR   0x00000000?
[   15.070239] amdgpu 0000:00:01.0: amdgpu:   VM_CONTEXT1_PROTECTION_FAULT_STATUS 0x1E03B00C?
[   15.078569] amdgpu 0000:00:01.0: amdgpu: VM fault (0x0c, vmid 15, pasid 0) at page 0, read from 'UMC' (0x554d4300) (59)?
[   15.089558] amdgpu 0000:00:01.0: amdgpu: GPU fault detected: 146 0x001e3b0c?
[   15.096647] amdgpu 0000:00:01.0: amdgpu:   VM_CONTEXT1_PROTECTION_FAULT_ADDR   0x00300000?
[   15.104977] amdgpu 0000:00:01.0: amdgpu:   VM_CONTEXT1_PROTECTION_FAULT_STATUS 0x1E03B00C?
[   15.113307] amdgpu 0000:00:01.0: amdgpu: VM fault (0x0c, vmid 15, pasid 0) at page 3145728, read from 'UMC' (0x554d4300) (59)?
[   15.124828] amdgpu 0000:00:01.0: amdgpu: GPU fault detected: 146 0x001e3b0c?
[   15.131917] amdgpu 0000:00:01.0: amdgpu:   VM_CONTEXT1_PROTECTION_FAULT_ADDR   0x00300000?
[   15.140245] amdgpu 0000:00:01.0: amdgpu:   VM_CONTEXT1_PROTECTION_FAULT_STATUS 0x1E03B00C?
