[SceLncService] launchApp(AZIF00003)?
[SceLncService] category={gde} VRMode={0,0}?
[SceLncService] hnm,psnf,pc,tk,ns={0,0,0,0,0} appBootMode={0}?
[SceLncService] appType={SCE_LNC_APP_TYPE_MINI_APP} [] appVer={0.98}?
[SceLncService] mem_mode = {NORMAL}?
[SceLncService] Num. of logged-in users is 1?
[SceLncService] PrepareProcessLaunchDirCheck()?
[SceLncService] PrepareProcessLaunchDirCheck() returned?
[SceSystemStateMgr] Power Mode Change: FULL_GAME?
[ScePatchChecker] (*) check (title_id='AZIF00003', app_version='0.98', check_option=0): status=0, trigger=1 userId=0xffffffff return 0x80412883?
[SceSystemStateMgr] CPU  HLT CP SE CU ACLK DCLK ECLK LCLK SCLK SAMCLK VCLK DispCLK NCLK MemCLK MemP GMC DPM VDD      VDDNB    SOC      ?
[SceSystemStateMgr] 1600   0 NA  0 18  800  673  609  800  800    711  711     673 1400   1375   NA  NA   3 05b/975  05d/950  00710fa0?
[SceLncService] PrepareProcessLaunchDir()?
[ScePatchChecker] check (title_id='AZIF00003', app_version='0.98', check_option=0): status=0, dl_status=0, trigger=1 userId=0xffffffff return 0x80412883?
[SceShellUI] I/PSM.UI : OnFocusActiveSceneChanged [ContentAreaScene : ContentAreaScene] -> [SplashScreen : SplashScreenScene]?
[SceShellUI] I/PSM.UI :      Scene [SplashScreen : SplashScreenScene] : Alive?
SetDeviceIndexBehavior: mode=MergeAllConnectedDevice, param=null?
[Theme/I] : ActiveUserChanged : From : [BLUE(userId = 1ab07dc7)]?
[Theme/I] : ActiveUserChanged : To   : [ANONYMOUS(userId = ffffffff)]?
[Theme/I] : Apply [ANONYMOUS] : [Option:101000]: with not preloaded user?
[BGFT] [571] GameStartBoot(AZIF00003, 7) start?
[BGFT] [573] GameStartBoot(AZIF00003, 7) end?
[PFS] mount [0x00004a3710954c00] finished 1 1 1 1 0 1 1?
[PFS] mount [0x00004a3757aa2efc] finished 1 0 0 1 0 1 1?
[BGFT] [606] GameWillStart(AZIF00003, 7) start?
[BGFT] [608] GameWillStart(AZIF00003, 7) end?
[SceLncService] PrepareProcessLaunchDir() returned?
[SceLncService] spawnApp?
[Syscore App] createApp AZIF00003?
[Sy[score App]  ExpandCpuSetMode : disable?
[Syscore App] processSpawn(pid, 0x6000170c, 0x1170c1c0, appParam, processParam, 1, 1, 1, param, debug, 0)?
[Syscore App] appParam: appType = 0x1, rootPath = /mnt/sandbox/AZIF00003_000, titleId = AZIF00003?
[Syscore App] processParam: elfPath = /app0/eboot.bin, fullPath = /mnt/sandbox/pfsmnt/AZIF00003-app0-patch0-union/eboot.bin?
[Syscore App] new pid=0x5e[Syscore App] attributeExe= 0?
[Syscore App] Ready to exec?
[Syscore App] wait for NOTE_EXIT|NOTE_EXEC?
KERNEL] dmem_start_app_process pid: 94, map=0xffffb1254441c9e0, app_maps_count[1], 0 -> 1?
[Syscore App] Add event : pid=0xm5e?
[AppMgr Trace]: New Process, pid=0x5e, created.?
[AppMgr Trace]: New App, appId=0x6000170c, created?
[Syscore App]  ExpandCpuSetMode : disable?
[VCS]checkFocusStatus() [LNC->VCS] Focus Change. appType = 4(MINI_APP). appId = 0x6000170c.?
DBG: Process 94 untraced!?
<94> EXEC /app0/eb[AppDb] openDb()[1063]: [File:Open] openDb() call dbutil::Connection::Open() path[/i5a9BXw9hw/priv/mms/app.db] flags[0x10000002] result[0x0, 0]?
[AppDb] AppInfoDbInitializeDaemon()[54]: [File:Open] AppInfoDbInitializeDaemon() call DbAccessor::Init() path[/i5a9BXw9hw/priv/mms/app.db] result[0x0, 0].?
[SL] AppFocusChanged [NPXS20001] -> [AZIF00003]?
[AppDb] AppInfoDbTerminateDaemon()[67]: [File:Close] AppInfoDbTerminateDaemon() call DbAccessor::Terminate().?
[AppDb] Terminate()[768]: [File:Close] DbAccessor::Terminate() call dbutil::Connection::Close().?
oot.bin [system], vm#0, dmem#0  <246654 msec>?
[GoldHEN] <Plugins Loader> Started successfully?
[GoldHEN] <Plugins Loader> Config parser failed to parse config: /data/GoldHEN/plugins.ini?
(../game_patch/source/main.cpp:354) [GoldHEN] <game_patch\Ver.0x00000110> module_start?
(../game_patch/source/main.cpp:355) [GoldHEN] Plugin Author(s): illusion?
(../game_patch/source/main.cpp:356) Commit: caacf01174654235459d48ab9d0b9e00a588b300 Branch: main Build: 188 (Release)?
(../game_patch/source/main.cpp:356) Built: May 27 2023 @ 04:49:25?
(../game_patch/source/main.cpp:356) GoldHEN SDK Ver: 0x00000100?
(../game_patch/source/main.cpp:356) GoldHEN System SDK Ver: 0xffffffff?
(../game_patch/source/main.cpp:324) numModules: 5?
(../game_patch/source/main.cpp:328) ret 0x0?
(../game_patch/source/main.cpp:329) module 0?
(../game_patch/source/main.cpp:330) name: eboot.bin?
(../game_patch/source/main.cpp:331) start: 0x400000?
(../game_patch/source/main.cpp:332) size: 49152 (0xc000)?
(../game_patch/source/main.cpp:365) Module start: 0x400000 0xc000?
(../game_patch/source/main.cpp:371) process info?
(../game_patch/source/main.cpp:371) pid: 94?
(../game_patch/source/main.cpp:371) name: eboot.bin?
(../game_patch/source/main.c?pp:371) path: /app0/eboot.bin?
(../game_patch/source/main.cpp:371) titleid: AZIF00003?
(../game_patch/source/main.cpp:371) contentid: IV0000-AZIF00003_00-PAYLOADGUEST0000?
(../game_patch/source/main.cpp:371) version: 0.98?
(../game_patch/source/main.cpp:371) base_address: 0x400000?
(../game_patch/source/main.cpp:130) file /data/GoldHEN/patches/xml/AZIF00003.xml not found?
[32m[Info ] src/ChainLauncher.c:22: Loading "/app0/guest.elf"?[0m?
[SceLncService] tryLockSuspendBl[ock: appId={0x6000170c}?
[Syscore App] Kill for LoadExec(0x5e)?
KERNEL] dmem_handle_vmspace_exited pid: 94, ptype=1, 0xffffb1254441c9e0->pt_loaded is TRUE?
[KERNEL] dmem_handle_vmspace_exited map #0 0xffffb1254441c9e0?
[KERNEL] dmem_handle_vmspace_exited pid: 94, app_maps_count[1], 1 -> 0?
[Syscore App] EVFILT_PROC NOTE_EXIT received : pid=0x5e?
[Syscore App] Kill for LoadExec(0x5e) => 0?
[Syscore App] process delete event : pid=0x5e?
[AppMgr Trace]: pid=0x5e, deleted.?
[Syscore App] Syscore Event Queue Push : SCE_SYSCORE_EVENT_ON_PROCESS_UNLOADED?
[AppMgr] All processes exited, ready for next spawn?
[AppMgr] Executing next spawn?
[Syscore App]  ExpandCpuSetMode : disable?
[Syscore App] Syscore Event Queue Pop : SCE_SYSCORE_EVENT_ON_PROCESS_UNLOADED?
[Syscore App] processSpawn(pid, 0x6000170c, 0x1170c1d0, appParam, processParam, 1, 1, 1, param, debug, 1)?
[Syscore App] appParam: appType = 0x1, rootPath = /mnt/sandbox/AZIF00003_000, titleId = AZIF00003?
[Syscore App] processParam: elfPath = /app0/guest.elf, fullPath = /mnt/sandbox/pfsmnt/AZIF00003-app0-patch0-union/eboot.bin?
[Syscore App] new pid=0x5f[Syscore App] attributeExe= 0?
[Syscore App] Ready to exec?
[Syscore App] wait for NOTE_EXIT|NOTE_EXEC?
[KERNEL] dmem_start_app_process pid: 95, map=0xffffb1254441c768, app_maps_count[1], 0 -> 1?
[Syscore App] Add event : pid=0xm5f?
[SceLncService] unlockSuspendBlock: appId={0x6000170c}?
DBG: Process 95 untraced!?
<95> EXEC /app0/guest.elf [system], vm#0, dmem#0  <247207 msec>?
[GoldHEN] <Plugins Loader> Started successfully?
[GoldHEN] <Plugins Loader> Config parser failed to parse config: /data/GoldHEN/plugins.ini?
(../game_patch/source/main.cpp:354) [GoldHEN] <game_patch\Ver.0x00000110> module_start?
(../game_patch/source/main.cpp:355) [GoldHEN] Plugin Author(s): illusion?
(../game_patch/source/main.cpp:356) Commit: caacf01174654235459d48ab9d0b9e00a588b300 Branch: main Build: 188 (Release)?
(../game_patch/source/mai?n.cpp:356) Built: May 27 2023 @ 04:49:25?
(../game_patch/source/main.cpp:356) GoldHEN SDK Ver: 0x00000100?
(../game_patch/source/main.cpp:356) GoldHEN System SDK Ver: 0xffffffff?
(../game_patch/source/main.cpp:324) numModules: 5?
(../game_patch/source/main.cpp:328) ret 0x0?
(../game_patch/source/main.cpp:329) module 0?
(../game_patch/source/main.cpp:330) name: guest.elf?
(../game_patch/source/main.cpp:331) start: 0x400000?
(../game_patch/source/main.cpp:332) size: 851968 (0xd0000)?
(../game_patch/source/main.cpp:365) Module start: 0x400000 0xd0000?
(../game_patch/source/main.cpp:371) process info?
(../game_patch/source/main.cpp:371) pid: 95?
(../game_patch/source/main.cpp:371) name: guest.elf?
(../game_patch/source/main.cpp:371) path: /app0/guest.elf?
(../game_patch/source/main.cpp:371) titleid: AZIF00003?
(../game_patch/source/main.cpp:371) contentid: IV0000-AZIF00003_00-PAYLOADGUEST0000?
(../game_patch/source/main.cpp:371) version: 0.98?
(../game_patch/source/main.cpp:371) base_address: 0x400000?
(../game_patch/source/main.cpp:130) file /data/GoldHEN/patches/xml/AZIF00003.xml not found?
error: 0x80020002**** Base Mode ****?
[36m[Debug] src/App.cpp:29: Initialize Language...?[0m?
?[36m[Debug] src/App.cpp:31: Initialize Controller...?[0m?
[mbus] onNewClie?nt. clientNum 11 over 8?
[36m[Debug] src/App.cpp:33: Initialize Graphics...?[0m?
?[36m[Debug] src/Graphics.cpp:89: Handle is 1309737216 (0x4e110100)?[0m?
?[36m[Debug] src/Graphics.cpp:181: DirectMemOff: 0x200000?[0m?
?[36m[Debug] src/Graphics.cpp:182: DirectMemAllocationSize: 0xc000000?[0m?
?[36m[Debug] src/Graphics.cpp:183: alignment: 2097152 (0x00200000)?[0m?
?[36m[Debug] src/Graphics.cpp:188: VideoMem: 0x200200000?[0m?
?[36m[Debug] src/Graphics.cpp:109: Allocating framebuffer...?[0m?
?[36m[Debug] src/Graphics.cpp:237: handle: 1309737216 (0x4e110100)?[0m?
?[36m[Debug] src/Graphics.cpp:239: flipArgLog: 0x2000041a0?[0m?
?[36m[Debug] src/Graphics.cpp:240: FrameBuffers: 0x2000042c0?[0m?
?[36m[Debug] src/Graphics.cpp:255: sceVideoOutRegisterBuffers: 0x00000000?[0m?
?[36m[Debug] src/App.cpp:35: Initialize Resource...?[0m?
?[36m[Debug] src/Graphics.cpp:627: Loading PNG...?[0m?
?[36m[Debug] src/Graphics.cpp:637: PNG Loaded!?[0m?
?[36m[Debug] src/Graphics.cpp:627: Loading PNG...?[0m?
?[36m[Debug] src/Graphics.cpp:637: PNG Loaded!?[0m?
?[36m[Debug] src/Graphics.cpp:627: Loading PNG...?[0m?
?[36m[Debug] src/Graphics.cpp:637: PNG Loaded!?[0m?
?[36m[Debug] src/Graphics.cpp:627: Loading PNG...?[0m?
?[36m[Debug] src/Graphics.cpp:637: PNG Loaded!?[0m?
?[36m[Debug] src/Graphics.cpp:627: Loading PNG...?[0m?
?[36m[Debug] src/Graphics.cpp:637: PNG Loaded!?[0m?
?[36m[Debug] src/Graphics.cpp:627: Loading PNG...?[0m?
?[36m[Debug] src/Graphics.cpp:637: PNG Loaded!?[0m?
?[36m[Debug] src/Graphics.cpp:627: Loading PNG...?[0m?
?[36m[Debug] src/Graphics.cpp:637: PNG Loaded!?[0m?
?[36m[Debug] src/App.cpp:43: Initialize the Main View...?[0m?
?[36m[Debug] src/PayloadsView.cpp:186: GeneratePayloads is called!?[0m?
?[36m[Debug] src/PayloadsView.cpp:212: Cleanup payload list...?[0m?
?[36m[Debug] src/PayloadsView.cpp:206: GeneratePayloads: Refreshed?[0m?
?[36m[Debug] src/PayloadsView.cpp:252: PayloadsView: End of constructor?[0m?
?[36m[Debug] src/App.cpp:119: Application: RUN?[0m?
[SceShellUI] I/PSM.UI : OnFocusActiveSceneChanged [SplashScreen : SplashScreenScene] -> [AppScreen : ApplicationScreenScene]?
[SceShellUI] I/PSM.UI :      Scene [AppScreen : ApplicationScreenScene] : Alive?
SetDeviceIndexBehavior: mode=MergeAllConnectedDevice, param=null?
[Theme/I] : Apply [ANONYMOUS] : [Option:101000]: with not preloaded user?
[SceShellUI] I/PSM.UI : [NoDraw] : ClearFrameBuffer=False?
?[36m[Debug] src/PayloadsView.cpp:319: Loading: /data/payloads/linux-1024mb.bin?[0m?
[GoldHEN] <binloader> accepted a new payload?
[GoldHEN] <binloader> TCP Mode?
?[36m[D[eGbugo] srlcd/PayloaHdEsViN]e w.c<pp:186: biGnlenoeraatePdear>yload s is cpayloaadll red!e?ce[i0mve?
d? [[3s6imz[De: e283bu8g4]0 s r-c /Pbauffeylr_osaidzsVieew.:cpp :229081162:  -C leianup:p  p127aylo.ad list.0...?0[0m?
.1]?
[?[36mG[Doebug] srldc/PaHyloENads]Vie <w.cbpp:206: GienneratlePaylooads: adReer> freshed?[0m?f
ound and jailbroken target process [pid: 46]?
[GoldHEN] <binloader> launching payload... [format: BIN]?
[GoldHEN] <binloader> payload launched?
kernel_init()?
Kernel base = ffffffffe08d0000?
Direct map base = ffffb12500000000?
Testing global variable access (write protection)...?
OK.?
Kernel interface initialized?
Installing sys_kexec to system call #153?
kexec_init() successful?
?
sys_kexec invoked?
========================================?
PS4 Linux Payloads AIO?
FW 12.02 (1202)?
VRAM 1024 MB?
Southbridge: Baikal?
========================================?
sys_kexec(0x200d68000, 11432960, 0x201850000, 4160630, "earlycon=uart8250,mmio32,0xC890E000,115200n8 console=tty0 keep_bootcon 8250.nr_uarts=0 iommu=pt intremap=off panic=10 loglevel=8 ignore_loglevel printk.devkmsg=on drm.edid_firmware=edid/1920x1080.bin video=HDMI-A-1:1920x1080@60D pci=nocrs libata.force=1.00:disable root=LABEL=psxitarch rootwait rw systemd.unit=multi-user.target systemd.log_level=info")?
[SceShellUI] I/PSM.UI : [FirstClear] : ClearFrameBuffer=False?
[KE]sceCameraDevKill::2685 ERROR: sceCameraProcConfigStop 0x802e0006 i=0 handle=257 pid=43?
Context.ccCo:189 (najtmContextCeleanup) - Cxotdec SR.C ccUtility:1 w74as not prop erly (unaj[rKmECRoeNEngtiLex]s ttCerldeememad._handn?lue_v
msppace) -_ Inexited pisd: 95,t apnctey pe=21,7 850xffff3b122 w5Ca4o4n41c76st8 -enox>tt pptr_ople.oadedcc ris TR:lUE?
y18[ 9Kd ERN(eELas] jtdrmCoyomenemtd_handle.e_vx?tmCsl
eCpoannacet_ueepxxi)tted -.  Cmacpo c#:d1e890 0 cxf (fOfpafujsmb C1oSn2t54Ie44Lx1cK76 8?
tEn[CclKeoERdaNEnLue]p rd)m e - wams Co_dnhanoedltce_v mp spacrOe_opexupeirst lSeyId L uKn prEeingdics: o9td5ee,rr a pwpaes_d nma.ps?o_
ctouC nptor[n1], 1o ->tepxe trl0y.? cuc
:1n8re9 gistered.?
(Coajntexmt.ccC:174 on(tajmConteextClxtCeleanuapnup) -)  Insta-n cCe 34406od7 ewcas n ot propeOrplusy destroy CedEL.?T E
nCocntexto.cc:189 (ajdermConte xwast nColetanup) -  pCodec rOoppeus Drecodelry  wuas nonrt properely ungriesgitsterereed.d?.?

Context.cc:18C9 o(natejmxt.cc:18C9 (ajmContextoCntleeanup) x- tCodec OClpeauns CuEpL)T  -En Ccooder was notd propeec rOply unregisutse rDed.?
ecContexot.cdce:r 18w9 (aajmCso ntextCnloeta nupp)ro p- Codeerc Oplyus  unCrELeT gDiescteoderr edwas not prop.?
erly unregCoinstterede.?
xt.cc:189 (ajmConteCoxtntCext.clec:17an4 (ajmCounpt) ext-C Cleanup) -o Instadencec  114689 was not properly destContexrto.cc:174 (ayejd.mC?ontextCleanu
p)C -o nIntstextance .1c639c3 wa:s not1 pr89o perly( ajdestrmoyed.?
CContexto.cc:189 (ajntmCoentxextCleanup) -tC Codeclea nMPup3 De)co - dCer waods enot properly unregistered.?
Context.cc:189 (ajmContextCleanup) - Codec ATRAC9 Decoder was not properly unregistered.?
c AC3 Encoder wMasPE nGot 4 properly unAACr Encegiodstereedr. was?
 Context.cc:1not74 (ajmCon textClpeanrup) - Iopnestance 163842 wras notly properly d eusnretgroyedis.t?e
rCoend.t?ext
.cc:189 (ajmContextCleanup) - Codec DTS Encoder was not properly unregistered.?
tryGetMsg() failed. ret = 0x80020003, msgSize = 48?
tryGetMsg() failed. ret = 0x80020003, msgSize = 48?
tryGetMsg() failed. ret = 0x80020003, msgSize = 48?
tryGetMsg() failed. ret = 0x80020003, msgSize = 48?
tryGetMsg() failed. ret = 0x80020003, msgSize = 48?
tryGetMsg() failed. ret = 0x80020003, msgSize = 48?
tryGetMsg() failed. ret = 0x80020003, msgSize = 48?
tryGetMsg() failed. ret = 0x80020003, msgSize = 48?
tryGetMsg() failed. ret = 0x80020003, msgSize = 48?
tryGetMsg() failed. ret = 0x80020003, msgSize = 48?
tryGetMsg() failed. ret = 0x80020003, msgSize = 48?
tryGetMsg() failed. ret = 0x80020003, msgSize = 48?
tryGetMsg() failed. ret = 0x80020003, msgSize = 48?
tryGetMsg() failed. ret = 0x80020003, msgSize = 48?
tryGetMsg() failed. ret = 0x80020003, msgSize = 48?
tryGetMsg() failed. ret = 0x80020003, msgSize = 48?
tryGetMsg() failed. ret = 0x80020003, msgSize = 48?
tryGetMsg() failed. ret = 0x80020003, msgSize = 48?
tryGetMsg() failed. ret = 0x80020003, msgSize = 48?
tryGetMsg() failed. ret = 0x80020003, msgSize = 48?
tryGetMsg() failed. ret = 0x80020003, msgSize = 48?
tryGetMsg() failed. ret = 0x80020003, msgSize = 48?
tryGetMsg() failed. ret = 0x80020003, msgSize = 48?
tryGetMsg() failed. ret = 0x80020003, msgSize = 48?
tryGetMsg() failed. ret = 0x80020003, msgSize = 48?
tryGetMsg() failed. ret = 0x80020003, msgSize = 48?
tryGetMsg() failed. ret = 0x80020003, msgSize = 48?
tryGetMsg() failed. ret = 0x80020003, msgSize = 48?
tryGetMsg() failed. ret = 0x80020003, msgSize = 48?
tryGetMsg() failed. ret = 0x80020003, msgSize = 48?
tryGetMsg() failed. ret = 0x80020003, msgSize = 48?
tryGetMsg() failed. ret = 0x80020003, msgSize = 48?
tryGetMsg() failed. ret = 0x80020003, msgSize = 48?
tryGetMsg() failed. ret = 0x80020003, msgSize = 48?
tryGetMsg() failed. ret = 0x80020003, msgSize = 48?
tryGetMsg() failed. ret = 0x80020003, msgSize = 48?
firmware_extract: Extract libtryGetMsg() failed. ret = 0x80020003, msgSize = 48?
/firmware/amdgpu/liverpool_pfp.bin ?
Copying PFP firmware?
NOP handler at 0xff0?
firmware_extract: Extract lib/firmware/amdgpu/livetryGetMsg() failed. ret = 0x80020003, msgSize = 48?
rpool_me.bin ?
Copying ME firmware?
firmware_extract: Extract lib/firmware/amdgpu/liverpool_ce.bin ?
Copying CE firmware?
NOP handtryGetMsg() failed. ret = 0x80020003, msgSize = 48?
ler at 0x7f0?
firmware_extract: Extract lib/firmware/amdgpu/liverpool_mec.bin ?
Copying MEC firmware?
NOP handler at 0xff0?
firmwaretryGetMsg() failed. ret = 0x80020003, msgSize = 48?
_extract: Extract lib/firmware/amdgpu/liverpool_mec2.bin ?
Copying MEC2 firmware?
NOP handler at 0xff0?
firmware_extract: Extract ltryGetMsg() failed. ret = 0x80020003, msgSize = 48?
ib/firmware/amdgpu/liverpool_rlc.bin ?
Copying RLC firmware?
firmware_extract: Extract lib/firmware/amdgpu/liverpool_sdma.bin ?
CopyitryGetMsg() failed. ret = 0x80020003, msgSize = 48?
ng SDMA firmware?
firmware_extract: Extract lib/firmware/amdgpu/liverpool_sdma1.bin ?
Copying SDMA1 firmware?
tryGetMsg() fail?ed. ret = 0x80020003, msgSize = 48?

kexec parameters:?
    Kernel image size:   11432960 bytes?
    Initramfs size:      4255366 bytes (4160630 from user)?
    Kernel tryGetMsg() failed. ret = 0x80020003, msgSize = 48?
command line: earlycon=uart8250,mmio32,0xC890E000,115200n8 console=tty0 keep_bootcon 8250.nr_uarts=0 iommu=pt intremap=off panic=10 ltryGetMsg() failed. ret = 0x80020003, msgSize = 48?
oglevel=8 ignore_loglevel printk.devkmsg=on drm.edid_firmware=edid/1920x1080.bin video=HDMI-A-1:1920x1080@60D pci=nocrs libata.force=tryGetMsg() failed. ret = 0x80020003, msgSize = 48?
1.00:disable root=LABEL=psxitarch rootwait rw systemd.unit=multi-user.target systemd.log_level=info?
    Kernel image buffer: 0xffffbtryGetMsg() failed. ret = 0x80020003, msgSize = 48?
12549000000?
    Initramfs buffer:    0xffffffffffffffff?
kernel_hook_install(0xffffff808123912d, 0xffffffffe0d17ad0)?
  Using 64bit tryGetMsg() failed. ret = 0x80020003, msgSize = 48?
absolute jump?
******************************************************?
kexec successfully armed. Please shut down the system.?
****tryGetMsg() failed. ret = 0x80020003, msgSize = 48?
**************************************************?
?
Context.cc:189 (ajmContextCleanup) - Codec CELP8 Decoder was not properly unregistered.?
Context.cc:189 (ajmContextCleanup) - Codec CELP8 Encoder was not properly unregistered.?
Context.cc:189 (ajmContextCleanup) - Codec CELP(16) Decoder was not properly unregistered.?
Context.cc:191 (ajmContextCleanup) - More codecs were not properly unregistered...?
[SceSysCore mini] killall timeout 5[sec]...?
[SceSysCore mini] forcibly unmount 4 nullfses?
[SceSysCore mini] forcibly unmount /mnt/usb0?
[SceSysCore mini[REGMGR] 000006 ...?
] sceKernelPollE[ventFlag(reboot_flag): failed 80020010?
[SceSysCore mini] call reboot(4000)?
REGMGR] (    256.456 sec) 010006 ...?
[REGMGR] (   0.011786 sec) 010007 ...?
[REGMGR] 000108 ...?
Waiting (max 60 seconds) for system process `SceVnlru' to stop...done?
Waiting (max 60 seconds) for system process `SceBufdaemon2' to stop...SD Manual Tuning done. MaxPassWindowSize=22, TunePoint=20 CORE_CTRL=0x184094?
done?
Waiting (max 60 seconds) for system process `SceBufdaemon1' to stop...done?
Waiting (max 60 seconds) for system process `SceBufdaemon0' to stop...done?
Waiting (max 60 seconds) for system process `SceSyncer' to stop...?
Syncing disks, vnodes remaining...0 0 sched_sync: flush softdep (iter=2)?
sched_sync: flush softdep (iter=1)?
done?
All buffers synced.?
[PFS] umount[0x00004a3757aa2efc] finished 0?
[PFS] umount[0x00004a3710954c00] finished 0?
Uptime: 4m21s?
icc post sync:Thermal alert LED off?
[REGMGR] 000007 @2@ ...?
icc08-4001 0802?
icc:failed to disabled reset button notification: 0005?
icc:disabled thermal notification?
eth0: link state changed to DOWN?
ICC: howto:00004000 depth:2 cause:00 hand:01?
ICC: Shutdown.?
hook_icc_query_nowait called?
ICC 05-00 polling?
Fixing ACPI tables at 0xe0000 (0xffffb125000e0000)?
RSDT at 0xe0024?
XSDT at 0xe0088?
FACP at 0xe016c?
FACS at 0xe012c?
DSDT at 0xe0430?
APIC at 0xe0298?
MCFG at 0xe0304?
SSDT at 0xe0730?
ACPI tables fixed?
kexec: Waiting for secondary CPUs...?
kexec: Secondary CPUs quiesced?
kexec: Setting up GDT...?
kexec: Relocating stub...?
kexec: Setting up boot params...?
kexec: Cleaning up hardware...?
Current sb_id: 3?
?
SB_BAIKAL constant: 3?
?
kexec: Detected Baikal Southbridge, disabling IOMMU...?
kexec: Reconfiguring VRAM...?
kexec: Resetting GPU...?
kexec: About to relocate and jump to kernel?
[    0.000000] ps4: x86_ps4_early_setup: PS4 early setup?
[    0.000000] Linux version 6.15.4-Baikal_TESTING_crashniels-dirty (meerzulee@cachynator) (gcc (GCC) 16.1.1 20260430, GNU ld (GNU Binutils) 2.46.0) #62 SMP PREEMPT_DYNAMIC Mon May 11 15:37:05 +06 2026?
[    0.000000] Command line: earlycon=uart8250,mmio32,0xC890E000,115200n8 console=tty0 keep_bootcon 8250.nr_uarts=0 iommu=pt intremap=off panic=10 loglevel=8 ignore_loglevel printk.devkmsg=on drm.edid_firmware=edid/1920x1080.bin video=HDMI-A-1:1920x1080@60D pci=nocrs libata.force=1.00:disable root=LABEL=psxitarch rootwait rw systemd.unit=multi-user.target systemd.log_level=info?
[    0.000000] KERNEL supported cpus:?
[    0.000000]   AMD AuthenticAMD?
[    0.000000] BIOS-provided physical RAM map:?
[    0.000000] BIOS-e820: [mem 0x0000000000000000-0x0000000000007fff] usable?
[    0.000000] BIOS-e820: [mem 0x0000000000008000-0x000000000007ffff] reserved?
[    0.000000] BIOS-e820: [mem 0x0000000000080000-0x0000000000099fff] usable?
[    0.000000] BIOS-e820: [mem 0x000000000009a000-0x00000000000bffff] reserved?
[    0.000000] BIOS-e820: [mem 0x00000000000e0000-0x00000000000effff] ACPI data?
[    0.000000] BIOS-e820: [mem 0x0000000000100000-0x00000000003fffff] usable?
[    0.000000] BIOS-e820: [mem 0x0000000000400000-0x000000000047ffff] reserved?
[    0.000000] BIOS-e820: [mem 0x0000000000480000-0x000000000067ffff] usable?
[    0.000000] BIOS-e820: [mem 0x0000000000680000-0x00000000006fffff] reserved?
[    0.000000] BIOS-e820: [mem 0x0000000000700000-0x000000007efe7fff] usable?
[    0.000000] BIOS-e820: [mem 0x000000007efe8000-0x000000007efeffff] ACPI NVS?
[    0.000000] BIOS-e820: [mem 0x000000007eff0000-0x000000007effffff] ACPI data?
[    0.000000] BIOS-e820: [mem 0x000000007f000000-0x000000007fffffff] usable?
[    0.000000] BIOS-e820: [mem 0x0000000080000000-0x00000000fbffffff] reserved?
[    0.000000] BIOS-e820: [mem 0x0000000100000000-0x000000013fffffff] reserved?
[    0.000000] BIOS-e820: [mem 0x0000000140000000-0x000000027effffff] usable?
[    0.000000] earlycon: uart8250 at MMIO32 0x00000000c890e000 (options '115200n8')?
[    0.000000] printk: legacy bootconsole [uart8250] enabled?
[    0.000000] printk: debug: skip boot console de-registration.?
[    0.000000] printk: debug: ignoring loglevel setting.?
[    0.000000] NX (Execute Disable) protection: active?
[    0.000000] APIC: Static calls initialized?
[    0.000000] SMBIOS 2.1 present.?
[    0.000000] DMI:  , BIOS unde Wed 09/22/2021 16:2?
[    0.000000] DMI: Memory slots populated: 1/1?
[    0.000000] ps4: EMC timer started in 25408 TSC ticks?
[    0.000000] ps4: Calibrated TSC frequency: 1594112288 kHz?
[    0.000000] tsc: Detected 1594.112 MHz processor?
[    0.001421] e820: update [mem 0x00000000-0x00000fff] usable ==> reserved?
[    0.008244] e820: remove [mem 0x000a0000-0x000fffff] usable?
[    0.013926] last_pfn = 0x27f000 max_arch_pfn = 0x400000000?
[    0.019512] MTRR map: 6 entries (3 fixed + 3 variable; max 20), built from 9 variable MTRRs?
[    0.028013] x86/PAT: Configuration [0-7]: WB  WC  UC- UC  WB  WP  UC- WT  ?
[    0.035392] e820: update [mem 0x80000000-0x13fffffff] usable ==> reserved?
[    0.042319] last_pfn = 0x80000 max_arch_pfn = 0x400000000?
[    0.056419] Using GB pages for direct mapping?
[    0.062386] RAMDISK: [mem 0x36800000-0x36c0efff]?
[    0.067098] ACPI: Early table checksum verification disabled?
[    0.072857] ACPI: RSDP 0x00000000000E0000 000024 (v02 SIE   )?
[    0.078707] ACPI: XSDT 0x00000000000E0088 00004C (v01 SIE    ORBIS    20121218 INTL 20110211)?
[    0.087391] ACPI: FACP 0x00000000000E016C 0000F4 (v04 SIE    ORBIS    20130205 INTL 20110211)?
[    0.096076] ACPI: DSDT 0x00000000000E0430 00018C (v02 SIE    ORBIS    20121002 INTL 20110211)?
[    0.104757] ACPI: FACS 0x00000000000E012C 000040?
[    0.109455] ACPI: FACS 0x00000000000E012C 000040?
[    0.114153] ACPI: APIC 0x00000000000E0298 00006C (v02 SIE    ORBIS    20120725 INTL 20110211)?
[    0.122834] ACPI: MCFG 0x00000000000E0304 00003C (v01 SIE    ORBIS    20120725 INTL 20110211)?
[    0.131514] ACPI: SSDT 0x00000000000E0730 001944 (v01 AMD    POWERNOW 00000001 AMD  00000001)?
[    0.140195] ACPI: IVRS 0x00000000000E2074 000054 (v01 F0F    PS4KEXEC 20161225 KEXC 20161225)?
[    0.148872] ACPI: Reserving FACP table memory at [mem 0xe016c-0xe025f]?
[    0.155513] ACPI: Reserving DSDT table memory at [mem 0xe0430-0xe05bb]?
[    0.162153] ACPI: Reserving FACS table memory at [mem 0xe012c-0xe016b]?
[    0.168794] ACPI: Reserving FACS table memory at [mem 0xe012c-0xe016b]?
[    0.175433] ACPI: Reserving APIC table memory at [mem 0xe0298-0xe0303]?
[    0.182071] ACPI: Reserving MCFG table memory at [mem 0xe0304-0xe033f]?
[    0.188710] ACPI: Reserving SSDT table memory at [mem 0xe0730-0xe2073]?
[    0.195349] ACPI: Reserving IVRS table memory at [mem 0xe2074-0xe20c7]?
[    0.202065] No NUMA configuration found?
[    0.205962] Faking a node at [mem 0x0000000000000000-0x000000027effffff]?
[    0.212785] NODE_DATA(0) allocated [mem 0x27effa800-0x27effdfff]?
[    0.218949] Zone ranges:?
[    0.221518]   DMA      [mem 0x0000000000001000-0x0000000000ffffff]?
[    0.227806]   DMA32    [mem 0x0000000001000000-0x00000000ffffffff]?
[    0.234093]   Normal   [mem 0x0000000100000000-0x000000027effffff]?
[    0.240381] Movable zone start for each node?
[    0.244720] Early memory node ranges?
[    0.248351]   node   0: [mem 0x0000000000001000-0x0000000000007fff]?
[    0.254725]   node   0: [mem 0x0000000000080000-0x0000000000099fff]?
[    0.261101]   node   0: [mem 0x0000000000100000-0x00000000003fffff]?
[    0.267475]   node   0: [mem 0x0000000000480000-0x000000000067ffff]?
[    0.273849]   node   0: [mem 0x0000000000700000-0x000000007efe7fff]?
[    0.280225]   node   0: [mem 0x000000007f000000-0x000000007fffffff]?
[    0.286598]   node   0: [mem 0x0000000140000000-0x000000027effffff]?
[    0.292973] Initmem setup node 0 [mem 0x0000000000001000-0x000000027effffff]?
[    0.300150] On node 0, zone DMA: 1 pages in unavailable ranges?
[    0.306090] On node 0, zone DMA: 120 pages in unavailable ranges?
[    0.312221] On node 0, zone DMA: 102 pages in unavailable ranges?
[    0.318348] On node 0, zone DMA: 128 pages in unavailable ranges?
[    0.324510] On node 0, zone DMA: 128 pages in unavailable ranges?
[    0.340945] On node 0, zone DMA32: 24 pages in unavailable ranges?
[    0.373400] On node 0, zone Normal: 4096 pages in unavailable ranges?
[    0.380779] ACPI: No IOAPIC entries present?
[    0.385032] ACPI: Using ACPI for processor (LAPIC) configuration information?
[    0.392216] CPU topo: Max. logical packages:   1?
[    0.396909] CPU topo: Max. logical dies:       1?
[    0.401601] CPU topo: Max. dies per package:   1?
[    0.406305] CPU topo: Max. threads per core:   1?
[    0.410999] CPU topo: Num. cores per package:     8?
[    0.415958] CPU topo: Num. threads per package:   8?
[    0.420916] CPU topo: Allowing 8 present CPUs plus 0 hotplug CPUs?
[    0.427141] [mem 0xfc000000-0xffffffff] available for PCI devices?
[    0.433343] clocksource: refined-jiffies: mask: 0xffffffff max_cycles: 0xffffffff, max_idle_ns: 1910969940391419 ns?
[    0.443976] setup_percpu: NR_CPUS:8 nr_cpumask_bits:8 nr_cpu_ids:8 nr_node_ids:1?
[    0.452167] percpu: Embedded 42 pages/cpu s131544 r8192 d32296 u262144?
[    0.458831] pcpu-alloc: s131544 r8192 d32296 u262144 alloc=1*2097152?
[    0.465298] pcpu-alloc: [0] 0 1 2 3 4 5 6 7 ?
[    0.469682] Kernel command line: earlycon=uart8250,mmio32,0xC890E000,115200n8 console=tty0 keep_bootcon 8250.nr_uarts=0 iommu=pt intremap=off panic=10 loglevel=8 ignore_loglevel printk.devkmsg=on drm.edid_firmware=edid/1920x1080.bin video=HDMI-A-1:1920x1080@60D pci=nocrs libata.force=1.00:disable root=LABEL=psxitarch rootwait rw systemd.unit=multi-user.target systemd.log_level=info?
[    0.504409] printk: log buffer data + meta data: 262144 + 917504 = 1179648 bytes?
[    0.513700] Dentry cache hash table entries: 1048576 (order: 11, 8388608 bytes, linear)?
[    0.522750] Inode-cache hash table entries: 524288 (order: 10, 4194304 bytes, linear)?
[    0.530824] software IO TLB: area num 8.?
[    0.563280] Fallback order for Node 0: 0 ?
[    0.563300] Built 1 zonelists, mobility grouping on.  Total pages: 1830409?
[    0.574373] Policy zone: Normal?
[    0.577565] mem auto-init: stack:off, heap alloc:off, heap free:off?
[    0.621442] SLUB: HWalign=64, Order=0-3, MinObjects=0, CPUs=8, Nodes=1?
[    0.629241] Dynamic Preempt: voluntary?
[    0.633145] rcu: Preemptible hierarchical RCU implementation.?
[    0.638991] rcu: RCU calculated value of scheduler-enlistment delay is 100 jiffies.?
[    0.646808] NR_IRQS: 4352, nr_irqs: 128, preallocated irqs: 0?
[    0.652714] rcu: srcu_init: Setting srcu_struct sizes based on contention.?
[    0.659768] call_irq_handler: 0.49 No irq handler for vector?
[    0.665558] Console: colour dummy device 80x25?
[    0.670079] printk: legacy console [tty0] enabled?
[    0.674905] ACPI: Core revision 20240827?
[    0.678965] ACPI: setting ELCR to 0200 (from ffff)?
[    0.683855] Failed to register legacy timer interrupt?
[    0.688994] APIC: Switch to symmetric I/O mode setup?
[    0.694054] clocksource: tsc-early: mask: 0xffffffffffffffff max_cycles: 0x16fa6adbc64, max_idle_ns: 440795278438 ns?
[    0.704783] Calibrating delay loop (skipped), value calculated using timer frequency.. 3188.22 BogoMIPS (lpj=1594112)?
[    0.705774] Last level iTLB entries: 4KB 512, 2MB 8, 4MB 4?
[    0.705774] Last level dTLB entries: 4KB 512, 2MB 256, 4MB 128, 1GB 0?
[    0.705774] Spectre V1 : Mitigation: usercopy/swapgs barriers and __user pointer sanitization?
[    0.705774] Spectre V2 : Mitigation: Retpolines?
[    0.705774] Spectre V2 : Spectre v2 / SpectreRSB: Filling RSB on context switch and VMEXIT?
[    0.705774] RETBleed: Mitigation: untrained return thunk?
[    0.705774] Speculative Store Bypass: Mitigation: Speculative Store Bypass disabled via prctl?
[    0.705774] x86/fpu: Supporting XSAVE feature 0x001: 'x87 floating point registers'?
[    0.705774] x86/fpu: Supporting XSAVE feature 0x002: 'SSE registers'?
[    0.705774] x86/fpu: Supporting XSAVE feature 0x004: 'AVX registers'?
[    0.705774] x86/fpu: xstate_offset[2]:  576, xstate_sizes[2]:  256?
[    0.705774] x86/fpu: Enabled xstate features 0x7, context size is 832 bytes, using 'standard' format.?
[    0.705774] Freeing SMP alternatives memory: 52K?
[    0.705774] pid_max: default: 32768 minimum: 301?
[    0.705774] Mount-cache hash table entries: 16384 (order: 5, 131072 bytes, linear)?
[    0.705774] Mountpoint-cache hash table entries: 16384 (order: 5, 131072 bytes, linear)?
[    0.705774] smpboot: CPU0: AMD DG1401SNF87ID (family: 0x16, model: 0x1a, stepping: 0x0)?
[    0.706388] Performance Events: AMD PMU driver.?
[    0.706779] ... version:                0?
[    0.707778] ... bit width:              48?
[    0.708777] ... generic registers:      4?
[    0.709777] ... value mask:             0000ffffffffffff?
[    0.710777] ... max period:             00007fffffffffff?
[    0.711777] ... fixed-purpose events:   0?
[    0.712777] ... event mask:             000000000000000f?
[    0.713998] signal: max sigframe size: 1776?
[    0.714867] rcu: Hierarchical SRCU implementation.?
[    0.715779] rcu: 	Max phase no-delay instances is 400.?
[    0.716938] Timer migration: 1 hierarchy levels; 8 children per group; 1 crossnode level?
[    0.721124] smp: Bringing up secondary CPUs ...?
[    0.723072] smpboot: x86: Booting SMP configuration:?
[    0.723783] .... node  #0, CPUs:      #1 #2 #3 #4 #5 #6 #7?
[    0.733883] smp: Brought up 1 node, 8 CPUs?
[    0.735783] smpboot: Total of 8 processors activated (25505.79 BogoMIPS)?
[    0.738002] Memory: 7077464K/7321636K available (23460K kernel code, 2053K rwdata, 8780K rodata, 1624K init, 2232K bss, 239924K reserved, 0K cma-reserved)?
[    0.739198] devtmpfs: initialized?
[    0.740853] clocksource: jiffies: mask: 0xffffffff max_cycles: 0xffffffff, max_idle_ns: 1911260446275000 ns?
[    0.741787] posixtimers hash table entries: 4096 (order: 4, 65536 bytes, linear)?
[    0.742798] futex hash table entries: 2048 (order: 5, 131072 bytes, linear)?
[    0.743866] prandom: seed boundary self test passed?
[    0.746757] prandom: 100 self tests passed?
[    0.747000] NET: Registered PF_NETLINK/PF_ROUTE protocol family?
[    0.747917] audit: initializing netlink subsys (disabled)?
[    0.748840] audit: type=2000 audit(0.044:1): state=initialized audit_enabled=0 res=1?
[    0.748935] i2c-core: driver [dummy] registered?
[    0.750781] thermal_sys: Registered thermal governor 'step_wise'?
[    0.750806] cpuidle: using governor ladder?
[    0.752787] cpuidle: using governor menu?
[    0.753934] ps4: ps4: pre-allocated IRQ 9 desc for ACPI SCI (virq=9)?
[    0.755044] PCI: ECAM [mem 0xf8000000-0xfbffffff] (base 0xf8000000) for domain 0000 [bus 00-3f]?
[    0.755798] PCI: Using configuration type 1 for base access?
[    0.757958] HugeTLB: allocation took 0ms with hugepage_allocation_threads=2?
[    0.758833] HugeTLB: registered 2.00 MiB page size, pre-allocated 0 pages?
[    0.759778] HugeTLB: 28 KiB vmemmap can be freed for a 2.00 MiB page?
[    0.761150] cryptd: max_cpu_qlen set to 1000?
[    0.778780] raid6: sse2x4   gen()  4050 MB/s?
[    0.796779] raid6: sse2x2   gen()  3971 MB/s?
[    0.814776] raid6: sse2x1   gen()  3206 MB/s?
[    0.815778] raid6: using algorithm sse2x4 gen() 4050 MB/s?
[    0.833781] raid6: .... xor() 2020 MB/s, rmw enabled?
[    0.834779] raid6: using ssse3x2 recovery algorithm?
[    0.835889] ACPI: Added _OSI(Module Device)?
[    0.836779] ACPI: Added _OSI(Processor Device)?
[    0.837779] ACPI: Added _OSI(Processor Aggregator Device)?
[    0.841010] ACPI: 2 ACPI AML tables successfully acquired and loaded?
[    0.849884] ACPI: Interpreter enabled?
[    0.850790] ACPI: PM: (supports S0 S5)?
[    0.851782] ACPI: Using PIC for interrupt routing?
[    0.852804] PCI: Ignoring host bridge windows from ACPI; if necessary, use "pci=use_crs" and report a bug?
[    0.853778] PCI: Using E820 reservations for host bridge windows?
[    0.856223] acpi PNP0A03:00: [Firmware Bug]: no secondary bus range in _CRS?
[    0.856794] ACPI: PCI Root Bridge [PCI0] (domain 0000 [bus 00-ff])?
[    0.857785] acpi PNP0A03:00: _OSC: OS supports [ExtendedConfig ASPM ClockPM Segments MSI HPX-Type3]?
[    0.858798] acpi PNP0A03:00: [Firmware Info]: ECAM [mem 0xf8000000-0xfbffffff] for domain 0000 [bus 00-3f] only partially covers this bridge?
[    0.860778] acpi PNP0A03:00: host bridge window [io  0x0cf8-0x0cff] (ignored)?
[    0.861778] PCI: root bus 00: using default resources?
[    0.862832] PCI host bridge to bus 0000:00?
[    0.863784] pci_bus 0000:00: root bus resource [io  0x0000-0xffff]?
[    0.864784] pci_bus 0000:00: root bus resource [mem 0x00000000-0xffffffffff]?
[    0.865780] pci_bus 0000:00: root bus resource [bus 00-ff]?
[    0.866798] pci 0000:00:00.0: [1022:1436] type 00 class 0x060000 conventional PCI endpoint?
[    0.867900] pci 0000:00:00.2: [1022:1437] type 00 class 0x080600 conventional PCI endpoint?
[    0.868904] pci 0000:00:01.0: [1002:9923] type 00 class 0x030000 PCIe Root Complex Integrated Endpoint?
[    0.869800] pci 0000:00:01.0: BAR 0 [mem 0xe0000000-0xe3ffffff 64bit pref]?
[    0.870780] pci 0000:00:01.0: BAR 2 [mem 0xe4000000-0xe47fffff 64bit pref]?
[    0.871779] pci 0000:00:01.0: BAR 4 [io  0x6000-0x60ff]?
[    0.872779] pci 0000:00:01.0: BAR 5 [mem 0xe4800000-0xe483ffff]?
[    0.873779] pci 0000:00:01.0: ROM [mem 0x00000000-0x0001ffff pref]?
[    0.874783] pci 0000:00:01.0: enabling Extended Tags?
[    0.875795] pci 0000:00:01.0: Video device with shadowed ROM at [mem 0x000c0000-0x000dffff]?
[    0.876799] pci 0000:00:01.0: supports D1 D2?
[    0.877778] pci 0000:00:01.0: PME# supported from D1 D2 D3hot?
[    0.879791] pci 0000:00:01.1: [1002:9921] type 00 class 0x040300 PCIe Root Complex Integrated Endpoint?
[    0.880799] pci 0000:00:01.1: BAR 0 [mem 0xe4840000-0xe4843fff 64bit]?
[    0.881785] pci 0000:00:01.1: enabling Extended Tags?
[    0.882808] pci 0000:00:01.1: supports D1 D2?
[    0.883871] pci 0000:00:02.0: [1022:1438] type 00 class 0x060000 conventional PCI endpoint?
[    0.884906] pci 0000:00:14.0: [104d:90d7] type 00 class 0x088000 PCIe Endpoint?
[    0.885819] pci 0000:00:14.0: BAR 0 [mem 0xfdf8000000-0xfdf9ffffff 64bit]?
[    0.886780] pci 0000:00:14.0: BAR 2 [io  0x1000-0x13ff]?
[    0.888820] pci 0000:00:14.1: [104d:90d8] type 00 class 0x088001 PCIe Endpoint?
[    0.889819] pci 0000:00:14.1: BAR 0 [mem 0xc2000000-0xc2000fff 64bit]?
[    0.890961] pci 0000:00:14.2: [104d:90d9] type 00 class 0x088002 PCIe Endpoint?
[    0.891819] pci 0000:00:14.2: BAR 0 [mem 0xc4000000-0xc4007fff 64bit]?
[    0.892962] pci 0000:00:14.3: [104d:90da] type 00 class 0x088003 PCIe Endpoint?
[    0.893819] pci 0000:00:14.3: BAR 0 [mem 0xc6000000-0xc6000fff 64bit]?
[    0.894960] pci 0000:00:14.4: [104d:90db] type 00 class 0x088004 PCIe Endpoint?
[    0.895819] pci 0000:00:14.4: BAR 0 [mem 0xc8000000-0xc8001fff 64bit]?
[    0.896781] pci 0000:00:14.4: BAR 2 [mem 0xc8800000-0xc89fffff 64bit]?
[    0.897781] pci 0000:00:14.4: BAR 4 [mem 0xc9000000-0xc91fffff 64bit]?
[    0.898955] pci 0000:00:14.5: [104d:90dc] type 00 class 0x088005 PCIe Endpoint?
[    0.899819] pci 0000:00:14.5: BAR 0 [mem 0xca000000-0xca000fff 64bit]?
[    0.900781] pci 0000:00:14.5: BAR 2 [mem 0xca800000-0xca800fff 64bit]?
[    0.901961] pci 0000:00:14.6: [104d:90dd] type 00 class 0x088006 PCIe Endpoint?
[    0.902819] pci 0000:00:14.6: BAR 0 [mem 0xcc000000-0xcc000fff 64bit]?
[    0.903781] pci 0000:00:14.6: BAR 2 [mem 0x80000000-0xbfffffff 64bit]?
[    0.904780] pci 0000:00:14.6: BAR 4 [mem 0xcd000000-0xcd0fffff]?
[    0.905780] pci 0000:00:14.6: BAR 5 [mem 0xcd400000-0xcd43ffff]?
[    0.906955] pci 0000:00:14.7: [104d:90de] type 00 class 0x088007 PCIe Endpoint?
[    0.907819] pci 0000:00:14.7: BAR 0 [mem 0xce000000-0xce3fffff 64bit]?
[    0.908781] pci 0000:00:14.7: BAR 2 [mem 0xce800000-0xce80ffff 64bit]?
[    0.909782] pci 0000:00:14.7: BAR 4 [mem 0xcf000000-0xcf7fffff 64bit]?
[    0.910948] pci 0000:00:18.0: [1022:142e] type 00 class 0x060000 conventional PCI endpoint?
[    0.911878] pci 0000:00:18.1: [1022:142f] type 00 class 0x060000 conventional PCI endpoint?
[    0.912878] pci 0000:00:18.2: [1022:1430] type 00 class 0x060000 conventional PCI endpoint?
[    0.913880] pci 0000:00:18.3: [1022:1431] type 00 class 0x060000 conventional PCI endpoint?
[    0.914881] pci 0000:00:18.4: [1022:1432] type 00 class 0x060000 conventional PCI endpoint?
[    0.915874] pci 0000:00:18.5: [1022:1433] type 00 class 0x060000 conventional PCI endpoint?
[    0.916874] pci 0000:00:18.6: [1022:1434] type 00 class 0x060000 conventional PCI endpoint?
[    0.917971] iommu: Default domain type: Passthrough (set via kernel command line)?
[    0.918964] SCSI subsystem initialized?
[    0.919804] libata version 3.00 loaded.?
[    0.921799] ACPI: bus type USB registered?
[    0.922832] usbcore: registered new interface driver usbfs?
[    0.923800] usbcore: registered new interface driver hub?
[    0.924798] usbcore: registered new device driver usb?
[    0.925809] cec: Failed to create debugfs cec dir?
[    0.926911] Advanced Linux Sound Architecture Driver Initialized.?
[    0.928137] Bluetooth: Core ver 2.22?
[    0.928788] NET: Registered PF_BLUETOOTH protocol family?
[    0.929778] Bluetooth: HCI device and connection manager initialized?
[    0.930781] Bluetooth: HCI socket layer initialized?
[    0.931781] Bluetooth: L2CAP socket layer initialized?
[    0.932781] Bluetooth: SCO socket layer initialized?
[    0.933864] PCI: Using ACPI for IRQ routing?
[    0.936765] PCI: pci_cache_line_size set to 64 bytes?
[    0.937820] e820: reserve RAM buffer [mem 0x00008000-0x0000ffff]?
[    0.938780] e820: reserve RAM buffer [mem 0x0009a000-0x0009ffff]?
[    0.939779] e820: reserve RAM buffer [mem 0x00680000-0x006fffff]?
[    0.940779] e820: reserve RAM buffer [mem 0x7efe8000-0x7fffffff]?
[    0.941779] e820: reserve RAM buffer [mem 0x27f000000-0x27fffffff]?
[    0.942819] pci 0000:00:01.0: vgaarb: setting as boot VGA device?
[    0.943774] pci 0000:00:01.0: vgaarb: bridge control possible?
[    0.943774] pci 0000:00:01.0: vgaarb: VGA device added: decodes=io+mem,owns=io+mem,locks=none?
[    0.943787] vgaarb: loaded?
[    0.945013] clocksource: Switched to clocksource tsc-early?
[    0.950613] pnp: PnP ACPI init?
[    0.953772] pnp: PnP ACPI: found 0 devices?
[    0.963199] NET: Registered PF_INET protocol family?
[    0.968482] IP idents hash table entries: 131072 (order: 8, 1048576 bytes, linear)?
[    0.980329] tcp_listen_portaddr_hash hash table entries: 4096 (order: 4, 65536 bytes, linear)?
[    0.989058] Table-perturb hash table entries: 65536 (order: 6, 262144 bytes, linear)?
[    0.996987] TCP established hash table entries: 65536 (order: 7, 524288 bytes, linear)?
[    1.005334] TCP bind hash table entries: 65536 (order: 9, 2097152 bytes, linear)?
[    1.013496] TCP: Hash tables configured (established 65536 bind 65536)?
[    1.020268] UDP hash table entries: 4096 (order: 6, 262144 bytes, linear)?
[    1.027277] UDP-Lite hash table entries: 4096 (order: 6, 262144 bytes, linear)?
[    1.034813] NET: Registered PF_UNIX/PF_LOCAL protocol family?
[    1.040953] RPC: Registered named UNIX socket transport module.?
[    1.046991] RPC: Registered udp transport module.?
[    1.051784] RPC: Registered tcp transport module.?
[    1.056578] RPC: Registered tcp-with-tls transport module.?
[    1.062166] RPC: Registered tcp NFSv4.1 backchannel transport module.?
[    1.069191] pci_bus 0000:00: resource 4 [io  0x0000-0xffff]?
[    1.074878] pci_bus 0000:00: resource 5 [mem 0x00000000-0xffffffffff]?
[    1.081523] pci 0000:00:01.1: D0 power state depends on 0000:00:01.0?
[    1.088010] pci 0000:00:02.0: CLS mismatch (64 != 512), using 64 bytes?
[    1.094776] AMD-Vi: Using global IVHD EFR:0x0, EFR2:0x0?
[    1.095010] Trying to unpack rootfs image as initramfs...?
[    1.100334] pci 0000:00:00.0: Adding to iommu group 0?
[    1.110886] pci 0000:00:14.0: Adding to iommu group 1?
[    1.116070] pci 0000:00:14.1: Adding to iommu group 1?
[    1.121256] pci 0000:00:14.2: Adding to iommu group 1?
[    1.126447] pci 0000:00:14.3: Adding to iommu group 1?
[    1.131630] pci 0000:00:14.4: Adding to iommu group 1?
[    1.136812] pci 0000:00:14.5: Adding to iommu group 1?
[    1.142004] pci 0000:00:14.6: Adding to iommu group 1?
[    1.147187] pci 0000:00:14.7: Adding to iommu group 1?
[    1.152419] AMD-Vi: Extended features (0x840, 0x0): IA?
[    1.157953] PCI-DMA: Using software bounce buffering for IO (SWIOTLB)?
[    1.164532] software IO TLB: mapped [mem 0x000000007afe8000-0x000000007efe8000] (64MB)?
[    1.172754] LVT offset 0 assigned for vector 0x400?
[    1.178247] perf: AMD IBS detected (0x000000ff)?
[    1.182919] kvm_amd: TSC scaling supported?
[    1.187097] kvm_amd: Nested Virtualization enabled?
[    1.191983] kvm_amd: Nested Paging enabled?
[    1.196161] kvm_amd: LBR virtualization supported?
[    1.225078] Freeing initrd memory: 4156K?
[    1.234284] platform rtc_cmos: registered platform RTC device (no PNP device found)?
[    1.245248] Initialise system trusted keyrings?
[    1.249959] workingset: timestamp_bits=40 max_order=21 bucket_order=0?
[    1.256957] ntfs3: Warning: Activated 64 bits per cluster. Windows does not support this?
[    1.265308] fuse: init (API version 7.43)?
[    1.305402] NET: Registered PF_ALG protocol family?
[    1.310290] xor: automatically using best checksumming function   avx       ?
[    1.317475] Key type asymmetric registered?
[    1.321651] Asymmetric key parser 'x509' registered?
[    1.326652] Block layer SCSI generic (bsg) driver version 0.4 loaded (major 252)?
[    1.334192] io scheduler mq-deadline registered?
[    1.338809] io scheduler kyber registered?
[    1.344931] Could not retrieve perf counters (-19)?
[    1.382525] Non-volatile memory driver v1.3?
[    1.386809] Linux agpgart interface v0.103?
[    1.391428] ACPI: bus type drm_connector registered?
[    1.396417] [drm] amdgpu kernel modesetting enabled.?
[    1.403031] brd: module loaded?
[    1.408611] loop: module loaded?
[    1.411833] i2c-core: driver [at24] registered?
[    1.416565] baikal_pcie 0000:00:14.4: bpcie_probe()?
[    1.421578] baikal_pcie 0000:00:14.4: bpcie glue probe?
[    1.426826] baikal_pcie 0000:00:14.4: Baikal chip revision: 4c0c2021:8d76a398:0000b100?
[    1.434900] pci 0000:00:14.0: bpcie_create_irq_domain?
[    1.440054] baikal_pcie 0000:00:14.4: devid = 164?
[    1.444850] baikal_pcie 0000:00:14.4: no parent ?
[    1.449563] bpcie_create_irq_domain: marked Baikal-MSI-164-3-14 as MSI parent (flags=0x113 bus_token=AMDVI)?
[    1.459491] pci 0000:00:14.1: bpcie_create_irq_domain?
[    1.464641] baikal_pcie 0000:00:14.4: devid = 164?
[    1.469436] baikal_pcie 0000:00:14.4: no parent ?
[    1.474146] bpcie_create_irq_domain: marked Baikal-MSI-164-3-14 as MSI parent (flags=0x113 bus_token=AMDVI)?
[    1.484077] pci 0000:00:14.2: bpcie_create_irq_domain?
[    1.489229] baikal_pcie 0000:00:14.4: devid = 164?
[    1.494024] baikal_pcie 0000:00:14.4: no parent ?
[    1.498732] bpcie_create_irq_domain: marked Baikal-MSI-164-3-14 as MSI parent (flags=0x113 bus_token=AMDVI)?
[    1.508662] pci 0000:00:14.3: bpcie_create_irq_domain?
[    1.513813] baikal_pcie 0000:00:14.4: devid = 164?
[    1.518609] baikal_pcie 0000:00:14.4: no parent ?
[    1.523317] bpcie_create_irq_domain: marked Baikal-MSI-164-3-14 as MSI parent (flags=0x113 bus_token=AMDVI)?
[    1.533245] baikal_pcie 0000:00:14.4: bpcie_create_irq_domain?
[    1.539104] baikal_pcie 0000:00:14.4: devid = 164?
[    1.543898] baikal_pcie 0000:00:14.4: no parent ?
[    1.548606] bpcie_create_irq_domain: marked Baikal-MSI-164-3-14 as MSI parent (flags=0x113 bus_token=AMDVI)?
[    1.558535] pci 0000:00:14.5: bpcie_create_irq_domain?
[    1.563684] baikal_pcie 0000:00:14.4: devid = 164?
[    1.568478] baikal_pcie 0000:00:14.4: no parent ?
[    1.573186] bpcie_create_irq_domain: marked Baikal-MSI-164-3-14 as MSI parent (flags=0x113 bus_token=AMDVI)?
[    1.583115] pci 0000:00:14.6: bpcie_create_irq_domain?
[    1.588263] baikal_pcie 0000:00:14.4: devid = 164?
[    1.593058] baikal_pcie 0000:00:14.4: no parent ?
[    1.597766] bpcie_create_irq_domain: marked Baikal-MSI-164-3-14 as MSI parent (flags=0x113 bus_token=AMDVI)?
[    1.607694] pci 0000:00:14.7: bpcie_create_irq_domain?
[    1.612842] baikal_pcie 0000:00:14.4: devid = 164?
[    1.617638] baikal_pcie 0000:00:14.4: no parent ?
[    1.622350] bpcie_create_irq_domain: marked Baikal-MSI-164-3-14 as MSI parent (flags=0x113 bus_token=AMDVI)?
[    1.632291] bpcie_init_dev_msi_info: dev=0000:00:14.4 installed bpcie demuxer (sc=(____ptrval____))?
[    1.642088] bpcie_msi_init: virq=10 hwirq=0x0 domain=(____ptrval____) info=(____ptrval____) sc=(____ptrval____)?
[    1.652377] bpcie_msi_init: registered virq=10 irq_map[0]?
[    1.657878] bpcie_msi_init: virq=11 hwirq=0x1 domain=(____ptrval____) info=(____ptrval____) sc=(____ptrval____)?
[    1.668161] bpcie_msi_init: registered virq=11 irq_map[1]?
[    1.673661] bpcie_msi_init: virq=12 hwirq=0x2 domain=(____ptrval____) info=(____ptrval____) sc=(____ptrval____)?
[    1.683944] bpcie_msi_init: registered virq=12 irq_map[2]?
[    1.689445] bpcie_msi_init: virq=13 hwirq=0x3 domain=(____ptrval____) info=(____ptrval____) sc=(____ptrval____)?
[    1.699729] bpcie_msi_init: registered virq=13 irq_map[3]?
[    1.705231] bpcie_msi_init: virq=14 hwirq=0x4 domain=(____ptrval____) info=(____ptrval____) sc=(____ptrval____)?
[    1.715515] bpcie_msi_init: registered virq=14 irq_map[4]?
[    1.721017] bpcie_msi_init: virq=15 hwirq=0x5 domain=(____ptrval____) info=(____ptrval____) sc=(____ptrval____)?
[    1.731299] bpcie_msi_init: registered virq=15 irq_map[5]?
[    1.736800] bpcie_msi_init: virq=16 hwirq=0x6 domain=(____ptrval____) info=(____ptrval____) sc=(____ptrval____)?
[    1.747082] bpcie_msi_init: registered virq=16 irq_map[6]?
[    1.752583] bpcie_msi_init: virq=17 hwirq=0x7 domain=(____ptrval____) info=(____ptrval____) sc=(____ptrval____)?
[    1.762867] bpcie_msi_init: registered virq=17 irq_map[7]?
[    1.768367] bpcie_msi_init: virq=18 hwirq=0x8 domain=(____ptrval____) info=(____ptrval____) sc=(____ptrval____)?
[    1.778649] bpcie_msi_init: registered virq=18 irq_map[8]?
[    1.784148] bpcie_msi_init: virq=19 hwirq=0x9 domain=(____ptrval____) info=(____ptrval____) sc=(____ptrval____)?
[    1.794431] bpcie_msi_init: registered virq=19 irq_map[9]?
[    1.799930] bpcie_msi_init: virq=20 hwirq=0xa domain=(____ptrval____) info=(____ptrval____) sc=(____ptrval____)?
[    1.810215] bpcie_msi_init: registered virq=20 irq_map[10]?
[    1.815805] bpcie_msi_init: virq=21 hwirq=0xb domain=(____ptrval____) info=(____ptrval____) sc=(____ptrval____)?
[    1.826088] bpcie_msi_init: registered virq=21 irq_map[11]?
[    1.831677] bpcie_msi_init: virq=22 hwirq=0xc domain=(____ptrval____) info=(____ptrval____) sc=(____ptrval____)?
[    1.841961] bpcie_msi_init: registered virq=22 irq_map[12]?
[    1.847551] bpcie_msi_init: virq=23 hwirq=0xd domain=(____ptrval____) info=(____ptrval____) sc=(____ptrval____)?
[    1.857833] bpcie_msi_init: registered virq=23 irq_map[13]?
[    1.863425] bpcie_msi_init: virq=24 hwirq=0xe domain=(____ptrval____) info=(____ptrval____) sc=(____ptrval____)?
[    1.873710] bpcie_msi_init: registered virq=24 irq_map[14]?
[    1.879300] bpcie_msi_init: virq=25 hwirq=0xf domain=(____ptrval____) info=(____ptrval____) sc=(____ptrval____)?
[    1.889582] bpcie_msi_init: registered virq=25 irq_map[15]?
[    1.895172] bpcie_msi_init: virq=26 hwirq=0x10 domain=(____ptrval____) info=(____ptrval____) sc=(____ptrval____)?
[    1.905543] bpcie_msi_init: registered virq=26 irq_map[16]?
[    1.911133] bpcie_msi_init: virq=27 hwirq=0x11 domain=(____ptrval____) info=(____ptrval____) sc=(____ptrval____)?
[    1.921504] bpcie_msi_init: registered virq=27 irq_map[17]?
[    1.927093] bpcie_msi_init: virq=28 hwirq=0x12 domain=(____ptrval____) info=(____ptrval____) sc=(____ptrval____)?
[    1.937469] bpcie_msi_init: registered virq=28 irq_map[18]?
[    1.943058] bpcie_msi_init: virq=29 hwirq=0x13 domain=(____ptrval____) info=(____ptrval____) sc=(____ptrval____)?
[    1.953430] bpcie_msi_init: registered virq=29 irq_map[19]?
[    1.959019] bpcie_msi_init: virq=30 hwirq=0x14 domain=(____ptrval____) info=(____ptrval____) sc=(____ptrval____)?
[    1.969390] bpcie_msi_init: registered virq=30 irq_map[20]?
[    1.974979] bpcie_msi_init: virq=31 hwirq=0x15 domain=(____ptrval____) info=(____ptrval____) sc=(____ptrval____)?
[    1.985351] bpcie_msi_init: registered virq=31 irq_map[21]?
[    1.990939] bpcie_msi_init: virq=32 hwirq=0x16 domain=(____ptrval____) info=(____ptrval____) sc=(____ptrval____)?
[    2.001314] bpcie_msi_init: registered virq=32 irq_map[22]?
[    2.006902] bpcie_msi_init: virq=33 hwirq=0x17 domain=(____ptrval____) info=(____ptrval____) sc=(____ptrval____)?
[    2.017277] bpcie_msi_init: registered virq=33 irq_map[23]?
[    2.022866] bpcie_msi_init: virq=34 hwirq=0x18 domain=(____ptrval____) info=(____ptrval____) sc=(____ptrval____)?
[    2.033238] bpcie_msi_init: registered virq=34 irq_map[24]?
[    2.038828] bpcie_msi_init: virq=35 hwirq=0x19 domain=(____ptrval____) info=(____ptrval____) sc=(____ptrval____)?
[    2.049199] bpcie_msi_init: registered virq=35 irq_map[25]?
[    2.054789] bpcie_msi_init: virq=36 hwirq=0x1a domain=(____ptrval____) info=(____ptrval____) sc=(____ptrval____)?
[    2.065160] bpcie_msi_init: registered virq=36 irq_map[26]?
[    2.070748] bpcie_msi_init: virq=37 hwirq=0x1b domain=(____ptrval____) info=(____ptrval____) sc=(____ptrval____)?
[    2.081120] bpcie_msi_init: registered virq=37 irq_map[27]?
[    2.086710] bpcie_msi_init: virq=38 hwirq=0x1c domain=(____ptrval____) info=(____ptrval____) sc=(____ptrval____)?
[    2.097083] bpcie_msi_init: registered virq=38 irq_map[28]?
[    2.102671] bpcie_msi_init: virq=39 hwirq=0x1d domain=(____ptrval____) info=(____ptrval____) sc=(____ptrval____)?
[    2.113042] bpcie_msi_init: registered virq=39 irq_map[29]?
[    2.118630] bpcie_msi_init: virq=40 hwirq=0x1e domain=(____ptrval____) info=(____ptrval____) sc=(____ptrval____)?
[    2.128999] bpcie_msi_init: registered virq=40 irq_map[30]?
[    2.134588] bpcie_msi_init: virq=41 hwirq=0x1f domain=(____ptrval____) info=(____ptrval____) sc=(____ptrval____)?
[    2.144958] bpcie_msi_init: registered virq=41 irq_map[31]?
[    2.150582] baikal_pcie 0000:00:14.4: bpcie_msi_write_msg(fee00000, 000000ef) mask=0x0 irq=10 hwirq=0x0 (____ptrval____)?
[    2.161674] baikal_pcie 0000:00:14.4: bpcie_config_msi: func=4 subfunc=0 addr=fee00000 data=000000ef?
[    2.170999] baikal_pcie 0000:00:14.4: bpcie_msi_write_msg(fee00000, 000000ef) mask=0x0 irq=11 hwirq=0x1 (____ptrval____)?
[    2.182081] baikal_pcie 0000:00:14.4: bpcie_config_msi: func=4 subfunc=1 addr=fee00000 data=000000ef?
[    2.191399] baikal_pcie 0000:00:14.4: bpcie_msi_write_msg(fee00000, 000000ef) mask=0x0 irq=12 hwirq=0x2 (____ptrval____)?
[    2.202484] baikal_pcie 0000:00:14.4: bpcie_config_msi: func=4 subfunc=2 addr=fee00000 data=000000ef?
[    2.211802] baikal_pcie 0000:00:14.4: bpcie_msi_write_msg(fee00000, 000000ef) mask=0x0 irq=13 hwirq=0x3 (____ptrval____)?
[    2.222885] baikal_pcie 0000:00:14.4: bpcie_config_msi: func=4 subfunc=3 addr=fee00000 data=000000ef?
[    2.232203] baikal_pcie 0000:00:14.4: bpcie_msi_write_msg(fee00000, 000000ef) mask=0x0 irq=14 hwirq=0x4 (____ptrval____)?
[    2.243284] baikal_pcie 0000:00:14.4: bpcie_config_msi: func=4 subfunc=4 addr=fee00000 data=000000ef?
[    2.252604] baikal_pcie 0000:00:14.4: bpcie_msi_write_msg(fee00000, 000000ef) mask=0x0 irq=15 hwirq=0x5 (____ptrval____)?
[    2.263686] baikal_pcie 0000:00:14.4: bpcie_config_msi: func=4 subfunc=5 addr=fee00000 data=000000ef?
[    2.273003] baikal_pcie 0000:00:14.4: bpcie_msi_write_msg(fee00000, 000000ef) mask=0x0 irq=16 hwirq=0x6 (____ptrval____)?
[    2.284084] baikal_pcie 0000:00:14.4: bpcie_config_msi: func=4 subfunc=6 addr=fee00000 data=000000ef?
[    2.293400] baikal_pcie 0000:00:14.4: bpcie_msi_write_msg(fee00000, 000000ef) mask=0x0 irq=17 hwirq=0x7 (____ptrval____)?
[    2.304481] baikal_pcie 0000:00:14.4: bpcie_config_msi: func=4 subfunc=7 addr=fee00000 data=000000ef?
[    2.313801] baikal_pcie 0000:00:14.4: bpcie_msi_write_msg(fee00000, 000000ef) mask=0x0 irq=18 hwirq=0x8 (____ptrval____)?
[    2.324883] baikal_pcie 0000:00:14.4: bpcie_config_msi: func=4 subfunc=8 addr=fee00000 data=000000ef?
[    2.334205] baikal_pcie 0000:00:14.4: bpcie_msi_write_msg(fee00000, 000000ef) mask=0x0 irq=19 hwirq=0x9 (____ptrval____)?
[    2.345286] baikal_pcie 0000:00:14.4: bpcie_config_msi: func=4 subfunc=9 addr=fee00000 data=000000ef?
[    2.354604] baikal_pcie 0000:00:14.4: bpcie_msi_write_msg(fee00000, 000000ef) mask=0x0 irq=20 hwirq=0xa (____ptrval____)?
[    2.365684] baikal_pcie 0000:00:14.4: bpcie_config_msi: func=4 subfunc=10 addr=fee00000 data=000000ef?
[    2.375091] baikal_pcie 0000:00:14.4: bpcie_msi_write_msg(fee00000, 000000ef) mask=0x0 irq=21 hwirq=0xb (____ptrval____)?
[    2.386172] baikal_pcie 0000:00:14.4: bpcie_config_msi: func=4 subfunc=11 addr=fee00000 data=000000ef?
[    2.395577] baikal_pcie 0000:00:14.4: bpcie_msi_write_msg(fee00000, 000000ef) mask=0x0 irq=22 hwirq=0xc (____ptrval____)?
[    2.406659] baikal_pcie 0000:00:14.4: bpcie_config_msi: func=4 subfunc=12 addr=fee00000 data=000000ef?
[    2.416068] baikal_pcie 0000:00:14.4: bpcie_msi_write_msg(fee00000, 000000ef) mask=0x0 irq=23 hwirq=0xd (____ptrval____)?
[    2.427148] baikal_pcie 0000:00:14.4: bpcie_config_msi: func=4 subfunc=13 addr=fee00000 data=000000ef?
[    2.436554] baikal_pcie 0000:00:14.4: bpcie_msi_write_msg(fee00000, 000000ef) mask=0x0 irq=24 hwirq=0xe (____ptrval____)?
[    2.447635] baikal_pcie 0000:00:14.4: bpcie_config_msi: func=4 subfunc=14 addr=fee00000 data=000000ef?
[    2.457043] baikal_pcie 0000:00:14.4: bpcie_msi_write_msg(fee00000, 000000ef) mask=0x0 irq=25 hwirq=0xf (____ptrval____)?
[    2.468124] baikal_pcie 0000:00:14.4: bpcie_config_msi: func=4 subfunc=15 addr=fee00000 data=000000ef?
[    2.477530] baikal_pcie 0000:00:14.4: bpcie_msi_write_msg(fee00000, 000000ef) mask=0x0 irq=26 hwirq=0x10 (____ptrval____)?
[    2.488698] baikal_pcie 0000:00:14.4: bpcie_config_msi: func=4 subfunc=16 addr=fee00000 data=000000ef?
[    2.498105] baikal_pcie 0000:00:14.4: bpcie_msi_write_msg(fee00000, 000000ef) mask=0x0 irq=27 hwirq=0x11 (____ptrval____)?
[    2.509277] baikal_pcie 0000:00:14.4: bpcie_config_msi: func=4 subfunc=17 addr=fee00000 data=000000ef?
[    2.518684] baikal_pcie 0000:00:14.4: bpcie_msi_write_msg(fee00000, 000000ef) mask=0x0 irq=28 hwirq=0x12 (____ptrval____)?
[    2.529852] baikal_pcie 0000:00:14.4: bpcie_config_msi: func=4 subfunc=18 addr=fee00000 data=000000ef?
[    2.539263] baikal_pcie 0000:00:14.4: bpcie_msi_write_msg(fee00000, 000000ef) mask=0x0 irq=29 hwirq=0x13 (____ptrval____)?
[    2.550432] baikal_pcie 0000:00:14.4: bpcie_config_msi: func=4 subfunc=19 addr=fee00000 data=000000ef?
[    2.559838] baikal_pcie 0000:00:14.4: bpcie_msi_write_msg(fee00000, 000000ef) mask=0x0 irq=30 hwirq=0x14 (____ptrval____)?
[    2.571008] baikal_pcie 0000:00:14.4: bpcie_config_msi: func=4 subfunc=20 addr=fee00000 data=000000ef?
[    2.580414] baikal_pcie 0000:00:14.4: bpcie_msi_write_msg(fee00000, 000000ef) mask=0x0 irq=31 hwirq=0x15 (____ptrval____)?
[    2.591583] baikal_pcie 0000:00:14.4: bpcie_config_msi: func=4 subfunc=21 addr=fee00000 data=000000ef?
[    2.600990] baikal_pcie 0000:00:14.4: bpcie_msi_write_msg(fee00000, 000000ef) mask=0x0 irq=32 hwirq=0x16 (____ptrval____)?
[    2.612160] baikal_pcie 0000:00:14.4: bpcie_config_msi: func=4 subfunc=22 addr=fee00000 data=000000ef?
[    2.621567] baikal_pcie 0000:00:14.4: bpcie_msi_write_msg(fee00000, 000000ef) mask=0x0 irq=33 hwirq=0x17 (____ptrval____)?
[    2.632736] baikal_pcie 0000:00:14.4: bpcie_config_msi: func=4 subfunc=23 addr=fee00000 data=000000ef?
[    2.642142] baikal_pcie 0000:00:14.4: bpcie_msi_write_msg(fee00000, 000000ef) mask=0x0 irq=34 hwirq=0x18 (____ptrval____)?
[    2.653312] baikal_pcie 0000:00:14.4: bpcie_config_msi: func=4 subfunc=24 addr=fee00000 data=000000ef?
[    2.662719] baikal_pcie 0000:00:14.4: bpcie_msi_write_msg(fee00000, 000000ef) mask=0x0 irq=35 hwirq=0x19 (____ptrval____)?
[    2.673887] baikal_pcie 0000:00:14.4: bpcie_config_msi: func=4 subfunc=25 addr=fee00000 data=000000ef?
[    2.683295] baikal_pcie 0000:00:14.4: bpcie_msi_write_msg(fee00000, 000000ef) mask=0x0 irq=36 hwirq=0x1a (____ptrval____)?
[    2.694463] baikal_pcie 0000:00:14.4: bpcie_config_msi: func=4 subfunc=26 addr=fee00000 data=000000ef?
[    2.703870] baikal_pcie 0000:00:14.4: bpcie_msi_write_msg(fee00000, 000000ef) mask=0x0 irq=37 hwirq=0x1b (____ptrval____)?
[    2.715040] baikal_pcie 0000:00:14.4: bpcie_config_msi: func=4 subfunc=27 addr=fee00000 data=000000ef?
[    2.724446] baikal_pcie 0000:00:14.4: bpcie_msi_write_msg(fee00000, 000000ef) mask=0x0 irq=38 hwirq=0x1c (____ptrval____)?
[    2.735615] baikal_pcie 0000:00:14.4: bpcie_config_msi: func=4 subfunc=28 addr=fee00000 data=000000ef?
[    2.745021] baikal_pcie 0000:00:14.4: bpcie_msi_write_msg(fee00000, 000000ef) mask=0x0 irq=39 hwirq=0x1d (____ptrval____)?
[    2.756192] baikal_pcie 0000:00:14.4: bpcie_config_msi: func=4 subfunc=29 addr=fee00000 data=000000ef?
[    2.765600] baikal_pcie 0000:00:14.4: bpcie_msi_write_msg(fee00000, 000000ef) mask=0x0 irq=40 hwirq=0x1e (____ptrval____)?
[    2.776769] baikal_pcie 0000:00:14.4: bpcie_config_msi: func=4 subfunc=30 addr=fee00000 data=000000ef?
[    2.786175] baikal_pcie 0000:00:14.4: bpcie_msi_write_msg(fee00000, 000000ef) mask=0x0 irq=41 hwirq=0x1f (____ptrval____)?
[    2.797344] baikal_pcie 0000:00:14.4: bpcie_config_msi: func=4 subfunc=31 addr=fee00000 data=000000ef?
[    2.806845] baikal_pcie 0000:00:14.4: dev->irq=10?
[    2.811767] baikal_pcie 0000:00:14.4: Failed to register serial port 0?
[    2.818426] baikal_pcie 0000:00:14.4: UART init failed (-5); continuing without serial console?
[    2.827212] bpcie_icc_init: msi_desc msi_index=0 irq=10?
[    2.832538] bpcie_icc_init: ICC subfunc 3 -> bpcie_irqnum=13 found_virq=-1?
[    2.839551] baikal_pcie 0000:00:14.4: bpcie_msi_write_msg(fee01000, 00000020) mask=0x0 irq=13 hwirq=0x3 (____ptrval____)?
[    2.840540] baikal_pcie 0000:00:14.4: bpcie_config_msi: func=4 subfunc=3 addr=fee01000 data=00000020?
[    2.840540] baikal_pcie 0000:00:14.4: bpcie_msi_write_msg(fee01000, 00000020) mask=0x0 irq=13 hwirq=0x3 (____ptrval____)?
[    2.840540] baikal_pcie 0000:00:14.4: bpcie_config_msi: func=4 subfunc=3 addr=fee01000 data=00000020?
[    2.880349] genirq: Flags mismatch irq 0. 00200080 (icc-shotgun) vs. 00000000 (AMD-Vi)?
[    2.888430] baikal_pcie 0000:00:14.4: bpcie_msi_write_msg(fee02000, 00000020) mask=0x0 irq=10 hwirq=0x0 (____ptrval____)?
[    2.889416] baikal_pcie 0000:00:14.4: bpcie_config_msi: func=4 subfunc=0 addr=fee02000 data=00000020?
[    2.889416] baikal_pcie 0000:00:14.4: bpcie_msi_write_msg(fee02000, 00000020) mask=0x0 irq=10 hwirq=0x0 (____ptrval____)?
[    2.889416] baikal_pcie 0000:00:14.4: bpcie_config_msi: func=4 subfunc=0 addr=fee02000 data=00000020?
[    2.929246] baikal_pcie 0000:00:14.4: bpcie_msi_write_msg(fee03000, 00000020) mask=0x0 irq=11 hwirq=0x1 (____ptrval____)?
[    2.930229] baikal_pcie 0000:00:14.4: bpcie_config_msi: func=4 subfunc=1 addr=fee03000 data=00000020?
[    2.930229] baikal_pcie 0000:00:14.4: bpcie_msi_write_msg(fee03000, 00000020) mask=0x0 irq=11 hwirq=0x1 (____ptrval____)?
[    2.930229] baikal_pcie 0000:00:14.4: bpcie_config_msi: func=4 subfunc=1 addr=fee03000 data=00000020?
[    2.970035] baikal_pcie 0000:00:14.4: bpcie_msi_write_msg(fee04000, 00000020) mask=0x0 irq=12 hwirq=0x2 (____ptrval____)?
[    2.971019] baikal_pcie 0000:00:14.4: bpcie_config_msi: func=4 subfunc=2 addr=fee04000 data=00000020?
[    2.971019] baikal_pcie 0000:00:14.4: bpcie_msi_write_msg(fee04000, 00000020) mask=0x0 irq=12 hwirq=0x2 (____ptrval____)?
[    2.971019] baikal_pcie 0000:00:14.4: bpcie_config_msi: func=4 subfunc=2 addr=fee04000 data=00000020?
[    3.010824] baikal_pcie 0000:00:14.4: bpcie_msi_write_msg(fee05000, 00000020) mask=0x0 irq=14 hwirq=0x4 (____ptrval____)?
[    3.011806] baikal_pcie 0000:00:14.4: bpcie_config_msi: func=4 subfunc=4 addr=fee05000 data=00000020?
[    3.011806] baikal_pcie 0000:00:14.4: bpcie_msi_write_msg(fee05000, 00000020) mask=0x0 irq=14 hwirq=0x4 (____ptrval____)?
[    3.011806] baikal_pcie 0000:00:14.4: bpcie_config_msi: func=4 subfunc=4 addr=fee05000 data=00000020?
[    3.051614] baikal_pcie 0000:00:14.4: bpcie_msi_write_msg(fee06000, 00000020) mask=0x0 irq=15 hwirq=0x5 (____ptrval____)?
[    3.052598] baikal_pcie 0000:00:14.4: bpcie_config_msi: func=4 subfunc=5 addr=fee06000 data=00000020?
[    3.052598] baikal_pcie 0000:00:14.4: bpcie_msi_write_msg(fee06000, 00000020) mask=0x0 irq=15 hwirq=0x5 (____ptrval____)?
[    3.052598] baikal_pcie 0000:00:14.4: bpcie_config_msi: func=4 subfunc=5 addr=fee06000 data=00000020?
[    3.092404] baikal_pcie 0000:00:14.4: bpcie_msi_write_msg(fee07000, 00000020) mask=0x0 irq=16 hwirq=0x6 (____ptrval____)?
[    3.093386] baikal_pcie 0000:00:14.4: bpcie_config_msi: func=4 subfunc=6 addr=fee07000 data=00000020?
[    3.093386] baikal_pcie 0000:00:14.4: bpcie_msi_write_msg(fee07000, 00000020) mask=0x0 irq=16 hwirq=0x6 (____ptrval____)?
[    3.093386] baikal_pcie 0000:00:14.4: bpcie_config_msi: func=4 subfunc=6 addr=fee07000 data=00000020?
[    3.133195] baikal_pcie 0000:00:14.4: bpcie_msi_write_msg(fee00000, 00000021) mask=0x0 irq=17 hwirq=0x7 (____ptrval____)?
[    3.134178] baikal_pcie 0000:00:14.4: bpcie_config_msi: func=4 subfunc=7 addr=fee00000 data=00000021?
[    3.134178] baikal_pcie 0000:00:14.4: bpcie_msi_write_msg(fee00000, 00000021) mask=0x0 irq=17 hwirq=0x7 (____ptrval____)?
[    3.134178] baikal_pcie 0000:00:14.4: bpcie_config_msi: func=4 subfunc=7 addr=fee00000 data=00000021?
[    3.173993] baikal_pcie 0000:00:14.4: bpcie_msi_write_msg(fee01000, 00000021) mask=0x0 irq=18 hwirq=0x8 (____ptrval____)?
[    3.174966] baikal_pcie 0000:00:14.4: bpcie_config_msi: func=4 subfunc=8 addr=fee01000 data=00000021?
[    3.174966] baikal_pcie 0000:00:14.4: bpcie_msi_write_msg(fee01000, 00000021) mask=0x0 irq=18 hwirq=0x8 (____ptrval____)?
[    3.174966] baikal_pcie 0000:00:14.4: bpcie_config_msi: func=4 subfunc=8 addr=fee01000 data=00000021?
[    3.214783] baikal_pcie 0000:00:14.4: bpcie_msi_write_msg(fee02000, 00000021) mask=0x0 irq=19 hwirq=0x9 (____ptrval____)?
[    3.215766] baikal_pcie 0000:00:14.4: bpcie_config_msi: func=4 subfunc=9 addr=fee02000 data=00000021?
[    3.215766] baikal_pcie 0000:00:14.4: bpcie_msi_write_msg(fee02000, 00000021) mask=0x0 irq=19 hwirq=0x9 (____ptrval____)?
[    3.215766] baikal_pcie 0000:00:14.4: bpcie_config_msi: func=4 subfunc=9 addr=fee02000 data=00000021?
[    3.255572] baikal_pcie 0000:00:14.4: bpcie_msi_write_msg(fee03000, 00000021) mask=0x0 irq=20 hwirq=0xa (____ptrval____)?
[    3.256557] baikal_pcie 0000:00:14.4: bpcie_config_msi: func=4 subfunc=10 addr=fee03000 data=00000021?
[    3.256557] baikal_pcie 0000:00:14.4: bpcie_msi_write_msg(fee03000, 00000021) mask=0x0 irq=20 hwirq=0xa (____ptrval____)?
[    3.256557] baikal_pcie 0000:00:14.4: bpcie_config_msi: func=4 subfunc=10 addr=fee03000 data=00000021?
[    3.296540] baikal_pcie 0000:00:14.4: bpcie_msi_write_msg(fee04000, 00000021) mask=0x0 irq=21 hwirq=0xb (____ptrval____)?
[    3.297521] baikal_pcie 0000:00:14.4: bpcie_config_msi: func=4 subfunc=11 addr=fee04000 data=00000021?
[    3.297521] baikal_pcie 0000:00:14.4: bpcie_msi_write_msg(fee04000, 00000021) mask=0x0 irq=21 hwirq=0xb (____ptrval____)?
[    3.297521] baikal_pcie 0000:00:14.4: bpcie_config_msi: func=4 subfunc=11 addr=fee04000 data=00000021?
[    3.337506] baikal_pcie 0000:00:14.4: bpcie_msi_write_msg(fee05000, 00000021) mask=0x0 irq=22 hwirq=0xc (____ptrval____)?
[    3.338491] baikal_pcie 0000:00:14.4: bpcie_config_msi: func=4 subfunc=12 addr=fee05000 data=00000021?
[    3.338491] baikal_pcie 0000:00:14.4: bpcie_msi_write_msg(fee05000, 00000021) mask=0x0 irq=22 hwirq=0xc (____ptrval____)?
[    3.338491] baikal_pcie 0000:00:14.4: bpcie_config_msi: func=4 subfunc=12 addr=fee05000 data=00000021?
[    3.378472] baikal_pcie 0000:00:14.4: bpcie_msi_write_msg(fee06000, 00000021) mask=0x0 irq=23 hwirq=0xd (____ptrval____)?
[    3.379454] baikal_pcie 0000:00:14.4: bpcie_config_msi: func=4 subfunc=13 addr=fee06000 data=00000021?
[    3.379454] baikal_pcie 0000:00:14.4: bpcie_msi_write_msg(fee06000, 00000021) mask=0x0 irq=23 hwirq=0xd (____ptrval____)?
[    3.379454] baikal_pcie 0000:00:14.4: bpcie_config_msi: func=4 subfunc=13 addr=fee06000 data=00000021?
[    3.419437] baikal_pcie 0000:00:14.4: bpcie_msi_write_msg(fee07000, 00000021) mask=0x0 irq=24 hwirq=0xe (____ptrval____)?
[    3.420422] baikal_pcie 0000:00:14.4: bpcie_config_msi: func=4 subfunc=14 addr=fee07000 data=00000021?
[    3.420422] baikal_pcie 0000:00:14.4: bpcie_msi_write_msg(fee07000, 00000021) mask=0x0 irq=24 hwirq=0xe (____ptrval____)?
[    3.420422] baikal_pcie 0000:00:14.4: bpcie_config_msi: func=4 subfunc=14 addr=fee07000 data=00000021?
[    3.460407] baikal_pcie 0000:00:14.4: bpcie_msi_write_msg(fee00000, 00000022) mask=0x0 irq=25 hwirq=0xf (____ptrval____)?
[    3.461388] baikal_pcie 0000:00:14.4: bpcie_config_msi: func=4 subfunc=15 addr=fee00000 data=00000022?
[    3.461388] baikal_pcie 0000:00:14.4: bpcie_msi_write_msg(fee00000, 00000022) mask=0x0 irq=25 hwirq=0xf (____ptrval____)?
[    3.461388] baikal_pcie 0000:00:14.4: bpcie_config_msi: func=4 subfunc=15 addr=fee00000 data=00000022?
[    3.501372] baikal_pcie 0000:00:14.4: bpcie_msi_write_msg(fee01000, 00000022) mask=0x0 irq=26 hwirq=0x10 (____ptrval____)?
[    3.502357] baikal_pcie 0000:00:14.4: bpcie_config_msi: func=4 subfunc=16 addr=fee01000 data=00000022?
[    3.502357] baikal_pcie 0000:00:14.4: bpcie_msi_write_msg(fee01000, 00000022) mask=0x0 irq=26 hwirq=0x10 (____ptrval____)?
[    3.502357] baikal_pcie 0000:00:14.4: bpcie_config_msi: func=4 subfunc=16 addr=fee01000 data=00000022?
[    3.542514] baikal_pcie 0000:00:14.4: bpcie_msi_write_msg(fee02000, 00000022) mask=0x0 irq=27 hwirq=0x11 (____ptrval____)?
[    3.543498] baikal_pcie 0000:00:14.4: bpcie_config_msi: func=4 subfunc=17 addr=fee02000 data=00000022?
[    3.543498] baikal_pcie 0000:00:14.4: bpcie_msi_write_msg(fee02000, 00000022) mask=0x0 irq=27 hwirq=0x11 (____ptrval____)?
[    3.543498] baikal_pcie 0000:00:14.4: bpcie_config_msi: func=4 subfunc=17 addr=fee02000 data=00000022?
[    3.583664] baikal_pcie 0000:00:14.4: bpcie_msi_write_msg(fee03000, 00000022) mask=0x0 irq=28 hwirq=0x12 (____ptrval____)?
[    3.584646] baikal_pcie 0000:00:14.4: bpcie_config_msi: func=4 subfunc=18 addr=fee03000 data=00000022?
[    3.584646] baikal_pcie 0000:00:14.4: bpcie_msi_write_msg(fee03000, 00000022) mask=0x0 irq=28 hwirq=0x12 (____ptrval____)?
[    3.584646] baikal_pcie 0000:00:14.4: bpcie_config_msi: func=4 subfunc=18 addr=fee03000 data=00000022?
[    3.624809] baikal_pcie 0000:00:14.4: bpcie_msi_write_msg(fee04000, 00000022) mask=0x0 irq=29 hwirq=0x13 (____ptrval____)?
[    3.625793] baikal_pcie 0000:00:14.4: bpcie_config_msi: func=4 subfunc=19 addr=fee04000 data=00000022?
[    3.625793] baikal_pcie 0000:00:14.4: bpcie_msi_write_msg(fee04000, 00000022) mask=0x0 irq=29 hwirq=0x13 (____ptrval____)?
[    3.625793] baikal_pcie 0000:00:14.4: bpcie_config_msi: func=4 subfunc=19 addr=fee04000 data=00000022?
[    3.665953] baikal_pcie 0000:00:14.4: bpcie_msi_write_msg(fee05000, 00000022) mask=0x0 irq=30 hwirq=0x14 (____ptrval____)?
[    3.666936] baikal_pcie 0000:00:14.4: bpcie_config_msi: func=4 subfunc=20 addr=fee05000 data=00000022?
[    3.666936] baikal_pcie 0000:00:14.4: bpcie_msi_write_msg(fee05000, 00000022) mask=0x0 irq=30 hwirq=0x14 (____ptrval____)?
[    3.666936] baikal_pcie 0000:00:14.4: bpcie_config_msi: func=4 subfunc=20 addr=fee05000 data=00000022?
[    3.707100] baikal_pcie 0000:00:14.4: bpcie_msi_write_msg(fee06000, 00000022) mask=0x0 irq=31 hwirq=0x15 (____ptrval____)?
[    3.708081] baikal_pcie 0000:00:14.4: bpcie_config_msi: func=4 subfunc=21 addr=fee06000 data=00000022?
[    3.708081] baikal_pcie 0000:00:14.4: bpcie_msi_write_msg(fee06000, 00000022) mask=0x0 irq=31 hwirq=0x15 (____ptrval____)?
[    3.708081] baikal_pcie 0000:00:14.4: bpcie_config_msi: func=4 subfunc=21 addr=fee06000 data=00000022?
[    3.748244] baikal_pcie 0000:00:14.4: bpcie_msi_write_msg(fee07000, 00000022) mask=0x0 irq=32 hwirq=0x16 (____ptrval____)?
[    3.749226] baikal_pcie 0000:00:14.4: bpcie_config_msi: func=4 subfunc=22 addr=fee07000 data=00000022?
[    3.749226] baikal_pcie 0000:00:14.4: bpcie_msi_write_msg(fee07000, 00000022) mask=0x0 irq=32 hwirq=0x16 (____ptrval____)?
[    3.749226] baikal_pcie 0000:00:14.4: bpcie_config_msi: func=4 subfunc=22 addr=fee07000 data=00000022?
[    3.789388] baikal_pcie 0000:00:14.4: bpcie_msi_write_msg(fee00000, 00000023) mask=0x0 irq=33 hwirq=0x17 (____ptrval____)?
[    3.790371] baikal_pcie 0000:00:14.4: bpcie_config_msi: func=4 subfunc=23 addr=fee00000 data=00000023?
[    3.790371] baikal_pcie 0000:00:14.4: bpcie_msi_write_msg(fee00000, 00000023) mask=0x0 irq=33 hwirq=0x17 (____ptrval____)?
[    3.790371] baikal_pcie 0000:00:14.4: bpcie_config_msi: func=4 subfunc=23 addr=fee00000 data=00000023?
[    3.830528] baikal_pcie 0000:00:14.4: bpcie_msi_write_msg(fee01000, 00000023) mask=0x0 irq=34 hwirq=0x18 (____ptrval____)?
[    3.831513] baikal_pcie 0000:00:14.4: bpcie_config_msi: func=4 subfunc=24 addr=fee01000 data=00000023?
[    3.831513] baikal_pcie 0000:00:14.4: bpcie_msi_write_msg(fee01000, 00000023) mask=0x0 irq=34 hwirq=0x18 (____ptrval____)?
[    3.831513] baikal_pcie 0000:00:14.4: bpcie_config_msi: func=4 subfunc=24 addr=fee01000 data=00000023?
[    3.871678] baikal_pcie 0000:00:14.4: bpcie_msi_write_msg(fee02000, 00000023) mask=0x0 irq=35 hwirq=0x19 (____ptrval____)?
[    3.872659] baikal_pcie 0000:00:14.4: bpcie_config_msi: func=4 subfunc=25 addr=fee02000 data=00000023?
[    3.872659] baikal_pcie 0000:00:14.4: bpcie_msi_write_msg(fee02000, 00000023) mask=0x0 irq=35 hwirq=0x19 (____ptrval____)?
[    3.872659] baikal_pcie 0000:00:14.4: bpcie_config_msi: func=4 subfunc=25 addr=fee02000 data=00000023?
[    3.912821] baikal_pcie 0000:00:14.4: bpcie_msi_write_msg(fee03000, 00000023) mask=0x0 irq=36 hwirq=0x1a (____ptrval____)?
[    3.913805] baikal_pcie 0000:00:14.4: bpcie_config_msi: func=4 subfunc=26 addr=fee03000 data=00000023?
[    3.913805] baikal_pcie 0000:00:14.4: bpcie_msi_write_msg(fee03000, 00000023) mask=0x0 irq=36 hwirq=0x1a (____ptrval____)?
[    3.913805] baikal_pcie 0000:00:14.4: bpcie_config_msi: func=4 subfunc=26 addr=fee03000 data=00000023?
[    3.953967] baikal_pcie 0000:00:14.4: bpcie_msi_write_msg(fee04000, 00000023) mask=0x0 irq=37 hwirq=0x1b (____ptrval____)?
[    3.954948] baikal_pcie 0000:00:14.4: bpcie_config_msi: func=4 subfunc=27 addr=fee04000 data=00000023?
[    3.954948] baikal_pcie 0000:00:14.4: bpcie_msi_write_msg(fee04000, 00000023) mask=0x0 irq=37 hwirq=0x1b (____ptrval____)?
[    3.954948] baikal_pcie 0000:00:14.4: bpcie_config_msi: func=4 subfunc=27 addr=fee04000 data=00000023?
[    3.995108] baikal_pcie 0000:00:14.4: bpcie_msi_write_msg(fee05000, 00000023) mask=0x0 irq=38 hwirq=0x1c (____ptrval____)?
[    3.996093] baikal_pcie 0000:00:14.4: bpcie_config_msi: func=4 subfunc=28 addr=fee05000 data=00000023?
[    3.996093] baikal_pcie 0000:00:14.4: bpcie_msi_write_msg(fee05000, 00000023) mask=0x0 irq=38 hwirq=0x1c (____ptrval____)?
[    3.996093] baikal_pcie 0000:00:14.4: bpcie_config_msi: func=4 subfunc=28 addr=fee05000 data=00000023?
[    4.036253] baikal_pcie 0000:00:14.4: bpcie_msi_write_msg(fee06000, 00000023) mask=0x0 irq=39 hwirq=0x1d (____ptrval____)?
[    4.037234] baikal_pcie 0000:00:14.4: bpcie_config_msi: func=4 subfunc=29 addr=fee06000 data=00000023?
[    4.037234] baikal_pcie 0000:00:14.4: bpcie_msi_write_msg(fee06000, 00000023) mask=0x0 irq=39 hwirq=0x1d (____ptrval____)?
[    4.037234] baikal_pcie 0000:00:14.4: bpcie_config_msi: func=4 subfunc=29 addr=fee06000 data=00000023?
[    4.077395] baikal_pcie 0000:00:14.4: bpcie_msi_write_msg(fee07000, 00000023) mask=0x0 irq=40 hwirq=0x1e (____ptrval____)?
[    4.078380] baikal_pcie 0000:00:14.4: bpcie_config_msi: func=4 subfunc=30 addr=fee07000 data=00000023?
[    4.078380] baikal_pcie 0000:00:14.4: bpcie_msi_write_msg(fee07000, 00000023) mask=0x0 irq=40 hwirq=0x1e (____ptrval____)?
[    4.078380] baikal_pcie 0000:00:14.4: bpcie_config_msi: func=4 subfunc=30 addr=fee07000 data=00000023?
[    4.118539] baikal_pcie 0000:00:14.4: bpcie_msi_write_msg(fee00000, 00000024) mask=0x0 irq=41 hwirq=0x1f (____ptrval____)?
[    4.119523] baikal_pcie 0000:00:14.4: bpcie_config_msi: func=4 subfunc=31 addr=fee00000 data=00000024?
[    4.119523] baikal_pcie 0000:00:14.4: bpcie_msi_write_msg(fee00000, 00000024) mask=0x0 irq=41 hwirq=0x1f (____ptrval____)?
[    4.119523] baikal_pcie 0000:00:14.4: bpcie_config_msi: func=4 subfunc=31 addr=fee00000 data=00000024?
[    4.159686] bpcie_icc_init: shotgun-registered ICC at 32 additional virqs (0..63)?
[    4.167319] baikal_pcie 0000:00:14.4: icc init-diag: ICC virq=13 STATUS=0x0 IRQ_MASK=0x3 DOORBELL_off=0x108004 STATUS_off=0x108014?
[    4.179313] i2c i2c-0: adapter [icc] registered?
[    4.184055] icc_interrupt: irq=35 entry status=0x2?
[    4.184598] icc_interrupt: irq=0 entry status=0x2?
[    4.212866] icc_interrupt: irq=35 entry status=0x1?
[    4.213642] icc_interrupt: irq=0 entry status=0x1?
[    4.222566] Turn ON BT/WLAN: ret=20, reply 00 00 00 00?
[    4.222712] icc_interrupt: irq=35 entry status=0x2?
[    4.223588] icc_interrupt: irq=0 entry status=0x2?
[    4.237624] usb0 status: ret=20, reply 00 00 01 00?
[    4.237629] USB is already turned ON!?
[    4.242623] input: Power Button as /devices/pci0000:00/0000:00:14.4/input/input0?
[    4.254017] icc_interrupt: irq=35 entry status=0x2?
[    4.254602] icc_interrupt: irq=0 entry status=0x2?
[    4.272862] icc_interrupt: irq=35 entry status=0x1?
[    4.273626] icc_interrupt: irq=0 entry status=0x1?
[    4.282568] icc: not ready?
[    4.285329] baikal_pcie 0000:00:14.4: icc_pwrbutton_init: Failed to enable reset notifications (-11)?
[    4.313570] ret=46, reply 00 00 03 00 00 00 15 00?
[    4.323567] ret=20, reply 00 00 01 02 10 00 00 00?
[    4.333565] ret=20, reply 00 00 00 00 00 00 00 00?
[    4.338525] wireguard: WireGuard 1.0.0 loaded. See www.wireguard.com for information.?
[    4.346509] wireguard: Copyright (C) 2015-2019 Jason A. Donenfeld <Jason@zx2c4.com>. All Rights Reserved.?
[    4.356752] sky2: driver version 1.30?
[    4.360543] resource: resource sanity check: requesting [mem 0x00000000c2000000-0x00000000c2003fff], which spans more than 0000:00:14.1 [mem 0xc2000000-0xc2000fff 64bit]?
[    4.375971] caller sky2_probe+0x153/0x330 mapping multiple BARs?
[    4.382015] sky2 0000:00:14.1: PS4 Baikal: B2_CHIP_ID=0x0, forcing YUKON_PRM?
[    4.389201] sky2 0000:00:14.1: chip type 0xbd?
[    4.393656] sky2 0000:00:14.1: Yukon-2 OptimaEEE chip revision 0?
[    4.399836] sky2 0000:00:14.1: bpcie_assign_irqs(1)?
[    4.404824] bpcie_init_dev_msi_info: dev=0000:00:14.1 installed bpcie demuxer (sc=(____ptrval____))?
[    4.414103] bpcie_msi_init: virq=1 hwirq=0x0 domain=(____ptrval____) info=(____ptrval____) sc=(____ptrval____)?
[    4.424311] bpcie_msi_init: registered virq=1 irq_map[32]?
[    4.429821] sky2 0000:00:14.1: bpcie_msi_write_msg(fee00000, 000000ef) mask=0x0 irq=1 hwirq=0x0 (____ptrval____)?
[    4.440204] baikal_pcie 0000:00:14.4: bpcie_config_msi: func=1 subfunc=0 addr=fee00000 data=000000ef?
[    4.449548] sky2 0000:00:14.1: bpcie_assign_irqs returning 1?
[    4.455321] sky2 0000:00:14.1: PS4 Baikal: skipping MSI self-test in APCIE branch?
[    4.463219] sky2 0000:00:14.1 eth0: addr 2c:cc:44:57:0b:3a?
[    4.469251] xhci_aeolia 0000:00:14.7: bpcie_assign_irqs(3)?
[    4.474855] bpcie_init_dev_msi_info: dev=0000:00:14.7 installed bpcie demuxer (sc=(____ptrval____))?
[    4.484123] bpcie_msi_init: virq=2 hwirq=0x0 domain=(____ptrval____) info=(____ptrval____) sc=(____ptrval____)?
[    4.494326] bpcie_msi_init: registered virq=2 irq_map[33]?
[    4.499833] xhci_aeolia 0000:00:14.7: bpcie_msi_write_msg(fee00000, 000000ef) mask=0x0 irq=2 hwirq=0x0 (____ptrval____)?
[    4.510833] baikal_pcie 0000:00:14.4: bpcie_config_msi: func=7 subfunc=0 addr=fee00000 data=000000ef?
[    4.520167] xhci_aeolia 0000:00:14.7: bpcie_assign_irqs returning 1?
[    4.526557] xhci_aeolia 0000:00:14.7: version 3.0?
[    4.531360] xhci_aeolia 0000:00:14.7: Belize SATA PHY init?
[    5.536986] xhci_aeolia 0000:00:14.7: PHY SET GEN3?
[    5.541870] xhci_aeolia 0000:00:14.7: Belize SATA PHY Trace length : 6?
[    6.548607] xhci_aeolia 0000:00:14.7: Align 90=0x00?
[    6.553615] clocksource: tsc: mask: 0xffffffffffffffff max_cycles: 0x16fa6adbc64, max_idle_ns: 440795278438 ns?
[    6.553675] xhci_aeolia 0000:00:14.7: AHCI vers 0001.0300, 32 command slots, 6 Gbps, ATA mode?
[    6.572513] xhci_aeolia 0000:00:14.7: 1/1 ports implemented (port mask 0x1)?
[    6.579610] xhci_aeolia 0000:00:14.7: flags: ncq sntf pm clo only pmp pio slum part ccc apst ?
[    6.588325] clocksource: Switched to clocksource tsc?
[    6.588393] xhci_aeolia 0000:00:14.7: bpcie_msi_write_msg(fee01000, 00000024) mask=0x0 irq=2 hwirq=0x0 (____ptrval____)?
[    6.601792] baikal_pcie 0000:00:14.4: bpcie_config_msi: func=7 subfunc=0 addr=fee01000 data=00000024?
[    6.609794] xhci_aeolia 0000:00:14.7: bpcie_msi_write_msg(fee01000, 00000024) mask=0x0 irq=2 hwirq=0x0 (____ptrval____)?
[    6.617805] baikal_pcie 0000:00:14.4: bpcie_config_msi: func=7 subfunc=0 addr=fee01000 data=00000024?
[    6.634478] scsi host0: ahci?
[    6.637534] ata1: SATA max UDMA/133 abar m65536@0xce800000 port 0xce800100 irq 2 lpm-pol 0?
[    6.696916] xhci_aeolia_probe_one 0, controller is 90de?
[    6.702322] xhci_aeolia 0000:00:14.7: xHCI Host Controller?
[    6.707938] xhci_aeolia 0000:00:14.7: new USB bus registered, assigned bus number 1?
[    6.715881] xhci_aeolia 0000:00:14.7: hcc params 0x0228f66c hci version 0x100 quirks 0x0004000000010010?
[    6.725475] xhci_aeolia 0000:00:14.7: irq 2, io mem 0xce000000?
[    6.731455] xhci_aeolia 0000:00:14.7: xHCI Host Controller?
[    6.737052] xhci_aeolia 0000:00:14.7: new USB bus registered, assigned bus number 2?
[    6.765912] xhci_aeolia 0000:00:14.7: Host supports USB 3.0 SuperSpeed?
[    6.772727] usb usb1: New USB device found, idVendor=1d6b, idProduct=0002, bcdDevice= 6.15?
[    6.781161] usb usb1: New USB device strings: Mfr=3, Product=2, SerialNumber=1?
[    6.788529] usb usb1: Product: xHCI Host Controller?
[    6.793502] usb usb1: Manufacturer: Linux 6.15.4-Baikal_TESTING_crashniels-dirty xhci-hcd?
[    6.801841] usb usb1: SerialNumber: 0000:00:14.7?
[    6.807167] hub 1-0:1.0: USB hub found?
[    6.811052] hub 1-0:1.0: 2 ports detected?
[    6.815370] usb usb2: We don't know the algorithms for LPM for this host, disabling LPM.?
[    6.823703] usb usb2: New USB device found, idVendor=1d6b, idProduct=0003, bcdDevice= 6.15?
[    6.832153] usb usb2: New USB device strings: Mfr=3, Product=2, SerialNumber=1?
[    6.839527] usb usb2: Product: xHCI Host Controller?
[    6.844499] usb usb2: Manufacturer: Linux 6.15.4-Baikal_TESTING_crashniels-dirty xhci-hcd?
[    6.852848] usb usb2: SerialNumber: 0000:00:14.7?
[    6.858002] hub 2-0:1.0: USB hub found?
[    6.861860] hub 2-0:1.0: 2 ports detected?
[    6.886887] xhci_aeolia_probe_one 2, controller is 90de?
[    6.892294] xhci_aeolia 0000:00:14.7: xHCI Host Controller?
[    6.897904] xhci_aeolia 0000:00:14.7: new USB bus registered, assigned bus number 3?
[    6.905847] xhci_aeolia 0000:00:14.7: hcc params 0x0220f06c hci version 0x100 quirks 0x0004000000010010?
[    6.915458] xhci_aeolia 0000:00:14.7: irq 2, io mem 0xcf000000?
[    6.921445] xhci_aeolia 0000:00:14.7: xHCI Host Controller?
[    6.927043] xhci_aeolia 0000:00:14.7: new USB bus registered, assigned bus number 4?
[    6.955919] xhci_aeolia 0000:00:14.7: Host supports USB 3.0 SuperSpeed?
[    6.962938] usb usb3: New USB device found, idVendor=1d6b, idProduct=0002, bcdDevice= 6.15?
[    6.971415] usb usb3: New USB device strings: Mfr=3, Product=2, SerialNumber=1?
[    6.978785] usb usb3: Product: xHCI Host Controller?
[    6.983758] usb usb3: Manufacturer: Linux 6.15.4-Baikal_TESTING_crashniels-dirty xhci-hcd?
[    6.992094] usb usb3: SerialNumber: 0000:00:14.7?
[    6.997304] hub 3-0:1.0: USB hub found?
[    7.001153] hub 3-0:1.0: 1 port detected?
[    7.005341] usb usb4: We don't know the algorithms for LPM for this host, disabling LPM.?
[    7.013677] usb usb4: New USB device found, idVendor=1d6b, idProduct=0003, bcdDevice= 6.15?
[    7.022104] usb usb4: New USB device strings: Mfr=3, Product=2, SerialNumber=1?
[    7.029479] usb usb4: Product: xHCI Host Controller?
[    7.034453] usb usb4: Manufacturer: Linux 6.15.4-Baikal_TESTING_crashniels-dirty xhci-hcd?
[    7.042788] usb usb4: SerialNumber: 0000:00:14.7?
[    7.047963] hub 4-0:1.0: USB hub found?
[    7.051817] hub 4-0:1.0: 1 port detected?
[    7.077302] usbcore: registered new interface driver uas?
[    7.082808] usbcore: registered new interface driver usb-storage?
[    7.082855] usb 1-1: new high-speed USB device number 2 using xhci_aeolia?
[    7.088987] i8042: PNP: No PS/2 controller found.?
[    7.101032] mousedev: PS/2 mouse device common for all mice?
[    7.106988] usbcore: registered new interface driver xpad?
[    7.112555] ata1: SATA link up 3.0 Gbps (SStatus 123 SControl 300)?
[    7.112641] i2c_dev: i2c /dev entries driver?
[    7.123301] i2c_dev: adapter [icc] registered as minor 0?
[    7.128741] i2c-core: driver [i2c-slave-eeprom] registered?
[    7.134797] device-mapper: ioctl: 4.49.0-ioctl (2025-01-17) initialised: dm-devel@lists.linux.dev?
[    7.144028] amd_pstate: the _CPC object is not present in SBIOS or ACPI disabled?
[    7.151612] sdhci: Secure Digital Host Controller Interface driver?
[    7.151621] ata1.00: FORCE: modified (disable)?
[    7.157919] sdhci: Copyright(c) Pierre Ossman?
[    7.157923] ata1.00: unsupported device, disabling?
[    7.158070] hid: raw HID events driver (C) Jiri Kosina?
[    7.158237] sdhci-pci 0000:00:14.3: SDHCI controller found [104d:90da] (rev 0)?
[    7.158318] bpcie_init_dev_msi_info: dev=0000:00:14.3 installed bpcie demuxer (sc=(____ptrval____))?
[    7.158388] bpcie_msi_init: virq=3 hwirq=0x0 domain=(____ptrval____) info=(____ptrval____) sc=(____ptrval____)?
[    7.158396] bpcie_msi_init: registered virq=3 irq_map[34]?
[    7.158406] sdhci-pci 0000:00:14.3: bpcie_msi_write_msg(fee00000, 000000ef) mask=0x0 irq=3 hwirq=0x0 (____ptrval____)?
[    7.158426] baikal_pcie 0000:00:14.4: bpcie_config_msi: func=3 subfunc=0 addr=fee00000 data=000000ef?
[    7.158910] sdhci-pci 0000:00:14.3: bpcie_msi_write_msg(fee02000, 00000024) mask=0x0 irq=3 hwirq=0x0 (____ptrval____)?
[    7.158929] baikal_pcie 0000:00:14.4: bpcie_config_msi: func=3 subfunc=0 addr=fee02000 data=00000024?
[    7.158955] sdhci-pci 0000:00:14.3: bpcie_msi_write_msg(fee02000, 00000024) mask=0x0 irq=3 hwirq=0x0 (____ptrval____)?
[    7.158973] baikal_pcie 0000:00:14.4: bpcie_config_msi: func=3 subfunc=0 addr=fee02000 data=00000024?
[    7.162461] ata1.00: disable device?
[    7.180829] usb usb3-port1: over-current condition?
[    7.184518] mmc0: SDHCI controller on PCI [0000:00:14.3] using ADMA?
[    7.184844] usbcore: registered new interface driver usbhid?
[    7.184848] usbhid: USB HID core driver?
[    7.185364] snd_hda_intel 0000:00:01.1: can't derive routing for PCI INT B?
[    7.185369] snd_hda_intel 0000:00:01.1: PCI INT B: not connected?
[    7.185667] NET: Registered PF_INET6 protocol family?
[    7.186397] Segment Routing with IPv6?
[    7.186423] In-situ OAM (IOAM) with IPv6?
[    7.186465] NET: Registered PF_PACKET protocol family?
[    7.186544] Bluetooth: RFCOMM TTY layer initialized?
[    7.186551] Bluetooth: RFCOMM socket layer initialized?
[    7.186553] Bluetooth: RFCOMM ver 1.11?
[    7.186556] Bluetooth: BNEP (Ethernet Emulation) ver 1.3?
[    7.186559] Bluetooth: BNEP filters: protocol multicast?
[    7.186563] Bluetooth: BNEP socket layer initialized?
[    7.186566] Bluetooth: HIDP (Human Interface Emulation) ver 1.2?
[    7.186570] Bluetooth: HIDP socket layer initialized?
[    7.190608] input: HD-Audio Generic HDMI/DP,pcm=3 as /devices/pci0000:00/0000:00:01.1/sound/card0/input1?
[    7.190743] input: HD-Audio Generic HDMI/DP,pcm=7 as /devices/pci0000:00/0000:00:01.1/sound/card0/input2?
[    7.224204] usb 1-1: New USB device found, idVendor=1a40, idProduct=0101, bcdDevice= 1.00?
[    7.229950] microcode: Current revision: 0x0701a001?
[    7.240317] usb 1-1: New USB device strings: Mfr=0, Product=1, SerialNumber=0?
[    7.240323] usb 1-1: Product: USB2.0 HUB?
[    7.294457] hub 1-1:1.0: USB hub found?
[    7.337269] mmc0: new UHS-I speed SDR104 SDIO card at address 0001?
[    7.339576] hub 1-1:1.0: 4 ports detected?
[    7.345041] IPI shorthand broadcast: enabled?
[    7.347287] [wlan][81]halPollDbgCr:(INIT WARN) SWPCDBGR 0x00000000?
[    7.435442] usb 2-2: new SuperSpeed USB device number 2 using xhci_aeolia?
[    7.442388] usb usb4-port1: over-current condition?
[    7.451285] sched_clock: Marking stable (6746004655, 704774451)->(9822178381, -2371399275)?
[    7.455594] usb 2-2: New USB device found, idVendor=0951, idProduct=1666, bcdDevice= 1.10?
[    7.468144] usb 2-2: New USB device strings: Mfr=2, Product=3, SerialNumber=4?
[    7.475488] usb 2-2: Product: DataTraveler 3.0?
[    7.475681] registered taskstats version 1?
[    7.480052] usb 2-2: Manufacturer: Kingston?
[    7.480063] Loading compiled-in X.509 certificates?
[    7.480071] usb 2-2: SerialNumber: E0D55EA573F0194049CD0236?
[    7.499147] Demotion targets for Node 0: null?
[    7.499728] usb-storage 2-2:1.0: USB Mass Storage device detected?
[    7.504892] Btrfs loaded, zoned=no, fsverity=no?
[    7.510195] scsi host1: usb-storage 2-2:1.0?
[    7.515130] amdgpu 0000:00:01.0: can't derive routing for PCI INT A?
[    7.525138] amdgpu 0000:00:01.0: PCI INT A: not connected?
[    7.530655] [drm] initializing kernel modesetting (LIVERPOOL 0x1002:0x9923 0x1002:0x9923 0x00).?
[    7.539566] [drm] register mmio base: 0xE4800000?
[    7.544277] [drm] register mmio size: 262144?
[    7.548773] amdgpu 0000:00:01.0: amdgpu: detected ip block number 0 <cik_common>?
[    7.556344] amdgpu 0000:00:01.0: amdgpu: detected ip block number 1 <gmc_v7_0>?
[    7.563719] amdgpu 0000:00:01.0: amdgpu: detected ip block number 2 <cik_ih>?
[    7.570909] amdgpu 0000:00:01.0: amdgpu: detected ip block number 3 <dce_v8_0>?
[    7.578287] amdgpu 0000:00:01.0: amdgpu: detected ip block number 4 <gfx_v7_0>?
[    7.585662] amdgpu 0000:00:01.0: amdgpu: detected ip block number 5 <cik_sdma>?
[    7.593031] amdgpu 0000:00:01.0: amdgpu: detected ip block number 6 <uvd_v4_2>?
[    7.600408] amdgpu 0000:00:01.0: amdgpu: detected ip block number 7 <vce_v2_0>?
[    7.644221] amdgpu 0000:00:01.0: amdgpu: Fetched VBIOS from ROM BAR?
[    7.650623] amdgpu: ATOM BIOS: 113-Starsha2-018?
[    7.655614] amdgpu 0000:00:01.0: vgaarb: deactivate vga console?
[    7.661684] amdgpu 0000:00:01.0: amdgpu: Trusted Memory Zone (TMZ) feature not supported?
[    7.669954] amdgpu: ps4_atom: VBIOS dp_extclk=10000 (PS4 forces 0 on Liverpool/Gladius)?
[    7.678284] i2c_dev: adapter [AMDGPU i2c bit bus 0x90] registered as minor 1?
[    7.685500] i2c i2c-1: adapter [AMDGPU i2c bit bus 0x90] registered?
[    7.692015] i2c_dev: adapter [AMDGPU i2c bit bus 0x91] registered as minor 2?
[    7.699227] i2c i2c-2: adapter [AMDGPU i2c bit bus 0x91] registered?
[    7.705629] stackdepot: allocating hash table of 524288 entries via kvcalloc?
[    7.716825] [drm] vm size is 64 GB, 2 levels, block size is 10-bit, fragment size is 9-bit?
[    7.725325] amdgpu 0000:00:01.0: amdgpu: VRAM: 1024M 0x0000000F00000000 - 0x0000000F3FFFFFFF (1024M used)?
[    7.735152] amdgpu 0000:00:01.0: amdgpu: GART: 512M 0x0000000000000000 - 0x000000001FFFFFFF?
[    7.743742] [drm] Detected VRAM RAM=1024M, BAR=1024M?
[    7.748839] [drm] RAM width 64bits UNKNOWN?
[    7.753289] [drm] amdgpu: 1024M of VRAM memory ready?
[    7.758361] [drm] amdgpu: 3459M of GTT memory ready.?
[    7.763469] [drm] GART: num cpu pages 131072, num gpu pages 131072?
[    7.769787] amdgpu 0000:00:01.0: amdgpu: Done gart?
[    7.774692] amdgpu 0000:00:01.0: amdgpu: Done init?
[    7.779605] [drm] PCIE GART of 512M enabled (table at 0x0000000F00100000).?
[    7.787509] [drm] forcing HDMI-A-1 connector on?
[    7.791839] usb 1-1.1: new high-speed USB device number 3 using xhci_aeolia?
[    7.792199] amdgpu: ps4_bridge: forcing bridge init at attach (mode=VIC 16)?
[    7.806470] amdgpu: ps4_bridge_pre_enable: BEGIN (mode=VIC 16)?
[    7.812473] amdgpu: ps4_bridge_cq: enqueue WAIT_CLEAR addr=0x7a84 mask=0x01?
[    7.819787] icc_interrupt: 6 callbacks suppressed?
[    7.819792] icc_interrupt: irq=35 entry status=0x2?
[    7.820672] icc_interrupt: irq=0 entry status=0x2?
[    7.824610] call_irq_handler: 2.61 No irq handler for vector?
[    7.829481] amdgpu: ps4_bridge_cq: exec code=4 req_len=32 groups=2 res=20 reply_res=0/0 count=0 data[0..7]=00 00 00 00 00 00 00 00 elapsed=9843us?
[    7.853469] amdgpu: ps4_bridge_pre_enable: cq_exec returned 20?
[    7.859444] amdgpu: ps4_bridge_pre_enable: END?
[    7.863979] amdgpu: ps4_bridge_enable: BEGIN (mode=VIC 16, dev=0x9923)?
[    7.979288] usb 1-1.1: New USB device found, idVendor=2357, idProduct=0138, bcdDevice= 2.10?
[    7.987825] usb 1-1.1: New USB device strings: Mfr=1, Product=2, SerialNumber=3?
[    7.995292] usb 1-1.1: Product: 802.11ac NIC?
[    7.999658] usb 1-1.1: Manufacturer: Realtek?
[    8.004027] usb 1-1.1: SerialNumber: 123456?
[    8.215798] usb 1-1.3: new low-speed USB device number 4 using xhci_aeolia?
[    8.255472] [wlan][81]wlanAdapterStart:(INIT WARN) Send a Dummy CMD as workaround?
[    8.263381] [wlan][81]wlanQueryNicCapability:(INIT WARN) wlanQueryNicCapability: skip unexpected event ID[0x27]?
[    8.276440] [wlan][81]wlanAdapterStart:(INIT WARN) wlanAdapterStart: load manufacture data fail?
[    8.375968] amdgpu: ps4_bridge_cq: --- chunk A: DP lane status (waits 0x60f8/0xff, 0x60f9/0x01, 0x60f9/0x1a) ---?
[    8.386384] amdgpu: ps4_bridge_cq: enqueue WAIT_SET addr=0x60f8 mask=0xff?
[    8.393316] amdgpu: ps4_bridge_cq: enqueue WAIT_SET addr=0x60f9 mask=0x01?
[    8.400236] amdgpu: ps4_bridge_cq: enqueue WAIT_SET addr=0x60f9 mask=0x1a?
[    8.407313] icc_interrupt: irq=35 entry status=0x2?
[    8.407799] icc_interrupt: irq=0 entry status=0x2?
[    8.412207] call_irq_handler: 2.61 No irq handler for vector?
[    8.422749] call_irq_handler: 2.61 No irq handler for vector?
[    8.424793] icc_interrupt: irq=0 entry status=0x1?
[    8.428512] call_irq_handler: 2.61 No irq handler for vector?
[    8.428518] icc_interrupt: irq=35 entry status=0x1?
[    8.428552] amdgpu: ps4_bridge_cq: exec code=4 req_len=49 groups=5 res=20 reply_res=0/0 count=0 data[0..7]=00 00 00 00 00 00 00 00 elapsed=21396us?
[    8.435869] usb 1-1.3: New USB device found, idVendor=04f3, idProduct=152e, bcdDevice=1c.02?
[    8.439085] amdgpu: ps4_bridge_cq: chunk A (DP lane status) result rc=20?
[    8.439798] icc_interrupt: irq=0 entry status=0x2?
[    8.443973] call_irq_handler: 2.61 No irq handler for vector?
[    8.444018] amdgpu: ps4_bridge_cq: exec code=4 req_len=12 groups=1 res=29 reply_res=0/0 count=1 data[0..7]=01 60 f8 ff 00 00 00 00 elapsed=4929us?
[    8.457360] icc_interrupt: irq=35 entry status=0x0?
[    8.457364] amdgpu: ps4_bridge_cq: readback 0x60f8 rc=29 val=0xff?
[    8.457373] usb 1-1.3: New USB device strings: Mfr=1, Product=2, SerialNumber=0?
[    8.458407] icc_interrupt: irq=0 entry status=0x2?
[    8.465890] call_irq_handler: 2.61 No irq handler for vector?
[    8.465933] amdgpu: ps4_bridge_cq: exec code=4 req_len=12 groups=1 res=29 reply_res=0/0 count=1 data[0..7]=01 60 f9 1b 00 00 00 00 elapsed=8554us?
[    8.472736] icc_interrupt: irq=35 entry status=0x0?
[    8.477519] amdgpu: ps4_bridge_cq: readback 0x60f9 rc=29 val=0x1b?
[    8.483282] usb 1-1.3: Product: Gaming KB?
[    8.496566] amdgpu: ps4_bridge_cq: --- chunk B: HDMI/update setup (wait 0x10f6/0x80) ---?
[    8.496573] usb 1-1.3: Manufacturer: Gaming KB?
[    8.496579] amdgpu: ps4_bridge_cq: enqueue WAIT_SET addr=0x10f6 mask=0x80?
[    8.501460] call_irq_handler: 2.61 No irq handler for vector?
[    8.544462] scsi 1:0:0:0: Direct-Access     Kingston DataTraveler 3.0 0000 PQ: 0 ANSI: 6?
[    8.588077] [wlan][81]mtk_reg_notify:(RLM WARN) County Code is not assigned. Use default WW.?
[    8.588269] sd 1:0:0:0: Attached scsi generic sg0 type 0?
[    8.589151] sd 1:0:0:0: [sda] 242155520 512-byte logical blocks: (124 GB/115 GiB)?
[    8.589590] sd 1:0:0:0: [sda] Write Protect is off?
[    8.589596] sd 1:0:0:0: [sda] Mode Sense: 23 00 00 00?
[    8.589798] sd 1:0:0:0: [sda] Write cache: disabled, read cache: enabled, doesn't support DPO or FUA?
[    8.596734] [wlan][81]rlmDomainSearchRegdomainFromLocalDataBase:(RLM ERROR) rlmDomainSearchRegdomainFromLocalDataBase(): Error, Cannot find the correct RegDomain. country = 00.?
[    8.632152] input: Gaming KB Gaming KB as /devices/pci0000:00/0000:00:14.7/usb1/1-1/1-1.3/1-1.3:1.0/0003:04F3:152E.0001/input/input3?
[    8.646906] [wlan][108]wlanBindBssIdxToNetInterface:(INIT ERROR) Array index out of bound, ucBssIndex=4?
[    8.666972] [wlan][108]p2pRoleFsmStateTransition:(P2P STATE) [P2P_ROLE][0]TRANSITION(Bss1): [P2P_ROLE_STATE_IDLE] -> [P2P_ROLE_STATE_IDLE]?
[    8.679708] [wlan][108]wlanBindBssIdxToNetInterface:(INIT ERROR) Array index out of bound, ucBssIndex=4?
[    8.689354] [wlan][108]p2pRoleFsmStateTransition:(P2P STATE) [P2P_ROLE][1]TRANSITION(Bss2): [P2P_ROLE_STATE_IDLE] -> [P2P_ROLE_STATE_IDLE]?
[    8.689640] hid-generic 0003:04F3:152E.0001: input,hidraw0: USB HID v1.11 Keyboard [Gaming KB Gaming KB] on usb-0000:00:14.7-1.3/input0?
[    8.702054] [wlan][108]wlanProcessCommandQueue:(INIT WARN) NO Res CMD TYPE[1] ID[0x11] SEQ[29]?
[    8.723300] [wlan][108]wlanProcessCommandQueue:(INIT WARN) NO Res CMD TYPE[1] ID[0x11] SEQ[29]?
[    8.723710] [wlan][109]halPrintMailbox:(INIT ERROR) MailBox Status = 0x0003005A, 0x00FF00FF?
[    8.733242] input: Gaming KB Gaming KB Consumer Control as /devices/pci0000:00/0000:00:14.7/usb1/1-1/1-1.3/1-1.3:1.1/0003:04F3:152E.0002/input/input4?
[    8.740366]  sda: sda1 sda2?
[    8.740676] sd 1:0:0:0: [sda] Attached SCSI removable disk?
[    8.740711] [wlan][109]halPollDbgCr:(INIT WARN) SWPCDBGR 0xE0010DE2?
[    8.740865] input: Gaming KB Gaming KB System Control as /devices/pci0000:00/0000:00:14.7/usb1/1-1/1-1.3/1-1.3:1.1/0003:04F3:152E.0002/input/input5?
[    8.741004] input: Gaming KB Gaming KB Keyboard as /devices/pci0000:00/0000:00:14.7/usb1/1-1/1-1.3/1-1.3:1.1/0003:04F3:152E.0002/input/input6?
[    8.741138] input: Gaming KB Gaming KB as /devices/pci0000:00/0000:00:14.7/usb1/1-1/1-1.3/1-1.3:1.1/0003:04F3:152E.0002/input/input7?
[    8.741413] hid-generic 0003:04F3:152E.0002: input,hiddev96,hidraw1: USB HID v1.11 Keyboard [Gaming KB Gaming KB] on usb-0000:00:14.7-1.3/input1?
[    8.798479] call_irq_handler: 2.61 No irq handler for vector?
[    8.826694] call_irq_handler: 2.61 No irq handler for vector?
[    8.832481] [wlan][109]halPollDbgCr:(INIT WARN) SWPCDBGR 0xE0010DE2?
[    8.838955] [wlan][109]halPollDbgCr:(INIT WARN) SWPCDBGR 0xE0010DE2?
[    8.845417] [wlan][109]halPollDbgCr:(INIT WARN) SWPCDBGR 0xE0010DE2?
[    8.848475] call_irq_handler: 2.61 No irq handler for vector?
[    8.857596] [wlan][109]halPollDbgCr:(INIT WARN) SWPCDBGR 0xE0010DE2?
[    8.864099] [wlan][108]wlanProcessCommandQueue:(INIT WARN) NO Res CMD TYPE[1] ID[0x70] SEQ[36]?
[    8.864526] [wlan][109]halPrintMailbox:(INIT ERROR) MailBox Status = 0x0003005A, 0x00FF00FF?
[    8.881473] [wlan][109]halPollDbgCr:(INIT WARN) SWPCDBGR 0xE0010DE2?
[    8.887923] [wlan][109]halPollDbgCr:(INIT WARN) SWPCDBGR 0xE0010DE2?
[    8.894353] [wlan][109]halPollDbgCr:(INIT WARN) SWPCDBGR 0xE0010DE2?
[    8.900801] [wlan][109]halPollDbgCr:(INIT WARN) SWPCDBGR 0xE0010DE2?
[    8.907250] [wlan][109]halPollDbgCr:(INIT WARN) SWPCDBGR 0xE0010DE2?
[    8.914015] [wlan][109]halPrintMailbox:(INIT ERROR) MailBox Status = 0x0003005A, 0x00FF00FF?
[    8.922591] [wlan][109]halPollDbgCr:(INIT WARN) SWPCDBGR 0xE0010E1C?
[    8.929038] [wlan][109]halPollDbgCr:(INIT WARN) SWPCDBGR 0xE0010DE8?
[    8.935488] [wlan][109]halPollDbgCr:(INIT WARN) SWPCDBGR 0xE0010DE2?
[    8.935794] amdgpu: ps4_bridge_cq: exec code=4 req_len=170 groups=6 res=20 reply_res=0/0 count=0 data[0..7]=00 00 00 00 00 00 00 00 elapsed=439208us?
[    8.941931] [wlan][109]halPollDbgCr:(INIT WARN) SWPCDBGR 0xE0010DE2?
[    8.955454] amdgpu: ps4_bridge_cq: chunk B (HDMI/update) result rc=20?
[    8.955517] [wlan][109]halPollDbgCr:(INIT WARN) SWPCDBGR 0xE0010DE2?
[    8.965791] amdgpu: ps4_bridge_cq: exec code=4 req_len=12 groups=1 res=29 reply_res=0/0 count=1 data[0..7]=01 10 f6 d5 00 00 00 00 elapsed=3938us?
