[SceLncService] launchApp(AZIF00003)?
[SceLncService] category={gde} VRMode={0,0}?
[SceLncService] hnm,psnf,pc,tk,ns={0,0,0,0,0} appBootMode={0}?
[SceLncService] appType={SCE_LNC_APP_TYPE_MINI_APP} [] appVer={0.98}?
[SceLncService] mem_mode = {NORMAL}?
[SceLncService] Num. of logged-in users is 1?
[SceLncService] PrepareProcessLaunchDirCheck()?
[SceLncService] PrepareProcessLaunchDirCheck() returned?
[SceSystemStateMgr] Power Mode Change: FULL_GAME?
[ScePatchChecker] (*) check (title_id='AZIF00003', app_version='0.98', check_option=0): status=0, trigger=1 userId=0xffffffff return 0x80412883?
[SceSystemStateMgr] CPU  HLT CP SE CU ACLK DCLK ECLK LCLK SCLK SAMCLK VCLK DispCLK NCLK MemCLK MemP GMC DPM VDD      VDDNB    SOC      ?
[SceSystemStateMgr] 1600   0 NA  0 18  800  673  609  800  800    711  711     673 1400   1375   NA  NA   3 05b/975  05d/962  00710fa0?
[SceLncService] PrepareProcessLaunchDir()?
[ScePatchChecker] check (title_id='AZIF00003', app_version='0.98', check_option=0): status=0, dl_status=0, trigger=1 userId=0xffffffff return 0x80412883?
[SceShellUI] I/PSM.UI : OnFocusActiveSceneChanged [ContentAreaScene : ContentAreaScene] -> [SplashScreen : SplashScreenScene]?
[SceShellUI] I/PSM.UI :      Scene [SplashScreen : SplashScreenScene] : Alive?
SetDeviceIndexBehavior: mode=MergeAllConnectedDevice, param=null?
[Theme/I] : ActiveUserChanged : From : [BLUE(userId = 1ab07dc7)]?
[Theme/I] : ActiveUserChanged : To   : [ANONYMOUS(userId = ffffffff)]?
[Theme/I] : Apply [ANONYMOUS] : [Option:101000]: with not preloaded user?
[BGFT] [571] GameStartBoot(AZIF00003, 7) start?
[BGFT] [573] GameStartBoot(AZIF00003, 7) end?
[PFS] mount [0x00007b160096b338] finished 1 1 1 1 0 1 1?
[PFS] mount [0x00007b160097a000] finished 1 0 0 1 0 1 1?
[BGFT] [606] GameWillStart(AZIF00003, 7) start?
[BGFT] [608] GameWillStart(AZIF00003, 7) end?
[SceLncService] PrepareProcessLaunchDir() returned?
[SceShellCore] VM Stats: RSS 747.8, kernel 266.7, wire count 324.6, swap out 0.0, page table CPU 2358/6144 GPU 3[67/2048?
[SceShellCore] FMEM   1.3/   4.5 NPXS20977 SceSysAvControl.elf?
[SceShellCore] FMEM  10.7/  74.3 NPXS20991 SceSysCore.elf?
[SceShellCore] FMEM   9.3/  54.3 NPXS20973 orbis_audiod.elf?
[SceShellCore] FMEM   3.1/  11.2 NPXS20976 GnmCompositor.elf?
[SceShellCore] FMEM  29.3/ 350.9 NPXS20000 SceShellCore?
[SceShellCore] FMEM 330.1/ 844.7 NPXS20001 SceShellUI?
[SceShellCore] FMEM   3.4/   8.3 NPXS21003 SceAvCapture?
[SceShellCore] FMEM   8.8/  24.6 NPXS21000 SceGameLiveStreaming?
[SceShellCore] FMEM  14.1/  43.5 NPXS21002 ScePartyDaemon?
[SceShellCore] FMEM   4.3/  25.4 NPXS21004 SceVideoCoreServer?
[SceShellCore] FMEM  10.9/  51.3 NPXS21006 SceRemotePlay?
[SceShellCore] FMEM   8.0/  37.0 NPXS21010 SceCloudClientDaemon?
[SceShellCore] FMEM   8.5/ 156.0 NPXS21002 webrtc_daemon.self?
[SceShellCore] FMEM   3.3/  10.9 NPXS21016 SceSpZeroConf?
[SceShellCore] FMEM   6.9/  18.1 NPXS21019 SceSocialScreenMgr?
[SceShellCore] FMEM   4.9/   9.8 NPXS21007 SceMusicCoreServer?
[SceShellCore] FMEM   7.0/  14.4 NPXS21020 SceVoiceAndAgent?
[SceShellCore] FMEM   2.1/   5.1 NPXS20967 fs_cleaner.elf?
[SceShellCore] FMEM   2.0/  10.2 NPXS20974 SceVdecProxy.elf?
[SceShellCore] FMEM   2.0/  10.3 NPXS20975 SceVencProxy.elf?
[SceShellCore] FMEM  44.7/ 282.9 NPXS20001 SecureUIProcess.self?
[SceShellCore] FMEM 161.2/ 596.1 NPXS20001 SecureWebProcess.self?
[SceShellCore] FMEM  72.0/ 358.8 NPXS20001 orbis-jsc-compiler.self?
[SceLncService] spawnApp?
[Syscore App] createApp AZIF00003?
[Syscore App]  ExpandCpuSetMode : disable?
[Syscore App] processSpawn(pid, 0x60000f0c, 0x10f0c130, appParam, processParam, 1, 1, 1, param, debug, 0)?
[Syscore App] appParam: appType = 0x1, rootPath = /mnt/sandbox/AZIF00003_000, titleId = AZIF00003?
[Syscore App] processParam: elfPath = /app0/eboot.bin, fullPath = /mnt/sandbox/pfsmnt/AZIF00003-app0-patch0-union/eboot.bin?
[Syscore App] new pid=0x47[Syscore App] attributeExe= 0?
[Syscore App] Ready to exec?
[Syscore App] wait for NOTE_EXIT|NOTE_EXEC?
KERNEL] dmem_start_app_process pid: 71, map=0xffff8324445798b0, app_maps_count[1], 0 -> 1?
[Syscore App] Add event : pid=0xm47?
[AppMgr Trace]: New Process, pid=0x47, created.?
[AppMgr Trace]: New App, appId=0x60000f0c, created?
[Syscore App]  ExpandCpDuSetMode : disable?
BG: Process 71 untraced!?
<71> EXEC /app0/eboot.bin [system], vm#0, dme[AppDb] openDb()[1063]: [File:Open] openDb() call dbutil::Connection::Open() path[/MG2ZJWZB8V/priv/mms/app.db] flags[0x10000002] result[0x0, 0]?
[AppDb] AppInfoDbInitializeDaemon()[54]: [File:Open] AppInfoDbInitializeDaemon() call DbAccessor::Init() path[/MG2ZJWZB8V/priv/mms/app.db] result[0x0, 0].?
[AppDb] AppInfoDbTerminateDaemon()[67]: [File:Close] AppInfoDbTerminateDaemon() call DbAccessor::Terminate().?
[AppDb] Terminate()[768]: [File:Close] DbAccessor::Terminate() call dbutil::Connection::Close().?
[UIProcess] malloc stats freeSize:38827552 (93%) inuseSize:3115488 peakSize:4066016 [pid:0x3b]?
[SL] AppFocusChanged [NPXS20001] -> [AZIF00003]?
[VCS]checkFocusStatus() [LNC->VCS] Focus Change. appType = 4(MINI_APP). appId = 0x60000f0c.?
m#0  <3797139 msec>?
[GoldHEN] <Plugins Loader> Started successfully?
[GoldHEN] <Plugins Loader> Config parser failed to parse config: /data/GoldHEN/plugins.ini?
(../game_patch/source/main.cpp:354) [GoldHEN] <game_patch\Ver.0x00000110> module_start?
(../game_patch/source/main.cpp:355) [GoldHEN] Plugin Author(s): illusion?
(../game_patch/source/main.cpp:356) Commit: caacf01174654235459d48ab9d0b9e00a588b300 Branch: main Build: 188 (Release)?
(../game_patch/source/main.cpp:356) Built: May 27 2023 @ 04:49:25?
(../game_patch/source/main.cpp:356) GoldHEN SDK Ver: 0x00000100?
(../game_patch/source/main.cpp:356) GoldHEN System SDK Ver: 0xffffffff?
(../game_patch/source/main.cpp:324) numModules: 5?
(../game_patch/source/main.cpp:328) ret 0x0?
(../game_patch/source/main.cpp:329) module 0?
(../game_patch/source/main.cpp:330) name: eboot.bin?
(../game_patch/source/main.cpp:331) start: 0x400000?
(../game_patch/source/main.cpp:332) size: 49152 (0xc000)?
(../game_patch/source/main.cpp:365) Module start: 0x400000 0xc000?
(../game_patch/source/main.cpp:371) process info?
(../game_patch/source/main.cpp:371) pid: 71?
(../game_patch/source/main.cpp:371) name: eboot.bin?
(../game_patch/source/main.c?pp:371) path: /app0/eboot.bin?
(../game_patch/source/main.cpp:371) titleid: AZIF00003?
(../game_patch/source/main.cpp:371) contentid: IV0000-AZIF00003_00-PAYLOADGUEST0000?
(../game_patch/source/main.cpp:371) version: 0.98?
(../game_patch/source/main.cpp:371) base_address: 0x400000?
(../game_patch/source/main.cpp:130) file /data/GoldHEN/patches/xml/AZIF00003.xml not found?
[32m[Info ] src/ChainLauncher.c:22: Loading "/app0/guest.elf"?[0m?
[SceLncService] tryLockSuspendBl[ock: appId={0x60000f0c}?
[Syscore App] Kill for LoadExec(0x47)?
KERNEL] dmem_handle_vmspace_exited pid: 71, ptype=1, 0xffff8324445798b0->pt_loaded is TRUE?
[KERNEL] dmem_handle_vmspace_exited map #0 0xffff8324445798b0?
[KERNEL] dmem_handle_vmspace_exited pid: 71, app_maps_count[1], 1 -> 0?
[Syscore App] EVFILT_PROC NOTE_EXIT received : pid=0x47?
[Syscore App] Kill for LoadExec(0x47) => 0?
[Syscore App] process delete event : pid=0x47?
[AppMgr Trace]: pid=0x47, deleted.?
[Syscore App] Syscore Event Queue Push : SCE_SYSCORE_EVENT_ON_PROCESS_UNLOADED?
[AppMgr] All processes exited, ready for next spawn?
[AppMgr] Executing next spawn?
[Syscore App]  ExpandCpuSetMode : disable?
[Syscore App] Syscore Event Queue Pop : SCE_SYSCORE_EVENT_ON_PROCESS_UNLOADED?
[Syscore App] processSpawn(pid, 0x60000f0c, 0x10f0c140, appParam, processParam, 1, 1, 1, param, debug, 1)?
[Syscore App] appParam: appType = 0x1, rootPath = /mnt/sandbox/AZIF00003_000, titleId = AZIF00003?
[Syscore App] processParam: elfPath = /app0/guest.elf, fullPath = /mnt/sandbox/pfsmnt/AZIF00003-app0-patch0-union/eboot.bin?
[Syscore App] new pid=0x48[Syscore App] attributeExe= 0?
[Syscore App] Ready to exec?
[Syscore App] wait for NOTE_EXIT|NOTE_EXEC?
[KERNEL] dmem_start_app_process pid: 72, map=0xffff832444579638, app_maps_count[1], 0 -> 1?
[Syscore App] Add event : pid=0xm48?
[SceLncService] unlockSuspendBlock: appId={0x60000f0c}?
DBG: Process 72 untraced!?
<72> EXEC /app0/guest.elf [system], vm#0, dmem#0  <3797758 msec>?
[GoldHEN] <Plugins Loader> Started successfully?
[GoldHEN] <Plugins Loader> Config parser failed to parse config: /data/GoldHEN/plugins.ini?
(../game_patch/source/main.cpp:354) [GoldHEN] <game_patch\Ver.0x00000110> module_start?
(../game_patch/source/main.cpp:355) [GoldHEN] Plugin Author(s): illusion?
(../game_patch/source/main.cpp:356) Commit: caacf01174654235459d48ab9d0b9e00a588b300 Branch: main Build: 188 (Release)?
(../game_?patch/source/main.cpp:356) Built: May 27 2023 @ 04:49:25?
(../game_patch/source/main.cpp:356) GoldHEN SDK Ver: 0x00000100?
(../game_patch/source/main.cpp:356) GoldHEN System SDK Ver: 0xffffffff?
(../game_patch/source/main.cpp:324) numModules: 5?
(../game_patch/source/main.cpp:328) ret 0x0?
(../game_patch/source/main.cpp:329) module 0?
(../game_patch/source/main.cpp:330) name: guest.elf?
(../game_patch/source/main.cpp:331) start: 0x400000?
(../game_patch/source/main.cpp:332) size: 851968 (0xd0000)?
(../game_patch/source/main.cpp:365) Module start: 0x400000 0xd0000?
(../game_patch/source/main.cpp:371) process info?
(../game_patch/source/main.cpp:371) pid: 72?
(../game_patch/source/main.cpp:371) name: guest.elf?
(../game_patch/source/main.cpp:371) path: /app0/guest.elf?
(../game_patch/source/main.cpp:371) titleid: AZIF00003?
(../game_patch/source/main.cpp:371) contentid: IV0000-AZIF00003_00-PAYLOADGUEST0000?
(../game_patch/source/main.cpp:371) version: 0.98?
(../game_patch/source/main.cpp:371) base_address: 0x400000?
(../game_patch/source/main.cpp:130) file /data/GoldHEN/patches/xml/AZIF00003.xml not found?
error: 0x80020002**** Base Mode ****?
[36m[Debug] src/App.cpp:29: Initialize Language...?[0m?
?[36m[Debug] src/App.cpp:31: Initialize Controller...?[0m?
[mbus] onNewClie?nt. clientNum 10 over 8?
[36m[Debug] src/App.cpp:33: Initialize Graphics...?[0m?
?[36m[Debug] src/Graphics.cpp:89: Handle is 1309737216 (0x4e110100)?[0m?
?[36m[Debug] src/Graphics.cpp:181: DirectMemOff: 0x200000?[0m?
?[36m[Debug] src/Graphics.cpp:182: DirectMemAllocationSize: 0xc000000?[0m?
?[36m[Debug] src/Graphics.cpp:183: alignment: 2097152 (0x00200000)?[0m?
?[36m[Debug] src/Graphics.cpp:188: VideoMem: 0x200200000?[0m?
?[36m[Debug] src/Graphics.cpp:109: Allocating framebuffer...?[0m?
?[36m[Debug] src/Graphics.cpp:237: handle: 1309737216 (0x4e110100)?[0m?
?[36m[Debug] src/Graphics.cpp:239: flipArgLog: 0x2000041a0?[0m?
?[36m[Debug] src/Graphics.cpp:240: FrameBuffers: 0x2000042c0?[0m?
?[36m[Debug] src/Graphics.cpp:255: sceVideoOutRegisterBuffers: 0x00000000?[0m?
?[36m[Debug] src/App.cpp:35: Initialize Resource...?[0m?
?[36m[Debug] src/Graphics.cpp:627: Loading PNG...?[0m?
?[36m[Debug] src/Graphics.cpp:637: PNG Loaded!?[0m?
?[36m[Debug] src/Graphics.cpp:627: Loading PNG...?[0m?
?[36m[Debug] src/Graphics.cpp:637: PNG Loaded!?[0m?
?[36m[Debug] src/Graphics.cpp:627: Loading PNG...?[0m?
?[36m[Debug] src/Graphics.cpp:637: PNG Loaded!?[0m?
?[36m[Debug] src/Graphics.cpp:627: Loading PNG...?[0m?
?[36m[Debug] src/Graphics.cpp:637: PNG Loaded!?[0m?
?[36m[Debug] src/Graphics.cpp:627: Loading PNG...?[0m?
?[36m[Debug] src/Graphics.cpp:637: PNG Loaded!?[0m?
?[36m[Debug] src/Graphics.cpp:627: Loading PNG...?[0m?
?[36m[Deb[SceHidConfigService] PERIODIC_DOWNLOAD_INTERVAL_SEC={86400} elapsed={3360} isFirstTime={0}?
[SceHidConfigService] PERIODIC_CHECK_INTERVAL_SEC={420}?
[SceHidConfigService] PERIODIC_DOWNLOAD_INTERVAL_SEC={86400} elapsed={3360} isFirstTime={0}?
[SceHidConfigService] PERIODIC_CHECK_INTERVAL_SEC={420}?
ug] src/Graphics.cpp:637: PNG Loaded!?[0m?
?[36m[Debug] src/Graphics.cpp:627: Loading PNG...?[0m?
?[36m[Debug] src/Graphics.cpp:637: PNG Loaded!?[0m?
?[36m[Debug] src/App.cpp:43: Initialize the Main View...?[0m?
?[36m[Debug] src/PayloadsView.cpp:186: GeneratePayloads is called!?[0m?
?[36m[Debug] src/PayloadsView.cpp:212: Cleanup payload list...?[0m?
?[36m[Debug] src/PayloadsView.cpp:206: GeneratePayloads: Refreshed?[0m?
?[36m[Debug] src/PayloadsView.cpp:252: PayloadsView: End of constructor?[0m?
?[36m[Debug] src/App.cpp:119: Application: RUN?[0m?
[SceShellUI] I/PSM.UI : OnFocusActiveSceneChanged [SplashScreen : SplashScreenScene] -> [AppScreen : ApplicationScreenScene]?
[SceShellUI] I/PSM.UI :      Scene [AppScreen : ApplicationScreenScene] : Alive?
SetDeviceIndexBehavior: mode=MergeAllConnectedDevice, param=null?
[Theme/I] : Apply [ANONYMOUS] : [Option:101000]: with not preloaded user?
[SceShellUI] I/PSM.UI : [NoDraw] : ClearFrameBuffer=False?
?[36m[Debug] src/PayloadsView.cpp:319: Loading: /data/payloads/linux-1024mb.bin?[0m?
[GoldHEN] <binloader> accepted a new payload?
[GoldHEN] <binloader> TCP Mode?
?[36m[D[Gebuogl] sdrHc/PayloadsViewE.Ncpp:]1 86: <GenbeinratleoPaadyelr>oads pa ylis ocaadlled! ?[0m?received 
[s?[36ize: 283840 - bufmf[Deebug] src/rPay_lsizoead:s View.cpp:2212:9 C0l8eanu1p pay6 loa- di lp: is1t...27.0.0?.1]?
[0m[?
GoldHEN] <?[b36im[nDebug]lo asdrc/Peray>l oafound anddsVie w.cjaipp:l206br: Geoken tarngeratePaeyt lproceoadsss:  [pid:R ef4r7es]he?d
?[G[0om?
ldHEN] <binloader> launching payload... [format: BIN]?
[GoldHEN] <binloader> payload launched?
kernel_init()?
Kernel base = ffffffff8a9dc000?
Direct map base = ffff832400000000?
Testing global variable access (write protection)...?
OK.?
Kernel interface initialized?
Installing sys_kexec to system call #153?
kexec_init() successful?
?
sys_kexec invoked?
========================================?
PS4 Linux Payloads AIO?
FW 12.02 (1202)?
VRAM 1024 MB?
Southbridge: Baikal?
========================================?
sys_kexec(0x200518000, 11441152, 0x201004000, 4160630, "earlycon=uart8250,mmio32,0xC890E000,115200n8 console=tty0 keep_bootcon 8250.nr_uarts=0 iommu=pt intremap=off panic=10 loglevel=8 ignore_loglevel printk.devkmsg=on drm.edid_firmware=edid/1920x1080.bin video=HDMI-A-1:1920x1080@60D pci=nocrs libata.force=1.00:disable root=LABEL=psxitarch rootwait rw systemd.unit=multi-user.target systemd.log_level=info amdgpu.gpu_recovery=0 amdgpu.lockup_timeout=10000 amdgpu.gfx_off=0 amdgpu.runpm=0 amdgpu.bapm=0 amdgpu.dpm=0")?
[SceShellUI] I/PSM.UI : [FirstClear] : ClearFrameBuffer=False?
[KE]sceCameraDevKill::2685 ERROR: sceCameraProcConfigStop 0x802e0006 i=0 handle=257 pid=44?
Context.ccC:174on (teajmContextClxeanup)t - Instance. 27c8532 wca:[1Ks8 ERNEL9]  (dmaem_hajndlem_CovnmtspeaxCcotCleane_exniuttpe) e-xd  pidC:tod.ec c7 Op2us SILKc :,E ncoder18p t9yw pas not e(proa=p1,j e0xmfrCoflfnyfte8 32xtunreCgisterle4ed4an4.5?
7Cu96p3o8)-n> tp-te_loadx eCdt. ocidesc TcR:18U9E ? O
(ajpmu[CKs onCtexELtERNTECL ]leEn andcup) o- Codemdeme_c Orpus CELT Encod er was whnandle_vmaotss proper pnaloycte _ unepxregiirsteotredped.?
 maepCrontextl.yc  c:18un#90 r0 xef(gfafjfisfmConttextCffeflfreefafffffdfn?
u[.K?Ep) - Codec O
puRCNEoLsn] Dte edxmctodee.r wcacsm:_ 1n8ho9t proper a(nlya dljeu_mnvmsrpace_Ceexoigtneidt expitdC: le72a,nu aspp)tp_ maps_coun-te[1 ]red.?
, C1 -> od0ec?
 nOot propeprusly destroyed.?
 CoCEntext.Lcc:189T (a DejcmCoondteexrt wCleanuaps)  - Codnec oOtp uspr SILK Encoderop weasrl not proyperl uy unnrergeigsisttereed.?
rConteext.cc:d1.7?4 (ajm
ContextClCoeannup) - Insttance 344067 was neoxtt prop.cerc:ly18 destr9oyed. ?(
aCjontemCoxnt.cc:1t89e x(ajmCtColnetextCleanup) - Codec Oapnusu p)D ecoder- wa s not properly unCodregistereed.?
c MPEG4 AAC Encoder was not properly unregistered.?
Context.cc:174 (ajmContextCleanup) - Instance 16390 was not properly destroyed.?
Context.cc:189 (ajmContextCleanup) - Codec MP3 Decoder was notContext.cc :174p (ajmrCoontextCleperalnup) - Insy tanceun 1r1e468g9 was not istperropereld.y? dest
royed.?
CCoonntext.cc:te189 (ajxmtCo.ntextcCc:l18eanup9)  -( Codec AC3 EanjmCcooder wantsextC not lperoperly unregistereadnu.p?
) - CContextod.ecc:17c4  (ajmAContextCleanTRup) - InAstC9ance 1 63842D was not peropercoly ddeestr roywead.?s
 nCoot nptext.croc:1pe89 r(lyajmC uontexnretCleganupi) - Codec DTS Enscoderte warse not properly unregistered.?
d.?
tryGetMsg() failed. ret = 0x80020003, msgSize = 48?
tryGetMsg() failed. ret = 0x80020003, msgSize = 48?
tryGetMsg() failed. ret = 0x80020003, msgSize = 48?
tryGetMsg() failed. ret = 0x80020003, msgSize = 48?
tryGetMsg() failed. ret = 0x80020003, msgSize = 48?
tryGetMsg() failed. ret = 0x80020003, msgSize = 48?
tryGetMsg() failed. ret = 0x80020003, msgSize = 48?
tryGetMsg() failed. ret = 0x80020003, msgSize = 48?
tryGetMsg() failed. ret = 0x80020003, msgSize = 48?
tryGetMsg() failed. ret = 0x80020003, msgSize = 48?
tryGetMsg() failed. ret = 0x80020003, msgSize = 48?
tryGetMsg() failed. ret = 0x80020003, msgSize = 48?
tryGetMsg() failed. ret = 0x80020003, msgSize = 48?
tryGetMsg() failed. ret = 0x80020003, msgSize = 48?
tryGetMsg() failed. ret = 0x80020003, msgSize = 48?
tryGetMsg() failed. ret = 0x80020003, msgSize = 48?
tryGetMsg() failed. ret = 0x80020003, msgSize = 48?
tryGetMsg() failed. ret = 0x80020003, msgSize = 48?
tryGetMsg() failed. ret = 0x80020003, msgSize = 48?
tryGetMsg() failed. ret = 0x80020003, msgSize = 48?
tryGetMsg() failed. ret = 0x80020003, msgSize = 48?
tryGetMsg() failed. ret = 0x80020003, msgSize = 48?
tryGetMsg() failed. ret = 0x80020003, msgSize = 48?
tryGetMsg() failed. ret = 0x80020003, msgSize = 48?
tryGetMsg() failed. ret = 0x80020003, msgSize = 48?
tryGetMsg() failed. ret = 0x80020003, msgSize = 48?
tryGetMsg() failed. ret = 0x80020003, msgSize = 48?
tryGetMsg() failed. ret = 0x80020003, msgSize = 48?
tryGetMsg() failed. ret = 0x80020003, msgSize = 48?
tryGetMsg() failed. ret = 0x80020003, msgSize = 48?
tryGetMsg() failed. ret = 0x80020003, msgSize = 48?
tryGetMsg() failed. ret = 0x80020003, msgSize = 48?
tryGetMsg() failed. ret = 0x80020003, msgSize = 48?
tryGetMsg() failed. ret = 0x80020003, msgSize = 48?
tryGetMsg() failed. ret = 0x80020003, msgSize = 48?
tryGetMsg() failed. ret = 0x80020003, msgSize = 48?
tryGetMsg() failed. ret = 0x80020003, msgSize = 48?
firmwatryGetMsg() failed. ret = 0x80020003, msgSize = 48?
re_extract: Extract lib/firmware/amdgpu/liverpool_pfp.bin ?
Copying PFP firmware?
NOP handler at 0xff0?
firmware_extract: ExtracttryGetMsg() failed. ret = 0x80020003, msgSize = 48?
 lib/firmware/amdgpu/liverpool_me.bin ?
Copying ME firmware?
firmware_extract: Extract lib/firmware/amdgpu/liverpool_ce.bin ?
CopyintryGetMsg() failed. ret = 0x80020003, msgSize = 48?
g CE firmware?
NOP handler at 0x7f0?
firmware_extract: Extract lib/firmware/amdgpu/liverpool_mec.bin ?
Copying MEC firmware?
NOP htryGetMsg() failed. ret = 0x80020003, msgSize = 48?
andler at 0xff0?
firmware_extract: Extract lib/firmware/amdgpu/liverpool_mec2.bin ?
Copying MEC2 firmware?
NOP handler at 0xff0?
firtryGetMsg() failed. ret = 0x80020003, msgSize = 48?
mware_extract: Extract lib/firmware/amdgpu/liverpool_rlc.bin ?
Copying RLC firmware?
firmware_extract: Extract lib/firmware/amdgpu/litryGetMsg() failed. ret = 0x80020003, msgSize = 48?
verpool_sdma.bin ?
Copying SDMA firmware?
firmware_extract: Extract lib/firmware/amdgpu/liverpool_sdma1.bin ?
Copying SDMA1 firmwaretryGetMsg() failed. ret = 0x80020003, msgSize = 48?
?
?
kexec parameters:?
    Kernel image size:   11441152 bytes?
    Initramfs size:      4255366 bytes (41606tryGetMsg() failed. ret = 0x80020003, msgSize = 48?
30 from user)?
    Kernel command line: earlycon=uart8250,mmio32,0xC890E000,115200n8 console=tty0 keep_bootcon 8250.nr_uarts=0 iommu=tryGetMsg() failed. ret = 0x80020003, msgSize = 48?
pt intremap=off panic=10 loglevel=8 ignore_loglevel printk.devkmsg=on drm.edid_firmware=edid/1920x1080.bin video=HDMI-A-1:1920x1080@6tryGetMsg() failed. ret = 0x80020003, msgSize = 48?
0D pci=nocrs libata.force=1.00:disable root=LABEL=psxitarch rootwait rw systemd.unit=multi-user.target systemd.log_level=info amdgpu.tryGetMsg() failed. ret = 0x80020003, msgSize = 48?
gpu_recovery=0 amdgpu.lockup_timeout=10000 amdgpu.gfx_off=0 amdgpu.runpm=0 amdgpu.bapm=0 amdgpu.dpm=0?
    Kernel image buffer: 0xffftryGetMsg() failed. ret = 0x80020003, msgSize = 48?
f832430000000?
    Initramfs buffer:    0xffffffffffffffff?
kernel_hook_install(0xffffff807650112d, 0xffffffff8ae23ad0)?
  Using 64bitryGetMsg() failed. ret = 0x80020003, msgSize = 48?
t absolute jump?
******************************************************?
kexec successfully armed. Please shut down the system.?
***tryGetMsg() failed. ret = 0x80020003, msgSize = 48?
***************************************************?
?
Context.cc:189 (ajmContextCleanup) - Codec CELP8 Decoder was not properly unregistered.?
Context.cc:189 (ajmContextCleanup) - Codec CELP8 Encoder was not properly unregistered.?
Context.cc:189 (ajmContextCleanup) - Codec CELP(16) Decoder was not properly unregistered.?
Context.cc:191 (ajmContextCleanup) - More codecs were not properly unregistered...?
[SceSysCore mini] killall timeout 5[sec]...?
[SceSysCore mini] forcibly unmount 2 nullfses?
[SceSysCore mini] forcibly unmount /mnt/usb0?
[SceSysCore mini[REGMGR] 000006 ...?
] sceKernelPollE[ventFlag(reboot_flag): failed 80020010?
[SceSysCore mini] call reboot(4000)?
REGMGR] (   3805.155 sec) 010006 ...?
[REGMGR] (   0.011758 sec) 010007 ...?
[REGMGR] 000108 ...?
[REGMGR] 000501 ...?
Waiting (max 60 seconds) for system process `SceVnlru' to stop...done?
Waiting (max 60 seconds) for system process `SceBufdaemon0' to stop...SD Manual Tuning done. MaxPassWindowSize=22, TunePoint=20 CORE_CTRL=0x184094?
done?
Waiting (max 60 seconds) for system process `SceBufdaemon2' to stop...done?
Waiting (max 60 seconds) for system process `SceBufdaemon1' to stop...done?
?Wa
itSying (max 60 secnocninds) for gsystem process `Sc deSiyncer' to sstop...ks, vnodes remaining...2 0 0 sched_sync: flush softdep (iter=2)?
sched_sync: flush softdep (iter=1)?
done?
All buffers synced.?
[PFS] umount[0x00007b160097a000] finished 0?
[PFS] umount[0x00007b160096b338] finished 0?
Uptime: 1h3m30s?
icc post sync:Thermal alert LED off?
[REGMGR] 000007 @2@ ...?
icc08-4001 0802?
icc:failed to disabled reset button notification: 0005?
icc:disabled thermal notification?
eth0: link state changed to DOWN?
ICC: howto:00004000 depth:2 cause:00 hand:01?
ICC: Shutdown.?
hook_icc_query_nowait called?
ICC 05-00 polling?
Fixing ACPI tables at 0xe0000 (0xffff8324000e0000)?
RSDT at 0xe0024?
XSDT at 0xe0088?
FACP at 0xe016c?
FACS at 0xe012c?
DSDT at 0xe0430?
APIC at 0xe0298?
MCFG at 0xe0304?
SSDT at 0xe0730?
ACPI tables fixed?
kexec: Waiting for secondary CPUs...?
kexec: Secondary CPUs quiesced?
kexec: Setting up GDT...?
kexec: Relocating stub...?
kexec: Setting up boot params...?
kexec: Cleaning up hardware...?
Current sb_id: 3?
?
SB_BAIKAL constant: 3?
?
kexec: Detected Baikal Southbridge, disabling IOMMU...?
kexec: Reconfiguring VRAM...?
kexec: Resetting GPU...?
kexec: About to relocate and jump to kernel?
[    0.000000] ps4: x86_ps4_early_setup: PS4 early setup?
[    0.000000] Linux version 6.15.4-Baikal_TESTING_crashniels-dirty (meerzulee@cachynator) (gcc (GCC) 16.1.1 20260430, GNU ld (GNU Binutils) 2.46.0) #30 SMP PREEMPT_DYNAMIC Wed May 13 17:28:36 +06 2026?
[    0.000000] Command line: earlycon=uart8250,mmio32,0xC890E000,115200n8 console=tty0 keep_bootcon 8250.nr_uarts=0 iommu=pt intremap=off panic=10 loglevel=8 ignore_loglevel printk.devkmsg=on drm.edid_firmware=edid/1920x1080.bin video=HDMI-A-1:1920x1080@60D pci=nocrs libata.force=1.00:disable root=LABEL=psxitarch rootwait rw systemd.unit=multi-user.target systemd.log_level=info amdgpu.gpu_recovery=0 amdgpu.lockup_timeout=10000 amdgpu.gfx_off=0 amdgpu.runpm=0 amdgpu.bapm=0 amdgpu.dpm=0?
[    0.000000] KERNEL supported cpus:?
[    0.000000]   AMD AuthenticAMD?
[    0.000000] BIOS-provided physical RAM map:?
[    0.000000] BIOS-e820: [mem 0x0000000000000000-0x0000000000007fff] usable?
[    0.000000] BIOS-e820: [mem 0x0000000000008000-0x000000000007ffff] reserved?
[    0.000000] BIOS-e820: [mem 0x0000000000080000-0x0000000000099fff] usable?
[    0.000000] BIOS-e820: [mem 0x000000000009a000-0x00000000000bffff] reserved?
[    0.000000] BIOS-e820: [mem 0x00000000000e0000-0x00000000000effff] ACPI data?
[    0.000000] BIOS-e820: [mem 0x0000000000100000-0x00000000003fffff] usable?
[    0.000000] BIOS-e820: [mem 0x0000000000400000-0x000000000047ffff] reserved?
[    0.000000] BIOS-e820: [mem 0x0000000000480000-0x000000000067ffff] usable?
[    0.000000] BIOS-e820: [mem 0x0000000000680000-0x00000000006fffff] reserved?
[    0.000000] BIOS-e820: [mem 0x0000000000700000-0x000000007efe7fff] usable?
[    0.000000] BIOS-e820: [mem 0x000000007efe8000-0x000000007efeffff] ACPI NVS?
[    0.000000] BIOS-e820: [mem 0x000000007eff0000-0x000000007effffff] ACPI data?
[    0.000000] BIOS-e820: [mem 0x000000007f000000-0x000000007fffffff] usable?
[    0.000000] BIOS-e820: [mem 0x0000000080000000-0x00000000fbffffff] reserved?
[    0.000000] BIOS-e820: [mem 0x0000000100000000-0x000000013fffffff] reserved?
[    0.000000] BIOS-e820: [mem 0x0000000140000000-0x000000027effffff] usable?
[    0.000000] earlycon: uart8250 at MMIO32 0x00000000c890e000 (options '115200n8')?
[    0.000000] printk: legacy bootconsole [uart8250] enabled?
[    0.000000] printk: debug: skip boot console de-registration.?
[    0.000000] printk: debug: ignoring loglevel setting.?
[    0.000000] NX (Execute Disable) protection: active?
[    0.000000] APIC: Static calls initialized?
[    0.000000] SMBIOS 2.1 present.?
[    0.000000] DMI:  , BIOS unde Wed 09/22/2021 16:2?
[    0.000000] DMI: Memory slots populated: 1/1?
[    0.000000] ps4: EMC timer started in 11635 TSC ticks?
[    0.000000] ps4: Calibrated TSC frequency: 1594068416 kHz?
[    0.000000] tsc: Detected 1594.068 MHz processor?
[    0.001421] e820: update [mem 0x00000000-0x00000fff] usable ==> reserved?
[    0.008248] e820: remove [mem 0x000a0000-0x000fffff] usable?
[    0.013930] last_pfn = 0x27f000 max_arch_pfn = 0x400000000?
[    0.019516] MTRR map: 6 entries (3 fixed + 3 variable; max 20), built from 9 variable MTRRs?
[    0.028016] x86/PAT: Configuration [0-7]: WB  WC  UC- UC  WB  WP  UC- WT  ?
[    0.035399] e820: update [mem 0x80000000-0x13fffffff] usable ==> reserved?
[    0.042328] last_pfn = 0x80000 max_arch_pfn = 0x400000000?
[    0.056438] Using GB pages for direct mapping?
[    0.062405] RAMDISK: [mem 0x21000000-0x2140efff]?
[    0.067115] ACPI: Early table checksum verification disabled?
[    0.072873] ACPI: RSDP 0x00000000000E0000 000024 (v02 SIE   )?
[    0.078725] ACPI: XSDT 0x00000000000E0088 00004C (v01 SIE    ORBIS    20121218 INTL 20110211)?
[    0.087412] ACPI: FACP 0x00000000000E016C 0000F4 (v04 SIE    ORBIS    20130205 INTL 20110211)?
[    0.096095] ACPI: DSDT 0x00000000000E0430 00018C (v02 SIE    ORBIS    20121002 INTL 20110211)?
[    0.104777] ACPI: FACS 0x00000000000E012C 000040?
[    0.109476] ACPI: FACS 0x00000000000E012C 000040?
[    0.114175] ACPI: APIC 0x00000000000E0298 00006C (v02 SIE    ORBIS    20120725 INTL 20110211)?
[    0.122857] ACPI: MCFG 0x00000000000E0304 00003C (v01 SIE    ORBIS    20120725 INTL 20110211)?
[    0.131538] ACPI: SSDT 0x00000000000E0730 001944 (v01 AMD    POWERNOW 00000001 AMD  00000001)?
[    0.140223] ACPI: IVRS 0x00000000000E2074 000054 (v01 F0F    PS4KEXEC 20161225 KEXC 20161225)?
[    0.148904] ACPI: Reserving FACP table memory at [mem 0xe016c-0xe025f]?
[    0.155546] ACPI: Reserving DSDT table memory at [mem 0xe0430-0xe05bb]?
[    0.162188] ACPI: Reserving FACS table memory at [mem 0xe012c-0xe016b]?
[    0.168828] ACPI: Reserving FACS table memory at [mem 0xe012c-0xe016b]?
[    0.175469] ACPI: Reserving APIC table memory at [mem 0xe0298-0xe0303]?
[    0.182108] ACPI: Reserving MCFG table memory at [mem 0xe0304-0xe033f]?
[    0.188747] ACPI: Reserving SSDT table memory at [mem 0xe0730-0xe2073]?
[    0.195388] ACPI: Reserving IVRS table memory at [mem 0xe2074-0xe20c7]?
[    0.202103] No NUMA configuration found?
[    0.206001] Faking a node at [mem 0x0000000000000000-0x000000027effffff]?
[    0.212823] NODE_DATA(0) allocated [mem 0x27effa800-0x27effdfff]?
[    0.218991] Zone ranges:?
[    0.221561]   DMA      [mem 0x0000000000001000-0x0000000000ffffff]?
[    0.227850]   DMA32    [mem 0x0000000001000000-0x00000000ffffffff]?
[    0.234138]   Normal   [mem 0x0000000100000000-0x000000027effffff]?
[    0.240426] Movable zone start for each node?
[    0.244764] Early memory node ranges?
[    0.248396]   node   0: [mem 0x0000000000001000-0x0000000000007fff]?
[    0.254771]   node   0: [mem 0x0000000000080000-0x0000000000099fff]?
[    0.261145]   node   0: [mem 0x0000000000100000-0x00000000003fffff]?
[    0.267521]   node   0: [mem 0x0000000000480000-0x000000000067ffff]?
[    0.273894]   node   0: [mem 0x0000000000700000-0x000000007efe7fff]?
[    0.280268]   node   0: [mem 0x000000007f000000-0x000000007fffffff]?
[    0.286643]   node   0: [mem 0x0000000140000000-0x000000027effffff]?
[    0.293020] Initmem setup node 0 [mem 0x0000000000001000-0x000000027effffff]?
[    0.300196] On node 0, zone DMA: 1 pages in unavailable ranges?
[    0.306137] On node 0, zone DMA: 120 pages in unavailable ranges?
[    0.312266] On node 0, zone DMA: 102 pages in unavailable ranges?
[    0.318394] On node 0, zone DMA: 128 pages in unavailable ranges?
[    0.324557] On node 0, zone DMA: 128 pages in unavailable ranges?
[    0.340964] On node 0, zone DMA32: 24 pages in unavailable ranges?
[    0.373341] On node 0, zone Normal: 4096 pages in unavailable ranges?
[    0.380716] ACPI: No IOAPIC entries present?
[    0.384969] ACPI: Using ACPI for processor (LAPIC) configuration information?
[    0.392154] CPU topo: Max. logical packages:   1?
[    0.396847] CPU topo: Max. logical dies:       1?
[    0.401541] CPU topo: Max. dies per package:   1?
[    0.406245] CPU topo: Max. threads per core:   1?
[    0.410938] CPU topo: Num. cores per package:     8?
[    0.415896] CPU topo: Num. threads per package:   8?
[    0.420853] CPU topo: Allowing 8 present CPUs plus 0 hotplug CPUs?
[    0.427079] [mem 0xfc000000-0xffffffff] available for PCI devices?
[    0.433281] clocksource: refined-jiffies: mask: 0xffffffff max_cycles: 0xffffffff, max_idle_ns: 1910969940391419 ns?
[    0.443915] setup_percpu: NR_CPUS:8 nr_cpumask_bits:8 nr_cpu_ids:8 nr_node_ids:1?
[    0.452112] percpu: Embedded 42 pages/cpu s131544 r8192 d32296 u262144?
[    0.458774] pcpu-alloc: s131544 r8192 d32296 u262144 alloc=1*2097152?
[    0.465244] pcpu-alloc: [0] 0 1 2 3 4 5 6 7 ?
[    0.469630] Kernel command line: earlycon=uart8250,mmio32,0xC890E000,115200n8 console=tty0 keep_bootcon 8250.nr_uarts=0 iommu=pt intremap=off panic=10 loglevel=8 ignore_loglevel printk.devkmsg=on drm.edid_firmware=edid/1920x1080.bin video=HDMI-A-1:1920x1080@60D pci=nocrs libata.force=1.00:disable root=LABEL=psxitarch rootwait rw systemd.unit=multi-user.target systemd.log_level=info amdgpu.gpu_recovery=0 amdgpu.lockup_timeout=10000 amdgpu.gfx_off=0 amdgpu.runpm=0 amdgpu.bapm=0 amdgpu.dpm=0?
[    0.513997] Setting dangerous option amdgpu.gpu_recovery - tainting kernel?
[    0.521050] printk: log buffer data + meta data: 262144 + 917504 = 1179648 bytes?
[    0.530362] Dentry cache hash table entries: 1048576 (order: 11, 8388608 bytes, linear)?
[    0.539426] Inode-cache hash table entries: 524288 (order: 10, 4194304 bytes, linear)?
[    0.547497] software IO TLB: area num 8.?
[    0.580448] Fallback order for Node 0: 0 ?
[    0.580467] Built 1 zonelists, mobility grouping on.  Total pages: 1830409?
[    0.591538] Policy zone: Normal?
[    0.594732] mem auto-init: stack:off, heap alloc:off, heap free:off?
[    0.638788] SLUB: HWalign=64, Order=0-3, MinObjects=0, CPUs=8, Nodes=1?
[    0.646649] Dynamic Preempt: voluntary?
[    0.650556] rcu: Preemptible hierarchical RCU implementation.?
[    0.656402] rcu: RCU calculated value of scheduler-enlistment delay is 100 jiffies.?
[    0.664218] NR_IRQS: 4352, nr_irqs: 128, preallocated irqs: 0?
[    0.670125] rcu: srcu_init: Setting srcu_struct sizes based on contention.?
[    0.677180] call_irq_handler: 0.49 No irq handler for vector?
[    0.682968] Console: colour dummy device 80x25?
[    0.687492] printk: legacy console [tty0] enabled?
[    0.692321] ACPI: Core revision 20240827?
[    0.696381] ACPI: setting ELCR to 0200 (from ffff)?
[    0.701272] Failed to register legacy timer interrupt?
[    0.706410] APIC: Switch to symmetric I/O mode setup?
[    0.711470] clocksource: tsc-early: mask: 0xffffffffffffffff max_cycles: 0x16fa41391f5, max_idle_ns: 440795279284 ns?
[    0.722201] Calibrating delay loop (skipped), value calculated using timer frequency.. 3188.13 BogoMIPS (lpj=1594068)?
[    0.723191] Last level iTLB entries: 4KB 512, 2MB 8, 4MB 4?
[    0.723191] Last level dTLB entries: 4KB 512, 2MB 256, 4MB 128, 1GB 0?
[    0.723191] Spectre V1 : Mitigation: usercopy/swapgs barriers and __user pointer sanitization?
[    0.723191] Spectre V2 : Mitigation: Retpolines?
[    0.723191] Spectre V2 : Spectre v2 / SpectreRSB: Filling RSB on context switch and VMEXIT?
[    0.723191] RETBleed: Mitigation: untrained return thunk?
[    0.723191] Speculative Store Bypass: Mitigation: Speculative Store Bypass disabled via prctl?
[    0.723191] x86/fpu: Supporting XSAVE feature 0x001: 'x87 floating point registers'?
[    0.723191] x86/fpu: Supporting XSAVE feature 0x002: 'SSE registers'?
[    0.723191] x86/fpu: Supporting XSAVE feature 0x004: 'AVX registers'?
[    0.723191] x86/fpu: xstate_offset[2]:  576, xstate_sizes[2]:  256?
[    0.723191] x86/fpu: Enabled xstate features 0x7, context size is 832 bytes, using 'standard' format.?
[    0.723191] Freeing SMP alternatives memory: 52K?
[    0.723191] pid_max: default: 32768 minimum: 301?
[    0.723191] Mount-cache hash table entries: 16384 (order: 5, 131072 bytes, linear)?
[    0.723191] Mountpoint-cache hash table entries: 16384 (order: 5, 131072 bytes, linear)?
[    0.723191] smpboot: CPU0: AMD DG1401SNF87ID (family: 0x16, model: 0x1a, stepping: 0x0)?
[    0.723803] Performance Events: AMD PMU driver.?
[    0.724196] ... version:                0?
[    0.725195] ... bit width:              48?
[    0.726195] ... generic registers:      4?
[    0.727195] ... value mask:             0000ffffffffffff?
[    0.728195] ... max period:             00007fffffffffff?
[    0.729195] ... fixed-purpose events:   0?
[    0.730195] ... event mask:             000000000000000f?
[    0.731407] signal: max sigframe size: 1776?
[    0.732284] rcu: Hierarchical SRCU implementation.?
[    0.733196] rcu: 	Max phase no-delay instances is 400.?
[    0.734353] Timer migration: 1 hierarchy levels; 8 children per group; 1 crossnode level?
[    0.738533] smp: Bringing up secondary CPUs ...?
[    0.740480] smpboot: x86: Booting SMP configuration:?
[    0.741200] .... node  #0, CPUs:      #1 #2 #3 #4 #5 #6 #7?
[    0.751298] smp: Brought up 1 node, 8 CPUs?
[    0.753201] smpboot: Total of 8 processors activated (25505.08 BogoMIPS)?
[    0.755419] Memory: 7077464K/7321636K available (23480K kernel code, 2053K rwdata, 8788K rodata, 1624K init, 2232K bss, 239924K reserved, 0K cma-reserved)?
[    0.756617] devtmpfs: initialized?
[    0.758331] clocksource: jiffies: mask: 0xffffffff max_cycles: 0xffffffff, max_idle_ns: 1911260446275000 ns?
[    0.759206] posixtimers hash table entries: 4096 (order: 4, 65536 bytes, linear)?
[    0.760214] futex hash table entries: 2048 (order: 5, 131072 bytes, linear)?
[    0.761285] prandom: seed boundary self test passed?
[    0.764240] prandom: 100 self tests passed?
[    0.765450] NET: Registered PF_NETLINK/PF_ROUTE protocol family?
[    0.766363] audit: initializing netlink subsys (disabled)?
[    0.767243] audit: type=2000 audit(0.045:1): state=initialized audit_enabled=0 res=1?
[    0.767377] i2c-core: driver [dummy] registered?
[    0.769199] thermal_sys: Registered thermal governor 'step_wise'?
[    0.769225] cpuidle: using governor ladder?
[    0.771203] cpuidle: using governor menu?
[    0.772396] ps4: ps4: pre-allocated IRQ 9 desc for ACPI SCI (virq=9)?
[    0.773452] PCI: ECAM [mem 0xf8000000-0xfbffffff] (base 0xf8000000) for domain 0000 [bus 00-3f]?
[    0.774214] PCI: Using configuration type 1 for base access?
[    0.775509] HugeTLB: allocation took 0ms with hugepage_allocation_threads=2?
[    0.776229] HugeTLB: registered 2.00 MiB page size, pre-allocated 0 pages?
[    0.777195] HugeTLB: 28 KiB vmemmap can be freed for a 2.00 MiB page?
[    0.779221] cryptd: max_cpu_qlen set to 1000?
[    0.797198] raid6: sse2x4   gen()  4051 MB/s?
[    0.815198] raid6: sse2x2   gen()  3946 MB/s?
[    0.833199] raid6: sse2x1   gen()  3202 MB/s?
[    0.834195] raid6: using algorithm sse2x4 gen() 4051 MB/s?
[    0.852194] raid6: .... xor() 2021 MB/s, rmw enabled?
[    0.853196] raid6: using ssse3x2 recovery algorithm?
[    0.854302] ACPI: Added _OSI(Module Device)?
[    0.855197] ACPI: Added _OSI(Processor Device)?
[    0.856196] ACPI: Added _OSI(Processor Aggregator Device)?
[    0.859453] ACPI: 2 ACPI AML tables successfully acquired and loaded?
[    0.867425] ACPI: Interpreter enabled?
[    0.868206] ACPI: PM: (supports S0 S5)?
[    0.869196] ACPI: Using PIC for interrupt routing?
[    0.870225] PCI: Ignoring host bridge windows from ACPI; if necessary, use "pci=use_crs" and report a bug?
[    0.871195] PCI: Using E820 reservations for host bridge windows?
[    0.873832] acpi PNP0A03:00: [Firmware Bug]: no secondary bus range in _CRS?
[    0.874211] ACPI: PCI Root Bridge [PCI0] (domain 0000 [bus 00-ff])?
[    0.875202] acpi PNP0A03:00: _OSC: OS supports [ExtendedConfig ASPM ClockPM Segments MSI HPX-Type3]?
[    0.876216] acpi PNP0A03:00: [Firmware Info]: ECAM [mem 0xf8000000-0xfbffffff] for domain 0000 [bus 00-3f] only partially covers this bridge?
[    0.877219] acpi PNP0A03:00: host bridge window [io  0x0cf8-0x0cff] (ignored)?
[    0.878196] PCI: root bus 00: using default resources?
[    0.879246] PCI host bridge to bus 0000:00?
[    0.880202] pci_bus 0000:00: root bus resource [io  0x0000-0xffff]?
[    0.881196] pci_bus 0000:00: root bus resource [mem 0x00000000-0xffffffffff]?
[    0.882202] pci_bus 0000:00: root bus resource [bus 00-ff]?
[    0.883214] pci 0000:00:00.0: [1022:1436] type 00 class 0x060000 conventional PCI endpoint?
[    0.884316] pci 0000:00:00.2: [1022:1437] type 00 class 0x080600 conventional PCI endpoint?
[    0.886274] pci 0000:00:01.0: [1002:9923] type 00 class 0x030000 PCIe Root Complex Integrated Endpoint?
[    0.887217] pci 0000:00:01.0: BAR 0 [mem 0xe0000000-0xe3ffffff 64bit pref]?
[    0.888197] pci 0000:00:01.0: BAR 2 [mem 0xe4000000-0xe47fffff 64bit pref]?
[    0.889197] pci 0000:00:01.0: BAR 4 [io  0x6000-0x60ff]?
[    0.890197] pci 0000:00:01.0: BAR 5 [mem 0xe4800000-0xe483ffff]?
[    0.891197] pci 0000:00:01.0: ROM [mem 0x00000000-0x0001ffff pref]?
[    0.893200] pci 0000:00:01.0: enabling Extended Tags?
[    0.894211] pci 0000:00:01.0: Video device with shadowed ROM at [mem 0x000c0000-0x000dffff]?
[    0.895216] pci 0000:00:01.0: supports D1 D2?
[    0.896196] pci 0000:00:01.0: PME# supported from D1 D2 D3hot?
[    0.897290] pci 0000:00:01.1: [1002:9921] type 00 class 0x040300 PCIe Root Complex Integrated Endpoint?
[    0.898217] pci 0000:00:01.1: BAR 0 [mem 0xe4840000-0xe4843fff 64bit]?
[    0.899203] pci 0000:00:01.1: enabling Extended Tags?
[    0.900225] pci 0000:00:01.1: supports D1 D2?
[    0.901290] pci 0000:00:02.0: [1022:1438] type 00 class 0x060000 conventional PCI endpoint?
[    0.902325] pci 0000:00:14.0: [104d:90d7] type 00 class 0x088000 PCIe Endpoint?
[    0.903236] pci 0000:00:14.0: BAR 0 [mem 0xfdf8000000-0xfdf9ffffff 64bit]?
[    0.904197] pci 0000:00:14.0: BAR 2 [io  0x1000-0x13ff]?
[    0.905382] pci 0000:00:14.1: [104d:90d8] type 00 class 0x088001 PCIe Endpoint?
[    0.906236] pci 0000:00:14.1: BAR 0 [mem 0xc2000000-0xc2000fff 64bit]?
[    0.907379] pci 0000:00:14.2: [104d:90d9] type 00 class 0x088002 PCIe Endpoint?
[    0.908236] pci 0000:00:14.2: BAR 0 [mem 0xc4000000-0xc4007fff 64bit]?
[    0.909380] pci 0000:00:14.3: [104d:90da] type 00 class 0x088003 PCIe Endpoint?
[    0.910236] pci 0000:00:14.3: BAR 0 [mem 0xc6000000-0xc6000fff 64bit]?
[    0.911378] pci 0000:00:14.4: [104d:90db] type 00 class 0x088004 PCIe Endpoint?
[    0.912236] pci 0000:00:14.4: BAR 0 [mem 0xc8000000-0xc8001fff 64bit]?
[    0.913198] pci 0000:00:14.4: BAR 2 [mem 0xc8800000-0xc89fffff 64bit]?
[    0.914198] pci 0000:00:14.4: BAR 4 [mem 0xc9000000-0xc91fffff 64bit]?
[    0.916230] pci 0000:00:14.5: [104d:90dc] type 00 class 0x088005 PCIe Endpoint?
[    0.917236] pci 0000:00:14.5: BAR 0 [mem 0xca000000-0xca000fff 64bit]?
[    0.918198] pci 0000:00:14.5: BAR 2 [mem 0xca800000-0xca800fff 64bit]?
[    0.919376] pci 0000:00:14.6: [104d:90dd] type 00 class 0x088006 PCIe Endpoint?
[    0.920236] pci 0000:00:14.6: BAR 0 [mem 0xcc000000-0xcc000fff 64bit]?
[    0.921198] pci 0000:00:14.6: BAR 2 [mem 0x80000000-0xbfffffff 64bit]?
[    0.922197] pci 0000:00:14.6: BAR 4 [mem 0xcd000000-0xcd0fffff]?
[    0.923197] pci 0000:00:14.6: BAR 5 [mem 0xcd400000-0xcd43ffff]?
[    0.924375] pci 0000:00:14.7: [104d:90de] type 00 class 0x088007 PCIe Endpoint?
[    0.925236] pci 0000:00:14.7: BAR 0 [mem 0xce000000-0xce3fffff 64bit]?
[    0.926198] pci 0000:00:14.7: BAR 2 [mem 0xce800000-0xce80ffff 64bit]?
[    0.927200] pci 0000:00:14.7: BAR 4 [mem 0xcf000000-0xcf7fffff 64bit]?
[    0.928367] pci 0000:00:18.0: [1022:142e] type 00 class 0x060000 conventional PCI endpoint?
[    0.929296] pci 0000:00:18.1: [1022:142f] type 00 class 0x060000 conventional PCI endpoint?
[    0.930301] pci 0000:00:18.2: [1022:1430] type 00 class 0x060000 conventional PCI endpoint?
[    0.931293] pci 0000:00:18.3: [1022:1431] type 00 class 0x060000 conventional PCI endpoint?
[    0.932299] pci 0000:00:18.4: [1022:1432] type 00 class 0x060000 conventional PCI endpoint?
[    0.933292] pci 0000:00:18.5: [1022:1433] type 00 class 0x060000 conventional PCI endpoint?
[    0.935234] pci 0000:00:18.6: [1022:1434] type 00 class 0x060000 conventional PCI endpoint?
[    0.936394] iommu: Default domain type: Passthrough (set via kernel command line)?
[    0.937391] SCSI subsystem initialized?
[    0.938221] libata version 3.00 loaded.?
[    0.939256] ACPI: bus type USB registered?
[    0.940249] usbcore: registered new interface driver usbfs?
[    0.941218] usbcore: registered new interface driver hub?
[    0.942216] usbcore: registered new device driver usb?
[    0.943372] Advanced Linux Sound Architecture Driver Initialized.?
[    0.944558] Bluetooth: Core ver 2.22?
[    0.945209] NET: Registered PF_BLUETOOTH protocol family?
[    0.946195] Bluetooth: HCI device and connection manager initialized?
[    0.947198] Bluetooth: HCI socket layer initialized?
[    0.948198] Bluetooth: L2CAP socket layer initialized?
[    0.949202] Bluetooth: SCO socket layer initialized?
[    0.950289] PCI: Using ACPI for IRQ routing?
[    0.953731] PCI: pci_cache_line_size set to 64 bytes?
[    0.954237] e820: reserve RAM buffer [mem 0x00008000-0x0000ffff]?
[    0.955196] e820: reserve RAM buffer [mem 0x0009a000-0x0009ffff]?
[    0.956196] e820: reserve RAM buffer [mem 0x00680000-0x006fffff]?
[    0.957196] e820: reserve RAM buffer [mem 0x7efe8000-0x7fffffff]?
[    0.958196] e820: reserve RAM buffer [mem 0x27f000000-0x27fffffff]?
[    0.959221] pci 0000:00:01.0: vgaarb: setting as boot VGA device?
[    0.960191] pci 0000:00:01.0: vgaarb: bridge control possible?
[    0.960191] pci 0000:00:01.0: vgaarb: VGA device added: decodes=io+mem,owns=io+mem,locks=none?
[    0.960205] vgaarb: loaded?
[    0.962433] clocksource: Switched to clocksource tsc-early?
[    0.968054] pnp: PnP ACPI init?
[    0.971210] pnp: PnP ACPI: found 0 devices?
[    0.980320] NET: Registered PF_INET protocol family?
[    0.985603] IP idents hash table entries: 131072 (order: 8, 1048576 bytes, linear)?
[    0.997452] tcp_listen_portaddr_hash hash table entries: 4096 (order: 4, 65536 bytes, linear)?
[    1.006182] Table-perturb hash table entries: 65536 (order: 6, 262144 bytes, linear)?
[    1.014108] TCP established hash table entries: 65536 (order: 7, 524288 bytes, linear)?
[    1.022450] TCP bind hash table entries: 65536 (order: 9, 2097152 bytes, linear)?
[    1.030633] TCP: Hash tables configured (established 65536 bind 65536)?
[    1.037407] UDP hash table entries: 4096 (order: 6, 262144 bytes, linear)?
[    1.044426] UDP-Lite hash table entries: 4096 (order: 6, 262144 bytes, linear)?
[    1.051980] NET: Registered PF_UNIX/PF_LOCAL protocol family?
[    1.058104] RPC: Registered named UNIX socket transport module.?
[    1.064143] RPC: Registered udp transport module.?
[    1.068937] RPC: Registered tcp transport module.?
[    1.073732] RPC: Registered tcp-with-tls transport module.?
[    1.079321] RPC: Registered tcp NFSv4.1 backchannel transport module.?
[    1.086384] pci_bus 0000:00: resource 4 [io  0x0000-0xffff]?
[    1.092075] pci_bus 0000:00: resource 5 [mem 0x00000000-0xffffffffff]?
[    1.098719] pci 0000:00:01.1: D0 power state depends on 0000:00:01.0?
[    1.105205] pci 0000:00:02.0: CLS mismatch (64 != 512), using 64 bytes?
[    1.111979] AMD-Vi: Using global IVHD EFR:0x0, EFR2:0x0?
[    1.112197] Trying to unpack rootfs image as initramfs...?
[    1.117517] pci 0000:00:00.0: Adding to iommu group 0?
[    1.128086] pci 0000:00:14.0: Adding to iommu group 1?
[    1.133269] pci 0000:00:14.1: Adding to iommu group 1?
[    1.138454] pci 0000:00:14.2: Adding to iommu group 1?
[    1.143643] pci 0000:00:14.3: Adding to iommu group 1?
[    1.148827] pci 0000:00:14.4: Adding to iommu group 1?
[    1.154011] pci 0000:00:14.5: Adding to iommu group 1?
[    1.159201] pci 0000:00:14.6: Adding to iommu group 1?
[    1.164387] pci 0000:00:14.7: Adding to iommu group 1?
[    1.169615] AMD-Vi: Extended features (0x840, 0x0): IA?
[    1.175150] PCI-DMA: Using software bounce buffering for IO (SWIOTLB)?
[    1.181727] software IO TLB: mapped [mem 0x000000007afe8000-0x000000007efe8000] (64MB)?
[    1.189983] LVT offset 0 assigned for vector 0x400?
[    1.196011] perf: AMD IBS detected (0x000000ff)?
[    1.200697] kvm_amd: TSC scaling supported?
[    1.204876] kvm_amd: Nested Virtualization enabled?
[    1.209771] kvm_amd: Nested Paging enabled?
[    1.213947] kvm_amd: LBR virtualization supported?
[    1.242639] Freeing initrd memory: 4156K?
[    1.252277] platform rtc_cmos: registered platform RTC device (no PNP device found)?
[    1.263201] Initialise system trusted keyrings?
[    1.267848] workingset: timestamp_bits=40 max_order=21 bucket_order=0?
[    1.274842] ntfs3: Warning: Activated 64 bits per cluster. Windows does not support this?
[    1.283194] fuse: init (API version 7.43)?
[    1.323228] NET: Registered PF_ALG protocol family?
[    1.328115] xor: automatically using best checksumming function   avx       ?
[    1.335299] Key type asymmetric registered?
[    1.339472] Asymmetric key parser 'x509' registered?
[    1.344471] Block layer SCSI generic (bsg) driver version 0.4 loaded (major 252)?
[    1.352013] io scheduler mq-deadline registered?
[    1.356630] io scheduler kyber registered?
[    1.362715] Could not retrieve perf counters (-19)?
[    1.398651] Non-volatile memory driver v1.3?
[    1.402938] Linux agpgart interface v0.103?
[    1.407552] ACPI: bus type drm_connector registered?
[    1.412560] [drm] amdgpu kernel modesetting enabled.?
[    1.419279] brd: module loaded?
[    1.425945] loop: module loaded?
[    1.429168] i2c-core: driver [at24] registered?
[    1.433919] baikal_pcie 0000:00:14.4: bpcie_probe()?
[    1.438931] baikal_pcie 0000:00:14.4: bpcie glue probe?
[    1.444176] baikal_pcie 0000:00:14.4: Baikal chip revision: 4c0c2021:8d76a398:0000b100?
[    1.452249] pci 0000:00:14.0: bpcie_create_irq_domain?
[    1.457400] baikal_pcie 0000:00:14.4: devid = 164?
[    1.462197] baikal_pcie 0000:00:14.4: no parent ?
[    1.466908] bpcie_create_irq_domain: marked Baikal-MSI-164-3-14 as MSI parent (flags=0x113 bus_token=AMDVI)?
[    1.476837] pci 0000:00:14.1: bpcie_create_irq_domain?
[    1.481985] baikal_pcie 0000:00:14.4: devid = 164?
[    1.486778] baikal_pcie 0000:00:14.4: no parent ?
[    1.491486] bpcie_create_irq_domain: marked Baikal-MSI-164-3-14 as MSI parent (flags=0x113 bus_token=AMDVI)?
[    1.501412] pci 0000:00:14.2: bpcie_create_irq_domain?
[    1.506560] baikal_pcie 0000:00:14.4: devid = 164?
[    1.511354] baikal_pcie 0000:00:14.4: no parent ?
[    1.516061] bpcie_create_irq_domain: marked Baikal-MSI-164-3-14 as MSI parent (flags=0x113 bus_token=AMDVI)?
[    1.525988] pci 0000:00:14.3: bpcie_create_irq_domain?
[    1.531135] baikal_pcie 0000:00:14.4: devid = 164?
[    1.535928] baikal_pcie 0000:00:14.4: no parent ?
[    1.540635] bpcie_create_irq_domain: marked Baikal-MSI-164-3-14 as MSI parent (flags=0x113 bus_token=AMDVI)?
[    1.550569] baikal_pcie 0000:00:14.4: bpcie_create_irq_domain?
[    1.556430] baikal_pcie 0000:00:14.4: devid = 164?
[    1.561223] baikal_pcie 0000:00:14.4: no parent ?
[    1.565932] bpcie_create_irq_domain: marked Baikal-MSI-164-3-14 as MSI parent (flags=0x113 bus_token=AMDVI)?
[    1.575860] pci 0000:00:14.5: bpcie_create_irq_domain?
[    1.581008] baikal_pcie 0000:00:14.4: devid = 164?
[    1.585800] baikal_pcie 0000:00:14.4: no parent ?
[    1.590507] bpcie_create_irq_domain: marked Baikal-MSI-164-3-14 as MSI parent (flags=0x113 bus_token=AMDVI)?
[    1.600434] pci 0000:00:14.6: bpcie_create_irq_domain?
[    1.605581] baikal_pcie 0000:00:14.4: devid = 164?
[    1.610373] baikal_pcie 0000:00:14.4: no parent ?
[    1.615080] bpcie_create_irq_domain: marked Baikal-MSI-164-3-14 as MSI parent (flags=0x113 bus_token=AMDVI)?
[    1.625010] pci 0000:00:14.7: bpcie_create_irq_domain?
[    1.630158] baikal_pcie 0000:00:14.4: devid = 164?
[    1.634950] baikal_pcie 0000:00:14.4: no parent ?
[    1.639656] bpcie_create_irq_domain: marked Baikal-MSI-164-3-14 as MSI parent (flags=0x113 bus_token=AMDVI)?
[    1.649596] bpcie_init_dev_msi_info: dev=0000:00:14.4 installed bpcie demuxer (sc=(____ptrval____))?
[    1.659384] bpcie_msi_init: virq=10 hwirq=0x0 domain=(____ptrval____) info=(____ptrval____) sc=(____ptrval____)?
[    1.669679] bpcie_msi_init: registered virq=10 irq_map[0]?
[    1.675187] bpcie_msi_init: virq=11 hwirq=0x1 domain=(____ptrval____) info=(____ptrval____) sc=(____ptrval____)?
[    1.685473] bpcie_msi_init: registered virq=11 irq_map[1]?
[    1.690972] bpcie_msi_init: virq=12 hwirq=0x2 domain=(____ptrval____) info=(____ptrval____) sc=(____ptrval____)?
[    1.701254] bpcie_msi_init: registered virq=12 irq_map[2]?
[    1.706753] bpcie_msi_init: virq=13 hwirq=0x3 domain=(____ptrval____) info=(____ptrval____) sc=(____ptrval____)?
[    1.717035] bpcie_msi_init: registered virq=13 irq_map[3]?
[    1.722535] bpcie_msi_init: virq=14 hwirq=0x4 domain=(____ptrval____) info=(____ptrval____) sc=(____ptrval____)?
[    1.732818] bpcie_msi_init: registered virq=14 irq_map[4]?
[    1.738317] bpcie_msi_init: virq=15 hwirq=0x5 domain=(____ptrval____) info=(____ptrval____) sc=(____ptrval____)?
[    1.748599] bpcie_msi_init: registered virq=15 irq_map[5]?
[    1.754098] bpcie_msi_init: virq=16 hwirq=0x6 domain=(____ptrval____) info=(____ptrval____) sc=(____ptrval____)?
[    1.764379] bpcie_msi_init: registered virq=16 irq_map[6]?
[    1.769878] bpcie_msi_init: virq=17 hwirq=0x7 domain=(____ptrval____) info=(____ptrval____) sc=(____ptrval____)?
[    1.780163] bpcie_msi_init: registered virq=17 irq_map[7]?
[    1.785663] bpcie_msi_init: virq=18 hwirq=0x8 domain=(____ptrval____) info=(____ptrval____) sc=(____ptrval____)?
[    1.795944] bpcie_msi_init: registered virq=18 irq_map[8]?
[    1.801444] bpcie_msi_init: virq=19 hwirq=0x9 domain=(____ptrval____) info=(____ptrval____) sc=(____ptrval____)?
[    1.811724] bpcie_msi_init: registered virq=19 irq_map[9]?
[    1.817222] bpcie_msi_init: virq=20 hwirq=0xa domain=(____ptrval____) info=(____ptrval____) sc=(____ptrval____)?
[    1.827505] bpcie_msi_init: registered virq=20 irq_map[10]?
[    1.833092] bpcie_msi_init: virq=21 hwirq=0xb domain=(____ptrval____) info=(____ptrval____) sc=(____ptrval____)?
[    1.843374] bpcie_msi_init: registered virq=21 irq_map[11]?
[    1.848962] bpcie_msi_init: virq=22 hwirq=0xc domain=(____ptrval____) info=(____ptrval____) sc=(____ptrval____)?
[    1.859243] bpcie_msi_init: registered virq=22 irq_map[12]?
[    1.864830] bpcie_msi_init: virq=23 hwirq=0xd domain=(____ptrval____) info=(____ptrval____) sc=(____ptrval____)?
[    1.875112] bpcie_msi_init: registered virq=23 irq_map[13]?
[    1.880699] bpcie_msi_init: virq=24 hwirq=0xe domain=(____ptrval____) info=(____ptrval____) sc=(____ptrval____)?
[    1.890980] bpcie_msi_init: registered virq=24 irq_map[14]?
[    1.896568] bpcie_msi_init: virq=25 hwirq=0xf domain=(____ptrval____) info=(____ptrval____) sc=(____ptrval____)?
[    1.906849] bpcie_msi_init: registered virq=25 irq_map[15]?
[    1.912436] bpcie_msi_init: virq=26 hwirq=0x10 domain=(____ptrval____) info=(____ptrval____) sc=(____ptrval____)?
[    1.922806] bpcie_msi_init: registered virq=26 irq_map[16]?
[    1.928394] bpcie_msi_init: virq=27 hwirq=0x11 domain=(____ptrval____) info=(____ptrval____) sc=(____ptrval____)?
[    1.938769] bpcie_msi_init: registered virq=27 irq_map[17]?
[    1.944358] bpcie_msi_init: virq=28 hwirq=0x12 domain=(____ptrval____) info=(____ptrval____) sc=(____ptrval____)?
[    1.954730] bpcie_msi_init: registered virq=28 irq_map[18]?
[    1.960318] bpcie_msi_init: virq=29 hwirq=0x13 domain=(____ptrval____) info=(____ptrval____) sc=(____ptrval____)?
[    1.970688] bpcie_msi_init: registered virq=29 irq_map[19]?
[    1.976275] bpcie_msi_init: virq=30 hwirq=0x14 domain=(____ptrval____) info=(____ptrval____) sc=(____ptrval____)?
[    1.986649] bpcie_msi_init: registered virq=30 irq_map[20]?
[    1.992237] bpcie_msi_init: virq=31 hwirq=0x15 domain=(____ptrval____) info=(____ptrval____) sc=(____ptrval____)?
[    2.002608] bpcie_msi_init: registered virq=31 irq_map[21]?
[    2.008196] bpcie_msi_init: virq=32 hwirq=0x16 domain=(____ptrval____) info=(____ptrval____) sc=(____ptrval____)?
[    2.018567] bpcie_msi_init: registered virq=32 irq_map[22]?
[    2.024154] bpcie_msi_init: virq=33 hwirq=0x17 domain=(____ptrval____) info=(____ptrval____) sc=(____ptrval____)?
[    2.034525] bpcie_msi_init: registered virq=33 irq_map[23]?
[    2.040112] bpcie_msi_init: virq=34 hwirq=0x18 domain=(____ptrval____) info=(____ptrval____) sc=(____ptrval____)?
[    2.050481] bpcie_msi_init: registered virq=34 irq_map[24]?
[    2.056069] bpcie_msi_init: virq=35 hwirq=0x19 domain=(____ptrval____) info=(____ptrval____) sc=(____ptrval____)?
[    2.066441] bpcie_msi_init: registered virq=35 irq_map[25]?
[    2.072029] bpcie_msi_init: virq=36 hwirq=0x1a domain=(____ptrval____) info=(____ptrval____) sc=(____ptrval____)?
[    2.082398] bpcie_msi_init: registered virq=36 irq_map[26]?
[    2.087986] bpcie_msi_init: virq=37 hwirq=0x1b domain=(____ptrval____) info=(____ptrval____) sc=(____ptrval____)?
[    2.098357] bpcie_msi_init: registered virq=37 irq_map[27]?
[    2.103945] bpcie_msi_init: virq=38 hwirq=0x1c domain=(____ptrval____) info=(____ptrval____) sc=(____ptrval____)?
[    2.114314] bpcie_msi_init: registered virq=38 irq_map[28]?
[    2.119903] bpcie_msi_init: virq=39 hwirq=0x1d domain=(____ptrval____) info=(____ptrval____) sc=(____ptrval____)?
[    2.130273] bpcie_msi_init: registered virq=39 irq_map[29]?
[    2.135862] bpcie_msi_init: virq=40 hwirq=0x1e domain=(____ptrval____) info=(____ptrval____) sc=(____ptrval____)?
[    2.146231] bpcie_msi_init: registered virq=40 irq_map[30]?
[    2.151819] bpcie_msi_init: virq=41 hwirq=0x1f domain=(____ptrval____) info=(____ptrval____) sc=(____ptrval____)?
[    2.162190] bpcie_msi_init: registered virq=41 irq_map[31]?
[    2.167816] baikal_pcie 0000:00:14.4: bpcie_msi_write_msg(fee00000, 000000ef) mask=0x0 irq=10 hwirq=0x0 (____ptrval____)?
[    2.178911] baikal_pcie 0000:00:14.4: bpcie_config_msi: func=4 subfunc=0 addr=fee00000 data=000000ef?
[    2.188245] baikal_pcie 0000:00:14.4: bpcie_msi_write_msg(fee00000, 000000ef) mask=0x0 irq=11 hwirq=0x1 (____ptrval____)?
[    2.199336] baikal_pcie 0000:00:14.4: bpcie_config_msi: func=4 subfunc=1 addr=fee00000 data=000000ef?
[    2.208661] baikal_pcie 0000:00:14.4: bpcie_msi_write_msg(fee00000, 000000ef) mask=0x0 irq=12 hwirq=0x2 (____ptrval____)?
[    2.219744] baikal_pcie 0000:00:14.4: bpcie_config_msi: func=4 subfunc=2 addr=fee00000 data=000000ef?
[    2.229065] baikal_pcie 0000:00:14.4: bpcie_msi_write_msg(fee00000, 000000ef) mask=0x0 irq=13 hwirq=0x3 (____ptrval____)?
[    2.240146] baikal_pcie 0000:00:14.4: bpcie_config_msi: func=4 subfunc=3 addr=fee00000 data=000000ef?
[    2.249464] baikal_pcie 0000:00:14.4: bpcie_msi_write_msg(fee00000, 000000ef) mask=0x0 irq=14 hwirq=0x4 (____ptrval____)?
[    2.260545] baikal_pcie 0000:00:14.4: bpcie_config_msi: func=4 subfunc=4 addr=fee00000 data=000000ef?
[    2.269866] baikal_pcie 0000:00:14.4: bpcie_msi_write_msg(fee00000, 000000ef) mask=0x0 irq=15 hwirq=0x5 (____ptrval____)?
[    2.280955] baikal_pcie 0000:00:14.4: bpcie_config_msi: func=4 subfunc=5 addr=fee00000 data=000000ef?
[    2.290275] baikal_pcie 0000:00:14.4: bpcie_msi_write_msg(fee00000, 000000ef) mask=0x0 irq=16 hwirq=0x6 (____ptrval____)?
[    2.301354] baikal_pcie 0000:00:14.4: bpcie_config_msi: func=4 subfunc=6 addr=fee00000 data=000000ef?
[    2.310672] baikal_pcie 0000:00:14.4: bpcie_msi_write_msg(fee00000, 000000ef) mask=0x0 irq=17 hwirq=0x7 (____ptrval____)?
[    2.321750] baikal_pcie 0000:00:14.4: bpcie_config_msi: func=4 subfunc=7 addr=fee00000 data=000000ef?
[    2.331070] baikal_pcie 0000:00:14.4: bpcie_msi_write_msg(fee00000, 000000ef) mask=0x0 irq=18 hwirq=0x8 (____ptrval____)?
[    2.342150] baikal_pcie 0000:00:14.4: bpcie_config_msi: func=4 subfunc=8 addr=fee00000 data=000000ef?
[    2.351467] baikal_pcie 0000:00:14.4: bpcie_msi_write_msg(fee00000, 000000ef) mask=0x0 irq=19 hwirq=0x9 (____ptrval____)?
[    2.362546] baikal_pcie 0000:00:14.4: bpcie_config_msi: func=4 subfunc=9 addr=fee00000 data=000000ef?
[    2.371863] baikal_pcie 0000:00:14.4: bpcie_msi_write_msg(fee00000, 000000ef) mask=0x0 irq=20 hwirq=0xa (____ptrval____)?
[    2.382944] baikal_pcie 0000:00:14.4: bpcie_config_msi: func=4 subfunc=10 addr=fee00000 data=000000ef?
[    2.392352] baikal_pcie 0000:00:14.4: bpcie_msi_write_msg(fee00000, 000000ef) mask=0x0 irq=21 hwirq=0xb (____ptrval____)?
[    2.403432] baikal_pcie 0000:00:14.4: bpcie_config_msi: func=4 subfunc=11 addr=fee00000 data=000000ef?
[    2.412837] baikal_pcie 0000:00:14.4: bpcie_msi_write_msg(fee00000, 000000ef) mask=0x0 irq=22 hwirq=0xc (____ptrval____)?
[    2.423916] baikal_pcie 0000:00:14.4: bpcie_config_msi: func=4 subfunc=12 addr=fee00000 data=000000ef?
[    2.433322] baikal_pcie 0000:00:14.4: bpcie_msi_write_msg(fee00000, 000000ef) mask=0x0 irq=23 hwirq=0xd (____ptrval____)?
[    2.444403] baikal_pcie 0000:00:14.4: bpcie_config_msi: func=4 subfunc=13 addr=fee00000 data=000000ef?
[    2.453813] baikal_pcie 0000:00:14.4: bpcie_msi_write_msg(fee00000, 000000ef) mask=0x0 irq=24 hwirq=0xe (____ptrval____)?
[    2.464893] baikal_pcie 0000:00:14.4: bpcie_config_msi: func=4 subfunc=14 addr=fee00000 data=000000ef?
[    2.474298] baikal_pcie 0000:00:14.4: bpcie_msi_write_msg(fee00000, 000000ef) mask=0x0 irq=25 hwirq=0xf (____ptrval____)?
[    2.485378] baikal_pcie 0000:00:14.4: bpcie_config_msi: func=4 subfunc=15 addr=fee00000 data=000000ef?
[    2.494787] baikal_pcie 0000:00:14.4: bpcie_msi_write_msg(fee00000, 000000ef) mask=0x0 irq=26 hwirq=0x10 (____ptrval____)?
[    2.505956] baikal_pcie 0000:00:14.4: bpcie_config_msi: func=4 subfunc=16 addr=fee00000 data=000000ef?
[    2.515361] baikal_pcie 0000:00:14.4: bpcie_msi_write_msg(fee00000, 000000ef) mask=0x0 irq=27 hwirq=0x11 (____ptrval____)?
[    2.526529] baikal_pcie 0000:00:14.4: bpcie_config_msi: func=4 subfunc=17 addr=fee00000 data=000000ef?
[    2.535936] baikal_pcie 0000:00:14.4: bpcie_msi_write_msg(fee00000, 000000ef) mask=0x0 irq=28 hwirq=0x12 (____ptrval____)?
[    2.547106] baikal_pcie 0000:00:14.4: bpcie_config_msi: func=4 subfunc=18 addr=fee00000 data=000000ef?
[    2.556510] baikal_pcie 0000:00:14.4: bpcie_msi_write_msg(fee00000, 000000ef) mask=0x0 irq=29 hwirq=0x13 (____ptrval____)?
[    2.567679] baikal_pcie 0000:00:14.4: bpcie_config_msi: func=4 subfunc=19 addr=fee00000 data=000000ef?
[    2.577086] baikal_pcie 0000:00:14.4: bpcie_msi_write_msg(fee00000, 000000ef) mask=0x0 irq=30 hwirq=0x14 (____ptrval____)?
[    2.588255] baikal_pcie 0000:00:14.4: bpcie_config_msi: func=4 subfunc=20 addr=fee00000 data=000000ef?
[    2.597660] baikal_pcie 0000:00:14.4: bpcie_msi_write_msg(fee00000, 000000ef) mask=0x0 irq=31 hwirq=0x15 (____ptrval____)?
[    2.608829] baikal_pcie 0000:00:14.4: bpcie_config_msi: func=4 subfunc=21 addr=fee00000 data=000000ef?
[    2.618234] baikal_pcie 0000:00:14.4: bpcie_msi_write_msg(fee00000, 000000ef) mask=0x0 irq=32 hwirq=0x16 (____ptrval____)?
[    2.629401] baikal_pcie 0000:00:14.4: bpcie_config_msi: func=4 subfunc=22 addr=fee00000 data=000000ef?
[    2.638807] baikal_pcie 0000:00:14.4: bpcie_msi_write_msg(fee00000, 000000ef) mask=0x0 irq=33 hwirq=0x17 (____ptrval____)?
[    2.649976] baikal_pcie 0000:00:14.4: bpcie_config_msi: func=4 subfunc=23 addr=fee00000 data=000000ef?
[    2.659381] baikal_pcie 0000:00:14.4: bpcie_msi_write_msg(fee00000, 000000ef) mask=0x0 irq=34 hwirq=0x18 (____ptrval____)?
[    2.670550] baikal_pcie 0000:00:14.4: bpcie_config_msi: func=4 subfunc=24 addr=fee00000 data=000000ef?
[    2.679956] baikal_pcie 0000:00:14.4: bpcie_msi_write_msg(fee00000, 000000ef) mask=0x0 irq=35 hwirq=0x19 (____ptrval____)?
[    2.691124] baikal_pcie 0000:00:14.4: bpcie_config_msi: func=4 subfunc=25 addr=fee00000 data=000000ef?
[    2.700529] baikal_pcie 0000:00:14.4: bpcie_msi_write_msg(fee00000, 000000ef) mask=0x0 irq=36 hwirq=0x1a (____ptrval____)?
[    2.711702] baikal_pcie 0000:00:14.4: bpcie_config_msi: func=4 subfunc=26 addr=fee00000 data=000000ef?
[    2.721108] baikal_pcie 0000:00:14.4: bpcie_msi_write_msg(fee00000, 000000ef) mask=0x0 irq=37 hwirq=0x1b (____ptrval____)?
[    2.732278] baikal_pcie 0000:00:14.4: bpcie_config_msi: func=4 subfunc=27 addr=fee00000 data=000000ef?
[    2.741684] baikal_pcie 0000:00:14.4: bpcie_msi_write_msg(fee00000, 000000ef) mask=0x0 irq=38 hwirq=0x1c (____ptrval____)?
[    2.752853] baikal_pcie 0000:00:14.4: bpcie_config_msi: func=4 subfunc=28 addr=fee00000 data=000000ef?
[    2.762258] baikal_pcie 0000:00:14.4: bpcie_msi_write_msg(fee00000, 000000ef) mask=0x0 irq=39 hwirq=0x1d (____ptrval____)?
[    2.773429] baikal_pcie 0000:00:14.4: bpcie_config_msi: func=4 subfunc=29 addr=fee00000 data=000000ef?
[    2.782835] baikal_pcie 0000:00:14.4: bpcie_msi_write_msg(fee00000, 000000ef) mask=0x0 irq=40 hwirq=0x1e (____ptrval____)?
[    2.794005] baikal_pcie 0000:00:14.4: bpcie_config_msi: func=4 subfunc=30 addr=fee00000 data=000000ef?
[    2.803410] baikal_pcie 0000:00:14.4: bpcie_msi_write_msg(fee00000, 000000ef) mask=0x0 irq=41 hwirq=0x1f (____ptrval____)?
[    2.814579] baikal_pcie 0000:00:14.4: bpcie_config_msi: func=4 subfunc=31 addr=fee00000 data=000000ef?
[    2.824009] clocksource: tsc: mask: 0xffffffffffffffff max_cycles: 0x16fa41391f5, max_idle_ns: 440795279284 ns?
[    2.824104] baikal_pcie 0000:00:14.4: dev->irq=10?
[    2.839016] clocksource: Switched to clocksource tsc?
[    2.839146] baikal_pcie 0000:00:14.4: Failed to register serial port 0?
[    2.844094] clocksource: timekeeping watchdog on CPU3: Marking clocksource 'tsc-early' as unstable because the skew is too large:?
[    2.844098] clocksource:                       'refined-jiffies' wd_nsec: 617906064 wd_now: fffb746a wd_last: fffb7200 mask: ffffffff?
[    2.844109] baikal_pcie 0000:00:14.4: UART init failed (-5); continuing without serial console?
[    2.844121] clocksource:                       'tsc-early' cs_nsec: 438666595 cs_now: 58acc6d25cf cs_last: 58aa2bf386a mask: ffffffffffffffff?
[    2.844146] bpcie_icc_init: msi_desc msi_index=0 irq=10?
[    2.850797] clocksource:                       Clocksource 'tsc-early' skewed -179239469 ns (-179 ms) over watchdog 'refined-jiffies' interval of 617906064 ns (617 ms)?
[    2.862664] bpcie_icc_init: ICC subfunc 3 -> bpcie_irqnum=13 found_virq=-1?
[    2.862670] clocksource:                       'tsc-early' is current clocksource.?
[    2.862688] baikal_pcie 0000:00:14.4: bpcie_msi_write_msg(fee01000, 00000020) mask=0x0 irq=13 hwirq=0x3 (____ptrval____)?
[    2.874908] tsc: Marking TSC unstable due to clocksource watchdog?
[    2.863661] baikal_pcie 0000:00:14.4: bpcie_config_msi: func=4 subfunc=3 addr=fee01000 data=00000020?
[    2.863661] baikal_pcie 0000:00:14.4: bpcie_msi_write_msg(fee01000, 00000020) mask=0x0 irq=13 hwirq=0x3 (____ptrval____)?
[    2.863661] baikal_pcie 0000:00:14.4: bpcie_config_msi: func=4 subfunc=3 addr=fee01000 data=00000020?
[    2.978788] genirq: Flags mismatch irq 0. 00200080 (icc-shotgun) vs. 00000000 (AMD-Vi)?
[    2.986874] baikal_pcie 0000:00:14.4: bpcie_msi_write_msg(fee02000, 00000020) mask=0x0 irq=10 hwirq=0x0 (____ptrval____)?
[    2.987856] baikal_pcie 0000:00:14.4: bpcie_config_msi: func=4 subfunc=0 addr=fee02000 data=00000020?
[    2.987856] baikal_pcie 0000:00:14.4: bpcie_msi_write_msg(fee02000, 00000020) mask=0x0 irq=10 hwirq=0x0 (____ptrval____)?
[    2.987856] baikal_pcie 0000:00:14.4: bpcie_config_msi: func=4 subfunc=0 addr=fee02000 data=00000020?
[    3.027696] baikal_pcie 0000:00:14.4: bpcie_msi_write_msg(fee03000, 00000020) mask=0x0 irq=11 hwirq=0x1 (____ptrval____)?
[    3.028676] baikal_pcie 0000:00:14.4: bpcie_config_msi: func=4 subfunc=1 addr=fee03000 data=00000020?
[    3.028676] baikal_pcie 0000:00:14.4: bpcie_msi_write_msg(fee03000, 00000020) mask=0x0 irq=11 hwirq=0x1 (____ptrval____)?
[    3.028676] baikal_pcie 0000:00:14.4: bpcie_config_msi: func=4 subfunc=1 addr=fee03000 data=00000020?
[    3.068490] baikal_pcie 0000:00:14.4: bpcie_msi_write_msg(fee04000, 00000020) mask=0x0 irq=12 hwirq=0x2 (____ptrval____)?
[    3.069469] baikal_pcie 0000:00:14.4: bpcie_config_msi: func=4 subfunc=2 addr=fee04000 data=00000020?
[    3.069469] baikal_pcie 0000:00:14.4: bpcie_msi_write_msg(fee04000, 00000020) mask=0x0 irq=12 hwirq=0x2 (____ptrval____)?
[    3.069469] baikal_pcie 0000:00:14.4: bpcie_config_msi: func=4 subfunc=2 addr=fee04000 data=00000020?
[    3.109288] baikal_pcie 0000:00:14.4: bpcie_msi_write_msg(fee05000, 00000020) mask=0x0 irq=14 hwirq=0x4 (____ptrval____)?
[    3.110266] baikal_pcie 0000:00:14.4: bpcie_config_msi: func=4 subfunc=4 addr=fee05000 data=00000020?
[    3.110266] baikal_pcie 0000:00:14.4: bpcie_msi_write_msg(fee05000, 00000020) mask=0x0 irq=14 hwirq=0x4 (____ptrval____)?
[    3.110266] baikal_pcie 0000:00:14.4: bpcie_config_msi: func=4 subfunc=4 addr=fee05000 data=00000020?
[    3.150087] baikal_pcie 0000:00:14.4: bpcie_msi_write_msg(fee06000, 00000020) mask=0x0 irq=15 hwirq=0x5 (____ptrval____)?
[    3.151063] baikal_pcie 0000:00:14.4: bpcie_config_msi: func=4 subfunc=5 addr=fee06000 data=00000020?
[    3.151063] baikal_pcie 0000:00:14.4: bpcie_msi_write_msg(fee06000, 00000020) mask=0x0 irq=15 hwirq=0x5 (____ptrval____)?
[    3.151063] baikal_pcie 0000:00:14.4: bpcie_config_msi: func=4 subfunc=5 addr=fee06000 data=00000020?
[    3.190875] baikal_pcie 0000:00:14.4: bpcie_msi_write_msg(fee07000, 00000020) mask=0x0 irq=16 hwirq=0x6 (____ptrval____)?
[    3.191858] baikal_pcie 0000:00:14.4: bpcie_config_msi: func=4 subfunc=6 addr=fee07000 data=00000020?
[    3.191858] baikal_pcie 0000:00:14.4: bpcie_msi_write_msg(fee07000, 00000020) mask=0x0 irq=16 hwirq=0x6 (____ptrval____)?
[    3.191858] baikal_pcie 0000:00:14.4: bpcie_config_msi: func=4 subfunc=6 addr=fee07000 data=00000020?
[    3.231668] baikal_pcie 0000:00:14.4: bpcie_msi_write_msg(fee00000, 00000021) mask=0x0 irq=17 hwirq=0x7 (____ptrval____)?
[    3.232648] baikal_pcie 0000:00:14.4: bpcie_config_msi: func=4 subfunc=7 addr=fee00000 data=00000021?
[    3.232648] baikal_pcie 0000:00:14.4: bpcie_msi_write_msg(fee00000, 00000021) mask=0x0 irq=17 hwirq=0x7 (____ptrval____)?
[    3.232648] baikal_pcie 0000:00:14.4: bpcie_config_msi: func=4 subfunc=7 addr=fee00000 data=00000021?
[    3.272460] baikal_pcie 0000:00:14.4: bpcie_msi_write_msg(fee01000, 00000021) mask=0x0 irq=18 hwirq=0x8 (____ptrval____)?
[    3.273443] baikal_pcie 0000:00:14.4: bpcie_config_msi: func=4 subfunc=8 addr=fee01000 data=00000021?
[    3.273443] baikal_pcie 0000:00:14.4: bpcie_msi_write_msg(fee01000, 00000021) mask=0x0 irq=18 hwirq=0x8 (____ptrval____)?
[    3.273443] baikal_pcie 0000:00:14.4: bpcie_config_msi: func=4 subfunc=8 addr=fee01000 data=00000021?
[    3.313254] baikal_pcie 0000:00:14.4: bpcie_msi_write_msg(fee02000, 00000021) mask=0x0 irq=19 hwirq=0x9 (____ptrval____)?
[    3.314233] baikal_pcie 0000:00:14.4: bpcie_config_msi: func=4 subfunc=9 addr=fee02000 data=00000021?
[    3.314233] baikal_pcie 0000:00:14.4: bpcie_msi_write_msg(fee02000, 00000021) mask=0x0 irq=19 hwirq=0x9 (____ptrval____)?
[    3.314233] baikal_pcie 0000:00:14.4: bpcie_config_msi: func=4 subfunc=9 addr=fee02000 data=00000021?
[    3.354060] baikal_pcie 0000:00:14.4: bpcie_msi_write_msg(fee03000, 00000021) mask=0x0 irq=20 hwirq=0xa (____ptrval____)?
[    3.355030] baikal_pcie 0000:00:14.4: bpcie_config_msi: func=4 subfunc=10 addr=fee03000 data=00000021?
[    3.355030] baikal_pcie 0000:00:14.4: bpcie_msi_write_msg(fee03000, 00000021) mask=0x0 irq=20 hwirq=0xa (____ptrval____)?
[    3.355030] baikal_pcie 0000:00:14.4: bpcie_config_msi: func=4 subfunc=10 addr=fee03000 data=00000021?
[    3.395036] baikal_pcie 0000:00:14.4: bpcie_msi_write_msg(fee04000, 00000021) mask=0x0 irq=21 hwirq=0xb (____ptrval____)?
[    3.396013] baikal_pcie 0000:00:14.4: bpcie_config_msi: func=4 subfunc=11 addr=fee04000 data=00000021?
[    3.396013] baikal_pcie 0000:00:14.4: bpcie_msi_write_msg(fee04000, 00000021) mask=0x0 irq=21 hwirq=0xb (____ptrval____)?
[    3.396013] baikal_pcie 0000:00:14.4: bpcie_config_msi: func=4 subfunc=11 addr=fee04000 data=00000021?
[    3.436005] baikal_pcie 0000:00:14.4: bpcie_msi_write_msg(fee05000, 00000021) mask=0x0 irq=22 hwirq=0xc (____ptrval____)?
[    3.436987] baikal_pcie 0000:00:14.4: bpcie_config_msi: func=4 subfunc=12 addr=fee05000 data=00000021?
[    3.436987] baikal_pcie 0000:00:14.4: bpcie_msi_write_msg(fee05000, 00000021) mask=0x0 irq=22 hwirq=0xc (____ptrval____)?
[    3.436987] baikal_pcie 0000:00:14.4: bpcie_config_msi: func=4 subfunc=12 addr=fee05000 data=00000021?
[    3.476988] baikal_pcie 0000:00:14.4: bpcie_msi_write_msg(fee06000, 00000021) mask=0x0 irq=23 hwirq=0xd (____ptrval____)?
[    3.477955] baikal_pcie 0000:00:14.4: bpcie_config_msi: func=4 subfunc=13 addr=fee06000 data=00000021?
[    3.477955] baikal_pcie 0000:00:14.4: bpcie_msi_write_msg(fee06000, 00000021) mask=0x0 irq=23 hwirq=0xd (____ptrval____)?
[    3.477955] baikal_pcie 0000:00:14.4: bpcie_config_msi: func=4 subfunc=13 addr=fee06000 data=00000021?
[    3.517959] baikal_pcie 0000:00:14.4: bpcie_msi_write_msg(fee07000, 00000021) mask=0x0 irq=24 hwirq=0xe (____ptrval____)?
[    3.518941] baikal_pcie 0000:00:14.4: bpcie_config_msi: func=4 subfunc=14 addr=fee07000 data=00000021?
[    3.518941] baikal_pcie 0000:00:14.4: bpcie_msi_write_msg(fee07000, 00000021) mask=0x0 irq=24 hwirq=0xe (____ptrval____)?
[    3.518941] baikal_pcie 0000:00:14.4: bpcie_config_msi: func=4 subfunc=14 addr=fee07000 data=00000021?
[    3.558927] baikal_pcie 0000:00:14.4: bpcie_msi_write_msg(fee00000, 00000022) mask=0x0 irq=25 hwirq=0xf (____ptrval____)?
[    3.559910] baikal_pcie 0000:00:14.4: bpcie_config_msi: func=4 subfunc=15 addr=fee00000 data=00000022?
[    3.559910] baikal_pcie 0000:00:14.4: bpcie_msi_write_msg(fee00000, 00000022) mask=0x0 irq=25 hwirq=0xf (____ptrval____)?
[    3.559910] baikal_pcie 0000:00:14.4: bpcie_config_msi: func=4 subfunc=15 addr=fee00000 data=00000022?
[    3.599894] baikal_pcie 0000:00:14.4: bpcie_msi_write_msg(fee01000, 00000022) mask=0x0 irq=26 hwirq=0x10 (____ptrval____)?
[    3.600877] baikal_pcie 0000:00:14.4: bpcie_config_msi: func=4 subfunc=16 addr=fee01000 data=00000022?
[    3.600877] baikal_pcie 0000:00:14.4: bpcie_msi_write_msg(fee01000, 00000022) mask=0x0 irq=26 hwirq=0x10 (____ptrval____)?
[    3.600877] baikal_pcie 0000:00:14.4: bpcie_config_msi: func=4 subfunc=16 addr=fee01000 data=00000022?
[    3.641043] baikal_pcie 0000:00:14.4: bpcie_msi_write_msg(fee02000, 00000022) mask=0x0 irq=27 hwirq=0x11 (____ptrval____)?
[    3.642023] baikal_pcie 0000:00:14.4: bpcie_config_msi: func=4 subfunc=17 addr=fee02000 data=00000022?
[    3.642023] baikal_pcie 0000:00:14.4: bpcie_msi_write_msg(fee02000, 00000022) mask=0x0 irq=27 hwirq=0x11 (____ptrval____)?
[    3.642023] baikal_pcie 0000:00:14.4: bpcie_config_msi: func=4 subfunc=17 addr=fee02000 data=00000022?
[    3.682193] baikal_pcie 0000:00:14.4: bpcie_msi_write_msg(fee03000, 00000022) mask=0x0 irq=28 hwirq=0x12 (____ptrval____)?
[    3.683173] baikal_pcie 0000:00:14.4: bpcie_config_msi: func=4 subfunc=18 addr=fee03000 data=00000022?
[    3.683173] baikal_pcie 0000:00:14.4: bpcie_msi_write_msg(fee03000, 00000022) mask=0x0 irq=28 hwirq=0x12 (____ptrval____)?
[    3.683173] baikal_pcie 0000:00:14.4: bpcie_config_msi: func=4 subfunc=18 addr=fee03000 data=00000022?
[    3.723344] baikal_pcie 0000:00:14.4: bpcie_msi_write_msg(fee04000, 00000022) mask=0x0 irq=29 hwirq=0x13 (____ptrval____)?
[    3.724325] baikal_pcie 0000:00:14.4: bpcie_config_msi: func=4 subfunc=19 addr=fee04000 data=00000022?
[    3.724325] baikal_pcie 0000:00:14.4: bpcie_msi_write_msg(fee04000, 00000022) mask=0x0 irq=29 hwirq=0x13 (____ptrval____)?
[    3.724325] baikal_pcie 0000:00:14.4: bpcie_config_msi: func=4 subfunc=19 addr=fee04000 data=00000022?
[    3.764490] baikal_pcie 0000:00:14.4: bpcie_msi_write_msg(fee05000, 00000022) mask=0x0 irq=30 hwirq=0x14 (____ptrval____)?
[    3.765474] baikal_pcie 0000:00:14.4: bpcie_config_msi: func=4 subfunc=20 addr=fee05000 data=00000022?
[    3.765474] baikal_pcie 0000:00:14.4: bpcie_msi_write_msg(fee05000, 00000022) mask=0x0 irq=30 hwirq=0x14 (____ptrval____)?
[    3.765474] baikal_pcie 0000:00:14.4: bpcie_config_msi: func=4 subfunc=20 addr=fee05000 data=00000022?
[    3.805635] baikal_pcie 0000:00:14.4: bpcie_msi_write_msg(fee06000, 00000022) mask=0x0 irq=31 hwirq=0x15 (____ptrval____)?
[    3.806616] baikal_pcie 0000:00:14.4: bpcie_config_msi: func=4 subfunc=21 addr=fee06000 data=00000022?
[    3.806616] baikal_pcie 0000:00:14.4: bpcie_msi_write_msg(fee06000, 00000022) mask=0x0 irq=31 hwirq=0x15 (____ptrval____)?
[    3.806616] baikal_pcie 0000:00:14.4: bpcie_config_msi: func=4 subfunc=21 addr=fee06000 data=00000022?
[    3.846780] baikal_pcie 0000:00:14.4: bpcie_msi_write_msg(fee07000, 00000022) mask=0x0 irq=32 hwirq=0x16 (____ptrval____)?
[    3.847764] baikal_pcie 0000:00:14.4: bpcie_config_msi: func=4 subfunc=22 addr=fee07000 data=00000022?
[    3.847764] baikal_pcie 0000:00:14.4: bpcie_msi_write_msg(fee07000, 00000022) mask=0x0 irq=32 hwirq=0x16 (____ptrval____)?
[    3.847764] baikal_pcie 0000:00:14.4: bpcie_config_msi: func=4 subfunc=22 addr=fee07000 data=00000022?
[    3.887934] baikal_pcie 0000:00:14.4: bpcie_msi_write_msg(fee00000, 00000023) mask=0x0 irq=33 hwirq=0x17 (____ptrval____)?
[    3.888908] baikal_pcie 0000:00:14.4: bpcie_config_msi: func=4 subfunc=23 addr=fee00000 data=00000023?
[    3.888908] baikal_pcie 0000:00:14.4: bpcie_msi_write_msg(fee00000, 00000023) mask=0x0 irq=33 hwirq=0x17 (____ptrval____)?
[    3.888908] baikal_pcie 0000:00:14.4: bpcie_config_msi: func=4 subfunc=23 addr=fee00000 data=00000023?
[    3.929081] baikal_pcie 0000:00:14.4: bpcie_msi_write_msg(fee01000, 00000023) mask=0x0 irq=34 hwirq=0x18 (____ptrval____)?
[    3.930062] baikal_pcie 0000:00:14.4: bpcie_config_msi: func=4 subfunc=24 addr=fee01000 data=00000023?
[    3.930062] baikal_pcie 0000:00:14.4: bpcie_msi_write_msg(fee01000, 00000023) mask=0x0 irq=34 hwirq=0x18 (____ptrval____)?
[    3.930062] baikal_pcie 0000:00:14.4: bpcie_config_msi: func=4 subfunc=24 addr=fee01000 data=00000023?
[    3.970230] baikal_pcie 0000:00:14.4: bpcie_msi_write_msg(fee02000, 00000023) mask=0x0 irq=35 hwirq=0x19 (____ptrval____)?
[    3.971209] baikal_pcie 0000:00:14.4: bpcie_config_msi: func=4 subfunc=25 addr=fee02000 data=00000023?
[    3.971209] baikal_pcie 0000:00:14.4: bpcie_msi_write_msg(fee02000, 00000023) mask=0x0 irq=35 hwirq=0x19 (____ptrval____)?
[    3.971209] baikal_pcie 0000:00:14.4: bpcie_config_msi: func=4 subfunc=25 addr=fee02000 data=00000023?
[    4.011377] baikal_pcie 0000:00:14.4: bpcie_msi_write_msg(fee03000, 00000023) mask=0x0 irq=36 hwirq=0x1a (____ptrval____)?
[    4.012358] baikal_pcie 0000:00:14.4: bpcie_config_msi: func=4 subfunc=26 addr=fee03000 data=00000023?
[    4.012358] baikal_pcie 0000:00:14.4: bpcie_msi_write_msg(fee03000, 00000023) mask=0x0 irq=36 hwirq=0x1a (____ptrval____)?
[    4.012358] baikal_pcie 0000:00:14.4: bpcie_config_msi: func=4 subfunc=26 addr=fee03000 data=00000023?
[    4.052523] baikal_pcie 0000:00:14.4: bpcie_msi_write_msg(fee04000, 00000023) mask=0x0 irq=37 hwirq=0x1b (____ptrval____)?
[    4.053504] baikal_pcie 0000:00:14.4: bpcie_config_msi: func=4 subfunc=27 addr=fee04000 data=00000023?
[    4.053504] baikal_pcie 0000:00:14.4: bpcie_msi_write_msg(fee04000, 00000023) mask=0x0 irq=37 hwirq=0x1b (____ptrval____)?
[    4.053504] baikal_pcie 0000:00:14.4: bpcie_config_msi: func=4 subfunc=27 addr=fee04000 data=00000023?
[    4.093672] baikal_pcie 0000:00:14.4: bpcie_msi_write_msg(fee05000, 00000023) mask=0x0 irq=38 hwirq=0x1c (____ptrval____)?
[    4.094653] baikal_pcie 0000:00:14.4: bpcie_config_msi: func=4 subfunc=28 addr=fee05000 data=00000023?
[    4.094653] baikal_pcie 0000:00:14.4: bpcie_msi_write_msg(fee05000, 00000023) mask=0x0 irq=38 hwirq=0x1c (____ptrval____)?
[    4.094653] baikal_pcie 0000:00:14.4: bpcie_config_msi: func=4 subfunc=28 addr=fee05000 data=00000023?
[    4.134820] baikal_pcie 0000:00:14.4: bpcie_msi_write_msg(fee06000, 00000023) mask=0x0 irq=39 hwirq=0x1d (____ptrval____)?
[    4.135803] baikal_pcie 0000:00:14.4: bpcie_config_msi: func=4 subfunc=29 addr=fee06000 data=00000023?
[    4.135803] baikal_pcie 0000:00:14.4: bpcie_msi_write_msg(fee06000, 00000023) mask=0x0 irq=39 hwirq=0x1d (____ptrval____)?
[    4.135803] baikal_pcie 0000:00:14.4: bpcie_config_msi: func=4 subfunc=29 addr=fee06000 data=00000023?
[    4.175963] baikal_pcie 0000:00:14.4: bpcie_msi_write_msg(fee07000, 00000023) mask=0x0 irq=40 hwirq=0x1e (____ptrval____)?
[    4.176947] baikal_pcie 0000:00:14.4: bpcie_config_msi: func=4 subfunc=30 addr=fee07000 data=00000023?
[    4.176947] baikal_pcie 0000:00:14.4: bpcie_msi_write_msg(fee07000, 00000023) mask=0x0 irq=40 hwirq=0x1e (____ptrval____)?
[    4.176947] baikal_pcie 0000:00:14.4: bpcie_config_msi: func=4 subfunc=30 addr=fee07000 data=00000023?
[    4.217110] baikal_pcie 0000:00:14.4: bpcie_msi_write_msg(fee00000, 00000024) mask=0x0 irq=41 hwirq=0x1f (____ptrval____)?
[    4.218091] baikal_pcie 0000:00:14.4: bpcie_config_msi: func=4 subfunc=31 addr=fee00000 data=00000024?
[    4.218091] baikal_pcie 0000:00:14.4: bpcie_msi_write_msg(fee00000, 00000024) mask=0x0 irq=41 hwirq=0x1f (____ptrval____)?
[    4.218091] baikal_pcie 0000:00:14.4: bpcie_config_msi: func=4 subfunc=31 addr=fee00000 data=00000024?
[    4.258263] bpcie_icc_init: shotgun-registered ICC at 32 additional virqs (0..63)?
[    4.265898] baikal_pcie 0000:00:14.4: icc init-diag: ICC virq=13 STATUS=0x0 IRQ_MASK=0x3 DOORBELL_off=0x108004 STATUS_off=0x108014?
[    4.277926] i2c i2c-0: adapter [icc] registered?
[    4.282670] icc_interrupt: irq=35 entry status=0x2?
[    4.309137] icc_interrupt: irq=35 entry status=0x1?
[    4.314051] Turn ON BT/WLAN: ret=20, reply 00 00 00 00?
[    4.314202] icc_interrupt: irq=35 entry status=0x2?
[    4.324342] usb0 status: ret=20, reply 00 00 01 00?
[    4.324347] USB is already turned ON!?
[    4.329306] input: Power Button as /devices/pci0000:00/0000:00:14.4/input/input0?
[    4.340699] icc_interrupt: irq=35 entry status=0x2?
[    4.354141] icc_interrupt: irq=35 entry status=0x1?
[    4.359077] icc: not ready?
[    4.361839] baikal_pcie 0000:00:14.4: icc_pwrbutton_init: Failed to enable reset notifications (-11)?
[    4.371266] icc_interrupt: irq=35 entry status=0x2?
[    4.389143] icc_interrupt: irq=35 entry status=0x1?
[    4.394075] ret=46, reply 00 00 03 00 00 00 15 00?
[    4.399010] icc_interrupt: irq=35 entry status=0x2?
[    4.404139] icc_interrupt: irq=35 entry status=0x1?
[    4.409054] ret=20, reply 00 00 01 02 10 00 00 00?
[    4.414002] icc_interrupt: irq=35 entry status=0x2?
[    4.419911] ret=20, reply 00 00 00 00 00 00 00 00?
[    4.424822] wireguard: WireGuard 1.0.0 loaded. See www.wireguard.com for information.?
[    4.432808] wireguard: Copyright (C) 2015-2019 Jason A. Donenfeld <Jason@zx2c4.com>. All Rights Reserved.?
[    4.443049] sky2: driver version 1.30?
[    4.446882] ps4_mts 0000:00:14.1: Baikal MTS: BAR0=[mem 0xc2000000-0xc2000fff 64bit], mapped at (____ptrval____)?
[    4.457276] ps4_mts 0000:00:14.1: DMA rings: TX=0x000000000103e000 RX=0x000000000103f000 (each 4096 bytes, zeroed)?
[    4.467858] bpcie_init_dev_msi_info: dev=0000:00:14.1 installed bpcie demuxer (sc=(____ptrval____))?
[    4.477125] bpcie_msi_init: virq=1 hwirq=0x0 domain=(____ptrval____) info=(____ptrval____) sc=(____ptrval____)?
[    4.487332] bpcie_msi_init: registered virq=1 irq_map[32]?
[    4.492845] ps4_mts 0000:00:14.1: bpcie_msi_write_msg(fee00000, 000000ef) mask=0x0 irq=1 hwirq=0x0 (____ptrval____)?
[    4.503499] baikal_pcie 0000:00:14.4: bpcie_config_msi: func=1 subfunc=0 addr=fee00000 data=000000ef?
[    4.512841] ps4_mts 0000:00:14.1: bpcie_msi_write_msg(fee01000, 00000024) mask=0x0 irq=1 hwirq=0x0 (____ptrval____)?
[    4.513805] baikal_pcie 0000:00:14.4: bpcie_config_msi: func=1 subfunc=0 addr=fee01000 data=00000024?
[    4.513805] ps4_mts 0000:00:14.1: bpcie_msi_write_msg(fee01000, 00000024) mask=0x0 irq=1 hwirq=0x0 (____ptrval____)?
[    4.513805] baikal_pcie 0000:00:14.4: bpcie_config_msi: func=1 subfunc=0 addr=fee01000 data=00000024?
[    4.552783] ps4_mts 0000:00:14.1: registered ISR on IRQ 1 (MSI)?
[    5.074057] ps4_mts 0000:00:14.1: PHY PLL: MMD 0x1f reg 0x403 read 0x1000 (bit 5 PLL_OFF=0)?
[    5.074256] ps4_mts 0000:00:14.1: ISR: NEW pattern slot[0] = 0x00040000 (total=1)?
[    5.082633] ps4_mts 0000:00:14.1: PHY PLL: wrote MMD 0x1f reg 0x403 <- 0x1050 (PLL on, bypass mode)?
[    5.099497] ps4_mts 0000:00:14.1: PHY PLL: readback MMD 0x1f reg 0x403 = 0x1050?
[    5.107167] ps4_mts 0000:00:14.1: v87 tail: MMD 0x1e reg 0x330 0x0000 -> 0x0000 (cleared bit 12)?
[    5.116185] ps4_mts 0000:00:14.1: v87 tail: ANAR 0x01e1 -> 0x01e1 (mask 0xf3ff)?
[    5.123735] ps4_mts 0000:00:14.1: v88(a): near-echo MMD0x1e r0xa6: 0x0000 -> 0x0300?
[    5.131625] ps4_mts 0000:00:14.1: v88(b): RX ADC bias MMD0x1e r0xc6: 0x53aa -> 0x53aa?
[    5.139707] ps4_mts 0000:00:14.1: v88(c): 100M MSE MMD0x1e r0x123 = 0xffff?
[    5.146816] ps4_mts 0000:00:14.1: v88(d): SlvDPSready TR read = 0x00060671 (current SlvDPSready=0x0c)?
[    5.156298] ps4_mts 0000:00:14.1: v88(d): SlvDPSready TR write = 0x002f0671 (SlvDPSready=0x5e)?
[    5.165202] ps4_mts 0000:00:14.1: v88(e): EN_DOWNSHIFT page1 reg0x14: 0x3a45 -> 0x3a55?
[    5.173346] ps4_mts 0000:00:14.1: v88(f): 1000BT_CTRL reg9: 0x0200 -> 0x0000 (no 1000BT advertise)?
[    5.182572] ps4_mts 0000:00:14.1: v89(g): TX_DELAY r0x13: 0x0044 -> 0x0444 (PAIR_B=4 PAIR_D=4)?
[    5.191451] ps4_mts 0000:00:14.1: v89(g): TX_DELAY r0x14: 0x0044 -> 0x0444 (PAIR_B=4 PAIR_D=4)?
[    5.200317] ps4_mts 0000:00:14.1: v92(h): TXEN_DIG MMD0x1e r0x144 0x0220 -> 0x0200 (was bit5=1, now 0)?
[    5.209869] ps4_mts 0000:00:14.1: v88 final: BMCR 0x1040 -> 0x1240 (AN restart after DSP corrections)?
[    5.219311] ps4_mts 0000:00:14.1: engines started: BAR+0x34=0x00000001 BAR+0x38=0x00000008?
[    5.228787] ps4_mts 0000:00:14.1: v91(a): status unit OP_ON: BAR+0xe80=0x00000000 BAR+0x04=0x00000b18?
[    5.238406] ps4_mts 0000:00:14.1: v91(b) MMD1 PMA: r0=0x0000[LB=0 PD=0] r1=0x0000 r4=0x0000 r5=0x0000?
[    5.247841] ps4_mts 0000:00:14.1: v91(b) MMD7 AN:  r0=0x0000 r1=0x0000?
[    5.254516] ps4_mts 0000:00:14.1: SMI sweep:?
[    5.258898] ps4_mts 0000:00:14.1:   reg  0 = 0x1040?
[    5.263907] ps4_mts 0000:00:14.1:   reg  1 = 0x7949?
[    5.268906] ps4_mts 0000:00:14.1:   reg  2 = 0x03a2?
[    5.273907] ps4_mts 0000:00:14.1:   reg  3 = 0x9441?
[    5.278904] ps4_mts 0000:00:14.1:   reg  4 = 0x01e1?
[    5.283903] ps4_mts 0000:00:14.1:   reg  5 = 0xcde1?
[    5.288904] ps4_mts 0000:00:14.1:   reg  6 = 0x0006?
[    5.293903] ps4_mts 0000:00:14.1:   reg  7 = 0x2001?
[    5.298914] ps4_mts 0000:00:14.1:   reg  8 = 0x4006?
[    5.303912] ps4_mts 0000:00:14.1:   reg  9 = 0x0000?
[    5.308911] ps4_mts 0000:00:14.1:   reg 10 = 0x4017?
[    5.313911] ps4_mts 0000:00:14.1:   reg 11 = 0x0000?
[    5.318909] ps4_mts 0000:00:14.1:   reg 12 = 0x0000?
[    5.323909] ps4_mts 0000:00:14.1:   reg 13 = 0x0000?
[    5.328920] ps4_mts 0000:00:14.1:   reg 14 = 0x0000?
[    5.333929] ps4_mts 0000:00:14.1:   reg 15 = 0x2000?
[    5.338927] ps4_mts 0000:00:14.1:   reg 16 = 0x0000?
[    5.343937] ps4_mts 0000:00:14.1:   reg 17 = 0x6200?
[    5.348936] ps4_mts 0000:00:14.1:   reg 18 = 0x0048?
[    5.353937] ps4_mts 0000:00:14.1:   reg 19 = 0x0000?
[    5.358946] ps4_mts 0000:00:14.1:   reg 20 = 0x0001?
[    5.363944] ps4_mts 0000:00:14.1:   reg 21 = 0x0002?
[    5.368943] ps4_mts 0000:00:14.1:   reg 22 = 0x3040?
[    5.373944] ps4_mts 0000:00:14.1:   reg 23 = 0x00a0?
[    5.378943] ps4_mts 0000:00:14.1:   reg 24 = 0x0004?
[    5.383942] ps4_mts 0000:00:14.1:   reg 25 = 0x0000?
[    5.388952] ps4_mts 0000:00:14.1:   reg 26 = 0x2589?
[    5.393951] ps4_mts 0000:00:14.1:   reg 27 = 0x0000?
[    5.398949] ps4_mts 0000:00:14.1:   reg 28 = 0x8000?
[    5.403961] ps4_mts 0000:00:14.1:   reg 29 = 0x0000?
[    5.408970] ps4_mts 0000:00:14.1:   reg 30 = 0x0000?
[    5.413980] ps4_mts 0000:00:14.1:   reg 31 = 0x0000?
[    5.418995] ps4_mts 0000:00:14.1: PHY ID1=0x03a2 ID2=0x9441?
[    5.424889] ps4_mts 0000:00:14.1: phy_ctrl: linkreg changed 0xffffffff -> 0x00000b18?
[    5.425162] ps4_mts 0000:00:14.1: v93: netdev mts0 registered (MAC 62:4d:f6:16:26:20)?
[    5.432863] ps4_mts 0000:00:14.1: phy_ctrl: BMSR latch=0x7949 current=0x7949 (link@phy=0 AN@phy=0)?
[    5.441366] xhci_aeolia 0000:00:14.7: bpcie_assign_irqs(3)?
[    5.450002] ps4_mts 0000:00:14.1: phy_ctrl: LP ABILITY (reg5)=0x0000 (RF=0 ACK=0 100TX_FD=0 100TX=0 10T_FD=0 10T=0)?
[    5.455607] bpcie_init_dev_msi_info: dev=0000:00:14.7 installed bpcie demuxer (sc=(____ptrval____))?
[    5.466274] ps4_mts 0000:00:14.1: phy_ctrl: 1000BT_STAT (reg10)=0x4000 (MS_FAULT=0 MS_CFG=1 L_RX_OK=0 R_RX_OK=0 LP_FD=0 LP_HD=0)?
[    5.475588] bpcie_msi_init: virq=2 hwirq=0x0 domain=(____ptrval____) info=(____ptrval____) sc=(____ptrval____)?
[    5.487413] ps4_mts 0000:00:14.1: phy_ctrl: AN restart (iter=0, BMCR<-0x1200, reason=first)?
[    5.497582] bpcie_msi_init: registered virq=2 irq_map[33]?
[    5.511644] xhci_aeolia 0000:00:14.7: bpcie_msi_write_msg(fee00000, 000000ef) mask=0x0 irq=2 hwirq=0x0 (____ptrval____)?
[    5.522688] baikal_pcie 0000:00:14.4: bpcie_config_msi: func=7 subfunc=0 addr=fee00000 data=000000ef?
[    5.532060] xhci_aeolia 0000:00:14.7: bpcie_assign_irqs returning 1?
[    5.538473] xhci_aeolia 0000:00:14.7: version 3.0?
[    5.543308] xhci_aeolia 0000:00:14.7: Belize SATA PHY init?
[    6.450213] ps4_mts 0000:00:14.1: link DOWN (linkreg=0x00000b18, BMSR=0x7949)?
[    6.548951] xhci_aeolia 0000:00:14.7: PHY SET GEN3?
[    6.553849] xhci_aeolia 0000:00:14.7: Belize SATA PHY Trace length : 6?
[    7.560614] xhci_aeolia 0000:00:14.7: Align 90=0x00?
[    7.565765] xhci_aeolia 0000:00:14.7: AHCI vers 0001.0300, 32 command slots, 6 Gbps, ATA mode?
[    7.574532] xhci_aeolia 0000:00:14.7: 1/1 ports implemented (port mask 0x1)?
[    7.581655] xhci_aeolia 0000:00:14.7: flags: ncq sntf pm clo only pmp pio slum part ccc apst ?
[    7.590452] xhci_aeolia 0000:00:14.7: bpcie_msi_write_msg(fee02000, 00000024) mask=0x0 irq=2 hwirq=0x0 (____ptrval____)?
[    7.591383] baikal_pcie 0000:00:14.4: bpcie_config_msi: func=7 subfunc=0 addr=fee02000 data=00000024?
[    7.591383] xhci_aeolia 0000:00:14.7: bpcie_msi_write_msg(fee02000, 00000024) mask=0x0 irq=2 hwirq=0x0 (____ptrval____)?
[    7.591383] baikal_pcie 0000:00:14.4: bpcie_config_msi: func=7 subfunc=0 addr=fee02000 data=00000024?
[    7.631741] scsi host0: ahci?
[    7.634809] ata1: SATA max UDMA/133 abar m65536@0xce800000 port 0xce800100 irq 2 lpm-pol 0?
[    7.694307] xhci_aeolia_probe_one 0, controller is 90de?
[    7.699748] xhci_aeolia 0000:00:14.7: xHCI Host Controller?
[    7.705382] xhci_aeolia 0000:00:14.7: new USB bus registered, assigned bus number 1?
[    7.713343] xhci_aeolia 0000:00:14.7: hcc params 0x0228f66c hci version 0x100 quirks 0x0004000000010010?
[    7.722973] xhci_aeolia 0000:00:14.7: irq 2, io mem 0xce000000?
[    7.729071] xhci_aeolia 0000:00:14.7: xHCI Host Controller?
[    7.734698] xhci_aeolia 0000:00:14.7: new USB bus registered, assigned bus number 2?
[    7.763312] xhci_aeolia 0000:00:14.7: Host supports USB 3.0 SuperSpeed?
[    7.770165] usb usb1: New USB device found, idVendor=1d6b, idProduct=0002, bcdDevice= 6.15?
[    7.778621] usb usb1: New USB device strings: Mfr=3, Product=2, SerialNumber=1?
[    7.786012] usb usb1: Product: xHCI Host Controller?
[    7.791000] usb usb1: Manufacturer: Linux 6.15.4-Baikal_TESTING_crashniels-dirty xhci-hcd?
[    7.799370] usb usb1: SerialNumber: 0000:00:14.7?
[    7.804448] hub 1-0:1.0: USB hub found?
[    7.808322] hub 1-0:1.0: 2 ports detected?
[    7.812667] usb usb2: We don't know the algorithms for LPM for this host, disabling LPM.?
[    7.821028] usb usb2: New USB device found, idVendor=1d6b, idProduct=0003, bcdDevice= 6.15?
[    7.829499] usb usb2: New USB device strings: Mfr=3, Product=2, SerialNumber=1?
[    7.836902] usb usb2: Product: xHCI Host Controller?
[    7.841893] usb usb2: Manufacturer: Linux 6.15.4-Baikal_TESTING_crashniels-dirty xhci-hcd?
[    7.850256] usb usb2: SerialNumber: 0000:00:14.7?
[    7.855290] hub 2-0:1.0: USB hub found?
[    7.859150] hub 2-0:1.0: 2 ports detected?
[    7.884310] xhci_aeolia_probe_one 2, controller is 90de?
[    7.889737] xhci_aeolia 0000:00:14.7: xHCI Host Controller?
[    7.895359] xhci_aeolia 0000:00:14.7: new USB bus registered, assigned bus number 3?
[    7.903320] xhci_aeolia 0000:00:14.7: hcc params 0x0220f06c hci version 0x100 quirks 0x0004000000010010?
[    7.912945] xhci_aeolia 0000:00:14.7: irq 2, io mem 0xcf000000?
[    7.918920] debugfs: Directory '0000:00:14.7' with parent 'xhci' already present!?
[    7.926606] xhci_aeolia 0000:00:14.7: xHCI Host Controller?
[    7.932230] xhci_aeolia 0000:00:14.7: new USB bus registered, assigned bus number 4?
[    7.960312] xhci_aeolia 0000:00:14.7: Host supports USB 3.0 SuperSpeed?
[    7.967345] usb usb3: New USB device found, idVendor=1d6b, idProduct=0002, bcdDevice= 6.15?
[    7.975821] usb usb3: New USB device strings: Mfr=3, Product=2, SerialNumber=1?
[    7.983218] usb usb3: Product: xHCI Host Controller?
[    7.988208] usb usb3: Manufacturer: Linux 6.15.4-Baikal_TESTING_crashniels-dirty xhci-hcd?
[    7.996578] usb usb3: SerialNumber: 0000:00:14.7?
[    8.001672] hub 3-0:1.0: USB hub found?
[    8.005570] hub 3-0:1.0: 1 port detected?
[    8.009785] usb usb4: We don't know the algorithms for LPM for this host, disabling LPM.?
[    8.018310] usb usb4: New USB device found, idVendor=1d6b, idProduct=0003, bcdDevice= 6.15?
[    8.026789] usb usb4: New USB device strings: Mfr=3, Product=2, SerialNumber=1?
[    8.034181] usb usb4: Product: xHCI Host Controller?
[    8.039172] usb usb4: Manufacturer: Linux 6.15.4-Baikal_TESTING_crashniels-dirty xhci-hcd?
[    8.047538] usb usb4: SerialNumber: 0000:00:14.7?
[    8.052526] hub 4-0:1.0: USB hub found?
[    8.056433] hub 4-0:1.0: 1 port detected?
[    8.079321] usb 1-1: new high-speed USB device number 2 using xhci_aeolia?
[    8.081474] usbcore: registered new interface driver uas?
[    8.091787] usbcore: registered new interface driver usb-storage?
[    8.097985] i8042: PNP: No PS/2 controller found.?
[    8.102994] mousedev: PS/2 mouse device common for all mice?
[    8.105274] ata1: SATA link up 3.0 Gbps (SStatus 123 SControl 300)?
[    8.108859] usbcore: registered new interface driver xpad?
[    8.120619] i2c_dev: i2c /dev entries driver?
[    8.125100] i2c_dev: adapter [icc] registered as minor 0?
[    8.130562] i2c-core: driver [i2c-slave-eeprom] registered?
[    8.136515] device-mapper: ioctl: 4.49.0-ioctl (2025-01-17) initialised: dm-devel@lists.linux.dev?
[    8.136798] ata1.00: FORCE: modified (disable)?
[    8.145875] amd_pstate: the _CPC object is not present in SBIOS or ACPI disabled?
[    8.150141] ata1.00: unsupported device, disabling?
[    8.150144] ata1.00: disable device?
[    8.158248] usb usb3-port1: over-current condition?
[    8.162594] sdhci: Secure Digital Host Controller Interface driver?
[    8.162597] sdhci: Copyright(c) Pierre Ossman?
[    8.162743] sdhci-pci 0000:00:14.3: SDHCI controller found [104d:90da] (rev 0)?
[    8.162827] hid: raw HID events driver (C) Jiri Kosina?
[    8.163063] usbcore: registered new interface driver usbhid?
[    8.163067] usbhid: USB HID core driver?
[    8.163741] snd_hda_intel 0000:00:01.1: can't derive routing for PCI INT B?
[    8.163750] snd_hda_intel 0000:00:01.1: PCI INT B: not connected?
[    8.164031] NET: Registered PF_INET6 protocol family?
[    8.164744] Segment Routing with IPv6?
[    8.164765] In-situ OAM (IOAM) with IPv6?
[    8.164808] NET: Registered PF_PACKET protocol family?
[    8.164891] Bluetooth: RFCOMM TTY layer initialized?
[    8.164897] Bluetooth: RFCOMM socket layer initialized?
[    8.164920] Bluetooth: RFCOMM ver 1.11?
[    8.164945] Bluetooth: BNEP (Ethernet Emulation) ver 1.3?
[    8.164948] Bluetooth: BNEP filters: protocol multicast?
[    8.164953] Bluetooth: BNEP socket layer initialized?
[    8.164955] Bluetooth: HIDP (Human Interface Emulation) ver 1.2?
[    8.164959] Bluetooth: HIDP socket layer initialized?
[    8.170179] input: HD-Audio Generic HDMI/DP,pcm=3 as /devices/pci0000:00/0000:00:01.1/sound/card0/input1?
[    8.171187] bpcie_init_dev_msi_info: dev=0000:00:14.3 installed bpcie demuxer (sc=(____ptrval____))?
[    8.177597] input: HD-Audio Generic HDMI/DP,pcm=7 as /devices/pci0000:00/0000:00:01.1/sound/card0/input2?
[    8.177917] microcode: Current revision: 0x0701a001?
[    8.181940] bpcie_msi_init: virq=4 hwirq=0x0 domain=(____ptrval____) info=(____ptrval____) sc=(____ptrval____)?
[    8.189542] IPI shorthand broadcast: enabled?
[    8.194515] bpcie_msi_init: registered virq=4 irq_map[34]?
[    8.209669] usb 1-1: New USB device found, idVendor=1a40, idProduct=0101, bcdDevice= 1.00?
[    8.210937] registered taskstats version 1?
[    8.210943] Loading compiled-in X.509 certificates?
[    8.211190] sdhci-pci 0000:00:14.3: bpcie_msi_write_msg(fee00000, 000000ef) mask=0x0 irq=4 hwirq=0x0 (____ptrval____)?
[    8.217345] usb 1-1: New USB device strings: Mfr=0, Product=1, SerialNumber=0?
[    8.217351] usb 1-1: Product: USB2.0 HUB?
[    8.217372] baikal_pcie 0000:00:14.4: bpcie_config_msi: func=3 subfunc=0 addr=fee00000 data=000000ef?
[    8.282346] hub 1-1:1.0: USB hub found?
[    8.286149] Demotion targets for Node 0: null?
[    8.286602] sdhci-pci 0000:00:14.3: bpcie_msi_write_msg(fee04000, 00000024) mask=0x0 irq=4 hwirq=0x0 (____ptrval____)?
[    8.286620] baikal_pcie 0000:00:14.4: bpcie_config_msi: func=3 subfunc=0 addr=fee04000 data=00000024?
[    8.286647] sdhci-pci 0000:00:14.3: bpcie_msi_write_msg(fee04000, 00000024) mask=0x0 irq=4 hwirq=0x0 (____ptrval____)?
[    8.286664] baikal_pcie 0000:00:14.4: bpcie_config_msi: func=3 subfunc=0 addr=fee04000 data=00000024?
[    8.295456] hub 1-1:1.0: 4 ports detected?
[    8.305184] mmc0: SDHCI controller on PCI [0000:00:14.3] using ADMA?
[    8.306175] Btrfs loaded, zoned=no, fsverity=no?
[    8.306710] amdgpu 0000:00:01.0: can't derive routing for PCI INT A?
[    8.306717] amdgpu 0000:00:01.0: PCI INT A: not connected?
[    8.306728] [drm] initializing kernel modesetting (LIVERPOOL 0x1002:0x9923 0x1002:0x9923 0x00).?
[    8.306761] [drm] register mmio base: 0xE4800000?
[    8.306764] [drm] register mmio size: 262144?
[    8.306935] amdgpu 0000:00:01.0: amdgpu: detected ip block number 0 <cik_common>?
[    8.306941] amdgpu 0000:00:01.0: amdgpu: detected ip block number 1 <gmc_v7_0>?
[    8.306945] amdgpu 0000:00:01.0: amdgpu: detected ip block number 2 <cik_ih>?
[    8.306949] amdgpu 0000:00:01.0: amdgpu: detected ip block number 3 <dce_v8_0>?
[    8.306953] amdgpu 0000:00:01.0: amdgpu: detected ip block number 4 <gfx_v7_0>?
[    8.306957] amdgpu 0000:00:01.0: amdgpu: detected ip block number 5 <cik_sdma>?
[    8.306960] amdgpu 0000:00:01.0: amdgpu: detected ip block number 6 <uvd_v4_2>?
[    8.306964] amdgpu 0000:00:01.0: amdgpu: detected ip block number 7 <vce_v2_0>?
[    8.321276] usb 2-2: new SuperSpeed USB device number 2 using xhci_aeolia?
[    8.357220] random: crng init done?
[    8.369289] usb usb4-port1: over-current condition?
[    8.371969] usb 2-2: New USB device found, idVendor=0951, idProduct=1666, bcdDevice= 1.10?
[    8.419258] amdgpu 0000:00:01.0: amdgpu: Fetched VBIOS from ROM BAR?
[    8.419429] usb 2-2: New USB device strings: Mfr=2, Product=3, SerialNumber=4?
[    8.428735] amdgpu: ATOM BIOS: 113-Starsha2-018?
[    8.428741] usb 2-2: Product: DataTraveler 3.0?
[    8.429141] [drm] ps4 uvd: skipping UVD entirely on Liverpool/Gladius (no SAMU auth -> no functional UVD; avoids fault storm)?
[    8.432848] usb 2-2: Manufacturer: Kingston?
[    8.432853] usb 2-2: SerialNumber: E0D55EA573F0194049CD0236?
[    8.432863] [drm:amdgpu_device_init.cold] *ERROR* early_init of IP block <uvd_v4_2> failed -19?
[    8.442093] mmc0: new UHS-I speed SDR104 SDIO card at address 0001?
[    8.443940] [drm] ps4 vce: skipping VCE entirely on Liverpool/Gladius?
[    8.452870] [wlan][11]halPollDbgCr:(INIT WARN) SWPCDBGR 0x00000000?
[    8.455892] [drm:amdgpu_device_init.cold] *ERROR* early_init of IP block <vce_v2_0> failed -19?
[    8.474085] usb-storage 2-2:1.0: USB Mass Storage device detected?
[    8.481483] amdgpu 0000:00:01.0: amdgpu: Fatal error during GPU init?
[    8.481531] amdgpu 0000:00:01.0: amdgpu: amdgpu: finishing device.?
[    8.489305] scsi host1: usb-storage 2-2:1.0?
[    8.496343] ahci 0000:00:14.2: version 3.0?
[    8.561291] ps4_mts 0000:00:14.1: phy_ctrl: BMSR latch=0x7969 current=0x7969 (link@phy=0 AN@phy=1)?
[    8.563239] ahci 0000:00:14.2: probe with driver ahci failed with error -12?
[    8.570530] ps4_mts 0000:00:14.1: phy_ctrl: LP ABILITY (reg5)=0xcde1 (RF=0 ACK=1 100TX_FD=1 100TX=1 10T_FD=1 10T=1)?
[    8.570624] ps4-power: reboot_notifier installed ??? ICC cmd 04/0004 on SYS_POWER_OFF?
[    8.575181] ps4_mts 0000:00:14.1: phy_ctrl: 1000BT_STAT (reg10)=0x0800 (MS_FAULT=0 MS_CFG=0 L_RX_OK=0 R_RX_OK=0 LP_FD=1 LP_HD=0)?
[    8.575219] printk: legacy console [netcon0] enabled?
[    8.579756] ps4_mts 0000:00:14.1: v94/v95: netif_carrier_on (PHY-level: BMSR=0x7969 LPA=0xcde1)?
[    8.591287] netconsole: network logging started?
[    8.692645] usb 1-1.1: new high-speed USB device number 3 using xhci_aeolia?
[    8.700770] cfg80211: Loading compiled-in X.509 certificates for regulatory database?
[    8.747425] Loaded X.509 cert 'sforshee: 00b28ddf47aef9cea7'?
[    8.753828] Loaded X.509 cert 'wens: 61c038651aabdcf94bd0ac7ff06c7248db18c600'?
[    8.761247] clk: Disabling unused clocks?
[    8.765355] platform regulatory.0: Direct firmware load for regulatory.db failed with error -2?
[    8.766342] ALSA device list:?
[    8.774205] cfg80211: failed to load regulatory.db?
[    8.777256]   #0: HD-Audio Generic at 0xe4840000 irq 3?
[    8.789103] Freeing unused kernel image (initmem) memory: 1624K?
