[SceLncService] launchApp(AZIF00003)?
[SceLncService] category={gde} VRMode={0,0}?
[SceLncService] hnm,psnf,pc,tk,ns={0,0,0,0,0} appBootMode={0}?
[SceLncService] appType={SCE_LNC_APP_TYPE_MINI_APP} [] appVer={0.98}?
[SceLncService] mem_mode = {NORMAL}?
[SceLncService] Num. of logged-in users is 1?
[SceLncService] PrepareProcessLaunchDirCheck()?
[SceLncService] PrepareProcessLaunchDirCheck() returned?
[SceSystemStateMgr] Power Mode Change: FULL_GAME?
[ScePatchChecker] (*) check (title_id='AZIF00003', app_version='0.98', check_option=0): status=0, trigger=1 userId=0xffffffff return 0x80412883?
[SceSystemStateMgr] CPU  HLT CP SE CU ACLK DCLK ECLK LCLK SCLK SAMCLK VCLK DispCLK NCLK MemCLK MemP GMC DPM VDD      VDDNB    SOC      ?
[SceSystemStateMgr] 1600   0 NA  0 18  800  673  609  800  800    711  711     673 1400   1375   NA  NA   3 05b/975  05d/956  00710fa0?
[SceLncService] PrepareProcessLaunchDir()?
[ScePatchChecker] check (title_id='AZIF00003', app_version='0.98', check_option=0): status=0, dl_status=0, trigger=1 userId=0xffffffff return 0x80412883?
[SceShellUI] I/PSM.UI : OnFocusActiveSceneChanged [ContentAreaScene : ContentAreaScene] -> [SplashScreen : SplashScreenScene]?
[SceShellUI] I/PSM.UI :      Scene [SplashScreen : SplashScreenScene] : Alive?
SetDeviceIndexBehavior: mode=MergeAllConnectedDevice, param=null?
[Theme/I] : ActiveUserChanged : From : [BLUE(userId = 1ab07dc7)]?
[Theme/I] : ActiveUserChanged : To   : [ANONYMOUS(userId = ffffffff)]?
[Theme/I] : Apply [ANONYMOUS] : [Option:101000]: with not preloaded user?
[BGFT] [571] GameStartBoot(AZIF00003, 7) start?
[BGFT] [573] GameStartBoot(AZIF00003, 7) end?
[PFS] mount [0x00006b132fd9dd89] finished 1 1 1 1 0 1 1?
[PFS] mount [0x00006b132fdbe713] finished 1 0 0 1 0 1 1?
[BGFT] [606] GameWillStart(AZIF00003, 7) start?
[BGFT] [608] GameWillStart(AZIF00003, 7) end?
[SceLncService] PrepareProcessLaunchDir() returned?
[SceLncService] spawnApp?
[Syscore App] createApp AZIF00003?
[Sy[score App]  ExpandCpuSetMode : disable?
[Syscore App] processSpawn(pid, 0x60000f0c, 0x10f0c130, appParam, processParam, 1, 1, 1, param, debug, 0)?
[Syscore App] appParam: appType = 0x1, rootPath = /mnt/sandbox/AZIF00003_000, titleId = AZIF00003?
[Syscore App] processParam: elfPath = /app0/eboot.bin, fullPath = /mnt/sandbox/pfsmnt/AZIF00003-app0-patch0-union/eboot.bin?
[Syscore App] new pid=0x46[Syscore App] attributeExe= 0?
[Syscore App] Ready to exec?
[Syscore App] wait for NOTE_EXIT|NOTE_EXEC?
KERNEL] dmem_start_app_process pid: 70, map=0xffff92302cdfc000, app_maps_count[1], 0 -> 1?
[Syscore App] Add event : pid=0xm46?
[AppMgr Trace]: New Process, pid=0x46, created.?
[AppMgr Trace]: New App, appId=0x60000f0c, created?
[Syscore App]  ExpandCpuSetMode : disable?
DBG: Process 70 untraced!?
<70> EXEC /app0/eb[VCS]checkFocusStatus() [LNC->VCS] Focus Change. appType = 4(MINI_APP). appId = 0x60000f0c.?
[AppDb] openDb()[1063]: [File:Open] openDb() call dbutil::Connection::Open() path[/bAwnZSjLUw/priv/mms/app.db] flags[0x10000002] result[0x0, 0]?
[AppDb] AppInfoDbInitializeDaemon()[54]: [File:Open] AppInfoDbInitializeDaemon() call DbAccessor::Init() path[/bAwnZSjLUw/priv/mms/app.db] result[0x0, 0].?
[UIProcess] malloc stats freeSize:38723200 (92%) inuseSize:3219840 peakSize:4078208 [pid:0x3a]?
[AppDb] AppInfoDbTerminateDaemon()[67]: [File:Close] AppInfoDbTerminateDaemon() call DbAccessor::Terminate().?
[AppDb] Terminate()[768]: [File:Close] DbAccessor::Terminate() call dbutil::Connection::Close().?
[SL] AppFocusChanged [NPXS20001] -> [AZIF00003]?
oot.bin [system], vm#0, dmem#0  <2215784 msec>?
[GoldHEN] <Plugins Loader> Started successfully?
[GoldHEN] <Plugins Loader> Config parser failed to parse config: /data/GoldHEN/plugins.ini?
(../game_patch/source/main.cpp:354) [GoldHEN] <game_patch\Ver.0x00000110> module_start?
(../game_patch/source/main.cpp:355) [GoldHEN] Plugin Author(s): illusion?
(../game_patch/source/main.cpp:356) Commit: caacf01174654235459d48ab9d0b9e00a588b300 Branch: main Build: 188 (Release)?
(../game_patch/source/main.cpp:356) Built: May 27 2023 @ 04:49:25?
(../game_patch/source/main.cpp:356) GoldHEN SDK Ver: 0x00000100?
(../game_patch/source/main.cpp:356) GoldHEN System SDK Ver: 0xffffffff?
(../game_patch/source/main.cpp:324) numModules: 5?
(../game_patch/source/main.cpp:328) ret 0x0?
(../game_patch/source/main.cpp:329) module 0?
(../game_patch/source/main.cpp:330) name: eboot.bin?
(../game_patch/source/main.cpp:331) start: 0x400000?
(../game_patch/source/main.cpp:332) size: 49152 (0xc000)?
(../game_patch/source/main.cpp:365) Module start: 0x400000 0xc000?
(../game_patch/source/main.cpp:371) process info?
(../game_patch/source/main.cpp:371) pid: 70?
(../game_patch/source/main.cpp:371) name: eboot.bin?
(../game_patch/source/main.c?pp:371) path: /app0/eboot.bin?
(../game_patch/source/main.cpp:371) titleid: AZIF00003?
(../game_patch/source/main.cpp:371) contentid: IV0000-AZIF00003_00-PAYLOADGUEST0000?
(../game_patch/source/main.cpp:371) version: 0.98?
(../game_patch/source/main.cpp:371) base_address: 0x400000?
(../game_patch/source/main.cpp:130) file /data/GoldHEN/patches/xml/AZIF00003.xml not found?
[32m[Info ] src/ChainLauncher.c:22: Loading "/app0/guest.elf"?[0m?
[SceLncService] tryLockSuspendBl[ock: appId={0x60000f0c}?
[Syscore App] Kill for LoadExec(0x46)?
KERNEL] dmem_handle_vmspace_exited pid: 70, ptype=1, 0xffff92302cdfc000->pt_loaded is TRUE?
[KERNEL] dmem_handle_vmspace_exited map #0 0xffffffffffffffff?
[KERNEL] dmem_handle_vmspace_exited pid: 70, app_maps_count[1], 1 -> 0?
[Syscore App] EVFILT_PROC NOTE_EXIT received : pid=0x46?
[Syscore App] Kill for LoadExec(0x46) => 0?
[Syscore App] process delete event : pid=0x46?
[AppMgr Trace]: pid=0x46, deleted.?
[Syscore App] Syscore Event Queue Push : SCE_SYSCORE_EVENT_ON_PROCESS_UNLOADED?
[AppMgr] All processes exited, ready for next spawn?
[AppMgr] Executing next spawn?
[Syscore App]  ExpandCpuSetMode : disable?
[Syscore App] processSpawn(pid, 0x60000f0c, 0x10f0c140, appParam, processParam, 1, 1, 1, param, debug, 1)?
[Syscore App] appParam: appTyp[e = 0x1, rootPath = /mnt/sandbox/AZIF00003_000, titleId = AZIF00003?
[Syscore App] processParam: elfPath = /app0/guest.elf, fullPath = /mnt/sandbox/pfsmnt/AZIF00003-app0-patch0-union/eboot.bin?
[Syscore App] Syscore Event Queue Pop : SCE_SYSCORE_EVENT_ON_PROCESS_UNLOADED?
[Syscore App] new pid=0x47[Syscore App] attributeExe= 0?
[Syscore App] Ready to exec?
[Syscore App] wait for NOTE_EXIT|NOTE_EXEC?
KERNEL] dmem_start_app_process pid: 71, map=0xffff92302cdfbb40, app_maps_count[1], 0 -> 1?
[Syscore App] Add event : pid=0xm47?
[SceLncService] unlockSuspendBlock: appId={0x60000f0c}?
DBG: Process 71 untraced!?
<71> EXEC /app0/guest.elf [system], vm#0, dmem#0  <2216287 msec>?
[GoldHEN] <Plugins Loader> Started successfully?
[GoldHEN] <Plugins Loader> Config parser failed to parse config: /data/GoldHEN/plugins.ini?
(../game_patch/source/main.cpp:354) [GoldHEN] <game_patch\Ver.0x00000110> module_start?
(../game_patch/source/main.cpp:355) [GoldHEN] Plugin Author(s): illusion?
(../game_patch/source/main.cpp:356) Commit: caacf01174654235459d48ab9d0b9e00a588b300 Branch: main Build: 188 (Release)?
(../game_?patch/source/main.cpp:356) Built: May 27 2023 @ 04:49:25?
(../game_patch/source/main.cpp:356) GoldHEN SDK Ver: 0x00000100?
(../game_patch/source/main.cpp:356) GoldHEN System SDK Ver: 0xffffffff?
(../game_patch/source/main.cpp:324) numModules: 5?
(../game_patch/source/main.cpp:328) ret 0x0?
(../game_patch/source/main.cpp:329) module 0?
(../game_patch/source/main.cpp:330) name: guest.elf?
(../game_patch/source/main.cpp:331) start: 0x400000?
(../game_patch/source/main.cpp:332) size: 851968 (0xd0000)?
(../game_patch/source/main.cpp:365) Module start: 0x400000 0xd0000?
(../game_patch/source/main.cpp:371) process info?
(../game_patch/source/main.cpp:371) pid: 71?
(../game_patch/source/main.cpp:371) name: guest.elf?
(../game_patch/source/main.cpp:371) path: /app0/guest.elf?
(../game_patch/source/main.cpp:371) titleid: AZIF00003?
(../game_patch/source/main.cpp:371) contentid: IV0000-AZIF00003_00-PAYLOADGUEST0000?
(../game_patch/source/main.cpp:371) version: 0.98?
(../game_patch/source/main.cpp:371) base_address: 0x400000?
(../game_patch/source/main.cpp:130) file /data/GoldHEN/patches/xml/AZIF00003.xml not found?
error: 0x80020002**** Base Mode ****?
[36m[Debug] src/App.cpp:29: Initialize Language...?[0m?
?[36m[Debug] src/App.cpp:31: Initialize Controller...?[0m?
[mbus] onNewClie?nt. clientNum 10 over 8?
[36m[Debug] src/App.cpp:33: Initialize Graphics...?[0m?
?[36m[Debug] src/Graphics.cpp:89: Handle is 1309737216 (0x4e110100)?[0m?
?[36m[Debug] src/Graphics.cpp:181: DirectMemOff: 0x200000?[0m?
?[36m[Debug] src/Graphics.cpp:182: DirectMemAllocationSize: 0xc000000?[0m?
?[36m[Debug] src/Graphics.cpp:183: alignment: 2097152 (0x00200000)?[0m?
?[36m[Debug] src/Graphics.cpp:188: VideoMem: 0x200200000?[0m?
?[36m[Debug] src/Graphics.cpp:109: Allocating framebuffer...?[0m?
?[36m[Debug] src/Graphics.cpp:237: handle: 1309737216 (0x4e110100)?[0m?
?[36m[Debug] src/Graphics.cpp:239: flipArgLog: 0x2000041a0?[0m?
?[36m[Debug] src/Graphics.cpp:240: FrameBuffers: 0x2000042c0?[0m?
?[36m[Debug] src/Graphics.cpp:255: sceVideoOutRegisterBuffers: 0x00000000?[0m?
?[36m[Debug] src/App.cpp:35: Initialize Resource...?[0m?
?[36m[Debug] src/Graphics.cpp:627: Loading PNG...?[0m?
?[36m[Debug] src/Graphics.cpp:637: PNG Loaded!?[0m?
?[36m[Debug] src/Graphics.cpp:627: Loading PNG...?[0m?
?[36m[Debug] src/Graphics.cpp:637: PNG Loaded!?[0m?
?[36m[Debug] src/Graphics.cpp:627: Loading PNG...?[0m?
?[36m[Debug] src/Graphics.cpp:637: PNG Loaded!?[0m?
?[36m[Debug] src/Graphics.cpp:627: Loading PNG...?[0m?
?[36m[Debug] src/Graphics.cpp:637: PNG Loaded!?[0m?
?[36m[Debug] src/Graphics.cpp:627: Loading PNG...?[0m?
?[36m[Debug] src/Graphics.cpp:637: PNG Loaded!?[0m?
?[36m[Debug] src/Graphics.cpp:627: Loading PNG...?[0m?
?[36m[Debug] src/Graphics.cpp:637: PNG Loaded!?[0m?
?[36m[Debug] src/Graphics.cpp:627: Loading PNG...?[0m?
?[36m[Debug] src/Graphics.cpp:637: PNG Loaded!?[0m?
?[36m[Debug] src/App.cpp:43: Initialize the Main View...?[0m?
?[36m[Debug] src/PayloadsView.cpp:186: GeneratePayloads is called!?[0m?
?[36m[Debug] src/PayloadsView.cpp:212: Cleanup payload list...?[0m?
?[36m[Debug] src/PayloadsView.cpp:206: GeneratePayloads: Refreshed?[0m?
?[36m[Debug] src/PayloadsView.cpp:252: PayloadsView: End of constructor?[0m?
?[36m[Debug] src/App.cpp:119: Application: RUN?[0m?
[SceShellUI] I/PSM.UI : OnFocusActiveSceneChanged [SplashScreen : SplashScreenScene] -> [AppScreen : ApplicationScreenScene]?
[SceShellUI] I/PSM.UI :      Scene [AppScreen : ApplicationScreenScene] : Alive?
SetDeviceIndexBehavior: mode=MergeAllConnectedDevice, param=null?
[Theme/I] : Apply [ANONYMOUS] : [Option:101000]: with not preloaded user?
[SceShellUI] I/PSM.UI : [NoDraw] : ClearFrameBuffer=False?
[SceShellCore] Libc Heap Status: free 36%, in-use 3886.1 KB, trend +45.6 KB/min, peak 4385.4 KB, when 2206 [sec]?
?[36m[Debug] src/PayloadsView.cpp:319: Loading: /data/payloads/linux-1024mb.bin?[0m?
[GoldHEN] <binloader> accepted a new payload?
[GoldHEN] <binloader> TCP Mode?
?[36m[[GDoebugl] src/dPaHyENl]o <baidnsloViaew.dcer>pp: p1aylo8ad6 :r eceGeneratievePd [asiyzeload:s 2 is8 c3a8lled40 !-? b[uf0m?
f?[3e6m[Dr_sizeebug]:  src/Pa2y9lo0adsVie81w6.cpp:2 12:- ip :Cleanup  1payl2o7ad .li0st..0..1.]??[
0m?
[GoldHEN?[36]m[Debug ] <bisrcn/Paylloaoder> adfousViendw .cpp:2a06: nGd jeaneraitePalybrlooakdse:n t arRefrgeshede?t[ p0mr?
ocess [pid: 46]?
[GoldHEN] <binloader> launching payload... [format: BIN]?
[GoldHEN] <binloader> payload launched?
kernel_init()?
Kernel base = ffffffffd78e4000?
Direct map base = ffff923000000000?
Testing global variable access (write protection)...?
OK.?
Kernel interface initialized?
Installing sys_kexec to system call #153?
kexec_init() successful?
?
sys_kexec invoked?
========================================?
PS4 Linux Payloads AIO?
FW 12.02 (1202)?
VRAM 1024 MB?
Southbridge: Baikal?
========================================?
sys_kexec(0x200728000, 11432960, 0x201210000, 4160630, "earlycon=uart8250,mmio32,0xC890E000,115200n8 console=tty0 keep_bootcon 8250.nr_uarts=0 iommu=pt intremap=off panic=10 loglevel=8 ignore_loglevel printk.devkmsg=on drm.edid_firmware=edid/1920x1080.bin video=HDMI-A-1:1920x1080@60D pci=nocrs libata.force=1.00:disable root=LABEL=psxitarch rootwait rw systemd.unit=multi-user.target systemd.log_level=info")?
firmware_extract: Extract lib/firmware/amdgpu/liverpool_pfp.bin ?
Copying PFP firmware?
NOP handler at 0xff0?
firmware_extract: Extract lib/firmware/amdgpu/liverpool_me.bin ?
Copying ME firmware?
firmware_extract: Extract lib/firmware/amdgpu/liverpool_ce.bin ?
Copying CE firmware?
NOP handler at 0x7f0?
firmware_extract: Extract lib/firmware/amdgpu/liverpool_mec.bin ?
Copying MEC firmware?
NOP handler at 0xff0?
firmware_extract: Extract lib/firmware/amdgpu/liverpool_mec2.bin ?
Copying MEC2 firmware?
NOP handler at 0xff0?
firmware_extract: Extract lib/firmware/amdgpu/liverpool_rlc.bin ?
Copying RLC firmware?
firmware_extract: Extract lib/firmware/amdgpu/liverpool_sdma.bin ?
Copying SDMA firmware?
firmware_extract: Extract lib/firmware/amdgpu/liverpool_sdma1.bin ?
Copying SDMA1 firmware?
?
kexec parameters:?
    Kernel image size:   11432960 bytes?
    Initramfs size:      4255366 bytes (4160630 from user)?
    Kernel command line: earlycon=uart8250,mmio32,0xC890E000,115200n8 console=tty0 keep_bootcon 8250.nr_uarts=0 iommu=pt intremap=off panic=10 loglevel=8 ignore_loglevel printk.devkmsg=on drm.edid_firmware=edid/1920x1080.bin video=HDMI-A-1:1920x1080@60D pci=nocrs libata.force=1.00:disable root=LABEL=psxitarch rootwait rw systemd.unit=multi-user.target systemd.log_level=info?
    Kernel image buffer: 0xffff923043000000?
    Initramfs buffer:    0xffff923011000000?
kernel_hook_install(0xffffff807db5d12d, 0xffffffffd7d2bad0)?
  Using 64bit absolute jump?
******************************************************?
kexec successfully armed. Please shut down the system.?
******************************************************?
?
[SceShellUI] I/PSM.UI : [FirstClear] : ClearFrameBuffer=False?
[KE]sceCameraDevKill::2685 ERROR: sceCameraProcConfigStop 0x802e0006 i=0 handle=257 piCod=ntext.cc:14734 (ajmCon?tex
tCleanup) - Instance 278532 was not properlyC ondtestreoyed.?xt
.Cconc:174t[Ke x(ERNEL] dmate.mc_chj:andm18C9olnet (_veamjsxpatCcme_exited pilCd:eo a71n,untp )e xpt-ty peCI=1,nls 0xtfeafnancff92302eup cdf1)b 63b490-0 -C >powtdas_e lcnoo aOtdped iu pssr TRo SUIEL?Kp
 eE[rKnlEcyRNEo Ldd]eers  dmwtearmsoy n_heoat npdledr_vo.msp?er
palCce_eyoxit nutneed mrxetap g.#ci0cst :e018x9 frf(edfa.j?f
m9C2oC3on0tn2cdfbb4et0?
ext[xKER.tNELccC:]1l d7emeanm_4up) h (anadj- le_vmCmoCdeosc paMnctPe3xe _DtCelexecitoed dpiaerd: 71 ,n waapp_us pmn)ao p-ts _ pcIrounosntpt[ae1]n,cr el 13y  4u-> 04?0n
6r7egister wed.?
aCons text.cc:1no89 (atjmContextCl eaprnup) - Codec AopTRAC9 Derlecodeyr  wadses trnotoy proepderl.y? 
unregistered.?Co
ntext.cc:189 (ajmContextCleanup) - Codec Opus Decoder was not properly unregistered.?
Context.cc:189 (ajmContextCleanup) - Codec Opus SILK Encoder waConst ext.ccno:189 (ajtm CopntextroClpereanulyp)  -u nreCodegContexc tO.cc:1p89 (ajusmContext CCleaEnup)L T-  ECodec CELP8n coDecoder was denot proper rlyw unregisatered.s n?
oCton teprxto.cc:189 (apjmCerlyont uenxrtCeglieanup) - Csodec CELP8 teEncoder rwas neot pdroperly. ?unregistereContextd..?
cc:1C89 (aojmConnttexetCleanupx)t - C.odec cMcP:EG4 AAC E1ncoder was n8o9t  (aproperjlmCoyn utenrxtClegistered.?
eanup) - Codec CELP(16) Decoder was not properly unregistered.?
Context.cc:191 (ajmContextCleanup) - More codecs were not properly unregistered...?

Context.cc:189 (ajmContextCleanup) - Codec Opus CELT Decoder was not properly unreigistesterreded.?
.?
Context.cc:189 (ajCmonCotext.ccn:t1e74x (atjmConCtexlteaClenanupu) - Inps)t a-nc e 114C689 wodas necot  propOerlpyu desstroy Ced.?E
LCoT nEtncoedxter.cc:189 (ajmContex twCleaanup) - Codsec  AnC3 Encootd er wpas nort propoerperlly y unruegisterend.?
rCeontegxt.cci:174 (ajmCsonttextCleeanup)r - edIn.s?
tanceC 1o63842 nwas ntot epxrtoperly .cdcestroyed.?
:C1onte8xt.cc:198 (9 (ajmConteaxtClejamnupC) o- Codec DTS Encodnter waes xntot prColperlyea unrenugisteredp). -? 
Codec Opus Decoder was not properly unregistered.?
[SceSysCore mini] killall timeout 5[sec]...?
[SceSysCore mini] forcibly unmount 2 nullfses?
[SceSysCore mini] forcibly unmount /mnt/usb0?
[SceSysCore mini[REGMGR] 000006 ...?
] sceKernelPollE[ventFlag(reboot_flag): failed 80020010?
[SceSysCore mini] call reboot(4000)?
REGMGR] (   2224.657 sec) 010006 ...?
[REGMGR] (   0.011763 sec) 010007 ...?
[REGMGR] 000108 ...?
Waiting (max 60 seconds) for system process `SceVnlru' to stop...done?
Waiting (max 60 seconds) for system process `SceBufdaemon0' to stop...SD Manual Tuning done. MaxPassWindowSize=22, TunePoint=20 CORE_CTRL=0x184094?
done?
Waiting (max 60 seconds) for system process `SceSyncer' to stop...?
Syncing disks, vnodes remaining...1 0 sched_sync: flush softdep (iter=2)?
0 sched_sync: flush softdep (iter=1)?
done?
Waiting (max 60 seconds) for system process `SceBufdaemon1' to stop...done?
Waiting (max 60 seconds) for system process `SceBufdaemon2' to stop...done?
All buffers synced.?
[PFS] umount[0x00006b132fdbe713] finished 0?
[PFS] umount[0x00006b132fd9dd89] finished 0?
Uptime: 37m11s?
icc post sync:Thermal alert LED off?
[REGMGR] 000007 @2@ ...?
icc08-4001 0802?
icc:failed to disabled reset button notification: 0005?
icc:disabled thermal notification?
eth0: link state changed to DOWN?
ICC: howto:00004000 depth:2 cause:00 hand:01?
ICC: Shutdown.?
hook_icc_query_nowait called?
ICC 05-00 polling?
Fixing ACPI tables at 0xe0000 (0xffffffffffffffff)?
RSDT at 0xe0024?
XSDT at 0xe0088?
FACP at 0xe016c?
FACS at 0xe012c?
DSDT at 0xe0430?
APIC at 0xe0298?
MCFG at 0xe0304?
SSDT at 0xe0730?
ACPI tables fixed?
kexec: Waiting for secondary CPUs...?
kexec: Secondary CPUs quiesced?
kexec: Setting up GDT...?
kexec: Relocating stub...?
kexec: Setting up boot params...?
kexec: Cleaning up hardware...?
Current sb_id: 3?
?
SB_BAIKAL constant: 3?
?
kexec: Detected Baikal Southbridge, disabling IOMMU...?
kexec: Reconfiguring VRAM...?
kexec: Resetting GPU...?
kexec: About to relocate and jump to kernel?
[    0.000000] ps4: x86_ps4_early_setup: PS4 early setup?
[    0.000000] Linux version 6.15.4-Baikal_TESTING_crashniels-dirty (meerzulee@cachynator) (gcc (GCC) 16.1.1 20260430, GNU ld (GNU Binutils) 2.46.0) #84 SMP PREEMPT_DYNAMIC Tue May 12 01:16:01 +06 2026?
[    0.000000] Command line: earlycon=uart8250,mmio32,0xC890E000,115200n8 console=tty0 keep_bootcon 8250.nr_uarts=0 iommu=pt intremap=off panic=10 loglevel=8 ignore_loglevel printk.devkmsg=on drm.edid_firmware=edid/1920x1080.bin video=HDMI-A-1:1920x1080@60D pci=nocrs libata.force=1.00:disable root=LABEL=psxitarch rootwait rw systemd.unit=multi-user.target systemd.log_level=info?
[    0.000000] KERNEL supported cpus:?
[    0.000000]   AMD AuthenticAMD?
[    0.000000] BIOS-provided physical RAM map:?
[    0.000000] BIOS-e820: [mem 0x0000000000000000-0x0000000000007fff] usable?
[    0.000000] BIOS-e820: [mem 0x0000000000008000-0x000000000007ffff] reserved?
[    0.000000] BIOS-e820: [mem 0x0000000000080000-0x0000000000099fff] usable?
[    0.000000] BIOS-e820: [mem 0x000000000009a000-0x00000000000bffff] reserved?
[    0.000000] BIOS-e820: [mem 0x00000000000e0000-0x00000000000effff] ACPI data?
[    0.000000] BIOS-e820: [mem 0x0000000000100000-0x00000000003fffff] usable?
[    0.000000] BIOS-e820: [mem 0x0000000000400000-0x000000000047ffff] reserved?
[    0.000000] BIOS-e820: [mem 0x0000000000480000-0x000000000067ffff] usable?
[    0.000000] BIOS-e820: [mem 0x0000000000680000-0x00000000006fffff] reserved?
[    0.000000] BIOS-e820: [mem 0x0000000000700000-0x000000007efe7fff] usable?
[    0.000000] BIOS-e820: [mem 0x000000007efe8000-0x000000007efeffff] ACPI NVS?
[    0.000000] BIOS-e820: [mem 0x000000007eff0000-0x000000007effffff] ACPI data?
[    0.000000] BIOS-e820: [mem 0x000000007f000000-0x000000007fffffff] usable?
[    0.000000] BIOS-e820: [mem 0x0000000080000000-0x00000000fbffffff] reserved?
[    0.000000] BIOS-e820: [mem 0x0000000100000000-0x000000013fffffff] reserved?
[    0.000000] BIOS-e820: [mem 0x0000000140000000-0x000000027effffff] usable?
[    0.000000] earlycon: uart8250 at MMIO32 0x00000000c890e000 (options '115200n8')?
[    0.000000] printk: legacy bootconsole [uart8250] enabled?
[    0.000000] printk: debug: skip boot console de-registration.?
[    0.000000] printk: debug: ignoring loglevel setting.?
[    0.000000] NX (Execute Disable) protection: active?
[    0.000000] APIC: Static calls initialized?
[    0.000000] SMBIOS 2.1 present.?
[    0.000000] DMI:  , BIOS unde Wed 09/22/2021 16:2?
[    0.000000] DMI: Memory slots populated: 1/1?
[    0.000000] ps4: EMC timer started in 25330 TSC ticks?
[    0.000000] ps4: Calibrated TSC frequency: 1594039936 kHz?
[    0.000000] tsc: Detected 1594.040 MHz processor?
[    0.001421] e820: update [mem 0x00000000-0x00000fff] usable ==> reserved?
[    0.008247] e820: remove [mem 0x000a0000-0x000fffff] usable?
[    0.013930] last_pfn = 0x27f000 max_arch_pfn = 0x400000000?
[    0.019516] MTRR map: 6 entries (3 fixed + 3 variable; max 20), built from 9 variable MTRRs?
[    0.028018] x86/PAT: Configuration [0-7]: WB  WC  UC- UC  WB  WP  UC- WT  ?
[    0.035401] e820: update [mem 0x80000000-0x13fffffff] usable ==> reserved?
[    0.042331] last_pfn = 0x80000 max_arch_pfn = 0x400000000?
[    0.056432] Using GB pages for direct mapping?
[    0.062398] RAMDISK: [mem 0x11000000-0x1140efff]?
[    0.067109] ACPI: Early table checksum verification disabled?
[    0.072871] ACPI: RSDP 0x00000000000E0000 000024 (v02 SIE   )?
[    0.078725] ACPI: XSDT 0x00000000000E0088 00004C (v01 SIE    ORBIS    20121218 INTL 20110211)?
[    0.087411] ACPI: FACP 0x00000000000E016C 0000F4 (v04 SIE    ORBIS    20130205 INTL 20110211)?
[    0.096096] ACPI: DSDT 0x00000000000E0430 00018C (v02 SIE    ORBIS    20121002 INTL 20110211)?
[    0.104778] ACPI: FACS 0x00000000000E012C 000040?
[    0.109477] ACPI: FACS 0x00000000000E012C 000040?
[    0.114176] ACPI: APIC 0x00000000000E0298 00006C (v02 SIE    ORBIS    20120725 INTL 20110211)?
[    0.122858] ACPI: MCFG 0x00000000000E0304 00003C (v01 SIE    ORBIS    20120725 INTL 20110211)?
[    0.131539] ACPI: SSDT 0x00000000000E0730 001944 (v01 AMD    POWERNOW 00000001 AMD  00000001)?
[    0.140221] ACPI: IVRS 0x00000000000E2074 000054 (v01 F0F    PS4KEXEC 20161225 KEXC 20161225)?
[    0.148901] ACPI: Reserving FACP table memory at [mem 0xe016c-0xe025f]?
[    0.155542] ACPI: Reserving DSDT table memory at [mem 0xe0430-0xe05bb]?
[    0.162183] ACPI: Reserving FACS table memory at [mem 0xe012c-0xe016b]?
[    0.168823] ACPI: Reserving FACS table memory at [mem 0xe012c-0xe016b]?
[    0.175462] ACPI: Reserving APIC table memory at [mem 0xe0298-0xe0303]?
[    0.182101] ACPI: Reserving MCFG table memory at [mem 0xe0304-0xe033f]?
[    0.188740] ACPI: Reserving SSDT table memory at [mem 0xe0730-0xe2073]?
[    0.195379] ACPI: Reserving IVRS table memory at [mem 0xe2074-0xe20c7]?
[    0.202097] No NUMA configuration found?
[    0.205995] Faking a node at [mem 0x0000000000000000-0x000000027effffff]?
[    0.212818] NODE_DATA(0) allocated [mem 0x27effa800-0x27effdfff]?
[    0.218983] Zone ranges:?
[    0.221553]   DMA      [mem 0x0000000000001000-0x0000000000ffffff]?
[    0.227841]   DMA32    [mem 0x0000000001000000-0x00000000ffffffff]?
[    0.234130]   Normal   [mem 0x0000000100000000-0x000000027effffff]?
[    0.240418] Movable zone start for each node?
[    0.244758] Early memory node ranges?
[    0.248389]   node   0: [mem 0x0000000000001000-0x0000000000007fff]?
[    0.254764]   node   0: [mem 0x0000000000080000-0x0000000000099fff]?
[    0.261140]   node   0: [mem 0x0000000000100000-0x00000000003fffff]?
[    0.267515]   node   0: [mem 0x0000000000480000-0x000000000067ffff]?
[    0.273891]   node   0: [mem 0x0000000000700000-0x000000007efe7fff]?
[    0.280266]   node   0: [mem 0x000000007f000000-0x000000007fffffff]?
[    0.286641]   node   0: [mem 0x0000000140000000-0x000000027effffff]?
[    0.293018] Initmem setup node 0 [mem 0x0000000000001000-0x000000027effffff]?
[    0.300197] On node 0, zone DMA: 1 pages in unavailable ranges?
[    0.306139] On node 0, zone DMA: 120 pages in unavailable ranges?
[    0.312271] On node 0, zone DMA: 102 pages in unavailable ranges?
[    0.318399] On node 0, zone DMA: 128 pages in unavailable ranges?
[    0.324561] On node 0, zone DMA: 128 pages in unavailable ranges?
[    0.341022] On node 0, zone DMA32: 24 pages in unavailable ranges?
[    0.373541] On node 0, zone Normal: 4096 pages in unavailable ranges?
[    0.380919] ACPI: No IOAPIC entries present?
[    0.385172] ACPI: Using ACPI for processor (LAPIC) configuration information?
[    0.392358] CPU topo: Max. logical packages:   1?
[    0.397052] CPU topo: Max. logical dies:       1?
[    0.401745] CPU topo: Max. dies per package:   1?
[    0.406449] CPU topo: Max. threads per core:   1?
[    0.411142] CPU topo: Num. cores per package:     8?
[    0.416102] CPU topo: Num. threads per package:   8?
[    0.421059] CPU topo: Allowing 8 present CPUs plus 0 hotplug CPUs?
[    0.427286] [mem 0xfc000000-0xffffffff] available for PCI devices?
[    0.433488] clocksource: refined-jiffies: mask: 0xffffffff max_cycles: 0xffffffff, max_idle_ns: 1910969940391419 ns?
[    0.444123] setup_percpu: NR_CPUS:8 nr_cpumask_bits:8 nr_cpu_ids:8 nr_node_ids:1?
[    0.452313] percpu: Embedded 42 pages/cpu s131544 r8192 d32296 u262144?
[    0.458977] pcpu-alloc: s131544 r8192 d32296 u262144 alloc=1*2097152?
[    0.465446] pcpu-alloc: [0] 0 1 2 3 4 5 6 7 ?
[    0.469832] Kernel command line: earlycon=uart8250,mmio32,0xC890E000,115200n8 console=tty0 keep_bootcon 8250.nr_uarts=0 iommu=pt intremap=off panic=10 loglevel=8 ignore_loglevel printk.devkmsg=on drm.edid_firmware=edid/1920x1080.bin video=HDMI-A-1:1920x1080@60D pci=nocrs libata.force=1.00:disable root=LABEL=psxitarch rootwait rw systemd.unit=multi-user.target systemd.log_level=info?
[    0.504561] printk: log buffer data + meta data: 262144 + 917504 = 1179648 bytes?
[    0.513856] Dentry cache hash table entries: 1048576 (order: 11, 8388608 bytes, linear)?
[    0.522907] Inode-cache hash table entries: 524288 (order: 10, 4194304 bytes, linear)?
[    0.530979] software IO TLB: area num 8.?
[    0.563501] Fallback order for Node 0: 0 ?
[    0.563520] Built 1 zonelists, mobility grouping on.  Total pages: 1830409?
[    0.574594] Policy zone: Normal?
[    0.577786] mem auto-init: stack:off, heap alloc:off, heap free:off?
[    0.621661] SLUB: HWalign=64, Order=0-3, MinObjects=0, CPUs=8, Nodes=1?
[    0.629444] Dynamic Preempt: voluntary?
[    0.633348] rcu: Preemptible hierarchical RCU implementation.?
[    0.639193] rcu: RCU calculated value of scheduler-enlistment delay is 100 jiffies.?
[    0.647010] NR_IRQS: 4352, nr_irqs: 128, preallocated irqs: 0?
[    0.652916] rcu: srcu_init: Setting srcu_struct sizes based on contention.?
[    0.659969] call_irq_handler: 0.49 No irq handler for vector?
[    0.665759] Console: colour dummy device 80x25?
[    0.670281] printk: legacy console [tty0] enabled?
[    0.675109] ACPI: Core revision 20240827?
[    0.679168] ACPI: setting ELCR to 0200 (from ffff)?
[    0.684058] Failed to register legacy timer interrupt?
[    0.689197] APIC: Switch to symmetric I/O mode setup?
[    0.694257] clocksource: tsc-early: mask: 0xffffffffffffffff max_cycles: 0x16fa26cca63, max_idle_ns: 440795214844 ns?
[    0.704988] Calibrating delay loop (skipped), value calculated using timer frequency.. 3188.08 BogoMIPS (lpj=1594040)?
[    0.705979] Last level iTLB entries: 4KB 512, 2MB 8, 4MB 4?
[    0.705979] Last level dTLB entries: 4KB 512, 2MB 256, 4MB 128, 1GB 0?
[    0.705979] Spectre V1 : Mitigation: usercopy/swapgs barriers and __user pointer sanitization?
[    0.705979] Spectre V2 : Mitigation: Retpolines?
[    0.705979] Spectre V2 : Spectre v2 / SpectreRSB: Filling RSB on context switch and VMEXIT?
[    0.705979] RETBleed: Mitigation: untrained return thunk?
[    0.705979] Speculative Store Bypass: Mitigation: Speculative Store Bypass disabled via prctl?
[    0.705979] x86/fpu: Supporting XSAVE feature 0x001: 'x87 floating point registers'?
[    0.705979] x86/fpu: Supporting XSAVE feature 0x002: 'SSE registers'?
[    0.705979] x86/fpu: Supporting XSAVE feature 0x004: 'AVX registers'?
[    0.705979] x86/fpu: xstate_offset[2]:  576, xstate_sizes[2]:  256?
[    0.705979] x86/fpu: Enabled xstate features 0x7, context size is 832 bytes, using 'standard' format.?
[    0.705979] Freeing SMP alternatives memory: 52K?
[    0.705979] pid_max: default: 32768 minimum: 301?
[    0.705979] Mount-cache hash table entries: 16384 (order: 5, 131072 bytes, linear)?
[    0.705979] Mountpoint-cache hash table entries: 16384 (order: 5, 131072 bytes, linear)?
[    0.705979] smpboot: CPU0: AMD DG1401SNF87ID (family: 0x16, model: 0x1a, stepping: 0x0)?
[    0.706591] Performance Events: AMD PMU driver.?
[    0.706985] ... version:                0?
[    0.707983] ... bit width:              48?
[    0.708983] ... generic registers:      4?
[    0.709983] ... value mask:             0000ffffffffffff?
[    0.710982] ... max period:             00007fffffffffff?
[    0.711982] ... fixed-purpose events:   0?
[    0.712982] ... event mask:             000000000000000f?
[    0.714200] signal: max sigframe size: 1776?
[    0.715073] rcu: Hierarchical SRCU implementation.?
[    0.715984] rcu: 	Max phase no-delay instances is 400.?
[    0.717141] Timer migration: 1 hierarchy levels; 8 children per group; 1 crossnode level?
[    0.721333] smp: Bringing up secondary CPUs ...?
[    0.723278] smpboot: x86: Booting SMP configuration:?
[    0.723989] .... node  #0, CPUs:      #1 #2 #3 #4 #5 #6 #7?
[    0.733087] smp: Brought up 1 node, 8 CPUs?
[    0.734988] smpboot: Total of 8 processors activated (25504.64 BogoMIPS)?
[    0.737993] Memory: 7077464K/7321636K available (23465K kernel code, 2053K rwdata, 8780K rodata, 1624K init, 2232K bss, 239924K reserved, 0K cma-reserved)?
[    0.739402] devtmpfs: initialized?
[    0.741125] clocksource: jiffies: mask: 0xffffffff max_cycles: 0xffffffff, max_idle_ns: 1911260446275000 ns?
[    0.741990] posixtimers hash table entries: 4096 (order: 4, 65536 bytes, linear)?
[    0.743002] futex hash table entries: 2048 (order: 5, 131072 bytes, linear)?
[    0.744083] prandom: seed boundary self test passed?
[    0.747028] prandom: 100 self tests passed?
[    0.748197] NET: Registered PF_NETLINK/PF_ROUTE protocol family?
[    0.749123] audit: initializing netlink subsys (disabled)?
[    0.750045] audit: type=2000 audit(0.045:1): state=initialized audit_enabled=0 res=1?
[    0.750146] i2c-core: driver [dummy] registered?
[    0.751986] thermal_sys: Registered thermal governor 'step_wise'?
[    0.752013] cpuidle: using governor ladder?
[    0.753991] cpuidle: using governor menu?
[    0.755140] ps4: ps4: pre-allocated IRQ 9 desc for ACPI SCI (virq=9)?
[    0.756247] PCI: ECAM [mem 0xf8000000-0xfbffffff] (base 0xf8000000) for domain 0000 [bus 00-3f]?
[    0.757003] PCI: Using configuration type 1 for base access?
[    0.759268] HugeTLB: allocation took 0ms with hugepage_allocation_threads=2?
[    0.760015] HugeTLB: registered 2.00 MiB page size, pre-allocated 0 pages?
[    0.760983] HugeTLB: 28 KiB vmemmap can be freed for a 2.00 MiB page?
[    0.762375] cryptd: max_cpu_qlen set to 1000?
[    0.780985] raid6: sse2x4   gen()  4050 MB/s?
[    0.798985] raid6: sse2x2   gen()  3971 MB/s?
[    0.816983] raid6: sse2x1   gen()  3187 MB/s?
[    0.817983] raid6: using algorithm sse2x4 gen() 4050 MB/s?
[    0.835985] raid6: .... xor() 2022 MB/s, rmw enabled?
[    0.836984] raid6: using ssse3x2 recovery algorithm?
[    0.838089] ACPI: Added _OSI(Module Device)?
[    0.838985] ACPI: Added _OSI(Processor Device)?
[    0.839984] ACPI: Added _OSI(Processor Aggregator Device)?
[    0.843231] ACPI: 2 ACPI AML tables successfully acquired and loaded?
[    0.851215] ACPI: Interpreter enabled?
[    0.851995] ACPI: PM: (supports S0 S5)?
[    0.852984] ACPI: Using PIC for interrupt routing?
[    0.854018] PCI: Ignoring host bridge windows from ACPI; if necessary, use "pci=use_crs" and report a bug?
[    0.854983] PCI: Using E820 reservations for host bridge windows?
[    0.857671] acpi PNP0A03:00: [Firmware Bug]: no secondary bus range in _CRS?
[    0.857999] ACPI: PCI Root Bridge [PCI0] (domain 0000 [bus 00-ff])?
[    0.858992] acpi PNP0A03:00: _OSC: OS supports [ExtendedConfig ASPM ClockPM Segments MSI HPX-Type3]?
[    0.860002] acpi PNP0A03:00: [Firmware Info]: ECAM [mem 0xf8000000-0xfbffffff] for domain 0000 [bus 00-3f] only partially covers this bridge?
[    0.861007] acpi PNP0A03:00: host bridge window [io  0x0cf8-0x0cff] (ignored)?
[    0.861984] PCI: root bus 00: using default resources?
[    0.863037] PCI host bridge to bus 0000:00?
[    0.863996] pci_bus 0000:00: root bus resource [io  0x0000-0xffff]?
[    0.864984] pci_bus 0000:00: root bus resource [mem 0x00000000-0xffffffffff]?
[    0.865985] pci_bus 0000:00: root bus resource [bus 00-ff]?
[    0.867003] pci 0000:00:00.0: [1022:1436] type 00 class 0x060000 conventional PCI endpoint?
[    0.868109] pci 0000:00:00.2: [1022:1437] type 00 class 0x080600 conventional PCI endpoint?
[    0.869112] pci 0000:00:01.0: [1002:9923] type 00 class 0x030000 PCIe Root Complex Integrated Endpoint?
[    0.870005] pci 0000:00:01.0: BAR 0 [mem 0xe0000000-0xe3ffffff 64bit pref]?
[    0.870985] pci 0000:00:01.0: BAR 2 [mem 0xe4000000-0xe47fffff 64bit pref]?
[    0.871985] pci 0000:00:01.0: BAR 4 [io  0x6000-0x60ff]?
[    0.872985] pci 0000:00:01.0: BAR 5 [mem 0xe4800000-0xe483ffff]?
[    0.873985] pci 0000:00:01.0: ROM [mem 0x00000000-0x0001ffff pref]?
[    0.874988] pci 0000:00:01.0: enabling Extended Tags?
[    0.876000] pci 0000:00:01.0: Video device with shadowed ROM at [mem 0x000c0000-0x000dffff]?
[    0.877004] pci 0000:00:01.0: supports D1 D2?
[    0.877984] pci 0000:00:01.0: PME# supported from D1 D2 D3hot?
[    0.879079] pci 0000:00:01.1: [1002:9921] type 00 class 0x040300 PCIe Root Complex Integrated Endpoint?
[    0.880004] pci 0000:00:01.1: BAR 0 [mem 0xe4840000-0xe4843fff 64bit]?
[    0.880991] pci 0000:00:01.1: enabling Extended Tags?
[    0.882013] pci 0000:00:01.1: supports D1 D2?
[    0.883080] pci 0000:00:02.0: [1022:1438] type 00 class 0x060000 conventional PCI endpoint?
[    0.884113] pci 0000:00:14.0: [104d:90d7] type 00 class 0x088000 PCIe Endpoint?
[    0.885024] pci 0000:00:14.0: BAR 0 [mem 0xfdf8000000-0xfdf9ffffff 64bit]?
[    0.885985] pci 0000:00:14.0: BAR 2 [io  0x1000-0x13ff]?
[    0.887172] pci 0000:00:14.1: [104d:90d8] type 00 class 0x088001 PCIe Endpoint?
[    0.888024] pci 0000:00:14.1: BAR 0 [mem 0xc2000000-0xc2000fff 64bit]?
[    0.889168] pci 0000:00:14.2: [104d:90d9] type 00 class 0x088002 PCIe Endpoint?
[    0.890024] pci 0000:00:14.2: BAR 0 [mem 0xc4000000-0xc4007fff 64bit]?
[    0.891169] pci 0000:00:14.3: [104d:90da] type 00 class 0x088003 PCIe Endpoint?
[    0.892024] pci 0000:00:14.3: BAR 0 [mem 0xc6000000-0xc6000fff 64bit]?
[    0.893168] pci 0000:00:14.4: [104d:90db] type 00 class 0x088004 PCIe Endpoint?
[    0.894024] pci 0000:00:14.4: BAR 0 [mem 0xc8000000-0xc8001fff 64bit]?
[    0.894986] pci 0000:00:14.4: BAR 2 [mem 0xc8800000-0xc89fffff 64bit]?
[    0.895986] pci 0000:00:14.4: BAR 4 [mem 0xc9000000-0xc91fffff 64bit]?
[    0.898102] pci 0000:00:14.5: [104d:90dc] type 00 class 0x088005 PCIe Endpoint?
[    0.899024] pci 0000:00:14.5: BAR 0 [mem 0xca000000-0xca000fff 64bit]?
[    0.899986] pci 0000:00:14.5: BAR 2 [mem 0xca800000-0xca800fff 64bit]?
[    0.901168] pci 0000:00:14.6: [104d:90dd] type 00 class 0x088006 PCIe Endpoint?
[    0.902024] pci 0000:00:14.6: BAR 0 [mem 0xcc000000-0xcc000fff 64bit]?
[    0.902986] pci 0000:00:14.6: BAR 2 [mem 0x80000000-0xbfffffff 64bit]?
[    0.903985] pci 0000:00:14.6: BAR 4 [mem 0xcd000000-0xcd0fffff]?
[    0.904985] pci 0000:00:14.6: BAR 5 [mem 0xcd400000-0xcd43ffff]?
[    0.906163] pci 0000:00:14.7: [104d:90de] type 00 class 0x088007 PCIe Endpoint?
[    0.907024] pci 0000:00:14.7: BAR 0 [mem 0xce000000-0xce3fffff 64bit]?
[    0.907986] pci 0000:00:14.7: BAR 2 [mem 0xce800000-0xce80ffff 64bit]?
[    0.908986] pci 0000:00:14.7: BAR 4 [mem 0xcf000000-0xcf7fffff 64bit]?
[    0.910158] pci 0000:00:18.0: [1022:142e] type 00 class 0x060000 conventional PCI endpoint?
[    0.911086] pci 0000:00:18.1: [1022:142f] type 00 class 0x060000 conventional PCI endpoint?
[    0.913001] pci 0000:00:18.2: [1022:1430] type 00 class 0x060000 conventional PCI endpoint?
[    0.914087] pci 0000:00:18.3: [1022:1431] type 00 class 0x060000 conventional PCI endpoint?
[    0.916076] pci 0000:00:18.4: [1022:1432] type 00 class 0x060000 conventional PCI endpoint?
[    0.917082] pci 0000:00:18.5: [1022:1433] type 00 class 0x060000 conventional PCI endpoint?
[    0.918081] pci 0000:00:18.6: [1022:1434] type 00 class 0x060000 conventional PCI endpoint?
[    0.919180] iommu: Default domain type: Passthrough (set via kernel command line)?
[    0.920163] SCSI subsystem initialized?
[    0.921010] libata version 3.00 loaded.?
[    0.922037] ACPI: bus type USB registered?
[    0.923036] usbcore: registered new interface driver usbfs?
[    0.924006] usbcore: registered new interface driver hub?
[    0.925003] usbcore: registered new device driver usb?
[    0.926017] cec: Failed to create debugfs cec dir?
[    0.927119] Advanced Linux Sound Architecture Driver Initialized.?
[    0.929279] Bluetooth: Core ver 2.22?
[    0.929993] NET: Registered PF_BLUETOOTH protocol family?
[    0.930983] Bluetooth: HCI device and connection manager initialized?
[    0.931986] Bluetooth: HCI socket layer initialized?
[    0.932986] Bluetooth: L2CAP socket layer initialized?
[    0.933986] Bluetooth: SCO socket layer initialized?
[    0.936063] PCI: Using ACPI for IRQ routing?
[    0.939389] PCI: pci_cache_line_size set to 64 bytes?
[    0.940026] e820: reserve RAM buffer [mem 0x00008000-0x0000ffff]?
[    0.940984] e820: reserve RAM buffer [mem 0x0009a000-0x0009ffff]?
[    0.941984] e820: reserve RAM buffer [mem 0x00680000-0x006fffff]?
[    0.942984] e820: reserve RAM buffer [mem 0x7efe8000-0x7fffffff]?
[    0.943984] e820: reserve RAM buffer [mem 0x27f000000-0x27fffffff]?
[    0.945011] pci 0000:00:01.0: vgaarb: setting as boot VGA device?
[    0.945979] pci 0000:00:01.0: vgaarb: bridge control possible?
[    0.945979] pci 0000:00:01.0: vgaarb: VGA device added: decodes=io+mem,owns=io+mem,locks=none?
[    0.945992] vgaarb: loaded?
[    0.948076] clocksource: Switched to clocksource tsc-early?
[    0.953812] pnp: PnP ACPI init?
[    0.956969] pnp: PnP ACPI: found 0 devices?
[    0.966151] NET: Registered PF_INET protocol family?
[    0.971440] IP idents hash table entries: 131072 (order: 8, 1048576 bytes, linear)?
[    0.983284] tcp_listen_portaddr_hash hash table entries: 4096 (order: 4, 65536 bytes, linear)?
[    0.992013] Table-perturb hash table entries: 65536 (order: 6, 262144 bytes, linear)?
[    0.999942] TCP established hash table entries: 65536 (order: 7, 524288 bytes, linear)?
[    1.008292] TCP bind hash table entries: 65536 (order: 9, 2097152 bytes, linear)?
[    1.016421] TCP: Hash tables configured (established 65536 bind 65536)?
[    1.023196] UDP hash table entries: 4096 (order: 6, 262144 bytes, linear)?
[    1.030211] UDP-Lite hash table entries: 4096 (order: 6, 262144 bytes, linear)?
[    1.037750] NET: Registered PF_UNIX/PF_LOCAL protocol family?
[    1.043880] RPC: Registered named UNIX socket transport module.?
[    1.049918] RPC: Registered udp transport module.?
[    1.054711] RPC: Registered tcp transport module.?
[    1.059506] RPC: Registered tcp-with-tls transport module.?
[    1.065097] RPC: Registered tcp NFSv4.1 backchannel transport module.?
[    1.072145] pci_bus 0000:00: resource 4 [io  0x0000-0xffff]?
[    1.077834] pci_bus 0000:00: resource 5 [mem 0x00000000-0xffffffffff]?
[    1.084481] pci 0000:00:01.1: D0 power state depends on 0000:00:01.0?
[    1.090969] pci 0000:00:02.0: CLS mismatch (64 != 512), using 64 bytes?
[    1.097737] AMD-Vi: Using global IVHD EFR:0x0, EFR2:0x0?
[    1.097968] Trying to unpack rootfs image as initramfs...?
[    1.103273] pci 0000:00:00.0: Adding to iommu group 0?
[    1.113851] pci 0000:00:14.0: Adding to iommu group 1?
[    1.119037] pci 0000:00:14.1: Adding to iommu group 1?
[    1.124224] pci 0000:00:14.2: Adding to iommu group 1?
[    1.129413] pci 0000:00:14.3: Adding to iommu group 1?
[    1.134595] pci 0000:00:14.4: Adding to iommu group 1?
[    1.139782] pci 0000:00:14.5: Adding to iommu group 1?
[    1.144975] pci 0000:00:14.6: Adding to iommu group 1?
[    1.150159] pci 0000:00:14.7: Adding to iommu group 1?
[    1.155389] AMD-Vi: Extended features (0x840, 0x0): IA?
[    1.160928] PCI-DMA: Using software bounce buffering for IO (SWIOTLB)?
[    1.167500] software IO TLB: mapped [mem 0x000000007afe8000-0x000000007efe8000] (64MB)?
[    1.175720] LVT offset 0 assigned for vector 0x400?
[    1.181016] perf: AMD IBS detected (0x000000ff)?
[    1.185688] kvm_amd: TSC scaling supported?
[    1.189867] kvm_amd: Nested Virtualization enabled?
[    1.194750] kvm_amd: Nested Paging enabled?
[    1.198927] kvm_amd: LBR virtualization supported?
[    1.227884] Freeing initrd memory: 4156K?
[    1.237487] platform rtc_cmos: registered platform RTC device (no PNP device found)?
[    1.248429] Initialise system trusted keyrings?
[    1.253103] workingset: timestamp_bits=40 max_order=21 bucket_order=0?
[    1.260080] ntfs3: Warning: Activated 64 bits per cluster. Windows does not support this?
[    1.268427] fuse: init (API version 7.43)?
[    1.308542] NET: Registered PF_ALG protocol family?
[    1.313431] xor: automatically using best checksumming function   avx       ?
[    1.320617] Key type asymmetric registered?
[    1.324793] Asymmetric key parser 'x509' registered?
[    1.329802] Block layer SCSI generic (bsg) driver version 0.4 loaded (major 252)?
[    1.337342] io scheduler mq-deadline registered?
[    1.341962] io scheduler kyber registered?
[    1.348167] Could not retrieve perf counters (-19)?
[    1.384496] Non-volatile memory driver v1.3?
[    1.388788] Linux agpgart interface v0.103?
[    1.393417] ACPI: bus type drm_connector registered?
[    1.398414] [drm] amdgpu kernel modesetting enabled.?
[    1.405051] brd: module loaded?
[    1.410654] loop: module loaded?
[    1.413879] i2c-core: driver [at24] registered?
[    1.418602] baikal_pcie 0000:00:14.4: bpcie_probe()?
[    1.423619] baikal_pcie 0000:00:14.4: bpcie glue probe?
[    1.428866] baikal_pcie 0000:00:14.4: Baikal chip revision: 4c0c2021:8d76a398:0000b100?
[    1.436943] pci 0000:00:14.0: bpcie_create_irq_domain?
[    1.442096] baikal_pcie 0000:00:14.4: devid = 164?
[    1.446895] baikal_pcie 0000:00:14.4: no parent ?
[    1.451605] bpcie_create_irq_domain: marked Baikal-MSI-164-3-14 as MSI parent (flags=0x113 bus_token=AMDVI)?
[    1.461536] pci 0000:00:14.1: bpcie_create_irq_domain?
[    1.466687] baikal_pcie 0000:00:14.4: devid = 164?
[    1.471483] baikal_pcie 0000:00:14.4: no parent ?
[    1.476191] bpcie_create_irq_domain: marked Baikal-MSI-164-3-14 as MSI parent (flags=0x113 bus_token=AMDVI)?
[    1.486121] pci 0000:00:14.2: bpcie_create_irq_domain?
[    1.491275] baikal_pcie 0000:00:14.4: devid = 164?
[    1.496072] baikal_pcie 0000:00:14.4: no parent ?
[    1.500780] bpcie_create_irq_domain: marked Baikal-MSI-164-3-14 as MSI parent (flags=0x113 bus_token=AMDVI)?
[    1.510712] pci 0000:00:14.3: bpcie_create_irq_domain?
[    1.515862] baikal_pcie 0000:00:14.4: devid = 164?
[    1.520657] baikal_pcie 0000:00:14.4: no parent ?
[    1.525366] bpcie_create_irq_domain: marked Baikal-MSI-164-3-14 as MSI parent (flags=0x113 bus_token=AMDVI)?
[    1.535296] baikal_pcie 0000:00:14.4: bpcie_create_irq_domain?
[    1.541153] baikal_pcie 0000:00:14.4: devid = 164?
[    1.545950] baikal_pcie 0000:00:14.4: no parent ?
[    1.550659] bpcie_create_irq_domain: marked Baikal-MSI-164-3-14 as MSI parent (flags=0x113 bus_token=AMDVI)?
[    1.560588] pci 0000:00:14.5: bpcie_create_irq_domain?
[    1.565738] baikal_pcie 0000:00:14.4: devid = 164?
[    1.570533] baikal_pcie 0000:00:14.4: no parent ?
[    1.575241] bpcie_create_irq_domain: marked Baikal-MSI-164-3-14 as MSI parent (flags=0x113 bus_token=AMDVI)?
[    1.585170] pci 0000:00:14.6: bpcie_create_irq_domain?
[    1.590320] baikal_pcie 0000:00:14.4: devid = 164?
[    1.595116] baikal_pcie 0000:00:14.4: no parent ?
[    1.599826] bpcie_create_irq_domain: marked Baikal-MSI-164-3-14 as MSI parent (flags=0x113 bus_token=AMDVI)?
[    1.609759] pci 0000:00:14.7: bpcie_create_irq_domain?
[    1.614910] baikal_pcie 0000:00:14.4: devid = 164?
[    1.619705] baikal_pcie 0000:00:14.4: no parent ?
[    1.624415] bpcie_create_irq_domain: marked Baikal-MSI-164-3-14 as MSI parent (flags=0x113 bus_token=AMDVI)?
[    1.634356] bpcie_init_dev_msi_info: dev=0000:00:14.4 installed bpcie demuxer (sc=(____ptrval____))?
[    1.644151] bpcie_msi_init: virq=10 hwirq=0x0 domain=(____ptrval____) info=(____ptrval____) sc=(____ptrval____)?
[    1.654441] bpcie_msi_init: registered virq=10 irq_map[0]?
[    1.659942] bpcie_msi_init: virq=11 hwirq=0x1 domain=(____ptrval____) info=(____ptrval____) sc=(____ptrval____)?
[    1.670226] bpcie_msi_init: registered virq=11 irq_map[1]?
[    1.675728] bpcie_msi_init: virq=12 hwirq=0x2 domain=(____ptrval____) info=(____ptrval____) sc=(____ptrval____)?
[    1.686011] bpcie_msi_init: registered virq=12 irq_map[2]?
[    1.691513] bpcie_msi_init: virq=13 hwirq=0x3 domain=(____ptrval____) info=(____ptrval____) sc=(____ptrval____)?
[    1.701797] bpcie_msi_init: registered virq=13 irq_map[3]?
[    1.707300] bpcie_msi_init: virq=14 hwirq=0x4 domain=(____ptrval____) info=(____ptrval____) sc=(____ptrval____)?
[    1.717585] bpcie_msi_init: registered virq=14 irq_map[4]?
[    1.723086] bpcie_msi_init: virq=15 hwirq=0x5 domain=(____ptrval____) info=(____ptrval____) sc=(____ptrval____)?
[    1.733370] bpcie_msi_init: registered virq=15 irq_map[5]?
[    1.738872] bpcie_msi_init: virq=16 hwirq=0x6 domain=(____ptrval____) info=(____ptrval____) sc=(____ptrval____)?
[    1.749155] bpcie_msi_init: registered virq=16 irq_map[6]?
[    1.754655] bpcie_msi_init: virq=17 hwirq=0x7 domain=(____ptrval____) info=(____ptrval____) sc=(____ptrval____)?
[    1.764951] bpcie_msi_init: registered virq=17 irq_map[7]?
[    1.770455] bpcie_msi_init: virq=18 hwirq=0x8 domain=(____ptrval____) info=(____ptrval____) sc=(____ptrval____)?
[    1.780738] bpcie_msi_init: registered virq=18 irq_map[8]?
[    1.786239] bpcie_msi_init: virq=19 hwirq=0x9 domain=(____ptrval____) info=(____ptrval____) sc=(____ptrval____)?
[    1.796523] bpcie_msi_init: registered virq=19 irq_map[9]?
[    1.802024] bpcie_msi_init: virq=20 hwirq=0xa domain=(____ptrval____) info=(____ptrval____) sc=(____ptrval____)?
[    1.812309] bpcie_msi_init: registered virq=20 irq_map[10]?
[    1.817899] bpcie_msi_init: virq=21 hwirq=0xb domain=(____ptrval____) info=(____ptrval____) sc=(____ptrval____)?
[    1.828184] bpcie_msi_init: registered virq=21 irq_map[11]?
[    1.833774] bpcie_msi_init: virq=22 hwirq=0xc domain=(____ptrval____) info=(____ptrval____) sc=(____ptrval____)?
[    1.844057] bpcie_msi_init: registered virq=22 irq_map[12]?
[    1.849649] bpcie_msi_init: virq=23 hwirq=0xd domain=(____ptrval____) info=(____ptrval____) sc=(____ptrval____)?
[    1.859934] bpcie_msi_init: registered virq=23 irq_map[13]?
[    1.865524] bpcie_msi_init: virq=24 hwirq=0xe domain=(____ptrval____) info=(____ptrval____) sc=(____ptrval____)?
[    1.875810] bpcie_msi_init: registered virq=24 irq_map[14]?
[    1.881401] bpcie_msi_init: virq=25 hwirq=0xf domain=(____ptrval____) info=(____ptrval____) sc=(____ptrval____)?
[    1.891685] bpcie_msi_init: registered virq=25 irq_map[15]?
[    1.897275] bpcie_msi_init: virq=26 hwirq=0x10 domain=(____ptrval____) info=(____ptrval____) sc=(____ptrval____)?
[    1.907650] bpcie_msi_init: registered virq=26 irq_map[16]?
[    1.913241] bpcie_msi_init: virq=27 hwirq=0x11 domain=(____ptrval____) info=(____ptrval____) sc=(____ptrval____)?
[    1.923617] bpcie_msi_init: registered virq=27 irq_map[17]?
[    1.929208] bpcie_msi_init: virq=28 hwirq=0x12 domain=(____ptrval____) info=(____ptrval____) sc=(____ptrval____)?
[    1.939580] bpcie_msi_init: registered virq=28 irq_map[18]?
[    1.945170] bpcie_msi_init: virq=29 hwirq=0x13 domain=(____ptrval____) info=(____ptrval____) sc=(____ptrval____)?
[    1.955541] bpcie_msi_init: registered virq=29 irq_map[19]?
[    1.961131] bpcie_msi_init: virq=30 hwirq=0x14 domain=(____ptrval____) info=(____ptrval____) sc=(____ptrval____)?
[    1.971504] bpcie_msi_init: registered virq=30 irq_map[20]?
[    1.977094] bpcie_msi_init: virq=31 hwirq=0x15 domain=(____ptrval____) info=(____ptrval____) sc=(____ptrval____)?
[    1.987466] bpcie_msi_init: registered virq=31 irq_map[21]?
[    1.993056] bpcie_msi_init: virq=32 hwirq=0x16 domain=(____ptrval____) info=(____ptrval____) sc=(____ptrval____)?
[    2.003428] bpcie_msi_init: registered virq=32 irq_map[22]?
[    2.009017] bpcie_msi_init: virq=33 hwirq=0x17 domain=(____ptrval____) info=(____ptrval____) sc=(____ptrval____)?
[    2.019391] bpcie_msi_init: registered virq=33 irq_map[23]?
[    2.024980] bpcie_msi_init: virq=34 hwirq=0x18 domain=(____ptrval____) info=(____ptrval____) sc=(____ptrval____)?
[    2.035351] bpcie_msi_init: registered virq=34 irq_map[24]?
[    2.040942] bpcie_msi_init: virq=35 hwirq=0x19 domain=(____ptrval____) info=(____ptrval____) sc=(____ptrval____)?
[    2.051315] bpcie_msi_init: registered virq=35 irq_map[25]?
[    2.056907] bpcie_msi_init: virq=36 hwirq=0x1a domain=(____ptrval____) info=(____ptrval____) sc=(____ptrval____)?
[    2.067280] bpcie_msi_init: registered virq=36 irq_map[26]?
[    2.072869] bpcie_msi_init: virq=37 hwirq=0x1b domain=(____ptrval____) info=(____ptrval____) sc=(____ptrval____)?
[    2.083243] bpcie_msi_init: registered virq=37 irq_map[27]?
[    2.088833] bpcie_msi_init: virq=38 hwirq=0x1c domain=(____ptrval____) info=(____ptrval____) sc=(____ptrval____)?
[    2.099205] bpcie_msi_init: registered virq=38 irq_map[28]?
[    2.104794] bpcie_msi_init: virq=39 hwirq=0x1d domain=(____ptrval____) info=(____ptrval____) sc=(____ptrval____)?
[    2.115166] bpcie_msi_init: registered virq=39 irq_map[29]?
[    2.120756] bpcie_msi_init: virq=40 hwirq=0x1e domain=(____ptrval____) info=(____ptrval____) sc=(____ptrval____)?
[    2.131129] bpcie_msi_init: registered virq=40 irq_map[30]?
[    2.136718] bpcie_msi_init: virq=41 hwirq=0x1f domain=(____ptrval____) info=(____ptrval____) sc=(____ptrval____)?
[    2.147090] bpcie_msi_init: registered virq=41 irq_map[31]?
[    2.152715] baikal_pcie 0000:00:14.4: bpcie_msi_write_msg(fee00000, 000000ef) mask=0x0 irq=10 hwirq=0x0 (____ptrval____)?
[    2.163807] baikal_pcie 0000:00:14.4: bpcie_config_msi: func=4 subfunc=0 addr=fee00000 data=000000ef?
[    2.173135] baikal_pcie 0000:00:14.4: bpcie_msi_write_msg(fee00000, 000000ef) mask=0x0 irq=11 hwirq=0x1 (____ptrval____)?
[    2.184220] baikal_pcie 0000:00:14.4: bpcie_config_msi: func=4 subfunc=1 addr=fee00000 data=000000ef?
[    2.193549] baikal_pcie 0000:00:14.4: bpcie_msi_write_msg(fee00000, 000000ef) mask=0x0 irq=12 hwirq=0x2 (____ptrval____)?
[    2.204641] baikal_pcie 0000:00:14.4: bpcie_config_msi: func=4 subfunc=2 addr=fee00000 data=000000ef?
[    2.213963] baikal_pcie 0000:00:14.4: bpcie_msi_write_msg(fee00000, 000000ef) mask=0x0 irq=13 hwirq=0x3 (____ptrval____)?
[    2.225045] baikal_pcie 0000:00:14.4: bpcie_config_msi: func=4 subfunc=3 addr=fee00000 data=000000ef?
[    2.234363] baikal_pcie 0000:00:14.4: bpcie_msi_write_msg(fee00000, 000000ef) mask=0x0 irq=14 hwirq=0x4 (____ptrval____)?
[    2.245445] baikal_pcie 0000:00:14.4: bpcie_config_msi: func=4 subfunc=4 addr=fee00000 data=000000ef?
[    2.254765] baikal_pcie 0000:00:14.4: bpcie_msi_write_msg(fee00000, 000000ef) mask=0x0 irq=15 hwirq=0x5 (____ptrval____)?
[    2.265846] baikal_pcie 0000:00:14.4: bpcie_config_msi: func=4 subfunc=5 addr=fee00000 data=000000ef?
[    2.275164] baikal_pcie 0000:00:14.4: bpcie_msi_write_msg(fee00000, 000000ef) mask=0x0 irq=16 hwirq=0x6 (____ptrval____)?
[    2.286244] baikal_pcie 0000:00:14.4: bpcie_config_msi: func=4 subfunc=6 addr=fee00000 data=000000ef?
[    2.295563] baikal_pcie 0000:00:14.4: bpcie_msi_write_msg(fee00000, 000000ef) mask=0x0 irq=17 hwirq=0x7 (____ptrval____)?
[    2.306648] baikal_pcie 0000:00:14.4: bpcie_config_msi: func=4 subfunc=7 addr=fee00000 data=000000ef?
[    2.315966] baikal_pcie 0000:00:14.4: bpcie_msi_write_msg(fee00000, 000000ef) mask=0x0 irq=18 hwirq=0x8 (____ptrval____)?
[    2.327050] baikal_pcie 0000:00:14.4: bpcie_config_msi: func=4 subfunc=8 addr=fee00000 data=000000ef?
[    2.336368] baikal_pcie 0000:00:14.4: bpcie_msi_write_msg(fee00000, 000000ef) mask=0x0 irq=19 hwirq=0x9 (____ptrval____)?
[    2.347449] baikal_pcie 0000:00:14.4: bpcie_config_msi: func=4 subfunc=9 addr=fee00000 data=000000ef?
[    2.356769] baikal_pcie 0000:00:14.4: bpcie_msi_write_msg(fee00000, 000000ef) mask=0x0 irq=20 hwirq=0xa (____ptrval____)?
[    2.367851] baikal_pcie 0000:00:14.4: bpcie_config_msi: func=4 subfunc=10 addr=fee00000 data=000000ef?
[    2.377257] baikal_pcie 0000:00:14.4: bpcie_msi_write_msg(fee00000, 000000ef) mask=0x0 irq=21 hwirq=0xb (____ptrval____)?
[    2.388341] baikal_pcie 0000:00:14.4: bpcie_config_msi: func=4 subfunc=11 addr=fee00000 data=000000ef?
[    2.397747] baikal_pcie 0000:00:14.4: bpcie_msi_write_msg(fee00000, 000000ef) mask=0x0 irq=22 hwirq=0xc (____ptrval____)?
[    2.408829] baikal_pcie 0000:00:14.4: bpcie_config_msi: func=4 subfunc=12 addr=fee00000 data=000000ef?
[    2.418236] baikal_pcie 0000:00:14.4: bpcie_msi_write_msg(fee00000, 000000ef) mask=0x0 irq=23 hwirq=0xd (____ptrval____)?
[    2.429319] baikal_pcie 0000:00:14.4: bpcie_config_msi: func=4 subfunc=13 addr=fee00000 data=000000ef?
[    2.438725] baikal_pcie 0000:00:14.4: bpcie_msi_write_msg(fee00000, 000000ef) mask=0x0 irq=24 hwirq=0xe (____ptrval____)?
[    2.449806] baikal_pcie 0000:00:14.4: bpcie_config_msi: func=4 subfunc=14 addr=fee00000 data=000000ef?
[    2.459214] baikal_pcie 0000:00:14.4: bpcie_msi_write_msg(fee00000, 000000ef) mask=0x0 irq=25 hwirq=0xf (____ptrval____)?
[    2.470298] baikal_pcie 0000:00:14.4: bpcie_config_msi: func=4 subfunc=15 addr=fee00000 data=000000ef?
[    2.479706] baikal_pcie 0000:00:14.4: bpcie_msi_write_msg(fee00000, 000000ef) mask=0x0 irq=26 hwirq=0x10 (____ptrval____)?
[    2.490876] baikal_pcie 0000:00:14.4: bpcie_config_msi: func=4 subfunc=16 addr=fee00000 data=000000ef?
[    2.500282] baikal_pcie 0000:00:14.4: bpcie_msi_write_msg(fee00000, 000000ef) mask=0x0 irq=27 hwirq=0x11 (____ptrval____)?
[    2.511457] baikal_pcie 0000:00:14.4: bpcie_config_msi: func=4 subfunc=17 addr=fee00000 data=000000ef?
[    2.520864] baikal_pcie 0000:00:14.4: bpcie_msi_write_msg(fee00000, 000000ef) mask=0x0 irq=28 hwirq=0x12 (____ptrval____)?
[    2.532034] baikal_pcie 0000:00:14.4: bpcie_config_msi: func=4 subfunc=18 addr=fee00000 data=000000ef?
[    2.541448] baikal_pcie 0000:00:14.4: bpcie_msi_write_msg(fee00000, 000000ef) mask=0x0 irq=29 hwirq=0x13 (____ptrval____)?
[    2.552620] baikal_pcie 0000:00:14.4: bpcie_config_msi: func=4 subfunc=19 addr=fee00000 data=000000ef?
[    2.562030] baikal_pcie 0000:00:14.4: bpcie_msi_write_msg(fee00000, 000000ef) mask=0x0 irq=30 hwirq=0x14 (____ptrval____)?
[    2.573202] baikal_pcie 0000:00:14.4: bpcie_config_msi: func=4 subfunc=20 addr=fee00000 data=000000ef?
[    2.582610] baikal_pcie 0000:00:14.4: bpcie_msi_write_msg(fee00000, 000000ef) mask=0x0 irq=31 hwirq=0x15 (____ptrval____)?
[    2.593780] baikal_pcie 0000:00:14.4: bpcie_config_msi: func=4 subfunc=21 addr=fee00000 data=000000ef?
[    2.603188] baikal_pcie 0000:00:14.4: bpcie_msi_write_msg(fee00000, 000000ef) mask=0x0 irq=32 hwirq=0x16 (____ptrval____)?
[    2.614359] baikal_pcie 0000:00:14.4: bpcie_config_msi: func=4 subfunc=22 addr=fee00000 data=000000ef?
[    2.623765] baikal_pcie 0000:00:14.4: bpcie_msi_write_msg(fee00000, 000000ef) mask=0x0 irq=33 hwirq=0x17 (____ptrval____)?
[    2.634935] baikal_pcie 0000:00:14.4: bpcie_config_msi: func=4 subfunc=23 addr=fee00000 data=000000ef?
[    2.644342] baikal_pcie 0000:00:14.4: bpcie_msi_write_msg(fee00000, 000000ef) mask=0x0 irq=34 hwirq=0x18 (____ptrval____)?
[    2.655511] baikal_pcie 0000:00:14.4: bpcie_config_msi: func=4 subfunc=24 addr=fee00000 data=000000ef?
[    2.664919] baikal_pcie 0000:00:14.4: bpcie_msi_write_msg(fee00000, 000000ef) mask=0x0 irq=35 hwirq=0x19 (____ptrval____)?
[    2.676091] baikal_pcie 0000:00:14.4: bpcie_config_msi: func=4 subfunc=25 addr=fee00000 data=000000ef?
[    2.685498] baikal_pcie 0000:00:14.4: bpcie_msi_write_msg(fee00000, 000000ef) mask=0x0 irq=36 hwirq=0x1a (____ptrval____)?
[    2.696669] baikal_pcie 0000:00:14.4: bpcie_config_msi: func=4 subfunc=26 addr=fee00000 data=000000ef?
[    2.706076] baikal_pcie 0000:00:14.4: bpcie_msi_write_msg(fee00000, 000000ef) mask=0x0 irq=37 hwirq=0x1b (____ptrval____)?
[    2.717247] baikal_pcie 0000:00:14.4: bpcie_config_msi: func=4 subfunc=27 addr=fee00000 data=000000ef?
[    2.726653] baikal_pcie 0000:00:14.4: bpcie_msi_write_msg(fee00000, 000000ef) mask=0x0 irq=38 hwirq=0x1c (____ptrval____)?
[    2.737823] baikal_pcie 0000:00:14.4: bpcie_config_msi: func=4 subfunc=28 addr=fee00000 data=000000ef?
[    2.747230] baikal_pcie 0000:00:14.4: bpcie_msi_write_msg(fee00000, 000000ef) mask=0x0 irq=39 hwirq=0x1d (____ptrval____)?
[    2.758400] baikal_pcie 0000:00:14.4: bpcie_config_msi: func=4 subfunc=29 addr=fee00000 data=000000ef?
[    2.767809] baikal_pcie 0000:00:14.4: bpcie_msi_write_msg(fee00000, 000000ef) mask=0x0 irq=40 hwirq=0x1e (____ptrval____)?
[    2.778980] baikal_pcie 0000:00:14.4: bpcie_config_msi: func=4 subfunc=30 addr=fee00000 data=000000ef?
[    2.788387] baikal_pcie 0000:00:14.4: bpcie_msi_write_msg(fee00000, 000000ef) mask=0x0 irq=41 hwirq=0x1f (____ptrval____)?
[    2.799558] baikal_pcie 0000:00:14.4: bpcie_config_msi: func=4 subfunc=31 addr=fee00000 data=000000ef?
[    2.809051] baikal_pcie 0000:00:14.4: dev->irq=10?
[    2.813968] baikal_pcie 0000:00:14.4: Failed to register serial port 0?
[    2.820629] baikal_pcie 0000:00:14.4: UART init failed (-5); continuing without serial console?
[    2.829420] bpcie_icc_init: msi_desc msi_index=0 irq=10?
[    2.834746] bpcie_icc_init: ICC subfunc 3 -> bpcie_irqnum=13 found_virq=-1?
[    2.841759] baikal_pcie 0000:00:14.4: bpcie_msi_write_msg(fee01000, 00000020) mask=0x0 irq=13 hwirq=0x3 (____ptrval____)?
[    2.842748] baikal_pcie 0000:00:14.4: bpcie_config_msi: func=4 subfunc=3 addr=fee01000 data=00000020?
[    2.842748] baikal_pcie 0000:00:14.4: bpcie_msi_write_msg(fee01000, 00000020) mask=0x0 irq=13 hwirq=0x3 (____ptrval____)?
[    2.842748] baikal_pcie 0000:00:14.4: bpcie_config_msi: func=4 subfunc=3 addr=fee01000 data=00000020?
[    2.882564] genirq: Flags mismatch irq 0. 00200080 (icc-shotgun) vs. 00000000 (AMD-Vi)?
[    2.890647] baikal_pcie 0000:00:14.4: bpcie_msi_write_msg(fee02000, 00000020) mask=0x0 irq=10 hwirq=0x0 (____ptrval____)?
[    2.891633] baikal_pcie 0000:00:14.4: bpcie_config_msi: func=4 subfunc=0 addr=fee02000 data=00000020?
[    2.891633] baikal_pcie 0000:00:14.4: bpcie_msi_write_msg(fee02000, 00000020) mask=0x0 irq=10 hwirq=0x0 (____ptrval____)?
[    2.891633] baikal_pcie 0000:00:14.4: bpcie_config_msi: func=4 subfunc=0 addr=fee02000 data=00000020?
[    2.931467] baikal_pcie 0000:00:14.4: bpcie_msi_write_msg(fee03000, 00000020) mask=0x0 irq=11 hwirq=0x1 (____ptrval____)?
[    2.932451] baikal_pcie 0000:00:14.4: bpcie_config_msi: func=4 subfunc=1 addr=fee03000 data=00000020?
[    2.932451] baikal_pcie 0000:00:14.4: bpcie_msi_write_msg(fee03000, 00000020) mask=0x0 irq=11 hwirq=0x1 (____ptrval____)?
[    2.932451] baikal_pcie 0000:00:14.4: bpcie_config_msi: func=4 subfunc=1 addr=fee03000 data=00000020?
[    2.972265] baikal_pcie 0000:00:14.4: bpcie_msi_write_msg(fee04000, 00000020) mask=0x0 irq=12 hwirq=0x2 (____ptrval____)?
[    2.973248] baikal_pcie 0000:00:14.4: bpcie_config_msi: func=4 subfunc=2 addr=fee04000 data=00000020?
[    2.973248] baikal_pcie 0000:00:14.4: bpcie_msi_write_msg(fee04000, 00000020) mask=0x0 irq=12 hwirq=0x2 (____ptrval____)?
[    2.973248] baikal_pcie 0000:00:14.4: bpcie_config_msi: func=4 subfunc=2 addr=fee04000 data=00000020?
[    3.013059] baikal_pcie 0000:00:14.4: bpcie_msi_write_msg(fee05000, 00000020) mask=0x0 irq=14 hwirq=0x4 (____ptrval____)?
[    3.014040] baikal_pcie 0000:00:14.4: bpcie_config_msi: func=4 subfunc=4 addr=fee05000 data=00000020?
[    3.014040] baikal_pcie 0000:00:14.4: bpcie_msi_write_msg(fee05000, 00000020) mask=0x0 irq=14 hwirq=0x4 (____ptrval____)?
[    3.014040] baikal_pcie 0000:00:14.4: bpcie_config_msi: func=4 subfunc=4 addr=fee05000 data=00000020?
[    3.053850] baikal_pcie 0000:00:14.4: bpcie_msi_write_msg(fee06000, 00000020) mask=0x0 irq=15 hwirq=0x5 (____ptrval____)?
[    3.054833] baikal_pcie 0000:00:14.4: bpcie_config_msi: func=4 subfunc=5 addr=fee06000 data=00000020?
[    3.054833] baikal_pcie 0000:00:14.4: bpcie_msi_write_msg(fee06000, 00000020) mask=0x0 irq=15 hwirq=0x5 (____ptrval____)?
[    3.054833] baikal_pcie 0000:00:14.4: bpcie_config_msi: func=4 subfunc=5 addr=fee06000 data=00000020?
[    3.094645] baikal_pcie 0000:00:14.4: bpcie_msi_write_msg(fee07000, 00000020) mask=0x0 irq=16 hwirq=0x6 (____ptrval____)?
[    3.095627] baikal_pcie 0000:00:14.4: bpcie_config_msi: func=4 subfunc=6 addr=fee07000 data=00000020?
[    3.095627] baikal_pcie 0000:00:14.4: bpcie_msi_write_msg(fee07000, 00000020) mask=0x0 irq=16 hwirq=0x6 (____ptrval____)?
[    3.095627] baikal_pcie 0000:00:14.4: bpcie_config_msi: func=4 subfunc=6 addr=fee07000 data=00000020?
[    3.135437] baikal_pcie 0000:00:14.4: bpcie_msi_write_msg(fee00000, 00000021) mask=0x0 irq=17 hwirq=0x7 (____ptrval____)?
[    3.136421] baikal_pcie 0000:00:14.4: bpcie_config_msi: func=4 subfunc=7 addr=fee00000 data=00000021?
[    3.136421] baikal_pcie 0000:00:14.4: bpcie_msi_write_msg(fee00000, 00000021) mask=0x0 irq=17 hwirq=0x7 (____ptrval____)?
[    3.136421] baikal_pcie 0000:00:14.4: bpcie_config_msi: func=4 subfunc=7 addr=fee00000 data=00000021?
[    3.176243] baikal_pcie 0000:00:14.4: bpcie_msi_write_msg(fee01000, 00000021) mask=0x0 irq=18 hwirq=0x8 (____ptrval____)?
[    3.177216] baikal_pcie 0000:00:14.4: bpcie_config_msi: func=4 subfunc=8 addr=fee01000 data=00000021?
[    3.177216] baikal_pcie 0000:00:14.4: bpcie_msi_write_msg(fee01000, 00000021) mask=0x0 irq=18 hwirq=0x8 (____ptrval____)?
[    3.177216] baikal_pcie 0000:00:14.4: bpcie_config_msi: func=4 subfunc=8 addr=fee01000 data=00000021?
[    3.217041] baikal_pcie 0000:00:14.4: bpcie_msi_write_msg(fee02000, 00000021) mask=0x0 irq=19 hwirq=0x9 (____ptrval____)?
[    3.218024] baikal_pcie 0000:00:14.4: bpcie_config_msi: func=4 subfunc=9 addr=fee02000 data=00000021?
[    3.218024] baikal_pcie 0000:00:14.4: bpcie_msi_write_msg(fee02000, 00000021) mask=0x0 irq=19 hwirq=0x9 (____ptrval____)?
[    3.218024] baikal_pcie 0000:00:14.4: bpcie_config_msi: func=4 subfunc=9 addr=fee02000 data=00000021?
[    3.257830] baikal_pcie 0000:00:14.4: bpcie_msi_write_msg(fee03000, 00000021) mask=0x0 irq=20 hwirq=0xa (____ptrval____)?
[    3.258814] baikal_pcie 0000:00:14.4: bpcie_config_msi: func=4 subfunc=10 addr=fee03000 data=00000021?
[    3.258814] baikal_pcie 0000:00:14.4: bpcie_msi_write_msg(fee03000, 00000021) mask=0x0 irq=20 hwirq=0xa (____ptrval____)?
[    3.258814] baikal_pcie 0000:00:14.4: bpcie_config_msi: func=4 subfunc=10 addr=fee03000 data=00000021?
[    3.298804] baikal_pcie 0000:00:14.4: bpcie_msi_write_msg(fee04000, 00000021) mask=0x0 irq=21 hwirq=0xb (____ptrval____)?
[    3.299785] baikal_pcie 0000:00:14.4: bpcie_config_msi: func=4 subfunc=11 addr=fee04000 data=00000021?
[    3.299785] baikal_pcie 0000:00:14.4: bpcie_msi_write_msg(fee04000, 00000021) mask=0x0 irq=21 hwirq=0xb (____ptrval____)?
[    3.299785] baikal_pcie 0000:00:14.4: bpcie_config_msi: func=4 subfunc=11 addr=fee04000 data=00000021?
[    3.339774] baikal_pcie 0000:00:14.4: bpcie_msi_write_msg(fee05000, 00000021) mask=0x0 irq=22 hwirq=0xc (____ptrval____)?
[    3.340759] baikal_pcie 0000:00:14.4: bpcie_config_msi: func=4 subfunc=12 addr=fee05000 data=00000021?
[    3.340759] baikal_pcie 0000:00:14.4: bpcie_msi_write_msg(fee05000, 00000021) mask=0x0 irq=22 hwirq=0xc (____ptrval____)?
[    3.340759] baikal_pcie 0000:00:14.4: bpcie_config_msi: func=4 subfunc=12 addr=fee05000 data=00000021?
[    3.380749] baikal_pcie 0000:00:14.4: bpcie_msi_write_msg(fee06000, 00000021) mask=0x0 irq=23 hwirq=0xd (____ptrval____)?
[    3.381730] baikal_pcie 0000:00:14.4: bpcie_config_msi: func=4 subfunc=13 addr=fee06000 data=00000021?
[    3.381730] baikal_pcie 0000:00:14.4: bpcie_msi_write_msg(fee06000, 00000021) mask=0x0 irq=23 hwirq=0xd (____ptrval____)?
[    3.381730] baikal_pcie 0000:00:14.4: bpcie_config_msi: func=4 subfunc=13 addr=fee06000 data=00000021?
[    3.421718] baikal_pcie 0000:00:14.4: bpcie_msi_write_msg(fee07000, 00000021) mask=0x0 irq=24 hwirq=0xe (____ptrval____)?
[    3.422703] baikal_pcie 0000:00:14.4: bpcie_config_msi: func=4 subfunc=14 addr=fee07000 data=00000021?
[    3.422703] baikal_pcie 0000:00:14.4: bpcie_msi_write_msg(fee07000, 00000021) mask=0x0 irq=24 hwirq=0xe (____ptrval____)?
[    3.422703] baikal_pcie 0000:00:14.4: bpcie_config_msi: func=4 subfunc=14 addr=fee07000 data=00000021?
[    3.462690] baikal_pcie 0000:00:14.4: bpcie_msi_write_msg(fee00000, 00000022) mask=0x0 irq=25 hwirq=0xf (____ptrval____)?
[    3.463671] baikal_pcie 0000:00:14.4: bpcie_config_msi: func=4 subfunc=15 addr=fee00000 data=00000022?
[    3.463671] baikal_pcie 0000:00:14.4: bpcie_msi_write_msg(fee00000, 00000022) mask=0x0 irq=25 hwirq=0xf (____ptrval____)?
[    3.463671] baikal_pcie 0000:00:14.4: bpcie_config_msi: func=4 subfunc=15 addr=fee00000 data=00000022?
[    3.503663] baikal_pcie 0000:00:14.4: bpcie_msi_write_msg(fee01000, 00000022) mask=0x0 irq=26 hwirq=0x10 (____ptrval____)?
[    3.504648] baikal_pcie 0000:00:14.4: bpcie_config_msi: func=4 subfunc=16 addr=fee01000 data=00000022?
[    3.504648] baikal_pcie 0000:00:14.4: bpcie_msi_write_msg(fee01000, 00000022) mask=0x0 irq=26 hwirq=0x10 (____ptrval____)?
[    3.504648] baikal_pcie 0000:00:14.4: bpcie_config_msi: func=4 subfunc=16 addr=fee01000 data=00000022?
[    3.544808] baikal_pcie 0000:00:14.4: bpcie_msi_write_msg(fee02000, 00000022) mask=0x0 irq=27 hwirq=0x11 (____ptrval____)?
[    3.545791] baikal_pcie 0000:00:14.4: bpcie_config_msi: func=4 subfunc=17 addr=fee02000 data=00000022?
[    3.545791] baikal_pcie 0000:00:14.4: bpcie_msi_write_msg(fee02000, 00000022) mask=0x0 irq=27 hwirq=0x11 (____ptrval____)?
[    3.545791] baikal_pcie 0000:00:14.4: bpcie_config_msi: func=4 subfunc=17 addr=fee02000 data=00000022?
[    3.585956] baikal_pcie 0000:00:14.4: bpcie_msi_write_msg(fee03000, 00000022) mask=0x0 irq=28 hwirq=0x12 (____ptrval____)?
[    3.586938] baikal_pcie 0000:00:14.4: bpcie_config_msi: func=4 subfunc=18 addr=fee03000 data=00000022?
[    3.586938] baikal_pcie 0000:00:14.4: bpcie_msi_write_msg(fee03000, 00000022) mask=0x0 irq=28 hwirq=0x12 (____ptrval____)?
[    3.586938] baikal_pcie 0000:00:14.4: bpcie_config_msi: func=4 subfunc=18 addr=fee03000 data=00000022?
[    3.627106] baikal_pcie 0000:00:14.4: bpcie_msi_write_msg(fee04000, 00000022) mask=0x0 irq=29 hwirq=0x13 (____ptrval____)?
[    3.628089] baikal_pcie 0000:00:14.4: bpcie_config_msi: func=4 subfunc=19 addr=fee04000 data=00000022?
[    3.628089] baikal_pcie 0000:00:14.4: bpcie_msi_write_msg(fee04000, 00000022) mask=0x0 irq=29 hwirq=0x13 (____ptrval____)?
[    3.628089] baikal_pcie 0000:00:14.4: bpcie_config_msi: func=4 subfunc=19 addr=fee04000 data=00000022?
[    3.668253] baikal_pcie 0000:00:14.4: bpcie_msi_write_msg(fee05000, 00000022) mask=0x0 irq=30 hwirq=0x14 (____ptrval____)?
[    3.669236] baikal_pcie 0000:00:14.4: bpcie_config_msi: func=4 subfunc=20 addr=fee05000 data=00000022?
[    3.669236] baikal_pcie 0000:00:14.4: bpcie_msi_write_msg(fee05000, 00000022) mask=0x0 irq=30 hwirq=0x14 (____ptrval____)?
[    3.669236] baikal_pcie 0000:00:14.4: bpcie_config_msi: func=4 subfunc=20 addr=fee05000 data=00000022?
[    3.709402] baikal_pcie 0000:00:14.4: bpcie_msi_write_msg(fee06000, 00000022) mask=0x0 irq=31 hwirq=0x15 (____ptrval____)?
[    3.710382] baikal_pcie 0000:00:14.4: bpcie_config_msi: func=4 subfunc=21 addr=fee06000 data=00000022?
[    3.710382] baikal_pcie 0000:00:14.4: bpcie_msi_write_msg(fee06000, 00000022) mask=0x0 irq=31 hwirq=0x15 (____ptrval____)?
[    3.710382] baikal_pcie 0000:00:14.4: bpcie_config_msi: func=4 subfunc=21 addr=fee06000 data=00000022?
[    3.750552] baikal_pcie 0000:00:14.4: bpcie_msi_write_msg(fee07000, 00000022) mask=0x0 irq=32 hwirq=0x16 (____ptrval____)?
[    3.751534] baikal_pcie 0000:00:14.4: bpcie_config_msi: func=4 subfunc=22 addr=fee07000 data=00000022?
[    3.751534] baikal_pcie 0000:00:14.4: bpcie_msi_write_msg(fee07000, 00000022) mask=0x0 irq=32 hwirq=0x16 (____ptrval____)?
[    3.751534] baikal_pcie 0000:00:14.4: bpcie_config_msi: func=4 subfunc=22 addr=fee07000 data=00000022?
[    3.791697] baikal_pcie 0000:00:14.4: bpcie_msi_write_msg(fee00000, 00000023) mask=0x0 irq=33 hwirq=0x17 (____ptrval____)?
[    3.792679] baikal_pcie 0000:00:14.4: bpcie_config_msi: func=4 subfunc=23 addr=fee00000 data=00000023?
[    3.792679] baikal_pcie 0000:00:14.4: bpcie_msi_write_msg(fee00000, 00000023) mask=0x0 irq=33 hwirq=0x17 (____ptrval____)?
[    3.792679] baikal_pcie 0000:00:14.4: bpcie_config_msi: func=4 subfunc=23 addr=fee00000 data=00000023?
[    3.832843] baikal_pcie 0000:00:14.4: bpcie_msi_write_msg(fee01000, 00000023) mask=0x0 irq=34 hwirq=0x18 (____ptrval____)?
[    3.833828] baikal_pcie 0000:00:14.4: bpcie_config_msi: func=4 subfunc=24 addr=fee01000 data=00000023?
[    3.833828] baikal_pcie 0000:00:14.4: bpcie_msi_write_msg(fee01000, 00000023) mask=0x0 irq=34 hwirq=0x18 (____ptrval____)?
[    3.833828] baikal_pcie 0000:00:14.4: bpcie_config_msi: func=4 subfunc=24 addr=fee01000 data=00000023?
[    3.873996] baikal_pcie 0000:00:14.4: bpcie_msi_write_msg(fee02000, 00000023) mask=0x0 irq=35 hwirq=0x19 (____ptrval____)?
[    3.874977] baikal_pcie 0000:00:14.4: bpcie_config_msi: func=4 subfunc=25 addr=fee02000 data=00000023?
[    3.874977] baikal_pcie 0000:00:14.4: bpcie_msi_write_msg(fee02000, 00000023) mask=0x0 irq=35 hwirq=0x19 (____ptrval____)?
[    3.874977] baikal_pcie 0000:00:14.4: bpcie_config_msi: func=4 subfunc=25 addr=fee02000 data=00000023?
[    3.915144] baikal_pcie 0000:00:14.4: bpcie_msi_write_msg(fee03000, 00000023) mask=0x0 irq=36 hwirq=0x1a (____ptrval____)?
[    3.916128] baikal_pcie 0000:00:14.4: bpcie_config_msi: func=4 subfunc=26 addr=fee03000 data=00000023?
[    3.916128] baikal_pcie 0000:00:14.4: bpcie_msi_write_msg(fee03000, 00000023) mask=0x0 irq=36 hwirq=0x1a (____ptrval____)?
[    3.916128] baikal_pcie 0000:00:14.4: bpcie_config_msi: func=4 subfunc=26 addr=fee03000 data=00000023?
[    3.956296] baikal_pcie 0000:00:14.4: bpcie_msi_write_msg(fee04000, 00000023) mask=0x0 irq=37 hwirq=0x1b (____ptrval____)?
[    3.957277] baikal_pcie 0000:00:14.4: bpcie_config_msi: func=4 subfunc=27 addr=fee04000 data=00000023?
[    3.957277] baikal_pcie 0000:00:14.4: bpcie_msi_write_msg(fee04000, 00000023) mask=0x0 irq=37 hwirq=0x1b (____ptrval____)?
[    3.957277] baikal_pcie 0000:00:14.4: bpcie_config_msi: func=4 subfunc=27 addr=fee04000 data=00000023?
[    3.997440] baikal_pcie 0000:00:14.4: bpcie_msi_write_msg(fee05000, 00000023) mask=0x0 irq=38 hwirq=0x1c (____ptrval____)?
[    3.998425] baikal_pcie 0000:00:14.4: bpcie_config_msi: func=4 subfunc=28 addr=fee05000 data=00000023?
[    3.998425] baikal_pcie 0000:00:14.4: bpcie_msi_write_msg(fee05000, 00000023) mask=0x0 irq=38 hwirq=0x1c (____ptrval____)?
[    3.998425] baikal_pcie 0000:00:14.4: bpcie_config_msi: func=4 subfunc=28 addr=fee05000 data=00000023?
[    4.038589] baikal_pcie 0000:00:14.4: bpcie_msi_write_msg(fee06000, 00000023) mask=0x0 irq=39 hwirq=0x1d (____ptrval____)?
[    4.039570] baikal_pcie 0000:00:14.4: bpcie_config_msi: func=4 subfunc=29 addr=fee06000 data=00000023?
[    4.039570] baikal_pcie 0000:00:14.4: bpcie_msi_write_msg(fee06000, 00000023) mask=0x0 irq=39 hwirq=0x1d (____ptrval____)?
[    4.039570] baikal_pcie 0000:00:14.4: bpcie_config_msi: func=4 subfunc=29 addr=fee06000 data=00000023?
[    4.079733] baikal_pcie 0000:00:14.4: bpcie_msi_write_msg(fee07000, 00000023) mask=0x0 irq=40 hwirq=0x1e (____ptrval____)?
[    4.080718] baikal_pcie 0000:00:14.4: bpcie_config_msi: func=4 subfunc=30 addr=fee07000 data=00000023?
[    4.080718] baikal_pcie 0000:00:14.4: bpcie_msi_write_msg(fee07000, 00000023) mask=0x0 irq=40 hwirq=0x1e (____ptrval____)?
[    4.080718] baikal_pcie 0000:00:14.4: bpcie_config_msi: func=4 subfunc=30 addr=fee07000 data=00000023?
[    4.120884] baikal_pcie 0000:00:14.4: bpcie_msi_write_msg(fee00000, 00000024) mask=0x0 irq=41 hwirq=0x1f (____ptrval____)?
[    4.121868] baikal_pcie 0000:00:14.4: bpcie_config_msi: func=4 subfunc=31 addr=fee00000 data=00000024?
[    4.121868] baikal_pcie 0000:00:14.4: bpcie_msi_write_msg(fee00000, 00000024) mask=0x0 irq=41 hwirq=0x1f (____ptrval____)?
[    4.121868] baikal_pcie 0000:00:14.4: bpcie_config_msi: func=4 subfunc=31 addr=fee00000 data=00000024?
[    4.162031] bpcie_icc_init: shotgun-registered ICC at 32 additional virqs (0..63)?
[    4.169665] baikal_pcie 0000:00:14.4: icc init-diag: ICC virq=13 STATUS=0x0 IRQ_MASK=0x3 DOORBELL_off=0x108004 STATUS_off=0x108014?
[    4.181660] i2c i2c-0: adapter [icc] registered?
[    4.186403] icc_interrupt: irq=35 entry status=0x2?
[    4.186987] icc_interrupt: irq=0 entry status=0x2?
[    4.209144] icc_interrupt: irq=35 entry status=0x1?
[    4.209996] icc_interrupt: irq=0 entry status=0x1?
[    4.218825] Turn ON BT/WLAN: ret=20, reply 00 00 00 00?
[    4.218966] icc_interrupt: irq=35 entry status=0x2?
[    4.219970] icc_interrupt: irq=0 entry status=0x2?
[    4.233878] usb0 status: ret=20, reply 00 00 01 00?
[    4.233882] USB is already turned ON!?
[    4.238834] input: Power Button as /devices/pci0000:00/0000:00:14.4/input/input0?
[    4.250225] icc_interrupt: irq=35 entry status=0x2?
[    4.250961] icc_interrupt: irq=0 entry status=0x2?
[    4.264119] icc_interrupt: irq=35 entry status=0x1?
[    4.264959] icc_interrupt: irq=0 entry status=0x1?
[    4.273799] icc: not ready?
[    4.276558] baikal_pcie 0000:00:14.4: icc_pwrbutton_init: Failed to enable reset notifications (-11)?
[    4.299966] ret=46, reply 00 00 03 00 00 00 15 00?
[    4.309963] ret=20, reply 00 00 01 02 10 00 00 00?
[    4.319960] ret=20, reply 00 00 00 00 00 00 00 00?
[    4.324864] wireguard: WireGuard 1.0.0 loaded. See www.wireguard.com for information.?
[    4.332848] wireguard: Copyright (C) 2015-2019 Jason A. Donenfeld <Jason@zx2c4.com>. All Rights Reserved.?
[    4.343096] sky2: driver version 1.30?
[    4.346870] resource: resource sanity check: requesting [mem 0x00000000c2000000-0x00000000c2003fff], which spans more than 0000:00:14.1 [mem 0xc2000000-0xc2000fff 64bit]?
[    4.362296] caller sky2_probe+0x153/0x330 mapping multiple BARs?
[    4.368340] sky2 0000:00:14.1: PS4 Baikal: B2_CHIP_ID=0x0, forcing YUKON_PRM?
[    4.375528] sky2 0000:00:14.1: chip type 0xbd?
[    4.379983] sky2 0000:00:14.1: Yukon-2 OptimaEEE chip revision 0?
[    4.386164] sky2 0000:00:14.1: bpcie_assign_irqs(1)?
[    4.391148] bpcie_init_dev_msi_info: dev=0000:00:14.1 installed bpcie demuxer (sc=(____ptrval____))?
[    4.400406] bpcie_msi_init: virq=1 hwirq=0x0 domain=(____ptrval____) info=(____ptrval____) sc=(____ptrval____)?
[    4.410608] bpcie_msi_init: registered virq=1 irq_map[32]?
[    4.416115] sky2 0000:00:14.1: bpcie_msi_write_msg(fee00000, 000000ef) mask=0x0 irq=1 hwirq=0x0 (____ptrval____)?
[    4.426497] baikal_pcie 0000:00:14.4: bpcie_config_msi: func=1 subfunc=0 addr=fee00000 data=000000ef?
[    4.435834] sky2 0000:00:14.1: bpcie_assign_irqs returning 1?
[    4.441603] sky2 0000:00:14.1: PS4 Baikal: skipping MSI self-test in APCIE branch?
[    4.449510] sky2 0000:00:14.1 eth0: addr 2c:cc:44:57:0b:3a?
[    4.455545] xhci_aeolia 0000:00:14.7: bpcie_assign_irqs(3)?
[    4.461153] bpcie_init_dev_msi_info: dev=0000:00:14.7 installed bpcie demuxer (sc=(____ptrval____))?
[    4.470418] bpcie_msi_init: virq=2 hwirq=0x0 domain=(____ptrval____) info=(____ptrval____) sc=(____ptrval____)?
[    4.480620] bpcie_msi_init: registered virq=2 irq_map[33]?
[    4.486126] xhci_aeolia 0000:00:14.7: bpcie_msi_write_msg(fee00000, 000000ef) mask=0x0 irq=2 hwirq=0x0 (____ptrval____)?
[    4.497128] baikal_pcie 0000:00:14.4: bpcie_config_msi: func=7 subfunc=0 addr=fee00000 data=000000ef?
[    4.506465] xhci_aeolia 0000:00:14.7: bpcie_assign_irqs returning 1?
[    4.512856] xhci_aeolia 0000:00:14.7: version 3.0?
[    4.517660] xhci_aeolia 0000:00:14.7: Belize SATA PHY init?
[    5.523287] xhci_aeolia 0000:00:14.7: PHY SET GEN3?
[    5.528175] xhci_aeolia 0000:00:14.7: Belize SATA PHY Trace length : 6?
[    6.534916] xhci_aeolia 0000:00:14.7: Align 90=0x00?
[    6.539923] clocksource: tsc: mask: 0xffffffffffffffff max_cycles: 0x16fa26cca63, max_idle_ns: 440795214844 ns?
[    6.539987] xhci_aeolia 0000:00:14.7: AHCI vers 0001.0300, 32 command slots, 6 Gbps, ATA mode?
[    6.558808] xhci_aeolia 0000:00:14.7: 1/1 ports implemented (port mask 0x1)?
[    6.565904] xhci_aeolia 0000:00:14.7: flags: ncq sntf pm clo only pmp pio slum part ccc apst ?
[    6.574615] clocksource: Switched to clocksource tsc?
[    6.574667] xhci_aeolia 0000:00:14.7: bpcie_msi_write_msg(fee01000, 00000024) mask=0x0 irq=2 hwirq=0x0 (____ptrval____)?
[    6.588017] baikal_pcie 0000:00:14.4: bpcie_config_msi: func=7 subfunc=0 addr=fee01000 data=00000024?
[    6.596017] xhci_aeolia 0000:00:14.7: bpcie_msi_write_msg(fee01000, 00000024) mask=0x0 irq=2 hwirq=0x0 (____ptrval____)?
[    6.604023] baikal_pcie 0000:00:14.4: bpcie_config_msi: func=7 subfunc=0 addr=fee01000 data=00000024?
[    6.620704] scsi host0: ahci?
[    6.623767] ata1: SATA max UDMA/133 abar m65536@0xce800000 port 0xce800100 irq 2 lpm-pol 0?
[    6.683107] xhci_aeolia_probe_one 0, controller is 90de?
[    6.688513] xhci_aeolia 0000:00:14.7: xHCI Host Controller?
[    6.694129] xhci_aeolia 0000:00:14.7: new USB bus registered, assigned bus number 1?
[    6.702071] xhci_aeolia 0000:00:14.7: hcc params 0x0228f66c hci version 0x100 quirks 0x0004000000010010?
[    6.711665] xhci_aeolia 0000:00:14.7: irq 2, io mem 0xce000000?
[    6.717647] xhci_aeolia 0000:00:14.7: xHCI Host Controller?
[    6.723246] xhci_aeolia 0000:00:14.7: new USB bus registered, assigned bus number 2?
[    6.752115] xhci_aeolia 0000:00:14.7: Host supports USB 3.0 SuperSpeed?
[    6.758930] usb usb1: New USB device found, idVendor=1d6b, idProduct=0002, bcdDevice= 6.15?
[    6.767361] usb usb1: New USB device strings: Mfr=3, Product=2, SerialNumber=1?
[    6.774729] usb usb1: Product: xHCI Host Controller?
[    6.779704] usb usb1: Manufacturer: Linux 6.15.4-Baikal_TESTING_crashniels-dirty xhci-hcd?
[    6.788044] usb usb1: SerialNumber: 0000:00:14.7?
[    6.793269] hub 1-0:1.0: USB hub found?
[    6.797180] hub 1-0:1.0: 2 ports detected?
[    6.801513] usb usb2: We don't know the algorithms for LPM for this host, disabling LPM.?
[    6.809845] usb usb2: New USB device found, idVendor=1d6b, idProduct=0003, bcdDevice= 6.15?
[    6.818295] usb usb2: New USB device strings: Mfr=3, Product=2, SerialNumber=1?
[    6.825665] usb usb2: Product: xHCI Host Controller?
[    6.830639] usb usb2: Manufacturer: Linux 6.15.4-Baikal_TESTING_crashniels-dirty xhci-hcd?
[    6.838976] usb usb2: SerialNumber: 0000:00:14.7?
[    6.844015] hub 2-0:1.0: USB hub found?
[    6.847861] hub 2-0:1.0: 2 ports detected?
[    6.873138] xhci_aeolia_probe_one 2, controller is 90de?
[    6.878543] xhci_aeolia 0000:00:14.7: xHCI Host Controller?
[    6.884149] xhci_aeolia 0000:00:14.7: new USB bus registered, assigned bus number 3?
[    6.892096] xhci_aeolia 0000:00:14.7: hcc params 0x0220f06c hci version 0x100 quirks 0x0004000000010010?
[    6.901698] xhci_aeolia 0000:00:14.7: irq 2, io mem 0xcf000000?
[    6.907684] xhci_aeolia 0000:00:14.7: xHCI Host Controller?
[    6.913295] xhci_aeolia 0000:00:14.7: new USB bus registered, assigned bus number 4?
[    6.942108] xhci_aeolia 0000:00:14.7: Host supports USB 3.0 SuperSpeed?
[    6.949186] usb usb3: New USB device found, idVendor=1d6b, idProduct=0002, bcdDevice= 6.15?
[    6.957656] usb usb3: New USB device strings: Mfr=3, Product=2, SerialNumber=1?
[    6.965035] usb usb3: Product: xHCI Host Controller?
[    6.970010] usb usb3: Manufacturer: Linux 6.15.4-Baikal_TESTING_crashniels-dirty xhci-hcd?
[    6.978349] usb usb3: SerialNumber: 0000:00:14.7?
[    6.983548] hub 3-0:1.0: USB hub found?
[    6.987443] hub 3-0:1.0: 1 port detected?
[    6.991651] usb usb4: We don't know the algorithms for LPM for this host, disabling LPM.?
[    6.999998] usb usb4: New USB device found, idVendor=1d6b, idProduct=0003, bcdDevice= 6.15?
[    7.008427] usb usb4: New USB device strings: Mfr=3, Product=2, SerialNumber=1?
[    7.015804] usb usb4: Product: xHCI Host Controller?
[    7.020778] usb usb4: Manufacturer: Linux 6.15.4-Baikal_TESTING_crashniels-dirty xhci-hcd?
[    7.029116] usb usb4: SerialNumber: 0000:00:14.7?
[    7.034253] hub 4-0:1.0: USB hub found?
[    7.038101] hub 4-0:1.0: 1 port detected?
[    7.063513] usbcore: registered new interface driver uas?
[    7.069008] usb 1-1: new high-speed USB device number 2 using xhci_aeolia?
[    7.069021] usbcore: registered new interface driver usb-storage?
[    7.082121] i8042: PNP: No PS/2 controller found.?
[    7.087183] mousedev: PS/2 mouse device common for all mice?
[    7.093098] usbcore: registered new interface driver xpad?
[    7.098705] i2c_dev: i2c /dev entries driver?
[    7.103156] i2c_dev: adapter [icc] registered as minor 0?
[    7.104119] ata1: SATA link up 3.0 Gbps (SStatus 123 SControl 300)?
[    7.108592] i2c-core: driver [i2c-slave-eeprom] registered?
[    7.120837] device-mapper: ioctl: 4.49.0-ioctl (2025-01-17) initialised: dm-devel@lists.linux.dev?
[    7.126509] ata1.00: FORCE: modified (disable)?
[    7.130067] amd_pstate: the _CPC object is not present in SBIOS or ACPI disabled?
[    7.134452] ata1.00: unsupported device, disabling?
[    7.134456] ata1.00: disable device?
[    7.134466] sdhci: Secure Digital Host Controller Interface driver?
[    7.156746] sdhci: Copyright(c) Pierre Ossman?
[    7.161398] sdhci-pci 0000:00:14.3: SDHCI controller found [104d:90da] (rev 0)?
[    7.161471] hid: raw HID events driver (C) Jiri Kosina?
[    7.168823] bpcie_init_dev_msi_info: dev=0000:00:14.3 installed bpcie demuxer (sc=(____ptrval____))?
[    7.174261] usbcore: registered new interface driver usbhid?
[    7.183284] bpcie_msi_init: virq=3 hwirq=0x0 domain=(____ptrval____) info=(____ptrval____) sc=(____ptrval____)?
[    7.188919] usbhid: USB HID core driver?
[    7.188964] usb usb3-port1: over-current condition?
[    7.189609] snd_hda_intel 0000:00:01.1: can't derive routing for PCI INT B?
[    7.189618] snd_hda_intel 0000:00:01.1: PCI INT B: not connected?
[    7.189956] NET: Registered PF_INET6 protocol family?
[    7.190773] Segment Routing with IPv6?
[    7.190800] In-situ OAM (IOAM) with IPv6?
[    7.190846] NET: Registered PF_PACKET protocol family?
[    7.190933] Bluetooth: RFCOMM TTY layer initialized?
[    7.190939] Bluetooth: RFCOMM socket layer initialized?
[    7.190942] Bluetooth: RFCOMM ver 1.11?
[    7.190945] Bluetooth: BNEP (Ethernet Emulation) ver 1.3?
[    7.190947] Bluetooth: BNEP filters: protocol multicast?
[    7.190951] Bluetooth: BNEP socket layer initialized?
[    7.190954] Bluetooth: HIDP (Human Interface Emulation) ver 1.2?
[    7.190958] Bluetooth: HIDP socket layer initialized?
[    7.199127] bpcie_msi_init: registered virq=3 irq_map[34]?
[    7.285315] sdhci-pci 0000:00:14.3: bpcie_msi_write_msg(fee00000, 000000ef) mask=0x0 irq=3 hwirq=0x0 (____ptrval____)?
[    7.289341] input: HD-Audio Generic HDMI/DP,pcm=3 as /devices/pci0000:00/0000:00:01.1/sound/card0/input1?
[    7.296146] baikal_pcie 0000:00:14.4: bpcie_config_msi: func=3 subfunc=0 addr=fee00000 data=000000ef?
[    7.296299] input: HD-Audio Generic HDMI/DP,pcm=7 as /devices/pci0000:00/0000:00:01.1/sound/card0/input2?
[    7.306288] sdhci-pci 0000:00:14.3: bpcie_msi_write_msg(fee03000, 00000024) mask=0x0 irq=3 hwirq=0x0 (____ptrval____)?
[    7.318356] usb 1-1: New USB device found, idVendor=1a40, idProduct=0101, bcdDevice= 1.00?
[    7.324010] baikal_pcie 0000:00:14.4: bpcie_config_msi: func=3 subfunc=0 addr=fee03000 data=00000024?
[    7.324827] sdhci-pci 0000:00:14.3: bpcie_msi_write_msg(fee03000, 00000024) mask=0x0 irq=3 hwirq=0x0 (____ptrval____)?
[    7.335642] usb 1-1: New USB device strings: Mfr=0, Product=1, SerialNumber=0?
[    7.340993] baikal_pcie 0000:00:14.4: bpcie_config_msi: func=3 subfunc=0 addr=fee03000 data=00000024?
[    7.343991] usb 1-1: Product: USB2.0 HUB?
[    7.353691] microcode: Current revision: 0x0701a001?
[    7.368065] usb usb4-port1: over-current condition?
[    7.371477] mmc0: SDHCI controller on PCI [0000:00:14.3] using ADMA?
[    7.398948] hub 1-1:1.0: USB hub found?
[    7.401314] IPI shorthand broadcast: enabled?
[    7.404849] hub 1-1:1.0: 4 ports detected?
[    7.425853] sched_clock: Marking stable (6720004166, 704979554)->(9792736925, -2367753205)?
[    7.433132] usb 2-2: new SuperSpeed USB device number 2 using xhci_aeolia?
[    7.441584] registered taskstats version 1?
[    7.445813] Loading compiled-in X.509 certificates?
[    7.454993] usb 2-2: New USB device found, idVendor=0951, idProduct=1666, bcdDevice= 1.10?
[    7.463387] usb 2-2: New USB device strings: Mfr=2, Product=3, SerialNumber=4?
[    7.470679] usb 2-2: Product: DataTraveler 3.0?
[    7.475219] usb 2-2: Manufacturer: Kingston?
[    7.479494] usb 2-2: SerialNumber: E0D55EA573F0194049CD0236?
[    7.485333] Demotion targets for Node 0: null?
[    7.485930] usb-storage 2-2:1.0: USB Mass Storage device detected?
[    7.490822] Btrfs loaded, zoned=no, fsverity=no?
[    7.496487] scsi host1: usb-storage 2-2:1.0?
[    7.501190] amdgpu 0000:00:01.0: can't derive routing for PCI INT A?
[    7.511393] amdgpu 0000:00:01.0: PCI INT A: not connected?
[    7.516916] [drm] initializing kernel modesetting (LIVERPOOL 0x1002:0x9923 0x1002:0x9923 0x00).?
[    7.525827] [drm] register mmio base: 0xE4800000?
[    7.530533] [drm] register mmio size: 262144?
[    7.535032] amdgpu 0000:00:01.0: amdgpu: detected ip block number 0 <cik_common>?
[    7.542586] amdgpu 0000:00:01.0: amdgpu: detected ip block number 1 <gmc_v7_0>?
[    7.549951] amdgpu 0000:00:01.0: amdgpu: detected ip block number 2 <cik_ih>?
[    7.555763] mmc0: new UHS-I speed SDR104 SDIO card at address 0001?
[    7.557170] amdgpu 0000:00:01.0: amdgpu: detected ip block number 3 <dce_v8_0>?
[    7.559468] [wlan][71]halPollDbgCr:(INIT WARN) SWPCDBGR 0x00000000?
[    7.563493] amdgpu 0000:00:01.0: amdgpu: detected ip block number 4 <gfx_v7_0>?
[    7.584535] amdgpu 0000:00:01.0: amdgpu: detected ip block number 5 <cik_sdma>?
[    7.591905] amdgpu 0000:00:01.0: amdgpu: detected ip block number 6 <uvd_v4_2>?
[    7.599277] amdgpu 0000:00:01.0: amdgpu: detected ip block number 7 <vce_v2_0>?
[    7.643121] amdgpu 0000:00:01.0: amdgpu: Fetched VBIOS from ROM BAR?
[    7.649531] amdgpu: ATOM BIOS: 113-Starsha2-018?
[    7.654533] amdgpu 0000:00:01.0: vgaarb: deactivate vga console?
[    7.660601] amdgpu 0000:00:01.0: amdgpu: Trusted Memory Zone (TMZ) feature not supported?
[    7.668871] amdgpu: ps4_atom: VBIOS dp_extclk=10000 (PS4 forces 0 on Liverpool/Gladius)?
[    7.677296] i2c_dev: adapter [AMDGPU i2c bit bus 0x90] registered as minor 1?
[    7.684584] i2c i2c-1: adapter [AMDGPU i2c bit bus 0x90] registered?
[    7.691149] i2c_dev: adapter [AMDGPU i2c bit bus 0x91] registered as minor 2?
[    7.698382] i2c i2c-2: adapter [AMDGPU i2c bit bus 0x91] registered?
[    7.704777] stackdepot: allocating hash table of 524288 entries via kvcalloc?
[    7.715947] [drm] vm size is 64 GB, 2 levels, block size is 10-bit, fragment size is 9-bit?
[    7.724418] amdgpu 0000:00:01.0: amdgpu: VRAM: 1024M 0x0000000F00000000 - 0x0000000F3FFFFFFF (1024M used)?
[    7.734185] amdgpu 0000:00:01.0: amdgpu: GART: 16384M 0x0000000000000000 - 0x00000003FFFFFFFF?
[    7.742902] [drm] Detected VRAM RAM=1024M, BAR=1024M?
[    7.747966] [drm] RAM width 64bits UNKNOWN?
[    7.752413] [drm] amdgpu: 1024M of VRAM memory ready?
[    7.757487] [drm] amdgpu: 3459M of GTT memory ready.?
[    7.762597] [drm] GART: num cpu pages 4194304, num gpu pages 4194304?
[    7.769091] amdgpu 0000:00:01.0: amdgpu: Done gart?
[    7.774001] amdgpu 0000:00:01.0: amdgpu: Done init?
[    7.778913] [drm] ps4: VC1..VC15 PAGE_TABLE_DEPTH overridden to 0 (flat walk) for UVD compatibility?
[    7.788148] [drm] ps4: bound dummy page at GART virtual 0x300000000 (pa=0x1196000) for UVD fw access?
[    7.792890] usb 1-1.3: new low-speed USB device number 3 using xhci_aeolia?
[    7.797464] [drm] ps4: bound dummy page at GART virtual 0x0 (pa=0x1196000) for UVD fw null-deref?
[    7.797470] [drm] PCIE GART of 16384M enabled (table at 0x0000000F02000000).?
[    7.821465] [drm] forcing HDMI-A-1 connector on?
[    7.826122] amdgpu: ps4_bridge: forcing bridge init at attach (mode=VIC 16)?
[    7.833229] amdgpu: ps4_bridge_pre_enable: BEGIN (mode=VIC 16)?
[    7.839178] amdgpu: ps4_bridge_cq: enqueue WAIT_CLEAR addr=0x7a84 mask=0x01?
[    7.846427] icc_interrupt: 6 callbacks suppressed?
[    7.846435] icc_interrupt: irq=35 entry status=0x2?
[    7.847019] icc_interrupt: irq=0 entry status=0x2?
[    7.851244] call_irq_handler: 2.61 No irq handler for vector?
[    7.854032] icc_interrupt: irq=35 entry status=0x1?
[    7.856155] amdgpu: ps4_bridge_cq: exec code=4 req_len=32 groups=2 res=20 reply_res=0/0 count=0 data[0..7]=00 00 00 00 00 00 00 00 elapsed=9873us?
[    7.884886] amdgpu: ps4_bridge_pre_enable: cq_exec returned 20?
[    7.890836] amdgpu: ps4_bridge_pre_enable: END?
[    7.895369] amdgpu: ps4_bridge_enable: BEGIN (mode=VIC 16, dev=0x9923)?
[    7.988325] usb 1-1.3: New USB device found, idVendor=04f3, idProduct=152e, bcdDevice=1c.02?
[    7.996848] usb 1-1.3: New USB device strings: Mfr=1, Product=2, SerialNumber=0?
[    8.004303] usb 1-1.3: Product: Gaming KB?
[    8.008392] usb 1-1.3: Manufacturer: Gaming KB?
[    8.106450] input: Gaming KB Gaming KB as /devices/pci0000:00/0000:00:14.7/usb1/1-1/1-1.3/1-1.3:1.0/0003:04F3:152E.0001/input/input3?
[    8.119740] hid-generic 0003:04F3:152E.0001: input,hidraw0: USB HID v1.11 Keyboard [Gaming KB Gaming KB] on usb-0000:00:14.7-1.3/input0?
[    8.139210] input: Gaming KB Gaming KB Consumer Control as /devices/pci0000:00/0000:00:14.7/usb1/1-1/1-1.3/1-1.3:1.1/0003:04F3:152E.0002/input/input4?
[    8.153457] input: Gaming KB Gaming KB System Control as /devices/pci0000:00/0000:00:14.7/usb1/1-1/1-1.3/1-1.3:1.1/0003:04F3:152E.0002/input/input5?
[    8.167272] input: Gaming KB Gaming KB Keyboard as /devices/pci0000:00/0000:00:14.7/usb1/1-1/1-1.3/1-1.3:1.1/0003:04F3:152E.0002/input/input6?
[    8.180807] input: Gaming KB Gaming KB as /devices/pci0000:00/0000:00:14.7/usb1/1-1/1-1.3/1-1.3:1.1/0003:04F3:152E.0002/input/input7?
[    8.193321] hid-generic 0003:04F3:152E.0002: input,hiddev96,hidraw1: USB HID v1.11 Keyboard [Gaming KB Gaming KB] on usb-0000:00:14.7-1.3/input1?
[    8.408096] amdgpu: ps4_bridge_cq: --- chunk A: DP lane status (waits 0x60f8/0xff, 0x60f9/0x01, 0x60f9/0x1a) ---?
[    8.418614] amdgpu: ps4_bridge_cq: enqueue WAIT_SET addr=0x60f8 mask=0xff?
[    8.425595] amdgpu: ps4_bridge_cq: enqueue WAIT_SET addr=0x60f9 mask=0x01?
[    8.432565] amdgpu: ps4_bridge_cq: enqueue WAIT_SET addr=0x60f9 mask=0x1a?
[    8.439722] icc_interrupt: irq=35 entry status=0x2?
[    8.440598] icc_interrupt: irq=0 entry status=0x2?
[    8.444622] call_irq_handler: 2.61 No irq handler for vector?
[    8.455180] call_irq_handler: 2.61 No irq handler for vector?
[    8.456995] icc_interrupt: irq=0 entry status=0x1?
[    8.460954] call_irq_handler: 2.61 No irq handler for vector?
[    8.460992] amdgpu: ps4_bridge_cq: exec code=4 req_len=49 groups=5 res=20 reply_res=0/0 count=0 data[0..7]=00 00 00 00 00 00 00 00 elapsed=21451us?
[    8.465763] icc_interrupt: irq=35 entry status=0x0?
[    8.465776] amdgpu: ps4_bridge_cq: chunk A (DP lane status) result rc=20?
[    8.466059] [wlan][71]wlanAdapterStart:(INIT WARN) Send a Dummy CMD as workaround?
[    8.472581] icc_interrupt: irq=0 entry status=0x2?
[    8.484939] call_irq_handler: 2.61 No irq handler for vector?
[    8.484985] amdgpu: ps4_bridge_cq: exec code=4 req_len=12 groups=1 res=29 reply_res=0/0 count=1 data[0..7]=01 60 f8 ff 00 00 00 00 elapsed=13430us?
[    8.489834] icc_interrupt: irq=35 entry status=0x0?
[    8.489842] amdgpu: ps4_bridge_cq: readback 0x60f8 rc=29 val=0xff?
[    8.489879] usb 1-1.4: new low-speed USB device number 4 using xhci_aeolia?
[    8.497706] icc_interrupt: irq=0 entry status=0x2?
[    8.504312] call_irq_handler: 2.61 No irq handler for vector?
[    8.506033] amdgpu: ps4_bridge_cq: exec code=4 req_len=12 groups=1 res=29 reply_res=0/0 count=1 data[0..7]=01 60 f9 1b 00 00 00 00 elapsed=9352us?
[    8.509335] [wlan][71]wlanQueryNicCapability:(INIT WARN) wlanQueryNicCapability: skip unexpected event ID[0x27]?
[    8.514892] amdgpu: ps4_bridge_cq: readback 0x60f9 rc=29 val=0x1b?
[    8.514896] amdgpu: ps4_bridge_cq: --- chunk B: HDMI/update setup (wait 0x10f6/0x80) ---?
[    8.514899] amdgpu: ps4_bridge_cq: enqueue WAIT_SET addr=0x10f6 mask=0x80?
[    8.517652] [wlan][71]wlanAdapterStart:(INIT WARN) wlanAdapterStart: load manufacture data fail?
[    8.533233] call_irq_handler: 2.61 No irq handler for vector?
[    8.617379] scsi 1:0:0:0: Direct-Access     Kingston DataTraveler 3.0 0000 PQ: 0 ANSI: 6?
[    8.625970] sd 1:0:0:0: Attached scsi generic sg0 type 0?
[    8.627022] sd 1:0:0:0: [sda] 242155520 512-byte logical blocks: (124 GB/115 GiB)?
[    8.639546] sd 1:0:0:0: [sda] Write Protect is off?
[    8.644438] sd 1:0:0:0: [sda] Mode Sense: 23 00 00 00?
[    8.649811] sd 1:0:0:0: [sda] Write cache: disabled, read cache: enabled, doesn't support DPO or FUA?
[    8.681256]  sda: sda1 sda2?
[    8.684478] sd 1:0:0:0: [sda] Attached SCSI removable disk?
[    8.782412] usb 1-1.4: New USB device found, idVendor=0000, idProduct=3825, bcdDevice= 1.00?
[    8.790964] usb 1-1.4: New USB device strings: Mfr=0, Product=1, SerialNumber=0?
[    8.798422] usb 1-1.4: Product:  USB OPTICAL MOUSE?
[    8.804004] [wlan][71]mtk_reg_notify:(RLM WARN) County Code is not assigned. Use default WW.?
[    8.812620] [wlan][71]rlmDomainSearchRegdomainFromLocalDataBase:(RLM ERROR) rlmDomainSearchRegdomainFromLocalDataBase(): Error, Cannot find the correct RegDomain. country = 00.?
[    8.830356] [wlan][109]wlanBindBssIdxToNetInterface:(INIT ERROR) Array index out of bound, ucBssIndex=4?
[    8.831020] call_irq_handler: 2.61 No irq handler for vector?
[    8.839957] [wlan][109]p2pRoleFsmStateTransition:(P2P STATE) [P2P_ROLE][0]TRANSITION(Bss1): [P2P_ROLE_STATE_IDLE] -> [P2P_ROLE_STATE_IDLE]?
[    8.845711] call_irq_handler: 2.61 No irq handler for vector?
[    8.845738] [wlan][109]wlanBindBssIdxToNetInterface:(INIT ERROR) Array index out of bound, ucBssIndex=4?
[    8.860783] input:  USB OPTICAL MOUSE as /devices/pci0000:00/0000:00:14.7/usb1/1-1/1-1.4/1-1.4:1.0/0003:0000:3825.0003/input/input8?
[    8.864175] [wlan][109]p2pRoleFsmStateTransition:(P2P STATE) [P2P_ROLE][1]TRANSITION(Bss2): [P2P_ROLE_STATE_IDLE] -> [P2P_ROLE_STATE_IDLE]?
[    8.864464] hid-generic 0003:0000:3825.0003: input,hidraw2: USB HID v1.11 Mouse [ USB OPTICAL MOUSE] on usb-0000:00:14.7-1.4/input0?
[    8.873772] [wlan][109]wlanProcessCommandQueue:(INIT WARN) NO Res CMD TYPE[1] ID[0x11] SEQ[29]?
[    8.874216] [wlan][110]halPrintMailbox:(INIT ERROR) MailBox Status = 0x0003005A, 0x00FF00FF?
[    8.885839] call_irq_handler: 2.61 No irq handler for vector?
[    8.885879] [wlan][110]halPollDbgCr:(INIT WARN) SWPCDBGR 0xE0010DE2?
[    8.899354] [wlan][109]wlanProcessCommandQueue:(INIT WARN) NO Res CMD TYPE[1] ID[0x11] SEQ[29]?
[    8.910616] [wlan][110]halPollDbgCr:(INIT WARN) SWPCDBGR 0xE0010DE2?
[    8.919384] [wlan][109]wlanProcessCommandQueue:(INIT WARN) NO Res CMD TYPE[1] ID[0x11] SEQ[29]?
[    8.961999] amdgpu: ps4_bridge_cq: exec code=4 req_len=170 groups=6 res=20 reply_res=0/0 count=0 data[0..7]=00 00 00 00 00 00 00 00 elapsed=433682us?
[    8.964028] [wlan][110]halPollDbgCr:(INIT WARN) SWPCDBGR 0xE0010DE2?
[    8.977573] amdgpu: ps4_bridge_cq: chunk B (HDMI/update) result rc=20?
[    8.986701] amdgpu: ps4_bridge_cq: exec code=4 req_len=12 groups=1 res=29 reply_res=0/0 count=1 data[0..7]=01 10 f6 d5 00 00 00 00 elapsed=9123us?
[    8.990557] [wlan][110]halPollDbgCr:(INIT WARN) SWPCDBGR 0xE0010DE2?
[    9.003817] amdgpu: ps4_bridge_cq: readback 0x10f6 rc=29 val=0xd5?
[    9.003860] [wlan][110]halPollDbgCr:(INIT WARN) SWPCDBGR 0xE0010DE2?
[    9.010213] amdgpu: ps4_bridge_cq: --- chunk C: PLL/7204/finalize (wait_clear 0x7204/0x40) ---?
[    9.010292] [wlan][110]halPrintMailbox:(INIT ERROR) MailBox Status = 0x0003005A, 0x00FF00FF?
[    9.016437] amdgpu: ps4_bridge_cq: enqueue WAIT_CLEAR addr=0x7204 mask=0x40?
[    9.016480] [wlan][110]halPollDbgCr:(INIT WARN) SWPCDBGR 0xE0010DE2?
[    9.053649] [wlan][110]halPollDbgCr:(INIT WARN) SWPCDBGR 0xE0010DE2?
[    9.060075] [wlan][110]halPollDbgCr:(INIT WARN) SWPCDBGR 0xE0010DE2?
[    9.066498] [wlan][110]halPollDbgCr:(INIT WARN) SWPCDBGR 0xE0010DF2?
[    9.072922] [wlan][110]halPollDbgCr:(INIT WARN) SWPCDBGR 0xE0010E2A?
[    9.079427] [wlan][109]wlanProcessCommandQueue:(INIT WARN) NO Res CMD TYPE[1] ID[0x70] SEQ[36]?
[    9.088636] [wlan][110]halPrintMailbox:(INIT ERROR) MailBox Status = 0x0003005A, 0x00FF00FF?
[    9.097192] [wlan][110]halPollDbgCr:(INIT WARN) SWPCDBGR 0xE0010DE2?
[    9.103618] [wlan][110]halPollDbgCr:(INIT WARN) SWPCDBGR 0xE0010DE8?
[    9.110042] [wlan][110]halPollDbgCr:(INIT WARN) SWPCDBGR 0xE0010DE2?
[    9.116466] [wlan][110]halPollDbgCr:(INIT WARN) SWPCDBGR 0xE0010DE2?
[    9.122890] [wlan][110]halPollDbgCr:(INIT WARN) SWPCDBGR 0xE0010DEA?
[    9.129816] [wlan][109]wlanoidSetGtkRekeyData:(REQ INFO) wlanoidSetGtkRekeyData?
[    9.137280] [wlan][109]wlanoidSetGtkRekeyData:(REQ INFO) ucCmdSeqNum = 41?
[    9.401996] amdgpu: ps4_bridge_cq: exec code=4 req_len=81 groups=7 res=20 reply_res=0/0 count=0 data[0..7]=00 00 00 00 00 00 00 00 elapsed=379156us?
[    9.415479] amdgpu: ps4_bridge_cq: chunk C (PLL/7204) result rc=20?
[    9.421797] amdgpu: ps4_bridge_enable: MN864729 main seq cq_exec=20?
[    9.531996] amdgpu: ps4_bridge_cq: exec code=4 req_len=12 groups=1 res=29 reply_res=0/0 count=1 data[0..7]=01 72 04 00 00 00 00 00 elapsed=103805us?
[    9.545475] amdgpu: ps4_bridge_cq: readback 0x7204 rc=29 val=0x00?
[    9.556768] amdgpu: ps4_bridge_cq: exec code=4 req_len=64 groups=2 res=20 reply_res=0/0 count=0 data[0..7]=00 00 00 00 00 00 00 00 elapsed=5080us?
[    9.570067] amdgpu: ps4_bridge_cq: enqueue WAIT_SET addr=0x10f6 mask=0xa2?
[    9.576988] amdgpu: ps4_bridge_cq: enqueue WAIT_CLEAR addr=0x7204 mask=0x10?
[    9.651019] amdgpu: ps4_bridge_cq: exec code=4 req_len=121 groups=10 res=20 reply_res=0/0 count=0 data[0..7]=00 00 00 00 00 00 00 00 elapsed=66936us?
[    9.664603] amdgpu: ps4_bridge_enable: END?
[    9.668783] [drm] AMDGPU Display Connectors?
[    9.673047] [drm] Connector 0:?
[    9.676159] [drm]   HDMI-A-1?
[    9.679096] [drm]   HPD1?
[    9.681678] [drm]   DDC: 0x194c 0x194c 0x194d 0x194d 0x194e 0x194e 0x194f 0x194f?
[    9.689221] [drm]   Encoders:?
[    9.692244] [drm]     DFP1: INTERNAL_UNIPHY?
[    9.706413] [drm] Found UVD firmware Version: 1.101 Family ID: 9?
