?[36m[Debug] src/PayloadsView.cpp:319: Loading: /data/payloads/linux-1024mb.bin?[0m?
[GoldHEN] <binloader> accepted a new payload?
[GoldHEN] <binloader> TCP Mode?
?[36m[[GDoebug] lsdHrc/PaylENoads]View. c<bpp:18inl6:oader> p Genayloaedrate rPaylecoeiadvs edis  c[aslilzed!?[e0m?: 
28?[336m[Debug] 84src/0P aylo-a dsVbiuew.fcpp:2fe12r:_s Cleanuipz e:pay 2l9oad lis08t1...6 ?- ip: [1270m?
.0.0.1]?
?[36[m[DGeobuldgH] ENsrc]/Pay loa<dbsinVlieowa.cpdp:er2>06: f ouGennedra antePayloadd js: aReiflrbroken targeet processsh [ed?[p0m?i
d: 46]?
[GoldHEN] <binloader> launching payload... [format: BIN]?
[GoldHEN] <binloader> payload launched?
kernel_init()?
Kernel base = ffffffffd55b4000?
Direct map base = ffffd7b000000000?
Testing global variable access (write protection)...?
OK.?
Kernel interface initialized?
Installing sys_kexec to system call #153?
kexec_init() successful?
?
sys_kexec invoked?
========================================?
PS4 Linux Payloads AIO?
FW 12.02 (1202)?
VRAM 1024 MB?
Southbridge: Baikal?
========================================?
sys_kexec(0x200504000, 11432960, 0x200fec000, 4160630, "earlycon=uart8250,mmio32,0xC890E000,115200n8 console=tty0 keep_bootcon 8250.nr_uarts=0 iommu=pt intremap=off panic=10 loglevel=8 ignore_loglevel printk.devkmsg=on drm.edid_firmware=edid/1920x1080.bin video=HDMI-A-1:1920x1080@60D pci=nocrs libata.force=1.00:disable root=LABEL=psxitarch rootwait rw systemd.unit=multi-user.target systemd.log_level=info")?
firmware_extract: Extract lib/firmware/amdgpu/liverpool_pfp.bin ?
Copying PFP firmware?
NOP handler at 0xff0?
firmware_extract: Extract lib/firmware/amdgpu/liverpool_me.bin ?
Copying ME firmware?
firmware_extract: Extract lib/firmware/amdgpu/liverpool_ce.bin ?
Copying CE firmware?
NOP handler at 0x7f0?
firmware_extract: Extract lib/firmware/amdgpu/liverpool_mec.bin ?
Copying MEC firmware?
NOP handler at 0xff0?
firmware_extract: Extract lib/firmware/amdgpu/liverpool_mec2.bin ?
Copying MEC2 firmware?
NOP handler at 0xff0?
firmware_extract: Extract lib/firmware/amdgpu/liverpool_rlc.bin ?
Copying RLC firmware?
firmware_extract: Extract lib/firmware/amdgpu/liverpool_sdma.bin ?
Copying SDMA firmware?
firmware_extract: Extract lib/firmware/amdgpu/liverpool_sdma1.bin ?
Copying SDMA1 firmware?
?
kexec parameters:?
    Kernel image size:   11432960 bytes?
    Initramfs size:      4255366 bytes (4160630 from user)?
    Kernel command line: earlycon=uart8250,mmio32,0xC890E000,115200n8 console=tty0 keep_bootcon 8250.nr_uarts=0 iommu=pt intremap=off panic=10 loglevel=8 ignore_loglevel printk.devkmsg=on drm.edid_firmware=edid/1920x1080.bin video=HDMI-A-1:1920x1080@60D pci=nocrs libata.force=1.00:disable root=LABEL=psxitarch rootwait rw systemd.unit=multi-user.target systemd.log_level=info?
    Kernel image buffer: 0xffffd7b05d000000?
    Initramfs buffer:    0xffffd7b05e800000?
kernel_hook_install(0xffffff8079a0912d, 0xffffffffd59fbad0)?
  Using 64bit absolute jump?
******************************************************?
kexec successfully armed. Please shut down the system.?
******************************************************?
?
[SceShellUI] I/PSM.UI : [FirstClear] : ClearFrameBuffer=False?
[KE]sceCameraDevKill::2685 ERROR: sceCameraProcConfigStopCo nt0exx8t02e0006. ci=0[KER chNa:E1nLd7] ld4em =em_(haanj25dml7C e_vpmospaicnde_t=e4exx3it?t
Cled piedanu:p ) - 71Ins, pttypae=n1, c0xe f2f78f5C3ofd7b0072net 449waeesx0->pt .ct_cl:oad1ed7 i4s CT o(RaUjEmn?
Ct[oeKnxtEt.ReNcELxc]t dC:mel18m9 (_ehanaandulejp_vmm)spC ace_exioted map #0 0xn-ff ffffInffstffffffftefa?
nxc[tKCe ElRNe1EL]6a n3dmemu9_h0p a)nw da-les _vCmsp oanodtece c_ pexirteoOdp ppuseir dS:lI yL7 d1, aK ppeE_snmatcprsoo_ydeecodr.u? 
nt[wCa1]so,  1nt en-> oxtt. c0?
cprope:r1l8y9 (a junmCronteextCglieanup) - sCodect MerPe3 Dde.coder wa?s
 Conotn teproperxt.lcy unrce:g1ister8ed.9? 
(Conatext.cjc:189 (amjmContextCCleanuop)nt - Codec AeTRACx9t DecoCldeear wnas notu properly punre)gist e-r Cedo.?
dec Opus CELT Encoder was not properly unregistered.?
Context.cc:189 (ajmContextCleanup) - Codec Opus Decoder was not properly unregistered.?
Context.cc:189 n(ajotm CproontepxtCleanup) -e rClyodec  Opdeus CELsTtr Eoyncodeed.r was not p?roperl
yCo ntunreegxtistered.c.c?:
18C9onte xt.cc:189 (aj(amjContextCleamnup) - CoCdec Oonpus tCELT Deexcoder was tnCot lproepearly unregnisteured.p?) 
- Codec Opus SILContextK.cc:189 E (ajmContextCleannup)co - derCodec  CwasELP8  Decoder nowas ntot properly p unrerogipesteredrly.?
 Context.cc:u1n8r9 eg(ajmContisextCterleanup) - Ced.od?e
cCo CELP8 Encodenr watse nxt.ot pcropecrly u:nregistere1d.7?
4Co (antexjt.ccm:189 (ajmCoConntteexxtCtClleeanaunupp)) -  -Codec C ELIP(16) Decnsotdera nwasc neot pro perly34 unr4egis06t7ered.?
 wContexas tno.ct c:1pr91 (ajmContextCleopanup) -er More codeclsy were not pr operldy uneregissteretd...?
royed.?
CoContexntt.cec:1x8t.9 (accjmConte:xtCle1anu8p9 ) (- Codeca jMmPEG4 CAAC oEncodner watexs tnCotl proeperly anunruegisptered). -? 
Codec Opus DeContextc.coc:174 (ajmContextCleanupde) r - wInassta nnce o1t 14689 wpras nooperlyt properl y dunestroryed.egis?
tConteerxetd.cc:.189 (?a
jmContextCleanup) - Codec AC3 Encoder was not properly unregistered.?
Context.cc:174 (ajmContextCleanup) - Instance 163842 was not properly destroyed.?
Context.cc:189 (ajmContextCleanup) - Codec DTS Encoder was not properly unregistered.?
[SceSysCore mini] killall timeout 5[sec]...?
[SceSysCore mini] forcibly unmount 4 nullfses?
[SceSysCore mini] forcibly unmount /mnt/usb0?
[SceSysCore mini[REGMGR] 000006 ...?
] sceKernelPollE[ventFlag(reboot_flag): failed 80020010?
[SceSysCore mini] call reboot(4000)?
REGMGR] (    754.146 sec) 010006 ...?
[REGMGR] (   0.011775 sec) 010007 ...?
[REGMGR] 000108 ...?
Waiting (max 60 seconds) for system process `SceVnlru' to stop...done?
Waiting (max 60 seconds) for system process `SceBufdaemon1' to stop...SD Manual Tuning done. MaxPassWindowSize=22, TunePoint=20 CORE_CTRL=0x184094?
done?
Waiting (max 60 seconds) for system process `SceBufdaemon0' to stop...done?
Waiting (max 60 seconds) for system process `SceSyncer' to stop...?
Syncing disks, vnodes remaining...2 0 0 sched_sync: flush softdep (iter=2)?
sched_sync: flush softdep (iter=1)?
done?
Waiting (max 60 seconds) for system process `SceBufdaemon2' to stop...done?
All buffers synced.?
[PFS] umount[0x00002acb33dc1000] finished 0?
[PFS] umount[0x00002acb33dc1338] finished 0?
Uptime: 12m40s?
icc post sync:Thermal alert LED off?
[REGMGR] 000007 @2@ ...?
icc08-4001 0802?
icc:failed to disabled reset button notification: 0005?
icc:disabled thermal notification?
eth0: link state changed to DOWN?
ICC: howto:00004000 depth:2 cause:00 hand:01?
ICC: Shutdown.?
hook_icc_query_nowait called?
ICC 05-00 polling?
Fixing ACPI tables at 0xe0000 (0xffffffffffffffff)?
RSDT at 0xe0024?
XSDT at 0xe0088?
FACP at 0xe016c?
FACS at 0xe012c?
DSDT at 0xe0430?
APIC at 0xe0298?
MCFG at 0xe0304?
SSDT at 0xe0730?
ACPI tables fixed?
kexec: Waiting for secondary CPUs...?
kexec: Secondary CPUs quiesced?
kexec: Setting up GDT...?
kexec: Relocating stub...?
kexec: Setting up boot params...?
kexec: Cleaning up hardware...?
Current sb_id: 3?
?
SB_BAIKAL constant: 3?
?
kexec: Detected Baikal Southbridge, disabling IOMMU...?
kexec: Reconfiguring VRAM...?
kexec: Resetting GPU...?
kexec: About to relocate and jump to kernel?
[    0.000000] ps4: x86_ps4_early_setup: PS4 early setup?
[    0.000000] Linux version 6.15.4-Baikal_TESTING_crashniels-dirty (meerzulee@cachynator) (gcc (GCC) 16.1.1 20260430, GNU ld (GNU Binutils) 2.46.0) #72 SMP PREEMPT_DYNAMIC Mon May 11 21:20:46 +06 2026?
[    0.000000] Command line: earlycon=uart8250,mmio32,0xC890E000,115200n8 console=tty0 keep_bootcon 8250.nr_uarts=0 iommu=pt intremap=off panic=10 loglevel=8 ignore_loglevel printk.devkmsg=on drm.edid_firmware=edid/1920x1080.bin video=HDMI-A-1:1920x1080@60D pci=nocrs libata.force=1.00:disable root=LABEL=psxitarch rootwait rw systemd.unit=multi-user.target systemd.log_level=info?
[    0.000000] KERNEL supported cpus:?
[    0.000000]   AMD AuthenticAMD?
[    0.000000] BIOS-provided physical RAM map:?
[    0.000000] BIOS-e820: [mem 0x0000000000000000-0x0000000000007fff] usable?
[    0.000000] BIOS-e820: [mem 0x0000000000008000-0x000000000007ffff] reserved?
[    0.000000] BIOS-e820: [mem 0x0000000000080000-0x0000000000099fff] usable?
[    0.000000] BIOS-e820: [mem 0x000000000009a000-0x00000000000bffff] reserved?
[    0.000000] BIOS-e820: [mem 0x00000000000e0000-0x00000000000effff] ACPI data?
[    0.000000] BIOS-e820: [mem 0x0000000000100000-0x00000000003fffff] usable?
[    0.000000] BIOS-e820: [mem 0x0000000000400000-0x000000000047ffff] reserved?
[    0.000000] BIOS-e820: [mem 0x0000000000480000-0x000000000067ffff] usable?
[    0.000000] BIOS-e820: [mem 0x0000000000680000-0x00000000006fffff] reserved?
[    0.000000] BIOS-e820: [mem 0x0000000000700000-0x000000007efe7fff] usable?
[    0.000000] BIOS-e820: [mem 0x000000007efe8000-0x000000007efeffff] ACPI NVS?
[    0.000000] BIOS-e820: [mem 0x000000007eff0000-0x000000007effffff] ACPI data?
[    0.000000] BIOS-e820: [mem 0x000000007f000000-0x000000007fffffff] usable?
[    0.000000] BIOS-e820: [mem 0x0000000080000000-0x00000000fbffffff] reserved?
[    0.000000] BIOS-e820: [mem 0x0000000100000000-0x000000013fffffff] reserved?
[    0.000000] BIOS-e820: [mem 0x0000000140000000-0x000000027effffff] usable?
[    0.000000] earlycon: uart8250 at MMIO32 0x00000000c890e000 (options '115200n8')?
[    0.000000] printk: legacy bootconsole [uart8250] enabled?
[    0.000000] printk: debug: skip boot console de-registration.?
[    0.000000] printk: debug: ignoring loglevel setting.?
[    0.000000] NX (Execute Disable) protection: active?
[    0.000000] APIC: Static calls initialized?
[    0.000000] SMBIOS 2.1 present.?
[    0.000000] DMI:  , BIOS unde Wed 09/22/2021 16:2?
[    0.000000] DMI: Memory slots populated: 1/1?
[    0.000000] ps4: EMC timer started in 16258 TSC ticks?
[    0.000000] ps4: Calibrated TSC frequency: 1594110240 kHz?
[    0.000000] tsc: Detected 1594.110 MHz processor?
[    0.001420] e820: update [mem 0x00000000-0x00000fff] usable ==> reserved?
[    0.008248] e820: remove [mem 0x000a0000-0x000fffff] usable?
[    0.013930] last_pfn = 0x27f000 max_arch_pfn = 0x400000000?
[    0.019517] MTRR map: 6 entries (3 fixed + 3 variable; max 20), built from 9 variable MTRRs?
[    0.028018] x86/PAT: Configuration [0-7]: WB  WC  UC- UC  WB  WP  UC- WT  ?
[    0.035397] e820: update [mem 0x80000000-0x13fffffff] usable ==> reserved?
[    0.042325] last_pfn = 0x80000 max_arch_pfn = 0x400000000?
[    0.056427] Using GB pages for direct mapping?
[    0.062393] RAMDISK: [mem 0x5e800000-0x5ec0efff]?
[    0.067104] ACPI: Early table checksum verification disabled?
[    0.072863] ACPI: RSDP 0x00000000000E0000 000024 (v02 SIE   )?
[    0.078715] ACPI: XSDT 0x00000000000E0088 00004C (v01 SIE    ORBIS    20121218 INTL 20110211)?
[    0.087401] ACPI: FACP 0x00000000000E016C 0000F4 (v04 SIE    ORBIS    20130205 INTL 20110211)?
[    0.096087] ACPI: DSDT 0x00000000000E0430 00018C (v02 SIE    ORBIS    20121002 INTL 20110211)?
[    0.104769] ACPI: FACS 0x00000000000E012C 000040?
[    0.109469] ACPI: FACS 0x00000000000E012C 000040?
[    0.114169] ACPI: APIC 0x00000000000E0298 00006C (v02 SIE    ORBIS    20120725 INTL 20110211)?
[    0.122850] ACPI: MCFG 0x00000000000E0304 00003C (v01 SIE    ORBIS    20120725 INTL 20110211)?
[    0.131532] ACPI: SSDT 0x00000000000E0730 001944 (v01 AMD    POWERNOW 00000001 AMD  00000001)?
[    0.140214] ACPI: IVRS 0x00000000000E2074 000054 (v01 F0F    PS4KEXEC 20161225 KEXC 20161225)?
[    0.148894] ACPI: Reserving FACP table memory at [mem 0xe016c-0xe025f]?
[    0.155535] ACPI: Reserving DSDT table memory at [mem 0xe0430-0xe05bb]?
[    0.162175] ACPI: Reserving FACS table memory at [mem 0xe012c-0xe016b]?
[    0.168815] ACPI: Reserving FACS table memory at [mem 0xe012c-0xe016b]?
[    0.175454] ACPI: Reserving APIC table memory at [mem 0xe0298-0xe0303]?
[    0.182093] ACPI: Reserving MCFG table memory at [mem 0xe0304-0xe033f]?
[    0.188734] ACPI: Reserving SSDT table memory at [mem 0xe0730-0xe2073]?
[    0.195374] ACPI: Reserving IVRS table memory at [mem 0xe2074-0xe20c7]?
[    0.202090] No NUMA configuration found?
[    0.205988] Faking a node at [mem 0x0000000000000000-0x000000027effffff]?
[    0.212811] NODE_DATA(0) allocated [mem 0x27effa800-0x27effdfff]?
[    0.218977] Zone ranges:?
[    0.221547]   DMA      [mem 0x0000000000001000-0x0000000000ffffff]?
[    0.227837]   DMA32    [mem 0x0000000001000000-0x00000000ffffffff]?
[    0.234126]   Normal   [mem 0x0000000100000000-0x000000027effffff]?
[    0.240414] Movable zone start for each node?
[    0.244753] Early memory node ranges?
[    0.248383]   node   0: [mem 0x0000000000001000-0x0000000000007fff]?
[    0.254760]   node   0: [mem 0x0000000000080000-0x0000000000099fff]?
[    0.261135]   node   0: [mem 0x0000000000100000-0x00000000003fffff]?
[    0.267512]   node   0: [mem 0x0000000000480000-0x000000000067ffff]?
[    0.273887]   node   0: [mem 0x0000000000700000-0x000000007efe7fff]?
[    0.280262]   node   0: [mem 0x000000007f000000-0x000000007fffffff]?
[    0.286636]   node   0: [mem 0x0000000140000000-0x000000027effffff]?
[    0.293012] Initmem setup node 0 [mem 0x0000000000001000-0x000000027effffff]?
[    0.300190] On node 0, zone DMA: 1 pages in unavailable ranges?
[    0.306131] On node 0, zone DMA: 120 pages in unavailable ranges?
[    0.312262] On node 0, zone DMA: 102 pages in unavailable ranges?
[    0.318389] On node 0, zone DMA: 128 pages in unavailable ranges?
[    0.324555] On node 0, zone DMA: 128 pages in unavailable ranges?
[    0.340999] On node 0, zone DMA32: 24 pages in unavailable ranges?
[    0.373486] On node 0, zone Normal: 4096 pages in unavailable ranges?
[    0.380865] ACPI: No IOAPIC entries present?
[    0.385118] ACPI: Using ACPI for processor (LAPIC) configuration information?
[    0.392302] CPU topo: Max. logical packages:   1?
[    0.396995] CPU topo: Max. logical dies:       1?
[    0.401688] CPU topo: Max. dies per package:   1?
[    0.406392] CPU topo: Max. threads per core:   1?
[    0.411087] CPU topo: Num. cores per package:     8?
[    0.416046] CPU topo: Num. threads per package:   8?
[    0.421004] CPU topo: Allowing 8 present CPUs plus 0 hotplug CPUs?
[    0.427231] [mem 0xfc000000-0xffffffff] available for PCI devices?
[    0.433431] clocksource: refined-jiffies: mask: 0xffffffff max_cycles: 0xffffffff, max_idle_ns: 1910969940391419 ns?
[    0.444066] setup_percpu: NR_CPUS:8 nr_cpumask_bits:8 nr_cpu_ids:8 nr_node_ids:1?
[    0.452265] percpu: Embedded 42 pages/cpu s131544 r8192 d32296 u262144?
[    0.458926] pcpu-alloc: s131544 r8192 d32296 u262144 alloc=1*2097152?
[    0.465394] pcpu-alloc: [0] 0 1 2 3 4 5 6 7 ?
[    0.469783] Kernel command line: earlycon=uart8250,mmio32,0xC890E000,115200n8 console=tty0 keep_bootcon 8250.nr_uarts=0 iommu=pt intremap=off panic=10 loglevel=8 ignore_loglevel printk.devkmsg=on drm.edid_firmware=edid/1920x1080.bin video=HDMI-A-1:1920x1080@60D pci=nocrs libata.force=1.00:disable root=LABEL=psxitarch rootwait rw systemd.unit=multi-user.target systemd.log_level=info?
[    0.504510] printk: log buffer data + meta data: 262144 + 917504 = 1179648 bytes?
[    0.513832] Dentry cache hash table entries: 1048576 (order: 11, 8388608 bytes, linear)?
[    0.522896] Inode-cache hash table entries: 524288 (order: 10, 4194304 bytes, linear)?
[    0.530971] software IO TLB: area num 8.?
[    0.564013] Fallback order for Node 0: 0 ?
[    0.564032] Built 1 zonelists, mobility grouping on.  Total pages: 1830409?
[    0.575105] Policy zone: Normal?
[    0.578296] mem auto-init: stack:off, heap alloc:off, heap free:off?
[    0.622502] SLUB: HWalign=64, Order=0-3, MinObjects=0, CPUs=8, Nodes=1?
[    0.630283] Dynamic Preempt: voluntary?
[    0.634187] rcu: Preemptible hierarchical RCU implementation.?
[    0.640034] rcu: RCU calculated value of scheduler-enlistment delay is 100 jiffies.?
[    0.647850] NR_IRQS: 4352, nr_irqs: 128, preallocated irqs: 0?
[    0.653758] rcu: srcu_init: Setting srcu_struct sizes based on contention.?
[    0.660812] call_irq_handler: 0.49 No irq handler for vector?
[    0.666600] Console: colour dummy device 80x25?
[    0.671122] printk: legacy console [tty0] enabled?
[    0.675951] ACPI: Core revision 20240827?
[    0.680011] ACPI: setting ELCR to 0200 (from ffff)?
[    0.684901] Failed to register legacy timer interrupt?
[    0.690041] APIC: Switch to symmetric I/O mode setup?
[    0.695100] clocksource: tsc-early: mask: 0xffffffffffffffff max_cycles: 0x16fa68ecc70, max_idle_ns: 440795230107 ns?
[    0.705831] Calibrating delay loop (skipped), value calculated using timer frequency.. 3188.22 BogoMIPS (lpj=1594110)?
[    0.706822] Last level iTLB entries: 4KB 512, 2MB 8, 4MB 4?
[    0.706822] Last level dTLB entries: 4KB 512, 2MB 256, 4MB 128, 1GB 0?
[    0.706822] Spectre V1 : Mitigation: usercopy/swapgs barriers and __user pointer sanitization?
[    0.706822] Spectre V2 : Mitigation: Retpolines?
[    0.706822] Spectre V2 : Spectre v2 / SpectreRSB: Filling RSB on context switch and VMEXIT?
[    0.706822] RETBleed: Mitigation: untrained return thunk?
[    0.706822] Speculative Store Bypass: Mitigation: Speculative Store Bypass disabled via prctl?
[    0.706822] x86/fpu: Supporting XSAVE feature 0x001: 'x87 floating point registers'?
[    0.706822] x86/fpu: Supporting XSAVE feature 0x002: 'SSE registers'?
[    0.706822] x86/fpu: Supporting XSAVE feature 0x004: 'AVX registers'?
[    0.706822] x86/fpu: xstate_offset[2]:  576, xstate_sizes[2]:  256?
[    0.706822] x86/fpu: Enabled xstate features 0x7, context size is 832 bytes, using 'standard' format.?
[    0.706822] Freeing SMP alternatives memory: 52K?
[    0.706822] pid_max: default: 32768 minimum: 301?
[    0.706822] Mount-cache hash table entries: 16384 (order: 5, 131072 bytes, linear)?
[    0.706822] Mountpoint-cache hash table entries: 16384 (order: 5, 131072 bytes, linear)?
[    0.706822] smpboot: CPU0: AMD DG1401SNF87ID (family: 0x16, model: 0x1a, stepping: 0x0)?
[    0.707439] Performance Events: AMD PMU driver.?
[    0.707828] ... version:                0?
[    0.708826] ... bit width:              48?
[    0.709826] ... generic registers:      4?
[    0.710826] ... value mask:             0000ffffffffffff?
[    0.711826] ... max period:             00007fffffffffff?
[    0.712826] ... fixed-purpose events:   0?
[    0.713826] ... event mask:             000000000000000f?
[    0.715044] signal: max sigframe size: 1776?
[    0.715916] rcu: Hierarchical SRCU implementation.?
[    0.716827] rcu: 	Max phase no-delay instances is 400.?
[    0.717984] Timer migration: 1 hierarchy levels; 8 children per group; 1 crossnode level?
[    0.722171] smp: Bringing up secondary CPUs ...?
[    0.724122] smpboot: x86: Booting SMP configuration:?
[    0.724832] .... node  #0, CPUs:      #1 #2 #3 #4 #5 #6 #7?
[    0.734931] smp: Brought up 1 node, 8 CPUs?
[    0.736831] smpboot: Total of 8 processors activated (25505.76 BogoMIPS)?
[    0.739048] Memory: 7077464K/7321636K available (23461K kernel code, 2053K rwdata, 8780K rodata, 1624K init, 2232K bss, 239924K reserved, 0K cma-reserved)?
[    0.740246] devtmpfs: initialized?
[    0.742877] clocksource: jiffies: mask: 0xffffffff max_cycles: 0xffffffff, max_idle_ns: 1911260446275000 ns?
[    0.744825] posixtimers hash table entries: 4096 (order: 4, 65536 bytes, linear)?
[    0.745851] futex hash table entries: 2048 (order: 5, 131072 bytes, linear)?
[    0.746922] prandom: seed boundary self test passed?
[    0.749778] prandom: 100 self tests passed?
[    0.750041] NET: Registered PF_NETLINK/PF_ROUTE protocol family?
[    0.750963] audit: initializing netlink subsys (disabled)?
[    0.751876] audit: type=2000 audit(0.046:1): state=initialized audit_enabled=0 res=1?
[    0.751985] i2c-core: driver [dummy] registered?
[    0.753831] thermal_sys: Registered thermal governor 'step_wise'?
[    0.753855] cpuidle: using governor ladder?
[    0.755835] cpuidle: using governor menu?
[    0.756983] ps4: ps4: pre-allocated IRQ 9 desc for ACPI SCI (virq=9)?
[    0.758093] PCI: ECAM [mem 0xf8000000-0xfbffffff] (base 0xf8000000) for domain 0000 [bus 00-3f]?
[    0.758848] PCI: Using configuration type 1 for base access?
[    0.760989] HugeTLB: allocation took 0ms with hugepage_allocation_threads=2?
[    0.761882] HugeTLB: registered 2.00 MiB page size, pre-allocated 0 pages?
[    0.762826] HugeTLB: 28 KiB vmemmap can be freed for a 2.00 MiB page?
[    0.764210] cryptd: max_cpu_qlen set to 1000?
[    0.781826] raid6: sse2x4   gen()  4053 MB/s?
[    0.799829] raid6: sse2x2   gen()  3979 MB/s?
[    0.817825] raid6: sse2x1   gen()  3188 MB/s?
[    0.818826] raid6: using algorithm sse2x4 gen() 4053 MB/s?
[    0.836826] raid6: .... xor() 2015 MB/s, rmw enabled?
[    0.837827] raid6: using ssse3x2 recovery algorithm?
[    0.838932] ACPI: Added _OSI(Module Device)?
[    0.839828] ACPI: Added _OSI(Processor Device)?
[    0.840827] ACPI: Added _OSI(Processor Aggregator Device)?
[    0.844160] ACPI: 2 ACPI AML tables successfully acquired and loaded?
[    0.854017] ACPI: Interpreter enabled?
[    0.854838] ACPI: PM: (supports S0 S5)?
[    0.855827] ACPI: Using PIC for interrupt routing?
[    0.856856] PCI: Ignoring host bridge windows from ACPI; if necessary, use "pci=use_crs" and report a bug?
[    0.857827] PCI: Using E820 reservations for host bridge windows?
[    0.860333] acpi PNP0A03:00: [Firmware Bug]: no secondary bus range in _CRS?
[    0.860842] ACPI: PCI Root Bridge [PCI0] (domain 0000 [bus 00-ff])?
[    0.861834] acpi PNP0A03:00: _OSC: OS supports [ExtendedConfig ASPM ClockPM Segments MSI HPX-Type3]?
[    0.862845] acpi PNP0A03:00: [Firmware Info]: ECAM [mem 0xf8000000-0xfbffffff] for domain 0000 [bus 00-3f] only partially covers this bridge?
[    0.863850] acpi PNP0A03:00: host bridge window [io  0x0cf8-0x0cff] (ignored)?
[    0.864827] PCI: root bus 00: using default resources?
[    0.865884] PCI host bridge to bus 0000:00?
[    0.866833] pci_bus 0000:00: root bus resource [io  0x0000-0xffff]?
[    0.867827] pci_bus 0000:00: root bus resource [mem 0x00000000-0xffffffffff]?
[    0.868828] pci_bus 0000:00: root bus resource [bus 00-ff]?
[    0.869845] pci 0000:00:00.0: [1022:1436] type 00 class 0x060000 conventional PCI endpoint?
[    0.870948] pci 0000:00:00.2: [1022:1437] type 00 class 0x080600 conventional PCI endpoint?
[    0.871954] pci 0000:00:01.0: [1002:9923] type 00 class 0x030000 PCIe Root Complex Integrated Endpoint?
[    0.872849] pci 0000:00:01.0: BAR 0 [mem 0xe0000000-0xe3ffffff 64bit pref]?
[    0.873828] pci 0000:00:01.0: BAR 2 [mem 0xe4000000-0xe47fffff 64bit pref]?
[    0.874828] pci 0000:00:01.0: BAR 4 [io  0x6000-0x60ff]?
[    0.875828] pci 0000:00:01.0: BAR 5 [mem 0xe4800000-0xe483ffff]?
[    0.876828] pci 0000:00:01.0: ROM [mem 0x00000000-0x0001ffff pref]?
[    0.877831] pci 0000:00:01.0: enabling Extended Tags?
[    0.878842] pci 0000:00:01.0: Video device with shadowed ROM at [mem 0x000c0000-0x000dffff]?
[    0.879847] pci 0000:00:01.0: supports D1 D2?
[    0.880827] pci 0000:00:01.0: PME# supported from D1 D2 D3hot?
[    0.882895] pci 0000:00:01.1: [1002:9921] type 00 class 0x040300 PCIe Root Complex Integrated Endpoint?
[    0.883848] pci 0000:00:01.1: BAR 0 [mem 0xe4840000-0xe4843fff 64bit]?
[    0.884834] pci 0000:00:01.1: enabling Extended Tags?
[    0.885856] pci 0000:00:01.1: supports D1 D2?
[    0.886922] pci 0000:00:02.0: [1022:1438] type 00 class 0x060000 conventional PCI endpoint?
[    0.887956] pci 0000:00:14.0: [104d:90d7] type 00 class 0x088000 PCIe Endpoint?
[    0.888867] pci 0000:00:14.0: BAR 0 [mem 0xfdf8000000-0xfdf9ffffff 64bit]?
[    0.889828] pci 0000:00:14.0: BAR 2 [io  0x1000-0x13ff]?
[    0.891933] pci 0000:00:14.1: [104d:90d8] type 00 class 0x088001 PCIe Endpoint?
[    0.892867] pci 0000:00:14.1: BAR 0 [mem 0xc2000000-0xc2000fff 64bit]?
[    0.894011] pci 0000:00:14.2: [104d:90d9] type 00 class 0x088002 PCIe Endpoint?
[    0.894867] pci 0000:00:14.2: BAR 0 [mem 0xc4000000-0xc4007fff 64bit]?
[    0.896013] pci 0000:00:14.3: [104d:90da] type 00 class 0x088003 PCIe Endpoint?
[    0.896867] pci 0000:00:14.3: BAR 0 [mem 0xc6000000-0xc6000fff 64bit]?
[    0.898011] pci 0000:00:14.4: [104d:90db] type 00 class 0x088004 PCIe Endpoint?
[    0.899825] pci 0000:00:14.4: BAR 0 [mem 0xc8000000-0xc8001fff 64bit]?
[    0.900829] pci 0000:00:14.4: BAR 2 [mem 0xc8800000-0xc89fffff 64bit]?
[    0.901829] pci 0000:00:14.4: BAR 4 [mem 0xc9000000-0xc91fffff 64bit]?
[    0.903006] pci 0000:00:14.5: [104d:90dc] type 00 class 0x088005 PCIe Endpoint?
[    0.903867] pci 0000:00:14.5: BAR 0 [mem 0xca000000-0xca000fff 64bit]?
[    0.904829] pci 0000:00:14.5: BAR 2 [mem 0xca800000-0xca800fff 64bit]?
[    0.906010] pci 0000:00:14.6: [104d:90dd] type 00 class 0x088006 PCIe Endpoint?
[    0.907845] pci 0000:00:14.6: BAR 0 [mem 0xcc000000-0xcc000fff 64bit]?
[    0.908829] pci 0000:00:14.6: BAR 2 [mem 0x80000000-0xbfffffff 64bit]?
[    0.909828] pci 0000:00:14.6: BAR 4 [mem 0xcd000000-0xcd0fffff]?
[    0.910830] pci 0000:00:14.6: BAR 5 [mem 0xcd400000-0xcd43ffff]?
[    0.912006] pci 0000:00:14.7: [104d:90de] type 00 class 0x088007 PCIe Endpoint?
[    0.912867] pci 0000:00:14.7: BAR 0 [mem 0xce000000-0xce3fffff 64bit]?
[    0.913829] pci 0000:00:14.7: BAR 2 [mem 0xce800000-0xce80ffff 64bit]?
[    0.914829] pci 0000:00:14.7: BAR 4 [mem 0xcf000000-0xcf7fffff 64bit]?
[    0.915999] pci 0000:00:18.0: [1022:142e] type 00 class 0x060000 conventional PCI endpoint?
[    0.916928] pci 0000:00:18.1: [1022:142f] type 00 class 0x060000 conventional PCI endpoint?
[    0.917928] pci 0000:00:18.2: [1022:1430] type 00 class 0x060000 conventional PCI endpoint?
[    0.918929] pci 0000:00:18.3: [1022:1431] type 00 class 0x060000 conventional PCI endpoint?
[    0.919931] pci 0000:00:18.4: [1022:1432] type 00 class 0x060000 conventional PCI endpoint?
[    0.920924] pci 0000:00:18.5: [1022:1433] type 00 class 0x060000 conventional PCI endpoint?
[    0.921924] pci 0000:00:18.6: [1022:1434] type 00 class 0x060000 conventional PCI endpoint?
[    0.923019] iommu: Default domain type: Passthrough (set via kernel command line)?
[    0.924011] SCSI subsystem initialized?
[    0.924852] libata version 3.00 loaded.?
[    0.925880] ACPI: bus type USB registered?
[    0.926879] usbcore: registered new interface driver usbfs?
[    0.927849] usbcore: registered new interface driver hub?
[    0.928847] usbcore: registered new device driver usb?
[    0.929858] cec: Failed to create debugfs cec dir?
[    0.930963] Advanced Linux Sound Architecture Driver Initialized.?
[    0.932829] Bluetooth: Core ver 2.22?
[    0.933835] NET: Registered PF_BLUETOOTH protocol family?
[    0.934826] Bluetooth: HCI device and connection manager initialized?
[    0.935830] Bluetooth: HCI socket layer initialized?
[    0.936829] Bluetooth: L2CAP socket layer initialized?
[    0.937829] Bluetooth: SCO socket layer initialized?
[    0.938913] PCI: Using ACPI for IRQ routing?
[    0.941944] PCI: pci_cache_line_size set to 64 bytes?
[    0.942869] e820: reserve RAM buffer [mem 0x00008000-0x0000ffff]?
[    0.943828] e820: reserve RAM buffer [mem 0x0009a000-0x0009ffff]?
[    0.944827] e820: reserve RAM buffer [mem 0x00680000-0x006fffff]?
[    0.945827] e820: reserve RAM buffer [mem 0x7efe8000-0x7fffffff]?
[    0.946827] e820: reserve RAM buffer [mem 0x27f000000-0x27fffffff]?
[    0.947858] pci 0000:00:01.0: vgaarb: setting as boot VGA device?
[    0.948822] pci 0000:00:01.0: vgaarb: bridge control possible?
[    0.948822] pci 0000:00:01.0: vgaarb: VGA device added: decodes=io+mem,owns=io+mem,locks=none?
[    0.948836] vgaarb: loaded?
[    0.950069] clocksource: Switched to clocksource tsc-early?
[    0.955659] pnp: PnP ACPI init?
[    0.958819] pnp: PnP ACPI: found 0 devices?
[    0.968030] NET: Registered PF_INET protocol family?
[    0.973322] IP idents hash table entries: 131072 (order: 8, 1048576 bytes, linear)?
[    0.985175] tcp_listen_portaddr_hash hash table entries: 4096 (order: 4, 65536 bytes, linear)?
[    0.993902] Table-perturb hash table entries: 65536 (order: 6, 262144 bytes, linear)?
[    1.001826] TCP established hash table entries: 65536 (order: 7, 524288 bytes, linear)?
[    1.010175] TCP bind hash table entries: 65536 (order: 9, 2097152 bytes, linear)?
[    1.018336] TCP: Hash tables configured (established 65536 bind 65536)?
[    1.025117] UDP hash table entries: 4096 (order: 6, 262144 bytes, linear)?
[    1.032136] UDP-Lite hash table entries: 4096 (order: 6, 262144 bytes, linear)?
[    1.039677] NET: Registered PF_UNIX/PF_LOCAL protocol family?
[    1.045791] RPC: Registered named UNIX socket transport module.?
[    1.051831] RPC: Registered udp transport module.?
[    1.056624] RPC: Registered tcp transport module.?
[    1.061417] RPC: Registered tcp-with-tls transport module.?
[    1.067006] RPC: Registered tcp NFSv4.1 backchannel transport module.?
[    1.074065] pci_bus 0000:00: resource 4 [io  0x0000-0xffff]?
[    1.079755] pci_bus 0000:00: resource 5 [mem 0x00000000-0xffffffffff]?
[    1.086412] pci 0000:00:01.1: D0 power state depends on 0000:00:01.0?
[    1.092899] pci 0000:00:02.0: CLS mismatch (64 != 512), using 64 bytes?
[    1.099668] AMD-Vi: Using global IVHD EFR:0x0, EFR2:0x0?
[    1.099891] Trying to unpack rootfs image as initramfs...?
[    1.105235] pci 0000:00:00.0: Adding to iommu group 0?
[    1.115765] pci 0000:00:14.0: Adding to iommu group 1?
[    1.120948] pci 0000:00:14.1: Adding to iommu group 1?
[    1.126134] pci 0000:00:14.2: Adding to iommu group 1?
[    1.131322] pci 0000:00:14.3: Adding to iommu group 1?
[    1.136509] pci 0000:00:14.4: Adding to iommu group 1?
[    1.141695] pci 0000:00:14.5: Adding to iommu group 1?
[    1.146885] pci 0000:00:14.6: Adding to iommu group 1?
[    1.152073] pci 0000:00:14.7: Adding to iommu group 1?
[    1.157299] AMD-Vi: Extended features (0x840, 0x0): IA?
[    1.162825] PCI-DMA: Using software bounce buffering for IO (SWIOTLB)?
[    1.169406] software IO TLB: mapped [mem 0x000000007afe8000-0x000000007efe8000] (64MB)?
[    1.177624] LVT offset 0 assigned for vector 0x400?
[    1.183394] perf: AMD IBS detected (0x000000ff)?
[    1.188073] kvm_amd: TSC scaling supported?
[    1.192250] kvm_amd: Nested Virtualization enabled?
[    1.197134] kvm_amd: Nested Paging enabled?
[    1.201310] kvm_amd: LBR virtualization supported?
[    1.229939] Freeing initrd memory: 4156K?
[    1.239597] platform rtc_cmos: registered platform RTC device (no PNP device found)?
[    1.250509] Initialise system trusted keyrings?
[    1.255166] workingset: timestamp_bits=40 max_order=21 bucket_order=0?
[    1.262135] ntfs3: Warning: Activated 64 bits per cluster. Windows does not support this?
[    1.270483] fuse: init (API version 7.43)?
[    1.310591] NET: Registered PF_ALG protocol family?
[    1.315480] xor: automatically using best checksumming function   avx       ?
[    1.322666] Key type asymmetric registered?
[    1.326840] Asymmetric key parser 'x509' registered?
[    1.331841] Block layer SCSI generic (bsg) driver version 0.4 loaded (major 252)?
[    1.339382] io scheduler mq-deadline registered?
[    1.343999] io scheduler kyber registered?
[    1.350185] Could not retrieve perf counters (-19)?
[    1.386914] Non-volatile memory driver v1.3?
[    1.391202] Linux agpgart interface v0.103?
[    1.395834] ACPI: bus type drm_connector registered?
[    1.400831] [drm] amdgpu kernel modesetting enabled.?
[    1.407400] brd: module loaded?
[    1.413042] loop: module loaded?
[    1.416269] i2c-core: driver [at24] registered?
[    1.421009] baikal_pcie 0000:00:14.4: bpcie_probe()?
[    1.426024] baikal_pcie 0000:00:14.4: bpcie glue probe?
[    1.431272] baikal_pcie 0000:00:14.4: Baikal chip revision: 4c0c2021:8d76a398:0000b100?
[    1.439349] pci 0000:00:14.0: bpcie_create_irq_domain?
[    1.444501] baikal_pcie 0000:00:14.4: devid = 164?
[    1.449303] baikal_pcie 0000:00:14.4: no parent ?
[    1.454015] bpcie_create_irq_domain: marked Baikal-MSI-164-3-14 as MSI parent (flags=0x113 bus_token=AMDVI)?
[    1.463946] pci 0000:00:14.1: bpcie_create_irq_domain?
[    1.469095] baikal_pcie 0000:00:14.4: devid = 164?
[    1.473891] baikal_pcie 0000:00:14.4: no parent ?
[    1.478601] bpcie_create_irq_domain: marked Baikal-MSI-164-3-14 as MSI parent (flags=0x113 bus_token=AMDVI)?
[    1.488530] pci 0000:00:14.2: bpcie_create_irq_domain?
[    1.493686] baikal_pcie 0000:00:14.4: devid = 164?
[    1.498483] baikal_pcie 0000:00:14.4: no parent ?
[    1.503192] bpcie_create_irq_domain: marked Baikal-MSI-164-3-14 as MSI parent (flags=0x113 bus_token=AMDVI)?
[    1.513122] pci 0000:00:14.3: bpcie_create_irq_domain?
[    1.518273] baikal_pcie 0000:00:14.4: devid = 164?
[    1.523068] baikal_pcie 0000:00:14.4: no parent ?
[    1.527778] bpcie_create_irq_domain: marked Baikal-MSI-164-3-14 as MSI parent (flags=0x113 bus_token=AMDVI)?
[    1.537707] baikal_pcie 0000:00:14.4: bpcie_create_irq_domain?
[    1.543565] baikal_pcie 0000:00:14.4: devid = 164?
[    1.548363] baikal_pcie 0000:00:14.4: no parent ?
[    1.553071] bpcie_create_irq_domain: marked Baikal-MSI-164-3-14 as MSI parent (flags=0x113 bus_token=AMDVI)?
[    1.563003] pci 0000:00:14.5: bpcie_create_irq_domain?
[    1.568153] baikal_pcie 0000:00:14.4: devid = 164?
[    1.572949] baikal_pcie 0000:00:14.4: no parent ?
[    1.577663] bpcie_create_irq_domain: marked Baikal-MSI-164-3-14 as MSI parent (flags=0x113 bus_token=AMDVI)?
[    1.587594] pci 0000:00:14.6: bpcie_create_irq_domain?
[    1.592743] baikal_pcie 0000:00:14.4: devid = 164?
[    1.597538] baikal_pcie 0000:00:14.4: no parent ?
[    1.602248] bpcie_create_irq_domain: marked Baikal-MSI-164-3-14 as MSI parent (flags=0x113 bus_token=AMDVI)?
[    1.612177] pci 0000:00:14.7: bpcie_create_irq_domain?
[    1.617328] baikal_pcie 0000:00:14.4: devid = 164?
[    1.622129] baikal_pcie 0000:00:14.4: no parent ?
[    1.626839] bpcie_create_irq_domain: marked Baikal-MSI-164-3-14 as MSI parent (flags=0x113 bus_token=AMDVI)?
[    1.636780] bpcie_init_dev_msi_info: dev=0000:00:14.4 installed bpcie demuxer (sc=(____ptrval____))?
[    1.646557] bpcie_msi_init: virq=10 hwirq=0x0 domain=(____ptrval____) info=(____ptrval____) sc=(____ptrval____)?
[    1.656849] bpcie_msi_init: registered virq=10 irq_map[0]?
[    1.662351] bpcie_msi_init: virq=11 hwirq=0x1 domain=(____ptrval____) info=(____ptrval____) sc=(____ptrval____)?
[    1.672635] bpcie_msi_init: registered virq=11 irq_map[1]?
[    1.678137] bpcie_msi_init: virq=12 hwirq=0x2 domain=(____ptrval____) info=(____ptrval____) sc=(____ptrval____)?
[    1.688421] bpcie_msi_init: registered virq=12 irq_map[2]?
[    1.693923] bpcie_msi_init: virq=13 hwirq=0x3 domain=(____ptrval____) info=(____ptrval____) sc=(____ptrval____)?
[    1.704214] bpcie_msi_init: registered virq=13 irq_map[3]?
[    1.709717] bpcie_msi_init: virq=14 hwirq=0x4 domain=(____ptrval____) info=(____ptrval____) sc=(____ptrval____)?
[    1.720002] bpcie_msi_init: registered virq=14 irq_map[4]?
[    1.725506] bpcie_msi_init: virq=15 hwirq=0x5 domain=(____ptrval____) info=(____ptrval____) sc=(____ptrval____)?
[    1.735791] bpcie_msi_init: registered virq=15 irq_map[5]?
[    1.741292] bpcie_msi_init: virq=16 hwirq=0x6 domain=(____ptrval____) info=(____ptrval____) sc=(____ptrval____)?
[    1.751576] bpcie_msi_init: registered virq=16 irq_map[6]?
[    1.757077] bpcie_msi_init: virq=17 hwirq=0x7 domain=(____ptrval____) info=(____ptrval____) sc=(____ptrval____)?
[    1.767361] bpcie_msi_init: registered virq=17 irq_map[7]?
[    1.772862] bpcie_msi_init: virq=18 hwirq=0x8 domain=(____ptrval____) info=(____ptrval____) sc=(____ptrval____)?
[    1.783146] bpcie_msi_init: registered virq=18 irq_map[8]?
[    1.788646] bpcie_msi_init: virq=19 hwirq=0x9 domain=(____ptrval____) info=(____ptrval____) sc=(____ptrval____)?
[    1.798930] bpcie_msi_init: registered virq=19 irq_map[9]?
[    1.804432] bpcie_msi_init: virq=20 hwirq=0xa domain=(____ptrval____) info=(____ptrval____) sc=(____ptrval____)?
[    1.814716] bpcie_msi_init: registered virq=20 irq_map[10]?
[    1.820305] bpcie_msi_init: virq=21 hwirq=0xb domain=(____ptrval____) info=(____ptrval____) sc=(____ptrval____)?
[    1.830590] bpcie_msi_init: registered virq=21 irq_map[11]?
[    1.836180] bpcie_msi_init: virq=22 hwirq=0xc domain=(____ptrval____) info=(____ptrval____) sc=(____ptrval____)?
[    1.846463] bpcie_msi_init: registered virq=22 irq_map[12]?
[    1.852052] bpcie_msi_init: virq=23 hwirq=0xd domain=(____ptrval____) info=(____ptrval____) sc=(____ptrval____)?
[    1.862335] bpcie_msi_init: registered virq=23 irq_map[13]?
[    1.867927] bpcie_msi_init: virq=24 hwirq=0xe domain=(____ptrval____) info=(____ptrval____) sc=(____ptrval____)?
[    1.878212] bpcie_msi_init: registered virq=24 irq_map[14]?
[    1.883803] bpcie_msi_init: virq=25 hwirq=0xf domain=(____ptrval____) info=(____ptrval____) sc=(____ptrval____)?
[    1.894086] bpcie_msi_init: registered virq=25 irq_map[15]?
[    1.899675] bpcie_msi_init: virq=26 hwirq=0x10 domain=(____ptrval____) info=(____ptrval____) sc=(____ptrval____)?
[    1.910051] bpcie_msi_init: registered virq=26 irq_map[16]?
[    1.915641] bpcie_msi_init: virq=27 hwirq=0x11 domain=(____ptrval____) info=(____ptrval____) sc=(____ptrval____)?
[    1.926013] bpcie_msi_init: registered virq=27 irq_map[17]?
[    1.931604] bpcie_msi_init: virq=28 hwirq=0x12 domain=(____ptrval____) info=(____ptrval____) sc=(____ptrval____)?
[    1.941977] bpcie_msi_init: registered virq=28 irq_map[18]?
[    1.947566] bpcie_msi_init: virq=29 hwirq=0x13 domain=(____ptrval____) info=(____ptrval____) sc=(____ptrval____)?
[    1.957938] bpcie_msi_init: registered virq=29 irq_map[19]?
[    1.963528] bpcie_msi_init: virq=30 hwirq=0x14 domain=(____ptrval____) info=(____ptrval____) sc=(____ptrval____)?
[    1.973899] bpcie_msi_init: registered virq=30 irq_map[20]?
[    1.979489] bpcie_msi_init: virq=31 hwirq=0x15 domain=(____ptrval____) info=(____ptrval____) sc=(____ptrval____)?
[    1.989862] bpcie_msi_init: registered virq=31 irq_map[21]?
[    1.995453] bpcie_msi_init: virq=32 hwirq=0x16 domain=(____ptrval____) info=(____ptrval____) sc=(____ptrval____)?
[    2.005826] bpcie_msi_init: registered virq=32 irq_map[22]?
[    2.011418] bpcie_msi_init: virq=33 hwirq=0x17 domain=(____ptrval____) info=(____ptrval____) sc=(____ptrval____)?
[    2.021790] bpcie_msi_init: registered virq=33 irq_map[23]?
[    2.027380] bpcie_msi_init: virq=34 hwirq=0x18 domain=(____ptrval____) info=(____ptrval____) sc=(____ptrval____)?
[    2.037753] bpcie_msi_init: registered virq=34 irq_map[24]?
[    2.043344] bpcie_msi_init: virq=35 hwirq=0x19 domain=(____ptrval____) info=(____ptrval____) sc=(____ptrval____)?
[    2.053716] bpcie_msi_init: registered virq=35 irq_map[25]?
[    2.059306] bpcie_msi_init: virq=36 hwirq=0x1a domain=(____ptrval____) info=(____ptrval____) sc=(____ptrval____)?
[    2.069679] bpcie_msi_init: registered virq=36 irq_map[26]?
[    2.075268] bpcie_msi_init: virq=37 hwirq=0x1b domain=(____ptrval____) info=(____ptrval____) sc=(____ptrval____)?
[    2.085643] bpcie_msi_init: registered virq=37 irq_map[27]?
[    2.091233] bpcie_msi_init: virq=38 hwirq=0x1c domain=(____ptrval____) info=(____ptrval____) sc=(____ptrval____)?
[    2.101606] bpcie_msi_init: registered virq=38 irq_map[28]?
[    2.107195] bpcie_msi_init: virq=39 hwirq=0x1d domain=(____ptrval____) info=(____ptrval____) sc=(____ptrval____)?
[    2.117569] bpcie_msi_init: registered virq=39 irq_map[29]?
[    2.123158] bpcie_msi_init: virq=40 hwirq=0x1e domain=(____ptrval____) info=(____ptrval____) sc=(____ptrval____)?
[    2.133529] bpcie_msi_init: registered virq=40 irq_map[30]?
[    2.139119] bpcie_msi_init: virq=41 hwirq=0x1f domain=(____ptrval____) info=(____ptrval____) sc=(____ptrval____)?
[    2.149493] bpcie_msi_init: registered virq=41 irq_map[31]?
[    2.155121] baikal_pcie 0000:00:14.4: bpcie_msi_write_msg(fee00000, 000000ef) mask=0x0 irq=10 hwirq=0x0 (____ptrval____)?
[    2.166218] baikal_pcie 0000:00:14.4: bpcie_config_msi: func=4 subfunc=0 addr=fee00000 data=000000ef?
[    2.175549] baikal_pcie 0000:00:14.4: bpcie_msi_write_msg(fee00000, 000000ef) mask=0x0 irq=11 hwirq=0x1 (____ptrval____)?
[    2.186633] baikal_pcie 0000:00:14.4: bpcie_config_msi: func=4 subfunc=1 addr=fee00000 data=000000ef?
[    2.195954] baikal_pcie 0000:00:14.4: bpcie_msi_write_msg(fee00000, 000000ef) mask=0x0 irq=12 hwirq=0x2 (____ptrval____)?
[    2.207038] baikal_pcie 0000:00:14.4: bpcie_config_msi: func=4 subfunc=2 addr=fee00000 data=000000ef?
[    2.216356] baikal_pcie 0000:00:14.4: bpcie_msi_write_msg(fee00000, 000000ef) mask=0x0 irq=13 hwirq=0x3 (____ptrval____)?
[    2.227437] baikal_pcie 0000:00:14.4: bpcie_config_msi: func=4 subfunc=3 addr=fee00000 data=000000ef?
[    2.236758] baikal_pcie 0000:00:14.4: bpcie_msi_write_msg(fee00000, 000000ef) mask=0x0 irq=14 hwirq=0x4 (____ptrval____)?
[    2.247844] baikal_pcie 0000:00:14.4: bpcie_config_msi: func=4 subfunc=4 addr=fee00000 data=000000ef?
[    2.257165] baikal_pcie 0000:00:14.4: bpcie_msi_write_msg(fee00000, 000000ef) mask=0x0 irq=15 hwirq=0x5 (____ptrval____)?
[    2.268248] baikal_pcie 0000:00:14.4: bpcie_config_msi: func=4 subfunc=5 addr=fee00000 data=000000ef?
[    2.277567] baikal_pcie 0000:00:14.4: bpcie_msi_write_msg(fee00000, 000000ef) mask=0x0 irq=16 hwirq=0x6 (____ptrval____)?
[    2.288650] baikal_pcie 0000:00:14.4: bpcie_config_msi: func=4 subfunc=6 addr=fee00000 data=000000ef?
[    2.297968] baikal_pcie 0000:00:14.4: bpcie_msi_write_msg(fee00000, 000000ef) mask=0x0 irq=17 hwirq=0x7 (____ptrval____)?
[    2.309050] baikal_pcie 0000:00:14.4: bpcie_config_msi: func=4 subfunc=7 addr=fee00000 data=000000ef?
[    2.318370] baikal_pcie 0000:00:14.4: bpcie_msi_write_msg(fee00000, 000000ef) mask=0x0 irq=18 hwirq=0x8 (____ptrval____)?
[    2.329452] baikal_pcie 0000:00:14.4: bpcie_config_msi: func=4 subfunc=8 addr=fee00000 data=000000ef?
[    2.338769] baikal_pcie 0000:00:14.4: bpcie_msi_write_msg(fee00000, 000000ef) mask=0x0 irq=19 hwirq=0x9 (____ptrval____)?
[    2.349853] baikal_pcie 0000:00:14.4: bpcie_config_msi: func=4 subfunc=9 addr=fee00000 data=000000ef?
[    2.359172] baikal_pcie 0000:00:14.4: bpcie_msi_write_msg(fee00000, 000000ef) mask=0x0 irq=20 hwirq=0xa (____ptrval____)?
[    2.370253] baikal_pcie 0000:00:14.4: bpcie_config_msi: func=4 subfunc=10 addr=fee00000 data=000000ef?
[    2.379660] baikal_pcie 0000:00:14.4: bpcie_msi_write_msg(fee00000, 000000ef) mask=0x0 irq=21 hwirq=0xb (____ptrval____)?
[    2.390742] baikal_pcie 0000:00:14.4: bpcie_config_msi: func=4 subfunc=11 addr=fee00000 data=000000ef?
[    2.400148] baikal_pcie 0000:00:14.4: bpcie_msi_write_msg(fee00000, 000000ef) mask=0x0 irq=22 hwirq=0xc (____ptrval____)?
[    2.411232] baikal_pcie 0000:00:14.4: bpcie_config_msi: func=4 subfunc=12 addr=fee00000 data=000000ef?
[    2.420638] baikal_pcie 0000:00:14.4: bpcie_msi_write_msg(fee00000, 000000ef) mask=0x0 irq=23 hwirq=0xd (____ptrval____)?
[    2.431719] baikal_pcie 0000:00:14.4: bpcie_config_msi: func=4 subfunc=13 addr=fee00000 data=000000ef?
[    2.441125] baikal_pcie 0000:00:14.4: bpcie_msi_write_msg(fee00000, 000000ef) mask=0x0 irq=24 hwirq=0xe (____ptrval____)?
[    2.452205] baikal_pcie 0000:00:14.4: bpcie_config_msi: func=4 subfunc=14 addr=fee00000 data=000000ef?
[    2.461614] baikal_pcie 0000:00:14.4: bpcie_msi_write_msg(fee00000, 000000ef) mask=0x0 irq=25 hwirq=0xf (____ptrval____)?
[    2.472695] baikal_pcie 0000:00:14.4: bpcie_config_msi: func=4 subfunc=15 addr=fee00000 data=000000ef?
[    2.482103] baikal_pcie 0000:00:14.4: bpcie_msi_write_msg(fee00000, 000000ef) mask=0x0 irq=26 hwirq=0x10 (____ptrval____)?
[    2.493273] baikal_pcie 0000:00:14.4: bpcie_config_msi: func=4 subfunc=16 addr=fee00000 data=000000ef?
[    2.502680] baikal_pcie 0000:00:14.4: bpcie_msi_write_msg(fee00000, 000000ef) mask=0x0 irq=27 hwirq=0x11 (____ptrval____)?
[    2.513854] baikal_pcie 0000:00:14.4: bpcie_config_msi: func=4 subfunc=17 addr=fee00000 data=000000ef?
[    2.523263] baikal_pcie 0000:00:14.4: bpcie_msi_write_msg(fee00000, 000000ef) mask=0x0 irq=28 hwirq=0x12 (____ptrval____)?
[    2.534432] baikal_pcie 0000:00:14.4: bpcie_config_msi: func=4 subfunc=18 addr=fee00000 data=000000ef?
[    2.543839] baikal_pcie 0000:00:14.4: bpcie_msi_write_msg(fee00000, 000000ef) mask=0x0 irq=29 hwirq=0x13 (____ptrval____)?
[    2.555009] baikal_pcie 0000:00:14.4: bpcie_config_msi: func=4 subfunc=19 addr=fee00000 data=000000ef?
[    2.564419] baikal_pcie 0000:00:14.4: bpcie_msi_write_msg(fee00000, 000000ef) mask=0x0 irq=30 hwirq=0x14 (____ptrval____)?
[    2.575588] baikal_pcie 0000:00:14.4: bpcie_config_msi: func=4 subfunc=20 addr=fee00000 data=000000ef?
[    2.584997] baikal_pcie 0000:00:14.4: bpcie_msi_write_msg(fee00000, 000000ef) mask=0x0 irq=31 hwirq=0x15 (____ptrval____)?
[    2.596169] baikal_pcie 0000:00:14.4: bpcie_config_msi: func=4 subfunc=21 addr=fee00000 data=000000ef?
[    2.605577] baikal_pcie 0000:00:14.4: bpcie_msi_write_msg(fee00000, 000000ef) mask=0x0 irq=32 hwirq=0x16 (____ptrval____)?
[    2.616747] baikal_pcie 0000:00:14.4: bpcie_config_msi: func=4 subfunc=22 addr=fee00000 data=000000ef?
[    2.626156] baikal_pcie 0000:00:14.4: bpcie_msi_write_msg(fee00000, 000000ef) mask=0x0 irq=33 hwirq=0x17 (____ptrval____)?
[    2.637327] baikal_pcie 0000:00:14.4: bpcie_config_msi: func=4 subfunc=23 addr=fee00000 data=000000ef?
[    2.646735] baikal_pcie 0000:00:14.4: bpcie_msi_write_msg(fee00000, 000000ef) mask=0x0 irq=34 hwirq=0x18 (____ptrval____)?
[    2.657905] baikal_pcie 0000:00:14.4: bpcie_config_msi: func=4 subfunc=24 addr=fee00000 data=000000ef?
[    2.667313] baikal_pcie 0000:00:14.4: bpcie_msi_write_msg(fee00000, 000000ef) mask=0x0 irq=35 hwirq=0x19 (____ptrval____)?
[    2.678483] baikal_pcie 0000:00:14.4: bpcie_config_msi: func=4 subfunc=25 addr=fee00000 data=000000ef?
[    2.687889] baikal_pcie 0000:00:14.4: bpcie_msi_write_msg(fee00000, 000000ef) mask=0x0 irq=36 hwirq=0x1a (____ptrval____)?
[    2.699059] baikal_pcie 0000:00:14.4: bpcie_config_msi: func=4 subfunc=26 addr=fee00000 data=000000ef?
[    2.708465] baikal_pcie 0000:00:14.4: bpcie_msi_write_msg(fee00000, 000000ef) mask=0x0 irq=37 hwirq=0x1b (____ptrval____)?
[    2.719636] baikal_pcie 0000:00:14.4: bpcie_config_msi: func=4 subfunc=27 addr=fee00000 data=000000ef?
[    2.729043] baikal_pcie 0000:00:14.4: bpcie_msi_write_msg(fee00000, 000000ef) mask=0x0 irq=38 hwirq=0x1c (____ptrval____)?
[    2.740212] baikal_pcie 0000:00:14.4: bpcie_config_msi: func=4 subfunc=28 addr=fee00000 data=000000ef?
[    2.749619] baikal_pcie 0000:00:14.4: bpcie_msi_write_msg(fee00000, 000000ef) mask=0x0 irq=39 hwirq=0x1d (____ptrval____)?
[    2.760790] baikal_pcie 0000:00:14.4: bpcie_config_msi: func=4 subfunc=29 addr=fee00000 data=000000ef?
[    2.770197] baikal_pcie 0000:00:14.4: bpcie_msi_write_msg(fee00000, 000000ef) mask=0x0 irq=40 hwirq=0x1e (____ptrval____)?
[    2.781368] baikal_pcie 0000:00:14.4: bpcie_config_msi: func=4 subfunc=30 addr=fee00000 data=000000ef?
[    2.790776] baikal_pcie 0000:00:14.4: bpcie_msi_write_msg(fee00000, 000000ef) mask=0x0 irq=41 hwirq=0x1f (____ptrval____)?
[    2.801947] baikal_pcie 0000:00:14.4: bpcie_config_msi: func=4 subfunc=31 addr=fee00000 data=000000ef?
[    2.811441] baikal_pcie 0000:00:14.4: dev->irq=10?
[    2.816362] baikal_pcie 0000:00:14.4: Failed to register serial port 0?
[    2.823022] baikal_pcie 0000:00:14.4: UART init failed (-5); continuing without serial console?
[    2.831810] bpcie_icc_init: msi_desc msi_index=0 irq=10?
[    2.837138] bpcie_icc_init: ICC subfunc 3 -> bpcie_irqnum=13 found_virq=-1?
[    2.844153] baikal_pcie 0000:00:14.4: bpcie_msi_write_msg(fee01000, 00000020) mask=0x0 irq=13 hwirq=0x3 (____ptrval____)?
[    2.845142] baikal_pcie 0000:00:14.4: bpcie_config_msi: func=4 subfunc=3 addr=fee01000 data=00000020?
[    2.845142] baikal_pcie 0000:00:14.4: bpcie_msi_write_msg(fee01000, 00000020) mask=0x0 irq=13 hwirq=0x3 (____ptrval____)?
[    2.845142] baikal_pcie 0000:00:14.4: bpcie_config_msi: func=4 subfunc=3 addr=fee01000 data=00000020?
[    2.884954] genirq: Flags mismatch irq 0. 00200080 (icc-shotgun) vs. 00000000 (AMD-Vi)?
[    2.893037] baikal_pcie 0000:00:14.4: bpcie_msi_write_msg(fee02000, 00000020) mask=0x0 irq=10 hwirq=0x0 (____ptrval____)?
[    2.894023] baikal_pcie 0000:00:14.4: bpcie_config_msi: func=4 subfunc=0 addr=fee02000 data=00000020?
[    2.894023] baikal_pcie 0000:00:14.4: bpcie_msi_write_msg(fee02000, 00000020) mask=0x0 irq=10 hwirq=0x0 (____ptrval____)?
[    2.894023] baikal_pcie 0000:00:14.4: bpcie_config_msi: func=4 subfunc=0 addr=fee02000 data=00000020?
[    2.933855] baikal_pcie 0000:00:14.4: bpcie_msi_write_msg(fee03000, 00000020) mask=0x0 irq=11 hwirq=0x1 (____ptrval____)?
[    2.934839] baikal_pcie 0000:00:14.4: bpcie_config_msi: func=4 subfunc=1 addr=fee03000 data=00000020?
[    2.934839] baikal_pcie 0000:00:14.4: bpcie_msi_write_msg(fee03000, 00000020) mask=0x0 irq=11 hwirq=0x1 (____ptrval____)?
[    2.934839] baikal_pcie 0000:00:14.4: bpcie_config_msi: func=4 subfunc=1 addr=fee03000 data=00000020?
[    2.974652] baikal_pcie 0000:00:14.4: bpcie_msi_write_msg(fee04000, 00000020) mask=0x0 irq=12 hwirq=0x2 (____ptrval____)?
[    2.975635] baikal_pcie 0000:00:14.4: bpcie_config_msi: func=4 subfunc=2 addr=fee04000 data=00000020?
[    2.975635] baikal_pcie 0000:00:14.4: bpcie_msi_write_msg(fee04000, 00000020) mask=0x0 irq=12 hwirq=0x2 (____ptrval____)?
[    2.975635] baikal_pcie 0000:00:14.4: bpcie_config_msi: func=4 subfunc=2 addr=fee04000 data=00000020?
[    3.015448] baikal_pcie 0000:00:14.4: bpcie_msi_write_msg(fee05000, 00000020) mask=0x0 irq=14 hwirq=0x4 (____ptrval____)?
[    3.016430] baikal_pcie 0000:00:14.4: bpcie_config_msi: func=4 subfunc=4 addr=fee05000 data=00000020?
[    3.016430] baikal_pcie 0000:00:14.4: bpcie_msi_write_msg(fee05000, 00000020) mask=0x0 irq=14 hwirq=0x4 (____ptrval____)?
[    3.016430] baikal_pcie 0000:00:14.4: bpcie_config_msi: func=4 subfunc=4 addr=fee05000 data=00000020?
[    3.056243] baikal_pcie 0000:00:14.4: bpcie_msi_write_msg(fee06000, 00000020) mask=0x0 irq=15 hwirq=0x5 (____ptrval____)?
[    3.057226] baikal_pcie 0000:00:14.4: bpcie_config_msi: func=4 subfunc=5 addr=fee06000 data=00000020?
[    3.057226] baikal_pcie 0000:00:14.4: bpcie_msi_write_msg(fee06000, 00000020) mask=0x0 irq=15 hwirq=0x5 (____ptrval____)?
[    3.057226] baikal_pcie 0000:00:14.4: bpcie_config_msi: func=4 subfunc=5 addr=fee06000 data=00000020?
[    3.097039] baikal_pcie 0000:00:14.4: bpcie_msi_write_msg(fee07000, 00000020) mask=0x0 irq=16 hwirq=0x6 (____ptrval____)?
[    3.098019] baikal_pcie 0000:00:14.4: bpcie_config_msi: func=4 subfunc=6 addr=fee07000 data=00000020?
[    3.098019] baikal_pcie 0000:00:14.4: bpcie_msi_write_msg(fee07000, 00000020) mask=0x0 irq=16 hwirq=0x6 (____ptrval____)?
[    3.098019] baikal_pcie 0000:00:14.4: bpcie_config_msi: func=4 subfunc=6 addr=fee07000 data=00000020?
[    3.137830] baikal_pcie 0000:00:14.4: bpcie_msi_write_msg(fee00000, 00000021) mask=0x0 irq=17 hwirq=0x7 (____ptrval____)?
[    3.138814] baikal_pcie 0000:00:14.4: bpcie_config_msi: func=4 subfunc=7 addr=fee00000 data=00000021?
[    3.138814] baikal_pcie 0000:00:14.4: bpcie_msi_write_msg(fee00000, 00000021) mask=0x0 irq=17 hwirq=0x7 (____ptrval____)?
[    3.138814] baikal_pcie 0000:00:14.4: bpcie_config_msi: func=4 subfunc=7 addr=fee00000 data=00000021?
[    3.178632] baikal_pcie 0000:00:14.4: bpcie_msi_write_msg(fee01000, 00000021) mask=0x0 irq=18 hwirq=0x8 (____ptrval____)?
[    3.179606] baikal_pcie 0000:00:14.4: bpcie_config_msi: func=4 subfunc=8 addr=fee01000 data=00000021?
[    3.179606] baikal_pcie 0000:00:14.4: bpcie_msi_write_msg(fee01000, 00000021) mask=0x0 irq=18 hwirq=0x8 (____ptrval____)?
[    3.179606] baikal_pcie 0000:00:14.4: bpcie_config_msi: func=4 subfunc=8 addr=fee01000 data=00000021?
[    3.219426] baikal_pcie 0000:00:14.4: bpcie_msi_write_msg(fee02000, 00000021) mask=0x0 irq=19 hwirq=0x9 (____ptrval____)?
[    3.220409] baikal_pcie 0000:00:14.4: bpcie_config_msi: func=4 subfunc=9 addr=fee02000 data=00000021?
[    3.220409] baikal_pcie 0000:00:14.4: bpcie_msi_write_msg(fee02000, 00000021) mask=0x0 irq=19 hwirq=0x9 (____ptrval____)?
[    3.220409] baikal_pcie 0000:00:14.4: bpcie_config_msi: func=4 subfunc=9 addr=fee02000 data=00000021?
[    3.260219] baikal_pcie 0000:00:14.4: bpcie_msi_write_msg(fee03000, 00000021) mask=0x0 irq=20 hwirq=0xa (____ptrval____)?
[    3.261203] baikal_pcie 0000:00:14.4: bpcie_config_msi: func=4 subfunc=10 addr=fee03000 data=00000021?
[    3.261203] baikal_pcie 0000:00:14.4: bpcie_msi_write_msg(fee03000, 00000021) mask=0x0 irq=20 hwirq=0xa (____ptrval____)?
[    3.261203] baikal_pcie 0000:00:14.4: bpcie_config_msi: func=4 subfunc=10 addr=fee03000 data=00000021?
[    3.301196] baikal_pcie 0000:00:14.4: bpcie_msi_write_msg(fee04000, 00000021) mask=0x0 irq=21 hwirq=0xb (____ptrval____)?
[    3.302178] baikal_pcie 0000:00:14.4: bpcie_config_msi: func=4 subfunc=11 addr=fee04000 data=00000021?
[    3.302178] baikal_pcie 0000:00:14.4: bpcie_msi_write_msg(fee04000, 00000021) mask=0x0 irq=21 hwirq=0xb (____ptrval____)?
[    3.302178] baikal_pcie 0000:00:14.4: bpcie_config_msi: func=4 subfunc=11 addr=fee04000 data=00000021?
[    3.342163] baikal_pcie 0000:00:14.4: bpcie_msi_write_msg(fee05000, 00000021) mask=0x0 irq=22 hwirq=0xc (____ptrval____)?
[    3.343148] baikal_pcie 0000:00:14.4: bpcie_config_msi: func=4 subfunc=12 addr=fee05000 data=00000021?
[    3.343148] baikal_pcie 0000:00:14.4: bpcie_msi_write_msg(fee05000, 00000021) mask=0x0 irq=22 hwirq=0xc (____ptrval____)?
[    3.343148] baikal_pcie 0000:00:14.4: bpcie_config_msi: func=4 subfunc=12 addr=fee05000 data=00000021?
[    3.383134] baikal_pcie 0000:00:14.4: bpcie_msi_write_msg(fee06000, 00000021) mask=0x0 irq=23 hwirq=0xd (____ptrval____)?
[    3.384115] baikal_pcie 0000:00:14.4: bpcie_config_msi: func=4 subfunc=13 addr=fee06000 data=00000021?
[    3.384115] baikal_pcie 0000:00:14.4: bpcie_msi_write_msg(fee06000, 00000021) mask=0x0 irq=23 hwirq=0xd (____ptrval____)?
[    3.384115] baikal_pcie 0000:00:14.4: bpcie_config_msi: func=4 subfunc=13 addr=fee06000 data=00000021?
[    3.424100] baikal_pcie 0000:00:14.4: bpcie_msi_write_msg(fee07000, 00000021) mask=0x0 irq=24 hwirq=0xe (____ptrval____)?
[    3.425085] baikal_pcie 0000:00:14.4: bpcie_config_msi: func=4 subfunc=14 addr=fee07000 data=00000021?
[    3.425085] baikal_pcie 0000:00:14.4: bpcie_msi_write_msg(fee07000, 00000021) mask=0x0 irq=24 hwirq=0xe (____ptrval____)?
[    3.425085] baikal_pcie 0000:00:14.4: bpcie_config_msi: func=4 subfunc=14 addr=fee07000 data=00000021?
[    3.465074] baikal_pcie 0000:00:14.4: bpcie_msi_write_msg(fee00000, 00000022) mask=0x0 irq=25 hwirq=0xf (____ptrval____)?
[    3.466055] baikal_pcie 0000:00:14.4: bpcie_config_msi: func=4 subfunc=15 addr=fee00000 data=00000022?
[    3.466055] baikal_pcie 0000:00:14.4: bpcie_msi_write_msg(fee00000, 00000022) mask=0x0 irq=25 hwirq=0xf (____ptrval____)?
[    3.466055] baikal_pcie 0000:00:14.4: bpcie_config_msi: func=4 subfunc=15 addr=fee00000 data=00000022?
[    3.506042] baikal_pcie 0000:00:14.4: bpcie_msi_write_msg(fee01000, 00000022) mask=0x0 irq=26 hwirq=0x10 (____ptrval____)?
[    3.507026] baikal_pcie 0000:00:14.4: bpcie_config_msi: func=4 subfunc=16 addr=fee01000 data=00000022?
[    3.507026] baikal_pcie 0000:00:14.4: bpcie_msi_write_msg(fee01000, 00000022) mask=0x0 irq=26 hwirq=0x10 (____ptrval____)?
[    3.507026] baikal_pcie 0000:00:14.4: bpcie_config_msi: func=4 subfunc=16 addr=fee01000 data=00000022?
[    3.547190] baikal_pcie 0000:00:14.4: bpcie_msi_write_msg(fee02000, 00000022) mask=0x0 irq=27 hwirq=0x11 (____ptrval____)?
[    3.548174] baikal_pcie 0000:00:14.4: bpcie_config_msi: func=4 subfunc=17 addr=fee02000 data=00000022?
[    3.548174] baikal_pcie 0000:00:14.4: bpcie_msi_write_msg(fee02000, 00000022) mask=0x0 irq=27 hwirq=0x11 (____ptrval____)?
[    3.548174] baikal_pcie 0000:00:14.4: bpcie_config_msi: func=4 subfunc=17 addr=fee02000 data=00000022?
[    3.588337] baikal_pcie 0000:00:14.4: bpcie_msi_write_msg(fee03000, 00000022) mask=0x0 irq=28 hwirq=0x12 (____ptrval____)?
[    3.589320] baikal_pcie 0000:00:14.4: bpcie_config_msi: func=4 subfunc=18 addr=fee03000 data=00000022?
[    3.589320] baikal_pcie 0000:00:14.4: bpcie_msi_write_msg(fee03000, 00000022) mask=0x0 irq=28 hwirq=0x12 (____ptrval____)?
[    3.589320] baikal_pcie 0000:00:14.4: bpcie_config_msi: func=4 subfunc=18 addr=fee03000 data=00000022?
[    3.629484] baikal_pcie 0000:00:14.4: bpcie_msi_write_msg(fee04000, 00000022) mask=0x0 irq=29 hwirq=0x13 (____ptrval____)?
[    3.630467] baikal_pcie 0000:00:14.4: bpcie_config_msi: func=4 subfunc=19 addr=fee04000 data=00000022?
[    3.630467] baikal_pcie 0000:00:14.4: bpcie_msi_write_msg(fee04000, 00000022) mask=0x0 irq=29 hwirq=0x13 (____ptrval____)?
[    3.630467] baikal_pcie 0000:00:14.4: bpcie_config_msi: func=4 subfunc=19 addr=fee04000 data=00000022?
[    3.670631] baikal_pcie 0000:00:14.4: bpcie_msi_write_msg(fee05000, 00000022) mask=0x0 irq=30 hwirq=0x14 (____ptrval____)?
[    3.671612] baikal_pcie 0000:00:14.4: bpcie_config_msi: func=4 subfunc=20 addr=fee05000 data=00000022?
[    3.671612] baikal_pcie 0000:00:14.4: bpcie_msi_write_msg(fee05000, 00000022) mask=0x0 irq=30 hwirq=0x14 (____ptrval____)?
[    3.671612] baikal_pcie 0000:00:14.4: bpcie_config_msi: func=4 subfunc=20 addr=fee05000 data=00000022?
[    3.711783] baikal_pcie 0000:00:14.4: bpcie_msi_write_msg(fee06000, 00000022) mask=0x0 irq=31 hwirq=0x15 (____ptrval____)?
[    3.712763] baikal_pcie 0000:00:14.4: bpcie_config_msi: func=4 subfunc=21 addr=fee06000 data=00000022?
[    3.712763] baikal_pcie 0000:00:14.4: bpcie_msi_write_msg(fee06000, 00000022) mask=0x0 irq=31 hwirq=0x15 (____ptrval____)?
[    3.712763] baikal_pcie 0000:00:14.4: bpcie_config_msi: func=4 subfunc=21 addr=fee06000 data=00000022?
[    3.752932] baikal_pcie 0000:00:14.4: bpcie_msi_write_msg(fee07000, 00000022) mask=0x0 irq=32 hwirq=0x16 (____ptrval____)?
[    3.753914] baikal_pcie 0000:00:14.4: bpcie_config_msi: func=4 subfunc=22 addr=fee07000 data=00000022?
[    3.753914] baikal_pcie 0000:00:14.4: bpcie_msi_write_msg(fee07000, 00000022) mask=0x0 irq=32 hwirq=0x16 (____ptrval____)?
[    3.753914] baikal_pcie 0000:00:14.4: bpcie_config_msi: func=4 subfunc=22 addr=fee07000 data=00000022?
[    3.794077] baikal_pcie 0000:00:14.4: bpcie_msi_write_msg(fee00000, 00000023) mask=0x0 irq=33 hwirq=0x17 (____ptrval____)?
[    3.795060] baikal_pcie 0000:00:14.4: bpcie_config_msi: func=4 subfunc=23 addr=fee00000 data=00000023?
[    3.795060] baikal_pcie 0000:00:14.4: bpcie_msi_write_msg(fee00000, 00000023) mask=0x0 irq=33 hwirq=0x17 (____ptrval____)?
[    3.795060] baikal_pcie 0000:00:14.4: bpcie_config_msi: func=4 subfunc=23 addr=fee00000 data=00000023?
[    3.835222] baikal_pcie 0000:00:14.4: bpcie_msi_write_msg(fee01000, 00000023) mask=0x0 irq=34 hwirq=0x18 (____ptrval____)?
[    3.836207] baikal_pcie 0000:00:14.4: bpcie_config_msi: func=4 subfunc=24 addr=fee01000 data=00000023?
[    3.836207] baikal_pcie 0000:00:14.4: bpcie_msi_write_msg(fee01000, 00000023) mask=0x0 irq=34 hwirq=0x18 (____ptrval____)?
[    3.836207] baikal_pcie 0000:00:14.4: bpcie_config_msi: func=4 subfunc=24 addr=fee01000 data=00000023?
[    3.876369] baikal_pcie 0000:00:14.4: bpcie_msi_write_msg(fee02000, 00000023) mask=0x0 irq=35 hwirq=0x19 (____ptrval____)?
[    3.877350] baikal_pcie 0000:00:14.4: bpcie_config_msi: func=4 subfunc=25 addr=fee02000 data=00000023?
[    3.877350] baikal_pcie 0000:00:14.4: bpcie_msi_write_msg(fee02000, 00000023) mask=0x0 irq=35 hwirq=0x19 (____ptrval____)?
[    3.877350] baikal_pcie 0000:00:14.4: bpcie_config_msi: func=4 subfunc=25 addr=fee02000 data=00000023?
[    3.917513] baikal_pcie 0000:00:14.4: bpcie_msi_write_msg(fee03000, 00000023) mask=0x0 irq=36 hwirq=0x1a (____ptrval____)?
[    3.918498] baikal_pcie 0000:00:14.4: bpcie_config_msi: func=4 subfunc=26 addr=fee03000 data=00000023?
[    3.918498] baikal_pcie 0000:00:14.4: bpcie_msi_write_msg(fee03000, 00000023) mask=0x0 irq=36 hwirq=0x1a (____ptrval____)?
[    3.918498] baikal_pcie 0000:00:14.4: bpcie_config_msi: func=4 subfunc=26 addr=fee03000 data=00000023?
[    3.958665] baikal_pcie 0000:00:14.4: bpcie_msi_write_msg(fee04000, 00000023) mask=0x0 irq=37 hwirq=0x1b (____ptrval____)?
[    3.959646] baikal_pcie 0000:00:14.4: bpcie_config_msi: func=4 subfunc=27 addr=fee04000 data=00000023?
[    3.959646] baikal_pcie 0000:00:14.4: bpcie_msi_write_msg(fee04000, 00000023) mask=0x0 irq=37 hwirq=0x1b (____ptrval____)?
[    3.959646] baikal_pcie 0000:00:14.4: bpcie_config_msi: func=4 subfunc=27 addr=fee04000 data=00000023?
[    3.999808] baikal_pcie 0000:00:14.4: bpcie_msi_write_msg(fee05000, 00000023) mask=0x0 irq=38 hwirq=0x1c (____ptrval____)?
[    4.000793] baikal_pcie 0000:00:14.4: bpcie_config_msi: func=4 subfunc=28 addr=fee05000 data=00000023?
[    4.000793] baikal_pcie 0000:00:14.4: bpcie_msi_write_msg(fee05000, 00000023) mask=0x0 irq=38 hwirq=0x1c (____ptrval____)?
[    4.000793] baikal_pcie 0000:00:14.4: bpcie_config_msi: func=4 subfunc=28 addr=fee05000 data=00000023?
[    4.040958] baikal_pcie 0000:00:14.4: bpcie_msi_write_msg(fee06000, 00000023) mask=0x0 irq=39 hwirq=0x1d (____ptrval____)?
[    4.041939] baikal_pcie 0000:00:14.4: bpcie_config_msi: func=4 subfunc=29 addr=fee06000 data=00000023?
[    4.041939] baikal_pcie 0000:00:14.4: bpcie_msi_write_msg(fee06000, 00000023) mask=0x0 irq=39 hwirq=0x1d (____ptrval____)?
[    4.041939] baikal_pcie 0000:00:14.4: bpcie_config_msi: func=4 subfunc=29 addr=fee06000 data=00000023?
[    4.082102] baikal_pcie 0000:00:14.4: bpcie_msi_write_msg(fee07000, 00000023) mask=0x0 irq=40 hwirq=0x1e (____ptrval____)?
[    4.083087] baikal_pcie 0000:00:14.4: bpcie_config_msi: func=4 subfunc=30 addr=fee07000 data=00000023?
[    4.083087] baikal_pcie 0000:00:14.4: bpcie_msi_write_msg(fee07000, 00000023) mask=0x0 irq=40 hwirq=0x1e (____ptrval____)?
[    4.083087] baikal_pcie 0000:00:14.4: bpcie_config_msi: func=4 subfunc=30 addr=fee07000 data=00000023?
[    4.123248] baikal_pcie 0000:00:14.4: bpcie_msi_write_msg(fee00000, 00000024) mask=0x0 irq=41 hwirq=0x1f (____ptrval____)?
[    4.124231] baikal_pcie 0000:00:14.4: bpcie_config_msi: func=4 subfunc=31 addr=fee00000 data=00000024?
[    4.124231] baikal_pcie 0000:00:14.4: bpcie_msi_write_msg(fee00000, 00000024) mask=0x0 irq=41 hwirq=0x1f (____ptrval____)?
[    4.124231] baikal_pcie 0000:00:14.4: bpcie_config_msi: func=4 subfunc=31 addr=fee00000 data=00000024?
[    4.164399] bpcie_icc_init: shotgun-registered ICC at 32 additional virqs (0..63)?
[    4.172036] baikal_pcie 0000:00:14.4: icc init-diag: ICC virq=13 STATUS=0x0 IRQ_MASK=0x3 DOORBELL_off=0x108004 STATUS_off=0x108014?
[    4.184040] i2c i2c-0: adapter [icc] registered?
[    4.188783] icc_interrupt: irq=35 entry status=0x2?
[    4.189532] icc_interrupt: irq=0 entry status=0x2?
[    4.213051] icc_interrupt: irq=35 entry status=0x1?
[    4.213542] icc_interrupt: irq=0 entry status=0x1?
[    4.222732] Turn ON BT/WLAN: ret=20, reply 00 00 00 00?
[    4.222855] icc_interrupt: irq=35 entry status=0x2?
[    4.223524] icc_interrupt: irq=0 entry status=0x2?
[    4.237767] usb0 status: ret=20, reply 00 00 01 00?
[    4.237772] USB is already turned ON!?
[    4.242724] input: Power Button as /devices/pci0000:00/0000:00:14.4/input/input0?
[    4.254132] icc_interrupt: irq=35 entry status=0x2?
[    4.254540] icc_interrupt: irq=0 entry status=0x2?
[    4.268058] icc_interrupt: irq=35 entry status=0x1?
[    4.268516] icc_interrupt: irq=0 entry status=0x1?
[    4.277737] icc: not ready?
[    4.280499] baikal_pcie 0000:00:14.4: icc_pwrbutton_init: Failed to enable reset notifications (-11)?
[    4.303507] ret=46, reply 00 00 03 00 00 00 15 00?
[    4.313524] ret=20, reply 00 00 01 02 10 00 00 00?
[    4.323523] ret=20, reply 00 00 00 00 00 00 00 00?
[    4.328428] wireguard: WireGuard 1.0.0 loaded. See www.wireguard.com for information.?
[    4.336412] wireguard: Copyright (C) 2015-2019 Jason A. Donenfeld <Jason@zx2c4.com>. All Rights Reserved.?
[    4.346657] sky2: driver version 1.30?
[    4.350429] resource: resource sanity check: requesting [mem 0x00000000c2000000-0x00000000c2003fff], which spans more than 0000:00:14.1 [mem 0xc2000000-0xc2000fff 64bit]?
[    4.365854] caller sky2_probe+0x153/0x330 mapping multiple BARs?
[    4.371899] sky2 0000:00:14.1: PS4 Baikal: B2_CHIP_ID=0x0, forcing YUKON_PRM?
[    4.379085] sky2 0000:00:14.1: chip type 0xbd?
[    4.383540] sky2 0000:00:14.1: Yukon-2 OptimaEEE chip revision 0?
[    4.389719] sky2 0000:00:14.1: bpcie_assign_irqs(1)?
[    4.394703] bpcie_init_dev_msi_info: dev=0000:00:14.1 installed bpcie demuxer (sc=(____ptrval____))?
[    4.403962] bpcie_msi_init: virq=1 hwirq=0x0 domain=(____ptrval____) info=(____ptrval____) sc=(____ptrval____)?
[    4.414166] bpcie_msi_init: registered virq=1 irq_map[32]?
[    4.419674] sky2 0000:00:14.1: bpcie_msi_write_msg(fee00000, 000000ef) mask=0x0 irq=1 hwirq=0x0 (____ptrval____)?
[    4.430055] baikal_pcie 0000:00:14.4: bpcie_config_msi: func=1 subfunc=0 addr=fee00000 data=000000ef?
[    4.439390] sky2 0000:00:14.1: bpcie_assign_irqs returning 1?
[    4.445158] sky2 0000:00:14.1: PS4 Baikal: skipping MSI self-test in APCIE branch?
[    4.453056] sky2 0000:00:14.1 eth0: addr 2c:cc:44:57:0b:3a?
[    4.459089] xhci_aeolia 0000:00:14.7: bpcie_assign_irqs(3)?
[    4.464698] bpcie_init_dev_msi_info: dev=0000:00:14.7 installed bpcie demuxer (sc=(____ptrval____))?
[    4.473961] bpcie_msi_init: virq=2 hwirq=0x0 domain=(____ptrval____) info=(____ptrval____) sc=(____ptrval____)?
[    4.484164] bpcie_msi_init: registered virq=2 irq_map[33]?
[    4.489671] xhci_aeolia 0000:00:14.7: bpcie_msi_write_msg(fee00000, 000000ef) mask=0x0 irq=2 hwirq=0x0 (____ptrval____)?
[    4.500671] baikal_pcie 0000:00:14.4: bpcie_config_msi: func=7 subfunc=0 addr=fee00000 data=000000ef?
[    4.510005] xhci_aeolia 0000:00:14.7: bpcie_assign_irqs returning 1?
[    4.516395] xhci_aeolia 0000:00:14.7: version 3.0?
[    4.521199] xhci_aeolia 0000:00:14.7: Belize SATA PHY init?
[    5.526826] xhci_aeolia 0000:00:14.7: PHY SET GEN3?
[    5.531713] xhci_aeolia 0000:00:14.7: Belize SATA PHY Trace length : 6?
[    6.538449] xhci_aeolia 0000:00:14.7: Align 90=0x00?
[    6.543457] clocksource: tsc: mask: 0xffffffffffffffff max_cycles: 0x16fa68ecc70, max_idle_ns: 440795230107 ns?
[    6.543519] xhci_aeolia 0000:00:14.7: AHCI vers 0001.0300, 32 command slots, 6 Gbps, ATA mode?
[    6.562344] xhci_aeolia 0000:00:14.7: 1/1 ports implemented (port mask 0x1)?
[    6.569441] xhci_aeolia 0000:00:14.7: flags: ncq sntf pm clo only pmp pio slum part ccc apst ?
[    6.578153] clocksource: Switched to clocksource tsc?
[    6.578211] xhci_aeolia 0000:00:14.7: bpcie_msi_write_msg(fee01000, 00000024) mask=0x0 irq=2 hwirq=0x0 (____ptrval____)?
[    6.591839] baikal_pcie 0000:00:14.4: bpcie_config_msi: func=7 subfunc=0 addr=fee01000 data=00000024?
[    6.599859] xhci_aeolia 0000:00:14.7: bpcie_msi_write_msg(fee01000, 00000024) mask=0x0 irq=2 hwirq=0x0 (____ptrval____)?
[    6.607864] baikal_pcie 0000:00:14.4: bpcie_config_msi: func=7 subfunc=0 addr=fee01000 data=00000024?
[    6.624252] scsi host0: ahci?
[    6.627308] ata1: SATA max UDMA/133 abar m65536@0xce800000 port 0xce800100 irq 2 lpm-pol 0?
[    6.685964] xhci_aeolia_probe_one 0, controller is 90de?
[    6.691366] xhci_aeolia 0000:00:14.7: xHCI Host Controller?
[    6.696982] xhci_aeolia 0000:00:14.7: new USB bus registered, assigned bus number 1?
[    6.721052] xhci_aeolia 0000:00:14.7: hcc params 0x0228f66c hci version 0x100 quirks 0x0004000000010010?
[    6.730647] xhci_aeolia 0000:00:14.7: irq 2, io mem 0xce000000?
[    6.736631] xhci_aeolia 0000:00:14.7: xHCI Host Controller?
[    6.742228] xhci_aeolia 0000:00:14.7: new USB bus registered, assigned bus number 2?
[    6.770961] xhci_aeolia 0000:00:14.7: Host supports USB 3.0 SuperSpeed?
[    6.777789] usb usb1: New USB device found, idVendor=1d6b, idProduct=0002, bcdDevice= 6.15?
[    6.786222] usb usb1: New USB device strings: Mfr=3, Product=2, SerialNumber=1?
[    6.793588] usb usb1: Product: xHCI Host Controller?
[    6.798560] usb usb1: Manufacturer: Linux 6.15.4-Baikal_TESTING_crashniels-dirty xhci-hcd?
[    6.806897] usb usb1: SerialNumber: 0000:00:14.7?
[    6.811975] hub 1-0:1.0: USB hub found?
[    6.815830] hub 1-0:1.0: 2 ports detected?
[    6.820137] usb usb2: We don't know the algorithms for LPM for this host, disabling LPM.?
[    6.828465] usb usb2: New USB device found, idVendor=1d6b, idProduct=0003, bcdDevice= 6.15?
[    6.836908] usb usb2: New USB device strings: Mfr=3, Product=2, SerialNumber=1?
[    6.844281] usb usb2: Product: xHCI Host Controller?
[    6.849258] usb usb2: Manufacturer: Linux 6.15.4-Baikal_TESTING_crashniels-dirty xhci-hcd?
[    6.857598] usb usb2: SerialNumber: 0000:00:14.7?
[    6.862603] hub 2-0:1.0: USB hub found?
[    6.866449] hub 2-0:1.0: 2 ports detected?
[    6.890976] xhci_aeolia_probe_one 2, controller is 90de?
[    6.896375] xhci_aeolia 0000:00:14.7: xHCI Host Controller?
[    6.901981] xhci_aeolia 0000:00:14.7: new USB bus registered, assigned bus number 3?
[    6.909921] xhci_aeolia 0000:00:14.7: hcc params 0x0220f06c hci version 0x100 quirks 0x0004000000010010?
[    6.919531] xhci_aeolia 0000:00:14.7: irq 2, io mem 0xcf000000?
[    6.925516] xhci_aeolia 0000:00:14.7: xHCI Host Controller?
[    6.931120] xhci_aeolia 0000:00:14.7: new USB bus registered, assigned bus number 4?
[    6.959970] xhci_aeolia 0000:00:14.7: Host supports USB 3.0 SuperSpeed?
[    6.966789] usb usb3: New USB device found, idVendor=1d6b, idProduct=0002, bcdDevice= 6.15?
[    6.975226] usb usb3: New USB device strings: Mfr=3, Product=2, SerialNumber=1?
[    6.982597] usb usb3: Product: xHCI Host Controller?
[    6.987569] usb usb3: Manufacturer: Linux 6.15.4-Baikal_TESTING_crashniels-dirty xhci-hcd?
[    6.995909] usb usb3: SerialNumber: 0000:00:14.7?
[    7.001011] hub 3-0:1.0: USB hub found?
[    7.004999] hub 3-0:1.0: 1 port detected?
[    7.009277] usb usb4: We don't know the algorithms for LPM for this host, disabling LPM.?
[    7.017620] usb usb4: New USB device found, idVendor=1d6b, idProduct=0003, bcdDevice= 6.15?
[    7.026050] usb usb4: New USB device strings: Mfr=3, Product=2, SerialNumber=1?
[    7.033427] usb usb4: Product: xHCI Host Controller?
[    7.038403] usb usb4: Manufacturer: Linux 6.15.4-Baikal_TESTING_crashniels-dirty xhci-hcd?
[    7.046743] usb usb4: SerialNumber: 0000:00:14.7?
[    7.051899] hub 4-0:1.0: USB hub found?
[    7.055746] hub 4-0:1.0: 1 port detected?
[    7.081356] usbcore: registered new interface driver uas?
[    7.086873] usbcore: registered new interface driver usb-storage?
[    7.093071] i8042: PNP: No PS/2 controller found.?
[    7.097926] ata1: SATA link up 3.0 Gbps (SStatus 123 SControl 300)?
[    7.098188] mousedev: PS/2 mouse device common for all mice?
[    7.110185] usbcore: registered new interface driver xpad?
[    7.115756] usb 1-1: new high-speed USB device number 2 using xhci_aeolia?
[    7.115864] i2c_dev: i2c /dev entries driver?
[    7.122786] ata1.00: FORCE: modified (disable)?
[    7.127190] i2c_dev: adapter [icc] registered as minor 0?
[    7.131595] ata1.00: unsupported device, disabling?
[    7.131598] ata1.00: disable device?
[    7.131621] i2c-core: driver [i2c-slave-eeprom] registered?
[    7.151498] device-mapper: ioctl: 4.49.0-ioctl (2025-01-17) initialised: dm-devel@lists.linux.dev?
[    7.160972] amd_pstate: the _CPC object is not present in SBIOS or ACPI disabled?
[    7.168532] sdhci: Secure Digital Host Controller Interface driver?
[    7.174843] sdhci: Copyright(c) Pierre Ossman?
[    7.179425] sdhci-pci 0000:00:14.3: SDHCI controller found [104d:90da] (rev 0)?
[    7.179452] hid: raw HID events driver (C) Jiri Kosina?
[    7.186913] bpcie_init_dev_msi_info: dev=0000:00:14.3 installed bpcie demuxer (sc=(____ptrval____))?
[    7.192094] usb usb3-port1: over-current condition?
[    7.201365] bpcie_msi_init: virq=3 hwirq=0x0 domain=(____ptrval____) info=(____ptrval____) sc=(____ptrval____)?
[    7.201634] usbcore: registered new interface driver usbhid?
[    7.201637] usbhid: USB HID core driver?
[    7.202175] snd_hda_intel 0000:00:01.1: can't derive routing for PCI INT B?
[    7.202180] snd_hda_intel 0000:00:01.1: PCI INT B: not connected?
[    7.202489] NET: Registered PF_INET6 protocol family?
[    7.203270] Segment Routing with IPv6?
[    7.203295] In-situ OAM (IOAM) with IPv6?
[    7.203340] NET: Registered PF_PACKET protocol family?
[    7.203454] Bluetooth: RFCOMM TTY layer initialized?
[    7.203461] Bluetooth: RFCOMM socket layer initialized?
[    7.203463] Bluetooth: RFCOMM ver 1.11?
[    7.203466] Bluetooth: BNEP (Ethernet Emulation) ver 1.3?
[    7.203469] Bluetooth: BNEP filters: protocol multicast?
[    7.203474] Bluetooth: BNEP socket layer initialized?
[    7.203476] Bluetooth: HIDP (Human Interface Emulation) ver 1.2?
[    7.203481] Bluetooth: HIDP socket layer initialized?
[    7.249146] usb 1-1: New USB device found, idVendor=1a40, idProduct=0101, bcdDevice= 1.00?
[    7.251856] bpcie_msi_init: registered virq=3 irq_map[34]?
[    7.251869] sdhci-pci 0000:00:14.3: bpcie_msi_write_msg(fee00000, 000000ef) mask=0x0 irq=3 hwirq=0x0 (____ptrval____)?
[    7.251887] baikal_pcie 0000:00:14.4: bpcie_config_msi: func=3 subfunc=0 addr=fee00000 data=000000ef?
[    7.251894] usb 1-1: New USB device strings: Mfr=0, Product=1, SerialNumber=0?
[    7.251900] usb 1-1: Product: USB2.0 HUB?
[    7.255504] input: HD-Audio Generic HDMI/DP,pcm=3 as /devices/pci0000:00/0000:00:01.1/sound/card0/input1?
[    7.255638] input: HD-Audio Generic HDMI/DP,pcm=7 as /devices/pci0000:00/0000:00:01.1/sound/card0/input2?
[    7.257688] sdhci-pci 0000:00:14.3: bpcie_msi_write_msg(fee03000, 00000024) mask=0x0 irq=3 hwirq=0x0 (____ptrval____)?
[    7.262877] microcode: Current revision: 0x0701a001?
[    7.258681] baikal_pcie 0000:00:14.4: bpcie_config_msi: func=3 subfunc=0 addr=fee03000 data=00000024?
[    7.321766] hub 1-1:1.0: USB hub found?
[    7.321680] sdhci-pci 0000:00:14.3: bpcie_msi_write_msg(fee03000, 00000024) mask=0x0 irq=3 hwirq=0x0 (____ptrval____)?
[    7.331908] hub 1-1:1.0: 4 ports detected?
[    7.332834] baikal_pcie 0000:00:14.4: bpcie_config_msi: func=3 subfunc=0 addr=fee03000 data=00000024?
[    7.415909] IPI shorthand broadcast: enabled?
[    7.415945] mmc0: SDHCI controller on PCI [0000:00:14.3] using ADMA?
[    7.436426] sched_clock: Marking stable (6730004505, 705822636)->(9803618741, -2367791600)?
[    7.445237] registered taskstats version 1?
[    7.449419] Loading compiled-in X.509 certificates?
[    7.461242] Demotion targets for Node 0: null?
[    7.465966] usb 2-2: new SuperSpeed USB device number 2 using xhci_aeolia?
[    7.466678] Btrfs loaded, zoned=no, fsverity=no?
[    7.478168] amdgpu 0000:00:01.0: can't derive routing for PCI INT A?
[    7.484598] amdgpu 0000:00:01.0: PCI INT A: not connected?
[    7.486814] usb 2-2: New USB device found, idVendor=0951, idProduct=1666, bcdDevice= 1.10?
[    7.490126] [drm] initializing kernel modesetting (LIVERPOOL 0x1002:0x9923 0x1002:0x9923 0x00).?
[    7.498475] usb 2-2: New USB device strings: Mfr=2, Product=3, SerialNumber=4?
[    7.498514] [drm] register mmio base: 0xE4800000?
[    7.507347] usb 2-2: Product: DataTraveler 3.0?
[    7.507352] usb 2-2: Manufacturer: Kingston?
[    7.507358] [drm] register mmio size: 262144?
[    7.507364] usb 2-2: SerialNumber: E0D55EA573F0194049CD0236?
[    7.507545] amdgpu 0000:00:01.0: amdgpu: detected ip block number 0 <cik_common>?
[    7.515329] usb-storage 2-2:1.0: USB Mass Storage device detected?
[    7.519362] amdgpu 0000:00:01.0: amdgpu: detected ip block number 1 <gmc_v7_0>?
[    7.519367] amdgpu 0000:00:01.0: amdgpu: detected ip block number 2 <cik_ih>?
[    7.519371] amdgpu 0000:00:01.0: amdgpu: detected ip block number 3 <dce_v8_0>?
[    7.519722] scsi host1: usb-storage 2-2:1.0?
[    7.523911] amdgpu 0000:00:01.0: amdgpu: detected ip block number 4 <gfx_v7_0>?
[    7.523915] amdgpu 0000:00:01.0: amdgpu: detected ip block number 5 <cik_sdma>?
[    7.523919] amdgpu 0000:00:01.0: amdgpu: detected ip block number 6 <uvd_v4_2>?
[    7.524169] usb usb4-port1: over-current condition?
[    7.528189] amdgpu 0000:00:01.0: amdgpu: detected ip block number 7 <vce_v2_0>?
[    7.534889] mmc0: new UHS-I speed SDR104 SDIO card at address 0001?
[    7.622152] [wlan][81]halPollDbgCr:(INIT WARN) SWPCDBGR 0x00000000?
[    7.630990] amdgpu 0000:00:01.0: amdgpu: Fetched VBIOS from ROM BAR?
[    7.637401] amdgpu: ATOM BIOS: 113-Starsha2-018?
[    7.642361] amdgpu 0000:00:01.0: vgaarb: deactivate vga console?
[    7.648423] amdgpu 0000:00:01.0: amdgpu: Trusted Memory Zone (TMZ) feature not supported?
[    7.656691] amdgpu: ps4_atom: VBIOS dp_extclk=10000 (PS4 forces 0 on Liverpool/Gladius)?
[    7.665115] i2c_dev: adapter [AMDGPU i2c bit bus 0x90] registered as minor 1?
[    7.672333] i2c i2c-1: adapter [AMDGPU i2c bit bus 0x90] registered?
[    7.678841] i2c_dev: adapter [AMDGPU i2c bit bus 0x91] registered as minor 2?
[    7.686049] i2c i2c-2: adapter [AMDGPU i2c bit bus 0x91] registered?
[    7.692447] stackdepot: allocating hash table of 524288 entries via kvcalloc?
[    7.703714] [drm] vm size is 64 GB, 2 levels, block size is 10-bit, fragment size is 9-bit?
[    7.712178] amdgpu 0000:00:01.0: amdgpu: VRAM: 1024M 0x0000000F00000000 - 0x0000000F3FFFFFFF (1024M used)?
[    7.714913] usb 1-1.3: new low-speed USB device number 3 using xhci_aeolia?
[    7.721959] amdgpu 0000:00:01.0: amdgpu: GART: 16384M 0x0000000000000000 - 0x00000003FFFFFFFF?
[    7.737704] [drm] Detected VRAM RAM=1024M, BAR=1024M?
[    7.742796] [drm] RAM width 64bits UNKNOWN?
[    7.747251] [drm] amdgpu: 1024M of VRAM memory ready?
[    7.752359] [drm] amdgpu: 3459M of GTT memory ready.?
[    7.757508] [drm] GART: num cpu pages 4194304, num gpu pages 4194304?
[    7.763999] amdgpu 0000:00:01.0: amdgpu: Done gart?
[    7.768900] amdgpu 0000:00:01.0: amdgpu: Done init?
[    7.773818] [drm] ps4: VC1..VC15 PAGE_TABLE_DEPTH overridden to 0 (flat walk) for UVD compatibility?
[    7.783061] [drm] ps4: bound dummy page at GART virtual 0x300000000 (pa=0x1157000) for UVD fw access?
[    7.792379] [drm] ps4: bound dummy page at GART virtual 0x0 (pa=0x1157000) for UVD fw null-deref?
[    7.801351] [drm] PCIE GART of 16384M enabled (table at 0x0000000F02000000).?
[    7.809380] [drm] forcing HDMI-A-1 connector on?
[    7.814035] amdgpu: ps4_bridge: forcing bridge init at attach (mode=VIC 16)?
[    7.821141] amdgpu: ps4_bridge_pre_enable: BEGIN (mode=VIC 16)?
[    7.827092] amdgpu: ps4_bridge_cq: enqueue WAIT_CLEAR addr=0x7a84 mask=0x01?
[    7.834366] icc_interrupt: 6 callbacks suppressed?
[    7.834380] icc_interrupt: irq=35 entry status=0x2?
[    7.834858] icc_interrupt: irq=0 entry status=0x2?
[    7.839214] call_irq_handler: 2.61 No irq handler for vector?
[    7.844092] amdgpu: ps4_bridge_cq: exec code=4 req_len=32 groups=2 res=20 reply_res=0/0 count=0 data[0..7]=00 00 00 00 00 00 00 00 elapsed=9893us?
[    7.867957] amdgpu: ps4_bridge_pre_enable: cq_exec returned 20?
[    7.873904] amdgpu: ps4_bridge_pre_enable: END?
[    7.878440] amdgpu: ps4_bridge_enable: BEGIN (mode=VIC 16, dev=0x9923)?
[    7.906778] usb 1-1.3: New USB device found, idVendor=04f3, idProduct=152e, bcdDevice=1c.02?
[    7.915318] usb 1-1.3: New USB device strings: Mfr=1, Product=2, SerialNumber=0?
[    7.922780] usb 1-1.3: Product: Gaming KB?
[    7.926875] usb 1-1.3: Manufacturer: Gaming KB?
[    8.029029] input: Gaming KB Gaming KB as /devices/pci0000:00/0000:00:14.7/usb1/1-1/1-1.3/1-1.3:1.0/0003:04F3:152E.0001/input/input3?
[    8.042248] hid-generic 0003:04F3:152E.0001: input,hidraw0: USB HID v1.11 Keyboard [Gaming KB Gaming KB] on usb-0000:00:14.7-1.3/input0?
[    8.061000] input: Gaming KB Gaming KB Consumer Control as /devices/pci0000:00/0000:00:14.7/usb1/1-1/1-1.3/1-1.3:1.1/0003:04F3:152E.0002/input/input4?
[    8.074914] input: Gaming KB Gaming KB System Control as /devices/pci0000:00/0000:00:14.7/usb1/1-1/1-1.3/1-1.3:1.1/0003:04F3:152E.0002/input/input5?
[    8.088634] input: Gaming KB Gaming KB Keyboard as /devices/pci0000:00/0000:00:14.7/usb1/1-1/1-1.3/1-1.3:1.1/0003:04F3:152E.0002/input/input6?
[    8.101800] input: Gaming KB Gaming KB as /devices/pci0000:00/0000:00:14.7/usb1/1-1/1-1.3/1-1.3:1.1/0003:04F3:152E.0002/input/input7?
[    8.114316] hid-generic 0003:04F3:152E.0002: input,hiddev96,hidraw1: USB HID v1.11 Keyboard [Gaming KB Gaming KB] on usb-0000:00:14.7-1.3/input1?
[    8.392881] amdgpu: ps4_bridge_cq: --- chunk A: DP lane status (waits 0x60f8/0xff, 0x60f9/0x01, 0x60f9/0x1a) ---?
[    8.400877] usb 1-1.4: new low-speed USB device number 4 using xhci_aeolia?
[    8.403351] amdgpu: ps4_bridge_cq: enqueue WAIT_SET addr=0x60f8 mask=0xff?
[    8.417383] amdgpu: ps4_bridge_cq: enqueue WAIT_SET addr=0x60f9 mask=0x01?
[    8.424354] amdgpu: ps4_bridge_cq: enqueue WAIT_SET addr=0x60f9 mask=0x1a?
[    8.431507] icc_interrupt: irq=35 entry status=0x2?
[    8.432371] icc_interrupt: irq=0 entry status=0x2?
[    8.436431] call_irq_handler: 2.61 No irq handler for vector?
[    8.444564] icc_interrupt: irq=0 entry status=0x1?
[    8.447057] call_irq_handler: 2.61 No irq handler for vector?
[    8.447065] icc_interrupt: irq=35 entry status=0x1?
[    8.447106] amdgpu: ps4_bridge_cq: exec code=4 req_len=49 groups=5 res=20 reply_res=0/0 count=0 data[0..7]=00 00 00 00 00 00 00 00 elapsed=15783us?
[    8.476119] amdgpu: ps4_bridge_cq: chunk A (DP lane status) result rc=20?
[    8.483134] icc_interrupt: irq=35 entry status=0x2?
[    8.483865] icc_interrupt: irq=0 entry status=0x2?
[    8.488054] call_irq_handler: 2.61 No irq handler for vector?
[    8.491861] icc_interrupt: irq=0 entry status=0x1?
[    8.492888] call_irq_handler: 2.61 No irq handler for vector?
[    8.492896] icc_interrupt: irq=35 entry status=0x1?
[    8.492945] amdgpu: ps4_bridge_cq: exec code=4 req_len=12 groups=1 res=29 reply_res=0/0 count=1 data[0..7]=01 60 f8 ff 00 00 00 00 elapsed=9945us?
[    8.527658] amdgpu: ps4_bridge_cq: readback 0x60f8 rc=29 val=0xff?
[    8.528834] [wlan][81]wlanAdapterStart:(INIT WARN) Send a Dummy CMD as workaround?
[    8.537931] call_irq_handler: 2.61 No irq handler for vector?
[    8.541755] [wlan][81]wlanQueryNicCapability:(INIT WARN) wlanQueryNicCapability: skip unexpected event ID[0x27]?
[    8.542877] amdgpu: ps4_bridge_cq: exec code=4 req_len=12 groups=1 res=29 reply_res=0/0 count=1 data[0..7]=01 60 f9 1b 00 00 00 00 elapsed=8996us?
[    8.542888] amdgpu: ps4_bridge_cq: readback 0x60f9 rc=29 val=0x1b?
[    8.542891] amdgpu: ps4_bridge_cq: --- chunk B: HDMI/update setup (wait 0x10f6/0x80) ---?
[    8.542894] amdgpu: ps4_bridge_cq: enqueue WAIT_SET addr=0x10f6 mask=0x80?
[    8.547293] call_irq_handler: 2.61 No irq handler for vector?
[    8.547564] scsi 1:0:0:0: Direct-Access     Kingston DataTraveler 3.0 0000 PQ: 0 ANSI: 6?
[    8.547976] call_irq_handler: 2.61 No irq handler for vector?
[    8.548036] call_irq_handler: 2.61 No irq handler for vector?
[    8.548135] call_irq_handler: 2.61 No irq handler for vector?
[    8.560484] [wlan][81]wlanAdapterStart:(INIT WARN) wlanAdapterStart: load manufacture data fail?
[    8.571242] sd 1:0:0:0: Attached scsi generic sg0 type 0?
[    8.572239] sd 1:0:0:0: [sda] 242155520 512-byte logical blocks: (124 GB/115 GiB)?
[    8.572716] sd 1:0:0:0: [sda] Write Protect is off?
[    8.572723] sd 1:0:0:0: [sda] Mode Sense: 23 00 00 00?
[    8.572947] sd 1:0:0:0: [sda] Write cache: disabled, read cache: enabled, doesn't support DPO or FUA?
[    8.588863] usb 1-1.4: New USB device found, idVendor=0000, idProduct=3825, bcdDevice= 1.00?
[    8.673474] usb 1-1.4: New USB device strings: Mfr=0, Product=1, SerialNumber=0?
[    8.680938] usb 1-1.4: Product:  USB OPTICAL MOUSE?
[    8.715276]  sda: sda1 sda2?
[    8.718508] sd 1:0:0:0: [sda] Attached SCSI removable disk?
[    8.732022] input:  USB OPTICAL MOUSE as /devices/pci0000:00/0000:00:14.7/usb1/1-1/1-1.4/1-1.4:1.0/0003:0000:3825.0003/input/input8?
[    8.744481] hid-generic 0003:0000:3825.0003: input,hidraw2: USB HID v1.11 Mouse [ USB OPTICAL MOUSE] on usb-0000:00:14.7-1.4/input0?
[    8.756258] [wlan][81]mtk_reg_notify:(RLM WARN) County Code is not assigned. Use default WW.?
[    8.765191] [wlan][81]rlmDomainSearchRegdomainFromLocalDataBase:(RLM ERROR) rlmDomainSearchRegdomainFromLocalDataBase(): Error, Cannot find the correct RegDomain. country = 00.?
[    8.783002] [wlan][107]wlanBindBssIdxToNetInterface:(INIT ERROR) Array index out of bound, ucBssIndex=4?
[    8.792615] [wlan][107]p2pRoleFsmStateTransition:(P2P STATE) [P2P_ROLE][0]TRANSITION(Bss1): [P2P_ROLE_STATE_IDLE] -> [P2P_ROLE_STATE_IDLE]?
[    8.805325] [wlan][107]wlanBindBssIdxToNetInterface:(INIT ERROR) Array index out of bound, ucBssIndex=4?
[    8.814919] [wlan][107]p2pRoleFsmStateTransition:(P2P STATE) [P2P_ROLE][1]TRANSITION(Bss2): [P2P_ROLE_STATE_IDLE] -> [P2P_ROLE_STATE_IDLE]?
[    8.827611] [wlan][107]wlanProcessCommandQueue:(INIT WARN) NO Res CMD TYPE[1] ID[0x11] SEQ[29]?
[    8.836412] [wlan][107]wlanProcessCommandQueue:(INIT WARN) NO Res CMD TYPE[1] ID[0x11] SEQ[29]?
[    8.836983] [wlan][108]halPrintMailbox:(INIT ERROR) MailBox Status = 0x0003005A, 0x00FF00FF?
[    8.853808] [wlan][108]halPollDbgCr:(INIT WARN) SWPCDBGR 0xE0010DE2?
[    8.860263] [wlan][108]halPollDbgCr:(INIT WARN) SWPCDBGR 0xE0010DE2?
[    8.866730] [wlan][108]halPollDbgCr:(INIT WARN) SWPCDBGR 0xE0010DE2?
[    8.873198] [wlan][108]halPollDbgCr:(INIT WARN) SWPCDBGR 0xE0010DE2?
[    8.879662] [wlan][108]halPollDbgCr:(INIT WARN) SWPCDBGR 0xE0010DE2?
[    8.886190] [wlan][107]wlanProcessCommandQueue:(INIT WARN) NO Res CMD TYPE[1] ID[0x70] SEQ[36]?
[    8.886635] [wlan][108]halPrintMailbox:(INIT ERROR) MailBox Status = 0x0003005A, 0x00FF00FF?
[    8.903586] [wlan][108]halPollDbgCr:(INIT WARN) SWPCDBGR 0xE0010DE2?
[    8.910056] [wlan][108]halPollDbgCr:(INIT WARN) SWPCDBGR 0xE0010DE2?
[    8.916557] [wlan][108]halPollDbgCr:(INIT WARN) SWPCDBGR 0xE0010DE2?
[    8.923014] [wlan][108]halPollDbgCr:(INIT WARN) SWPCDBGR 0xE0010DE2?
[    8.929466] [wlan][108]halPollDbgCr:(INIT WARN) SWPCDBGR 0xE0010DE2?
[    8.936259] [wlan][108]halPrintMailbox:(INIT ERROR) MailBox Status = 0x0003005A, 0x00FF00FF?
[    8.944845] [wlan][108]halPollDbgCr:(INIT WARN) SWPCDBGR 0xE0010DF6?
[    8.951310] [wlan][108]halPollDbgCr:(INIT WARN) SWPCDBGR 0xE0010DE2?
[    8.957760] [wlan][108]halPollDbgCr:(INIT WARN) SWPCDBGR 0xE0010DE2?
[    8.964223] [wlan][108]halPollDbgCr:(INIT WARN) SWPCDBGR 0xE0010DE2?
[    8.970673] [wlan][108]halPollDbgCr:(INIT WARN) SWPCDBGR 0xE0010DE2?
[    8.977306] [wlan][107]wlanoidSetGtkRekeyData:(REQ INFO) wlanoidSetGtkRekeyData?
[    8.984794] [wlan][107]wlanoidSetGtkRekeyData:(REQ INFO) ucCmdSeqNum = 41?
[    8.997840] amdgpu: ps4_bridge_cq: exec code=4 req_len=170 groups=6 res=20 reply_res=0/0 count=0 data[0..7]=00 00 00 00 00 00 00 00 elapsed=454941us?
[    9.011414] amdgpu: ps4_bridge_cq: chunk B (HDMI/update) result rc=20?
[    9.022839] amdgpu: ps4_bridge_cq: exec code=4 req_len=12 groups=1 res=29 reply_res=0/0 count=1 data[0..7]=01 10 f6 d5 00 00 00 00 elapsed=4858us?
[    9.036143] amdgpu: ps4_bridge_cq: readback 0x10f6 rc=29 val=0xd5?
[    9.042355] amdgpu: ps4_bridge_cq: --- chunk C: PLL/7204/finalize (wait_clear 0x7204/0x40) ---?
[    9.051133] amdgpu: ps4_bridge_cq: enqueue WAIT_CLEAR addr=0x7204 mask=0x40?
[    9.432862] amdgpu: ps4_bridge_cq: exec code=4 req_len=81 groups=7 res=20 reply_res=0/0 count=0 data[0..7]=00 00 00 00 00 00 00 00 elapsed=374628us?
[    9.446368] amdgpu: ps4_bridge_cq: chunk C (PLL/7204) result rc=20?
[    9.452670] amdgpu: ps4_bridge_enable: MN864729 main seq cq_exec=20?
[    9.562842] amdgpu: ps4_bridge_cq: exec code=4 req_len=12 groups=1 res=29 reply_res=0/0 count=1 data[0..7]=01 72 04 00 00 00 00 00 elapsed=103781us?
[    9.576340] amdgpu: ps4_bridge_cq: readback 0x7204 rc=29 val=0x00?
[    9.592739] amdgpu: ps4_bridge_cq: exec code=4 req_len=64 groups=2 res=20 reply_res=0/0 count=0 data[0..7]=00 00 00 00 00 00 00 00 elapsed=10183us?
[    9.606129] amdgpu: ps4_bridge_cq: enqueue WAIT_SET addr=0x10f6 mask=0xa2?
[    9.613048] amdgpu: ps4_bridge_cq: enqueue WAIT_CLEAR addr=0x7204 mask=0x10?
[    9.697863] amdgpu: ps4_bridge_cq: exec code=4 req_len=121 groups=10 res=20 reply_res=0/0 count=0 data[0..7]=00 00 00 00 00 00 00 00 elapsed=77702us?
[    9.711452] amdgpu: ps4_bridge_enable: END?
[    9.715630] [drm] AMDGPU Display Connectors?
[    9.719892] [drm] Connector 0:?
[    9.723015] [drm]   HDMI-A-1?
[    9.725954] [drm]   HPD1?
[    9.728536] [drm]   DDC: 0x194c 0x194c 0x194d 0x194d 0x194e 0x194e 0x194f 0x194f?
[    9.736077] [drm]   Encoders:?
[    9.739100] [drm]     DFP1: INTERNAL_UNIPHY?
[    9.753336] [drm] Found UVD firmware Version: 1.101 Family ID: 9?
[    9.759469] [drm] ps4 uvd: enlarging UVD BO from 2764 KB to 3168 KB to cover Sony's 3-region layout?
[    9.771570] [drm] Found VCE firmware Version: 50.10 Binary ID: 2?
[    9.778626] amdgpu: ps4_atom: dig_tx action=7 frev=1 crev=5 enc_id=0x001e dig=0 pll=0 is_dp=1 dp_clk=0 dp_lanes=0 lane_num=0 lane_set=0x00 conn_obj=0x0013 hpd=0?
[    9.797867] amdgpu: ps4_bridge_cq: exec code=4 req_len=12 groups=1 res=29 reply_res=0/0 count=1 data[0..7]=01 60 f8 ff 00 00 00 00 elapsed=4550us?
[    9.812859] amdgpu: ps4_bridge_cq: exec code=4 req_len=12 groups=1 res=29 reply_res=0/0 count=1 data[0..7]=01 60 f9 1b 00 00 00 00 elapsed=1680us?
[    9.826167] amdgpu: ps4_bridge_probe: tag=before-dig_tx-action=7 rc_f8=29 f8=0xff rc_f9=29 f9=0x1b?
[    9.835310] amdgpu: ps4_atom_table: [d=0] enter idx=0x4c (?) ps_size=16?
[    9.842063] amdgpu: ps4_atom_table: [d=0] exit  idx=0x4c (?) ret=0?
[    9.853495] amdgpu: ps4_bridge_cq: exec code=4 req_len=12 groups=1 res=29 reply_res=0/0 count=1 data[0..7]=01 60 f8 ff 00 00 00 00 elapsed=5126us?
[    9.872863] amdgpu: ps4_bridge_cq: exec code=4 req_len=12 groups=1 res=29 reply_res=0/0 count=1 data[0..7]=01 60 f9 1b 00 00 00 00 elapsed=6050us?
[    9.886193] amdgpu: ps4_bridge_probe: tag=after-dig_tx-action=7 rc_f8=29 f8=0xff rc_f9=29 f9=0x1b?
[    9.895244] amdgpu: ps4_atom_table: [d=0] enter idx=0x0c (SetPixelClock) ps_size=20?
[    9.903059] amdgpu: ps4_atom_table: [d=1] enter idx=0x3c (ComputeMemoryEnginePLL) ps_size=20?
[    9.911671] amdgpu: ps4_atom_table: [d=1] exit  idx=0x3c (ComputeMemoryEnginePLL) ret=0?
[    9.919875] amdgpu: ps4_atom_table: [d=1] enter idx=0x3c (ComputeMemoryEnginePLL) ps_size=20?
[    9.928486] amdgpu: ps4_atom_table: [d=1] exit  idx=0x3c (ComputeMemoryEnginePLL) ret=0?
[    9.936653] amdgpu: ps4_atom_table: [d=0] exit  idx=0x0c (SetPixelClock) ret=0?
[    9.947411] amdgpu: ps4_atom_table: [d=0] enter idx=0x3c (ComputeMemoryEnginePLL) ps_size=12?
[    9.956022] amdgpu: ps4_atom_table: [d=0] exit  idx=0x3c (ComputeMemoryEnginePLL) ret=0?
[    9.964183] amdgpu: ps4_atom_table: [d=0] enter idx=0x3c (ComputeMemoryEnginePLL) ps_size=12?
[    9.972789] amdgpu: ps4_atom_table: [d=0] exit  idx=0x3c (ComputeMemoryEnginePLL) ret=0?
[    9.980953] amdgpu: ps4_atom_table: [d=0] enter idx=0x3c (ComputeMemoryEnginePLL) ps_size=12?
[    9.989559] amdgpu: ps4_atom_table: [d=0] exit  idx=0x3c (ComputeMemoryEnginePLL) ret=0?
[    9.997720] amdgpu: ps4_atom_table: [d=0] enter idx=0x3c (ComputeMemoryEnginePLL) ps_size=12?
[   10.006327] amdgpu: ps4_atom_table: [d=0] exit  idx=0x3c (ComputeMemoryEnginePLL) ret=0?
[   10.015094] [drm] ps4 uvd: bound fw mirror at GART virtual 0x300000000 (BO gpu_addr=0x93a000, fw_size=313912, region1_size=1966080)?
[   10.027174] [drm] ps4 uvd: liverpool start: fw_gpu_addr=0xf00400000 vcpu_bo=(____ptrval____) ring_gpu_addr=0x62f000?
[   10.037916] amdgpu 0000:00:01.0: amdgpu: GPU fault detected: 147 0x0009bb10?
[   10.045027] amdgpu 0000:00:01.0: amdgpu:   VM_CONTEXT1_PROTECTION_FAULT_ADDR   0x00300000?
[   10.053356] amdgpu 0000:00:01.0: amdgpu:   VM_CONTEXT1_PROTECTION_FAULT_STATUS 0x090BB010?
[   10.061686] amdgpu 0000:00:01.0: amdgpu: VM fault (0x10, vmid 4, pasid 0) at page 3145728, write from 'UMC' (0x554d4300) (187)?
[   10.073297] amdgpu 0000:00:01.0: amdgpu: GPU fault detected: 147 0x0009bb10?
[   10.080387] amdgpu 0000:00:01.0: amdgpu:   VM_CONTEXT1_PROTECTION_FAULT_ADDR   0x00300000?
[   10.088716] amdgpu 0000:00:01.0: amdgpu:   VM_CONTEXT1_PROTECTION_FAULT_STATUS 0x090BB010?
[   10.097046] amdgpu 0000:00:01.0: amdgpu: VM fault (0x10, vmid 4, pasid 0) at page 3145728, write from 'UMC' (0x554d4300) (187)?
[   10.108657] amdgpu 0000:00:01.0: amdgpu: GPU fault detected: 147 0x0009bb10?
[   10.115746] amdgpu 0000:00:01.0: amdgpu:   VM_CONTEXT1_PROTECTION_FAULT_ADDR   0x00300000?
[   10.124075] amdgpu 0000:00:01.0: amdgpu:   VM_CONTEXT1_PROTECTION_FAULT_STATUS 0x090BB010?
[   10.132403] amdgpu 0000:00:01.0: amdgpu: VM fault (0x10, vmid 4, pasid 0) at page 3145728, write from 'UMC' (0x554d4300) (187)?
[   10.144011] amdgpu 0000:00:01.0: amdgpu: GPU fault detected: 147 0x0009bb10?
[   10.151100] amdgpu 0000:00:01.0: amdgpu:   VM_CONTEXT1_PROTECTION_FAULT_ADDR   0x00300000?
[   10.159428] amdgpu 0000:00:01.0: amdgpu:   VM_CONTEXT1_PROTECTION_FAULT_STATUS 0x090BB010?
[   10.167758] amdgpu 0000:00:01.0: amdgpu: VM fault (0x10, vmid 4, pasid 0) at page 3145728, write from 'UMC' (0x554d4300) (187)?
[   10.179366] amdgpu 0000:00:01.0: amdgpu: GPU fault detected: 147 0x0009bb10?
[   10.186457] amdgpu 0000:00:01.0: amdgpu:   VM_CONTEXT1_PROTECTION_FAULT_ADDR   0x00300000?
[   10.194787] amdgpu 0000:00:01.0: amdgpu:   VM_CONTEXT1_PROTECTION_FAULT_STATUS 0x090BB010?
[   10.203115] amdgpu 0000:00:01.0: amdgpu: VM fault (0x10, vmid 4, pasid 0) at page 3145728, write from 'UMC' (0x554d4300) (187)?
[   10.214721] amdgpu 0000:00:01.0: amdgpu: GPU fault detected: 147 0x0009bb10?
[   10.221811] amdgpu 0000:00:01.0: amdgpu:   VM_CONTEXT1_PROTECTION_FAULT_ADDR   0x00300000?
[   10.230139] amdgpu 0000:00:01.0: amdgpu:   VM_CONTEXT1_PROTECTION_FAULT_STATUS 0x090BB010?
[   10.238469] amdgpu 0000:00:01.0: amdgpu: VM fault (0x10, vmid 4, pasid 0) at page 3145728, write from 'UMC' (0x554d4300) (187)?
[   10.250078] amdgpu 0000:00:01.0: amdgpu: GPU fault detected: 147 0x0009bb10?
[   10.257169] amdgpu 0000:00:01.0: amdgpu:   VM_CONTEXT1_PROTECTION_FAULT_ADDR   0x00300000?
[   10.265496] amdgpu 0000:00:01.0: amdgpu:   VM_CONTEXT1_PROTECTION_FAULT_STATUS 0x090BB010?
[   10.273826] amdgpu 0000:00:01.0: amdgpu: VM fault (0x10, vmid 4, pasid 0) at page 3145728, write from 'UMC' (0x554d4300) (187)?
[   10.285435] amdgpu 0000:00:01.0: amdgpu: GPU fault detected: 147 0x0009bb10?
[   10.292525] amdgpu 0000:00:01.0: amdgpu:   VM_CONTEXT1_PROTECTION_FAULT_ADDR   0x00300000?
[   10.300854] amdgpu 0000:00:01.0: amdgpu:   VM_CONTEXT1_PROTECTION_FAULT_STATUS 0x090BB010?
[   10.309182] amdgpu 0000:00:01.0: amdgpu: VM fault (0x10, vmid 4, pasid 0) at page 3145728, write from 'UMC' (0x554d4300) (187)?
[   10.320790] amdgpu 0000:00:01.0: amdgpu: GPU fault detected: 147 0x0009bb10?
[   10.327879] amdgpu 0000:00:01.0: amdgpu:   VM_CONTEXT1_PROTECTION_FAULT_ADDR   0x00300000?
[   10.336207] amdgpu 0000:00:01.0: amdgpu:   VM_CONTEXT1_PROTECTION_FAULT_STATUS 0x090BB010?
[   10.344534] amdgpu 0000:00:01.0: amdgpu: VM fault (0x10, vmid 4, pasid 0) at page 3145728, write from 'UMC' (0x554d4300) (187)?
[   10.356142] amdgpu 0000:00:01.0: amdgpu: GPU fault detected: 147 0x0009bb10?
[   10.363230] amdgpu 0000:00:01.0: amdgpu:   VM_CONTEXT1_PROTECTION_FAULT_ADDR   0x00300000?
[   10.371558] amdgpu 0000:00:01.0: amdgpu:   VM_CONTEXT1_PROTECTION_FAULT_STATUS 0x090BB010?
[   10.379884] amdgpu 0000:00:01.0: amdgpu: VM fault (0x10, vmid 4, pasid 0) at page 3145728, write from 'UMC' (0x554d4300) (187)?
[   12.055178] [drm:uvd_v4_2_start.cold] *ERROR* ps4 uvd: Liverpool VCPU did not start (no STATUS bit 1 after 2s)?
[   12.065479] [drm:uvd_v4_2_start.cold] *ERROR*   STATUS=0x00000004 SOFT_RESET=0x00000000 LMI_STATUS=0x00000004?
[   12.075680] [drm:uvd_v4_2_start.cold] *ERROR*   LMI_VM_VBASE_HI=0x00000000 LMI_VM_VBASE_LO=0x00000000 (v76a: wrote 0, fw_gpu_addr=0xf00400000 for ref)?
[   12.089543] [drm:uvd_v4_2_start.cold] *ERROR*   LMI_EXT40_ADDR=0x00000000?
[   12.096529] [drm:amdgpu_device_ip_set_powergating_state] *ERROR* set_powergating_state of IP block <uvd_v4_2> failed -110?
[   12.258363] amdgpu 0000:00:01.0: [drm:amdgpu_ring_test_helper] *ERROR* ring uvd test failed (-110)?
[   12.267585] [drm:amdgpu_device_init.cold] *ERROR* hw_init of IP block <uvd_v4_2> failed -110?
[   12.276270] amdgpu 0000:00:01.0: amdgpu: amdgpu_device_ip_init failed?
[   12.282897] amdgpu 0000:00:01.0: amdgpu: Fatal error during GPU init?
[   12.289477] amdgpu 0000:00:01.0: amdgpu: amdgpu: finishing device.?
[   12.300375] ------------[ cut here ]------------?
[   12.305097] WARNING: CPU: 2 PID: 12 at drivers/gpu/drm/amd/amdgpu/amdgpu_irq.c:661 amdgpu_irq_put+0x51/0x60?
[   12.315037] Modules linked in:?
[   12.318155] CPU: 2 UID: 0 PID: 12 Comm: kworker/u32:0 Not tainted 6.15.4-Baikal_TESTING_crashniels-dirty #72 PREEMPT(voluntary) ?
[   12.329949] Hardware name:  , BIOS unde Wed 09/22/2021 16:2?
[   12.335631] Workqueue: events_unbound deferred_probe_work_func?
[   12.341586] RIP: 0010:amdgpu_irq_put+0x51/0x60?
[   12.346121] Code: 08 85 c9 74 25 f0 ff 08 74 11 31 c0 e9 98 4f b5 00 b8 fe ff ff ff e9 8e 4f b5 00 55 48 89 e5 e8 c5 fd ff ff 5d e9 7f 4f b5 00 <0f> 0b b8 ea ff ff ff e9 73 4f b5 00 0f 1f 00 0f b6 87 08 4c 01 00?
[   12.365254] RSP: 0018:ffff8881401c3b70 EFLAGS: 00010246?
[   12.370583] RAX: ffff888141933000 RBX: ffff888142c188e0 RCX: 0000000000000000?
[   12.377857] RDX: 0000000000000000 RSI: ffff888142c25730 RDI: ffff888142c00000?
[   12.385129] RBP: ffff8881401c3ba8 R08: 0000000000000040 R09: ffffffff81a8b33f?
[   12.392404] R10: ffffea0005043fc0 R11: ffff8881410ffc40 R12: ffff888142c10358?
[   12.399676] R13: ffff888142c10800 R14: ffff888142c00010 R15: ffff888142c00000?
[   12.406952] FS:  0000000000000000(0000) GS:ffff8882f46dc000(0000) knlGS:0000000000000000?
[   12.415202] CS:  0010 DS: 0000 ES: 0000 CR0: 0000000080050033?
[   12.421079] CR2: 0000000000000000 CR3: 0000000008212000 CR4: 00000000000406f0?
[   12.428355] Call Trace:?
[   12.430848]  <TASK>?
[   12.432987]  ? amdgpu_fence_driver_hw_fini+0xd6/0xf0?
[   12.438055]  amdgpu_device_fini_hw+0x99/0x284?
[   12.442499]  ? up_write+0x12/0x70?
[   12.445883]  amdgpu_driver_unload_kms+0x53/0x70?
[   12.450514]  amdgpu_driver_load_kms.cold+0x19/0x2f?
[   12.455402]  ? pci_enable_device+0xe/0x20?
[   12.459493]  amdgpu_pci_probe+0x1e3/0x480?
[   12.463583]  ? __cond_resched+0x27/0x40?
[   12.467498]  pci_device_probe+0xb0/0x1d0?
[   12.471500]  really_probe+0xd5/0x3b0?
[   12.475146]  ? klist_next+0x20/0x1a0?
[   12.478794]  ? driver_probe_device+0xa0/0xa0?
[   12.483148]  __driver_probe_device+0x59/0x110?
[   12.487591]  driver_probe_device+0x1f/0xa0?
[   12.491769]  __device_attach_driver+0x82/0x110?
[   12.496303]  bus_for_each_drv+0x7c/0xc0?
[   12.500218]  __device_attach+0xcb/0x150?
[   12.504129]  ? bus_to_subsys+0x32/0xb0?
[   12.507954]  device_initial_probe+0xe/0x20?
[   12.512131]  bus_probe_device+0xa0/0xb0?
[   12.516045]  deferred_probe_work_func+0x87/0xe0?
[   12.520666]  process_one_work+0x156/0x280?
[   12.524759]  worker_thread+0x317/0x430?
[   12.528585]  ? rescuer_thread+0x520/0x520?
[   12.532676]  kthread+0xf6/0x210?
[   12.535882]  ? kthread_queue_delayed_work+0x80/0x80?
[   12.540858]  ret_from_fork+0x38/0x60?
[   12.544507]  ? kthread_queue_delayed_work+0x80/0x80?
[   12.549485]  ret_from_fork_asm+0x11/0x20?
[   12.553488]  </TASK>?
[   12.555716] ---[ end trace 0000000000000000 ]---?
[   12.560442] ------------[ cut here ]------------?
[   12.565147] WARNING: CPU: 2 PID: 12 at drivers/gpu/drm/amd/amdgpu/amdgpu_irq.c:661 amdgpu_irq_put+0x51/0x60?
[   12.575081] Modules linked in:?
