[SceWorkaroundCtl] PERIODIC_DOWNLOAD_INTERVAL_SEC={86400} elapsed={1680} isFirstTime={0}?
[SceWorkaroundCtl] PERIODIC_CHECK_INTERVAL_SEC={420}?
[SceShellCore] Libc Heap Status: free 36%, in-use 3899.0 KB, trend +1.8 KB/min, peak 4380.9 KB, when 1747 [sec]?
[SceShellCore] Libc Heap Status: free 36%, in-use 3900.1 KB, trend +1.5 KB/min, peak 4380.9 KB, when 1778 [sec]?
[SceShellCore] Libc Heap Status: free 36%, in-use 3902.8 KB, trend +4.3 KB/min, peak 4380.9 KB, when 1809 [sec]?
[SceRnpsAppMgr] PERIODIC_CHECK_INTERVAL_SEC={600}?
[SceRnpsAppMgr] CheckAllRnpsApps : trigger = 0, num_apps = 2?
[SceRnpsAppMgr] W:\Build\J02688430\vsh\shell\shell_core\rnps_app_mgr\rnps_app_mgr_http.cpp(409) Request: RNPSAM_ISOK::0x8095170d?
[SceRnpsAppMgr] W:\Build\J02688430\vsh\shell\shell_core\rnps_app_mgr\rnps_app_mgr_updater.cpp(720) Download: RNPSAM_ISOK::0x8095170d?
[SceRnpsAppMgr] W:\Build\J02688430\vsh\shell\shell_core\rnps_app_mgr\rnps_app_mgr_http.cpp(409) Request: RNPSAM_ISOK::0x8095170d?
[SceRnpsAppMgr] W:\Build\J02688430\vsh\shell\shell_core\rnps_app_mgr\rnps_app_mgr_updater.cpp(720) Download: RNPSAM_ISOK::0x8095170d?
[SceRnpsAppMgr] W:\Build\J02688430\vsh\shell\shell_core\rnps_app_mgr\rnps_app_mgr_http.cpp(409) Request: RNPSAM_ISOK::0x8095170d?
[SceRnpsAppMgr] W:\Build\J02688430\vsh\shell\shell_core\rnps_app_mgr\rnps_app_mgr_updater.cpp(720) Download: RNPSAM_ISOK::0x8095170d?
[SceRnpsAppMgr] W:\Build\J02688430\vsh\shell\shell_core\rnps_app_mgr\rnps_app_mgr_updater.cpp(661) DownloadAndInstall: RNPSAM_ISOK::0x8095170d?
[SceRnpsAppMgr] W:\Build\J02688430\vsh\shell\shell_core\rnps_app_mgr\rnps_app_mgr_updater.cpp(1506) CheckAllRnpsApps: RNPSAM_ISOK::0x8095170d?
[SceSystemStateMgr] No user input for 60 seconds?
D/88391:?
[UIProcess] malloc stats freeSize:38724896 (92%) inuseSize:3218144 peakSize:4157920 [pid:0x3a]?
D/88391:AZIF00003?
[SceLncService] launchApp(AZIF00003)?
[SceLncService] category={gde} VRMode={0,0}?
[SceLncService] hnm,psnf,pc,tk,ns={0,0,0,0,0} appBootMode={0}?
[SceLncService] appType={SCE_LNC_APP_TYPE_MINI_APP} [] appVer={0.98}?
[SceLncService] mem_mode = {NORMAL}?
[SceLncService] Num. of logged-in users is 1?
[SceLncService] PrepareProcessLaunchDirCheck()?
[SceLncService] PrepareProcessLaunchDirCheck() returned?
[SceSystemStateMgr] Power Mode Change: FULL_GAME?
[ScePatchChecker] (*) check (title_id='AZIF00003', app_version='0.98', check_option=0): status=0, trigger=1 userId=0xffffffff return 0x80412883?
[SceSystemStateMgr] CPU  HLT CP SE CU ACLK DCLK ECLK LCLK SCLK SAMCLK VCLK DispCLK NCLK MemCLK MemP GMC DPM VDD      VDDNB    SOC      ?
[SceSystemStateMgr] 1600   0 NA  0 18  800  673  609  800  800    711  711     673 1400   1375   NA  NA   3 05b/975  05d/956  00710fa0?
[SceLncService] PrepareProcessLaunchDir()?
[ScePatchChecker] check (title_id='AZIF00003', app_version='0.98', check_option=0): status=0, dl_status=0, trigger=1 userId=0xffffffff return 0x80412883?
[SceShellUI] I/PSM.UI : OnFocusActiveSceneChanged [ContentAreaScene : ContentAreaScene] -> [SplashScreen : SplashScreenScene]?
[SceShellUI] I/PSM.UI :      Scene [SplashScreen : SplashScreenScene] : Alive?
SetDeviceIndexBehavior: mode=MergeAllConnectedDevice, param=null?
[Theme/I] : ActiveUserChanged : From : [BLUE(userId = 1ab07dc7)]?
[Theme/I] : ActiveUserChanged : To   : [ANONYMOUS(userId = ffffffff)]?
[Theme/I] : Apply [ANONYMOUS] : [Option:101000]: with not preloaded user?
[BGFT] [571] GameStartBoot(AZIF00003, 7) start?
[BGFT] [573] GameStartBoot(AZIF00003, 7) end?
[PFS] mount [0x000069334c448000] finished 1 1 1 1 0 1 1?
[PFS] mount [0x000069334c40cce2] finished 1 0 0 1 0 1 1?
[BGFT] [606] GameWillStart(AZIF00003, 7) start?
[BGFT] [608] GameWillStart(AZIF00003, 7) end?
[SceLncService] PrepareProcessLaunchDir() returned?
[SceLncService] spawnApp?
[Syscore App] createApp AZIF00003?
[Sy[score App]  ExpandCpuSetMode : disable?
[Syscore App] processSpawn(pid, 0x60000f0c, 0x10f0c130, appParam, processParam, 1, 1, 1, param, debug, 0)?
[Syscore App] appParam: appType = 0x1, rootPath = /mnt/sandbox/AZIF00003_000, titleId = AZIF00003?
[Syscore App] processParam: elfPath = /app0/eboot.bin, fullPath = /mnt/sandbox/pfsmnt/AZIF00003-app0-patch0-union/eboot.bin?
[Syscore App] new pid=0x46[Syscore App] attributeExe= 0?
[Syscore App] Ready to exec?
[Syscore App] wait for NOTE_EXIT|NOTE_EXEC?
KERNEL] dmem_start_app_process pid: 70, map=0xffff903007cfd8b0, app_maps_count[1], 0 -> 1?
[Syscore App] Add event : pid=0xm46?
[AppMgr Trace]: New Process, pid=0x46, created.?
[AppMgr Trace]: New App, appId=0x60000f0c, created?
[Syscore App]  ExpandCpuSetMode : disable?
DBG: Process 70 untraced!?
<70> EXEC /app0/eboot.bin [system], vm#0, dmem#0  <1838346 msec[AppDb] openDb()[1063]: [File:Open] openDb() call dbutil::Connection::Open() path[/Z98qJp3Rv0/priv/mms/app.db] flags[0x10000002] result[0x0, 0]?
[AppDb] AppInfoDbInitializeDaemon()[54]: [File:Open] AppInfoDbInitializeDaemon() call DbAccessor::Init() path[/Z98qJp3Rv0/priv/mms/app.db] result[0x0, 0].?
[AppDb] AppInfoDbTerminateDaemon()[67]: [File:Close] AppInfoDbTerminateDaemon() call DbAccessor::Terminate().?
[AppDb] Terminate()[768]: [File:Close] DbAccessor::Terminate() call dbutil::Connection::Close().?
[SL] AppFocusChanged [NPXS20001] -> [AZIF00003]?
[VCS]checkFocusStatus() [LNC->VCS] Focus Change. appType = 4(MINI_APP). appId = 0x60000f0c.?
>?
[GoldHEN] <Plugins Loader> Started successfully?
[GoldHEN] <Plugins Loader> Config parser failed to parse config: /data/GoldHEN/plugins.ini?
(../game_patch/source/main.cpp:354) [GoldHEN] <game_patch\Ver.0x00000110> module_start?
(../game_patch/source/main.cpp:355) [GoldHEN] Plugin Author(s): illusion?
(../game_patch/source/main.cpp:356) Commit: caacf01174654235459d48ab9d0b9e00a588b300 Branch: main Build: 188 (Release)?
(../game_patch/source/main.cpp:356) Built: May 27 2023 @ 04:49:25?
(../game_patch/source/main.cpp:356) GoldHEN SDK Ver: 0x00000100?
(../game_patch/source/main.cpp:356) GoldHEN System SDK Ver: 0xffffffff?
(../game_patch/source/main.cpp:324) numModules: 5?
(../game_patch/source/main.cpp:328) ret 0x0?
(../game_patch/source/main.cpp:329) module 0?
(../game_patch/source/main.cpp:330) name: eboot.bin?
(../game_patch/source/main.cpp:331) start: 0x400000?
(../game_patch/source/main.cpp:332) size: 49152 (0xc000)?
(../game_patch/source/main.cpp:365) Module start: 0x400000 0xc000?
(../game_patch/source/main.cpp:371) process info?
(../game_patch/source/main.cpp:371) pid: 70?
(../game_patch/source/main.cpp:371) name: eboot.bin?
(../game_patch/source/main.c?pp:371) path: /app0/eboot.bin?
(../game_patch/source/main.cpp:371) titleid: AZIF00003?
(../game_patch/source/main.cpp:371) contentid: IV0000-AZIF00003_00-PAYLOADGUEST0000?
(../game_patch/source/main.cpp:371) version: 0.98?
(../game_patch/source/main.cpp:371) base_address: 0x400000?
(../game_patch/source/main.cpp:130) file /data/GoldHEN/patches/xml/AZIF00003.xml not found?
[32m[Info ] src/ChainLauncher.c:22: Loading "/app0/guest.elf"?[0m?
[SceLncService] tryLockSuspendBl[ock: appId={0x60000f0c}?
[Syscore App] Kill for LoadExec(0x46)?
KERNEL] dmem_handle_vmspace_exited pid: 70, ptype=1, 0xffff903007cfd8b0->pt_loaded is TRUE?
[KERNEL] dmem_handle_vmspace_exited map #0 0xffff903007cfd8b0?
[KERNEL] dmem_handle_vmspace_exited pid: 70, app_maps_count[1], 1 -> 0?
[Syscore App] EVFILT_PROC NOTE_EXIT received : pid=0x46?
[Syscore App] Kill for LoadExec(0x46) => 0?
[Syscore App] process delete event : pid=0x46?
[AppMgr Trace]: pid=0x46, deleted.?
[Syscore App] Syscore Event Queue Push : SCE_SYSCORE_EVENT_ON_PROCESS_UNLOADED?
[AppMgr] All processes exited, ready for next spawn?
[AppMgr] Executing next spawn?
[Syscore App]  ExpandCpuSetMode : disable?
[Syscore App] Syscore Event Queue Pop : SCE_SYSCORE_EVENT_ON_PROCESS_UNLOADED?
[Syscore App] processSpawn(pid, 0x60000f0c, 0x10f0c140, appParam, processParam, 1, 1, 1, param, debug, 1)?
[Syscore App] appParam: appType = 0x1, rootPath = /mnt/sandbox/AZIF00003_000, titleId = AZIF00003?
[Syscore App] processParam: elfPath = /app0/guest.elf, fullPath = /mnt/sandbox/pfsmnt/AZIF00003-app0-patch0-union/eboot.bin?
[Syscore App] new pid=0x47[Syscore App] attributeExe= 0?
[Syscore App] Ready to exec?
[Syscore App] wait for NOTE_EXIT|NOTE_EXEC?
[KERNEL] dmem_start_app_process pid: 71, map=0xffff903007cfd638, app_maps_count[1], 0 -> 1?
[Syscore App] Add event : pid=0xm47?
[SceLncService] unlockSuspendBlock: appId={0x60000f0c}?
DBG: Process 71 untraced!?
<71> EXEC /app0/guest.elf [system], vm#0, dmem#0  <1838904 msec>?
[GoldHEN] <Plugins Loader> Started successfully?
[GoldHEN] <Plugins Loader> Config parser failed to parse config: /data/GoldHEN/plugins.ini?
(../game_patch/source/main.cpp:354) [GoldHEN] <game_patch\Ver.0x00000110> module_start?
(../game_patch/source/main.cpp:355) [GoldHEN] Plugin Author(s): illusion?
(../game_patch/source/main.cpp:356) Commit: caacf01174654235459d48ab9d0b9e00a588b300 Branch: main Build: 188 (Release)?
(../game_?patch/source/main.cpp:356) Built: May 27 2023 @ 04:49:25?
(../game_patch/source/main.cpp:356) GoldHEN SDK Ver: 0x00000100?
(../game_patch/source/main.cpp:356) GoldHEN System SDK Ver: 0xffffffff?
(../game_patch/source/main.cpp:324) numModules: 5?
(../game_patch/source/main.cpp:328) ret 0x0?
(../game_patch/source/main.cpp:329) module 0?
(../game_patch/source/main.cpp:330) name: guest.elf?
(../game_patch/source/main.cpp:331) start: 0x400000?
(../game_patch/source/main.cpp:332) size: 851968 (0xd0000)?
(../game_patch/source/main.cpp:365) Module start: 0x400000 0xd0000?
(../game_patch/source/main.cpp:371) process info?
(../game_patch/source/main.cpp:371) pid: 71?
(../game_patch/source/main.cpp:371) name: guest.elf?
(../game_patch/source/main.cpp:371) path: /app0/guest.elf?
(../game_patch/source/main.cpp:371) titleid: AZIF00003?
(../game_patch/source/main.cpp:371) contentid: IV0000-AZIF00003_00-PAYLOADGUEST0000?
(../game_patch/source/main.cpp:371) version: 0.98?
(../game_patch/source/main.cpp:371) base_address: 0x400000?
(../game_patch/source/main.cpp:130) file /data/GoldHEN/patches/xml/AZIF00003.xml not found?
error: 0x80020002**** Base Mode ****?
[36m[Debug] src/App.cpp:29: Initialize Language...?[0m?
?[36m[Debug] src/App.cpp:31: Initialize Controller...?[0m?
[mbus] onNewClie?nt. clientNum 10 over 8?
[36m[Debug] src/App.cpp:33: Initialize Graphics...?[0m?
?[36m[Debug] src/Graphics.cpp:89: Handle is 1309737216 (0x4e110100)?[0m?
?[36m[Debug] src/Graphics.cpp:181: DirectMemOff: 0x200000?[0m?
?[36m[Debug] src/Graphics.cpp:182: DirectMemAllocationSize: 0xc000000?[0m?
?[36m[Debug] src/Graphics.cpp:183: alignment: 2097152 (0x00200000)?[0m?
?[36m[Debug] src/Graphics.cpp:188: VideoMem: 0x200200000?[0m?
?[36m[Debug] src/Graphics.cpp:109: Allocating framebuffer...?[0m?
?[36m[Debug] src/Graphics.cpp:237: handle: 1309737216 (0x4e110100)?[0m?
?[36m[Debug] src/Graphics.cpp:239: flipArgLog: 0x2000041a0?[0m?
?[36m[Debug] src/Graphics.cpp:240: FrameBuffers: 0x2000042c0?[0m?
?[36m[Debug] src/Graphics.cpp:255: sceVideoOutRegisterBuffers: 0x00000000?[0m?
?[36m[Debug] src/App.cpp:35: Initialize Resource...?[0m?
?[36m[Debug] src/Graphics.cpp:627: Loading PNG...?[0m?
?[36m[Debug] src/Graphics.cpp:637: PNG Loaded!?[0m?
?[36m[Debug] src/Graphics.cpp:627: Loading PNG...?[0m?
?[36m[Debug] src/Graphics.cpp:637: PNG Loaded!?[0m?
?[36m[Debug] src/Graphics.cpp:627: Loading PNG...?[0m?
?[36m[Debug] src/Graphics.cpp:637: PNG Loaded!?[0m?
?[36m[Debug] src/Graphics.cpp:627: Loading PNG...?[0m?
?[36m[Debug] src/Graphics.cpp:637: PNG Loaded!?[0m?
?[36m[Debug] src/Graphics.cpp:627: Loading PNG...?[0m?
?[36m[Debug] src/Graphics.cpp:637: PNG Loaded!?[0m?
?[36m[Debug] src/Graphics.cpp:627: Loading PNG...?[0m?
?[36m[Debug] src/Graphics.cpp:637: PNG Loaded!?[0m?
?[36m[Debug] src/Graphics.cpp:627: Loading PNG...?[0m?
?[36m[Debug] src/Graphics.cpp:637: PNG Loaded!?[0m?
?[36m[Debug] src/App.cpp:43: Initialize the Main View...?[0m?
?[36m[Debug] src/PayloadsView.cpp:186: GeneratePayloads is called!?[0m?
?[36m[Debug] src/PayloadsView.cpp:212: Cleanup payload list...?[0m?
?[36m[Debug] src/PayloadsView.cpp:206: GeneratePayloads: Refreshed?[0m?
?[36m[Debug] src/PayloadsView.cpp:252: PayloadsView: End of constructor?[0m?
?[36m[Debug] src/App.cpp:119: Application: RUN?[0m?
[SceShellUI] I/PSM.UI : OnFocusActiveSceneChanged [SplashScreen : SplashScreenScene] -> [AppScreen : ApplicationScreenScene]?
[SceShellUI] I/PSM.UI :      Scene [AppScreen : ApplicationScreenScene] : Alive?
SetDeviceIndexBehavior: mode=MergeAllConnectedDevice, param=null?
[Theme/I] : Apply [ANONYMOUS] : [Option:101000]: with not preloaded user?
[SceShellUI] I/PSM.UI : [NoDraw] : ClearFrameBuffer=False?
?[36m[Debug] src/PayloadsView.cpp:319: Loading: /data/payloads/linux-1024mb.bin?[0m?
[GoldHEN] <binloader> accepted a new payload?
[GoldHEN] <binloader> TCP Mode?
?[36m[[DeGoldbug] sHrc/PayloEadNsView.cp] p<:18b6i: GeneranloteaPayloderad>s  is cpalled!?[0am?y
load ?rece[i3v6m[Deebug]d  [ssirze: c/2P83ay84l0oadsV iew.- bcuffpp:e21r_s2:iz eC: 2l9e08anu16 - ip: 1p payload27.0. li0.1st].?.
.?[[0mG?ol
dHEN] <bin?[36ml[Doeabudger] s>r cfound/P aaylndo jaadsViewil.cpbpr:2ok06: eGennerat ePtaraygloaetds: pr Roecfereshses d?[[p0m?
id: 46]?
[GoldHEN] <binloader> launching payload... [format: BIN]?
[GoldHEN] <binloader> payload launched?
kernel_init()?
Kernel [SceShellCore] Vbase = ffffffffe19ac000?
Direct map base = ffff903000000000?
Testing global variable access (write protection)...?
OK.?
Kernel interface initialized?
Installing sys_kexec to system call #153?
kexec_init() successful?
?
M Stats: RSS 780s.5, kernel 267.0, wire count 333.8, swap out 0.0, page table CPU 2394/6144 GPU 371/2048?
[SceShellCore] FMEM   1.3/   4.5 NPXS20977 SceSysAvControl.elf?
[SceShellCore] FMEM  10.7/  74.3 NPXS20991 SceSysCore.elf?
[SceShellCore] FMEM   9.3/  54.3 NPXS20973 orbis_audiod.elf?
[SceShellCore] FMEM   3.2/  11.2 NPXS20976 GnmCompositor.elf?
[SceShellCore] FMEM  29.0/ 346.8 NPXS20000 SceShellCore?
[SceShellCore] FMEM 326.3/ 840.9 NPXS20001 SceShellUI?
[SceShellCore] FMEM   3.4/   8.3 NPXS21003 SceAvCapture?
[SceShellCore] FMEM   8.8/  24.6 NPXS21000 SceGameLiveStreaming?
[SceShellCore] FMEM  29.1/  60.3 NPXS21002 ScePartyDaemon?
[SceShellCore] FMEM   4.3/  25.4 NPXS21004 SceVideoCoreServer?
[SceShellCore] FMEM  11.0/  51.3 NPXS21006 SceRemotePlay?
[SceShellCore] FMEM   8.4/  43.4 NPXS21010 SceCloudClientDaemon?
[SceShellCore] FMEM   8.5/ 156.0 NPXS21002 webrtc_daemon.self?
[SceShellCore] FMEM   3.2/  10.8 NPXS21016 SceSpZeroConf?
[SceShellCore] FMEM   6.9/  18.1 NPXS21019 SceSocialScreenMgr?
[SceShellCore] FMEM   5.0/   9.8 NPXS21007 SceMusicCoreServer?
[SceShellCore] FMEM   7.1/  14.4 NPXS21020 SceVoiceAndAgent?
[SceShellCore] FMEM   2.1/   5.1 NPXS20967 fs_cleaner.elf?
[SceShellCore] FMEM   2.0/  10.2 NPXS20974 SceVdecProxy.elf?
[SceShellCore] FMEM   2.0/  10.3 NPXS20975 SceVencProxy.elf?
[SceShellCore] FMEM  45.0/ 284.9 NPXS20001 SecureUIProcess.self?
[SceShellCore] FMEM 167.7/ 605.0 NPXS20001 SecureWebProcess.self?
[SceShellCore] FMEM  79.6/ 358.8 NPXS20001 orbis-jsc-compiler.self?
[SceShellCore] FMEM   6.5/  29.7 AZIF00003 guest.elf?
ys_kexec invoked?
========================================?
PS4 Linux Payloads AIO?
FW 12.02 (1202)?
VRAM 1024 MB?
Southbridge: Baikal?
========================================?
sys_kexec(0x2009a4000, 11441152, 0x201490000, 4160630, "earlycon=uart8250,mmio32,0xC890E000,115200n8 console=tty0 keep_bootcon 8250.nr_uarts=0 iommu=pt intremap=off panic=10 loglevel=8 ignore_loglevel printk.devkmsg=on drm.edid_firmware=edid/1920x1080.bin video=HDMI-A-1:1920x1080@60D pci=nocrs libata.force=1.00:disable root=LABEL=psxitarch rootwait rw systemd.unit=multi-user.target systemd.log_level=info amdgpu.gpu_recovery=0 amdgpu.lockup_timeout=10000 amdgpu.gfx_off=0 amdgpu.runpm=0 amdgpu.bapm=0 amdgpu.dpm=0")?
[SceShellUI] I/PSM.UI : [FirstClear] : ClearFrameBuffer=False?
[KE]sceCameraDevKill::2685 ERROR: sceCameraProcConfigStop 0x802e0006 i=0 handle=257 pid=43?
Context.cc:174 (ajmContextCleanup) - InstCoance n2785t32ex wt.asc noct: 17properly 4 d(estarojmCy[KoeEndRt.NEeLx?
]C tdomCnemt_hlaeenaxdlent._vucmscppace_e)x: -ite d p1Ini8s9dt : a(a7nj1m,c eCp on1t6ty3e9xpt0eC=1, wl ae0xfffsa nf9n03ou00p7t)cf  -d 6pCo3d8re-oc >pOpepurlsyt_load ed ed is TRUsE?tSI
rLo[yKeK dERNEL] .Edmnem_hcaon?ddle
_vmCesorpn actwee_exxaitst .noed mtcapc  #0 p0rx:offf1f908p930 0(e7cafrdj6m38C?
l[oKnyE tRNeuEL]x ntrdCmleemg_hieanasdtlneer_evmsdu.pacp?
)e C_o- nCoetdxitedeexc p ti.Mcd:c :P171,7 43ap p _ma(Dpasej_cocmuConodtenrt[1]e, 1x t Cw-l>e a0?
anus p) not properly- unr Iegistered.?
nstanContcexe t.cc:1389 (a4j4mCon06textCle7 anup) - Cowadse nc AoTRAC9 Decoder twas  nprot oproppeerlyr unrelgistered.?
y destroyed.?
CContext.cc:189 (ajmContextCleanup) - Codec Opus SILK Encoder was not properly unregistered.?
Context.cc:189 (ajmContextCleanup) - Codec Opuosn CteELT xEtncoder was not prop.eccr:ly un1re89gister e(d.a?
jComnCotenxt.ctce:18x9t (aCjmlContextCeanlueanupp)) - Code c- Opus D ecoderC waos nodetc  prOpuopserl y unreDgiestered.c?
oder was not prCoonptext.ccer:189 (aljmContextCleanyup) - Code c Opunurs CeELT Encgoder was not properly unirsegtiestered.?
rCedo.nt?
ext.cc:189Co (antjmConetxextt.cc:1C89l eanup() - Codec OajmCopus nCtEeLxTt CDleecanoder uwpas )not  prope-r lyCodec MPEG4 AAC Encoder was not properly unregistered.?
 unregistered.?
Context.cc:174 (ajmContextCleanup) - Instance 114689 was not properly destroyed.?
Context.cc:189 (ajmContextCleanup) - Codec AC3 Encoder was not properly unregistertryGetMsg() failed. ret = 0x80020003, msgSize = 48?
ed.?
Context.cc:174 (ajmContextCleanup) - Instance 163842 was not properly destroyed.?
Context.cc:189 (ajmContextCleanup) - Codec DTS EncodtryGetMsg() failed. ret = 0x80020003, msgSize = 48?
er was not properly unregistered.?
tryGetMsg() failed. ret = 0x80020003, msgSize = 48?
tryGetMsg() failed. ret = 0x80020003, msgSize = 48?
tryGetMsg() failed. ret = 0x80020003, msgSize = 48?
tryGetMsg() failed. ret = 0x80020003, msgSize = 48?
tryGetMsg() failed. ret = 0x80020003, msgSize = 48?
tryGetMsg() failed. ret = 0x80020003, msgSize = 48?
tryGetMsg() failed. ret = 0x80020003, msgSize = 48?
tryGetMsg() failed. ret = 0x80020003, msgSize = 48?
tryGetMsg() failed. ret = 0x80020003, msgSize = 48?
tryGetMsg() failed. ret = 0x80020003, msgSize = 48?
tryGetMsg() failed. ret = 0x80020003, msgSize = 48?
tryGetMsg() failed. ret = 0x80020003, msgSize = 48?
tryGetMsg() failed. ret = 0x80020003, msgSize = 48?
tryGetMsg() failed. ret = 0x80020003, msgSize = 48?
tryGetMsg() failed. ret = 0x80020003, msgSize = 48?
tryGetMsg() failed. ret = 0x80020003, msgSize = 48?
tryGetMsg() failed. ret = 0x80020003, msgSize = 48?
tryGetMsg() failed. ret = 0x80020003, msgSize = 48?
tryGetMsg() failed. ret = 0x80020003, msgSize = 48?
tryGetMsg() failed. ret = 0x80020003, msgSize = 48?
tryGetMsg() failed. ret = 0x80020003, msgSize = 48?
tryGetMsg() failed. ret = 0x80020003, msgSize = 48?
tryGetMsg() failed. ret = 0x80020003, msgSize = 48?
tryGetMsg() failed. ret = 0x80020003, msgSize = 48?
tryGetMsg() failed. ret = 0x80020003, msgSize = 48?
tryGetMsg() failed. ret = 0x80020003, msgSize = 48?
tryGetMsg() failed. ret = 0x80020003, msgSize = 48?
tryGetMsg() failed. ret = 0x80020003, msgSize = 48?
tryGetMsg() failfed. ret = 0x80020003, msgSize = 48?
irmware_extract: Extract lib/firmware/amdgpu/liverpool_pfp.bin ?
Copying PFP firmware?
NOP handler at 0xff0?
firmware_extract: ExttryGetMsg() failed. ret = 0x80020003, msgSize = 48?
ract lib/firmware/amdgpu/liverpool_me.bin ?
Copying ME firmware?
firmware_extract: Extract lib/firmware/amdgpu/liverpool_ce.bin ?
CotryGetMsg() failed. ret = 0x80020003, msgSize = 48?
pying CE firmware?
NOP handler at 0x7f0?
firmware_extract: Extract lib/firmware/amdgpu/liverpool_mec.bin ?
Copying MEC firmware?
NOtryGetMsg() failed. ret = 0x80020003, msgSize = 48?
P handler at 0xff0?
firmware_extract: Extract lib/firmware/amdgpu/liverpool_mec2.bin ?
Copying MEC2 firmware?
NOP handler at 0xff0?
tryGetMsg() failed. ret = 0x80020003, msgSize = 48?
firmware_extract: Extract lib/firmware/amdgpu/liverpool_rlc.bin ?
Copying RLC firmware?
firmware_extract: Extract lib/firmware/amdgptryGetMsg() failed. ret = 0x80020003, msgSize = 48?
u/liverpool_sdma.bin ?
Copying SDMA firmware?
firmware_extract: Extract lib/firmware/amdgpu/liverpool_sdma1.bin ?
Copying SDMA1 firmwtryGetMsg() failed. ret = 0x80020003, msgSize = 48?
are?
?
kexec parameters:?
    Kernel image size:   11441152 bytes?
    Initramfs size:      4255366 bytes (4tryGetMsg() failed. ret = 0x80020003, msgSize = 48?
160630 from user)?
    Kernel command line: earlycon=uart8250,mmio32,0xC890E000,115200n8 console=tty0 keep_bootcon 8250.nr_uarts=0 itryGetMsg() failoed. ret = 0x80020003, msgSize = 48?
mmu=pt intremap=off panic=10 loglevel=8 ignore_loglevel printk.devkmsg=on drm.edid_firmware=edid/1920x1080.bin video=HDMI-A-1:1920x10tryGetMsg() failed. ret = 0x80020003, msgSize = 48?
80@60D pci=nocrs libata.force=1.00:disable root=LABEL=psxitarch rootwait rw systemd.unit=multi-user.target systemd.log_level=info amdtryGetMsg() failed. ret = 0x80020003, msgSize = 48?
gpu.gpu_recovery=0 amdgpu.lockup_timeout=10000 amdgpu.gfx_off=0 amdgpu.runpm=0 amdgpu.bapm=0 amdgpu.dpm=0?
    Kernel image buffer: 0tryGetMsg() failed. ret = 0x80020003, msgSize = 48?
xffffffffffffffff?
    Initramfs buffer:    0xffff90303d800000?
kernel_hook_install(0xffffff807dc7512d, 0xffffffffe1df3ad0)?
  UsingtryGetMsg() failed. ret = 0x80020003, msgSize = 48?
 64bit absolute jump?
******************************************************?
kexec successfully armed. Please shut down the system.tryGetMsg() failed. ret = 0x80020003, msgSize = 48?
?
******************************************************?
?
Context.cc:189 (ajmContextCleanup) - Codec CELP8 Decoder was not properly unregistered.?
Context.cc:189 (ajmContextCleanup) - Codec CELP8 Encoder was not properly unregistered.?
Context.cc:189 (ajmContextCleanup) - Codec CELP(16) Decoder was not properly unregistered.?
Context.cc:191 (ajmContextCleanup) - More codecs were not properly unregistered...?
[SceSysCore mini] killall timeout 5[sec]...?
[SceSysCore mini] forcibly unmount 2 nullfses?
[SceSysCore mini] forcibly unmount /mnt/usb0?
[SceSysCore mini[REGMGR] 000006 ...?
] sceKernelPollE[ventFlag(reboot_flag): failed 80020010?
[SceSysCore mini] call reboot(4000)?
REGMGR] (   1848.332 sec) 010006 ...?
[REGMGR] (   0.011763 sec) 010007 ...?
[REGMGR] 000108 ...?
Waiting (max 60 seconds) for system process `SceVnlru' to stop...done?
Waiting (max 60 seconds) for system process `SceBufdaemon2' to stop...SD Manual Tuning done. MaxPassWindowSize=22, TunePoint=20 CORE_CTRL=0x184094?
done?
Waiting (max 60 seconds) for system process `SceBufdaemon1' to stop...done?
W?
aitSyingnc (miax 60n secgonds)  for system prodcess `isSckeSyncer' tos, st op...vnodes remaining...3 0 0 sched_sync: flush softdep (iter=2)?
 succeeded?
 succeeded?
sched_sync: flush softdep (iter=1)?
done?
Waiting (max 60 seconds) for system process `SceBufdaemon0' to stop...done?
All buffers synced.?
[PFS] umount[0x000069334c40cce2] finished 0?
[PFS] umount[0x000069334c448000] finished 0?
Uptime: 30m54s?
icc post sync:Thermal alert LED off?
[REGMGR] 000007 @2@ ...?
icc08-4001 0802?
icc:failed to disabled reset button notification: 0005?
icc:disabled thermal notification?
eth0: link state changed to DOWN?
ICC: howto:00004000 depth:2 cause:00 hand:01?
ICC: Shutdown.?
hook_icc_query_nowait called?
ICC 05-00 polling?
Fixing ACPI tables at 0xe0000 (0xffffffffffffffff)?
RSDT at 0xe0024?
XSDT at 0xe0088?
FACP at 0xe016c?
FACS at 0xe012c?
DSDT at 0xe0430?
APIC at 0xe0298?
MCFG at 0xe0304?
SSDT at 0xe0730?
ACPI tables fixed?
kexec: Waiting for secondary CPUs...?
kexec: Secondary CPUs quiesced?
kexec: Setting up GDT...?
kexec: Relocating stub...?
kexec: Setting up boot params...?
kexec: Cleaning up hardware...?
Current sb_id: 3?
?
SB_BAIKAL constant: 3?
?
kexec: Detected Baikal Southbridge, disabling IOMMU...?
kexec: Reconfiguring VRAM...?
kexec: Resetting GPU...?
kexec: About to relocate and jump to kernel?
[    0.000000] ps4: x86_ps4_early_setup: PS4 early setup?
[    0.000000] Linux version 6.15.4-Baikal_TESTING_crashniels-dirty (meerzulee@cachynator) (gcc (GCC) 16.1.1 20260430, GNU ld (GNU Binutils) 2.46.0) #17 SMP PREEMPT_DYNAMIC Wed May 13 12:37:43 +06 2026?
[    0.000000] Command line: earlycon=uart8250,mmio32,0xC890E000,115200n8 console=tty0 keep_bootcon 8250.nr_uarts=0 iommu=pt intremap=off panic=10 loglevel=8 ignore_loglevel printk.devkmsg=on drm.edid_firmware=edid/1920x1080.bin video=HDMI-A-1:1920x1080@60D pci=nocrs libata.force=1.00:disable root=LABEL=psxitarch rootwait rw systemd.unit=multi-user.target systemd.log_level=info amdgpu.gpu_recovery=0 amdgpu.lockup_timeout=10000 amdgpu.gfx_off=0 amdgpu.runpm=0 amdgpu.bapm=0 amdgpu.dpm=0?
[    0.000000] KERNEL supported cpus:?
[    0.000000]   AMD AuthenticAMD?
[    0.000000] BIOS-provided physical RAM map:?
[    0.000000] BIOS-e820: [mem 0x0000000000000000-0x0000000000007fff] usable?
[    0.000000] BIOS-e820: [mem 0x0000000000008000-0x000000000007ffff] reserved?
[    0.000000] BIOS-e820: [mem 0x0000000000080000-0x0000000000099fff] usable?
[    0.000000] BIOS-e820: [mem 0x000000000009a000-0x00000000000bffff] reserved?
[    0.000000] BIOS-e820: [mem 0x00000000000e0000-0x00000000000effff] ACPI data?
[    0.000000] BIOS-e820: [mem 0x0000000000100000-0x00000000003fffff] usable?
[    0.000000] BIOS-e820: [mem 0x0000000000400000-0x000000000047ffff] reserved?
[    0.000000] BIOS-e820: [mem 0x0000000000480000-0x000000000067ffff] usable?
[    0.000000] BIOS-e820: [mem 0x0000000000680000-0x00000000006fffff] reserved?
[    0.000000] BIOS-e820: [mem 0x0000000000700000-0x000000007efe7fff] usable?
[    0.000000] BIOS-e820: [mem 0x000000007efe8000-0x000000007efeffff] ACPI NVS?
[    0.000000] BIOS-e820: [mem 0x000000007eff0000-0x000000007effffff] ACPI data?
[    0.000000] BIOS-e820: [mem 0x000000007f000000-0x000000007fffffff] usable?
[    0.000000] BIOS-e820: [mem 0x0000000080000000-0x00000000fbffffff] reserved?
[    0.000000] BIOS-e820: [mem 0x0000000100000000-0x000000013fffffff] reserved?
[    0.000000] BIOS-e820: [mem 0x0000000140000000-0x000000027effffff] usable?
[    0.000000] earlycon: uart8250 at MMIO32 0x00000000c890e000 (options '115200n8')?
[    0.000000] printk: legacy bootconsole [uart8250] enabled?
[    0.000000] printk: debug: skip boot console de-registration.?
[    0.000000] printk: debug: ignoring loglevel setting.?
[    0.000000] NX (Execute Disable) protection: active?
[    0.000000] APIC: Static calls initialized?
[    0.000000] SMBIOS 2.1 present.?
[    0.000000] DMI:  , BIOS unde Wed 09/22/2021 16:2?
[    0.000000] DMI: Memory slots populated: 1/1?
[    0.000000] ps4: EMC timer started in 30029 TSC ticks?
[    0.000000] ps4: Calibrated TSC frequency: 1594111328 kHz?
[    0.000000] tsc: Detected 1594.111 MHz processor?
[    0.001421] e820: update [mem 0x00000000-0x00000fff] usable ==> reserved?
[    0.008244] e820: remove [mem 0x000a0000-0x000fffff] usable?
[    0.013926] last_pfn = 0x27f000 max_arch_pfn = 0x400000000?
[    0.019514] MTRR map: 6 entries (3 fixed + 3 variable; max 20), built from 9 variable MTRRs?
[    0.028013] x86/PAT: Configuration [0-7]: WB  WC  UC- UC  WB  WP  UC- WT  ?
[    0.035394] e820: update [mem 0x80000000-0x13fffffff] usable ==> reserved?
[    0.042321] last_pfn = 0x80000 max_arch_pfn = 0x400000000?
[    0.056429] Using GB pages for direct mapping?
[    0.062396] RAMDISK: [mem 0x3d800000-0x3dc0efff]?
[    0.067106] ACPI: Early table checksum verification disabled?
[    0.072865] ACPI: RSDP 0x00000000000E0000 000024 (v02 SIE   )?
[    0.078717] ACPI: XSDT 0x00000000000E0088 00004C (v01 SIE    ORBIS    20121218 INTL 20110211)?
[    0.087402] ACPI: FACP 0x00000000000E016C 0000F4 (v04 SIE    ORBIS    20130205 INTL 20110211)?
[    0.096087] ACPI: DSDT 0x00000000000E0430 00018C (v02 SIE    ORBIS    20121002 INTL 20110211)?
[    0.104770] ACPI: FACS 0x00000000000E012C 000040?
[    0.109470] ACPI: FACS 0x00000000000E012C 000040?
[    0.114168] ACPI: APIC 0x00000000000E0298 00006C (v02 SIE    ORBIS    20120725 INTL 20110211)?
[    0.122850] ACPI: MCFG 0x00000000000E0304 00003C (v01 SIE    ORBIS    20120725 INTL 20110211)?
[    0.131530] ACPI: SSDT 0x00000000000E0730 001944 (v01 AMD    POWERNOW 00000001 AMD  00000001)?
[    0.140211] ACPI: IVRS 0x00000000000E2074 000054 (v01 F0F    PS4KEXEC 20161225 KEXC 20161225)?
[    0.148892] ACPI: Reserving FACP table memory at [mem 0xe016c-0xe025f]?
[    0.155531] ACPI: Reserving DSDT table memory at [mem 0xe0430-0xe05bb]?
[    0.162170] ACPI: Reserving FACS table memory at [mem 0xe012c-0xe016b]?
[    0.168810] ACPI: Reserving FACS table memory at [mem 0xe012c-0xe016b]?
[    0.175448] ACPI: Reserving APIC table memory at [mem 0xe0298-0xe0303]?
[    0.182087] ACPI: Reserving MCFG table memory at [mem 0xe0304-0xe033f]?
[    0.188725] ACPI: Reserving SSDT table memory at [mem 0xe0730-0xe2073]?
[    0.195364] ACPI: Reserving IVRS table memory at [mem 0xe2074-0xe20c7]?
[    0.202080] No NUMA configuration found?
[    0.205977] Faking a node at [mem 0x0000000000000000-0x000000027effffff]?
[    0.212800] NODE_DATA(0) allocated [mem 0x27effa800-0x27effdfff]?
[    0.218968] Zone ranges:?
[    0.221538]   DMA      [mem 0x0000000000001000-0x0000000000ffffff]?
[    0.227826]   DMA32    [mem 0x0000000001000000-0x00000000ffffffff]?
[    0.234116]   Normal   [mem 0x0000000100000000-0x000000027effffff]?
[    0.240403] Movable zone start for each node?
[    0.244742] Early memory node ranges?
[    0.248372]   node   0: [mem 0x0000000000001000-0x0000000000007fff]?
[    0.254748]   node   0: [mem 0x0000000000080000-0x0000000000099fff]?
[    0.261122]   node   0: [mem 0x0000000000100000-0x00000000003fffff]?
[    0.267496]   node   0: [mem 0x0000000000480000-0x000000000067ffff]?
[    0.273870]   node   0: [mem 0x0000000000700000-0x000000007efe7fff]?
[    0.280246]   node   0: [mem 0x000000007f000000-0x000000007fffffff]?
[    0.286620]   node   0: [mem 0x0000000140000000-0x000000027effffff]?
[    0.292998] Initmem setup node 0 [mem 0x0000000000001000-0x000000027effffff]?
[    0.300174] On node 0, zone DMA: 1 pages in unavailable ranges?
[    0.306116] On node 0, zone DMA: 120 pages in unavailable ranges?
[    0.312246] On node 0, zone DMA: 102 pages in unavailable ranges?
[    0.318373] On node 0, zone DMA: 128 pages in unavailable ranges?
[    0.324536] On node 0, zone DMA: 128 pages in unavailable ranges?
[    0.340954] On node 0, zone DMA32: 24 pages in unavailable ranges?
[    0.373362] On node 0, zone Normal: 4096 pages in unavailable ranges?
[    0.380742] ACPI: No IOAPIC entries present?
[    0.384993] ACPI: Using ACPI for processor (LAPIC) configuration information?
[    0.392177] CPU topo: Max. logical packages:   1?
[    0.396871] CPU topo: Max. logical dies:       1?
[    0.401563] CPU topo: Max. dies per package:   1?
[    0.406268] CPU topo: Max. threads per core:   1?
[    0.410960] CPU topo: Num. cores per package:     8?
[    0.415918] CPU topo: Num. threads per package:   8?
[    0.420875] CPU topo: Allowing 8 present CPUs plus 0 hotplug CPUs?
[    0.427101] [mem 0xfc000000-0xffffffff] available for PCI devices?
[    0.433304] clocksource: refined-jiffies: mask: 0xffffffff max_cycles: 0xffffffff, max_idle_ns: 1910969940391419 ns?
[    0.443937] setup_percpu: NR_CPUS:8 nr_cpumask_bits:8 nr_cpu_ids:8 nr_node_ids:1?
[    0.452135] percpu: Embedded 42 pages/cpu s131544 r8192 d32296 u262144?
[    0.458796] pcpu-alloc: s131544 r8192 d32296 u262144 alloc=1*2097152?
[    0.465265] pcpu-alloc: [0] 0 1 2 3 4 5 6 7 ?
[    0.469648] Kernel command line: earlycon=uart8250,mmio32,0xC890E000,115200n8 console=tty0 keep_bootcon 8250.nr_uarts=0 iommu=pt intremap=off panic=10 loglevel=8 ignore_loglevel printk.devkmsg=on drm.edid_firmware=edid/1920x1080.bin video=HDMI-A-1:1920x1080@60D pci=nocrs libata.force=1.00:disable root=LABEL=psxitarch rootwait rw systemd.unit=multi-user.target systemd.log_level=info amdgpu.gpu_recovery=0 amdgpu.lockup_timeout=10000 amdgpu.gfx_off=0 amdgpu.runpm=0 amdgpu.bapm=0 amdgpu.dpm=0?
[    0.514011] Setting dangerous option amdgpu.gpu_recovery - tainting kernel?
[    0.521062] printk: log buffer data + meta data: 262144 + 917504 = 1179648 bytes?
[    0.530381] Dentry cache hash table entries: 1048576 (order: 11, 8388608 bytes, linear)?
[    0.539445] Inode-cache hash table entries: 524288 (order: 10, 4194304 bytes, linear)?
[    0.547519] software IO TLB: area num 8.?
[    0.580481] Fallback order for Node 0: 0 ?
[    0.580500] Built 1 zonelists, mobility grouping on.  Total pages: 1830409?
[    0.591573] Policy zone: Normal?
[    0.594764] mem auto-init: stack:off, heap alloc:off, heap free:off?
[    0.638932] SLUB: HWalign=64, Order=0-3, MinObjects=0, CPUs=8, Nodes=1?
[    0.646719] Dynamic Preempt: voluntary?
[    0.650623] rcu: Preemptible hierarchical RCU implementation.?
[    0.656469] rcu: RCU calculated value of scheduler-enlistment delay is 100 jiffies.?
[    0.664284] NR_IRQS: 4352, nr_irqs: 128, preallocated irqs: 0?
[    0.670192] rcu: srcu_init: Setting srcu_struct sizes based on contention.?
[    0.677244] call_irq_handler: 0.49 No irq handler for vector?
[    0.683031] Console: colour dummy device 80x25?
[    0.687553] printk: legacy console [tty0] enabled?
[    0.692379] ACPI: Core revision 20240827?
[    0.696437] ACPI: setting ELCR to 0200 (from ffff)?
[    0.701328] Failed to register legacy timer interrupt?
[    0.706466] APIC: Switch to symmetric I/O mode setup?
[    0.711526] clocksource: tsc-early: mask: 0xffffffffffffffff max_cycles: 0x16fa69d3c6a, max_idle_ns: 440795258936 ns?
[    0.722255] Calibrating delay loop (skipped), value calculated using timer frequency.. 3188.22 BogoMIPS (lpj=1594111)?
[    0.723246] Last level iTLB entries: 4KB 512, 2MB 8, 4MB 4?
[    0.723246] Last level dTLB entries: 4KB 512, 2MB 256, 4MB 128, 1GB 0?
[    0.723246] Spectre V1 : Mitigation: usercopy/swapgs barriers and __user pointer sanitization?
[    0.723246] Spectre V2 : Mitigation: Retpolines?
[    0.723246] Spectre V2 : Spectre v2 / SpectreRSB: Filling RSB on context switch and VMEXIT?
[    0.723246] RETBleed: Mitigation: untrained return thunk?
[    0.723246] Speculative Store Bypass: Mitigation: Speculative Store Bypass disabled via prctl?
[    0.723246] x86/fpu: Supporting XSAVE feature 0x001: 'x87 floating point registers'?
[    0.723246] x86/fpu: Supporting XSAVE feature 0x002: 'SSE registers'?
[    0.723246] x86/fpu: Supporting XSAVE feature 0x004: 'AVX registers'?
[    0.723246] x86/fpu: xstate_offset[2]:  576, xstate_sizes[2]:  256?
[    0.723246] x86/fpu: Enabled xstate features 0x7, context size is 832 bytes, using 'standard' format.?
[    0.723246] Freeing SMP alternatives memory: 52K?
[    0.723246] pid_max: default: 32768 minimum: 301?
[    0.723246] Mount-cache hash table entries: 16384 (order: 5, 131072 bytes, linear)?
[    0.723246] Mountpoint-cache hash table entries: 16384 (order: 5, 131072 bytes, linear)?
[    0.723246] smpboot: CPU0: AMD DG1401SNF87ID (family: 0x16, model: 0x1a, stepping: 0x0)?
[    0.723840] Performance Events: AMD PMU driver.?
[    0.724251] ... version:                0?
[    0.725250] ... bit width:              48?
[    0.726250] ... generic registers:      4?
[    0.727250] ... value mask:             0000ffffffffffff?
[    0.728250] ... max period:             00007fffffffffff?
[    0.729250] ... fixed-purpose events:   0?
[    0.730250] ... event mask:             000000000000000f?
[    0.731485] signal: max sigframe size: 1776?
[    0.732338] rcu: Hierarchical SRCU implementation.?
[    0.733251] rcu: 	Max phase no-delay instances is 400.?
[    0.734404] Timer migration: 1 hierarchy levels; 8 children per group; 1 crossnode level?
[    0.738648] smp: Bringing up secondary CPUs ...?
[    0.739534] smpboot: x86: Booting SMP configuration:?
[    0.740256] .... node  #0, CPUs:      #1 #2 #3 #4 #5 #6 #7?
[    0.750354] smp: Brought up 1 node, 8 CPUs?
[    0.752251] smpboot: Total of 8 processors activated (25505.77 BogoMIPS)?
[    0.754468] Memory: 7077464K/7321636K available (23475K kernel code, 2053K rwdata, 8788K rodata, 1624K init, 2232K bss, 239924K reserved, 0K cma-reserved)?
[    0.755695] devtmpfs: initialized?
[    0.758351] clocksource: jiffies: mask: 0xffffffff max_cycles: 0xffffffff, max_idle_ns: 1911260446275000 ns?
[    0.759262] posixtimers hash table entries: 4096 (order: 4, 65536 bytes, linear)?
[    0.760269] futex hash table entries: 2048 (order: 5, 131072 bytes, linear)?
[    0.761354] prandom: seed boundary self test passed?
[    0.764255] prandom: 100 self tests passed?
[    0.765516] NET: Registered PF_NETLINK/PF_ROUTE protocol family?
[    0.766420] audit: initializing netlink subsys (disabled)?
[    0.767311] audit: type=2000 audit(0.045:1): state=initialized audit_enabled=0 res=1?
[    0.767429] i2c-core: driver [dummy] registered?
[    0.769253] thermal_sys: Registered thermal governor 'step_wise'?
[    0.769280] cpuidle: using governor ladder?
[    0.771259] cpuidle: using governor menu?
[    0.772454] ps4: ps4: pre-allocated IRQ 9 desc for ACPI SCI (virq=9)?
[    0.773513] PCI: ECAM [mem 0xf8000000-0xfbffffff] (base 0xf8000000) for domain 0000 [bus 00-3f]?
[    0.774270] PCI: Using configuration type 1 for base access?
[    0.775562] HugeTLB: allocation took 0ms with hugepage_allocation_threads=2?
[    0.776282] HugeTLB: registered 2.00 MiB page size, pre-allocated 0 pages?
[    0.777250] HugeTLB: 28 KiB vmemmap can be freed for a 2.00 MiB page?
[    0.778655] cryptd: max_cpu_qlen set to 1000?
[    0.796254] raid6: sse2x4   gen()  4051 MB/s?
[    0.814249] raid6: sse2x2   gen()  3962 MB/s?
[    0.832249] raid6: sse2x1   gen()  3184 MB/s?
[    0.833250] raid6: using algorithm sse2x4 gen() 4051 MB/s?
[    0.851249] raid6: .... xor() 2019 MB/s, rmw enabled?
[    0.852251] raid6: using ssse3x2 recovery algorithm?
[    0.853357] ACPI: Added _OSI(Module Device)?
[    0.854252] ACPI: Added _OSI(Processor Device)?
[    0.855251] ACPI: Added _OSI(Processor Aggregator Device)?
[    0.858518] ACPI: 2 ACPI AML tables successfully acquired and loaded?
[    0.868374] ACPI: Interpreter enabled?
[    0.869265] ACPI: PM: (supports S0 S5)?
[    0.870251] ACPI: Using PIC for interrupt routing?
[    0.871276] PCI: Ignoring host bridge windows from ACPI; if necessary, use "pci=use_crs" and report a bug?
[    0.872250] PCI: Using E820 reservations for host bridge windows?
[    0.874706] acpi PNP0A03:00: [Firmware Bug]: no secondary bus range in _CRS?
[    0.875266] ACPI: PCI Root Bridge [PCI0] (domain 0000 [bus 00-ff])?
[    0.876259] acpi PNP0A03:00: _OSC: OS supports [ExtendedConfig ASPM ClockPM Segments MSI HPX-Type3]?
[    0.877270] acpi PNP0A03:00: [Firmware Info]: ECAM [mem 0xf8000000-0xfbffffff] for domain 0000 [bus 00-3f] only partially covers this bridge?
[    0.879261] acpi PNP0A03:00: host bridge window [io  0x0cf8-0x0cff] (ignored)?
[    0.880251] PCI: root bus 00: using default resources?
[    0.881307] PCI host bridge to bus 0000:00?
[    0.882256] pci_bus 0000:00: root bus resource [io  0x0000-0xffff]?
[    0.883251] pci_bus 0000:00: root bus resource [mem 0x00000000-0xffffffffff]?
[    0.884252] pci_bus 0000:00: root bus resource [bus 00-ff]?
[    0.885269] pci 0000:00:00.0: [1022:1436] type 00 class 0x060000 conventional PCI endpoint?
[    0.886378] pci 0000:00:00.2: [1022:1437] type 00 class 0x080600 conventional PCI endpoint?
[    0.887379] pci 0000:00:01.0: [1002:9923] type 00 class 0x030000 PCIe Root Complex Integrated Endpoint?
[    0.888272] pci 0000:00:01.0: BAR 0 [mem 0xe0000000-0xe3ffffff 64bit pref]?
[    0.889252] pci 0000:00:01.0: BAR 2 [mem 0xe4000000-0xe47fffff 64bit pref]?
[    0.890252] pci 0000:00:01.0: BAR 4 [io  0x6000-0x60ff]?
[    0.891252] pci 0000:00:01.0: BAR 5 [mem 0xe4800000-0xe483ffff]?
[    0.892252] pci 0000:00:01.0: ROM [mem 0x00000000-0x0001ffff pref]?
[    0.893256] pci 0000:00:01.0: enabling Extended Tags?
[    0.894267] pci 0000:00:01.0: Video device with shadowed ROM at [mem 0x000c0000-0x000dffff]?
[    0.895271] pci 0000:00:01.0: supports D1 D2?
[    0.896251] pci 0000:00:01.0: PME# supported from D1 D2 D3hot?
[    0.898271] pci 0000:00:01.1: [1002:9921] type 00 class 0x040300 PCIe Root Complex Integrated Endpoint?
[    0.899271] pci 0000:00:01.1: BAR 0 [mem 0xe4840000-0xe4843fff 64bit]?
[    0.900258] pci 0000:00:01.1: enabling Extended Tags?
[    0.901280] pci 0000:00:01.1: supports D1 D2?
[    0.902349] pci 0000:00:02.0: [1022:1438] type 00 class 0x060000 conventional PCI endpoint?
[    0.903384] pci 0000:00:14.0: [104d:90d7] type 00 class 0x088000 PCIe Endpoint?
[    0.904291] pci 0000:00:14.0: BAR 0 [mem 0xfdf8000000-0xfdf9ffffff 64bit]?
[    0.905252] pci 0000:00:14.0: BAR 2 [io  0x1000-0x13ff]?
[    0.907315] pci 0000:00:14.1: [104d:90d8] type 00 class 0x088001 PCIe Endpoint?
[    0.908291] pci 0000:00:14.1: BAR 0 [mem 0xc2000000-0xc2000fff 64bit]?
[    0.909438] pci 0000:00:14.2: [104d:90d9] type 00 class 0x088002 PCIe Endpoint?
[    0.910291] pci 0000:00:14.2: BAR 0 [mem 0xc4000000-0xc4007fff 64bit]?
[    0.911439] pci 0000:00:14.3: [104d:90da] type 00 class 0x088003 PCIe Endpoint?
[    0.912291] pci 0000:00:14.3: BAR 0 [mem 0xc6000000-0xc6000fff 64bit]?
[    0.913438] pci 0000:00:14.4: [104d:90db] type 00 class 0x088004 PCIe Endpoint?
[    0.914291] pci 0000:00:14.4: BAR 0 [mem 0xc8000000-0xc8001fff 64bit]?
[    0.915253] pci 0000:00:14.4: BAR 2 [mem 0xc8800000-0xc89fffff 64bit]?
[    0.916253] pci 0000:00:14.4: BAR 4 [mem 0xc9000000-0xc91fffff 64bit]?
[    0.917433] pci 0000:00:14.5: [104d:90dc] type 00 class 0x088005 PCIe Endpoint?
[    0.918291] pci 0000:00:14.5: BAR 0 [mem 0xca000000-0xca000fff 64bit]?
[    0.919253] pci 0000:00:14.5: BAR 2 [mem 0xca800000-0xca800fff 64bit]?
[    0.920435] pci 0000:00:14.6: [104d:90dd] type 00 class 0x088006 PCIe Endpoint?
[    0.921291] pci 0000:00:14.6: BAR 0 [mem 0xcc000000-0xcc000fff 64bit]?
[    0.922253] pci 0000:00:14.6: BAR 2 [mem 0x80000000-0xbfffffff 64bit]?
[    0.923252] pci 0000:00:14.6: BAR 4 [mem 0xcd000000-0xcd0fffff]?
[    0.924252] pci 0000:00:14.6: BAR 5 [mem 0xcd400000-0xcd43ffff]?
[    0.925432] pci 0000:00:14.7: [104d:90de] type 00 class 0x088007 PCIe Endpoint?
[    0.926293] pci 0000:00:14.7: BAR 0 [mem 0xce000000-0xce3fffff 64bit]?
[    0.927253] pci 0000:00:14.7: BAR 2 [mem 0xce800000-0xce80ffff 64bit]?
[    0.928253] pci 0000:00:14.7: BAR 4 [mem 0xcf000000-0xcf7fffff 64bit]?
[    0.929426] pci 0000:00:18.0: [1022:142e] type 00 class 0x060000 conventional PCI endpoint?
[    0.930355] pci 0000:00:18.1: [1022:142f] type 00 class 0x060000 conventional PCI endpoint?
[    0.931359] pci 0000:00:18.2: [1022:1430] type 00 class 0x060000 conventional PCI endpoint?
[    0.932351] pci 0000:00:18.3: [1022:1431] type 00 class 0x060000 conventional PCI endpoint?
[    0.933358] pci 0000:00:18.4: [1022:1432] type 00 class 0x060000 conventional PCI endpoint?
[    0.934351] pci 0000:00:18.5: [1022:1433] type 00 class 0x060000 conventional PCI endpoint?
[    0.935350] pci 0000:00:18.6: [1022:1434] type 00 class 0x060000 conventional PCI endpoint?
[    0.936453] iommu: Default domain type: Passthrough (set via kernel command line)?
[    0.937444] SCSI subsystem initialized?
[    0.938276] libata version 3.00 loaded.?
[    0.939312] ACPI: bus type USB registered?
[    0.940305] usbcore: registered new interface driver usbfs?
[    0.941276] usbcore: registered new interface driver hub?
[    0.942271] usbcore: registered new device driver usb?
[    0.943431] Advanced Linux Sound Architecture Driver Initialized.?
[    0.945484] Bluetooth: Core ver 2.22?
[    0.946265] NET: Registered PF_BLUETOOTH protocol family?
[    0.947251] Bluetooth: HCI device and connection manager initialized?
[    0.948254] Bluetooth: HCI socket layer initialized?
[    0.949254] Bluetooth: L2CAP socket layer initialized?
[    0.950258] Bluetooth: SCO socket layer initialized?
[    0.952271] PCI: Using ACPI for IRQ routing?
[    0.955590] PCI: pci_cache_line_size set to 64 bytes?
[    0.956295] e820: reserve RAM buffer [mem 0x00008000-0x0000ffff]?
[    0.957252] e820: reserve RAM buffer [mem 0x0009a000-0x0009ffff]?
[    0.958251] e820: reserve RAM buffer [mem 0x00680000-0x006fffff]?
[    0.959251] e820: reserve RAM buffer [mem 0x7efe8000-0x7fffffff]?
[    0.960251] e820: reserve RAM buffer [mem 0x27f000000-0x27fffffff]?
[    0.961277] pci 0000:00:01.0: vgaarb: setting as boot VGA device?
[    0.962246] pci 0000:00:01.0: vgaarb: bridge control possible?
[    0.962246] pci 0000:00:01.0: vgaarb: VGA device added: decodes=io+mem,owns=io+mem,locks=none?
[    0.963252] vgaarb: loaded?
[    0.965280] clocksource: Switched to clocksource tsc-early?
[    0.971093] pnp: PnP ACPI init?
[    0.974259] pnp: PnP ACPI: found 0 devices?
[    0.983367] NET: Registered PF_INET protocol family?
[    0.988652] IP idents hash table entries: 131072 (order: 8, 1048576 bytes, linear)?
[    1.000498] tcp_listen_portaddr_hash hash table entries: 4096 (order: 4, 65536 bytes, linear)?
[    1.009231] Table-perturb hash table entries: 65536 (order: 6, 262144 bytes, linear)?
[    1.017159] TCP established hash table entries: 65536 (order: 7, 524288 bytes, linear)?
[    1.025500] TCP bind hash table entries: 65536 (order: 9, 2097152 bytes, linear)?
[    1.033640] TCP: Hash tables configured (established 65536 bind 65536)?
[    1.040409] UDP hash table entries: 4096 (order: 6, 262144 bytes, linear)?
[    1.047422] UDP-Lite hash table entries: 4096 (order: 6, 262144 bytes, linear)?
[    1.054958] NET: Registered PF_UNIX/PF_LOCAL protocol family?
[    1.061083] RPC: Registered named UNIX socket transport module.?
[    1.067122] RPC: Registered udp transport module.?
[    1.071915] RPC: Registered tcp transport module.?
[    1.076708] RPC: Registered tcp-with-tls transport module.?
[    1.082300] RPC: Registered tcp NFSv4.1 backchannel transport module.?
[    1.089346] pci_bus 0000:00: resource 4 [io  0x0000-0xffff]?
[    1.095034] pci_bus 0000:00: resource 5 [mem 0x00000000-0xffffffffff]?
[    1.101677] pci 0000:00:01.1: D0 power state depends on 0000:00:01.0?
[    1.108163] pci 0000:00:02.0: CLS mismatch (64 != 512), using 64 bytes?
[    1.114932] AMD-Vi: Using global IVHD EFR:0x0, EFR2:0x0?
[    1.115141] Trying to unpack rootfs image as initramfs...?
[    1.120483] pci 0000:00:00.0: Adding to iommu group 0?
[    1.131038] pci 0000:00:14.0: Adding to iommu group 1?
[    1.136223] pci 0000:00:14.1: Adding to iommu group 1?
[    1.141408] pci 0000:00:14.2: Adding to iommu group 1?
[    1.146597] pci 0000:00:14.3: Adding to iommu group 1?
[    1.151781] pci 0000:00:14.4: Adding to iommu group 1?
[    1.156963] pci 0000:00:14.5: Adding to iommu group 1?
[    1.162156] pci 0000:00:14.6: Adding to iommu group 1?
[    1.167341] pci 0000:00:14.7: Adding to iommu group 1?
[    1.172567] AMD-Vi: Extended features (0x840, 0x0): IA?
[    1.178103] PCI-DMA: Using software bounce buffering for IO (SWIOTLB)?
[    1.184676] software IO TLB: mapped [mem 0x000000007afe8000-0x000000007efe8000] (64MB)?
[    1.192924] LVT offset 0 assigned for vector 0x400?
[    1.198283] perf: AMD IBS detected (0x000000ff)?
[    1.202958] kvm_amd: TSC scaling supported?
[    1.207136] kvm_amd: Nested Virtualization enabled?
[    1.212018] kvm_amd: Nested Paging enabled?
[    1.216194] kvm_amd: LBR virtualization supported?
[    1.245156] Freeing initrd memory: 4156K?
[    1.254556] platform rtc_cmos: registered platform RTC device (no PNP device found)?
[    1.265497] Initialise system trusted keyrings?
[    1.270181] workingset: timestamp_bits=40 max_order=21 bucket_order=0?
[    1.277159] ntfs3: Warning: Activated 64 bits per cluster. Windows does not support this?
[    1.285493] fuse: init (API version 7.43)?
[    1.325728] NET: Registered PF_ALG protocol family?
[    1.330616] xor: automatically using best checksumming function   avx       ?
[    1.337803] Key type asymmetric registered?
[    1.341978] Asymmetric key parser 'x509' registered?
[    1.346981] Block layer SCSI generic (bsg) driver version 0.4 loaded (major 252)?
[    1.354522] io scheduler mq-deadline registered?
[    1.359139] io scheduler kyber registered?
[    1.365329] Could not retrieve perf counters (-19)?
[    1.401100] Non-volatile memory driver v1.3?
[    1.405391] Linux agpgart interface v0.103?
[    1.409995] ACPI: bus type drm_connector registered?
[    1.415002] [drm] amdgpu kernel modesetting enabled.?
[    1.421696] brd: module loaded?
[    1.428390] loop: module loaded?
[    1.431615] i2c-core: driver [at24] registered?
[    1.436347] baikal_pcie 0000:00:14.4: bpcie_probe()?
[    1.441361] baikal_pcie 0000:00:14.4: bpcie glue probe?
[    1.446607] baikal_pcie 0000:00:14.4: Baikal chip revision: 4c0c2021:8d76a398:0000b100?
[    1.454685] pci 0000:00:14.0: bpcie_create_irq_domain?
[    1.459835] baikal_pcie 0000:00:14.4: devid = 164?
[    1.464632] baikal_pcie 0000:00:14.4: no parent ?
[    1.469342] bpcie_create_irq_domain: marked Baikal-MSI-164-3-14 as MSI parent (flags=0x113 bus_token=AMDVI)?
[    1.479272] pci 0000:00:14.1: bpcie_create_irq_domain?
[    1.484423] baikal_pcie 0000:00:14.4: devid = 164?
[    1.489220] baikal_pcie 0000:00:14.4: no parent ?
[    1.493929] bpcie_create_irq_domain: marked Baikal-MSI-164-3-14 as MSI parent (flags=0x113 bus_token=AMDVI)?
[    1.503856] pci 0000:00:14.2: bpcie_create_irq_domain?
[    1.509009] baikal_pcie 0000:00:14.4: devid = 164?
[    1.513804] baikal_pcie 0000:00:14.4: no parent ?
[    1.518512] bpcie_create_irq_domain: marked Baikal-MSI-164-3-14 as MSI parent (flags=0x113 bus_token=AMDVI)?
[    1.528443] pci 0000:00:14.3: bpcie_create_irq_domain?
[    1.533592] baikal_pcie 0000:00:14.4: devid = 164?
[    1.538387] baikal_pcie 0000:00:14.4: no parent ?
[    1.543094] bpcie_create_irq_domain: marked Baikal-MSI-164-3-14 as MSI parent (flags=0x113 bus_token=AMDVI)?
[    1.553024] baikal_pcie 0000:00:14.4: bpcie_create_irq_domain?
[    1.558882] baikal_pcie 0000:00:14.4: devid = 164?
[    1.563678] baikal_pcie 0000:00:14.4: no parent ?
[    1.568386] bpcie_create_irq_domain: marked Baikal-MSI-164-3-14 as MSI parent (flags=0x113 bus_token=AMDVI)?
[    1.578316] pci 0000:00:14.5: bpcie_create_irq_domain?
[    1.583464] baikal_pcie 0000:00:14.4: devid = 164?
[    1.588258] baikal_pcie 0000:00:14.4: no parent ?
[    1.592967] bpcie_create_irq_domain: marked Baikal-MSI-164-3-14 as MSI parent (flags=0x113 bus_token=AMDVI)?
[    1.602894] pci 0000:00:14.6: bpcie_create_irq_domain?
[    1.608042] baikal_pcie 0000:00:14.4: devid = 164?
[    1.612836] baikal_pcie 0000:00:14.4: no parent ?
[    1.617544] bpcie_create_irq_domain: marked Baikal-MSI-164-3-14 as MSI parent (flags=0x113 bus_token=AMDVI)?
[    1.627477] pci 0000:00:14.7: bpcie_create_irq_domain?
[    1.632626] baikal_pcie 0000:00:14.4: devid = 164?
[    1.637420] baikal_pcie 0000:00:14.4: no parent ?
[    1.642126] bpcie_create_irq_domain: marked Baikal-MSI-164-3-14 as MSI parent (flags=0x113 bus_token=AMDVI)?
[    1.652068] bpcie_init_dev_msi_info: dev=0000:00:14.4 installed bpcie demuxer (sc=(____ptrval____))?
[    1.661864] bpcie_msi_init: virq=10 hwirq=0x0 domain=(____ptrval____) info=(____ptrval____) sc=(____ptrval____)?
[    1.672154] bpcie_msi_init: registered virq=10 irq_map[0]?
[    1.677656] bpcie_msi_init: virq=11 hwirq=0x1 domain=(____ptrval____) info=(____ptrval____) sc=(____ptrval____)?
[    1.687938] bpcie_msi_init: registered virq=11 irq_map[1]?
[    1.693440] bpcie_msi_init: virq=12 hwirq=0x2 domain=(____ptrval____) info=(____ptrval____) sc=(____ptrval____)?
[    1.703723] bpcie_msi_init: registered virq=12 irq_map[2]?
[    1.709223] bpcie_msi_init: virq=13 hwirq=0x3 domain=(____ptrval____) info=(____ptrval____) sc=(____ptrval____)?
[    1.719507] bpcie_msi_init: registered virq=13 irq_map[3]?
[    1.725010] bpcie_msi_init: virq=14 hwirq=0x4 domain=(____ptrval____) info=(____ptrval____) sc=(____ptrval____)?
[    1.735294] bpcie_msi_init: registered virq=14 irq_map[4]?
[    1.740795] bpcie_msi_init: virq=15 hwirq=0x5 domain=(____ptrval____) info=(____ptrval____) sc=(____ptrval____)?
[    1.751077] bpcie_msi_init: registered virq=15 irq_map[5]?
[    1.756582] bpcie_msi_init: virq=16 hwirq=0x6 domain=(____ptrval____) info=(____ptrval____) sc=(____ptrval____)?
[    1.766866] bpcie_msi_init: registered virq=16 irq_map[6]?
[    1.772367] bpcie_msi_init: virq=17 hwirq=0x7 domain=(____ptrval____) info=(____ptrval____) sc=(____ptrval____)?
[    1.782651] bpcie_msi_init: registered virq=17 irq_map[7]?
[    1.788152] bpcie_msi_init: virq=18 hwirq=0x8 domain=(____ptrval____) info=(____ptrval____) sc=(____ptrval____)?
[    1.798435] bpcie_msi_init: registered virq=18 irq_map[8]?
[    1.803935] bpcie_msi_init: virq=19 hwirq=0x9 domain=(____ptrval____) info=(____ptrval____) sc=(____ptrval____)?
[    1.814218] bpcie_msi_init: registered virq=19 irq_map[9]?
[    1.819718] bpcie_msi_init: virq=20 hwirq=0xa domain=(____ptrval____) info=(____ptrval____) sc=(____ptrval____)?
[    1.830001] bpcie_msi_init: registered virq=20 irq_map[10]?
[    1.835594] bpcie_msi_init: virq=21 hwirq=0xb domain=(____ptrval____) info=(____ptrval____) sc=(____ptrval____)?
[    1.845875] bpcie_msi_init: registered virq=21 irq_map[11]?
[    1.851464] bpcie_msi_init: virq=22 hwirq=0xc domain=(____ptrval____) info=(____ptrval____) sc=(____ptrval____)?
[    1.861747] bpcie_msi_init: registered virq=22 irq_map[12]?
[    1.867335] bpcie_msi_init: virq=23 hwirq=0xd domain=(____ptrval____) info=(____ptrval____) sc=(____ptrval____)?
[    1.877619] bpcie_msi_init: registered virq=23 irq_map[13]?
[    1.883208] bpcie_msi_init: virq=24 hwirq=0xe domain=(____ptrval____) info=(____ptrval____) sc=(____ptrval____)?
[    1.893492] bpcie_msi_init: registered virq=24 irq_map[14]?
[    1.899081] bpcie_msi_init: virq=25 hwirq=0xf domain=(____ptrval____) info=(____ptrval____) sc=(____ptrval____)?
[    1.909365] bpcie_msi_init: registered virq=25 irq_map[15]?
[    1.914954] bpcie_msi_init: virq=26 hwirq=0x10 domain=(____ptrval____) info=(____ptrval____) sc=(____ptrval____)?
[    1.925326] bpcie_msi_init: registered virq=26 irq_map[16]?
[    1.930919] bpcie_msi_init: virq=27 hwirq=0x11 domain=(____ptrval____) info=(____ptrval____) sc=(____ptrval____)?
[    1.941290] bpcie_msi_init: registered virq=27 irq_map[17]?
[    1.946880] bpcie_msi_init: virq=28 hwirq=0x12 domain=(____ptrval____) info=(____ptrval____) sc=(____ptrval____)?
[    1.957252] bpcie_msi_init: registered virq=28 irq_map[18]?
[    1.962840] bpcie_msi_init: virq=29 hwirq=0x13 domain=(____ptrval____) info=(____ptrval____) sc=(____ptrval____)?
[    1.973213] bpcie_msi_init: registered virq=29 irq_map[19]?
[    1.978802] bpcie_msi_init: virq=30 hwirq=0x14 domain=(____ptrval____) info=(____ptrval____) sc=(____ptrval____)?
[    1.989173] bpcie_msi_init: registered virq=30 irq_map[20]?
[    1.994761] bpcie_msi_init: virq=31 hwirq=0x15 domain=(____ptrval____) info=(____ptrval____) sc=(____ptrval____)?
[    2.005133] bpcie_msi_init: registered virq=31 irq_map[21]?
[    2.010722] bpcie_msi_init: virq=32 hwirq=0x16 domain=(____ptrval____) info=(____ptrval____) sc=(____ptrval____)?
[    2.021094] bpcie_msi_init: registered virq=32 irq_map[22]?
[    2.026682] bpcie_msi_init: virq=33 hwirq=0x17 domain=(____ptrval____) info=(____ptrval____) sc=(____ptrval____)?
[    2.037055] bpcie_msi_init: registered virq=33 irq_map[23]?
[    2.042643] bpcie_msi_init: virq=34 hwirq=0x18 domain=(____ptrval____) info=(____ptrval____) sc=(____ptrval____)?
[    2.053016] bpcie_msi_init: registered virq=34 irq_map[24]?
[    2.058605] bpcie_msi_init: virq=35 hwirq=0x19 domain=(____ptrval____) info=(____ptrval____) sc=(____ptrval____)?
[    2.068976] bpcie_msi_init: registered virq=35 irq_map[25]?
[    2.074565] bpcie_msi_init: virq=36 hwirq=0x1a domain=(____ptrval____) info=(____ptrval____) sc=(____ptrval____)?
[    2.084935] bpcie_msi_init: registered virq=36 irq_map[26]?
[    2.090524] bpcie_msi_init: virq=37 hwirq=0x1b domain=(____ptrval____) info=(____ptrval____) sc=(____ptrval____)?
[    2.100897] bpcie_msi_init: registered virq=37 irq_map[27]?
[    2.106485] bpcie_msi_init: virq=38 hwirq=0x1c domain=(____ptrval____) info=(____ptrval____) sc=(____ptrval____)?
[    2.116859] bpcie_msi_init: registered virq=38 irq_map[28]?
[    2.122449] bpcie_msi_init: virq=39 hwirq=0x1d domain=(____ptrval____) info=(____ptrval____) sc=(____ptrval____)?
[    2.132821] bpcie_msi_init: registered virq=39 irq_map[29]?
[    2.138410] bpcie_msi_init: virq=40 hwirq=0x1e domain=(____ptrval____) info=(____ptrval____) sc=(____ptrval____)?
[    2.148781] bpcie_msi_init: registered virq=40 irq_map[30]?
[    2.154370] bpcie_msi_init: virq=41 hwirq=0x1f domain=(____ptrval____) info=(____ptrval____) sc=(____ptrval____)?
[    2.164742] bpcie_msi_init: registered virq=41 irq_map[31]?
[    2.170373] baikal_pcie 0000:00:14.4: bpcie_msi_write_msg(fee00000, 000000ef) mask=0x0 irq=10 hwirq=0x0 (____ptrval____)?
[    2.181464] baikal_pcie 0000:00:14.4: bpcie_config_msi: func=4 subfunc=0 addr=fee00000 data=000000ef?
[    2.190790] baikal_pcie 0000:00:14.4: bpcie_msi_write_msg(fee00000, 000000ef) mask=0x0 irq=11 hwirq=0x1 (____ptrval____)?
[    2.201873] baikal_pcie 0000:00:14.4: bpcie_config_msi: func=4 subfunc=1 addr=fee00000 data=000000ef?
[    2.211193] baikal_pcie 0000:00:14.4: bpcie_msi_write_msg(fee00000, 000000ef) mask=0x0 irq=12 hwirq=0x2 (____ptrval____)?
[    2.222275] baikal_pcie 0000:00:14.4: bpcie_config_msi: func=4 subfunc=2 addr=fee00000 data=000000ef?
[    2.231595] baikal_pcie 0000:00:14.4: bpcie_msi_write_msg(fee00000, 000000ef) mask=0x0 irq=13 hwirq=0x3 (____ptrval____)?
[    2.242674] baikal_pcie 0000:00:14.4: bpcie_config_msi: func=4 subfunc=3 addr=fee00000 data=000000ef?
[    2.251994] baikal_pcie 0000:00:14.4: bpcie_msi_write_msg(fee00000, 000000ef) mask=0x0 irq=14 hwirq=0x4 (____ptrval____)?
[    2.263088] baikal_pcie 0000:00:14.4: bpcie_config_msi: func=4 subfunc=4 addr=fee00000 data=000000ef?
[    2.272408] baikal_pcie 0000:00:14.4: bpcie_msi_write_msg(fee00000, 000000ef) mask=0x0 irq=15 hwirq=0x5 (____ptrval____)?
[    2.283489] baikal_pcie 0000:00:14.4: bpcie_config_msi: func=4 subfunc=5 addr=fee00000 data=000000ef?
[    2.292807] baikal_pcie 0000:00:14.4: bpcie_msi_write_msg(fee00000, 000000ef) mask=0x0 irq=16 hwirq=0x6 (____ptrval____)?
[    2.303887] baikal_pcie 0000:00:14.4: bpcie_config_msi: func=4 subfunc=6 addr=fee00000 data=000000ef?
[    2.313205] baikal_pcie 0000:00:14.4: bpcie_msi_write_msg(fee00000, 000000ef) mask=0x0 irq=17 hwirq=0x7 (____ptrval____)?
[    2.324288] baikal_pcie 0000:00:14.4: bpcie_config_msi: func=4 subfunc=7 addr=fee00000 data=000000ef?
[    2.333605] baikal_pcie 0000:00:14.4: bpcie_msi_write_msg(fee00000, 000000ef) mask=0x0 irq=18 hwirq=0x8 (____ptrval____)?
[    2.344686] baikal_pcie 0000:00:14.4: bpcie_config_msi: func=4 subfunc=8 addr=fee00000 data=000000ef?
[    2.354004] baikal_pcie 0000:00:14.4: bpcie_msi_write_msg(fee00000, 000000ef) mask=0x0 irq=19 hwirq=0x9 (____ptrval____)?
[    2.365084] baikal_pcie 0000:00:14.4: bpcie_config_msi: func=4 subfunc=9 addr=fee00000 data=000000ef?
[    2.374406] baikal_pcie 0000:00:14.4: bpcie_msi_write_msg(fee00000, 000000ef) mask=0x0 irq=20 hwirq=0xa (____ptrval____)?
[    2.385488] baikal_pcie 0000:00:14.4: bpcie_config_msi: func=4 subfunc=10 addr=fee00000 data=000000ef?
[    2.394894] baikal_pcie 0000:00:14.4: bpcie_msi_write_msg(fee00000, 000000ef) mask=0x0 irq=21 hwirq=0xb (____ptrval____)?
[    2.405978] baikal_pcie 0000:00:14.4: bpcie_config_msi: func=4 subfunc=11 addr=fee00000 data=000000ef?
[    2.415385] baikal_pcie 0000:00:14.4: bpcie_msi_write_msg(fee00000, 000000ef) mask=0x0 irq=22 hwirq=0xc (____ptrval____)?
[    2.426469] baikal_pcie 0000:00:14.4: bpcie_config_msi: func=4 subfunc=12 addr=fee00000 data=000000ef?
[    2.435875] baikal_pcie 0000:00:14.4: bpcie_msi_write_msg(fee00000, 000000ef) mask=0x0 irq=23 hwirq=0xd (____ptrval____)?
[    2.446954] baikal_pcie 0000:00:14.4: bpcie_config_msi: func=4 subfunc=13 addr=fee00000 data=000000ef?
[    2.456365] baikal_pcie 0000:00:14.4: bpcie_msi_write_msg(fee00000, 000000ef) mask=0x0 irq=24 hwirq=0xe (____ptrval____)?
[    2.467447] baikal_pcie 0000:00:14.4: bpcie_config_msi: func=4 subfunc=14 addr=fee00000 data=000000ef?
[    2.476854] baikal_pcie 0000:00:14.4: bpcie_msi_write_msg(fee00000, 000000ef) mask=0x0 irq=25 hwirq=0xf (____ptrval____)?
[    2.487939] baikal_pcie 0000:00:14.4: bpcie_config_msi: func=4 subfunc=15 addr=fee00000 data=000000ef?
[    2.497345] baikal_pcie 0000:00:14.4: bpcie_msi_write_msg(fee00000, 000000ef) mask=0x0 irq=26 hwirq=0x10 (____ptrval____)?
[    2.508514] baikal_pcie 0000:00:14.4: bpcie_config_msi: func=4 subfunc=16 addr=fee00000 data=000000ef?
[    2.517919] baikal_pcie 0000:00:14.4: bpcie_msi_write_msg(fee00000, 000000ef) mask=0x0 irq=27 hwirq=0x11 (____ptrval____)?
[    2.529090] baikal_pcie 0000:00:14.4: bpcie_config_msi: func=4 subfunc=17 addr=fee00000 data=000000ef?
[    2.538497] baikal_pcie 0000:00:14.4: bpcie_msi_write_msg(fee00000, 000000ef) mask=0x0 irq=28 hwirq=0x12 (____ptrval____)?
[    2.549666] baikal_pcie 0000:00:14.4: bpcie_config_msi: func=4 subfunc=18 addr=fee00000 data=000000ef?
[    2.559073] baikal_pcie 0000:00:14.4: bpcie_msi_write_msg(fee00000, 000000ef) mask=0x0 irq=29 hwirq=0x13 (____ptrval____)?
[    2.570242] baikal_pcie 0000:00:14.4: bpcie_config_msi: func=4 subfunc=19 addr=fee00000 data=000000ef?
[    2.579649] baikal_pcie 0000:00:14.4: bpcie_msi_write_msg(fee00000, 000000ef) mask=0x0 irq=30 hwirq=0x14 (____ptrval____)?
[    2.590820] baikal_pcie 0000:00:14.4: bpcie_config_msi: func=4 subfunc=20 addr=fee00000 data=000000ef?
[    2.600228] baikal_pcie 0000:00:14.4: bpcie_msi_write_msg(fee00000, 000000ef) mask=0x0 irq=31 hwirq=0x15 (____ptrval____)?
[    2.611397] baikal_pcie 0000:00:14.4: bpcie_config_msi: func=4 subfunc=21 addr=fee00000 data=000000ef?
[    2.620806] baikal_pcie 0000:00:14.4: bpcie_msi_write_msg(fee00000, 000000ef) mask=0x0 irq=32 hwirq=0x16 (____ptrval____)?
[    2.631976] baikal_pcie 0000:00:14.4: bpcie_config_msi: func=4 subfunc=22 addr=fee00000 data=000000ef?
[    2.641382] baikal_pcie 0000:00:14.4: bpcie_msi_write_msg(fee00000, 000000ef) mask=0x0 irq=33 hwirq=0x17 (____ptrval____)?
[    2.652554] baikal_pcie 0000:00:14.4: bpcie_config_msi: func=4 subfunc=23 addr=fee00000 data=000000ef?
[    2.661960] baikal_pcie 0000:00:14.4: bpcie_msi_write_msg(fee00000, 000000ef) mask=0x0 irq=34 hwirq=0x18 (____ptrval____)?
[    2.673128] baikal_pcie 0000:00:14.4: bpcie_config_msi: func=4 subfunc=24 addr=fee00000 data=000000ef?
[    2.682534] baikal_pcie 0000:00:14.4: bpcie_msi_write_msg(fee00000, 000000ef) mask=0x0 irq=35 hwirq=0x19 (____ptrval____)?
[    2.693702] baikal_pcie 0000:00:14.4: bpcie_config_msi: func=4 subfunc=25 addr=fee00000 data=000000ef?
[    2.703107] baikal_pcie 0000:00:14.4: bpcie_msi_write_msg(fee00000, 000000ef) mask=0x0 irq=36 hwirq=0x1a (____ptrval____)?
[    2.714276] baikal_pcie 0000:00:14.4: bpcie_config_msi: func=4 subfunc=26 addr=fee00000 data=000000ef?
[    2.723683] baikal_pcie 0000:00:14.4: bpcie_msi_write_msg(fee00000, 000000ef) mask=0x0 irq=37 hwirq=0x1b (____ptrval____)?
[    2.734854] baikal_pcie 0000:00:14.4: bpcie_config_msi: func=4 subfunc=27 addr=fee00000 data=000000ef?
[    2.744261] baikal_pcie 0000:00:14.4: bpcie_msi_write_msg(fee00000, 000000ef) mask=0x0 irq=38 hwirq=0x1c (____ptrval____)?
[    2.755430] baikal_pcie 0000:00:14.4: bpcie_config_msi: func=4 subfunc=28 addr=fee00000 data=000000ef?
[    2.764837] baikal_pcie 0000:00:14.4: bpcie_msi_write_msg(fee00000, 000000ef) mask=0x0 irq=39 hwirq=0x1d (____ptrval____)?
[    2.776006] baikal_pcie 0000:00:14.4: bpcie_config_msi: func=4 subfunc=29 addr=fee00000 data=000000ef?
[    2.785411] baikal_pcie 0000:00:14.4: bpcie_msi_write_msg(fee00000, 000000ef) mask=0x0 irq=40 hwirq=0x1e (____ptrval____)?
[    2.796580] baikal_pcie 0000:00:14.4: bpcie_config_msi: func=4 subfunc=30 addr=fee00000 data=000000ef?
[    2.805986] baikal_pcie 0000:00:14.4: bpcie_msi_write_msg(fee00000, 000000ef) mask=0x0 irq=41 hwirq=0x1f (____ptrval____)?
[    2.817154] baikal_pcie 0000:00:14.4: bpcie_config_msi: func=4 subfunc=31 addr=fee00000 data=000000ef?
[    2.826656] baikal_pcie 0000:00:14.4: dev->irq=10?
[    2.831576] baikal_pcie 0000:00:14.4: Failed to register serial port 0?
[    2.838244] baikal_pcie 0000:00:14.4: UART init failed (-5); continuing without serial console?
[    2.847036] bpcie_icc_init: msi_desc msi_index=0 irq=10?
[    2.852362] bpcie_icc_init: ICC subfunc 3 -> bpcie_irqnum=13 found_virq=-1?
[    2.859376] baikal_pcie 0000:00:14.4: bpcie_msi_write_msg(fee01000, 00000020) mask=0x0 irq=13 hwirq=0x3 (____ptrval____)?
[    2.860365] baikal_pcie 0000:00:14.4: bpcie_config_msi: func=4 subfunc=3 addr=fee01000 data=00000020?
[    2.860365] baikal_pcie 0000:00:14.4: bpcie_msi_write_msg(fee01000, 00000020) mask=0x0 irq=13 hwirq=0x3 (____ptrval____)?
[    2.860365] baikal_pcie 0000:00:14.4: bpcie_config_msi: func=4 subfunc=3 addr=fee01000 data=00000020?
[    2.900173] genirq: Flags mismatch irq 0. 00200080 (icc-shotgun) vs. 00000000 (AMD-Vi)?
[    2.908254] baikal_pcie 0000:00:14.4: bpcie_msi_write_msg(fee02000, 00000020) mask=0x0 irq=10 hwirq=0x0 (____ptrval____)?
[    2.909242] baikal_pcie 0000:00:14.4: bpcie_config_msi: func=4 subfunc=0 addr=fee02000 data=00000020?
[    2.909242] baikal_pcie 0000:00:14.4: bpcie_msi_write_msg(fee02000, 00000020) mask=0x0 irq=10 hwirq=0x0 (____ptrval____)?
[    2.909242] baikal_pcie 0000:00:14.4: bpcie_config_msi: func=4 subfunc=0 addr=fee02000 data=00000020?
[    2.949069] baikal_pcie 0000:00:14.4: bpcie_msi_write_msg(fee03000, 00000020) mask=0x0 irq=11 hwirq=0x1 (____ptrval____)?
[    2.950052] baikal_pcie 0000:00:14.4: bpcie_config_msi: func=4 subfunc=1 addr=fee03000 data=00000020?
[    2.950052] baikal_pcie 0000:00:14.4: bpcie_msi_write_msg(fee03000, 00000020) mask=0x0 irq=11 hwirq=0x1 (____ptrval____)?
[    2.950052] baikal_pcie 0000:00:14.4: bpcie_config_msi: func=4 subfunc=1 addr=fee03000 data=00000020?
[    2.989854] baikal_pcie 0000:00:14.4: bpcie_msi_write_msg(fee04000, 00000020) mask=0x0 irq=12 hwirq=0x2 (____ptrval____)?
[    2.990837] baikal_pcie 0000:00:14.4: bpcie_config_msi: func=4 subfunc=2 addr=fee04000 data=00000020?
[    2.990837] baikal_pcie 0000:00:14.4: bpcie_msi_write_msg(fee04000, 00000020) mask=0x0 irq=12 hwirq=0x2 (____ptrval____)?
[    2.990837] baikal_pcie 0000:00:14.4: bpcie_config_msi: func=4 subfunc=2 addr=fee04000 data=00000020?
[    3.030644] baikal_pcie 0000:00:14.4: bpcie_msi_write_msg(fee05000, 00000020) mask=0x0 irq=14 hwirq=0x4 (____ptrval____)?
[    3.031626] baikal_pcie 0000:00:14.4: bpcie_config_msi: func=4 subfunc=4 addr=fee05000 data=00000020?
[    3.031626] baikal_pcie 0000:00:14.4: bpcie_msi_write_msg(fee05000, 00000020) mask=0x0 irq=14 hwirq=0x4 (____ptrval____)?
[    3.031626] baikal_pcie 0000:00:14.4: bpcie_config_msi: func=4 subfunc=4 addr=fee05000 data=00000020?
[    3.071443] baikal_pcie 0000:00:14.4: bpcie_msi_write_msg(fee06000, 00000020) mask=0x0 irq=15 hwirq=0x5 (____ptrval____)?
[    3.072426] baikal_pcie 0000:00:14.4: bpcie_config_msi: func=4 subfunc=5 addr=fee06000 data=00000020?
[    3.072426] baikal_pcie 0000:00:14.4: bpcie_msi_write_msg(fee06000, 00000020) mask=0x0 irq=15 hwirq=0x5 (____ptrval____)?
[    3.072426] baikal_pcie 0000:00:14.4: bpcie_config_msi: func=4 subfunc=5 addr=fee06000 data=00000020?
[    3.112231] baikal_pcie 0000:00:14.4: bpcie_msi_write_msg(fee07000, 00000020) mask=0x0 irq=16 hwirq=0x6 (____ptrval____)?
[    3.113213] baikal_pcie 0000:00:14.4: bpcie_config_msi: func=4 subfunc=6 addr=fee07000 data=00000020?
[    3.113213] baikal_pcie 0000:00:14.4: bpcie_msi_write_msg(fee07000, 00000020) mask=0x0 irq=16 hwirq=0x6 (____ptrval____)?
[    3.113213] baikal_pcie 0000:00:14.4: bpcie_config_msi: func=4 subfunc=6 addr=fee07000 data=00000020?
[    3.153018] baikal_pcie 0000:00:14.4: bpcie_msi_write_msg(fee00000, 00000021) mask=0x0 irq=17 hwirq=0x7 (____ptrval____)?
[    3.154001] baikal_pcie 0000:00:14.4: bpcie_config_msi: func=4 subfunc=7 addr=fee00000 data=00000021?
[    3.154001] baikal_pcie 0000:00:14.4: bpcie_msi_write_msg(fee00000, 00000021) mask=0x0 irq=17 hwirq=0x7 (____ptrval____)?
[    3.154001] baikal_pcie 0000:00:14.4: bpcie_config_msi: func=4 subfunc=7 addr=fee00000 data=00000021?
[    3.193816] baikal_pcie 0000:00:14.4: bpcie_msi_write_msg(fee01000, 00000021) mask=0x0 irq=18 hwirq=0x8 (____ptrval____)?
[    3.194789] baikal_pcie 0000:00:14.4: bpcie_config_msi: func=4 subfunc=8 addr=fee01000 data=00000021?
[    3.194789] baikal_pcie 0000:00:14.4: bpcie_msi_write_msg(fee01000, 00000021) mask=0x0 irq=18 hwirq=0x8 (____ptrval____)?
[    3.194789] baikal_pcie 0000:00:14.4: bpcie_config_msi: func=4 subfunc=8 addr=fee01000 data=00000021?
[    3.234601] baikal_pcie 0000:00:14.4: bpcie_msi_write_msg(fee02000, 00000021) mask=0x0 irq=19 hwirq=0x9 (____ptrval____)?
[    3.235584] baikal_pcie 0000:00:14.4: bpcie_config_msi: func=4 subfunc=9 addr=fee02000 data=00000021?
[    3.235584] baikal_pcie 0000:00:14.4: bpcie_msi_write_msg(fee02000, 00000021) mask=0x0 irq=19 hwirq=0x9 (____ptrval____)?
[    3.235584] baikal_pcie 0000:00:14.4: bpcie_config_msi: func=4 subfunc=9 addr=fee02000 data=00000021?
[    3.275390] baikal_pcie 0000:00:14.4: bpcie_msi_write_msg(fee03000, 00000021) mask=0x0 irq=20 hwirq=0xa (____ptrval____)?
[    3.276375] baikal_pcie 0000:00:14.4: bpcie_config_msi: func=4 subfunc=10 addr=fee03000 data=00000021?
[    3.276375] baikal_pcie 0000:00:14.4: bpcie_msi_write_msg(fee03000, 00000021) mask=0x0 irq=20 hwirq=0xa (____ptrval____)?
[    3.276375] baikal_pcie 0000:00:14.4: bpcie_config_msi: func=4 subfunc=10 addr=fee03000 data=00000021?
[    3.316358] baikal_pcie 0000:00:14.4: bpcie_msi_write_msg(fee04000, 00000021) mask=0x0 irq=21 hwirq=0xb (____ptrval____)?
[    3.317338] baikal_pcie 0000:00:14.4: bpcie_config_msi: func=4 subfunc=11 addr=fee04000 data=00000021?
[    3.317338] baikal_pcie 0000:00:14.4: bpcie_msi_write_msg(fee04000, 00000021) mask=0x0 irq=21 hwirq=0xb (____ptrval____)?
[    3.317338] baikal_pcie 0000:00:14.4: bpcie_config_msi: func=4 subfunc=11 addr=fee04000 data=00000021?
[    3.357320] baikal_pcie 0000:00:14.4: bpcie_msi_write_msg(fee05000, 00000021) mask=0x0 irq=22 hwirq=0xc (____ptrval____)?
[    3.358305] baikal_pcie 0000:00:14.4: bpcie_config_msi: func=4 subfunc=12 addr=fee05000 data=00000021?
[    3.358305] baikal_pcie 0000:00:14.4: bpcie_msi_write_msg(fee05000, 00000021) mask=0x0 irq=22 hwirq=0xc (____ptrval____)?
[    3.358305] baikal_pcie 0000:00:14.4: bpcie_config_msi: func=4 subfunc=12 addr=fee05000 data=00000021?
[    3.398291] baikal_pcie 0000:00:14.4: bpcie_msi_write_msg(fee06000, 00000021) mask=0x0 irq=23 hwirq=0xd (____ptrval____)?
[    3.399272] baikal_pcie 0000:00:14.4: bpcie_config_msi: func=4 subfunc=13 addr=fee06000 data=00000021?
[    3.399272] baikal_pcie 0000:00:14.4: bpcie_msi_write_msg(fee06000, 00000021) mask=0x0 irq=23 hwirq=0xd (____ptrval____)?
[    3.399272] baikal_pcie 0000:00:14.4: bpcie_config_msi: func=4 subfunc=13 addr=fee06000 data=00000021?
[    3.439253] baikal_pcie 0000:00:14.4: bpcie_msi_write_msg(fee07000, 00000021) mask=0x0 irq=24 hwirq=0xe (____ptrval____)?
[    3.440238] baikal_pcie 0000:00:14.4: bpcie_config_msi: func=4 subfunc=14 addr=fee07000 data=00000021?
[    3.440238] baikal_pcie 0000:00:14.4: bpcie_msi_write_msg(fee07000, 00000021) mask=0x0 irq=24 hwirq=0xe (____ptrval____)?
[    3.440238] baikal_pcie 0000:00:14.4: bpcie_config_msi: func=4 subfunc=14 addr=fee07000 data=00000021?
[    3.480223] baikal_pcie 0000:00:14.4: bpcie_msi_write_msg(fee00000, 00000022) mask=0x0 irq=25 hwirq=0xf (____ptrval____)?
[    3.481203] baikal_pcie 0000:00:14.4: bpcie_config_msi: func=4 subfunc=15 addr=fee00000 data=00000022?
[    3.481203] baikal_pcie 0000:00:14.4: bpcie_msi_write_msg(fee00000, 00000022) mask=0x0 irq=25 hwirq=0xf (____ptrval____)?
[    3.481203] baikal_pcie 0000:00:14.4: bpcie_config_msi: func=4 subfunc=15 addr=fee00000 data=00000022?
[    3.521188] baikal_pcie 0000:00:14.4: bpcie_msi_write_msg(fee01000, 00000022) mask=0x0 irq=26 hwirq=0x10 (____ptrval____)?
[    3.522172] baikal_pcie 0000:00:14.4: bpcie_config_msi: func=4 subfunc=16 addr=fee01000 data=00000022?
[    3.522172] baikal_pcie 0000:00:14.4: bpcie_msi_write_msg(fee01000, 00000022) mask=0x0 irq=26 hwirq=0x10 (____ptrval____)?
[    3.522172] baikal_pcie 0000:00:14.4: bpcie_config_msi: func=4 subfunc=16 addr=fee01000 data=00000022?
[    3.562336] baikal_pcie 0000:00:14.4: bpcie_msi_write_msg(fee02000, 00000022) mask=0x0 irq=27 hwirq=0x11 (____ptrval____)?
[    3.563319] baikal_pcie 0000:00:14.4: bpcie_config_msi: func=4 subfunc=17 addr=fee02000 data=00000022?
[    3.563319] baikal_pcie 0000:00:14.4: bpcie_msi_write_msg(fee02000, 00000022) mask=0x0 irq=27 hwirq=0x11 (____ptrval____)?
[    3.563319] baikal_pcie 0000:00:14.4: bpcie_config_msi: func=4 subfunc=17 addr=fee02000 data=00000022?
[    3.603478] baikal_pcie 0000:00:14.4: bpcie_msi_write_msg(fee03000, 00000022) mask=0x0 irq=28 hwirq=0x12 (____ptrval____)?
[    3.604460] baikal_pcie 0000:00:14.4: bpcie_config_msi: func=4 subfunc=18 addr=fee03000 data=00000022?
[    3.604460] baikal_pcie 0000:00:14.4: bpcie_msi_write_msg(fee03000, 00000022) mask=0x0 irq=28 hwirq=0x12 (____ptrval____)?
[    3.604460] baikal_pcie 0000:00:14.4: bpcie_config_msi: func=4 subfunc=18 addr=fee03000 data=00000022?
[    3.644618] baikal_pcie 0000:00:14.4: bpcie_msi_write_msg(fee04000, 00000022) mask=0x0 irq=29 hwirq=0x13 (____ptrval____)?
[    3.645602] baikal_pcie 0000:00:14.4: bpcie_config_msi: func=4 subfunc=19 addr=fee04000 data=00000022?
[    3.645602] baikal_pcie 0000:00:14.4: bpcie_msi_write_msg(fee04000, 00000022) mask=0x0 irq=29 hwirq=0x13 (____ptrval____)?
[    3.645602] baikal_pcie 0000:00:14.4: bpcie_config_msi: func=4 subfunc=19 addr=fee04000 data=00000022?
[    3.685774] baikal_pcie 0000:00:14.4: bpcie_msi_write_msg(fee05000, 00000022) mask=0x0 irq=30 hwirq=0x14 (____ptrval____)?
[    3.686758] baikal_pcie 0000:00:14.4: bpcie_config_msi: func=4 subfunc=20 addr=fee05000 data=00000022?
[    3.686758] baikal_pcie 0000:00:14.4: bpcie_msi_write_msg(fee05000, 00000022) mask=0x0 irq=30 hwirq=0x14 (____ptrval____)?
[    3.686758] baikal_pcie 0000:00:14.4: bpcie_config_msi: func=4 subfunc=20 addr=fee05000 data=00000022?
[    3.726922] baikal_pcie 0000:00:14.4: bpcie_msi_write_msg(fee06000, 00000022) mask=0x0 irq=31 hwirq=0x15 (____ptrval____)?
[    3.727900] baikal_pcie 0000:00:14.4: bpcie_config_msi: func=4 subfunc=21 addr=fee06000 data=00000022?
[    3.727900] baikal_pcie 0000:00:14.4: bpcie_msi_write_msg(fee06000, 00000022) mask=0x0 irq=31 hwirq=0x15 (____ptrval____)?
[    3.727900] baikal_pcie 0000:00:14.4: bpcie_config_msi: func=4 subfunc=21 addr=fee06000 data=00000022?
[    3.768068] baikal_pcie 0000:00:14.4: bpcie_msi_write_msg(fee07000, 00000022) mask=0x0 irq=32 hwirq=0x16 (____ptrval____)?
[    3.769048] baikal_pcie 0000:00:14.4: bpcie_config_msi: func=4 subfunc=22 addr=fee07000 data=00000022?
[    3.769048] baikal_pcie 0000:00:14.4: bpcie_msi_write_msg(fee07000, 00000022) mask=0x0 irq=32 hwirq=0x16 (____ptrval____)?
[    3.769048] baikal_pcie 0000:00:14.4: bpcie_config_msi: func=4 subfunc=22 addr=fee07000 data=00000022?
[    3.809207] baikal_pcie 0000:00:14.4: bpcie_msi_write_msg(fee00000, 00000023) mask=0x0 irq=33 hwirq=0x17 (____ptrval____)?
[    3.810190] baikal_pcie 0000:00:14.4: bpcie_config_msi: func=4 subfunc=23 addr=fee00000 data=00000023?
[    3.810190] baikal_pcie 0000:00:14.4: bpcie_msi_write_msg(fee00000, 00000023) mask=0x0 irq=33 hwirq=0x17 (____ptrval____)?
[    3.810190] baikal_pcie 0000:00:14.4: bpcie_config_msi: func=4 subfunc=23 addr=fee00000 data=00000023?
[    3.850348] baikal_pcie 0000:00:14.4: bpcie_msi_write_msg(fee01000, 00000023) mask=0x0 irq=34 hwirq=0x18 (____ptrval____)?
[    3.851333] baikal_pcie 0000:00:14.4: bpcie_config_msi: func=4 subfunc=24 addr=fee01000 data=00000023?
[    3.851333] baikal_pcie 0000:00:14.4: bpcie_msi_write_msg(fee01000, 00000023) mask=0x0 irq=34 hwirq=0x18 (____ptrval____)?
[    3.851333] baikal_pcie 0000:00:14.4: bpcie_config_msi: func=4 subfunc=24 addr=fee01000 data=00000023?
[    3.891490] baikal_pcie 0000:00:14.4: bpcie_msi_write_msg(fee02000, 00000023) mask=0x0 irq=35 hwirq=0x19 (____ptrval____)?
[    3.892471] baikal_pcie 0000:00:14.4: bpcie_config_msi: func=4 subfunc=25 addr=fee02000 data=00000023?
[    3.892471] baikal_pcie 0000:00:14.4: bpcie_msi_write_msg(fee02000, 00000023) mask=0x0 irq=35 hwirq=0x19 (____ptrval____)?
[    3.892471] baikal_pcie 0000:00:14.4: bpcie_config_msi: func=4 subfunc=25 addr=fee02000 data=00000023?
[    3.932627] baikal_pcie 0000:00:14.4: bpcie_msi_write_msg(fee03000, 00000023) mask=0x0 irq=36 hwirq=0x1a (____ptrval____)?
[    3.933611] baikal_pcie 0000:00:14.4: bpcie_config_msi: func=4 subfunc=26 addr=fee03000 data=00000023?
[    3.933611] baikal_pcie 0000:00:14.4: bpcie_msi_write_msg(fee03000, 00000023) mask=0x0 irq=36 hwirq=0x1a (____ptrval____)?
[    3.933611] baikal_pcie 0000:00:14.4: bpcie_config_msi: func=4 subfunc=26 addr=fee03000 data=00000023?
[    3.973773] baikal_pcie 0000:00:14.4: bpcie_msi_write_msg(fee04000, 00000023) mask=0x0 irq=37 hwirq=0x1b (____ptrval____)?
[    3.974754] baikal_pcie 0000:00:14.4: bpcie_config_msi: func=4 subfunc=27 addr=fee04000 data=00000023?
[    3.974754] baikal_pcie 0000:00:14.4: bpcie_msi_write_msg(fee04000, 00000023) mask=0x0 irq=37 hwirq=0x1b (____ptrval____)?
[    3.974754] baikal_pcie 0000:00:14.4: bpcie_config_msi: func=4 subfunc=27 addr=fee04000 data=00000023?
[    4.014913] baikal_pcie 0000:00:14.4: bpcie_msi_write_msg(fee05000, 00000023) mask=0x0 irq=38 hwirq=0x1c (____ptrval____)?
[    4.015897] baikal_pcie 0000:00:14.4: bpcie_config_msi: func=4 subfunc=28 addr=fee05000 data=00000023?
[    4.015897] baikal_pcie 0000:00:14.4: bpcie_msi_write_msg(fee05000, 00000023) mask=0x0 irq=38 hwirq=0x1c (____ptrval____)?
[    4.015897] baikal_pcie 0000:00:14.4: bpcie_config_msi: func=4 subfunc=28 addr=fee05000 data=00000023?
[    4.056055] baikal_pcie 0000:00:14.4: bpcie_msi_write_msg(fee06000, 00000023) mask=0x0 irq=39 hwirq=0x1d (____ptrval____)?
[    4.057035] baikal_pcie 0000:00:14.4: bpcie_config_msi: func=4 subfunc=29 addr=fee06000 data=00000023?
[    4.057035] baikal_pcie 0000:00:14.4: bpcie_msi_write_msg(fee06000, 00000023) mask=0x0 irq=39 hwirq=0x1d (____ptrval____)?
[    4.057035] baikal_pcie 0000:00:14.4: bpcie_config_msi: func=4 subfunc=29 addr=fee06000 data=00000023?
[    4.097198] baikal_pcie 0000:00:14.4: bpcie_msi_write_msg(fee07000, 00000023) mask=0x0 irq=40 hwirq=0x1e (____ptrval____)?
[    4.098182] baikal_pcie 0000:00:14.4: bpcie_config_msi: func=4 subfunc=30 addr=fee07000 data=00000023?
[    4.098182] baikal_pcie 0000:00:14.4: bpcie_msi_write_msg(fee07000, 00000023) mask=0x0 irq=40 hwirq=0x1e (____ptrval____)?
[    4.098182] baikal_pcie 0000:00:14.4: bpcie_config_msi: func=4 subfunc=30 addr=fee07000 data=00000023?
[    4.138337] baikal_pcie 0000:00:14.4: bpcie_msi_write_msg(fee00000, 00000024) mask=0x0 irq=41 hwirq=0x1f (____ptrval____)?
[    4.139321] baikal_pcie 0000:00:14.4: bpcie_config_msi: func=4 subfunc=31 addr=fee00000 data=00000024?
[    4.139321] baikal_pcie 0000:00:14.4: bpcie_msi_write_msg(fee00000, 00000024) mask=0x0 irq=41 hwirq=0x1f (____ptrval____)?
[    4.139321] baikal_pcie 0000:00:14.4: bpcie_config_msi: func=4 subfunc=31 addr=fee00000 data=00000024?
[    4.179481] bpcie_icc_init: shotgun-registered ICC at 32 additional virqs (0..63)?
[    4.187115] baikal_pcie 0000:00:14.4: icc init-diag: ICC virq=13 STATUS=0x0 IRQ_MASK=0x3 DOORBELL_off=0x108004 STATUS_off=0x108014?
[    4.199114] i2c i2c-0: adapter [icc] registered?
[    4.203857] icc_interrupt: irq=35 entry status=0x2?
[    4.204688] icc_interrupt: irq=0 entry status=0x2?
[    4.232081] icc_interrupt: irq=35 entry status=0x1?
[    4.232701] icc_interrupt: irq=0 entry status=0x1?
[    4.241761] Turn ON BT/WLAN: ret=20, reply 00 00 00 00?
[    4.241884] icc_interrupt: irq=35 entry status=0x2?
[    4.242680] icc_interrupt: irq=0 entry status=0x2?
[    4.256797] usb0 status: ret=20, reply 00 00 01 00?
[    4.256801] USB is already turned ON!?
[    4.261755] input: Power Button as /devices/pci0000:00/0000:00:14.4/input/input0?
[    4.273163] icc_interrupt: irq=35 entry status=0x2?
[    4.273694] icc_interrupt: irq=0 entry status=0x2?
[    4.287094] icc_interrupt: irq=35 entry status=0x1?
[    4.287673] icc_interrupt: irq=0 entry status=0x1?
[    4.296773] icc: not ready?
[    4.299531] baikal_pcie 0000:00:14.4: icc_pwrbutton_init: Failed to enable reset notifications (-11)?
[    4.327663] ret=46, reply 00 00 03 00 00 00 15 00?
[    4.337660] ret=20, reply 00 00 01 02 10 00 00 00?
[    4.347678] ret=20, reply 00 00 00 00 00 00 00 00?
[    4.352588] wireguard: WireGuard 1.0.0 loaded. See www.wireguard.com for information.?
[    4.360572] wireguard: Copyright (C) 2015-2019 Jason A. Donenfeld <Jason@zx2c4.com>. All Rights Reserved.?
[    4.370830] sky2: driver version 1.30?
[    4.374635] ps4_mts 0000:00:14.1: Baikal MTS: BAR0=[mem 0xc2000000-0xc2000fff 64bit], mapped at (____ptrval____)?
[    4.385035] ps4_mts 0000:00:14.1: DMA rings: TX=0x000000000103e000 RX=0x000000000103f000 STATUS=0x0000000001040000 (each 4096 bytes)?
[    4.397189] bpcie_init_dev_msi_info: dev=0000:00:14.1 installed bpcie demuxer (sc=(____ptrval____))?
[    4.406445] bpcie_msi_init: virq=1 hwirq=0x0 domain=(____ptrval____) info=(____ptrval____) sc=(____ptrval____)?
[    4.416648] bpcie_msi_init: registered virq=1 irq_map[32]?
[    4.422155] ps4_mts 0000:00:14.1: bpcie_msi_write_msg(fee00000, 000000ef) mask=0x0 irq=1 hwirq=0x0 (____ptrval____)?
[    4.432803] baikal_pcie 0000:00:14.4: bpcie_config_msi: func=1 subfunc=0 addr=fee00000 data=000000ef?
[    4.442141] ps4_mts 0000:00:14.1: bpcie_msi_write_msg(fee01000, 00000024) mask=0x0 irq=1 hwirq=0x0 (____ptrval____)?
[    4.443110] baikal_pcie 0000:00:14.4: bpcie_config_msi: func=1 subfunc=0 addr=fee01000 data=00000024?
[    4.443110] ps4_mts 0000:00:14.1: bpcie_msi_write_msg(fee01000, 00000024) mask=0x0 irq=1 hwirq=0x0 (____ptrval____)?
[    4.443110] baikal_pcie 0000:00:14.4: bpcie_config_msi: func=1 subfunc=0 addr=fee01000 data=00000024?
[    4.482073] ps4_mts 0000:00:14.1: registered ISR on IRQ 1 (MSI)?
?