[SceShellCore] VM Stats: RSS 784.5, kernel 263.9, wire count 322.2, swap out 0.0, page table CPU 2369/6144 GPU 366/2048?
[SceShellCore] FMEM   1.3/   4.5 NPXS20977 SceSysAvControl.elf?
[SceShellCore] FMEM  10.8/  76.3 NPXS20991 SceSysCore.elf?
[SceShellCore] FMEM   9.3/  54.3 NPXS20973 orbis_audiod.elf?
[SceShellCore] FMEM   3.2/  11.2 NPXS20976 GnmCompositor.elf?
[SceShellCore] FMEM  29.0/ 344.8 NPXS20000 SceShellCore?
[SceShellCore] FMEM 354.8/ 872.8 NPXS20001 SceShellUI?
[SceShellCore] FMEM   3.5/   8.3 NPXS21003 SceAvCapture?
[SceShellCore] FMEM   8.8/  24.6 NPXS21000 SceGameLiveStreaming?
[SceShellCore] FMEM  14.2/  43.5 NPXS21002 ScePartyDaemon?
[SceShellCore] FMEM   4.3/  25.4 NPXS21004 SceVideoCoreServer?
[SceShellCore] FMEM  11.0/  51.3 NPXS21006 SceRemotePlay?
[SceShellCore] FMEM   8.1/  37.0 NPXS21010 SceCloudClientDaemon?
[SceShellCore] FMEM   3.3/  10.8 NPXS21016 SceSpZeroConf?
[SceShellCore] FMEM   8.5/ 156.0 NPXS21002 webrtc_daemon.self?
[SceShellCore] FMEM   6.9/  18.1 NPXS21019 SceSocialScreenMgr?
[SceShellCore] FMEM   5.0/   9.8 NPXS21007 SceMusicCoreServer?
[SceShellCore] FMEM   7.1/  14.4 NPXS21020 SceVoiceAndAgent?
[SceShellCore] FMEM   2.1/   5.1 NPXS20967 fs_cleaner.elf?
[SceShellCore] FMEM   2.0/  10.2 NPXS20974 SceVdecProxy.elf?
[SceShellCore] FMEM   2.0/  10.3 NPXS20975 SceVencProxy.elf?
[SceShellCore] FMEM  47.7/ 284.9 NPXS20001 SecureUIProcess.self?
[SceShellCore] FMEM 162.8/ 595.1 NPXS20001 SecureWebProcess.self?
[SceShellCore] FMEM  78.8/ 358.8 NPXS20001 orbis-jsc-compiler.self?
ugen0.5: <Kingston, DataTraveler 3.0, E0D55EA573F0194049CD0236>(VID=0x0951 PID=0x1666 depth=1 port=4 speed=4) at usbus0?
umass1: <Kingston DataTraveler 3.0, class 0/0, rev 3.20/1.10, addr 4> on usbus0?
umass1: sim_unit:0x00000001 device_unit:0x00000001?
umass1:  SCSI over Bulk-Only; quirks = 0x0000?
umass1:3:1:-1: Attached to scbus3?
(probe0:umass-sim1:1:0:0): REPORT LUNS. CDB: a0 0 0 0 0 0 0 0 0 10 0 0 ?
(probe0:umass-sim1:1:0:0): CAM status: SCSI Status Error?
(probe0:umass-sim1:1:0:0): SCSI status: Check Condition?
(probe0:umass-sim1:1:0:0): SCSI sense: ILLEGAL REQUEST asc:20,0 (Invalid command operation code)?
da1 at umass-sim1 bus 1 scbus3 target 0 lun 0?
da1: <Kingston DataTraveler 3.0 0000> Removable Direct Access SCSI-6 device ?
da1: 400.000MB/s transfers?
da1: 118240MB (242155520 512 byte sectors: 255H 63S/T 15073C)?
?
DBG AutoMounter(checkSpecAndHub 494):?
	device(/dev/da1) is SUPER_SPEED.?
DBG AutoMounter(checkSpecAndHub 504):?
	deviceFilePath[/dev/da1] is connected to the USB port in general?
WARNING AutoMounter(bool AutoMounter::DevctlReader::UsbStartupHandler::isStartUp() 76):?
	fake implementation.?
MSG AutoMounter(void AutoMount::PsmEventNotifier::callback_connection(void **) 360):?
	Notify PsmEvent OnUsbStorageInserted?
MSG AutoMounter(int32_t AutoMounter::Util::checkFsFormat(const char *, uint32_t *) 888):?
	device(/dev/da1) has unknown format(0).?
MSG AutoMounter(int32_t _AutoMounter::UsbHandler::(anonymous namespace)::_mountFileSystem(std::string, bool, std::string &, uint32_t *, uint64_t *, uint64_t *, uint64_t *) 542):?
	/dev/da1 has unknown format.?
MSG AutoMounter(int32_t _AutoMounter::UsbHandler::requestMount(const char *, bool) 763): _mountFileSystem(deviceFilePath, false, mountPoint, &fsFormatType, &space, &freeSpace, &availableSpace) returned 0x80f4001c.?
MSG AutoMounter(int32_t _AutoMounter::UsbHandler::(anonymous namespace)::_acquireEncryptDevice(std::string, uint32_t *, uint32_t *, std::string &, uint64_t *) 592):?
	device(/dev/da1) is not qualified for encrypt device. ng_capability(0x2)?
verify_metadata: sceSblExternalHDDVerifyMetadata(0) failed 800f0435?
MSG AutoMounter(int32_t _AutoMounter::UsbHandler::(anonymous namespace)::checkEncryption(std::string, bool *) 347):?
	sceFsExternalStorageVerifyMetadata(/dev/da1) returned 0x80020050. device is not encrypted.?
MSG AutoMounter(int32_t _AutoMounter::UsbHandler::requestMount(const char *, bool) 795): _acquireEncryptDevice(deviceFilePath, &encryptDeviceFormat, &encryptDeviceStatus, encryptDeviceFilePath, &encryptDeviceId) returned 0x80f4001a.?
DBG AutoMounter(notifyMount 435):?
	eventArg.additionalFeatures[0x2000].?
MSG AutoMounter(int32_t AutoMounter::DevctlReader::handleCreateUsbDevice(const char *) 174): AutoMounter::UsbHandler::requestMount(deviceFilePath.c_str(), true) returned 0x80f4001a.?
MSG AutoMounter(void AutoMount::PsmEventNotifier::callback_mount(void **) 270):?
	Notify PsmEvent OnUsbStorageMounted?
?
DBG AutoMounter(checkSpecAndHub 494):?
	device(/dev/da1) is SUPER_SPEED.?
DBG AutoMounter(checkSpecAndHub 504):?
	deviceFilePath[/dev/da1] is connected to the USB port in general?
WARNING AutoMounter(bool AutoMounter::DevctlReader::UsbStartupHandler::isStartUp() 76):?
	fake implementation.?
MSG AutoMounter(void AutoMount::PsmEventNotifier::callback_connection(void **) 360):?
	Notify PsmEvent OnUsbStorageInserted?
MSG AutoMounter(int32_t _AutoMounter::UsbHandler::(anonymous namespace)::tryExfatMount(std::string, bool, std::string &, uint64_t *, uint64_t *, uint64_t *) 129):?
	device(/dev/da1p1) is mounted to /mnt/usb0 with exfat.?
DBG AutoMounter(notifyMount 435):?
	eventArg.additionalFeatures[0x2040].?
MSG AutoMounter(void AutoMount::PsmEventNotifier::callback_mount(void **) 270):?
	Notify PsmEvent OnUsbStorageMounted?
callbackUsbStorageMountInternal()[374]: [MediaEvent] callbackUsbStorageMountInternal() devNum=0?
callbackUsbStorageMountInternal()[377]: [MediaEvent] callbackUsbStorageMountInternal() locked.?
MSG AutoMounterMelUtil(void sceAutomounterMelUtil::callbackMountAll(void **) 279):?
		device(/dev/da1p1): exfat(mediaType=0x1001) is mounted at /mnt/usb0.?
MSG AutoMounterWrapper(void callbackUsbMount(SceUsbStorageEventDatas *, void *) 102):?
	DeviceId=0x2501bd88?
?
[SceLncUtil] blockAppSuspend: name={SceSaveData}, appId={0x60000100}, refCount={1}?
[SceLncUtil] unblockAppSuspend: name={SceSaveData}, appId={0x60000100}, refCount={0}?
D/88391:?
D/88391:AZIF00003?
[UIProcess] malloc stats freeSize:38827296 (93%) inuseSize:3115744 peakSize:4081152 [pid:0x3a]?
DBG AutoMounter(checkSpecAndHub 494):?
	device(/dev/da1) is SUPER_SPEED.?
DBG AutoMounter(checkSpecAndHub 504):?
	deviceFilePath[/dev/da1] is connected to the USB port in general?
WARNING AutoMounter(bool AutoMounter::DevctlReader::UsbStartupHandler::isStartUp() 76):?
	fake implementation.?
MSG AutoMounter(void AutoMount::PsmEventNotifier::callback_connection(void **) 360):?
	Notify PsmEvent OnUsbStorageInserted?
MSG AutoMounter(int32_t AutoMounter::Util::checkFsFormat(const char *, uint32_t *) 888):?
	device(/dev/da1p2) has unknown format(0).?
MSG AutoMounter(int32_t _AutoMounter::UsbHandler::(anonymous namespace)::_mountFileSystem(std::string, bool, std::string &, uint32_t *, uint64_t *, uint64_t *, uint64_t *) 542):?
	/dev/da1p2 has unknown format.?
MSG AutoMounter(int32_t _AutoMounter::UsbHandler::requestMount(const char *, bool) 763): _mountFileSystem(deviceFilePath, false, mountPoint, &fsFormatType, &space, &freeSpace, &availableSpace) returned 0x80f4001c.?
MSG AutoMounter(int32_t _AutoMounter::UsbHandler::(anonymous namespace)::_acquireEncryptDevice(std::string, uint32_t *, uint32_t *, std::string &, uint64_t *) 592):?
	device(/dev/da1p2) is not qualified for encrypt device. ng_capability(0x12)?
verify_metadata: sceSblExternalHDDVerifyMetadata(0) failed 800f0435?
MSG AutoMounter(int32_t _AutoMounter::UsbHandler::(anonymous namespace)::checkEncryption(std::string, bool *) 347):?
	sceFsExternalStorageVerifyMetadata(/dev/da1p2) returned 0x80020050. device is not encrypted.?
MSG AutoMounter(int32_t _AutoMounter::UsbHandler::requestMount(const char *, bool) 795): _acquireEncryptDevice(deviceFilePath, &encryptDeviceFormat, &encryptDeviceStatus, encryptDeviceFilePath, &encryptDeviceId) returned 0x80f4001a.?
DBG AutoMounter(notifyMount 435):?
	eventArg.additionalFeatures[0x2000].?
MSG AutoMounter(int32_t AutoMounter::DevctlReader::handleCreateUsbDevice(const char *) 174): AutoMounter::UsbHandler::requestMount(deviceFilePath.c_str(), true) returned 0x80f4001a.?
MSG AutoMounter(void AutoMount::PsmEventNotifier::callback_mount(void **) 270):?
	Notify PsmEvent OnUsbStorageMounted?
D/88391:?
D/88391:NPXS20123?
[SceShellUI] I/PSM.UI : ----- WebView Created AC CanvasTexture2D -----2 (1920:1080)?
D/88391:?
D/88391:AZIF00003?
[SceShellCore] Libc Heap Status: free 37%, in-use 3823.6 KB, trend +11.5 KB/min, peak 4236.7 KB, when 195 [sec]?
[SceLncService] launchApp(AZIF00003)?
[SceLncService] category={gde} VRMode={0,0}?
[SceLncService] hnm,psnf,pc,tk,ns={0,0,0,0,0} appBootMode={0}?
[SceLncService] appType={SCE_LNC_APP_TYPE_MINI_APP} [] appVer={0.98}?
[SceLncService] mem_mode = {NORMAL}?
[SceLncService] Num. of logged-in users is 1?
[SceLncService] PrepareProcessLaunchDirCheck()?
[SceLncService] PrepareProcessLaunchDirCheck() returned?
[SceSystemStateMgr] Power Mode Change: FULL_GAME?
[ScePatchChecker] (*) check (title_id='AZIF00003', app_version='0.98', check_option=0): status=0, trigger=1 userId=0xffffffff return 0x80412883?
[SceSystemStateMgr] CPU  HLT CP SE CU ACLK DCLK ECLK LCLK SCLK SAMCLK VCLK DispCLK NCLK MemCLK MemP GMC DPM VDD      VDDNB    SOC      ?
[SceSystemStateMgr] 1600   0 NA  0 18  800  673  609  800  800    711  711     673 1400   1375   NA  NA   3 05b/975  05d/956  00710fa0?
[SceLncService] PrepareProcessLaunchDir()?
[SceShellUI] I/PSM.UI : OnFocusActiveSceneChanged [ContentAreaScene : ContentAreaScene] -> [SplashScreen : SplashScreenScene]?
[SceShellUI] I/PSM.UI :      Scene [SplashScreen : SplashScreenScene] : Alive?
SetDeviceIndexBehavior: mode=MergeAllConnectedDevice, param=null?
[Theme/I] : ActiveUserChanged : From : [BLUE(userId = 1ab07dc7)]?
[Theme/I] : ActiveUserChanged : To   : [ANONYMOUS(userId = ffffffff)]?
[Theme/I] : Apply [ANONYMOUS] : [Option:101000]: with not preloaded user?
[ScePatchChecker] check (title_id='AZIF00003', app_version='0.98', check_option=0): status=0, dl_status=0, trigger=1 userId=0xffffffff return 0x80412883?
[BGFT] [571] GameStartBoot(AZIF00003, 7) start?
[BGFT] [573] GameStartBoot(AZIF00003, 7) end?
[PFS] mount [0x00002868b7d14cb0] finished 1 1 1 1 0 1 1?
[PFS] mount [0x000028688bbd3f13] finished 1 0 0 1 0 1 1?
[BGFT] [606] GameWillStart(AZIF00003, 7) start?
[BGFT] [608] GameWillStart(AZIF00003, 7) end?
[SceLncService] PrepareProcessLaunchDir() returned?
[SceLncService] spawnApp?
[Syscore App] createApp AZIF00003?
[Sy[score App]  ExpandCpuSetMode : disable?
[Syscore App] processSpawn(pid, 0x6000110c, 0x1110c160, appParam, processParam, 1, 1, 1, param, debug, 0)?
[Syscore App] appParam: appType = 0x1, rootPath = /mnt/sandbox/AZIF00003_000, titleId = AZIF00003?
[Syscore App] processParam: elfPath = /app0/eboot.bin, fullPath = /mnt/sandbox/pfsmnt/AZIF00003-app0-patch0-union/eboot.bin?
[Syscore App] new pid=0x4c[Syscore App] attributeExe= 0?
[Syscore App] Ready to exec?
[Syscore App] wait for NOTE_EXIT|NOTE_EXEC?
KERNEL] dmem_start_app_process pid: 76, map=0xffffd53b07d31da0, app_maps_count[1], 0 -> 1?
[Syscore App] Add event : pid=0xm4c?
[AppMgr Trace]: New Process, pid=0x4c, created.?
[AppMgr Trace]: New App, appId=0x6000110c, created?
[Syscore App]  ExpandCpuSetMode : disable?
DBG: Process 76 untraced!?
<76> EXEC /app0/eboot.bin [system], vm#0, dmem#0  <210203 msec>?
[AppDb] openDb()[1063]: [File:Open] openDb() call dbutil::Connection::Open() path[/k4uaZZtvtD/priv/mms/app.db] flags[0x10000002] result[0x0, 0]?
[AppDb] AppInfoDbInitializeDaemon()[54]: [File:Open] AppInfoDbInitializeDaemon() call DbAccessor::Init() path[/k4uaZZtvtD/priv/mms/app.db] result[0x0, 0].?
[AppDb] AppInfoDbTerminateDaemon()[67]: [File:Close] AppInfoDbTerminateDaemon() call DbAccessor::Terminate().?
[AppDb] Terminate()[768]: [File:Close] DbAccessor::Terminate() call dbutil::Connection::Close().?
[GoldHEN] <Plugins Loader> Started successfully?
[GoldHEN] <Plugins Loader> Config parser failed to parse config: /data/GoldHEN/plugins.ini?
[SL] AppFocusChanged [NPXS20001] -> [AZIF00003]?
[VCS]checkFocusStatus() [LNC->VCS] Focus Change. appType = 4(MINI_APP). appId = 0x6000110c.?
(../game_patch/source/main.cpp:354) [GoldHEN] <game_patch\Ver.0x00000110> module_start?
(../game_patch/source/main.cpp:355) [GoldHEN] Plugin Author(s): illusion?
(../game_patch/source/main.cpp:356) Commit: caacf01174654235459d48ab9d0b9e00a588b300 Branch: main Build: 188 (Release)?
(../game_patch/source/main.cpp:356) Built: May 27 2023 @ 04:49:25?
(../game_patch/source/main.cpp:356) GoldHEN SDK Ver: 0x00000100?
(../game_patch/source/main.cpp:356) GoldHEN System SDK Ver: 0xffffffff?
(../game_patch/source/main.cpp:324) numModules: 5?
(../game_patch/source/main.cpp:328) ret 0x0?
(../game_patch/source/main.cpp:329) module 0?
(../game_patch/source/main.cpp:330) name: eboot.bin?
(../game_patch/source/main.cpp:331) start: 0x400000?
(../game_patch/source/main.cpp:332) size: 49152 (0xc000)?
(../game_patch/source/main.cpp:365) Module start: 0x400000 0xc000?
(../game_patch/source/main.cpp:371) process info?
(../game_patch/source/main.cpp:371) pid: 76?
(../game_patch/source/main.cpp:371) name: eboot.bin?
(../game_patch/source/main.c?pp:371) path: /app0/eboot.bin?
(../game_patch/source/main.cpp:371) titleid: AZIF00003?
(../game_patch/source/main.cpp:371) contentid: IV0000-AZIF00003_00-PAYLOADGUEST0000?
(../game_patch/source/main.cpp:371) version: 0.98?
(../game_patch/source/main.cpp:371) base_address: 0x400000?
(../game_patch/source/main.cpp:130) file /data/GoldHEN/patches/xml/AZIF00003.xml not found?
[32m[Info ] src/ChainLauncher.c:22: Loading "/app0/guest.elf"?[0m?
[SceLncService] tryLockSuspendBl[ock: appId={0x6000110c}?
[Syscore App] Kill for LoadExec(0x4c)?
KERNEL] dmem_handle_vmspace_exited pid: 76, ptype=1, 0xffffd53b07d31da0->pt_loaded is TRUE?
[KERNEL] dmem_handle_vmspace_exited map #0 0xffffd53b07d31da0?
[KERNEL] dmem_handle_vmspace_exited pid: 76, app_maps_count[1], 1 -> 0?
[Syscore App] EVFILT_PROC NOTE_EXIT received : pid=0x4c?
[Syscore App] Kill for LoadExec(0x4c) => 0?
[Syscore App] process delete event : pid=0x4c?
[AppMgr Trace]: pid=0x4c, deleted.?
[Syscore App] Syscore Event Queue Push : SCE_SYSCORE_EVENT_ON_PROCESS_UNLOADED?
[AppMgr] All processes exited, ready for next spawn?
[AppMgr] Executing next spawn?
[Syscore App]  ExpandCpuSetMode : disable?
[Syscore App] Syscore Event Queue Pop : SCE_SYSCORE_EVENT_ON_PROCESS_UNLOADED?
[Syscore App] processSpawn(pid, 0x6000110c, 0x1110c170, appParam, processParam, 1, 1, 1, param, debug, 1)?
[Syscore App] appParam: appType = 0x1, rootPath = /mnt/sandbox/AZIF00003_000, titleId = AZIF00003?
[Syscore App] processParam: elfPath = /app0/guest.elf, fullPath = /mnt/sandbox/pfsmnt/AZIF00003-app0-patch0-union/eboot.bin?
[Syscore App] new pid=0x4d[Syscore App] attributeExe= 0?
[Syscore App] Ready to exec?
[Syscore App] wait for NOTE_EXIT|NOTE_EXEC?
[KERNEL] dmem_start_app_process pid: 77, map=0xffffd53b07d31b28, app_maps_count[1], 0 -> 1?
[Syscore App] Add event : pid=0xm4d?
[SceLncService] unlockSuspendBlock: appId={0x6000110c}?
DBG: Process 77 untraced!?
<77> EXEC /app0/guest.elf [system], vm#0, dmem#0  <210732 msec>?
[GoldHEN] <Plugins Loader> Started successfully?
[GoldHEN] <Plugins Loader> Config parser failed to parse config: /data/GoldHEN/plugins.ini?
(../game_patch/source/main.cpp:354) [GoldHEN] <game_patch\Ver.0x00000110> module_start?
(../game_patch/source/main.cpp:355) [GoldHEN] Plugin Author(s): illusion?
(../game_patch/source/main.cpp:356) Commit: caacf01174654235459d48ab9d0b9e00a588b300 Branch: main Build: 188 (Release)?
(../game_patch/source/mai?n.cpp:356) Built: May 27 2023 @ 04:49:25?
(../game_patch/source/main.cpp:356) GoldHEN SDK Ver: 0x00000100?
(../game_patch/source/main.cpp:356) GoldHEN System SDK Ver: 0xffffffff?
(../game_patch/source/main.cpp:324) numModules: 5?
(../game_patch/source/main.cpp:328) ret 0x0?
(../game_patch/source/main.cpp:329) module 0?
(../game_patch/source/main.cpp:330) name: guest.elf?
(../game_patch/source/main.cpp:331) start: 0x400000?
(../game_patch/source/main.cpp:332) size: 851968 (0xd0000)?
(../game_patch/source/main.cpp:365) Module start: 0x400000 0xd0000?
(../game_patch/source/main.cpp:371) process info?
(../game_patch/source/main.cpp:371) pid: 77?
(../game_patch/source/main.cpp:371) name: guest.elf?
(../game_patch/source/main.cpp:371) path: /app0/guest.elf?
(../game_patch/source/main.cpp:371) titleid: AZIF00003?
(../game_patch/source/main.cpp:371) contentid: IV0000-AZIF00003_00-PAYLOADGUEST0000?
(../game_patch/source/main.cpp:371) version: 0.98?
(../game_patch/source/main.cpp:371) base_address: 0x400000?
(../game_patch/source/main.cpp:130) file /data/GoldHEN/patches/xml/AZIF00003.xml not found?
error: 0x80020002**** Base Mode ****?
[36m[Debug] src/App.cpp:29: Initialize Language...?[0m?
?[36m[Debug] src/App.cpp:31: Initialize Controller...?[0m?
[mbus] onNewClie?nt. clientNum 10 over 8?
[36m[Debug] src/App.cpp:33: Initialize Graphics...?[0m?
?[36m[Debug] src/Graphics.cpp:89: Handle is 1309737216 (0x4e110100)?[0m?
?[36m[Debug] src/Graphics.cpp:181: DirectMemOff: 0x200000?[0m?
?[36m[Debug] src/Graphics.cpp:182: DirectMemAllocationSize: 0xc000000?[0m?
?[36m[Debug] src/Graphics.cpp:183: alignment: 2097152 (0x00200000)?[0m?
?[36m[Debug] src/Graphics.cpp:188: VideoMem: 0x200200000?[0m?
?[36m[Debug] src/Graphics.cpp:109: Allocating framebuffer...?[0m?
?[36m[Debug] src/Graphics.cpp:237: handle: 1309737216 (0x4e110100)?[0m?
?[36m[Debug] src/Graphics.cpp:239: flipArgLog: 0x2000041a0?[0m?
?[36m[Debug] src/Graphics.cpp:240: FrameBuffers: 0x2000042c0?[0m?
?[36m[Debug] src/Graphics.cpp:255: sceVideoOutRegisterBuffers: 0x00000000?[0m?
?[36m[Debug] src/App.cpp:35: Initialize Resource...?[0m?
?[36m[Debug] src/Graphics.cpp:627: Loading PNG...?[0m?
?[36m[Debug] src/Graphics.cpp:637: PNG Loaded!?[0m?
?[36m[Debug] src/Graphics.cpp:627: Loading PNG...?[0m?
?[36m[Debug] src/Graphics.cpp:637: PNG Loaded!?[0m?
?[36m[Debug] src/Graphics.cpp:627: Loading PNG...?[0m?
?[36m[Debug] src/Graphics.cpp:637: PNG Loaded!?[0m?
?[36m[Debug] src/Graphics.cpp:627: Loading PNG...?[0m?
?[36m[Debug] src/Graphics.cpp:637: PNG Loaded!?[0m?
?[36m[Debug] src/Graphics.cpp:627: Loading PNG...?[0m?
?[36m[Debug] src/Graphics.cpp:637: PNG Loaded!?[0m?
?[36m[Debug] src/Graphics.cpp:627: Loading PNG...?[0m?
?[36m[Debug] src/Graphics.cpp:637: PNG Loaded!?[0m?
?[36m[Debug] src/Graphics.cpp:627: Loading PNG...?[0m?
?[36m[Debug] src/Graphics.cpp:637: PNG Loaded!?[0m?
?[36m[Debug] src/App.cpp:43: Initialize the Main View...?[0m?
?[36m[Debug] src/PayloadsView.cpp:186: GeneratePayloads is called!?[0m?
?[36m[Debug] src/PayloadsView.cpp:212: Cleanup payload list...?[0m?
?[36m[Debug] src/PayloadsView.cpp:206: GeneratePayloads: Refreshed?[0m?
?[36m[Debug] src/PayloadsView.cpp:252: PayloadsView: End of constructor?[0m?
?[36m[Debug] src/App.cpp:119: Application: RUN?[0m?
[SceShellUI] I/PSM.UI : OnFocusActiveSceneChanged [SplashScreen : SplashScreenScene] -> [AppScreen : ApplicationScreenScene]?
[SceShellUI] I/PSM.UI :      Scene [AppScreen : ApplicationScreenScene] : Alive?
SetDeviceIndexBehavior: mode=MergeAllConnectedDevice, param=null?
[Theme/I] : Apply [ANONYMOUS] : [Option:101000]: with not preloaded user?
[SceShellUI] I/PSM.UI : [NoDraw] : ClearFrameBuffer=False?
?[36m[Debug] src/PayloadsView.cpp:319: Loading: /data/payloads/linux-1024mb.bin?[0m?
[GoldHEN] <binloader> accepted a new payload?
[GoldHEN] <binloader> TCP Mode?
?[36m[[DGeobulg]dH srcE/PaN]y loa<dbisnView.lcppo:186: GeneratePadeaylroads is> c payalload relced!?[eive0dm? [
?[siz3e:6m[De 2bu83g84] 0src /- PayloabufdfseVire_swiz.cppe::2 29102: Cle8anup 1pay6l oad l- isipt..:.?[0m ?12
7.0.0?.1[]36?
m[D[ebug] sGroldHcE/PaNy]loa <dbsViienlw.cppo:20ad6: erG> enfoeurnad antdeP ayjaillboradoken st:a Refrrgeet prsocehsesd?[ 0[m?pi
d: 46]?
[GoldHEN] <binloader> launching payload... [format: BIN]?
[GoldHEN] <binloader> payload launched?
kernel_init()?
Kernel base = ffffffffc8bb8000?
Direct map base = ffffd53b00000000?
Testing global variable access (write protection)...?
OK.?
Kernel interface initialized?
Installing sys_kexec to system call #153?
kexec_init() successful?
?
sys_kexec invoked?
========================================?
PS4 Linux Payloads AIO?
FW 12.02 (1202)?
VRAM 1024 MB?
Southbridge: Baikal?
========================================?
sys_kexec(0x200778000, 9794560, 0x2010d0000, 4079858, "earlycon=uart8250,mmio32,0xC890E000,115200n8 console=tty0 keep_bootcon initcall_debug 8250.nr_uarts=0 iommu=pt intremap=off panic=0 loglevel=8 ignore_loglevel printk.devkmsg=on")?
[SceShellUI] I/PSM.UI : [FirstClear] : ClearFrameBuffer=False?
[KE]sceCameraDevKill::2685 ERROR: sceCameraProcConfigStop 0x802e0006 i=0 handle=257 pid=43?
Context.cc:174 (aContext.cc:189 (ajmCContonetext.xtcc:17C4l (ajmeCanountp)e x- tCleanuCpod)ec - I nstOance 1p639us2 was  notS pILroK perEly densctoroyedd.er?
 wCas nonottex tp.cc:r1o8p9 er(ajlmConytextCleanup ) -u[KERNEn rL] dmeCgeimo_hasndle_tdvmspeeacrede.?_ex
iCteond pitedx:t. c77c:, p1ty8p9e (ajm=1, 0cxC foMPfffd5n33t Db07d3eecx1tbCo2l8e-and>uppet_lro) a wd-ae sdC nodeoc  tOip us sp TCrRoELpUerE?
Tly [ uKEEncnrReoNdgieErst eLwr]a sed dmneo.?t
m_ha Cpondrnleot_peerxlvtym. csucpn:1race_e89exitg ied mas(pta #ejm0 rC0exdo.?ntff
efxfd5Ct3Cb07dol3ne1anb2ut8?pe
)[xKE t-RNEL].  dCcmoc:dem_handl1eec8_ 9vA mspa(TRacejA_mCeCox9ni ttedDe xeptcid: 7Cod7el,er app_ mwanaasp sn_uoctp) oun pt-r[ opC1e],or dl1ecy -  >O 0puu?sn
 rDeecogdiers tewred.?
as not properly unregistered.?
Context.cc:189 (ajmContextCleanup) - Codec Opus CELT EncodejmCr wontexatClesa nnup) - Insott apnce 2785r3op2 was neot prlropeyrly  duestronyred.egist?
eCorentdext.c.?c:1
89 C(ajmConotextnteClxeanupt).c c- Cod:1ec 89 Opus SIL(Ka jmEncoder Cownats not pexrtoCpleerlay unnregisuterepd.?
)Co -ntext.cc C:174 o(dajmeCconte OxtClepuanup) - sInst ance C34406E7 wLaT s noDectod eproperlry dest wroyed.?a
ConteContxext.tc.cc:c1:8189 (a9jm (ajContemxtClCeanupon) t- Codeecx MPEG4 AtAC EnCcodler waeanusp )n ot- p Cordeoperlyc  uOnregisterpuesd. ?
Decoder was not properContext.cc:174 (ajmContextClealny uupn) -r eInstance 11gi4st6e89 wras noet dp.r?
operly destrosyed.?
 Context.ncc:189 (ajmCoontt prexoptCleeralny up)u - Cnoredec AgiCst3 Eencroeder wad.s ?not p
roperly unregistered.?
Context.cc:174 (ajmContextCleanup) - InstancetryGetMsg() failed. ret = 0x80020003, msgSize = 48?
 163842 was not properly destroyed.?
Context.cc:189 (ajmContextCleanup) - Codec DTS Encoder was not properly unretryGetMsg() failed. ret = 0x80020003, msgSize = 48?
gistered.?
tryGetMsg() failed. ret = 0x80020003, msgSize = 48?
tryGetMsg() failed. ret = 0x80020003, msgSize = 48?
tryGetMsg() failed. ret = 0x80020003, msgSize = 48?
tryGetMsg() failed. ret = 0x80020003, msgSize = 48?
tryGetMsg() failed. ret = 0x80020003, msgSize = 48?
tryGetMsg() failed. ret = 0x80020003, msgSize = 48?
tryGetMsg() failed. ret = 0x80020003, msgSize = 48?
tryGetMsg() failed. ret = 0x80020003, msgSize = 48?
tryGetMsg() failed. ret = 0x80020003, msgSize = 48?
tryGetMsg() failed. ret = 0x80020003, msgSize = 48?
tryGetMsg() failed. ret = 0x80020003, msgSize = 48?
tryGetMsg() failed. ret = 0x80020003, msgSize = 48?
tryGetMsg() failed. ret = 0x80020003, msgSize = 48?
tryGetMsg() failed. ret = 0x80020003, msgSize = 48?
tryGetMsg() failed. ret = 0x80020003, msgSize = 48?
tryGetMsg() failed. ret = 0x80020003, msgSize = 48?
tryGetMsg() failed. ret = 0x80020003, msgSize = 48?
tryGetMsg() failed. ret = 0x80020003, msgSize = 48?
tryGetMsg() failed. ret = 0x80020003, msgSize = 48?
tryGetMsg() failed. ret = 0x80020003, msgSize = 48?
tryGetMsg() failed. ret = 0x80020003, msgSize = 48?
tryGetMsg() failed. ret = 0x80020003, msgSize = 48?
tryGetMsg() failed. ret = 0x80020003, msgSize = 48?
tryGetMsg() failed. ret = 0x80020003, msgSize = 48?
tryGetMsg() failed. ret = 0x80020003, msgSize = 48?
tryGetMsg() failed. ret = 0x80020003, msgSize = 48?
tryGetMsg() failed. ret = 0x80020003, msgSize = 48?
tryGetMsg() failed. ret = 0x80020003, msgSize = 48?
tryGetMsg() failed. ret = 0x80020003, msgSize = 48?
tryGetMsg() failed. ret = 0x80020003, msgSize = 48?
tryGetMsg() failed. ret = 0x80020003, msgSize = 48?
firmware_extract: Extract lib/firmware/amdgpu/liverpool_pfp.bin ?
Copying PFP firmware?
tryGetMsg() failNed. ret = 0x80020003, msgSize = 48?
OP handler at 0xff0?
firmware_extract: Extract lib/firmware/amdgpu/liverpool_me.bin ?
Copying ME firmware?
firmware_extract: ExtratryGetMsg() failed. ret = 0x80020003, msgSize = 48?
ct lib/firmware/amdgpu/liverpool_ce.bin ?
Copying CE firmware?
NOP handler at 0x7f0?
firmware_extract: Extract lib/firmware/amdgpu/tryGetMsg() failed. ret = 0x80020003, msgSize = 48?
liverpool_mec.bin ?
Copying MEC firmware?
NOP handler at 0xff0?
firmware_extract: Extract lib/firmware/amdgpu/liverpool_mec2.bin ?
CtryGetMsg() failed. ret = 0x80020003, msgSize = 48?
opying MEC2 firmware?
NOP handler at 0xff0?
firmware_extract: Extract lib/firmware/amdgpu/liverpool_rlc.bin ?
Copying RLC firmware?
tryGetMsg() failed. ret = 0x80020003, msgSize = 48?
firmware_extract: Extract lib/firmware/amdgpu/liverpool_sdma.bin ?
Copying SDMA firmware?
firmware_extract: Extract lib/firmware/amdtryGetMsg() failed. ret = 0x80020003, msgSize = 48?
gpu/liverpool_sdma1.bin ?
Copying SDMA1 firmware?
?
kexec parameters:?
    Kernel image size:   9794560 bytetryGetMsg() failed. ret = 0x80020003, msgSize = 48?
s?
    Initramfs size:      4174594 bytes (4079858 from user)?
    Kernel command line: earlycon=uart8250,mmio32,0xC890E000,115200n8tryGetMsg() failed. ret = 0x80020003, msgSize = 48?
 console=tty0 keep_bootcon initcall_debug 8250.nr_uarts=0 iommu=pt intremap=off panic=0 loglevel=8 ignore_loglevel printk.devkmsg=on?tryGetMsg() failed. ret = 0x80020003, msgSize = 48?

    Kernel image buffer: 0xffffffffffffffff?
    Initramfs buffer:    0xffffffffffffffff?
kernel_hook_install(0xffffff807cb9d12d, 0xtryGetMsg() failed. ret = 0x80020003, msgSize = 48?
ffffffffc8fffad0)?
  Using 64bit absolute jump?
******************************************************?
kexec successfully armed. PletryGetMsg() failed. ret = 0x80020003, msgSize = 48?
ase shut down the system.?
******************************************************?
?
Context.cc:189 (ajmContextCleanup) - Codec CELP8 Decoder was not properly unregistered.?
Context.cc:189 (ajmContextCleanup) - Codec CELP8 Encoder was not properly unregistered.?
Context.cc:189 (ajmContextCleanup) - Codec CELP(16) Decoder was not properly unregistered.?
Context.cc:191 (ajmContextCleanup) - More codecs were not properly unregistered...?
[SceSysCore mini] killall timeout 5[sec]...?
[SceSysCore mini] forcibly unmount 4 nullfses?
[SceSysCore mini] forcibly unmount /mnt/usb0?
[SceSysCore mini[REGMGR] 000006 ...?
] sceKernelPollE[ventFlag(reboot_flag): failed 80020010?
[SceSysCore mini] call reboot(4000)?
REGMGR] (    218.164 sec) 010006 ...?
[REGMGR] (   0.011795 sec) 010007 ...?
[REGMGR] 000108 ...?
Waiting (max 60 seconds) for system process `SceVnlru' to stop...done?
Waiting (max 60 seconds) for system process `SceBufdaemon2' to stop...SD Manual Tuning done. MaxPassWindowSize=22, TunePoint=20 CORE_CTRL=0x184094?
done?
W?
aiSyting (max 60 secnconidsn)g fo r sdyisstem kprocesss `,SceSy ncerv' to snotdop.e..s remaining...1 0 0 sched_sync: flush softdep (iter=2)?
sched_sync: flush softdep (iter=1)?
done?
Waiting (max 60 seconds) for system process `SceBufdaemon0' to stop...done?
Waiting (max 60 seconds) for system process `SceBufdaemon1' to stop...done?
All buffers synced.?
[PFS] umount[0x000028688bbd3f13] finished 0?
[PFS] umount[0x00002868b7d14cb0] finished 0?
Uptime: 3m43s?
icc post sync:Thermal alert LED off?
[REGMGR] 000007 @2@ ...?
icc08-4001 0802?
icc:failed to disabled reset button notification: 0005?
icc:disabled thermal notification?
eth0: link state changed to DOWN?
ICC: howto:00004000 depth:2 cause:00 hand:01?
ICC: Shutdown.?
hook_icc_query_nowait called?
ICC 05-00 polling?
Fixing ACPI tables at 0xe0000 (0xffffffffffffffff)?
RSDT at 0xe0024?
XSDT at 0xe0088?
FACP at 0xe016c?
FACS at 0xe012c?
DSDT at 0xe0430?
APIC at 0xe0298?
MCFG at 0xe0304?
SSDT at 0xe0730?
ACPI tables fixed?
kexec: Waiting for secondary CPUs...?
kexec: Secondary CPUs quiesced?
kexec: Setting up GDT...?
kexec: Relocating stub...?
kexec: Setting up boot params...?
kexec: Cleaning up hardware...?
Current sb_id: 3?
?
SB_BAIKAL constant: 3?
?
kexec: Detected Baikal Southbridge, disabling IOMMU...?
kexec: Reconfiguring VRAM...?
kexec: Resetting GPU...?
kexec: About to relocate and jump to kernel?
[    0.000000] ps4: x86_ps4_early_setup: PS4 early setup?
[    0.000000] Linux version 6.15.4-Baikal_TESTING_crashniels-dirty (meerzulee@cachynator) (gcc (GCC) 16.1.1 20260430, GNU ld (GNU Binutils) 2.46.0) #6 SMP PREEMPT_DYNAMIC Sat May  9 22:45:04 +06 2026?
[    0.000000] Command line: earlycon=uart8250,mmio32,0xC890E000,115200n8 console=tty0 keep_bootcon initcall_debug 8250.nr_uarts=0 iommu=pt intremap=off panic=0 loglevel=8 ignore_loglevel printk.devkmsg=on?
[    0.000000] KERNEL supported cpus:?
[    0.000000]   AMD AuthenticAMD?
[    0.000000] BIOS-provided physical RAM map:?
[    0.000000] BIOS-e820: [mem 0x0000000000000000-0x0000000000007fff] usable?
[    0.000000] BIOS-e820: [mem 0x0000000000008000-0x000000000007ffff] reserved?
[    0.000000] BIOS-e820: [mem 0x0000000000080000-0x0000000000099fff] usable?
[    0.000000] BIOS-e820: [mem 0x000000000009a000-0x00000000000bffff] reserved?
[    0.000000] BIOS-e820: [mem 0x00000000000e0000-0x00000000000effff] ACPI data?
[    0.000000] BIOS-e820: [mem 0x0000000000100000-0x00000000003fffff] usable?
[    0.000000] BIOS-e820: [mem 0x0000000000400000-0x000000000047ffff] reserved?
[    0.000000] BIOS-e820: [mem 0x0000000000480000-0x000000000067ffff] usable?
[    0.000000] BIOS-e820: [mem 0x0000000000680000-0x00000000006fffff] reserved?
[    0.000000] BIOS-e820: [mem 0x0000000000700000-0x000000007efe7fff] usable?
[    0.000000] BIOS-e820: [mem 0x000000007efe8000-0x000000007efeffff] ACPI NVS?
[    0.000000] BIOS-e820: [mem 0x000000007eff0000-0x000000007effffff] ACPI data?
[    0.000000] BIOS-e820: [mem 0x000000007f000000-0x000000007fffffff] usable?
[    0.000000] BIOS-e820: [mem 0x0000000080000000-0x00000000fbffffff] reserved?
[    0.000000] BIOS-e820: [mem 0x0000000100000000-0x000000013fffffff] reserved?
[    0.000000] BIOS-e820: [mem 0x0000000140000000-0x000000027effffff] usable?
[    0.000000] earlycon: uart8250 at MMIO32 0x00000000c890e000 (options '115200n8')?
[    0.000000] printk: legacy bootconsole [uart8250] enabled?
[    0.000000] printk: debug: skip boot console de-registration.?
[    0.000000] printk: debug: ignoring loglevel setting.?
[    0.000000] NX (Execute Disable) protection: active?
[    0.000000] APIC: Static calls initialized?
[    0.000000] SMBIOS 2.1 present.?
[    0.000000] DMI:  , BIOS unde Wed 09/22/2021 16:2?
[    0.000000] DMI: Memory slots populated: 1/1?
[    0.000000] ps4: EMC timer started in 0 TSC ticks?
[    0.000000] ps4: Calibrated TSC frequency: 1594090560 kHz?
[    0.000000] tsc: Detected 1594.091 MHz processor?
[    0.001421] e820: update [mem 0x00000000-0x00000fff] usable ==> reserved?
[    0.008247] e820: remove [mem 0x000a0000-0x000fffff] usable?
[    0.013929] last_pfn = 0x27f000 max_arch_pfn = 0x400000000?
[    0.019516] MTRR map: 6 entries (3 fixed + 3 variable; max 20), built from 9 variable MTRRs?
[    0.028015] x86/PAT: Configuration [0-7]: WB  WC  UC- UC  WB  WP  UC- WT  ?
[    0.035398] e820: update [mem 0x80000000-0x13fffffff] usable ==> reserved?
[    0.042328] last_pfn = 0x80000 max_arch_pfn = 0x400000000?
[    0.056429] Using GB pages for direct mapping?
[    0.062393] RAMDISK: [mem 0x54800000-0x54bfbfff]?
[    0.067104] ACPI: Early table checksum verification disabled?
[    0.072863] ACPI: RSDP 0x00000000000E0000 000024 (v02 SIE   )?
[    0.078715] ACPI: XSDT 0x00000000000E0088 00004C (v01 SIE    ORBIS    20121218 INTL 20110211)?
[    0.087401] ACPI: FACP 0x00000000000E016C 0000F4 (v04 SIE    ORBIS    20130205 INTL 20110211)?
[    0.096087] ACPI: DSDT 0x00000000000E0430 00018C (v02 SIE    ORBIS    20121002 INTL 20110211)?
[    0.104771] ACPI: FACS 0x00000000000E012C 000040?
[    0.109470] ACPI: FACS 0x00000000000E012C 000040?
[    0.114170] ACPI: APIC 0x00000000000E0298 00006C (v02 SIE    ORBIS    20120725 INTL 20110211)?
[    0.122852] ACPI: MCFG 0x00000000000E0304 00003C (v01 SIE    ORBIS    20120725 INTL 20110211)?
[    0.131532] ACPI: SSDT 0x00000000000E0730 001944 (v01 AMD    POWERNOW 00000001 AMD  00000001)?
[    0.140214] ACPI: IVRS 0x00000000000E2074 000054 (v01 F0F    PS4KEXEC 20161225 KEXC 20161225)?
[    0.148894] ACPI: Reserving FACP table memory at [mem 0xe016c-0xe025f]?
[    0.155536] ACPI: Reserving DSDT table memory at [mem 0xe0430-0xe05bb]?
[    0.162176] ACPI: Reserving FACS table memory at [mem 0xe012c-0xe016b]?
[    0.168817] ACPI: Reserving FACS table memory at [mem 0xe012c-0xe016b]?
[    0.175457] ACPI: Reserving APIC table memory at [mem 0xe0298-0xe0303]?
[    0.182096] ACPI: Reserving MCFG table memory at [mem 0xe0304-0xe033f]?
[    0.188737] ACPI: Reserving SSDT table memory at [mem 0xe0730-0xe2073]?
[    0.195377] ACPI: Reserving IVRS table memory at [mem 0xe2074-0xe20c7]?
[    0.202094] No NUMA configuration found?
[    0.205991] Faking a node at [mem 0x0000000000000000-0x000000027effffff]?
[    0.212813] NODE_DATA(0) allocated [mem 0x27effa800-0x27effdfff]?
[    0.218969] Zone ranges:?
[    0.221539]   DMA      [mem 0x0000000000001000-0x0000000000ffffff]?
[    0.227828]   DMA32    [mem 0x0000000001000000-0x00000000ffffffff]?
[    0.234116]   Normal   [mem 0x0000000100000000-0x000000027effffff]?
[    0.240404] Movable zone start for each node?
[    0.244744] Early memory node ranges?
[    0.248375]   node   0: [mem 0x0000000000001000-0x0000000000007fff]?
[    0.254751]   node   0: [mem 0x0000000000080000-0x0000000000099fff]?
[    0.261126]   node   0: [mem 0x0000000000100000-0x00000000003fffff]?
[    0.267502]   node   0: [mem 0x0000000000480000-0x000000000067ffff]?
[    0.273877]   node   0: [mem 0x0000000000700000-0x000000007efe7fff]?
[    0.280252]   node   0: [mem 0x000000007f000000-0x000000007fffffff]?
[    0.286626]   node   0: [mem 0x0000000140000000-0x000000027effffff]?
[    0.293003] Initmem setup node 0 [mem 0x0000000000001000-0x000000027effffff]?
[    0.300180] On node 0, zone DMA: 1 pages in unavailable ranges?
[    0.306120] On node 0, zone DMA: 120 pages in unavailable ranges?
[    0.312250] On node 0, zone DMA: 102 pages in unavailable ranges?
[    0.318377] On node 0, zone DMA: 128 pages in unavailable ranges?
[    0.324541] On node 0, zone DMA: 128 pages in unavailable ranges?
[    0.341029] On node 0, zone DMA32: 24 pages in unavailable ranges?
[    0.373622] On node 0, zone Normal: 4096 pages in unavailable ranges?
[    0.381000] ACPI: No IOAPIC entries present?
[    0.385253] ACPI: Using ACPI for processor (LAPIC) configuration information?
[    0.392439] CPU topo: Max. logical packages:   1?
[    0.397132] CPU topo: Max. logical dies:       1?
[    0.401825] CPU topo: Max. dies per package:   1?
[    0.406529] CPU topo: Max. threads per core:   1?
[    0.411222] CPU topo: Num. cores per package:     8?
[    0.416180] CPU topo: Num. threads per package:   8?
[    0.421138] CPU topo: Allowing 8 present CPUs plus 0 hotplug CPUs?
[    0.427366] [mem 0xfc000000-0xffffffff] available for PCI devices?
[    0.433567] clocksource: refined-jiffies: mask: 0xffffffff max_cycles: 0xffffffff, max_idle_ns: 1910969940391419 ns?
[    0.444200] setup_percpu: NR_CPUS:8 nr_cpumask_bits:8 nr_cpu_ids:8 nr_node_ids:1?
[    0.452402] percpu: Embedded 42 pages/cpu s131544 r8192 d32296 u262144?
[    0.459066] pcpu-alloc: s131544 r8192 d32296 u262144 alloc=1*2097152?
[    0.465534] pcpu-alloc: [0] 0 1 2 3 4 5 6 7 ?
[    0.469918] Kernel command line: earlycon=uart8250,mmio32,0xC890E000,115200n8 console=tty0 keep_bootcon initcall_debug 8250.nr_uarts=0 iommu=pt intremap=off panic=0 loglevel=8 ignore_loglevel printk.devkmsg=on?
[    0.489049] printk: log buffer data + meta data: 262144 + 917504 = 1179648 bytes?
[    0.498393] Dentry cache hash table entries: 1048576 (order: 11, 8388608 bytes, linear)?
[    0.507469] Inode-cache hash table entries: 524288 (order: 10, 4194304 bytes, linear)?
[    0.515542] software IO TLB: area num 8.?
[    0.548884] Fallback order for Node 0: 0 ?
[    0.548903] Built 1 zonelists, mobility grouping on.  Total pages: 1830409?
[    0.559976] Policy zone: Normal?
[    0.563169] mem auto-init: stack:off, heap alloc:off, heap free:off?
[    0.607354] SLUB: HWalign=64, Order=0-3, MinObjects=0, CPUs=8, Nodes=1?
[    0.615056] Dynamic Preempt: voluntary?
[    0.618958] rcu: Preemptible hierarchical RCU implementation.?
[    0.624804] rcu: RCU calculated value of scheduler-enlistment delay is 100 jiffies.?
[    0.632624] NR_IRQS: 4352, nr_irqs: 128, preallocated irqs: 0?
[    0.638529] rcu: srcu_init: Setting srcu_struct sizes based on contention.?
[    0.645582] call_irq_handler: 0.49 No irq handler for vector?
[    0.651372] Console: colour dummy device 80x25?
[    0.655895] printk: legacy console [tty0] enabled?
[    0.660723] ACPI: Core revision 20240827?
[    0.664782] ACPI: setting ELCR to 0200 (from ffff)?
[    0.669673] Failed to register legacy timer interrupt?
[    0.674813] APIC: Switch to symmetric I/O mode setup?
[    0.679872] clocksource: tsc-early: mask: 0xffffffffffffffff max_cycles: 0x16fa56e0de2, max_idle_ns: 440795218236 ns?
[    0.690602] Calibrating delay loop (skipped), value calculated using timer frequency.. 3188.18 BogoMIPS (lpj=1594091)?
[    0.691592] Last level iTLB entries: 4KB 512, 2MB 8, 4MB 4?
[    0.691592] Last level dTLB entries: 4KB 512, 2MB 256, 4MB 128, 1GB 0?
[    0.691592] Spectre V1 : Mitigation: usercopy/swapgs barriers and __user pointer sanitization?
[    0.691592] Spectre V2 : Mitigation: Retpolines?
[    0.691592] Spectre V2 : Spectre v2 / SpectreRSB: Filling RSB on context switch and VMEXIT?
[    0.691592] RETBleed: Mitigation: untrained return thunk?
[    0.691592] Speculative Store Bypass: Mitigation: Speculative Store Bypass disabled via prctl?
[    0.691592] x86/fpu: Supporting XSAVE feature 0x001: 'x87 floating point registers'?
[    0.691592] x86/fpu: Supporting XSAVE feature 0x002: 'SSE registers'?
[    0.691592] x86/fpu: Supporting XSAVE feature 0x004: 'AVX registers'?
[    0.691592] x86/fpu: xstate_offset[2]:  576, xstate_sizes[2]:  256?
[    0.691592] x86/fpu: Enabled xstate features 0x7, context size is 832 bytes, using 'standard' format.?
[    0.691592] Freeing SMP alternatives memory: 52K?
[    0.691592] pid_max: default: 32768 minimum: 301?
[    0.691592] Mount-cache hash table entries: 16384 (order: 5, 131072 bytes, linear)?
[    0.691592] Mountpoint-cache hash table entries: 16384 (order: 5, 131072 bytes, linear)?
[    0.691592] smpboot: CPU0: AMD DG1401SNF87ID (family: 0x16, model: 0x1a, stepping: 0x0)?
[    0.692206] calling  init_hw_perf_events+0x0/0x640 @ 1?
[    0.692596] Performance Events: AMD PMU driver.?
[    0.693597] ... version:                0?
[    0.694596] ... bit width:              48?
[    0.695596] ... generic registers:      4?
[    0.696596] ... value mask:             0000ffffffffffff?
[    0.697596] ... max period:             00007fffffffffff?
[    0.698596] ... fixed-purpose events:   0?
[    0.699596] ... event mask:             000000000000000f?
[    0.700765] initcall init_hw_perf_events+0x0/0x640 returned 0 after 8000 usecs?
[    0.701597] calling  do_init_real_mode+0x0/0x20 @ 1?
[    0.702644] initcall do_init_real_mode+0x0/0x20 returned 0 after 0 usecs?
[    0.703597] calling  init_sigframe_size+0x0/0x40 @ 1?
[    0.704596] signal: max sigframe size: 1776?
[    0.705596] initcall init_sigframe_size+0x0/0x40 returned 0 after 1000 usecs?
[    0.706596] calling  cache_ap_register+0x0/0x50 @ 1?
[    0.707597] initcall cache_ap_register+0x0/0x50 returned 0 after 0 usecs?
[    0.708598] calling  bp_init_aperfmperf+0x0/0x280 @ 1?
[    0.709596] initcall bp_init_aperfmperf+0x0/0x280 returned 0 after 0 usecs?
[    0.710596] calling  save_microcode_in_initrd+0x0/0x150 @ 1?
[    0.711612] initcall save_microcode_in_initrd+0x0/0x150 returned -22 after 0 usecs?
[    0.712596] calling  register_nmi_cpu_backtrace_handler+0x0/0x20 @ 1?
[    0.713596] initcall register_nmi_cpu_backtrace_handler+0x0/0x20 returned 0 after 0 usecs?
[    0.714596] calling  spawn_ksoftirqd+0x0/0x60 @ 1?
[    0.715654] initcall spawn_ksoftirqd+0x0/0x60 returned 0 after 0 usecs?
[    0.716597] calling  init_signal_sysctls+0x0/0x30 @ 1?
[    0.717606] initcall init_signal_sysctls+0x0/0x30 returned 0 after 0 usecs?
[    0.718596] calling  init_umh_sysctls+0x0/0x30 @ 1?
[    0.719600] initcall init_umh_sysctls+0x0/0x30 returned 0 after 0 usecs?
[    0.720596] calling  kthreads_init+0x0/0x30 @ 1?
[    0.721597] initcall kthreads_init+0x0/0x30 returned 0 after 0 usecs?
[    0.722597] calling  migration_init+0x0/0x40 @ 1?
[    0.723596] initcall migration_init+0x0/0x40 returned 0 after 0 usecs?
[    0.724596] calling  printk_set_kthreads_ready+0x0/0x40 @ 1?
[    0.725597] initcall printk_set_kthreads_ready+0x0/0x40 returned 0 after 0 usecs?
[    0.726596] calling  srcu_bootup_announce+0x0/0x80 @ 1?
[    0.727596] rcu: Hierarchical SRCU implementation.?
[    0.728596] rcu: 	Max phase no-delay instances is 400.?
[    0.729596] initcall srcu_bootup_announce+0x0/0x80 returned 0 after 2000 usecs?
[    0.730596] calling  rcu_spawn_gp_kthread+0x0/0x220 @ 1?
[    0.731736] initcall rcu_spawn_gp_kthread+0x0/0x220 returned 0 after 0 usecs?
[    0.732597] calling  check_cpu_stall_init+0x0/0x20 @ 1?
[    0.733597] initcall check_cpu_stall_init+0x0/0x20 returned 0 after 0 usecs?
[    0.734598] calling  rcu_sysrq_init+0x0/0x30 @ 1?
[    0.735596] initcall rcu_sysrq_init+0x0/0x30 returned 0 after 0 usecs?
[    0.736596] calling  tmigr_init+0x0/0x150 @ 1?
[    0.737603] Timer migration: 1 hierarchy levels; 8 children per group; 1 crossnode level?
[    0.738599] initcall tmigr_init+0x0/0x150 returned 0 after 1000 usecs?
[    0.739596] calling  cpu_stop_init+0x0/0x90 @ 1?
[    0.740653] initcall cpu_stop_init+0x0/0x90 returned 0 after 0 usecs?
[    0.741597] calling  irq_work_init_threads+0x0/0x10 @ 1?
[    0.742598] initcall irq_work_init_threads+0x0/0x10 returned 0 after 0 usecs?
[    0.743596] calling  static_call_init+0x0/0xa0 @ 1?
[    0.747324] initcall static_call_init+0x0/0xa0 returned 0 after 2000 usecs?
[    0.747597] calling  jump_label_init_module+0x0/0x20 @ 1?
[    0.748597] initcall jump_label_init_module+0x0/0x20 returned 0 after 0 usecs?
[    0.749596] calling  init_zero_pfn+0x0/0x40 @ 1?
[    0.750596] initcall init_zero_pfn+0x0/0x40 returned 0 after 0 usecs?
[    0.751598] calling  init_fs_inode_sysctls+0x0/0x30 @ 1?
[    0.752600] initcall init_fs_inode_sysctls+0x0/0x30 returned 0 after 0 usecs?
[    0.753597] calling  init_fs_locks_sysctls+0x0/0x30 @ 1?
[    0.754599] initcall init_fs_locks_sysctls+0x0/0x30 returned 0 after 0 usecs?
[    0.755596] calling  init_fs_sysctls+0x0/0x30 @ 1?
[    0.756599] initcall init_fs_sysctls+0x0/0x30 returned 0 after 0 usecs?
[    0.757596] calling  init_security_keys_sysctls+0x0/0x30 @ 1?
[    0.758601] initcall init_security_keys_sysctls+0x0/0x30 returned 0 after 0 usecs?
[    0.759597] calling  dynamic_debug_init+0x0/0x230 @ 1?
[    0.760858] initcall dynamic_debug_init+0x0/0x230 returned 0 after 0 usecs?
[    0.762646] smp: Bringing up secondary CPUs ...?
[    0.763905] smpboot: x86: Booting SMP configuration:?
[    0.764603] .... node  #0, CPUs:      #1 #2 #3 #4 #5 #6 #7?
[    0.774701] smp: Brought up 1 node, 8 CPUs?
[    0.776597] smpboot: Total of 8 processors activated (25505.45 BogoMIPS)?
[    0.778815] Memory: 7081636K/7321636K available (21565K kernel code, 2022K rwdata, 7100K rodata, 1588K init, 2344K bss, 235752K reserved, 0K cma-reserved)?
[    0.780758] devtmpfs: initialized?
[    0.783001] calling  setup_split_lock_delayed_work+0x0/0x90 @ 1?
[    0.783604] initcall setup_split_lock_delayed_work+0x0/0x90 returned 0 after 0 usecs?
[    0.784597] calling  ipc_ns_init+0x0/0x50 @ 1?
[    0.785619] initcall ipc_ns_init+0x0/0x50 returned 0 after 0 usecs?
[    0.786602] calling  init_mmap_min_addr+0x0/0x40 @ 1?
[    0.787600] initcall init_mmap_min_addr+0x0/0x40 returned 0 after 0 usecs?
[    0.788596] calling  pci_realloc_setup_params+0x0/0x70 @ 1?
[    0.789602] initcall pci_realloc_setup_params+0x0/0x70 returned 0 after 0 usecs?
[    0.790599] calling  inet_frag_wq_init+0x0/0x50 @ 1?
[    0.791646] initcall inet_frag_wq_init+0x0/0x50 returned 0 after 0 usecs?
[    0.792646] calling  e820__register_nvs_regions+0x0/0x40 @ 1?
[    0.793597] initcall e820__register_nvs_regions+0x0/0x40 returned 0 after 0 usecs?
[    0.794598] calling  cpufreq_register_tsc_scaling+0x0/0x40 @ 1?
[    0.795596] initcall cpufreq_register_tsc_scaling+0x0/0x40 returned 0 after 0 usecs?
[    0.796596] calling  reboot_init+0x0/0x30 @ 1?
[    0.797600] initcall reboot_init+0x0/0x30 returned 0 after 0 usecs?
[    0.798596] calling  wq_sysfs_init+0x0/0x20 @ 1?
[    0.799629] initcall wq_sysfs_init+0x0/0x20 returned 0 after 0 usecs?
[    0.800599] calling  ksysfs_init+0x0/0xa0 @ 1?
[    0.801616] initcall ksysfs_init+0x0/0xa0 returned 0 after 0 usecs?
[    0.802597] calling  schedutil_gov_init+0x0/0x20 @ 1?
[    0.803597] initcall schedutil_gov_init+0x0/0x20 returned 0 after 0 usecs?
[    0.804596] calling  rcu_set_runtime_mode+0x0/0x20 @ 1?
[    0.805597] initcall rcu_set_runtime_mode+0x0/0x20 returned 0 after 0 usecs?
[    0.806596] calling  init_jiffies_clocksource+0x0/0x20 @ 1?
[    0.807597] clocksource: jiffies: mask: 0xffffffff max_cycles: 0xffffffff, max_idle_ns: 1911260446275000 ns?
[    0.808598] initcall init_jiffies_clocksource+0x0/0x20 returned 0 after 1000 usecs?
[    0.809596] calling  posixtimer_init+0x0/0xa0 @ 1?
[    0.810600] posixtimers hash table entries: 4096 (order: 4, 65536 bytes, linear)?
[    0.811610] initcall posixtimer_init+0x0/0xa0 returned 0 after 1000 usecs?
[    0.812597] calling  futex_init+0x0/0xa0 @ 1?
[    0.813598] futex hash table entries: 2048 (order: 5, 131072 bytes, linear)?
[    0.814620] initcall futex_init+0x0/0xa0 returned 0 after 1000 usecs?
[    0.815596] calling  cgroup_wq_init+0x0/0x30 @ 1?
[    0.816602] initcall cgroup_wq_init+0x0/0x30 returned 0 after 0 usecs?
[    0.817597] calling  cgroup1_wq_init+0x0/0x30 @ 1?
[    0.818602] initcall cgroup1_wq_init+0x0/0x30 returned 0 after 0 usecs?
[    0.819598] calling  init_events_core_sysctls+0x0/0x30 @ 1?
[    0.820604] initcall init_events_core_sysctls+0x0/0x30 returned 0 after 0 usecs?
[    0.821597] calling  init_callchain_sysctls+0x0/0x30 @ 1?
[    0.822599] initcall init_callchain_sysctls+0x0/0x30 returned 0 after 0 usecs?
[    0.823596] calling  fsnotify_init+0x0/0x60 @ 1?
[    0.824607] initcall fsnotify_init+0x0/0x60 returned 0 after 0 usecs?
[    0.825597] calling  filelock_init+0x0/0x120 @ 1?
[    0.826609] initcall filelock_init+0x0/0x120 returned 0 after 0 usecs?
[    0.827597] calling  init_misc_binfmt+0x0/0x40 @ 1?
[    0.828598] initcall init_misc_binfmt+0x0/0x40 returned 0 after 0 usecs?
[    0.829596] calling  init_script_binfmt+0x0/0x20 @ 1?
[    0.830596] initcall init_script_binfmt+0x0/0x20 returned 0 after 0 usecs?
[    0.831596] calling  init_elf_binfmt+0x0/0x20 @ 1?
[    0.832596] initcall init_elf_binfmt+0x0/0x20 returned 0 after 0 usecs?
[    0.833596] calling  init_compat_elf_binfmt+0x0/0x20 @ 1?
[    0.834596] initcall init_compat_elf_binfmt+0x0/0x20 returned 0 after 0 usecs?
[    0.835598] calling  configfs_init+0x0/0xc0 @ 1?
[    0.836609] initcall configfs_init+0x0/0xc0 returned 0 after 0 usecs?
[    0.837597] calling  debugfs_init+0x0/0xe0 @ 1?
[    0.838596] initcall debugfs_init+0x0/0xe0 returned -1 after 0 usecs?
[    0.839596] calling  register_xor_blocks+0x0/0xa0 @ 1?
[    0.840596] initcall register_xor_blocks+0x0/0xa0 returned 0 after 0 usecs?
[    0.841596] calling  prandom_state_selftest+0x0/0x110 @ 1?
[    0.842598] prandom: seed boundary self test passed?
[    0.845070] prandom: 100 self tests passed?
[    0.845598] initcall prandom_state_selftest+0x0/0x110 returned 0 after 3000 usecs?
[    0.846596] calling  iommu_init+0x0/0x30 @ 1?
[    0.847601] initcall iommu_init+0x0/0x30 returned 0 after 0 usecs?
[    0.848597] calling  component_debug_init+0x0/0x30 @ 1?
[    0.849597] initcall component_debug_init+0x0/0x30 returned 0 after 0 usecs?
[    0.850596] calling  cpufreq_core_init+0x0/0x90 @ 1?
[    0.851602] initcall cpufreq_core_init+0x0/0x90 returned 0 after 0 usecs?
[    0.852597] calling  cpufreq_gov_performance_init+0x0/0x20 @ 1?
[    0.853597] initcall cpufreq_gov_performance_init+0x0/0x20 returned 0 after 0 usecs?
[    0.854598] calling  cpuidle_init+0x0/0x30 @ 1?
[    0.855606] initcall cpuidle_init+0x0/0x30 returned 0 after 0 usecs?
[    0.856597] calling  sock_init+0x0/0xb0 @ 1?
[    0.858635] initcall sock_init+0x0/0xb0 returned 0 after 1000 usecs?
[    0.859597] calling  net_inuse_init+0x0/0x30 @ 1?
[    0.860601] initcall net_inuse_init+0x0/0x30 returned 0 after 0 usecs?
[    0.861597] calling  sock_struct_check+0x0/0x10 @ 1?
[    0.862596] initcall sock_struct_check+0x0/0x10 returned 0 after 0 usecs?
[    0.863596] calling  init_default_flow_dissectors+0x0/0x60 @ 1?
[    0.864597] initcall init_default_flow_dissectors+0x0/0x60 returned 0 after 0 usecs?
[    0.865596] calling  netlink_proto_init+0x0/0x130 @ 1?
[    0.866739] NET: Registered PF_NETLINK/PF_ROUTE protocol family?
[    0.867619] initcall netlink_proto_init+0x0/0x130 returned 0 after 1000 usecs?
[    0.868598] calling  genl_init+0x0/0x40 @ 1?
[    0.869607] initcall genl_init+0x0/0x40 returned 0 after 0 usecs?
[    0.870645] calling  irq_sysfs_init+0x0/0xf0 @ 1?
[    0.871604] initcall irq_sysfs_init+0x0/0xf0 returned 0 after 0 usecs?
[    0.872597] calling  audit_init+0x0/0x190 @ 1?
[    0.873599] audit: initializing netlink subsys (disabled)?
[    0.874623] initcall audit_init+0x0/0x190 returned 0 after 1000 usecs?
[    0.874623] audit: type=2000 audit(0.184:1): state=initialized audit_enabled=0 res=1?
[    0.875598] calling  bdi_class_init+0x0/0x40 @ 1?
[    0.877606] initcall bdi_class_init+0x0/0x40 returned 0 after 0 usecs?
[    0.878597] calling  mm_sysfs_init+0x0/0x30 @ 1?
[    0.879602] initcall mm_sysfs_init+0x0/0x30 returned 0 after 0 usecs?
[    0.880597] calling  init_per_zone_wmark_min+0x0/0x30 @ 1?
[    0.881608] initcall init_per_zone_wmark_min+0x0/0x30 returned 0 after 0 usecs?
[    0.882597] calling  pcibus_class_init+0x0/0x20 @ 1?
[    0.883604] initcall pcibus_class_init+0x0/0x20 returned 0 after 0 usecs?
[    0.884599] calling  pci_driver_init+0x0/0x30 @ 1?
[    0.885628] initcall pci_driver_init+0x0/0x30 returned 0 after 0 usecs?
[    0.886598] calling  backlight_class_init+0x0/0x60 @ 1?
[    0.887605] initcall backlight_class_init+0x0/0x60 returned 0 after 0 usecs?
[    0.888597] calling  tty_class_init+0x0/0x20 @ 1?
[    0.889604] initcall tty_class_init+0x0/0x20 returned 0 after 0 usecs?
[    0.890597] calling  vtconsole_class_init+0x0/0xa0 @ 1?
[    0.891628] initcall vtconsole_class_init+0x0/0xa0 returned 0 after 0 usecs?
[    0.892601] calling  iommu_dev_init+0x0/0x20 @ 1?
[    0.893605] initcall iommu_dev_init+0x0/0x20 returned 0 after 0 usecs?
[    0.894597] calling  devlink_class_init+0x0/0x40 @ 1?
[    0.895606] initcall devlink_class_init+0x0/0x40 returned 0 after 0 usecs?
[    0.896599] calling  software_node_init+0x0/0x30 @ 1?
[    0.897601] initcall software_node_init+0x0/0x30 returned 0 after 0 usecs?
[    0.898597] calling  regmap_initcall+0x0/0x20 @ 1?
[    0.899597] initcall regmap_initcall+0x0/0x20 returned 0 after 0 usecs?
[    0.900598] calling  i2c_init+0x0/0xa0 @ 1?
[    0.901624] i2c-core: driver [dummy] registered?
[    0.902599] initcall i2c_init+0x0/0xa0 returned 0 after 1000 usecs?
[    0.903597] calling  thermal_init+0x0/0x140 @ 1?
[    0.904598] thermal_sys: Registered thermal governor 'step_wise'?
[    0.904610] initcall thermal_init+0x0/0x140 returned 0 after 0 usecs?
[    0.906597] calling  init_ladder+0x0/0x30 @ 1?
[    0.907608] cpuidle: using governor ladder?
[    0.908596] initcall init_ladder+0x0/0x30 returned 0 after 1000 usecs?
[    0.909596] calling  init_menu+0x0/0x20 @ 1?
[    0.910604] cpuidle: using governor menu?
[    0.911596] initcall init_menu+0x0/0x20 returned 0 after 1000 usecs?
[    0.912596] calling  pcc_init+0x0/0xa0 @ 1?
[    0.913599] initcall pcc_init+0x0/0xa0 returned -19 after 0 usecs?
[    0.914596] calling  amd_postcore_init+0x0/0x130 @ 1?
[    0.915630] initcall amd_postcore_init+0x0/0x130 returned 0 after 0 usecs?
[    0.916597] calling  kobject_uevent_init+0x0/0x20 @ 1?
[    0.917602] initcall kobject_uevent_init+0x0/0x20 returned 0 after 0 usecs?
[    0.918645] calling  init_x86_sysctl+0x0/0x30 @ 1?
[    0.919605] initcall init_x86_sysctl+0x0/0x30 returned 0 after 0 usecs?
[    0.920598] calling  boot_params_ksysfs_init+0x0/0x2b0 @ 1?
[    0.921606] initcall boot_params_ksysfs_init+0x0/0x2b0 returned 0 after 0 usecs?
[    0.922597] calling  sbf_init+0x0/0xf0 @ 1?
[    0.923597] initcall sbf_init+0x0/0xf0 returned 0 after 0 usecs?
[    0.924596] calling  arch_kdebugfs_init+0x0/0x200 @ 1?
[    0.925598] initcall arch_kdebugfs_init+0x0/0x200 returned 0 after 0 usecs?
[    0.926596] calling  xfd_update_static_branch+0x0/0x30 @ 1?
[    0.927596] initcall xfd_update_static_branch+0x0/0x30 returned 0 after 0 usecs?
[    0.928596] calling  mtrr_if_init+0x0/0x60 @ 1?
[    0.929600] initcall mtrr_if_init+0x0/0x60 returned 0 after 0 usecs?
[    0.930596] calling  ffh_cstate_init+0x0/0x50 @ 1?
[    0.931600] initcall ffh_cstate_init+0x0/0x50 returned 0 after 0 usecs?
[    0.932597] calling  kcmp_cookies_init+0x0/0x40 @ 1?
[    0.933604] initcall kcmp_cookies_init+0x0/0x40 returned 0 after 0 usecs?
[    0.934598] calling  cryptomgr_init+0x0/0x20 @ 1?
[    0.935597] initcall cryptomgr_init+0x0/0x20 returned 0 after 0 usecs?
[    0.936596] calling  crc32_x86_init+0x0/0xd0 @ 1?
[    0.938622] initcall crc32_x86_init+0x0/0xd0 returned 0 after 1000 usecs?
[    0.939597] calling  acpi_pci_init+0x0/0x40 @ 1?
[    0.940596] initcall acpi_pci_init+0x0/0x40 returned 0 after 0 usecs?
[    0.941596] calling  serial_base_init+0x0/0x60 @ 1?
[    0.942635] initcall serial_base_init+0x0/0x60 returned 0 after 0 usecs?
[    0.943598] calling  iommu_dma_init+0x0/0x30 @ 1?
[    0.944608] initcall iommu_dma_init+0x0/0x30 returned 0 after 0 usecs?
[    0.945597] calling  dmi_id_init+0x0/0x370 @ 1?
[    0.946631] initcall dmi_id_init+0x0/0x370 returned 0 after 0 usecs?
[    0.947599] calling  pci_arch_init+0x0/0x80 @ 1?
[    0.948610] PCI: ECAM [mem 0xf8000000-0xfbffffff] (base 0xf8000000) for domain 0000 [bus 00-3f]?
[    0.949617] PCI: Using configuration type 1 for base access?
[    0.950602] initcall pci_arch_init+0x0/0x80 returned 0 after 2000 usecs?
[    0.951644] calling  init_vdso_image_64+0x0/0x20 @ 1?
[    0.952613] initcall init_vdso_image_64+0x0/0x20 returned 0 after 0 usecs?
[    0.954598] calling  init_vdso_image_32+0x0/0x20 @ 1?
[    0.956602] initcall init_vdso_image_32+0x0/0x20 returned 0 after 1000 usecs?
[    0.957596] calling  mtrr_init_finalize+0x0/0x40 @ 1?
[    0.958598] initcall mtrr_init_finalize+0x0/0x40 returned 0 after 0 usecs?
[    0.959596] calling  blake2s_mod_init+0x0/0x70 @ 1?
[    0.960678] initcall blake2s_mod_init+0x0/0x70 returned 0 after 0 usecs?
[    0.961597] calling  uid_cache_init+0x0/0xe0 @ 1?
[    0.962605] initcall uid_cache_init+0x0/0xe0 returned 0 after 0 usecs?
[    0.963597] calling  pid_namespace_sysctl_init+0x0/0x20 @ 1?
[    0.964603] initcall pid_namespace_sysctl_init+0x0/0x20 returned 0 after 0 usecs?
[    0.965597] calling  param_sysfs_init+0x0/0x50 @ 1?
[    0.966601] initcall param_sysfs_init+0x0/0x50 returned 0 after 0 usecs?
[    0.967597] calling  user_namespace_sysctl_init+0x0/0xc0 @ 1?
[    0.968616] initcall user_namespace_sysctl_init+0x0/0xc0 returned 0 after 0 usecs?
[    0.969597] calling  pm_sysrq_init+0x0/0x20 @ 1?
[    0.970605] initcall pm_sysrq_init+0x0/0x20 returned 0 after 0 usecs?
[    0.971601] calling  crash_save_vmcoreinfo_init+0x0/0x680 @ 1?
[    0.972663] initcall crash_save_vmcoreinfo_init+0x0/0x680 returned 0 after 0 usecs?
[    0.973597] calling  crash_notes_memory_init+0x0/0x50 @ 1?
[    0.974601] initcall crash_notes_memory_init+0x0/0x50 returned 0 after 0 usecs?
[    0.975597] calling  crash_hotplug_init+0x0/0x30 @ 1?
[    0.976597] initcall crash_hotplug_init+0x0/0x30 returned 64 after 0 usecs?
[    0.977596] calling  cgroup_sysfs_init+0x0/0x20 @ 1?
[    0.978603] initcall cgroup_sysfs_init+0x0/0x20 returned 0 after 0 usecs?
[    0.979597] calling  user_namespaces_init+0x0/0x50 @ 1?
[    0.980602] initcall user_namespaces_init+0x0/0x50 returned 0 after 0 usecs?
[    0.981597] calling  oom_init+0x0/0x60 @ 1?
[    0.982623] initcall oom_init+0x0/0x60 returned 0 after 0 usecs?
[    0.983599] calling  init_user_buckets+0x0/0x30 @ 1?
[    0.984596] initcall init_user_buckets+0x0/0x30 returned 0 after 0 usecs?
[    0.985598] calling  init_vm_util_sysctls+0x0/0x30 @ 1?
[    0.986602] initcall init_vm_util_sysctls+0x0/0x30 returned 0 after 0 usecs?
[    0.987597] calling  default_bdi_init+0x0/0x30 @ 1?
[    0.988634] initcall default_bdi_init+0x0/0x30 returned 0 after 0 usecs?
[    0.989599] calling  cgwb_init+0x0/0x30 @ 1?
[    0.990603] initcall cgwb_init+0x0/0x30 returned 0 after 0 usecs?
[    0.991597] calling  percpu_enable_async+0x0/0x10 @ 1?
[    0.992596] initcall percpu_enable_async+0x0/0x10 returned 0 after 0 usecs?
[    0.993596] calling  kcompactd_init+0x0/0x90 @ 1?
[    0.995616] initcall kcompactd_init+0x0/0x90 returned 0 after 1000 usecs?
[    0.996597] calling  init_user_reserve+0x0/0x40 @ 1?
[    0.997596] initcall init_user_reserve+0x0/0x40 returned 0 after 0 usecs?
[    0.998599] calling  init_admin_reserve+0x0/0x40 @ 1?
[    0.999596] initcall init_admin_reserve+0x0/0x40 returned 0 after 0 usecs?
[    1.000596] calling  init_reserve_notifier+0x0/0x10 @ 1?
[    1.001596] initcall init_reserve_notifier+0x0/0x10 returned 0 after 0 usecs?
[    1.002596] calling  swap_init_sysfs+0x0/0x70 @ 1?
[    1.003603] initcall swap_init_sysfs+0x0/0x70 returned 0 after 0 usecs?
[    1.004597] calling  swapfile_init+0x0/0xd0 @ 1?
[    1.005597] initcall swapfile_init+0x0/0xd0 returned 0 after 0 usecs?
[    1.006596] calling  hugetlb_init+0x0/0x4e0 @ 1?
[    1.007599] HugeTLB: allocation took 0ms with hugepage_allocation_threads=2?
[    1.008630] HugeTLB: registered 2.00 MiB page size, pre-allocated 0 pages?
[    1.009596] HugeTLB: 28 KiB vmemmap can be freed for a 2.00 MiB page?
[    1.010647] initcall hugetlb_init+0x0/0x4e0 returned 0 after 3000 usecs?
[    1.011599] calling  ksm_init+0x0/0x1d0 @ 1?
[    1.013644] initcall ksm_init+0x0/0x1d0 returned 0 after 0 usecs?
[    1.014599] calling  memory_tier_init+0x0/0xc0 @ 1?
[    1.015625] initcall memory_tier_init+0x0/0xc0 returned 0 after 0 usecs?
[    1.016598] calling  numa_init_sysfs+0x0/0x70 @ 1?
[    1.017602] initcall numa_init_sysfs+0x0/0x70 returned 0 after 0 usecs?
[    1.018597] calling  hugepage_init+0x0/0x340 @ 1?
[    1.019907] initcall hugepage_init+0x0/0x340 returned 0 after 0 usecs?
[    1.020599] calling  mem_cgroup_init+0x0/0xb0 @ 1?
[    1.021597] initcall mem_cgroup_init+0x0/0xb0 returned 0 after 0 usecs?
[    1.022596] calling  mem_cgroup_swap_init+0x0/0x30 @ 1?
[    1.023600] initcall mem_cgroup_swap_init+0x0/0x30 returned 0 after 0 usecs?
[    1.024597] calling  init_msg_buckets+0x0/0x30 @ 1?
[    1.025596] initcall init_msg_buckets+0x0/0x30 returned 0 after 0 usecs?
[    1.026596] calling  seqiv_module_init+0x0/0x20 @ 1?
[    1.027597] initcall seqiv_module_init+0x0/0x20 returned 0 after 0 usecs?
[    1.028597] calling  rsa_init+0x0/0x60 @ 1?
[    1.029599] initcall rsa_init+0x0/0x60 returned 0 after 0 usecs?
[    1.030597] calling  crypto_cmac_module_init+0x0/0x20 @ 1?
[    1.031596] initcall crypto_cmac_module_init+0x0/0x20 returned 0 after 0 usecs?
[    1.032596] calling  hmac_module_init+0x0/0x20 @ 1?
[    1.033596] initcall hmac_module_init+0x0/0x20 returned 0 after 0 usecs?
[    1.034596] calling  crypto_null_mod_init+0x0/0x60 @ 1?
[    1.035599] initcall crypto_null_mod_init+0x0/0x60 returned 0 after 0 usecs?
[    1.036596] calling  md5_mod_init+0x0/0x20 @ 1?
[    1.037597] initcall md5_mod_init+0x0/0x20 returned 0 after 0 usecs?
[    1.038596] calling  sha1_generic_mod_init+0x0/0x20 @ 1?
[    1.039597] initcall sha1_generic_mod_init+0x0/0x20 returned 0 after 0 usecs?
[    1.040596] calling  sha256_generic_mod_init+0x0/0x20 @ 1?
[    1.041599] initcall sha256_generic_mod_init+0x0/0x20 returned 0 after 0 usecs?
[    1.042596] calling  sha512_generic_mod_init+0x0/0x20 @ 1?
[    1.043599] initcall sha512_generic_mod_init+0x0/0x20 returned 0 after 0 usecs?
[    1.044597] calling  sha3_generic_mod_init+0x0/0x20 @ 1?
[    1.045602] initcall sha3_generic_mod_init+0x0/0x20 returned 0 after 0 usecs?
[    1.046597] calling  wp512_mod_init+0x0/0x20 @ 1?
[    1.047600] initcall wp512_mod_init+0x0/0x20 returned 0 after 0 usecs?
[    1.048598] calling  blake2b_mod_init+0x0/0x20 @ 1?
[    1.049603] initcall blake2b_mod_init+0x0/0x20 returned 0 after 0 usecs?
[    1.050596] calling  crypto_ecb_module_init+0x0/0x20 @ 1?
[    1.051596] initcall crypto_ecb_module_init+0x0/0x20 returned 0 after 0 usecs?
[    1.052596] calling  crypto_cbc_module_init+0x0/0x20 @ 1?
[    1.053596] initcall crypto_cbc_module_init+0x0/0x20 returned 0 after 0 usecs?
[    1.054596] calling  lrw_module_init+0x0/0x20 @ 1?
[    1.055596] initcall lrw_module_init+0x0/0x20 returned 0 after 0 usecs?
[    1.056596] calling  xts_module_init+0x0/0x20 @ 1?
[    1.057596] initcall xts_module_init+0x0/0x20 returned 0 after 0 usecs?
[    1.058596] calling  crypto_ctr_module_init+0x0/0x20 @ 1?
[    1.059597] initcall crypto_ctr_module_init+0x0/0x20 returned 0 after 0 usecs?
[    1.060597] calling  crypto_gcm_module_init+0x0/0x70 @ 1?
[    1.061598] initcall crypto_gcm_module_init+0x0/0x70 returned 0 after 0 usecs?
[    1.062597] calling  crypto_ccm_module_init+0x0/0x20 @ 1?
[    1.063597] initcall crypto_ccm_module_init+0x0/0x20 returned 0 after 0 usecs?
[    1.064596] calling  cryptd_init+0x0/0x120 @ 1?
[    1.066609] cryptd: max_cpu_qlen set to 1000?
[    1.067597] initcall cryptd_init+0x0/0x120 returned 0 after 2000 usecs?
[    1.068597] calling  des_generic_mod_init+0x0/0x20 @ 1?
[    1.069600] initcall des_generic_mod_init+0x0/0x20 returned 0 after 0 usecs?
[    1.070596] calling  aes_init+0x0/0x20 @ 1?
[    1.071598] initcall aes_init+0x0/0x20 returned 0 after 0 usecs?
[    1.072596] calling  arc4_init+0x0/0x20 @ 1?
[    1.073598] initcall arc4_init+0x0/0x20 returned 0 after 0 usecs?
[    1.074596] calling  deflate_mod_init+0x0/0x20 @ 1?
[    1.075599] initcall deflate_mod_init+0x0/0x20 returned 0 after 0 usecs?
[    1.076597] calling  crc32c_mod_init+0x0/0x30 @ 1?
[    1.077601] initcall crc32c_mod_init+0x0/0x30 returned 0 after 0 usecs?
[    1.078597] calling  crc32_mod_init+0x0/0x30 @ 1?
[    1.079601] initcall crc32_mod_init+0x0/0x30 returned 0 after 0 usecs?
[    1.080596] calling  crypto_authenc_module_init+0x0/0x20 @ 1?
[    1.081597] initcall crypto_authenc_module_init+0x0/0x20 returned 0 after 0 usecs?
[    1.082598] calling  crypto_authenc_esn_module_init+0x0/0x20 @ 1?
[    1.083596] initcall crypto_authenc_esn_module_init+0x0/0x20 returned 0 after 0 usecs?
[    1.084596] calling  xxhash_mod_init+0x0/0x20 @ 1?
[    1.085599] initcall xxhash_mod_init+0x0/0x20 returned 0 after 0 usecs?
[    1.086597] calling  prng_mod_init+0x0/0x20 @ 1?
[    1.087599] initcall prng_mod_init+0x0/0x20 returned 0 after 0 usecs?
[    1.088596] calling  drbg_init+0x0/0x90 @ 1?
[    1.089613] initcall drbg_init+0x0/0x90 returned 0 after 0 usecs?
[    1.090596] calling  ghash_mod_init+0x0/0x20 @ 1?
[    1.091599] initcall ghash_mod_init+0x0/0x20 returned 0 after 0 usecs?
[    1.092596] calling  essiv_module_init+0x0/0x20 @ 1?
[    1.093597] initcall essiv_module_init+0x0/0x20 returned 0 after 0 usecs?
[    1.094597] calling  ecdh_init+0x0/0x70 @ 1?
[    1.095605] initcall ecdh_init+0x0/0x70 returned 0 after 0 usecs?
[    1.096596] calling  init_bio+0x0/0xb0 @ 1?
[    1.097623] initcall init_bio+0x0/0xb0 returned 0 after 0 usecs?
[    1.098598] calling  blk_ioc_init+0x0/0x50 @ 1?
[    1.099603] initcall blk_ioc_init+0x0/0x50 returned 0 after 0 usecs?
[    1.100597] calling  blk_mq_init+0x0/0x130 @ 1?
[    1.101598] initcall blk_mq_init+0x0/0x130 returned 0 after 0 usecs?
[    1.102596] calling  genhd_device_init+0x0/0x50 @ 1?
[    1.103624] initcall genhd_device_init+0x0/0x50 returned 0 after 0 usecs?
[    1.104600] calling  blkcg_punt_bio_init+0x0/0x30 @ 1?
[    1.105630] initcall blkcg_punt_bio_init+0x0/0x30 returned 0 after 0 usecs?
[    1.106600] calling  raid6_select_algo+0x0/0x2e0 @ 1?
[    1.124600] raid6: sse2x4   gen()  4048 MB/s?
[    1.142600] raid6: sse2x2   gen()  3930 MB/s?
[    1.160598] raid6: sse2x1   gen()  3177 MB/s?
[    1.161596] raid6: using algorithm sse2x4 gen() 4048 MB/s?
[    1.179598] raid6: .... xor() 2015 MB/s, rmw enabled?
[    1.180597] raid6: using ssse3x2 recovery algorithm?
[    1.181598] initcall raid6_select_algo+0x0/0x2e0 returned 0 after 74000 usecs?
[    1.182597] calling  sg_pool_init+0x0/0xf0 @ 1?
[    1.183614] initcall sg_pool_init+0x0/0xf0 returned 0 after 0 usecs?
[    1.184597] calling  leds_init+0x0/0x50 @ 1?
[    1.185614] initcall leds_init+0x0/0x50 returned 0 after 0 usecs?
[    1.186599] calling  pci_slot_init+0x0/0x40 @ 1?
[    1.187602] initcall pci_slot_init+0x0/0x40 returned 0 after 0 usecs?
[    1.188597] calling  fbmem_init+0x0/0x80 @ 1?
[    1.189633] initcall fbmem_init+0x0/0x80 returned 0 after 0 usecs?
[    1.190597] calling  acpi_init+0x0/0x480 @ 1?
[    1.191632] ACPI: Added _OSI(Module Device)?
[    1.192598] ACPI: Added _OSI(Processor Device)?
[    1.193597] ACPI: Added _OSI(Processor Aggregator Device)?
[    1.196508] ACPI: 2 ACPI AML tables successfully acquired and loaded?
[    1.201694] ACPI: OSL: SCI (IRQ9) allocation failed?
[    1.202598] ACPI Error: AE_NOT_ACQUIRED, Unable to install System Control Interrupt handler (20240827/evevent-96)?
[    1.203596] ACPI: Unable to start the ACPI Interpreter?
[    1.204598] ACPI Error: Could not remove SCI handler (20240827/evmisc-251)?
[    1.206798] initcall acpi_init+0x0/0x480 returned -19 after 15000 usecs?
[    1.207599] calling  pnp_init+0x0/0x20 @ 1?
[    1.208616] initcall pnp_init+0x0/0x20 returned 0 after 0 usecs?
[    1.209598] calling  misc_init+0x0/0xa0 @ 1?
[    1.210609] initcall misc_init+0x0/0xa0 returned 0 after 0 usecs?
[    1.211597] calling  iommu_subsys_init+0x0/0x110 @ 1?
[    1.212596] iommu: Default domain type: Passthrough (set via kernel command line)?
[    1.213598] initcall iommu_subsys_init+0x0/0x110 returned 0 after 1000 usecs?
[    1.214596] calling  cn_init+0x0/0xd0 @ 1?
[    1.215607] initcall cn_init+0x0/0xd0 returned 0 after 0 usecs?
[    1.216597] calling  dax_core_init+0x0/0xe0 @ 1?
[    1.217652] initcall dax_core_init+0x0/0xe0 returned 0 after 0 usecs?
[    1.218598] calling  dma_buf_init+0x0/0xa0 @ 1?
[    1.219614] initcall dma_buf_init+0x0/0xa0 returned 0 after 0 usecs?
[    1.220597] calling  init_scsi+0x0/0x80 @ 1?
[    1.222619] SCSI subsystem initialized?
[    1.223597] initcall init_scsi+0x0/0x80 returned 0 after 2000 usecs?
[    1.224597] calling  ata_init+0x0/0x2d0 @ 1?
[    1.225617] libata version 3.00 loaded.?
[    1.226597] initcall ata_init+0x0/0x2d0 returned 0 after 1000 usecs?
[    1.227596] calling  phy_init+0x0/0x1f0 @ 1?
[    1.228649] initcall phy_init+0x0/0x1f0 returned 0 after 0 usecs?
[    1.229598] calling  usb_common_init+0x0/0x30 @ 1?
[    1.230597] initcall usb_common_init+0x0/0x30 returned 0 after 0 usecs?
[    1.231596] calling  usb_init+0x0/0x160 @ 1?
[    1.233648] usbcore: registered new interface driver usbfs?
[    1.234621] usbcore: registered new interface driver hub?
[    1.235620] usbcore: registered new device driver usb?
[    1.236598] initcall usb_init+0x0/0x160 returned 0 after 3000 usecs?
[    1.237597] calling  serio_init+0x0/0x30 @ 1?
[    1.238613] initcall serio_init+0x0/0x30 returned 0 after 0 usecs?
[    1.239598] calling  input_init+0x0/0xf0 @ 1?
[    1.240610] initcall input_init+0x0/0xf0 returned 0 after 0 usecs?
[    1.241597] calling  cec_devnode_init+0x0/0xb0 @ 1?
[    1.242598] cec: Failed to create debugfs cec dir?
[    1.243615] initcall cec_devnode_init+0x0/0xb0 returned 0 after 1000 usecs?
[    1.244597] calling  power_supply_class_init+0x0/0x20 @ 1?
[    1.245611] initcall power_supply_class_init+0x0/0x20 returned 0 after 0 usecs?
[    1.246597] calling  hwmon_init+0x0/0xd0 @ 1?
[    1.247605] initcall hwmon_init+0x0/0xd0 returned 0 after 0 usecs?
[    1.248597] calling  mmc_init+0x0/0x40 @ 1?
[    1.249631] initcall mmc_init+0x0/0x40 returned 0 after 0 usecs?
[    1.250600] calling  dmi_init+0x0/0x120 @ 1?
[    1.251616] initcall dmi_init+0x0/0x120 returned 0 after 0 usecs?
[    1.252597] calling  ras_init+0x0/0x20 @ 1?
[    1.253597] initcall ras_init+0x0/0x20 returned -19 after 0 usecs?
[    1.254596] calling  nvmem_init+0x0/0x20 @ 1?
[    1.255614] initcall nvmem_init+0x0/0x20 returned 0 after 0 usecs?
[    1.256597] calling  init_soundcore+0x0/0x80 @ 1?
[    1.257606] initcall init_soundcore+0x0/0x80 returned 0 after 0 usecs?
[    1.258597] calling  alsa_sound_init+0x0/0xa0 @ 1?
[    1.259614] Advanced Linux Sound Architecture Driver Initialized.?
[    1.261596] initcall alsa_sound_init+0x0/0xa0 returned 0 after 2000 usecs?
[    1.262596] calling  alsa_seq_device_init+0x0/0x80 @ 1?
[    1.263620] initcall alsa_seq_device_init+0x0/0x80 returned 0 after 0 usecs?
[    1.264598] calling  hda_bus_init+0x0/0x20 @ 1?
[    1.265617] initcall hda_bus_init+0x0/0x20 returned 0 after 0 usecs?
[    1.266597] calling  proto_init+0x0/0x20 @ 1?
[    1.267602] initcall proto_init+0x0/0x20 returned 0 after 0 usecs?
[    1.268598] calling  net_dev_init+0x0/0x320 @ 1?
[    1.269827] initcall net_dev_init+0x0/0x320 returned 0 after 0 usecs?
[    1.270598] calling  neigh_init+0x0/0x20 @ 1?
[    1.271599] initcall neigh_init+0x0/0x20 returned 0 after 0 usecs?
[    1.272596] calling  fib_notifier_init+0x0/0x20 @ 1?
[    1.273599] initcall fib_notifier_init+0x0/0x20 returned 0 after 0 usecs?
[    1.274596] calling  netdev_genl_init+0x0/0x40 @ 1?
[    1.275617] initcall netdev_genl_init+0x0/0x40 returned 0 after 0 usecs?
[    1.276597] calling  page_pool_user_init+0x0/0x20 @ 1?
[    1.277597] initcall page_pool_user_init+0x0/0x20 returned 0 after 0 usecs?
[    1.278596] calling  ethnl_init+0x0/0x60 @ 1?
[    1.279656] initcall ethnl_init+0x0/0x60 returned 0 after 0 usecs?
[    1.280597] calling  nexthop_init+0x0/0x40 @ 1?
[    1.281604] initcall nexthop_init+0x0/0x40 returned 0 after 0 usecs?
[    1.282598] calling  bt_init+0x0/0xc0 @ 1?
[    1.283596] Bluetooth: Core ver 2.22?
[    1.284606] NET: Registered PF_BLUETOOTH protocol family?
[    1.285597] Bluetooth: HCI device and connection manager initialized?
[    1.286600] Bluetooth: HCI socket layer initialized?
[    1.287599] Bluetooth: L2CAP socket layer initialized?
[    1.288599] Bluetooth: SCO socket layer initialized?
[    1.289597] initcall bt_init+0x0/0xc0 returned 0 after 6000 usecs?
[    1.290596] calling  wireless_nlevent_init+0x0/0x40 @ 1?
[    1.291601] initcall wireless_nlevent_init+0x0/0x40 returned 0 after 0 usecs?
[    1.292596] calling  rfkill_init+0x0/0x110 @ 1?
[    1.294670] initcall rfkill_init+0x0/0x110 returned 0 after 1000 usecs?
[    1.295599] calling  pci_subsys_init+0x0/0x70 @ 1?
[    1.296597] PCI: Probing PCI hardware?
[    1.297597] PCI: root bus 00: using default resources?
[    1.298597] PCI: Probing PCI hardware (bus 00)?
[    1.300635] PCI host bridge to bus 0000:00?
[    1.301643] pci_bus 0000:00: root bus resource [io  0x0000-0xffff]?
[    1.302599] pci_bus 0000:00: root bus resource [mem 0x00000000-0xffffffffff]?
[    1.303600] pci_bus 0000:00: No busn resource found for root bus, will use [bus 00-ff]?
[    1.304613] pci 0000:00:00.0: calling  quirk_mmio_always_on+0x0/0x10 @ 1?
[    1.305598] pci 0000:00:00.0: quirk_mmio_always_on+0x0/0x10 took 0 usecs?
[    1.306599] pci 0000:00:00.0: [1022:1436] type 00 class 0x060000 conventional PCI endpoint?
[    1.308682] pci 0000:00:00.2: [1022:1437] type 00 class 0x080600 conventional PCI endpoint?
[    1.309719] pci 0000:00:01.0: [1002:9923] type 00 class 0x030000 PCIe Root Complex Integrated Endpoint?
[    1.310621] pci 0000:00:01.0: BAR 0 [mem 0xe0000000-0xe3ffffff 64bit pref]?
[    1.311599] pci 0000:00:01.0: BAR 2 [mem 0xe4000000-0xe47fffff 64bit pref]?
[    1.312598] pci 0000:00:01.0: BAR 4 [io  0x6000-0x60ff]?
[    1.313598] pci 0000:00:01.0: BAR 5 [mem 0xe4800000-0xe483ffff]?
[    1.314598] pci 0000:00:01.0: ROM [mem 0x00000000-0x0001ffff pref]?
[    1.315602] pci 0000:00:01.0: enabling Extended Tags?
[    1.316605] pci 0000:00:01.0: calling  quirk_no_pm_reset+0x0/0x20 @ 1?
[    1.317597] pci 0000:00:01.0: quirk_no_pm_reset+0x0/0x20 took 0 usecs?
[    1.318598] pci 0000:00:01.0: calling  screen_info_fixup_lfb+0x0/0x170 @ 1?
[    1.319597] pci 0000:00:01.0: screen_info_fixup_lfb+0x0/0x170 took 0 usecs?
[    1.320597] pci 0000:00:01.0: calling  pci_fixup_video+0x0/0xc0 @ 1?
[    1.321600] pci 0000:00:01.0: Video device with shadowed ROM at [mem 0x000c0000-0x000dffff]?
[    1.322597] pci 0000:00:01.0: pci_fixup_video+0x0/0xc0 took 976 usecs?
[    1.323618] pci 0000:00:01.0: supports D1 D2?
[    1.324597] pci 0000:00:01.0: PME# supported from D1 D2 D3hot?
[    1.325694] pci 0000:00:01.1: [1002:9921] type 00 class 0x040300 PCIe Root Complex Integrated Endpoint?
[    1.326618] pci 0000:00:01.1: BAR 0 [mem 0xe4840000-0xe4843fff 64bit]?
[    1.327604] pci 0000:00:01.1: enabling Extended Tags?
[    1.328623] pci 0000:00:01.1: supports D1 D2?
[    1.329696] pci 0000:00:02.0: calling  quirk_mmio_always_on+0x0/0x10 @ 1?
[    1.330598] pci 0000:00:02.0: quirk_mmio_always_on+0x0/0x10 took 0 usecs?
[    1.331598] pci 0000:00:02.0: [1022:1438] type 00 class 0x060000 conventional PCI endpoint?
[    1.332724] pci 0000:00:14.0: [104d:90d7] type 00 class 0x088000 PCIe Endpoint?
[    1.333637] pci 0000:00:14.0: BAR 0 [mem 0xfdf8000000-0xfdf9ffffff 64bit]?
[    1.334598] pci 0000:00:14.0: BAR 2 [io  0x1000-0x13ff]?
[    1.335786] pci 0000:00:14.1: [104d:90d8] type 00 class 0x088001 PCIe Endpoint?
[    1.336637] pci 0000:00:14.1: BAR 0 [mem 0xc2000000-0xc2000fff 64bit]?
[    1.337785] pci 0000:00:14.2: [104d:90d9] type 00 class 0x088002 PCIe Endpoint?
[    1.338637] pci 0000:00:14.2: BAR 0 [mem 0xc4000000-0xc4007fff 64bit]?
[    1.339784] pci 0000:00:14.3: [104d:90da] type 00 class 0x088003 PCIe Endpoint?
[    1.340637] pci 0000:00:14.3: BAR 0 [mem 0xc6000000-0xc6000fff 64bit]?
[    1.342730] pci 0000:00:14.4: [104d:90db] type 00 class 0x088004 PCIe Endpoint?
[    1.343637] pci 0000:00:14.4: BAR 0 [mem 0xc8000000-0xc8001fff 64bit]?
[    1.344599] pci 0000:00:14.4: BAR 2 [mem 0xc8800000-0xc89fffff 64bit]?
[    1.345599] pci 0000:00:14.4: BAR 4 [mem 0xc9000000-0xc91fffff 64bit]?
[    1.346779] pci 0000:00:14.5: [104d:90dc] type 00 class 0x088005 PCIe Endpoint?
[    1.347637] pci 0000:00:14.5: BAR 0 [mem 0xca000000-0xca000fff 64bit]?
[    1.348600] pci 0000:00:14.5: BAR 2 [mem 0xca800000-0xca800fff 64bit]?
[    1.350771] pci 0000:00:14.6: [104d:90dd] type 00 class 0x088006 PCIe Endpoint?
[    1.351637] pci 0000:00:14.6: BAR 0 [mem 0xcc000000-0xcc000fff 64bit]?
[    1.352601] pci 0000:00:14.6: BAR 2 [mem 0x80000000-0xbfffffff 64bit]?
[    1.353598] pci 0000:00:14.6: BAR 4 [mem 0xcd000000-0xcd0fffff]?
[    1.354598] pci 0000:00:14.6: BAR 5 [mem 0xcd400000-0xcd43ffff]?
[    1.355779] pci 0000:00:14.7: [104d:90de] type 00 class 0x088007 PCIe Endpoint?
[    1.357636] pci 0000:00:14.7: BAR 0 [mem 0xce000000-0xce3fffff 64bit]?
[    1.358600] pci 0000:00:14.7: BAR 2 [mem 0xce800000-0xce80ffff 64bit]?
[    1.359599] pci 0000:00:14.7: BAR 4 [mem 0xcf000000-0xcf7fffff 64bit]?
[    1.360771] pci 0000:00:18.0: calling  quirk_mmio_always_on+0x0/0x10 @ 1?
[    1.361598] pci 0000:00:18.0: quirk_mmio_always_on+0x0/0x10 took 0 usecs?
[    1.362598] pci 0000:00:18.0: [1022:142e] type 00 class 0x060000 conventional PCI endpoint?
[    1.363695] pci 0000:00:18.1: calling  quirk_mmio_always_on+0x0/0x10 @ 1?
[    1.364598] pci 0000:00:18.1: quirk_mmio_always_on+0x0/0x10 took 0 usecs?
[    1.365598] pci 0000:00:18.1: [1022:142f] type 00 class 0x060000 conventional PCI endpoint?
[    1.366691] pci 0000:00:18.2: calling  quirk_mmio_always_on+0x0/0x10 @ 1?
[    1.367598] pci 0000:00:18.2: quirk_mmio_always_on+0x0/0x10 took 0 usecs?
[    1.368598] pci 0000:00:18.2: [1022:1430] type 00 class 0x060000 conventional PCI endpoint?
[    1.369691] pci 0000:00:18.3: calling  quirk_mmio_always_on+0x0/0x10 @ 1?
[    1.370598] pci 0000:00:18.3: quirk_mmio_always_on+0x0/0x10 took 0 usecs?
[    1.371598] pci 0000:00:18.3: [1022:1431] type 00 class 0x060000 conventional PCI endpoint?
[    1.373686] pci 0000:00:18.4: calling  quirk_mmio_always_on+0x0/0x10 @ 1?
[    1.374598] pci 0000:00:18.4: quirk_mmio_always_on+0x0/0x10 took 0 usecs?
[    1.375598] pci 0000:00:18.4: [1022:1432] type 00 class 0x060000 conventional PCI endpoint?
[    1.376689] pci 0000:00:18.5: calling  quirk_mmio_always_on+0x0/0x10 @ 1?
[    1.377598] pci 0000:00:18.5: quirk_mmio_always_on+0x0/0x10 took 0 usecs?
[    1.378598] pci 0000:00:18.5: [1022:1433] type 00 class 0x060000 conventional PCI endpoint?
[    1.379690] pci 0000:00:18.6: calling  quirk_mmio_always_on+0x0/0x10 @ 1?
[    1.380598] pci 0000:00:18.6: quirk_mmio_always_on+0x0/0x10 took 0 usecs?
[    1.381598] pci 0000:00:18.6: [1022:1434] type 00 class 0x060000 conventional PCI endpoint?
[    1.382694] pci_bus 0000:00: busn_res: [bus 00-ff] end is updated to 00?
[    1.386304] PCI: pci_cache_line_size set to 64 bytes?
[    1.386640] e820: reserve RAM buffer [mem 0x00008000-0x0000ffff]?
[    1.387598] e820: reserve RAM buffer [mem 0x0009a000-0x0009ffff]?
[    1.388597] e820: reserve RAM buffer [mem 0x00680000-0x006fffff]?
[    1.389597] e820: reserve RAM buffer [mem 0x7efe8000-0x7fffffff]?
[    1.390597] e820: reserve RAM buffer [mem 0x27f000000-0x27fffffff]?
[    1.391598] initcall pci_subsys_init+0x0/0x70 returned 0 after 95000 usecs?
[    1.392597] calling  vsprintf_init_hashval+0x0/0x20 @ 1?
[    1.393599] initcall vsprintf_init_hashval+0x0/0x20 returned 0 after 0 usecs?
[    1.394596] calling  vga_arb_device_init+0x0/0xa0 @ 1?
[    1.395622] pci 0000:00:01.0: vgaarb: setting as boot VGA device?
[    1.396592] pci 0000:00:01.0: vgaarb: bridge control possible?
[    1.396592] pci 0000:00:01.0: vgaarb: VGA device added: decodes=io+mem,owns=io+mem,locks=none?
[    1.396605] vgaarb: loaded?
[    1.397599] initcall vga_arb_device_init+0x0/0xa0 returned 0 after 2000 usecs?
[    1.398598] calling  acpi_wmi_init+0x0/0x80 @ 1?
[    1.399596] initcall acpi_wmi_init+0x0/0x80 returned -19 after 0 usecs?
[    1.400657] calling  nmi_warning_debugfs+0x0/0x30 @ 1?
[    1.401597] initcall nmi_warning_debugfs+0x0/0x30 returned 0 after 0 usecs?
[    1.402596] calling  hpet_late_init+0x0/0x310 @ 1?
[    1.403598] initcall hpet_late_init+0x0/0x310 returned -19 after 0 usecs?
[    1.404596] calling  init_amd_nbs+0x0/0x280 @ 1?
[    1.405614] initcall init_amd_nbs+0x0/0x280 returned 0 after 0 usecs?
[    1.406597] calling  amd_smn_init+0x0/0x1d0 @ 1?
[    1.407597] initcall amd_smn_init+0x0/0x1d0 returned 0 after 0 usecs?
[    1.409596] calling  iomem_init_inode+0x0/0x90 @ 1?
[    1.410622] initcall iomem_init_inode+0x0/0x90 returned 0 after 0 usecs?
[    1.411597] calling  clocksource_done_booting+0x0/0x50 @ 1?
[    1.412666] clocksource: Switched to clocksource tsc-early?
[    1.418195] initcall clocksource_done_booting+0x0/0x50 returned 0 after 5601 usecs?
[    1.425915] calling  secretmem_init+0x0/0x40 @ 1?
[    1.430642] initcall secretmem_init+0x0/0x40 returned 0 after 16 usecs?
[    1.437304] calling  init_fs_stat_sysctls+0x0/0x40 @ 1?
[    1.442555] initcall init_fs_stat_sysctls+0x0/0x40 returned 0 after 9 usecs?
[    1.449657] calling  init_fs_exec_sysctls+0x0/0x30 @ 1?
[    1.454899] initcall init_fs_exec_sysctls+0x0/0x30 returned 0 after 3 usecs?
[    1.462000] calling  init_pipe_fs+0x0/0x70 @ 1?
[    1.466551] initcall init_pipe_fs+0x0/0x70 returned 0 after 21 usecs?
[    1.473033] calling  init_fs_namei_sysctls+0x0/0x30 @ 1?
[    1.478366] initcall init_fs_namei_sysctls+0x0/0x30 returned 0 after 6 usecs?
[    1.485551] calling  init_fs_dcache_sysctls+0x0/0x50 @ 1?
[    1.490974] initcall init_fs_dcache_sysctls+0x0/0x50 returned 0 after 7 usecs?
[    1.498249] calling  init_fs_namespace_sysctls+0x0/0x30 @ 1?
[    1.503932] initcall init_fs_namespace_sysctls+0x0/0x30 returned 0 after 3 usecs?
[    1.511476] calling  cgroup_writeback_init+0x0/0x30 @ 1?
[    1.516810] initcall cgroup_writeback_init+0x0/0x30 returned 0 after 7 usecs?
[    1.523997] calling  inotify_user_setup+0x0/0xd0 @ 1?
[    1.529069] initcall inotify_user_setup+0x0/0xd0 returned 0 after 11 usecs?
[    1.536081] calling  eventpoll_init+0x0/0x130 @ 1?
[    1.540886] initcall eventpoll_init+0x0/0x130 returned 0 after 8 usecs?
[    1.547542] calling  anon_inode_init+0x0/0x70 @ 1?
[    1.552357] initcall anon_inode_init+0x0/0x70 returned 0 after 17 usecs?
[    1.559103] calling  proc_locks_init+0x0/0x30 @ 1?
[    1.563904] initcall proc_locks_init+0x0/0x30 returned 0 after 3 usecs?
[    1.570560] calling  backing_aio_init+0x0/0x50 @ 1?
[    1.575449] initcall backing_aio_init+0x0/0x50 returned 0 after 3 usecs?
[    1.582193] calling  init_fs_coredump_sysctls+0x0/0x30 @ 1?
[    1.587794] initcall init_fs_coredump_sysctls+0x0/0x30 returned 0 after 7 usecs?
[    1.595247] calling  init_vm_drop_caches_sysctls+0x0/0x30 @ 1?
[    1.601109] initcall init_vm_drop_caches_sysctls+0x0/0x30 returned 0 after 4 usecs?
[    1.608829] calling  iomap_dio_init+0x0/0x30 @ 1?
[    1.613554] initcall iomap_dio_init+0x0/0x30 returned 0 after 17 usecs?
[    1.620213] calling  iomap_ioend_init+0x0/0x30 @ 1?
[    1.625121] initcall iomap_ioend_init+0x0/0x30 returned 0 after 24 usecs?
[    1.631956] calling  proc_cmdline_init+0x0/0x40 @ 1?
[    1.636932] initcall proc_cmdline_init+0x0/0x40 returned 0 after 3 usecs?
[    1.643766] calling  proc_consoles_init+0x0/0x30 @ 1?
[    1.648828] initcall proc_consoles_init+0x0/0x30 returned 0 after 2 usecs?
[    1.655749] calling  proc_cpuinfo_init+0x0/0x30 @ 1?
[    1.660729] initcall proc_cpuinfo_init+0x0/0x30 returned 0 after 3 usecs?
[    1.667562] calling  proc_devices_init+0x0/0x30 @ 1?
[    1.672541] initcall proc_devices_init+0x0/0x30 returned 0 after 2 usecs?
[    1.679375] calling  proc_interrupts_init+0x0/0x30 @ 1?
[    1.684615] initcall proc_interrupts_init+0x0/0x30 returned 0 after 2 usecs?
[    1.691718] calling  proc_loadavg_init+0x0/0x30 @ 1?
[    1.696693] initcall proc_loadavg_init+0x0/0x30 returned 0 after 2 usecs?
[    1.703526] calling  proc_meminfo_init+0x0/0x30 @ 1?
[    1.708501] initcall proc_meminfo_init+0x0/0x30 returned 0 after 2 usecs?
[    1.715332] calling  proc_stat_init+0x0/0x30 @ 1?
[    1.720043] initcall proc_stat_init+0x0/0x30 returned 0 after 2 usecs?
[    1.726612] calling  proc_uptime_init+0x0/0x30 @ 1?
[    1.731500] initcall proc_uptime_init+0x0/0x30 returned 0 after 3 usecs?
[    1.738244] calling  proc_version_init+0x0/0x30 @ 1?
[    1.743219] initcall proc_version_init+0x0/0x30 returned 0 after 2 usecs?
[    1.750051] calling  proc_softirqs_init+0x0/0x30 @ 1?
[    1.755114] initcall proc_softirqs_init+0x0/0x30 returned 0 after 2 usecs?
[    1.762037] calling  vmcore_init+0x0/0x4e0 @ 1?
[    1.766568] initcall vmcore_init+0x0/0x4e0 returned 0 after 0 usecs?
[    1.772958] calling  proc_kmsg_init+0x0/0x30 @ 1?
[    1.777671] initcall proc_kmsg_init+0x0/0x30 returned 0 after 5 usecs?
[    1.784245] calling  proc_page_init+0x0/0x60 @ 1?
[    1.788957] initcall proc_page_init+0x0/0x60 returned 0 after 5 usecs?
[    1.795523] calling  init_ramfs_fs+0x0/0x20 @ 1?
[    1.800143] initcall init_ramfs_fs+0x0/0x20 returned 0 after 1 usecs?
[    1.806621] calling  init_hugetlbfs_fs+0x0/0x130 @ 1?
[    1.811710] initcall init_hugetlbfs_fs+0x0/0x130 returned 0 after 27 usecs?
[    1.818725] calling  dynamic_debug_init_control+0x0/0x90 @ 1?
[    1.824499] initcall dynamic_debug_init_control+0x0/0x90 returned 0 after 4 usecs?
[    1.832130] calling  acpi_event_init+0x0/0x40 @ 1?
[    1.836926] initcall acpi_event_init+0x0/0x40 returned 0 after 0 usecs?
[    1.843581] calling  pnp_system_init+0x0/0x20 @ 1?
[    1.848396] initcall pnp_system_init+0x0/0x20 returned 0 after 17 usecs?
[    1.855144] calling  pnpacpi_init+0x0/0x70 @ 1?
[    1.859675] pnp: PnP ACPI: disabled?
[    1.863229] initcall pnpacpi_init+0x0/0x70 returned 0 after 3554 usecs?
[    1.869886] calling  chr_dev_init+0x0/0x90 @ 1?
[    1.879253] initcall chr_dev_init+0x0/0x90 returned 0 after 4831 usecs?
[    1.885918] calling  hwrng_modinit+0x0/0xa0 @ 1?
[    1.890615] initcall hwrng_modinit+0x0/0xa0 returned 0 after 74 usecs?
[    1.897190] calling  firmware_class_init+0x0/0x40 @ 1?
[    1.902341] initcall firmware_class_init+0x0/0x40 returned 0 after 1 usecs?
[    1.909350] calling  sysctl_core_init+0x0/0x40 @ 1?
[    1.914265] initcall sysctl_core_init+0x0/0x40 returned 0 after 28 usecs?
[    1.921100] calling  eth_offload_init+0x0/0x20 @ 1?
[    1.925987] initcall eth_offload_init+0x0/0x20 returned 0 after 0 usecs?
[    1.932731] calling  ipv4_offload_init+0x0/0xc0 @ 1?
[    1.937707] initcall ipv4_offload_init+0x0/0xc0 returned 0 after 1 usecs?
[    1.944538] calling  inet_init+0x0/0x2c0 @ 1?
[    1.948913] NET: Registered PF_INET protocol family?
[    1.954185] IP idents hash table entries: 131072 (order: 8, 1048576 bytes, linear)?
[    1.966047] tcp_listen_portaddr_hash hash table entries: 4096 (order: 4, 65536 bytes, linear)?
[    1.974776] Table-perturb hash table entries: 65536 (order: 6, 262144 bytes, linear)?
[    1.982699] TCP established hash table entries: 65536 (order: 7, 524288 bytes, linear)?
[    1.991042] TCP bind hash table entries: 65536 (order: 9, 2097152 bytes, linear)?
[    1.999192] TCP: Hash tables configured (established 65536 bind 65536)?
[    2.005960] UDP hash table entries: 4096 (order: 6, 262144 bytes, linear)?
[    2.012977] UDP-Lite hash table entries: 4096 (order: 6, 262144 bytes, linear)?
[    2.020512] initcall inet_init+0x0/0x2c0 returned 0 after 71620 usecs?
[    2.027092] calling  af_unix_init+0x0/0xb0 @ 1?
[    2.031628] NET: Registered PF_UNIX/PF_LOCAL protocol family?
[    2.037408] initcall af_unix_init+0x0/0xb0 returned 0 after 5784 usecs?
[    2.044069] calling  ipv6_offload_init+0x0/0xc0 @ 1?
[    2.049049] initcall ipv6_offload_init+0x0/0xc0 returned 0 after 2 usecs?
[    2.055882] calling  init_sunrpc+0x0/0x80 @ 1?
[    2.060666] RPC: Registered named UNIX socket transport module.?
[    2.066704] RPC: Registered udp transport module.?
[    2.071498] RPC: Registered tcp transport module.?
[    2.076290] RPC: Registered tcp-with-tls transport module.?
[    2.081879] RPC: Registered tcp NFSv4.1 backchannel transport module.?
[    2.088443] initcall init_sunrpc+0x0/0x80 returned 0 after 28118 usecs?
[    2.095106] calling  pcibios_assign_resources+0x0/0xd0 @ 1?
[    2.100727] pci_bus 0000:00: resource 4 [io  0x0000-0xffff]?
[    2.106411] pci_bus 0000:00: resource 5 [mem 0x00000000-0xffffffffff]?
[    2.112980] initcall pcibios_assign_resources+0x0/0xd0 returned 0 after 12276 usecs?
[    2.120788] calling  pci_apply_final_quirks+0x0/0x110 @ 1?
[    2.126320] pci 0000:00:01.1: calling  quirk_gpu_hda+0x0/0x20 @ 1?
[    2.132609] pci 0000:00:01.1: D0 power state depends on 0000:00:01.0?
[    2.139088] pci 0000:00:01.1: quirk_gpu_hda+0x0/0x20 took 6397 usecs?
[    2.145580] pci 0000:00:02.0: CLS mismatch (64 != 512), using 64 bytes?
[    2.152295] initcall pci_apply_final_quirks+0x0/0x110 returned 0 after 25999 usecs?
[    2.160016] calling  acpi_reserve_resources+0x0/0x100 @ 1?
[    2.165525] initcall acpi_reserve_resources+0x0/0x100 returned 0 after 4 usecs?
[    2.172892] calling  populate_rootfs+0x0/0x50 @ 1?
[    2.177702] initcall populate_rootfs+0x0/0x50 returned 0 after 12 usecs?
[    2.178011] Trying to unpack rootfs image as initramfs...?
[    2.184447] calling  pci_iommu_init+0x0/0x40 @ 1?
[    2.184459] ACPI Error: AE_BAD_PARAMETER, Thread 1074757632 could not acquire Mutex [ACPI_MTX_Tables] (0x2) (20240827/utmutex-252)?
[    2.206638] ACPI Error: Mutex [ACPI_MTX_Tables] (0x2) is not acquired, cannot release (20240827/utmutex-289)?
[    2.216686] PCI-DMA: Using software bounce buffering for IO (SWIOTLB)?
[    2.223259] software IO TLB: mapped [mem 0x000000007afe8000-0x000000007efe8000] (64MB)?
[    2.231341] initcall pci_iommu_init+0x0/0x40 returned 0 after 46886 usecs?
[    2.238346] calling  ia32_binfmt_init+0x0/0x30 @ 1?
[    2.243250] initcall ia32_binfmt_init+0x0/0x30 returned 0 after 9 usecs?
[    2.250002] calling  amd_ibs_init+0x0/0x370 @ 1?
[    2.254630] LVT offset 0 assigned for vector 0x400?
[    2.260676] perf: AMD IBS detected (0x000000ff)?
[    2.265307] initcall amd_ibs_init+0x0/0x370 returned 0 after 10679 usecs?
[    2.272151] calling  amd_iommu_pc_init+0x0/0x230 @ 1?
[    2.277220] initcall amd_iommu_pc_init+0x0/0x230 returned -19 after 0 usecs?
[    2.284331] calling  msr_init+0x0/0x60 @ 1?
[    2.288544] initcall msr_init+0x0/0x60 returned 0 after 24 usecs?
[    2.294679] calling  kvm_x86_init+0x0/0x30 @ 1?
[    2.299221] initcall kvm_x86_init+0x0/0x30 returned 0 after 2 usecs?
[    2.305625] calling  svm_init+0x0/0xb0 @ 1?
[    2.307013] Freeing initrd memory: 4080K?
[    2.309879] kvm_amd: TSC scaling supported?
[    2.317997] kvm_amd: Nested Virtualization enabled?
[    2.322880] kvm_amd: Nested Paging enabled?
[    2.327054] kvm_amd: LBR virtualization supported?
[    2.363638] initcall svm_init+0x0/0xb0 returned 0 after 53804 usecs?
[    2.370041] calling  register_kernel_offset_dumper+0x0/0x20 @ 1?
[    2.376080] initcall register_kernel_offset_dumper+0x0/0x20 returned 0 after 1 usecs?
[    2.383975] calling  i8259A_init_ops+0x0/0x30 @ 1?
[    2.388775] initcall i8259A_init_ops+0x0/0x30 returned 0 after 0 usecs?
[    2.395431] calling  init_tsc_clocksource+0x0/0xc0 @ 1?
[    2.400678] initcall init_tsc_clocksource+0x0/0xc0 returned 0 after 7 usecs?
[    2.407777] calling  add_rtc_cmos+0x0/0xa0 @ 1?
[    2.412354] platform rtc_cmos: registered platform RTC device (no PNP device found)?
[    2.420164] initcall add_rtc_cmos+0x0/0xa0 returned 0 after 7854 usecs?
[    2.426822] calling  i8237A_init_ops+0x0/0x50 @ 1?
[    2.431621] initcall i8237A_init_ops+0x0/0x50 returned -19 after 1 usecs?
[    2.438454] calling  umwait_init+0x0/0xa0 @ 1?
[    2.442898] initcall umwait_init+0x0/0xa0 returned -19 after 0 usecs?
[    2.449378] calling  msr_init+0x0/0xc0 @ 1?
[    2.454927] initcall msr_init+0x0/0xc0 returned 0 after 1372 usecs?
[    2.461234] calling  cpuid_init+0x0/0xc0 @ 1?
[    2.466458] initcall cpuid_init+0x0/0xc0 returned 0 after 868 usecs?
[    2.472860] calling  ioapic_init_ops+0x0/0x20 @ 1?
[    2.477659] initcall ioapic_init_ops+0x0/0x20 returned 0 after 0 usecs?
[    2.484315] calling  audit_classes_init+0x0/0xc0 @ 1?
[    2.489382] initcall audit_classes_init+0x0/0xc0 returned 0 after 4 usecs?
[    2.496305] calling  twofish_glue_init+0x0/0x20 @ 1?
[    2.501289] initcall twofish_glue_init+0x0/0x20 returned 0 after 11 usecs?
[    2.508210] calling  twofish_3way_init+0x0/0x70 @ 1?
[    2.513189] initcall twofish_3way_init+0x0/0x70 returned 0 after 6 usecs?
[    2.520022] calling  twofish_init+0x0/0x50 @ 1?
[    2.524569] initcall twofish_init+0x0/0x50 returned 0 after 17 usecs?
[    2.531048] calling  des3_ede_x86_init+0x0/0x80 @ 1?
[    2.536035] initcall des3_ede_x86_init+0x0/0x80 returned 0 after 11 usecs?
[    2.542957] calling  blowfish_init+0x0/0x80 @ 1?
[    2.547586] initcall blowfish_init+0x0/0x80 returned 0 after 10 usecs?
[    2.554152] calling  chacha_simd_mod_init+0x0/0x90 @ 1?
[    2.559492] initcall chacha_simd_mod_init+0x0/0x90 returned 0 after 101 usecs?
[    2.566770] calling  aesni_init+0x0/0x280 @ 1?
[    2.571322] initcall aesni_init+0x0/0x280 returned 0 after 109 usecs?
[    2.577802] calling  sha1_ssse3_mod_init+0x0/0xb0 @ 1?
[    2.582965] initcall sha1_ssse3_mod_init+0x0/0xb0 returned 0 after 12 usecs?
[    2.590064] calling  sha256_ssse3_mod_init+0x0/0xc0 @ 1?
[    2.595417] initcall sha256_ssse3_mod_init+0x0/0xc0 returned 0 after 27 usecs?
[    2.602697] calling  sha512_ssse3_mod_init+0x0/0x90 @ 1?
[    2.608047] initcall sha512_ssse3_mod_init+0x0/0x90 returned 0 after 24 usecs?
[    2.615322] calling  poly1305_simd_mod_init+0x0/0xc0 @ 1?
[    2.620827] initcall poly1305_simd_mod_init+0x0/0xc0 returned 0 after 89 usecs?
[    2.628193] calling  curve25519_mod_init+0x0/0x40 @ 1?
[    2.633343] initcall curve25519_mod_init+0x0/0x40 returned 0 after 0 usecs?
[    2.640353] calling  iosf_mbi_init+0x0/0x30 @ 1?
[    2.645025] initcall iosf_mbi_init+0x0/0x30 returned 0 after 53 usecs?
[    2.651596] calling  proc_execdomains_init+0x0/0x30 @ 1?
[    2.656930] initcall proc_execdomains_init+0x0/0x30 returned 0 after 7 usecs?
[    2.664118] calling  register_warn_debugfs+0x0/0x30 @ 1?
[    2.669446] initcall register_warn_debugfs+0x0/0x30 returned 0 after 0 usecs?
[    2.676632] calling  cpuhp_sysfs_init+0x0/0xf0 @ 1?
[    2.681576] initcall cpuhp_sysfs_init+0x0/0xf0 returned 0 after 59 usecs?
[    2.688410] calling  ioresources_init+0x0/0x50 @ 1?
[    2.693300] initcall ioresources_init+0x0/0x50 returned 0 after 4 usecs?
[    2.700044] calling  proc_modules_init+0x0/0x30 @ 1?
[    2.705022] initcall proc_modules_init+0x0/0x30 returned 0 after 3 usecs?
[    2.711855] calling  timer_sysctl_init+0x0/0x30 @ 1?
[    2.716836] initcall timer_sysctl_init+0x0/0x30 returned 0 after 7 usecs?
[    2.723671] calling  timekeeping_init_ops+0x0/0x20 @ 1?
[    2.728910] initcall timekeeping_init_ops+0x0/0x20 returned 0 after 0 usecs?
[    2.736010] calling  init_clocksource_sysfs+0x0/0x30 @ 1?
[    2.741479] initcall init_clocksource_sysfs+0x0/0x30 returned 0 after 52 usecs?
[    2.748848] calling  init_timer_list_procfs+0x0/0x40 @ 1?
[    2.754268] initcall init_timer_list_procfs+0x0/0x40 returned 0 after 3 usecs?
[    2.761545] calling  alarmtimer_init+0x0/0x90 @ 1?
[    2.766360] initcall alarmtimer_init+0x0/0x90 returned 0 after 15 usecs?
[    2.773112] calling  init_posix_timers+0x0/0x50 @ 1?
[    2.778089] initcall init_posix_timers+0x0/0x50 returned 0 after 3 usecs?
[    2.784924] calling  clockevents_init_sysfs+0x0/0xe0 @ 1?
[    2.790539] initcall clockevents_init_sysfs+0x0/0xe0 returned 0 after 197 usecs?
[    2.797997] calling  proc_dma_init+0x0/0x30 @ 1?
[    2.802621] initcall proc_dma_init+0x0/0x30 returned 0 after 3 usecs?
[    2.809102] calling  kallsyms_init+0x0/0x30 @ 1?
[    2.813726] initcall kallsyms_init+0x0/0x30 returned 0 after 2 usecs?
[    2.820205] calling  pid_namespaces_init+0x0/0x60 @ 1?
[    2.825374] initcall pid_namespaces_init+0x0/0x60 returned 0 after 13 usecs?
[    2.832475] calling  ikconfig_init+0x0/0x50 @ 1?
[    2.837099] initcall ikconfig_init+0x0/0x50 returned 0 after 3 usecs?
[    2.843582] calling  audit_watch_init+0x0/0x40 @ 1?
[    2.848469] initcall audit_watch_init+0x0/0x40 returned 0 after 0 usecs?
[    2.855216] calling  audit_fsnotify_init+0x0/0x50 @ 1?
[    2.860372] initcall audit_fsnotify_init+0x0/0x50 returned 0 after 4 usecs?
[    2.867384] calling  audit_tree_init+0x0/0x90 @ 1?
[    2.872184] initcall audit_tree_init+0x0/0x90 returned 0 after 3 usecs?
[    2.878841] calling  seccomp_sysctl_init+0x0/0x30 @ 1?
[    2.883998] initcall seccomp_sysctl_init+0x0/0x30 returned 0 after 6 usecs?
[    2.891010] calling  utsname_sysctl_init+0x0/0x30 @ 1?
[    2.896171] initcall utsname_sysctl_init+0x0/0x30 returned 0 after 9 usecs?
[    2.903184] calling  perf_event_sysfs_init+0x0/0x90 @ 1?
[    2.908702] initcall perf_event_sysfs_init+0x0/0x90 returned 0 after 189 usecs?
[    2.916072] calling  system_trusted_keyring_init+0x0/0x70 @ 1?
[    2.921933] Initialise system trusted keyrings?
[    2.926478] initcall system_trusted_keyring_init+0x0/0x70 returned 0 after 4545 usecs?
[    2.934467] calling  kswapd_init+0x0/0x90 @ 1?
[    2.939024] initcall kswapd_init+0x0/0x90 returned 0 after 113 usecs?
[    2.945508] calling  extfrag_debug_init+0x0/0x60 @ 1?
[    2.950571] initcall extfrag_debug_init+0x0/0x60 returned 0 after 0 usecs?
[    2.957491] calling  mm_compute_batch_init+0x0/0x20 @ 1?
[    2.962818] initcall mm_compute_batch_init+0x0/0x20 returned 0 after 0 usecs?
[    2.970007] calling  slab_proc_init+0x0/0x30 @ 1?
[    2.974718] initcall slab_proc_init+0x0/0x30 returned 0 after 3 usecs?
[    2.981286] calling  workingset_init+0x0/0xb0 @ 1?
[    2.986083] workingset: timestamp_bits=40 max_order=21 bucket_order=0?
[    2.992650] initcall workingset_init+0x0/0xb0 returned 0 after 6567 usecs?
[    2.999571] calling  proc_vmalloc_init+0x0/0x40 @ 1?
[    3.004553] initcall proc_vmalloc_init+0x0/0x40 returned 0 after 6 usecs?
[    3.011387] calling  slab_debugfs_init+0x0/0x60 @ 1?
[    3.016364] initcall slab_debugfs_init+0x0/0x60 returned 0 after 2 usecs?
[    3.023199] calling  procswaps_init+0x0/0x30 @ 1?
[    3.027910] initcall procswaps_init+0x0/0x30 returned 0 after 2 usecs?
[    3.034478] calling  fcntl_init+0x0/0x50 @ 1?
[    3.038835] initcall fcntl_init+0x0/0x50 returned 0 after 3 usecs?
[    3.045049] calling  proc_filesystems_init+0x0/0x30 @ 1?
[    3.050380] initcall proc_filesystems_init+0x0/0x30 returned 0 after 3 usecs?
[    3.057566] calling  start_dirtytime_writeback+0x0/0x50 @ 1?
[    3.063253] initcall start_dirtytime_writeback+0x0/0x50 returned 0 after 5 usecs?
[    3.070794] calling  dio_init+0x0/0x50 @ 1?
[    3.074974] initcall dio_init+0x0/0x50 returned 0 after 3 usecs?
[    3.081012] calling  dnotify_init+0x0/0xd0 @ 1?
[    3.085551] initcall dnotify_init+0x0/0xd0 returned 0 after 9 usecs?
[    3.091942] calling  fanotify_user_setup+0x0/0x190 @ 1?
[    3.097193] initcall fanotify_user_setup+0x0/0x190 returned 0 after 12 usecs?
[    3.104381] calling  aio_setup+0x0/0xd0 @ 1?
[    3.108686] initcall aio_setup+0x0/0xd0 returned 0 after 39 usecs?
[    3.114904] calling  mbcache_init+0x0/0x50 @ 1?
[    3.119441] initcall mbcache_init+0x0/0x50 returned 0 after 7 usecs?
[    3.125833] calling  init_grace+0x0/0x20 @ 1?
[    3.130189] initcall init_grace+0x0/0x20 returned 0 after 3 usecs?
[    3.136403] calling  init_devpts_fs+0x0/0x40 @ 1?
[    3.141120] initcall init_devpts_fs+0x0/0x40 returned 0 after 8 usecs?
[    3.147686] calling  ext4_init_fs+0x0/0x1a0 @ 1?
[    3.152374] initcall ext4_init_fs+0x0/0x1a0 returned 0 after 67 usecs?
[    3.158948] calling  journal_init+0x0/0x160 @ 1?
[    3.163582] initcall journal_init+0x0/0x160 returned 0 after 14 usecs?
[    3.170153] calling  init_fat_fs+0x0/0x70 @ 1?
[    3.174602] initcall init_fat_fs+0x0/0x70 returned 0 after 6 usecs?
[    3.180905] calling  init_vfat_fs+0x0/0x20 @ 1?
[    3.185439] initcall init_vfat_fs+0x0/0x20 returned 0 after 1 usecs?
[    3.191831] calling  init_exfat_fs+0x0/0x90 @ 1?
[    3.196458] initcall init_exfat_fs+0x0/0x90 returned 0 after 7 usecs?
[    3.202939] calling  init_iso9660_fs+0x0/0x90 @ 1?
[    3.207750] initcall init_iso9660_fs+0x0/0x90 returned 0 after 14 usecs?
[    3.214497] calling  init_nfs_fs+0x0/0x130 @ 1?
[    3.219209] initcall init_nfs_fs+0x0/0x130 returned 0 after 181 usecs?
[    3.225782] calling  init_nfs_v3+0x0/0x20 @ 1?
[    3.230229] initcall init_nfs_v3+0x0/0x20 returned 0 after 0 usecs?
[    3.236530] calling  init_nlm+0x0/0x90 @ 1?
[    3.240736] initcall init_nlm+0x0/0x90 returned 0 after 27 usecs?
[    3.246864] calling  init_nls_cp437+0x0/0x20 @ 1?
