[SceLncService] launchApp(AZIF00003)?
[SceLncService] category={gde} VRMode={0,0}?
[SceLncService] hnm,psnf,pc,tk,ns={0,0,0,0,0} appBootMode={0}?
[SceLncService] appType={SCE_LNC_APP_TYPE_MINI_APP} [] appVer={0.98}?
[SceLncService] mem_mode = {NORMAL}?
[SceLncService] Num. of logged-in users is 1?
[SceLncService] PrepareProcessLaunchDirCheck()?
[SceLncService] PrepareProcessLaunchDirCheck() returned?
[SceSystemStateMgr] Power Mode Change: FULL_GAME?
[ScePatchChecker] (*) check (title_id='AZIF00003', app_version='0.98', check_option=0): status=0, trigger=1 userId=0xffffffff return 0x80412883?
[SceSystemStateMgr] CPU  HLT CP SE CU ACLK DCLK ECLK LCLK SCLK SAMCLK VCLK DispCLK NCLK MemCLK MemP GMC DPM VDD      VDDNB    SOC      ?
[SceSystemStateMgr] 1600   0 NA  0 18  800  673  609  800  800    711  711     673 1400   1375   NA  NA   3 05b/975  05d/962  00710fa0?
[SceLncService] PrepareProcessLaunchDir()?
[ScePatchChecker] check (title_id='AZIF00003', app_version='0.98', check_option=0): status=0, dl_status=0, trigger=1 userId=0xffffffff return 0x80412883?
[SceShellUI] I/PSM.UI : OnFocusActiveSceneChanged [ContentAreaScene : ContentAreaScene] -> [SplashScreen : SplashScreenScene]?
[SceShellUI] I/PSM.UI :      Scene [SplashScreen : SplashScreenScene] : Alive?
SetDeviceIndexBehavior: mode=MergeAllConnectedDevice, param=null?
[Theme/I] : ActiveUserChanged : From : [BLUE(userId = 1ab07dc7)]?
[Theme/I] : ActiveUserChanged : To   : [ANONYMOUS(userId = ffffffff)]?
[Theme/I] : Apply [ANONYMOUS] : [Option:101000]: with not preloaded user?
[BGFT] [571] GameStartBoot(AZIF00003, 7) start?
[BGFT] [573] GameStartBoot(AZIF00003, 7) end?
[SceShellCore] Libc Heap Status: free 36%, in-use 3879.9 KB, trend +66.7 KB/min, peak 4095.8 KB, when 169 [sec]?
[PFS] mount [0x00007b4fcc336f4d] finished 1 1 1 1 0 1 1?
[PFS] mount [0x00007b4fcc3353b5] finished 1 0 0 1 0 1 1?
[BGFT] [606] GameWillStart(AZIF00003, 7) start?
[BGFT] [608] GameWillStart(AZIF00003, 7) end?
[SceLncService] PrepareProcessLaunchDir() returned?
[SceLncService] spawnApp?
[Syscore App] createApp AZIF00003?
[Sy[score App]  ExpandCpuSetMode : disable?
[Syscore App] processSpawn(pid, 0x60000f0c, 0x10f0c130, appParam, processParam, 1, 1, 1, param, debug, 0)?
[Syscore App] appParam: appType = 0x1, rootPath = /mnt/sandbox/AZIF00003_000, titleId = AZIF00003?
[Syscore App] processParam: elfPath = /app0/eboot.bin, fullPath = /mnt/sandbox/pfsmnt/AZIF00003-app0-patch0-union/eboot.bin?
[Syscore App] new pid=0x46[Syscore App] attributeExe= 0?
[Syscore App] Ready to exec?
[Syscore App] wait for NOTE_EXIT|NOTE_EXEC?
KERNEL] dmem_start_app_process pid: 70, map=0xffff83784869a9f8, app_maps_count[1], 0 -> 1?
[Syscore App] Add event : pid=0xm46?
[AppMgr Trace]: New Process, pid=0x46, created.?
[AppMgr Trace]: New App, appId=0x60000f0c, created?
[Syscore App]  ExpandCpuSetMode : disable?
[VCS]checkFocusStatus() [LNC->VCS] Focus Change. appType = 4(MINI_APP). appId = 0x60000f0c.?
DBG: Process 70 untraced!?
<70> EXEC /app0/eboot.bin [system], vm#0, dmem#0  <1[AppDb] openDb()[1063]: [File:Open] openDb() call dbutil::Connection::Open() path[/ukknjdOSkV/priv/mms/app.db] flags[0x10000002] result[0x0, 0]?
[AppDb] AppInfoDbInitializeDaemon()[54]: [File:Open] AppInfoDbInitializeDaemon() call DbAccessor::Init() path[/ukknjdOSkV/priv/mms/app.db] result[0x0, 0].?
[UIProcess] malloc stats freeSize:38828832 (93%) inuseSize:3114208 peakSize:4064512 [pid:0x3a]?
[AppDb] AppInfoDbTerminateDaemon()[67]: [File:Close] AppInfoDbTerminateDaemon() call DbAccessor::Terminate().?
[AppDb] Terminate()[768]: [File:Close] DbAccessor::Terminate() call dbutil::Connection::Close().?
[SL] AppFocusChanged [NPXS20001] -> [AZIF00003]?
81253 msec>?
[GoldHEN] <Plugins Loader> Started successfully?
[GoldHEN] <Plugins Loader> Config parser failed to parse config: /data/GoldHEN/plugins.ini?
(../game_patch/source/main.cpp:354) [GoldHEN] <game_patch\Ver.0x00000110> module_start?
(../game_patch/source/main.cpp:355) [GoldHEN] Plugin Author(s): illusion?
(../game_patch/source/main.cpp:356) Commit: caacf01174654235459d48ab9d0b9e00a588b300 Branch: main Build: 188 (Release)?
(../game_patch/source/main.cpp:356) Built: May 27 2023 @ 04:49:25?
(../game_patch/source/main.cpp:356) GoldHEN SDK Ver: 0x00000100?
(../game_patch/source/main.cpp:356) GoldHEN System SDK Ver: 0xffffffff?
(../game_patch/source/main.cpp:324) numModules: 5?
(../game_patch/source/main.cpp:328) ret 0x0?
(../game_patch/source/main.cpp:329) module 0?
(../game_patch/source/main.cpp:330) name: eboot.bin?
(../game_patch/source/main.cpp:331) start: 0x400000?
(../game_patch/source/main.cpp:332) size: 49152 (0xc000)?
(../game_patch/source/main.cpp:365) Module start: 0x400000 0xc000?
(../game_patch/source/main.cpp:371) process info?
(../game_patch/source/main.cpp:371)? pid: 70?
(../game_patch/source/main.cpp:371) name: eboot.bin?
(../game_patch/source/main.cpp:371) path: /app0/eboot.bin?
(../game_patch/source/main.cpp:371) titleid: AZIF00003?
(../game_patch/source/main.cpp:371) contentid: IV0000-AZIF00003_00-PAYLOADGUEST0000?
(../game_patch/source/main.cpp:371) version: 0.98?
(../game_patch/source/main.cpp:371) base_address: 0x400000?
(../game_patch/source/main.cpp:130) file /data/GoldHEN/patches/xml/AZIF00003.xml not found?
[32m[Info ] src/ChainLauncher.c:22: Loading "/app0/guest.elf"?[0m?
[SceLncService] tryLockSuspendBl[ock: appId={0x60000f0c}?
[Syscore App] Kill for LoadExec(0x46)?
KERNEL] dmem_handle_vmspace_exited pid: 70, ptype=1, 0xffff83784869a9f8->pt_loaded is TRUE?
[KERNEL] dmem_handle_vmspace_exited map #0 0xffff83784869a9f8?
[KERNEL] dmem_handle_vmspace_exited pid: 70, app_maps_count[1], 1 -> 0?
[Syscore App] EVFILT_PROC NOTE_EXIT received : pid=0x46?
[Syscore App] Kill for LoadExec(0x46) => 0?
[Syscore App] process delete event : pid=0x46?
[AppMgr Trace]: pid=0x46, deleted.?
[Syscore App] Syscore Event Queue Push : SCE_SYSCORE_EVENT_ON_PROCESS_UNLOADED?
[AppMgr] All processes exited, ready for next spawn?
[AppMgr] Executing next spawn?
[Syscore App]  ExpandCpuSetMode : disable?
[Syscore App] Syscore Event Queue Pop : SCE_SYSCORE_EVENT_ON_PROCESS_UNLOADED?
[Syscore App] processSpawn(pid, 0x60000f0c, 0x10f0c140, appParam, processParam, 1, 1, 1, param, debug, 1)?
[Syscore App] appParam: appType = 0x1, rootPath = /mnt/sandbox/AZIF00003_000, titleId = AZIF00003?
[Syscore App] processParam: elfPath = /app0/guest.elf, fullPath = /mnt/sandbox/pfsmnt/AZIF00003-app0-patch0-union/eboot.bin?
[Syscore App] new pid=0x47[Sysc[ore App] attributeExe= 0?
[Syscore App] Ready to exec?
[Syscore App] wait for NOTE_EXIT|NOTE_EXEC?
KERNEL] dmem_start_app_process pid: 71, map=0xffff837807d284f0, app_maps_count[1], 0 -> 1?
[Syscore App] Add event : pid=0xm47?
[SceLncService] unlockSuspendBlock: appId={0x60000f0c}?
DBG: Process 71 untraced!?
<71> EXEC /app0/guest.elf [system], vm#0, dmem#0  <181723 msec>?
[GoldHEN] <Plugins Loader> Started successfully?
[GoldHEN] <Plugins Loader> Config parser failed to parse config: /data/GoldHEN/plugins.ini?
(../game_patch/source/main.cpp:354) [GoldHEN] <game_patch\Ver.0x00000110> module_start?
(../game_patch/source/main.cpp:355) [GoldHEN] Plugin Author(s): illusion?
(../game_patch/source/main.cpp:356) Commit: caacf01174654235459d48ab9d0b9e00a588b300 Branch: main Build: 188 (Release)?
(../game_?patch/source/main.cpp:356) Built: May 27 2023 @ 04:49:25?
(../game_patch/source/main.cpp:356) GoldHEN SDK Ver: 0x00000100?
(../game_patch/source/main.cpp:356) GoldHEN System SDK Ver: 0xffffffff?
(../game_patch/source/main.cpp:324) numModules: 5?
(../game_patch/source/main.cpp:328) ret 0x0?
(../game_patch/source/main.cpp:329) module 0?
(../game_patch/source/main.cpp:330) name: guest.elf?
(../game_patch/source/main.cpp:331) start: 0x400000?
(../game_patch/source/main.cpp:332) size: 851968 (0xd0000)?
(../game_patch/source/main.cpp:365) Module start: 0x400000 0xd0000?
(../game_patch/source/main.cpp:371) process info?
(../game_patch/source/main.cpp:371) pid: 71?
(../game_patch/source/main.cpp:371) name: guest.elf?
(../game_patch/source/main.cpp:371) path: /app0/guest.elf?
(../game_patch/source/main.cpp:371) titleid: AZIF00003?
(../game_patch/source/main.cpp:371) contentid: IV0000-AZIF00003_00-PAYLOADGUEST0000?
(../game_patch/source/main.cpp:371) version: 0.98?
(../game_patch/source/main.cpp:371) base_address: 0x400000?
(../game_patch/source/main.cpp:130) file /data/GoldHEN/patches/xml/AZIF00003.xml not found?
error: 0x80020002**** Base Mode ****?
[36m[Debug] src/App.cpp:29: Initialize Language...?[0m?
?[36m[Debug] src/App.cpp:31: Initialize Controller...?[0m?
[mbus] onNewClie?nt. clientNum 10 over 8?
[36m[Debug] src/App.cpp:33: Initialize Graphics...?[0m?
?[36m[Debug] src/Graphics.cpp:89: Handle is 1309737216 (0x4e110100)?[0m?
?[36m[Debug] src/Graphics.cpp:181: DirectMemOff: 0x200000?[0m?
?[36m[Debug] src/Graphics.cpp:182: DirectMemAllocationSize: 0xc000000?[0m?
?[36m[Debug] src/Graphics.cpp:183: alignment: 2097152 (0x00200000)?[0m?
?[36m[Debug] src/Graphics.cpp:188: VideoMem: 0x200200000?[0m?
?[36m[Debug] src/Graphics.cpp:109: Allocating framebuffer...?[0m?
?[36m[Debug] src/Graphics.cpp:237: handle: 1309737216 (0x4e110100)?[0m?
?[36m[Debug] src/Graphics.cpp:239: flipArgLog: 0x2000041a0?[0m?
?[36m[Debug] src/Graphics.cpp:240: FrameBuffers: 0x2000042c0?[0m?
?[36m[Debug] src/Graphics.cpp:255: sceVideoOutRegisterBuffers: 0x00000000?[0m?
?[36m[Debug] src/App.cpp:35: Initialize Resource...?[0m?
?[36m[Debug] src/Graphics.cpp:627: Loading PNG...?[0m?
?[36m[Debug] src/Graphics.cpp:637: PNG Loaded!?[0m?
?[36m[Debug] src/Graphics.cpp:627: Loading PNG...?[0m?
?[36m[Debug] src/Graphics.cpp:637: PNG Loaded!?[0m?
?[36m[Debug] src/Graphics.cpp:627: Loading PNG...?[0m?
?[36m[Debug] src/Graphics.cpp:637: PNG Loaded!?[0m?
?[36m[Debug] src/Graphics.cpp:627: Loading PNG...?[0m?
?[36m[Debug] src/Graphics.cpp:637: PNG Loaded!?[0m?
?[36m[Debug] src/Graphics.cpp:627: Loading PNG...?[0m?
?[36m[Debug] src/Graphics.cpp:637: PNG Loaded!?[0m?
?[36m[Debug] src/Graphics.cpp:627: Loading PNG...?[0m?
?[36m[Debug] src/Graphics.cpp:637: PNG Loaded!?[0m?
?[36m[Debug] src/Graphics.cpp:627: Loading PNG...?[0m?
?[36m[Debug] src/Graphics.cpp:637: PNG Loaded!?[0m?
?[36m[Debug] src/App.cpp:43: Initialize the Main View...?[0m?
?[36m[Debug] src/PayloadsView.cpp:186: GeneratePayloads is called!?[0m?
?[36m[Debug] src/PayloadsView.cpp:212: Cleanup payload list...?[0m?
?[36m[Debug] src/PayloadsView.cpp:206: GeneratePayloads: Refreshed?[0m?
?[36m[Debug] src/PayloadsView.cpp:252: PayloadsView: End of constructor?[0m?
?[36m[Debug] src/App.cpp:119: Application: RUN?[0m?
[SceShellUI] I/PSM.UI : OnFocusActiveSceneChanged [SplashScreen : SplashScreenScene] -> [AppScreen : ApplicationScreenScene]?
[SceShellUI] I/PSM.UI :      Scene [AppScreen : ApplicationScreenScene] : Alive?
SetDeviceIndexBehavior: mode=MergeAllConnectedDevice, param=null?
[Theme/I] : Apply [ANONYMOUS] : [Option:101000]: with not preloaded user?
[SceShellUI] I/PSM.UI : [NoDraw] : ClearFrameBuffer=False?
?[36m[Debug] src/PayloadsView.cpp:319: Loading: /data/payloads/linux-1024mb.bin?[0m?
[GoldHEN] <binloader> accepted a new payload?
[GoldHEN] <binloader> TCP Mode?
?[36m[[DGeobulg] dHENs]rc/P a<ybiloandsView.cpp:1l86o:a Gder>e npaeratyloePaad yloreaceivdesd  is [csalledi!?[0m?
ze?:[ 3268m[D3e840 b-u g]b ufsrc/Paferyl_soaizdes: Vi2908ew.c1pp6 :212:-  Cilp: 127.eanu0.p 0pay.l1o]ad ?l
ist.[Go..ld?[0m?
HEN] <bin?l[36oadm[Deebugr] > sfrcoun/Payload andsd jVieaw.icpp:lb206:r GenoeraktePayloades: Refreshed?[0n m?t
arget process [pid: 46]?
[GoldHEN] <binloader> launching payload... [format: BIN]?
[GoldHEN] <binloader> payload launched?
kernel_init()?
Kernel base = ffffffff8c194000?
Direct map base = ffff837800000000?
Testing global variable access (write protection)...?
OK.?
Kernel interface initialized?
Installing sys_kexec to system call #153?
kexec_init() successful?
?
sys_kexec invoked?
========================================?
PS4 Linux Payloads AIO?
FW 12.02 (1202)?
VRAM 1024 MB?
So#### AudioOut recovery is done [745674(467)-] (745674 9710578)?
uthbridge: Baikal?
========================================?
sys_kexec(0x200898000, 11441152, 0x201384000, 4160630, "earlycon=uart8250,mmio32,0xC890E000,115200n8 console=tty0 keep_bootcon 8250.nr_uarts=0 iommu=pt intremap=off panic=10 loglevel=8 ignore_loglevel printk.devkmsg=on drm.edid_firmware=edid/1920x1080.bin video=HDMI-A-1:1920x1080@60D pci=nocrs libata.force=1.00:disable root=LABEL=psxitarch rootwait rw systemd.unit=multi-user.target systemd.log_level=info amdgpu.gpu_recovery=0 amdgpu.lockup_timeout=10000 amdgpu.gfx_off=0 amdgpu.runpm=0 amdgpu.bapm=0 amdgpu.dpm=0")?
firmware_extract: Extract lib/firmware/amdgpu/liverpool_pfp.bin ?
Copying PFP firmware?
NOP handler at 0xff0?
firmware_extract: Extract lib/firmware/amdgpu/liverpool_me.bin ?
Copying ME firmware?
firmware_extract: Extract lib/firmware/amdgpu/liverpool_ce.bin ?
Copying CE firmware?
NOP handler at 0x7f0?
firmware_extract: Extract lib/firmware/amdgpu/liverpool_mec.bin ?
Copying MEC firmware?
NOP handler at 0xff0?
firmware_extract: Extract lib/firmware/amdgpu/liverpool_mec2.bin ?
Copying MEC2 firmware?
NOP handler at 0xff0?
firmware_extract: Extract lib/firmware/amdgpu/liverpool_rlc.bin ?
Copying RLC firmware?
firmware_extract: Extract lib/firmware/amdgpu/liverpool_sdma.bin ?
Copying SDMA firmware?
firmware_extract: Extract lib/firmware/amdgpu/liverpool_sdma1.bin ?
Copying SDMA1 firmware?
?
kexec parameters:?
    Kernel image size:   11441152 bytes?
    Initramfs size:      4255366 bytes (4160630 from user)?
    Kernel command line: earlycon=uart8250,mmio32,0xC890E000,115200n8 console=tty0 keep_bootcon 8250.nr_uarts=0 iommu=pt intremap=off panic=10 loglevel=8 ignore_loglevel printk.devkmsg=on drm.edid_firmware=edid/1920x1080.bin video=HDMI-A-1:1920x1080@60D pci=nocrs libata.force=1.00:disable root=LABEL=psxitarch rootwait rw systemd.unit=multi-user.target systemd.log_level=info amdgpu.gpu_recovery=0 amdgpu.lockup_timeout=10000 amdgpu.gfx_off=0 amdgpu.runpm=0 amdgpu.bapm=0 amdgpu.dpm=0?
    Kernel image buffer: 0xffff83783e000000?
    Initramfs buffer:    0xffffffffffffffff?
kernel_hook_install(0xffffff807be9912d, 0xffffffff8c5dbad0)?
  Using 64bit absolute jump?
******************************************************?
kexec successfully armed. Please shut down the system.?
******************************************************?
?
[SceShellUI] I/PSM.UI : [FirstClear] : ClearFrameBuffer=False?
[KE]sceCameraDevKill::2685 ERROR: sceCameraProcConfigStop 0x802e0006 i=0 handle=257 piCod=nt4e3?
xt.cc:174 (ajmContextCleanup) - Instance 278532Co wnteaxst.cc:174  n(oatjmCo nptexrtoClepaenup) - rIly nstance 1639d0 was not eprostperly dreoyesdtr.o?
yed.?
CCoontenxtt.cexc:1t89 (.ajmCocntexct:Cle1anup) - Cod8e9c  (MaP3 Decjodm[KeContr EexwtCRNELla]es na domtneump) -_ ph arnopdleC_ovmdec sOpus epSaILK Enccore_exdleirt wasy  noetu dpr nrepgoiidp:e 71,r ptyple=1,sy t unreg0iexrfsffterfeed.8d?
.?Co3
n7Coten8txe07d2txt.cc84f:.0->1p74 ct(_acljo:maded iCs1o8n 9TtR extCUl(Eeaan?
uj[pmCo)Kn EteRxN-EL] Intsta ndmceeCm _ha3n440ld6ea7l wena_su nvomspat ce_preop) pxerliy teded smap #-0t 0r Cxoodfeyffed.?
cf A837CTRoA807nted284fC0?
9[ KxERNtDecod.eEL] dmrem c_c:h1anw8ads l9 (ne_avojtm sprmpoacpeCo_eernxlteyx uitntedC lpidr: eea7gni1s,t apuepp)_marps_couen -d. C?ot
[1d]e, 1 c- >Opu s 0?
Decoder was not properly unregistered.?
Context.cc:189 (ajmContextCleanup) - Codec Opus SILK Encoder was not properly unrCeongistered.?
tContexextt.c.cc:1c:1889 (ajmCon9 textC(leanaupjmC)on -t eCodxec OptCus CELT lEncodeer wanuas not pp)r -o perly unregiCsodtered.ec ?
OpuCsoC oCEntLTex Encodet.rc was not c:189 (ConajtmextContex.tCleccan:u1p8) - Code9c CE LP8 D(ecodaer was not properjmly CounrentegxitsCtleered.?
aCnontexut.cc:189 p(ajmContex)t Cle-anup)  - Codec CELP8 ECnocodder wec Mas notP Eproperly G4unr egistered.?
ACoAC nEnctexto.cderc:189  w(ajmContaesxtC lneanotup) - Co dpec CELP(r16) Doepcoder waesrl yn ot pruopnerlrye unrgegisisteretd.?
eContexret.cdc:191 .?(a
jmContextCleanup) - More codecs were not pproperlyro punreegisterrlyed u.?
nrContegext.cisc:te189r (ajemContd.extCleanu.p.)? - Cod
ec Opus CELT Decontexdet.crc:189 (ajmContextClea nup)w - Coadec Opus Decodesr was n noot propet rly unpregisterred.?
operly unregistConetrext.cc:17ed4 (ajm.C?o
ntextCleanup) - Instance 114689 was not properly destroyed.?
Context.cc:189 (ajmContextCleanup) - Codec AC3 Encoder was not properly unregistered.?
Context.cc:174 (ajmContextCleanup) - Instance 163842 was not properly destroyed.?
Context.cc:189 (ajmContextCleanup) - Codec DTS Encoder was not properly unregistered.?
[SceSysCore mini] killall timeout 5[sec]...?
[SceSysCore mini] forcibly unmount 2 nullfses?
[SceSysCore mini] forcibly unmount /mnt/usb0?
[SceSysCore mini[REGMGR] 000006 ...?
] sceKernelPollE[ventFlag(reboot_flag): failed 80020010?
[SceSysCore mini] call reboot(4000)?
REGMGR] (    190.310 sec) 010006 ...?
[REGMGR] (   0.011767 sec) 010007 ...?
[REGMGR] 000108 ...?
Waiting (max 60 seconds) for system process `SceVnlru' to stop...done?
Waiting (max 60 seconds) for system process `SceBufdaemon2' to stop...SD Manual Tuning done. MaxPassWindowSize=22, TunePoint=20 CORE_CTRL=0x184094?
done?
W?
aiSyting (maxn 60 secondsc) foir synstem gproc ess `SceSyncer' todi sstop...ks, vnodes remaining...1 0 0 sched_sync: flush softdep (iter=2)?
sched_sync: flush softdep (iter=1)?
done?
Waiting (max 60 seconds) for system process `SceBufdaemon0' to stop...done?
Waiting (max 60 seconds) for system process `SceBufdaemon1' to stop...done?
All buffers synced.?
[PFS] umount[0x00007b4fcc3353b5] finished 0?
[PFS] umount[0x00007b4fcc336f4d] finished 0?
Uptime: 3m15s?
icc post sync:Thermal alert LED off?
[REGMGR] 000007 @2@ ...?
icc08-4001 0802?
icc:failed to disabled reset button notification: 0005?
icc:disabled thermal notification?
eth0: link state changed to DOWN?
ICC: howto:00004000 depth:2 cause:00 hand:01?
ICC: Shutdown.?
hook_icc_query_nowait called?
ICC 05-00 polling?
Fixing ACPI tables at 0xe0000 (0xffff8378000e0000)?
RSDT at 0xe0024?
XSDT at 0xe0088?
FACP at 0xe016c?
FACS at 0xe012c?
DSDT at 0xe0430?
APIC at 0xe0298?
MCFG at 0xe0304?
SSDT at 0xe0730?
ACPI tables fixed?
kexec: Waiting for secondary CPUs...?
kexec: Secondary CPUs quiesced?
kexec: Setting up GDT...?
kexec: Relocating stub...?
kexec: Setting up boot params...?
kexec: Cleaning up hardware...?
Current sb_id: 3?
?
SB_BAIKAL constant: 3?
?
kexec: Detected Baikal Southbridge, disabling IOMMU...?
kexec: Reconfiguring VRAM...?
kexec: Resetting GPU...?
kexec: About to relocate and jump to kernel?
[    0.000000] ps4: x86_ps4_early_setup: PS4 early setup?
[    0.000000] Linux version 6.15.4-Baikal_TESTING_crashniels-dirty (meerzulee@cachynator) (gcc (GCC) 16.1.1 20260430, GNU ld (GNU Binutils) 2.46.0) #2 SMP PREEMPT_DYNAMIC Tue May 12 20:44:29 +06 2026?
[    0.000000] Command line: earlycon=uart8250,mmio32,0xC890E000,115200n8 console=tty0 keep_bootcon 8250.nr_uarts=0 iommu=pt intremap=off panic=10 loglevel=8 ignore_loglevel printk.devkmsg=on drm.edid_firmware=edid/1920x1080.bin video=HDMI-A-1:1920x1080@60D pci=nocrs libata.force=1.00:disable root=LABEL=psxitarch rootwait rw systemd.unit=multi-user.target systemd.log_level=info amdgpu.gpu_recovery=0 amdgpu.lockup_timeout=10000 amdgpu.gfx_off=0 amdgpu.runpm=0 amdgpu.bapm=0 amdgpu.dpm=0?
[    0.000000] KERNEL supported cpus:?
[    0.000000]   AMD AuthenticAMD?
[    0.000000] BIOS-provided physical RAM map:?
[    0.000000] BIOS-e820: [mem 0x0000000000000000-0x0000000000007fff] usable?
[    0.000000] BIOS-e820: [mem 0x0000000000008000-0x000000000007ffff] reserved?
[    0.000000] BIOS-e820: [mem 0x0000000000080000-0x0000000000099fff] usable?
[    0.000000] BIOS-e820: [mem 0x000000000009a000-0x00000000000bffff] reserved?
[    0.000000] BIOS-e820: [mem 0x00000000000e0000-0x00000000000effff] ACPI data?
[    0.000000] BIOS-e820: [mem 0x0000000000100000-0x00000000003fffff] usable?
[    0.000000] BIOS-e820: [mem 0x0000000000400000-0x000000000047ffff] reserved?
[    0.000000] BIOS-e820: [mem 0x0000000000480000-0x000000000067ffff] usable?
[    0.000000] BIOS-e820: [mem 0x0000000000680000-0x00000000006fffff] reserved?
[    0.000000] BIOS-e820: [mem 0x0000000000700000-0x000000007efe7fff] usable?
[    0.000000] BIOS-e820: [mem 0x000000007efe8000-0x000000007efeffff] ACPI NVS?
[    0.000000] BIOS-e820: [mem 0x000000007eff0000-0x000000007effffff] ACPI data?
[    0.000000] BIOS-e820: [mem 0x000000007f000000-0x000000007fffffff] usable?
[    0.000000] BIOS-e820: [mem 0x0000000080000000-0x00000000fbffffff] reserved?
[    0.000000] BIOS-e820: [mem 0x0000000100000000-0x000000013fffffff] reserved?
[    0.000000] BIOS-e820: [mem 0x0000000140000000-0x000000027effffff] usable?
[    0.000000] earlycon: uart8250 at MMIO32 0x00000000c890e000 (options '115200n8')?
[    0.000000] printk: legacy bootconsole [uart8250] enabled?
[    0.000000] printk: debug: skip boot console de-registration.?
[    0.000000] printk: debug: ignoring loglevel setting.?
[    0.000000] NX (Execute Disable) protection: active?
[    0.000000] APIC: Static calls initialized?
[    0.000000] SMBIOS 2.1 present.?
[    0.000000] DMI:  , BIOS unde Wed 09/22/2021 16:2?
[    0.000000] DMI: Memory slots populated: 1/1?
[    0.000000] ps4: EMC timer started in 2355 TSC ticks?
[    0.000000] ps4: Calibrated TSC frequency: 1594059104 kHz?
[    0.000000] tsc: Detected 1594.059 MHz processor?
[    0.001421] e820: update [mem 0x00000000-0x00000fff] usable ==> reserved?
[    0.008245] e820: remove [mem 0x000a0000-0x000fffff] usable?
[    0.013926] last_pfn = 0x27f000 max_arch_pfn = 0x400000000?
[    0.019512] MTRR map: 6 entries (3 fixed + 3 variable; max 20), built from 9 variable MTRRs?
[    0.028010] x86/PAT: Configuration [0-7]: WB  WC  UC- UC  WB  WP  UC- WT  ?
[    0.035387] e820: update [mem 0x80000000-0x13fffffff] usable ==> reserved?
[    0.042315] last_pfn = 0x80000 max_arch_pfn = 0x400000000?
[    0.056416] Using GB pages for direct mapping?
[    0.062381] RAMDISK: [mem 0x3c800000-0x3cc0efff]?
[    0.067092] ACPI: Early table checksum verification disabled?
[    0.072851] ACPI: RSDP 0x00000000000E0000 000024 (v02 SIE   )?
[    0.078700] ACPI: XSDT 0x00000000000E0088 00004C (v01 SIE    ORBIS    20121218 INTL 20110211)?
[    0.087385] ACPI: FACP 0x00000000000E016C 0000F4 (v04 SIE    ORBIS    20130205 INTL 20110211)?
[    0.096068] ACPI: DSDT 0x00000000000E0430 00018C (v02 SIE    ORBIS    20121002 INTL 20110211)?
[    0.104749] ACPI: FACS 0x00000000000E012C 000040?
[    0.109447] ACPI: FACS 0x00000000000E012C 000040?
[    0.114145] ACPI: APIC 0x00000000000E0298 00006C (v02 SIE    ORBIS    20120725 INTL 20110211)?
[    0.122826] ACPI: MCFG 0x00000000000E0304 00003C (v01 SIE    ORBIS    20120725 INTL 20110211)?
[    0.131508] ACPI: SSDT 0x00000000000E0730 001944 (v01 AMD    POWERNOW 00000001 AMD  00000001)?
[    0.140189] ACPI: IVRS 0x00000000000E2074 000054 (v01 F0F    PS4KEXEC 20161225 KEXC 20161225)?
[    0.148868] ACPI: Reserving FACP table memory at [mem 0xe016c-0xe025f]?
[    0.155508] ACPI: Reserving DSDT table memory at [mem 0xe0430-0xe05bb]?
[    0.162147] ACPI: Reserving FACS table memory at [mem 0xe012c-0xe016b]?
[    0.168786] ACPI: Reserving FACS table memory at [mem 0xe012c-0xe016b]?
[    0.175426] ACPI: Reserving APIC table memory at [mem 0xe0298-0xe0303]?
[    0.182064] ACPI: Reserving MCFG table memory at [mem 0xe0304-0xe033f]?
[    0.188703] ACPI: Reserving SSDT table memory at [mem 0xe0730-0xe2073]?
[    0.195341] ACPI: Reserving IVRS table memory at [mem 0xe2074-0xe20c7]?
[    0.202057] No NUMA configuration found?
[    0.205954] Faking a node at [mem 0x0000000000000000-0x000000027effffff]?
[    0.212775] NODE_DATA(0) allocated [mem 0x27effa800-0x27effdfff]?
[    0.218943] Zone ranges:?
[    0.221513]   DMA      [mem 0x0000000000001000-0x0000000000ffffff]?
[    0.227801]   DMA32    [mem 0x0000000001000000-0x00000000ffffffff]?
[    0.234088]   Normal   [mem 0x0000000100000000-0x000000027effffff]?
[    0.240374] Movable zone start for each node?
[    0.244712] Early memory node ranges?
[    0.248342]   node   0: [mem 0x0000000000001000-0x0000000000007fff]?
[    0.254717]   node   0: [mem 0x0000000000080000-0x0000000000099fff]?
[    0.261091]   node   0: [mem 0x0000000000100000-0x00000000003fffff]?
[    0.267464]   node   0: [mem 0x0000000000480000-0x000000000067ffff]?
[    0.273839]   node   0: [mem 0x0000000000700000-0x000000007efe7fff]?
[    0.280213]   node   0: [mem 0x000000007f000000-0x000000007fffffff]?
[    0.286587]   node   0: [mem 0x0000000140000000-0x000000027effffff]?
[    0.292963] Initmem setup node 0 [mem 0x0000000000001000-0x000000027effffff]?
[    0.300140] On node 0, zone DMA: 1 pages in unavailable ranges?
[    0.306080] On node 0, zone DMA: 120 pages in unavailable ranges?
[    0.312209] On node 0, zone DMA: 102 pages in unavailable ranges?
[    0.318335] On node 0, zone DMA: 128 pages in unavailable ranges?
[    0.324496] On node 0, zone DMA: 128 pages in unavailable ranges?
[    0.340680] On node 0, zone DMA32: 24 pages in unavailable ranges?
[    0.372508] On node 0, zone Normal: 4096 pages in unavailable ranges?
[    0.379883] ACPI: No IOAPIC entries present?
[    0.384135] ACPI: Using ACPI for processor (LAPIC) configuration information?
[    0.391319] CPU topo: Max. logical packages:   1?
[    0.396012] CPU topo: Max. logical dies:       1?
[    0.400704] CPU topo: Max. dies per package:   1?
[    0.405408] CPU topo: Max. threads per core:   1?
[    0.410101] CPU topo: Num. cores per package:     8?
[    0.415058] CPU topo: Num. threads per package:   8?
[    0.420015] CPU topo: Allowing 8 present CPUs plus 0 hotplug CPUs?
[    0.426242] [mem 0xfc000000-0xffffffff] available for PCI devices?
[    0.432444] clocksource: refined-jiffies: mask: 0xffffffff max_cycles: 0xffffffff, max_idle_ns: 1910969940391419 ns?
[    0.443077] setup_percpu: NR_CPUS:8 nr_cpumask_bits:8 nr_cpu_ids:8 nr_node_ids:1?
[    0.451269] percpu: Embedded 42 pages/cpu s131544 r8192 d32296 u262144?
[    0.457929] pcpu-alloc: s131544 r8192 d32296 u262144 alloc=1*2097152?
[    0.464397] pcpu-alloc: [0] 0 1 2 3 4 5 6 7 ?
[    0.468779] Kernel command line: earlycon=uart8250,mmio32,0xC890E000,115200n8 console=tty0 keep_bootcon 8250.nr_uarts=0 iommu=pt intremap=off panic=10 loglevel=8 ignore_loglevel printk.devkmsg=on drm.edid_firmware=edid/1920x1080.bin video=HDMI-A-1:1920x1080@60D pci=nocrs libata.force=1.00:disable root=LABEL=psxitarch rootwait rw systemd.unit=multi-user.target systemd.log_level=info amdgpu.gpu_recovery=0 amdgpu.lockup_timeout=10000 amdgpu.gfx_off=0 amdgpu.runpm=0 amdgpu.bapm=0 amdgpu.dpm=0?
[    0.513148] Setting dangerous option amdgpu.gpu_recovery - tainting kernel?
[    0.520198] printk: log buffer data + meta data: 262144 + 917504 = 1179648 bytes?
[    0.529491] Dentry cache hash table entries: 1048576 (order: 11, 8388608 bytes, linear)?
[    0.538545] Inode-cache hash table entries: 524288 (order: 10, 4194304 bytes, linear)?
[    0.546619] software IO TLB: area num 8.?
[    0.579045] Fallback order for Node 0: 0 ?
[    0.579064] Built 1 zonelists, mobility grouping on.  Total pages: 1830409?
[    0.590137] Policy zone: Normal?
[    0.593328] mem auto-init: stack:off, heap alloc:off, heap free:off?
[    0.637204] SLUB: HWalign=64, Order=0-3, MinObjects=0, CPUs=8, Nodes=1?
[    0.644986] Dynamic Preempt: voluntary?
[    0.648890] rcu: Preemptible hierarchical RCU implementation.?
[    0.654736] rcu: RCU calculated value of scheduler-enlistment delay is 100 jiffies.?
[    0.662553] NR_IRQS: 4352, nr_irqs: 128, preallocated irqs: 0?
[    0.668460] rcu: srcu_init: Setting srcu_struct sizes based on contention.?
[    0.675514] call_irq_handler: 0.49 No irq handler for vector?
[    0.681303] Console: colour dummy device 80x25?
[    0.685825] printk: legacy console [tty0] enabled?
[    0.690651] ACPI: Core revision 20240827?
[    0.694709] ACPI: setting ELCR to 0200 (from ffff)?
[    0.699598] Failed to register legacy timer interrupt?
[    0.704737] APIC: Switch to symmetric I/O mode setup?
[    0.709796] clocksource: tsc-early: mask: 0xffffffffffffffff max_cycles: 0x16fa38b7442, max_idle_ns: 440795236041 ns?
[    0.720524] Calibrating delay loop (skipped), value calculated using timer frequency.. 3188.11 BogoMIPS (lpj=1594059)?
[    0.721515] Last level iTLB entries: 4KB 512, 2MB 8, 4MB 4?
[    0.721515] Last level dTLB entries: 4KB 512, 2MB 256, 4MB 128, 1GB 0?
[    0.721515] Spectre V1 : Mitigation: usercopy/swapgs barriers and __user pointer sanitization?
[    0.721515] Spectre V2 : Mitigation: Retpolines?
[    0.721515] Spectre V2 : Spectre v2 / SpectreRSB: Filling RSB on context switch and VMEXIT?
[    0.721515] RETBleed: Mitigation: untrained return thunk?
[    0.721515] Speculative Store Bypass: Mitigation: Speculative Store Bypass disabled via prctl?
[    0.721515] x86/fpu: Supporting XSAVE feature 0x001: 'x87 floating point registers'?
[    0.721515] x86/fpu: Supporting XSAVE feature 0x002: 'SSE registers'?
[    0.721515] x86/fpu: Supporting XSAVE feature 0x004: 'AVX registers'?
[    0.721515] x86/fpu: xstate_offset[2]:  576, xstate_sizes[2]:  256?
[    0.721515] x86/fpu: Enabled xstate features 0x7, context size is 832 bytes, using 'standard' format.?
[    0.721515] Freeing SMP alternatives memory: 52K?
[    0.721515] pid_max: default: 32768 minimum: 301?
[    0.721515] Mount-cache hash table entries: 16384 (order: 5, 131072 bytes, linear)?
[    0.721515] Mountpoint-cache hash table entries: 16384 (order: 5, 131072 bytes, linear)?
[    0.721515] smpboot: CPU0: AMD DG1401SNF87ID (family: 0x16, model: 0x1a, stepping: 0x0)?
[    0.722125] Performance Events: AMD PMU driver.?
[    0.722520] ... version:                0?
[    0.723518] ... bit width:              48?
[    0.724518] ... generic registers:      4?
[    0.725518] ... value mask:             0000ffffffffffff?
[    0.726518] ... max period:             00007fffffffffff?
[    0.727518] ... fixed-purpose events:   0?
[    0.728518] ... event mask:             000000000000000f?
[    0.729731] signal: max sigframe size: 1776?
[    0.730609] rcu: Hierarchical SRCU implementation.?
[    0.731519] rcu: 	Max phase no-delay instances is 400.?
[    0.732669] Timer migration: 1 hierarchy levels; 8 children per group; 1 crossnode level?
[    0.736842] smp: Bringing up secondary CPUs ...?
[    0.738768] smpboot: x86: Booting SMP configuration:?
[    0.739524] .... node  #0, CPUs:      #1 #2 #3 #4 #5 #6 #7?
[    0.749623] smp: Brought up 1 node, 8 CPUs?
[    0.751520] smpboot: Total of 8 processors activated (25504.94 BogoMIPS)?
[    0.753735] Memory: 7077464K/7321636K available (23465K kernel code, 2053K rwdata, 8784K rodata, 1624K init, 2232K bss, 239924K reserved, 0K cma-reserved)?
[    0.754938] devtmpfs: initialized?
[    0.757619] clocksource: jiffies: mask: 0xffffffff max_cycles: 0xffffffff, max_idle_ns: 1911260446275000 ns?
[    0.758526] posixtimers hash table entries: 4096 (order: 4, 65536 bytes, linear)?
[    0.759538] futex hash table entries: 2048 (order: 5, 131072 bytes, linear)?
[    0.760623] prandom: seed boundary self test passed?
[    0.763525] prandom: 100 self tests passed?
[    0.764771] NET: Registered PF_NETLINK/PF_ROUTE protocol family?
[    0.765687] audit: initializing netlink subsys (disabled)?
[    0.766580] audit: type=2000 audit(0.046:1): state=initialized audit_enabled=0 res=1?
[    0.766697] i2c-core: driver [dummy] registered?
[    0.768522] thermal_sys: Registered thermal governor 'step_wise'?
[    0.768547] cpuidle: using governor ladder?
[    0.770527] cpuidle: using governor menu?
[    0.771721] ps4: ps4: pre-allocated IRQ 9 desc for ACPI SCI (virq=9)?
[    0.772781] PCI: ECAM [mem 0xf8000000-0xfbffffff] (base 0xf8000000) for domain 0000 [bus 00-3f]?
[    0.773540] PCI: Using configuration type 1 for base access?
[    0.774812] HugeTLB: allocation took 0ms with hugepage_allocation_threads=2?
[    0.775553] HugeTLB: registered 2.00 MiB page size, pre-allocated 0 pages?
[    0.776519] HugeTLB: 28 KiB vmemmap can be freed for a 2.00 MiB page?
[    0.777903] cryptd: max_cpu_qlen set to 1000?
[    0.795518] raid6: sse2x4   gen()  4050 MB/s?
[    0.813522] raid6: sse2x2   gen()  3969 MB/s?
[    0.831522] raid6: sse2x1   gen()  3181 MB/s?
[    0.832519] raid6: using algorithm sse2x4 gen() 4050 MB/s?
[    0.850519] raid6: .... xor() 2017 MB/s, rmw enabled?
[    0.851520] raid6: using ssse3x2 recovery algorithm?
[    0.852625] ACPI: Added _OSI(Module Device)?
[    0.853520] ACPI: Added _OSI(Processor Device)?
[    0.854520] ACPI: Added _OSI(Processor Aggregator Device)?
[    0.857792] ACPI: 2 ACPI AML tables successfully acquired and loaded?
[    0.866745] ACPI: Interpreter enabled?
[    0.867530] ACPI: PM: (supports S0 S5)?
[    0.868527] ACPI: Using PIC for interrupt routing?
[    0.869546] PCI: Ignoring host bridge windows from ACPI; if necessary, use "pci=use_crs" and report a bug?
[    0.870519] PCI: Using E820 reservations for host bridge windows?
[    0.873189] acpi PNP0A03:00: [Firmware Bug]: no secondary bus range in _CRS?
[    0.873534] ACPI: PCI Root Bridge [PCI0] (domain 0000 [bus 00-ff])?
[    0.874528] acpi PNP0A03:00: _OSC: OS supports [ExtendedConfig ASPM ClockPM Segments MSI HPX-Type3]?
[    0.875540] acpi PNP0A03:00: [Firmware Info]: ECAM [mem 0xf8000000-0xfbffffff] for domain 0000 [bus 00-3f] only partially covers this bridge?
[    0.876543] acpi PNP0A03:00: host bridge window [io  0x0cf8-0x0cff] (ignored)?
[    0.877519] PCI: root bus 00: using default resources?
[    0.878573] PCI host bridge to bus 0000:00?
[    0.879525] pci_bus 0000:00: root bus resource [io  0x0000-0xffff]?
[    0.880525] pci_bus 0000:00: root bus resource [mem 0x00000000-0xffffffffff]?
[    0.881521] pci_bus 0000:00: root bus resource [bus 00-ff]?
[    0.883528] pci 0000:00:00.0: [1022:1436] type 00 class 0x060000 conventional PCI endpoint?
[    0.884642] pci 0000:00:00.2: [1022:1437] type 00 class 0x080600 conventional PCI endpoint?
[    0.886641] pci 0000:00:01.0: [1002:9923] type 00 class 0x030000 PCIe Root Complex Integrated Endpoint?
[    0.887541] pci 0000:00:01.0: BAR 0 [mem 0xe0000000-0xe3ffffff 64bit pref]?
[    0.888521] pci 0000:00:01.0: BAR 2 [mem 0xe4000000-0xe47fffff 64bit pref]?
[    0.889520] pci 0000:00:01.0: BAR 4 [io  0x6000-0x60ff]?
[    0.890520] pci 0000:00:01.0: BAR 5 [mem 0xe4800000-0xe483ffff]?
[    0.892521] pci 0000:00:01.0: ROM [mem 0x00000000-0x0001ffff pref]?
[    0.893524] pci 0000:00:01.0: enabling Extended Tags?
[    0.894535] pci 0000:00:01.0: Video device with shadowed ROM at [mem 0x000c0000-0x000dffff]?
[    0.895540] pci 0000:00:01.0: supports D1 D2?
[    0.896519] pci 0000:00:01.0: PME# supported from D1 D2 D3hot?
[    0.897613] pci 0000:00:01.1: [1002:9921] type 00 class 0x040300 PCIe Root Complex Integrated Endpoint?
[    0.898540] pci 0000:00:01.1: BAR 0 [mem 0xe4840000-0xe4843fff 64bit]?
[    0.899526] pci 0000:00:01.1: enabling Extended Tags?
[    0.900548] pci 0000:00:01.1: supports D1 D2?
[    0.901614] pci 0000:00:02.0: [1022:1438] type 00 class 0x060000 conventional PCI endpoint?
[    0.902650] pci 0000:00:14.0: [104d:90d7] type 00 class 0x088000 PCIe Endpoint?
[    0.903560] pci 0000:00:14.0: BAR 0 [mem 0xfdf8000000-0xfdf9ffffff 64bit]?
[    0.904521] pci 0000:00:14.0: BAR 2 [io  0x1000-0x13ff]?
[    0.905707] pci 0000:00:14.1: [104d:90d8] type 00 class 0x088001 PCIe Endpoint?
[    0.906560] pci 0000:00:14.1: BAR 0 [mem 0xc2000000-0xc2000fff 64bit]?
[    0.907704] pci 0000:00:14.2: [104d:90d9] type 00 class 0x088002 PCIe Endpoint?
[    0.908560] pci 0000:00:14.2: BAR 0 [mem 0xc4000000-0xc4007fff 64bit]?
[    0.909704] pci 0000:00:14.3: [104d:90da] type 00 class 0x088003 PCIe Endpoint?
[    0.911550] pci 0000:00:14.3: BAR 0 [mem 0xc6000000-0xc6000fff 64bit]?
[    0.912703] pci 0000:00:14.4: [104d:90db] type 00 class 0x088004 PCIe Endpoint?
[    0.913560] pci 0000:00:14.4: BAR 0 [mem 0xc8000000-0xc8001fff 64bit]?
[    0.914522] pci 0000:00:14.4: BAR 2 [mem 0xc8800000-0xc89fffff 64bit]?
[    0.915522] pci 0000:00:14.4: BAR 4 [mem 0xc9000000-0xc91fffff 64bit]?
[    0.917603] pci 0000:00:14.5: [104d:90dc] type 00 class 0x088005 PCIe Endpoint?
[    0.918559] pci 0000:00:14.5: BAR 0 [mem 0xca000000-0xca000fff 64bit]?
[    0.919522] pci 0000:00:14.5: BAR 2 [mem 0xca800000-0xca800fff 64bit]?
[    0.920700] pci 0000:00:14.6: [104d:90dd] type 00 class 0x088006 PCIe Endpoint?
[    0.921560] pci 0000:00:14.6: BAR 0 [mem 0xcc000000-0xcc000fff 64bit]?
[    0.922522] pci 0000:00:14.6: BAR 2 [mem 0x80000000-0xbfffffff 64bit]?
[    0.923521] pci 0000:00:14.6: BAR 4 [mem 0xcd000000-0xcd0fffff]?
[    0.924522] pci 0000:00:14.6: BAR 5 [mem 0xcd400000-0xcd43ffff]?
[    0.925698] pci 0000:00:14.7: [104d:90de] type 00 class 0x088007 PCIe Endpoint?
[    0.927545] pci 0000:00:14.7: BAR 0 [mem 0xce000000-0xce3fffff 64bit]?
[    0.928522] pci 0000:00:14.7: BAR 2 [mem 0xce800000-0xce80ffff 64bit]?
[    0.929522] pci 0000:00:14.7: BAR 4 [mem 0xcf000000-0xcf7fffff 64bit]?
[    0.930693] pci 0000:00:18.0: [1022:142e] type 00 class 0x060000 conventional PCI endpoint?
[    0.931621] pci 0000:00:18.1: [1022:142f] type 00 class 0x060000 conventional PCI endpoint?
[    0.932627] pci 0000:00:18.2: [1022:1430] type 00 class 0x060000 conventional PCI endpoint?
[    0.933618] pci 0000:00:18.3: [1022:1431] type 00 class 0x060000 conventional PCI endpoint?
[    0.935566] pci 0000:00:18.4: [1022:1432] type 00 class 0x060000 conventional PCI endpoint?
[    0.936617] pci 0000:00:18.5: [1022:1433] type 00 class 0x060000 conventional PCI endpoint?
[    0.937616] pci 0000:00:18.6: [1022:1434] type 00 class 0x060000 conventional PCI endpoint?
[    0.938721] iommu: Default domain type: Passthrough (set via kernel command line)?
[    0.939710] SCSI subsystem initialized?
[    0.940545] libata version 3.00 loaded.?
[    0.941579] ACPI: bus type USB registered?
[    0.942575] usbcore: registered new interface driver usbfs?
[    0.943544] usbcore: registered new interface driver hub?
[    0.944539] usbcore: registered new device driver usb?
[    0.945699] Advanced Linux Sound Architecture Driver Initialized.?
[    0.946887] Bluetooth: Core ver 2.22?
[    0.947533] NET: Registered PF_BLUETOOTH protocol family?
[    0.948519] Bluetooth: HCI device and connection manager initialized?
[    0.949522] Bluetooth: HCI socket layer initialized?
[    0.950522] Bluetooth: L2CAP socket layer initialized?
[    0.951526] Bluetooth: SCO socket layer initialized?
[    0.952611] PCI: Using ACPI for IRQ routing?
[    0.956136] PCI: pci_cache_line_size set to 64 bytes?
[    0.956561] e820: reserve RAM buffer [mem 0x00008000-0x0000ffff]?
[    0.957520] e820: reserve RAM buffer [mem 0x0009a000-0x0009ffff]?
[    0.958519] e820: reserve RAM buffer [mem 0x00680000-0x006fffff]?
[    0.959519] e820: reserve RAM buffer [mem 0x7efe8000-0x7fffffff]?
[    0.960520] e820: reserve RAM buffer [mem 0x27f000000-0x27fffffff]?
[    0.961547] pci 0000:00:01.0: vgaarb: setting as boot VGA device?
[    0.962515] pci 0000:00:01.0: vgaarb: bridge control possible?
[    0.962515] pci 0000:00:01.0: vgaarb: VGA device added: decodes=io+mem,owns=io+mem,locks=none?
[    0.962528] vgaarb: loaded?
[    0.963791] clocksource: Switched to clocksource tsc-early?
[    0.969366] pnp: PnP ACPI init?
[    0.972524] pnp: PnP ACPI: found 0 devices?
[    0.981656] NET: Registered PF_INET protocol family?
[    0.986942] IP idents hash table entries: 131072 (order: 8, 1048576 bytes, linear)?
[    0.998781] tcp_listen_portaddr_hash hash table entries: 4096 (order: 4, 65536 bytes, linear)?
[    1.007510] Table-perturb hash table entries: 65536 (order: 6, 262144 bytes, linear)?
[    1.015438] TCP established hash table entries: 65536 (order: 7, 524288 bytes, linear)?
[    1.023782] TCP bind hash table entries: 65536 (order: 9, 2097152 bytes, linear)?
[    1.031960] TCP: Hash tables configured (established 65536 bind 65536)?
[    1.038731] UDP hash table entries: 4096 (order: 6, 262144 bytes, linear)?
[    1.045752] UDP-Lite hash table entries: 4096 (order: 6, 262144 bytes, linear)?
[    1.053300] NET: Registered PF_UNIX/PF_LOCAL protocol family?
[    1.059415] RPC: Registered named UNIX socket transport module.?
[    1.065451] RPC: Registered udp transport module.?
[    1.070244] RPC: Registered tcp transport module.?
[    1.075038] RPC: Registered tcp-with-tls transport module.?
[    1.080626] RPC: Registered tcp NFSv4.1 backchannel transport module.?
[    1.087685] pci_bus 0000:00: resource 4 [io  0x0000-0xffff]?
[    1.093374] pci_bus 0000:00: resource 5 [mem 0x00000000-0xffffffffff]?
[    1.100018] pci 0000:00:01.1: D0 power state depends on 0000:00:01.0?
[    1.106504] pci 0000:00:02.0: CLS mismatch (64 != 512), using 64 bytes?
[    1.113278] AMD-Vi: Using global IVHD EFR:0x0, EFR2:0x0?
[    1.113481] Trying to unpack rootfs image as initramfs...?
[    1.118819] pci 0000:00:00.0: Adding to iommu group 0?
[    1.129384] pci 0000:00:14.0: Adding to iommu group 1?
[    1.134566] pci 0000:00:14.1: Adding to iommu group 1?
[    1.139755] pci 0000:00:14.2: Adding to iommu group 1?
[    1.144944] pci 0000:00:14.3: Adding to iommu group 1?
[    1.150127] pci 0000:00:14.4: Adding to iommu group 1?
[    1.155314] pci 0000:00:14.5: Adding to iommu group 1?
[    1.160505] pci 0000:00:14.6: Adding to iommu group 1?
[    1.165693] pci 0000:00:14.7: Adding to iommu group 1?
[    1.170922] AMD-Vi: Extended features (0x840, 0x0): IA?
[    1.176467] PCI-DMA: Using software bounce buffering for IO (SWIOTLB)?
[    1.183047] software IO TLB: mapped [mem 0x000000007afe8000-0x000000007efe8000] (64MB)?
[    1.191309] LVT offset 0 assigned for vector 0x400?
[    1.197468] perf: AMD IBS detected (0x000000ff)?
[    1.202144] kvm_amd: TSC scaling supported?
[    1.206325] kvm_amd: Nested Virtualization enabled?
[    1.211208] kvm_amd: Nested Paging enabled?
[    1.215386] kvm_amd: LBR virtualization supported?
[    1.243041] Freeing initrd memory: 4156K?
[    1.253666] platform rtc_cmos: registered platform RTC device (no PNP device found)?
[    1.264585] Initialise system trusted keyrings?
[    1.269271] workingset: timestamp_bits=40 max_order=21 bucket_order=0?
[    1.276253] ntfs3: Warning: Activated 64 bits per cluster. Windows does not support this?
[    1.284601] fuse: init (API version 7.43)?
[    1.324761] NET: Registered PF_ALG protocol family?
[    1.329651] xor: automatically using best checksumming function   avx       ?
[    1.336837] Key type asymmetric registered?
[    1.341012] Asymmetric key parser 'x509' registered?
[    1.346014] Block layer SCSI generic (bsg) driver version 0.4 loaded (major 252)?
[    1.353554] io scheduler mq-deadline registered?
[    1.358172] io scheduler kyber registered?
[    1.364429] Could not retrieve perf counters (-19)?
[    1.400642] Non-volatile memory driver v1.3?
[    1.404930] Linux agpgart interface v0.103?
[    1.409532] ACPI: bus type drm_connector registered?
[    1.414536] [drm] amdgpu kernel modesetting enabled.?
[    1.421186] brd: module loaded?
[    1.427921] loop: module loaded?
[    1.431150] i2c-core: driver [at24] registered?
[    1.435889] baikal_pcie 0000:00:14.4: bpcie_probe()?
[    1.440905] baikal_pcie 0000:00:14.4: bpcie glue probe?
[    1.446154] baikal_pcie 0000:00:14.4: Baikal chip revision: 4c0c2021:8d76a398:0000b100?
[    1.454229] pci 0000:00:14.0: bpcie_create_irq_domain?
[    1.459379] baikal_pcie 0000:00:14.4: devid = 164?
[    1.464177] baikal_pcie 0000:00:14.4: no parent ?
[    1.468888] bpcie_create_irq_domain: marked Baikal-MSI-164-3-14 as MSI parent (flags=0x113 bus_token=AMDVI)?
[    1.478818] pci 0000:00:14.1: bpcie_create_irq_domain?
[    1.483968] baikal_pcie 0000:00:14.4: devid = 164?
[    1.488764] baikal_pcie 0000:00:14.4: no parent ?
[    1.493473] bpcie_create_irq_domain: marked Baikal-MSI-164-3-14 as MSI parent (flags=0x113 bus_token=AMDVI)?
[    1.503403] pci 0000:00:14.2: bpcie_create_irq_domain?
[    1.508555] baikal_pcie 0000:00:14.4: devid = 164?
[    1.513351] baikal_pcie 0000:00:14.4: no parent ?
[    1.518068] bpcie_create_irq_domain: marked Baikal-MSI-164-3-14 as MSI parent (flags=0x113 bus_token=AMDVI)?
[    1.528000] pci 0000:00:14.3: bpcie_create_irq_domain?
[    1.533151] baikal_pcie 0000:00:14.4: devid = 164?
[    1.537945] baikal_pcie 0000:00:14.4: no parent ?
[    1.542653] bpcie_create_irq_domain: marked Baikal-MSI-164-3-14 as MSI parent (flags=0x113 bus_token=AMDVI)?
[    1.552584] baikal_pcie 0000:00:14.4: bpcie_create_irq_domain?
[    1.558442] baikal_pcie 0000:00:14.4: devid = 164?
[    1.563237] baikal_pcie 0000:00:14.4: no parent ?
[    1.567945] bpcie_create_irq_domain: marked Baikal-MSI-164-3-14 as MSI parent (flags=0x113 bus_token=AMDVI)?
[    1.577873] pci 0000:00:14.5: bpcie_create_irq_domain?
[    1.583022] baikal_pcie 0000:00:14.4: devid = 164?
[    1.587818] baikal_pcie 0000:00:14.4: no parent ?
[    1.592526] bpcie_create_irq_domain: marked Baikal-MSI-164-3-14 as MSI parent (flags=0x113 bus_token=AMDVI)?
[    1.602455] pci 0000:00:14.6: bpcie_create_irq_domain?
[    1.607604] baikal_pcie 0000:00:14.4: devid = 164?
[    1.612404] baikal_pcie 0000:00:14.4: no parent ?
[    1.617112] bpcie_create_irq_domain: marked Baikal-MSI-164-3-14 as MSI parent (flags=0x113 bus_token=AMDVI)?
[    1.627040] pci 0000:00:14.7: bpcie_create_irq_domain?
[    1.632189] baikal_pcie 0000:00:14.4: devid = 164?
[    1.636983] baikal_pcie 0000:00:14.4: no parent ?
[    1.641691] bpcie_create_irq_domain: marked Baikal-MSI-164-3-14 as MSI parent (flags=0x113 bus_token=AMDVI)?
[    1.651634] bpcie_init_dev_msi_info: dev=0000:00:14.4 installed bpcie demuxer (sc=(____ptrval____))?
[    1.661430] bpcie_msi_init: virq=10 hwirq=0x0 domain=(____ptrval____) info=(____ptrval____) sc=(____ptrval____)?
[    1.671725] bpcie_msi_init: registered virq=10 irq_map[0]?
[    1.677226] bpcie_msi_init: virq=11 hwirq=0x1 domain=(____ptrval____) info=(____ptrval____) sc=(____ptrval____)?
[    1.687510] bpcie_msi_init: registered virq=11 irq_map[1]?
[    1.693014] bpcie_msi_init: virq=12 hwirq=0x2 domain=(____ptrval____) info=(____ptrval____) sc=(____ptrval____)?
[    1.703298] bpcie_msi_init: registered virq=12 irq_map[2]?
[    1.708798] bpcie_msi_init: virq=13 hwirq=0x3 domain=(____ptrval____) info=(____ptrval____) sc=(____ptrval____)?
[    1.719082] bpcie_msi_init: registered virq=13 irq_map[3]?
[    1.724585] bpcie_msi_init: virq=14 hwirq=0x4 domain=(____ptrval____) info=(____ptrval____) sc=(____ptrval____)?
[    1.734870] bpcie_msi_init: registered virq=14 irq_map[4]?
[    1.740370] bpcie_msi_init: virq=15 hwirq=0x5 domain=(____ptrval____) info=(____ptrval____) sc=(____ptrval____)?
[    1.750652] bpcie_msi_init: registered virq=15 irq_map[5]?
[    1.756155] bpcie_msi_init: virq=16 hwirq=0x6 domain=(____ptrval____) info=(____ptrval____) sc=(____ptrval____)?
[    1.766439] bpcie_msi_init: registered virq=16 irq_map[6]?
[    1.771939] bpcie_msi_init: virq=17 hwirq=0x7 domain=(____ptrval____) info=(____ptrval____) sc=(____ptrval____)?
[    1.782225] bpcie_msi_init: registered virq=17 irq_map[7]?
[    1.787726] bpcie_msi_init: virq=18 hwirq=0x8 domain=(____ptrval____) info=(____ptrval____) sc=(____ptrval____)?
[    1.798008] bpcie_msi_init: registered virq=18 irq_map[8]?
[    1.803510] bpcie_msi_init: virq=19 hwirq=0x9 domain=(____ptrval____) info=(____ptrval____) sc=(____ptrval____)?
[    1.813793] bpcie_msi_init: registered virq=19 irq_map[9]?
[    1.819294] bpcie_msi_init: virq=20 hwirq=0xa domain=(____ptrval____) info=(____ptrval____) sc=(____ptrval____)?
[    1.829575] bpcie_msi_init: registered virq=20 irq_map[10]?
[    1.835166] bpcie_msi_init: virq=21 hwirq=0xb domain=(____ptrval____) info=(____ptrval____) sc=(____ptrval____)?
[    1.845447] bpcie_msi_init: registered virq=21 irq_map[11]?
[    1.851036] bpcie_msi_init: virq=22 hwirq=0xc domain=(____ptrval____) info=(____ptrval____) sc=(____ptrval____)?
[    1.861318] bpcie_msi_init: registered virq=22 irq_map[12]?
[    1.866907] bpcie_msi_init: virq=23 hwirq=0xd domain=(____ptrval____) info=(____ptrval____) sc=(____ptrval____)?
[    1.877190] bpcie_msi_init: registered virq=23 irq_map[13]?
[    1.882779] bpcie_msi_init: virq=24 hwirq=0xe domain=(____ptrval____) info=(____ptrval____) sc=(____ptrval____)?
[    1.893063] bpcie_msi_init: registered virq=24 irq_map[14]?
[    1.898651] bpcie_msi_init: virq=25 hwirq=0xf domain=(____ptrval____) info=(____ptrval____) sc=(____ptrval____)?
[    1.908937] bpcie_msi_init: registered virq=25 irq_map[15]?
[    1.914533] bpcie_msi_init: virq=26 hwirq=0x10 domain=(____ptrval____) info=(____ptrval____) sc=(____ptrval____)?
[    1.924906] bpcie_msi_init: registered virq=26 irq_map[16]?
[    1.930495] bpcie_msi_init: virq=27 hwirq=0x11 domain=(____ptrval____) info=(____ptrval____) sc=(____ptrval____)?
[    1.940865] bpcie_msi_init: registered virq=27 irq_map[17]?
[    1.946455] bpcie_msi_init: virq=28 hwirq=0x12 domain=(____ptrval____) info=(____ptrval____) sc=(____ptrval____)?
[    1.956826] bpcie_msi_init: registered virq=28 irq_map[18]?
[    1.962415] bpcie_msi_init: virq=29 hwirq=0x13 domain=(____ptrval____) info=(____ptrval____) sc=(____ptrval____)?
[    1.972786] bpcie_msi_init: registered virq=29 irq_map[19]?
[    1.978374] bpcie_msi_init: virq=30 hwirq=0x14 domain=(____ptrval____) info=(____ptrval____) sc=(____ptrval____)?
[    1.988747] bpcie_msi_init: registered virq=30 irq_map[20]?
[    1.994336] bpcie_msi_init: virq=31 hwirq=0x15 domain=(____ptrval____) info=(____ptrval____) sc=(____ptrval____)?
[    2.004708] bpcie_msi_init: registered virq=31 irq_map[21]?
[    2.010297] bpcie_msi_init: virq=32 hwirq=0x16 domain=(____ptrval____) info=(____ptrval____) sc=(____ptrval____)?
[    2.020669] bpcie_msi_init: registered virq=32 irq_map[22]?
[    2.026258] bpcie_msi_init: virq=33 hwirq=0x17 domain=(____ptrval____) info=(____ptrval____) sc=(____ptrval____)?
[    2.036631] bpcie_msi_init: registered virq=33 irq_map[23]?
[    2.042220] bpcie_msi_init: virq=34 hwirq=0x18 domain=(____ptrval____) info=(____ptrval____) sc=(____ptrval____)?
[    2.052591] bpcie_msi_init: registered virq=34 irq_map[24]?
[    2.058182] bpcie_msi_init: virq=35 hwirq=0x19 domain=(____ptrval____) info=(____ptrval____) sc=(____ptrval____)?
[    2.068553] bpcie_msi_init: registered virq=35 irq_map[25]?
[    2.074143] bpcie_msi_init: virq=36 hwirq=0x1a domain=(____ptrval____) info=(____ptrval____) sc=(____ptrval____)?
[    2.084515] bpcie_msi_init: registered virq=36 irq_map[26]?
[    2.090103] bpcie_msi_init: virq=37 hwirq=0x1b domain=(____ptrval____) info=(____ptrval____) sc=(____ptrval____)?
[    2.100474] bpcie_msi_init: registered virq=37 irq_map[27]?
[    2.106062] bpcie_msi_init: virq=38 hwirq=0x1c domain=(____ptrval____) info=(____ptrval____) sc=(____ptrval____)?
[    2.116435] bpcie_msi_init: registered virq=38 irq_map[28]?
[    2.122024] bpcie_msi_init: virq=39 hwirq=0x1d domain=(____ptrval____) info=(____ptrval____) sc=(____ptrval____)?
[    2.132395] bpcie_msi_init: registered virq=39 irq_map[29]?
[    2.137984] bpcie_msi_init: virq=40 hwirq=0x1e domain=(____ptrval____) info=(____ptrval____) sc=(____ptrval____)?
[    2.148357] bpcie_msi_init: registered virq=40 irq_map[30]?
[    2.153945] bpcie_msi_init: virq=41 hwirq=0x1f domain=(____ptrval____) info=(____ptrval____) sc=(____ptrval____)?
[    2.164316] bpcie_msi_init: registered virq=41 irq_map[31]?
[    2.169943] baikal_pcie 0000:00:14.4: bpcie_msi_write_msg(fee00000, 000000ef) mask=0x0 irq=10 hwirq=0x0 (____ptrval____)?
[    2.181036] baikal_pcie 0000:00:14.4: bpcie_config_msi: func=4 subfunc=0 addr=fee00000 data=000000ef?
[    2.190362] baikal_pcie 0000:00:14.4: bpcie_msi_write_msg(fee00000, 000000ef) mask=0x0 irq=11 hwirq=0x1 (____ptrval____)?
[    2.201444] baikal_pcie 0000:00:14.4: bpcie_config_msi: func=4 subfunc=1 addr=fee00000 data=000000ef?
[    2.210762] baikal_pcie 0000:00:14.4: bpcie_msi_write_msg(fee00000, 000000ef) mask=0x0 irq=12 hwirq=0x2 (____ptrval____)?
[    2.221846] baikal_pcie 0000:00:14.4: bpcie_config_msi: func=4 subfunc=2 addr=fee00000 data=000000ef?
[    2.231177] baikal_pcie 0000:00:14.4: bpcie_msi_write_msg(fee00000, 000000ef) mask=0x0 irq=13 hwirq=0x3 (____ptrval____)?
[    2.242260] baikal_pcie 0000:00:14.4: bpcie_config_msi: func=4 subfunc=3 addr=fee00000 data=000000ef?
[    2.251577] baikal_pcie 0000:00:14.4: bpcie_msi_write_msg(fee00000, 000000ef) mask=0x0 irq=14 hwirq=0x4 (____ptrval____)?
[    2.262658] baikal_pcie 0000:00:14.4: bpcie_config_msi: func=4 subfunc=4 addr=fee00000 data=000000ef?
[    2.271977] baikal_pcie 0000:00:14.4: bpcie_msi_write_msg(fee00000, 000000ef) mask=0x0 irq=15 hwirq=0x5 (____ptrval____)?
[    2.283059] baikal_pcie 0000:00:14.4: bpcie_config_msi: func=4 subfunc=5 addr=fee00000 data=000000ef?
[    2.292378] baikal_pcie 0000:00:14.4: bpcie_msi_write_msg(fee00000, 000000ef) mask=0x0 irq=16 hwirq=0x6 (____ptrval____)?
[    2.303458] baikal_pcie 0000:00:14.4: bpcie_config_msi: func=4 subfunc=6 addr=fee00000 data=000000ef?
[    2.312777] baikal_pcie 0000:00:14.4: bpcie_msi_write_msg(fee00000, 000000ef) mask=0x0 irq=17 hwirq=0x7 (____ptrval____)?
[    2.323859] baikal_pcie 0000:00:14.4: bpcie_config_msi: func=4 subfunc=7 addr=fee00000 data=000000ef?
[    2.333177] baikal_pcie 0000:00:14.4: bpcie_msi_write_msg(fee00000, 000000ef) mask=0x0 irq=18 hwirq=0x8 (____ptrval____)?
[    2.344259] baikal_pcie 0000:00:14.4: bpcie_config_msi: func=4 subfunc=8 addr=fee00000 data=000000ef?
[    2.353576] baikal_pcie 0000:00:14.4: bpcie_msi_write_msg(fee00000, 000000ef) mask=0x0 irq=19 hwirq=0x9 (____ptrval____)?
[    2.364660] baikal_pcie 0000:00:14.4: bpcie_config_msi: func=4 subfunc=9 addr=fee00000 data=000000ef?
[    2.373980] baikal_pcie 0000:00:14.4: bpcie_msi_write_msg(fee00000, 000000ef) mask=0x0 irq=20 hwirq=0xa (____ptrval____)?
[    2.385062] baikal_pcie 0000:00:14.4: bpcie_config_msi: func=4 subfunc=10 addr=fee00000 data=000000ef?
[    2.394471] baikal_pcie 0000:00:14.4: bpcie_msi_write_msg(fee00000, 000000ef) mask=0x0 irq=21 hwirq=0xb (____ptrval____)?
[    2.405551] baikal_pcie 0000:00:14.4: bpcie_config_msi: func=4 subfunc=11 addr=fee00000 data=000000ef?
[    2.414959] baikal_pcie 0000:00:14.4: bpcie_msi_write_msg(fee00000, 000000ef) mask=0x0 irq=22 hwirq=0xc (____ptrval____)?
[    2.426042] baikal_pcie 0000:00:14.4: bpcie_config_msi: func=4 subfunc=12 addr=fee00000 data=000000ef?
[    2.435449] baikal_pcie 0000:00:14.4: bpcie_msi_write_msg(fee00000, 000000ef) mask=0x0 irq=23 hwirq=0xd (____ptrval____)?
[    2.446530] baikal_pcie 0000:00:14.4: bpcie_config_msi: func=4 subfunc=13 addr=fee00000 data=000000ef?
[    2.455936] baikal_pcie 0000:00:14.4: bpcie_msi_write_msg(fee00000, 000000ef) mask=0x0 irq=24 hwirq=0xe (____ptrval____)?
[    2.467019] baikal_pcie 0000:00:14.4: bpcie_config_msi: func=4 subfunc=14 addr=fee00000 data=000000ef?
[    2.476426] baikal_pcie 0000:00:14.4: bpcie_msi_write_msg(fee00000, 000000ef) mask=0x0 irq=25 hwirq=0xf (____ptrval____)?
[    2.487508] baikal_pcie 0000:00:14.4: bpcie_config_msi: func=4 subfunc=15 addr=fee00000 data=000000ef?
[    2.496914] baikal_pcie 0000:00:14.4: bpcie_msi_write_msg(fee00000, 000000ef) mask=0x0 irq=26 hwirq=0x10 (____ptrval____)?
[    2.508083] baikal_pcie 0000:00:14.4: bpcie_config_msi: func=4 subfunc=16 addr=fee00000 data=000000ef?
[    2.517490] baikal_pcie 0000:00:14.4: bpcie_msi_write_msg(fee00000, 000000ef) mask=0x0 irq=27 hwirq=0x11 (____ptrval____)?
[    2.528662] baikal_pcie 0000:00:14.4: bpcie_config_msi: func=4 subfunc=17 addr=fee00000 data=000000ef?
[    2.538067] baikal_pcie 0000:00:14.4: bpcie_msi_write_msg(fee00000, 000000ef) mask=0x0 irq=28 hwirq=0x12 (____ptrval____)?
[    2.549238] baikal_pcie 0000:00:14.4: bpcie_config_msi: func=4 subfunc=18 addr=fee00000 data=000000ef?
[    2.558645] baikal_pcie 0000:00:14.4: bpcie_msi_write_msg(fee00000, 000000ef) mask=0x0 irq=29 hwirq=0x13 (____ptrval____)?
[    2.569814] baikal_pcie 0000:00:14.4: bpcie_config_msi: func=4 subfunc=19 addr=fee00000 data=000000ef?
[    2.579221] baikal_pcie 0000:00:14.4: bpcie_msi_write_msg(fee00000, 000000ef) mask=0x0 irq=30 hwirq=0x14 (____ptrval____)?
[    2.590391] baikal_pcie 0000:00:14.4: bpcie_config_msi: func=4 subfunc=20 addr=fee00000 data=000000ef?
[    2.599797] baikal_pcie 0000:00:14.4: bpcie_msi_write_msg(fee00000, 000000ef) mask=0x0 irq=31 hwirq=0x15 (____ptrval____)?
[    2.610966] baikal_pcie 0000:00:14.4: bpcie_config_msi: func=4 subfunc=21 addr=fee00000 data=000000ef?
[    2.620374] baikal_pcie 0000:00:14.4: bpcie_msi_write_msg(fee00000, 000000ef) mask=0x0 irq=32 hwirq=0x16 (____ptrval____)?
[    2.631547] baikal_pcie 0000:00:14.4: bpcie_config_msi: func=4 subfunc=22 addr=fee00000 data=000000ef?
[    2.640955] baikal_pcie 0000:00:14.4: bpcie_msi_write_msg(fee00000, 000000ef) mask=0x0 irq=33 hwirq=0x17 (____ptrval____)?
[    2.652124] baikal_pcie 0000:00:14.4: bpcie_config_msi: func=4 subfunc=23 addr=fee00000 data=000000ef?
[    2.661531] baikal_pcie 0000:00:14.4: bpcie_msi_write_msg(fee00000, 000000ef) mask=0x0 irq=34 hwirq=0x18 (____ptrval____)?
[    2.672700] baikal_pcie 0000:00:14.4: bpcie_config_msi: func=4 subfunc=24 addr=fee00000 data=000000ef?
[    2.682106] baikal_pcie 0000:00:14.4: bpcie_msi_write_msg(fee00000, 000000ef) mask=0x0 irq=35 hwirq=0x19 (____ptrval____)?
[    2.693275] baikal_pcie 0000:00:14.4: bpcie_config_msi: func=4 subfunc=25 addr=fee00000 data=000000ef?
[    2.702684] baikal_pcie 0000:00:14.4: bpcie_msi_write_msg(fee00000, 000000ef) mask=0x0 irq=36 hwirq=0x1a (____ptrval____)?
[    2.713853] baikal_pcie 0000:00:14.4: bpcie_config_msi: func=4 subfunc=26 addr=fee00000 data=000000ef?
[    2.723259] baikal_pcie 0000:00:14.4: bpcie_msi_write_msg(fee00000, 000000ef) mask=0x0 irq=37 hwirq=0x1b (____ptrval____)?
[    2.734429] baikal_pcie 0000:00:14.4: bpcie_config_msi: func=4 subfunc=27 addr=fee00000 data=000000ef?
[    2.743835] baikal_pcie 0000:00:14.4: bpcie_msi_write_msg(fee00000, 000000ef) mask=0x0 irq=38 hwirq=0x1c (____ptrval____)?
[    2.755005] baikal_pcie 0000:00:14.4: bpcie_config_msi: func=4 subfunc=28 addr=fee00000 data=000000ef?
[    2.764412] baikal_pcie 0000:00:14.4: bpcie_msi_write_msg(fee00000, 000000ef) mask=0x0 irq=39 hwirq=0x1d (____ptrval____)?
[    2.775580] baikal_pcie 0000:00:14.4: bpcie_config_msi: func=4 subfunc=29 addr=fee00000 data=000000ef?
[    2.784988] baikal_pcie 0000:00:14.4: bpcie_msi_write_msg(fee00000, 000000ef) mask=0x0 irq=40 hwirq=0x1e (____ptrval____)?
[    2.796156] baikal_pcie 0000:00:14.4: bpcie_config_msi: func=4 subfunc=30 addr=fee00000 data=000000ef?
[    2.805565] baikal_pcie 0000:00:14.4: bpcie_msi_write_msg(fee00000, 000000ef) mask=0x0 irq=41 hwirq=0x1f (____ptrval____)?
[    2.816735] baikal_pcie 0000:00:14.4: bpcie_config_msi: func=4 subfunc=31 addr=fee00000 data=000000ef?
[    2.826224] baikal_pcie 0000:00:14.4: dev->irq=10?
[    2.831146] baikal_pcie 0000:00:14.4: Failed to register serial port 0?
[    2.837804] baikal_pcie 0000:00:14.4: UART init failed (-5); continuing without serial console?
[    2.846592] bpcie_icc_init: msi_desc msi_index=0 irq=10?
[    2.851918] bpcie_icc_init: ICC subfunc 3 -> bpcie_irqnum=13 found_virq=-1?
[    2.858933] baikal_pcie 0000:00:14.4: bpcie_msi_write_msg(fee01000, 00000020) mask=0x0 irq=13 hwirq=0x3 (____ptrval____)?
[    2.859922] baikal_pcie 0000:00:14.4: bpcie_config_msi: func=4 subfunc=3 addr=fee01000 data=00000020?
[    2.859922] baikal_pcie 0000:00:14.4: bpcie_msi_write_msg(fee01000, 00000020) mask=0x0 irq=13 hwirq=0x3 (____ptrval____)?
[    2.859922] baikal_pcie 0000:00:14.4: bpcie_config_msi: func=4 subfunc=3 addr=fee01000 data=00000020?
[    2.899731] genirq: Flags mismatch irq 0. 00200080 (icc-shotgun) vs. 00000000 (AMD-Vi)?
[    2.907811] baikal_pcie 0000:00:14.4: bpcie_msi_write_msg(fee02000, 00000020) mask=0x0 irq=10 hwirq=0x0 (____ptrval____)?
[    2.908799] baikal_pcie 0000:00:14.4: bpcie_config_msi: func=4 subfunc=0 addr=fee02000 data=00000020?
[    2.908799] baikal_pcie 0000:00:14.4: bpcie_msi_write_msg(fee02000, 00000020) mask=0x0 irq=10 hwirq=0x0 (____ptrval____)?
[    2.908799] baikal_pcie 0000:00:14.4: bpcie_config_msi: func=4 subfunc=0 addr=fee02000 data=00000020?
[    2.948626] baikal_pcie 0000:00:14.4: bpcie_msi_write_msg(fee03000, 00000020) mask=0x0 irq=11 hwirq=0x1 (____ptrval____)?
[    2.949610] baikal_pcie 0000:00:14.4: bpcie_config_msi: func=4 subfunc=1 addr=fee03000 data=00000020?
[    2.949610] baikal_pcie 0000:00:14.4: bpcie_msi_write_msg(fee03000, 00000020) mask=0x0 irq=11 hwirq=0x1 (____ptrval____)?
[    2.949610] baikal_pcie 0000:00:14.4: bpcie_config_msi: func=4 subfunc=1 addr=fee03000 data=00000020?
[    2.989416] baikal_pcie 0000:00:14.4: bpcie_msi_write_msg(fee04000, 00000020) mask=0x0 irq=12 hwirq=0x2 (____ptrval____)?
[    2.990400] baikal_pcie 0000:00:14.4: bpcie_config_msi: func=4 subfunc=2 addr=fee04000 data=00000020?
[    2.990400] baikal_pcie 0000:00:14.4: bpcie_msi_write_msg(fee04000, 00000020) mask=0x0 irq=12 hwirq=0x2 (____ptrval____)?
[    2.990400] baikal_pcie 0000:00:14.4: bpcie_config_msi: func=4 subfunc=2 addr=fee04000 data=00000020?
[    3.030208] baikal_pcie 0000:00:14.4: bpcie_msi_write_msg(fee05000, 00000020) mask=0x0 irq=14 hwirq=0x4 (____ptrval____)?
[    3.031189] baikal_pcie 0000:00:14.4: bpcie_config_msi: func=4 subfunc=4 addr=fee05000 data=00000020?
[    3.031189] baikal_pcie 0000:00:14.4: bpcie_msi_write_msg(fee05000, 00000020) mask=0x0 irq=14 hwirq=0x4 (____ptrval____)?
[    3.031189] baikal_pcie 0000:00:14.4: bpcie_config_msi: func=4 subfunc=4 addr=fee05000 data=00000020?
[    3.070998] baikal_pcie 0000:00:14.4: bpcie_msi_write_msg(fee06000, 00000020) mask=0x0 irq=15 hwirq=0x5 (____ptrval____)?
[    3.071982] baikal_pcie 0000:00:14.4: bpcie_config_msi: func=4 subfunc=5 addr=fee06000 data=00000020?
[    3.071982] baikal_pcie 0000:00:14.4: bpcie_msi_write_msg(fee06000, 00000020) mask=0x0 irq=15 hwirq=0x5 (____ptrval____)?
[    3.071982] baikal_pcie 0000:00:14.4: bpcie_config_msi: func=4 subfunc=5 addr=fee06000 data=00000020?
[    3.111790] baikal_pcie 0000:00:14.4: bpcie_msi_write_msg(fee07000, 00000020) mask=0x0 irq=16 hwirq=0x6 (____ptrval____)?
[    3.112771] baikal_pcie 0000:00:14.4: bpcie_config_msi: func=4 subfunc=6 addr=fee07000 data=00000020?
[    3.112771] baikal_pcie 0000:00:14.4: bpcie_msi_write_msg(fee07000, 00000020) mask=0x0 irq=16 hwirq=0x6 (____ptrval____)?
[    3.112771] baikal_pcie 0000:00:14.4: bpcie_config_msi: func=4 subfunc=6 addr=fee07000 data=00000020?
[    3.152588] baikal_pcie 0000:00:14.4: bpcie_msi_write_msg(fee00000, 00000021) mask=0x0 irq=17 hwirq=0x7 (____ptrval____)?
[    3.153572] baikal_pcie 0000:00:14.4: bpcie_config_msi: func=4 subfunc=7 addr=fee00000 data=00000021?
[    3.153572] baikal_pcie 0000:00:14.4: bpcie_msi_write_msg(fee00000, 00000021) mask=0x0 irq=17 hwirq=0x7 (____ptrval____)?
[    3.153572] baikal_pcie 0000:00:14.4: bpcie_config_msi: func=4 subfunc=7 addr=fee00000 data=00000021?
[    3.193395] baikal_pcie 0000:00:14.4: bpcie_msi_write_msg(fee01000, 00000021) mask=0x0 irq=18 hwirq=0x8 (____ptrval____)?
[    3.194362] baikal_pcie 0000:00:14.4: bpcie_config_msi: func=4 subfunc=8 addr=fee01000 data=00000021?
[    3.194362] baikal_pcie 0000:00:14.4: bpcie_msi_write_msg(fee01000, 00000021) mask=0x0 irq=18 hwirq=0x8 (____ptrval____)?
[    3.194362] baikal_pcie 0000:00:14.4: bpcie_config_msi: func=4 subfunc=8 addr=fee01000 data=00000021?
[    3.234187] baikal_pcie 0000:00:14.4: bpcie_msi_write_msg(fee02000, 00000021) mask=0x0 irq=19 hwirq=0x9 (____ptrval____)?
[    3.235170] baikal_pcie 0000:00:14.4: bpcie_config_msi: func=4 subfunc=9 addr=fee02000 data=00000021?
[    3.235170] baikal_pcie 0000:00:14.4: bpcie_msi_write_msg(fee02000, 00000021) mask=0x0 irq=19 hwirq=0x9 (____ptrval____)?
[    3.235170] baikal_pcie 0000:00:14.4: bpcie_config_msi: func=4 subfunc=9 addr=fee02000 data=00000021?
[    3.274973] baikal_pcie 0000:00:14.4: bpcie_msi_write_msg(fee03000, 00000021) mask=0x0 irq=20 hwirq=0xa (____ptrval____)?
[    3.275958] baikal_pcie 0000:00:14.4: bpcie_config_msi: func=4 subfunc=10 addr=fee03000 data=00000021?
[    3.275958] baikal_pcie 0000:00:14.4: bpcie_msi_write_msg(fee03000, 00000021) mask=0x0 irq=20 hwirq=0xa (____ptrval____)?
[    3.275958] baikal_pcie 0000:00:14.4: bpcie_config_msi: func=4 subfunc=10 addr=fee03000 data=00000021?
[    3.315944] baikal_pcie 0000:00:14.4: bpcie_msi_write_msg(fee04000, 00000021) mask=0x0 irq=21 hwirq=0xb (____ptrval____)?
[    3.316925] baikal_pcie 0000:00:14.4: bpcie_config_msi: func=4 subfunc=11 addr=fee04000 data=00000021?
[    3.316925] baikal_pcie 0000:00:14.4: bpcie_msi_write_msg(fee04000, 00000021) mask=0x0 irq=21 hwirq=0xb (____ptrval____)?
[    3.316925] baikal_pcie 0000:00:14.4: bpcie_config_msi: func=4 subfunc=11 addr=fee04000 data=00000021?
[    3.356911] baikal_pcie 0000:00:14.4: bpcie_msi_write_msg(fee05000, 00000021) mask=0x0 irq=22 hwirq=0xc (____ptrval____)?
[    3.357896] baikal_pcie 0000:00:14.4: bpcie_config_msi: func=4 subfunc=12 addr=fee05000 data=00000021?
[    3.357896] baikal_pcie 0000:00:14.4: bpcie_msi_write_msg(fee05000, 00000021) mask=0x0 irq=22 hwirq=0xc (____ptrval____)?
[    3.357896] baikal_pcie 0000:00:14.4: bpcie_config_msi: func=4 subfunc=12 addr=fee05000 data=00000021?
[    3.397881] baikal_pcie 0000:00:14.4: bpcie_msi_write_msg(fee06000, 00000021) mask=0x0 irq=23 hwirq=0xd (____ptrval____)?
[    3.398862] baikal_pcie 0000:00:14.4: bpcie_config_msi: func=4 subfunc=13 addr=fee06000 data=00000021?
[    3.398862] baikal_pcie 0000:00:14.4: bpcie_msi_write_msg(fee06000, 00000021) mask=0x0 irq=23 hwirq=0xd (____ptrval____)?
[    3.398862] baikal_pcie 0000:00:14.4: bpcie_config_msi: func=4 subfunc=13 addr=fee06000 data=00000021?
[    3.438848] baikal_pcie 0000:00:14.4: bpcie_msi_write_msg(fee07000, 00000021) mask=0x0 irq=24 hwirq=0xe (____ptrval____)?
[    3.439833] baikal_pcie 0000:00:14.4: bpcie_config_msi: func=4 subfunc=14 addr=fee07000 data=00000021?
[    3.439833] baikal_pcie 0000:00:14.4: bpcie_msi_write_msg(fee07000, 00000021) mask=0x0 irq=24 hwirq=0xe (____ptrval____)?
[    3.439833] baikal_pcie 0000:00:14.4: bpcie_config_msi: func=4 subfunc=14 addr=fee07000 data=00000021?
[    3.479816] baikal_pcie 0000:00:14.4: bpcie_msi_write_msg(fee00000, 00000022) mask=0x0 irq=25 hwirq=0xf (____ptrval____)?
[    3.480797] baikal_pcie 0000:00:14.4: bpcie_config_msi: func=4 subfunc=15 addr=fee00000 data=00000022?
[    3.480797] baikal_pcie 0000:00:14.4: bpcie_msi_write_msg(fee00000, 00000022) mask=0x0 irq=25 hwirq=0xf (____ptrval____)?
[    3.480797] baikal_pcie 0000:00:14.4: bpcie_config_msi: func=4 subfunc=15 addr=fee00000 data=00000022?
[    3.520781] baikal_pcie 0000:00:14.4: bpcie_msi_write_msg(fee01000, 00000022) mask=0x0 irq=26 hwirq=0x10 (____ptrval____)?
[    3.521765] baikal_pcie 0000:00:14.4: bpcie_config_msi: func=4 subfunc=16 addr=fee01000 data=00000022?
[    3.521765] baikal_pcie 0000:00:14.4: bpcie_msi_write_msg(fee01000, 00000022) mask=0x0 irq=26 hwirq=0x10 (____ptrval____)?
[    3.521765] baikal_pcie 0000:00:14.4: bpcie_config_msi: func=4 subfunc=16 addr=fee01000 data=00000022?
[    3.561924] baikal_pcie 0000:00:14.4: bpcie_msi_write_msg(fee02000, 00000022) mask=0x0 irq=27 hwirq=0x11 (____ptrval____)?
[    3.562908] baikal_pcie 0000:00:14.4: bpcie_config_msi: func=4 subfunc=17 addr=fee02000 data=00000022?
[    3.562908] baikal_pcie 0000:00:14.4: bpcie_msi_write_msg(fee02000, 00000022) mask=0x0 irq=27 hwirq=0x11 (____ptrval____)?
[    3.562908] baikal_pcie 0000:00:14.4: bpcie_config_msi: func=4 subfunc=17 addr=fee02000 data=00000022?
[    3.603071] baikal_pcie 0000:00:14.4: bpcie_msi_write_msg(fee03000, 00000022) mask=0x0 irq=28 hwirq=0x12 (____ptrval____)?
[    3.604053] baikal_pcie 0000:00:14.4: bpcie_config_msi: func=4 subfunc=18 addr=fee03000 data=00000022?
[    3.604053] baikal_pcie 0000:00:14.4: bpcie_msi_write_msg(fee03000, 00000022) mask=0x0 irq=28 hwirq=0x12 (____ptrval____)?
[    3.604053] baikal_pcie 0000:00:14.4: bpcie_config_msi: func=4 subfunc=18 addr=fee03000 data=00000022?
[    3.644217] baikal_pcie 0000:00:14.4: bpcie_msi_write_msg(fee04000, 00000022) mask=0x0 irq=29 hwirq=0x13 (____ptrval____)?
[    3.645201] baikal_pcie 0000:00:14.4: bpcie_config_msi: func=4 subfunc=19 addr=fee04000 data=00000022?
[    3.645201] baikal_pcie 0000:00:14.4: bpcie_msi_write_msg(fee04000, 00000022) mask=0x0 irq=29 hwirq=0x13 (____ptrval____)?
[    3.645201] baikal_pcie 0000:00:14.4: bpcie_config_msi: func=4 subfunc=19 addr=fee04000 data=00000022?
[    3.685361] baikal_pcie 0000:00:14.4: bpcie_msi_write_msg(fee05000, 00000022) mask=0x0 irq=30 hwirq=0x14 (____ptrval____)?
[    3.686343] baikal_pcie 0000:00:14.4: bpcie_config_msi: func=4 subfunc=20 addr=fee05000 data=00000022?
[    3.686343] baikal_pcie 0000:00:14.4: bpcie_msi_write_msg(fee05000, 00000022) mask=0x0 irq=30 hwirq=0x14 (____ptrval____)?
[    3.686343] baikal_pcie 0000:00:14.4: bpcie_config_msi: func=4 subfunc=20 addr=fee05000 data=00000022?
[    3.726510] baikal_pcie 0000:00:14.4: bpcie_msi_write_msg(fee06000, 00000022) mask=0x0 irq=31 hwirq=0x15 (____ptrval____)?
[    3.727491] baikal_pcie 0000:00:14.4: bpcie_config_msi: func=4 subfunc=21 addr=fee06000 data=00000022?
[    3.727491] baikal_pcie 0000:00:14.4: bpcie_msi_write_msg(fee06000, 00000022) mask=0x0 irq=31 hwirq=0x15 (____ptrval____)?
[    3.727491] baikal_pcie 0000:00:14.4: bpcie_config_msi: func=4 subfunc=21 addr=fee06000 data=00000022?
[    3.767652] baikal_pcie 0000:00:14.4: bpcie_msi_write_msg(fee07000, 00000022) mask=0x0 irq=32 hwirq=0x16 (____ptrval____)?
[    3.768633] baikal_pcie 0000:00:14.4: bpcie_config_msi: func=4 subfunc=22 addr=fee07000 data=00000022?
[    3.768633] baikal_pcie 0000:00:14.4: bpcie_msi_write_msg(fee07000, 00000022) mask=0x0 irq=32 hwirq=0x16 (____ptrval____)?
[    3.768633] baikal_pcie 0000:00:14.4: bpcie_config_msi: func=4 subfunc=22 addr=fee07000 data=00000022?
[    3.808797] baikal_pcie 0000:00:14.4: bpcie_msi_write_msg(fee00000, 00000023) mask=0x0 irq=33 hwirq=0x17 (____ptrval____)?
[    3.809780] baikal_pcie 0000:00:14.4: bpcie_config_msi: func=4 subfunc=23 addr=fee00000 data=00000023?
[    3.809780] baikal_pcie 0000:00:14.4: bpcie_msi_write_msg(fee00000, 00000023) mask=0x0 irq=33 hwirq=0x17 (____ptrval____)?
[    3.809780] baikal_pcie 0000:00:14.4: bpcie_config_msi: func=4 subfunc=23 addr=fee00000 data=00000023?
[    3.849938] baikal_pcie 0000:00:14.4: bpcie_msi_write_msg(fee01000, 00000023) mask=0x0 irq=34 hwirq=0x18 (____ptrval____)?
[    3.850923] baikal_pcie 0000:00:14.4: bpcie_config_msi: func=4 subfunc=24 addr=fee01000 data=00000023?
[    3.850923] baikal_pcie 0000:00:14.4: bpcie_msi_write_msg(fee01000, 00000023) mask=0x0 irq=34 hwirq=0x18 (____ptrval____)?
[    3.850923] baikal_pcie 0000:00:14.4: bpcie_config_msi: func=4 subfunc=24 addr=fee01000 data=00000023?
[    3.891087] baikal_pcie 0000:00:14.4: bpcie_msi_write_msg(fee02000, 00000023) mask=0x0 irq=35 hwirq=0x19 (____ptrval____)?
[    3.892068] baikal_pcie 0000:00:14.4: bpcie_config_msi: func=4 subfunc=25 addr=fee02000 data=00000023?
[    3.892068] baikal_pcie 0000:00:14.4: bpcie_msi_write_msg(fee02000, 00000023) mask=0x0 irq=35 hwirq=0x19 (____ptrval____)?
[    3.892068] baikal_pcie 0000:00:14.4: bpcie_config_msi: func=4 subfunc=25 addr=fee02000 data=00000023?
[    3.932234] baikal_pcie 0000:00:14.4: bpcie_msi_write_msg(fee03000, 00000023) mask=0x0 irq=36 hwirq=0x1a (____ptrval____)?
[    3.933218] baikal_pcie 0000:00:14.4: bpcie_config_msi: func=4 subfunc=26 addr=fee03000 data=00000023?
[    3.933218] baikal_pcie 0000:00:14.4: bpcie_msi_write_msg(fee03000, 00000023) mask=0x0 irq=36 hwirq=0x1a (____ptrval____)?
[    3.933218] baikal_pcie 0000:00:14.4: bpcie_config_msi: func=4 subfunc=26 addr=fee03000 data=00000023?
[    3.973379] baikal_pcie 0000:00:14.4: bpcie_msi_write_msg(fee04000, 00000023) mask=0x0 irq=37 hwirq=0x1b (____ptrval____)?
[    3.974360] baikal_pcie 0000:00:14.4: bpcie_config_msi: func=4 subfunc=27 addr=fee04000 data=00000023?
[    3.974360] baikal_pcie 0000:00:14.4: bpcie_msi_write_msg(fee04000, 00000023) mask=0x0 irq=37 hwirq=0x1b (____ptrval____)?
[    3.974360] baikal_pcie 0000:00:14.4: bpcie_config_msi: func=4 subfunc=27 addr=fee04000 data=00000023?
[    4.014521] baikal_pcie 0000:00:14.4: bpcie_msi_write_msg(fee05000, 00000023) mask=0x0 irq=38 hwirq=0x1c (____ptrval____)?
[    4.015505] baikal_pcie 0000:00:14.4: bpcie_config_msi: func=4 subfunc=28 addr=fee05000 data=00000023?
[    4.015505] baikal_pcie 0000:00:14.4: bpcie_msi_write_msg(fee05000, 00000023) mask=0x0 irq=38 hwirq=0x1c (____ptrval____)?
[    4.015505] baikal_pcie 0000:00:14.4: bpcie_config_msi: func=4 subfunc=28 addr=fee05000 data=00000023?
[    4.055666] baikal_pcie 0000:00:14.4: bpcie_msi_write_msg(fee06000, 00000023) mask=0x0 irq=39 hwirq=0x1d (____ptrval____)?
[    4.056647] baikal_pcie 0000:00:14.4: bpcie_config_msi: func=4 subfunc=29 addr=fee06000 data=00000023?
[    4.056647] baikal_pcie 0000:00:14.4: bpcie_msi_write_msg(fee06000, 00000023) mask=0x0 irq=39 hwirq=0x1d (____ptrval____)?
[    4.056647] baikal_pcie 0000:00:14.4: bpcie_config_msi: func=4 subfunc=29 addr=fee06000 data=00000023?
[    4.096807] baikal_pcie 0000:00:14.4: bpcie_msi_write_msg(fee07000, 00000023) mask=0x0 irq=40 hwirq=0x1e (____ptrval____)?
[    4.097791] baikal_pcie 0000:00:14.4: bpcie_config_msi: func=4 subfunc=30 addr=fee07000 data=00000023?
[    4.097791] baikal_pcie 0000:00:14.4: bpcie_msi_write_msg(fee07000, 00000023) mask=0x0 irq=40 hwirq=0x1e (____ptrval____)?
[    4.097791] baikal_pcie 0000:00:14.4: bpcie_config_msi: func=4 subfunc=30 addr=fee07000 data=00000023?
[    4.137951] baikal_pcie 0000:00:14.4: bpcie_msi_write_msg(fee00000, 00000024) mask=0x0 irq=41 hwirq=0x1f (____ptrval____)?
[    4.138935] baikal_pcie 0000:00:14.4: bpcie_config_msi: func=4 subfunc=31 addr=fee00000 data=00000024?
[    4.138935] baikal_pcie 0000:00:14.4: bpcie_msi_write_msg(fee00000, 00000024) mask=0x0 irq=41 hwirq=0x1f (____ptrval____)?
[    4.138935] baikal_pcie 0000:00:14.4: bpcie_config_msi: func=4 subfunc=31 addr=fee00000 data=00000024?
[    4.179098] bpcie_icc_init: shotgun-registered ICC at 32 additional virqs (0..63)?
[    4.186732] baikal_pcie 0000:00:14.4: icc init-diag: ICC virq=13 STATUS=0x0 IRQ_MASK=0x3 DOORBELL_off=0x108004 STATUS_off=0x108014?
[    4.198733] i2c i2c-0: adapter [icc] registered?
[    4.203493] icc_interrupt: irq=35 entry status=0x2?
[    4.204292] icc_interrupt: irq=0 entry status=0x2?
[    4.228015] icc_interrupt: irq=35 entry status=0x1?
[    4.228287] icc_interrupt: irq=0 entry status=0x1?
[    4.237695] Turn ON BT/WLAN: ret=20, reply 00 00 00 00?
[    4.237835] icc_interrupt: irq=35 entry status=0x2?
[    4.238266] icc_interrupt: irq=0 entry status=0x2?
[    4.252748] usb0 status: ret=20, reply 00 00 01 00?
[    4.252752] USB is already turned ON!?
[    4.257704] input: Power Button as /devices/pci0000:00/0000:00:14.4/input/input0?
[    4.269112] icc_interrupt: irq=35 entry status=0x2?
[    4.270256] icc_interrupt: irq=0 entry status=0x2?
[    4.283002] icc_interrupt: irq=35 entry status=0x1?
[    4.283252] icc_interrupt: irq=0 entry status=0x1?
[    4.292682] icc: not ready?
[    4.295439] baikal_pcie 0000:00:14.4: icc_pwrbutton_init: Failed to enable reset notifications (-11)?
[    4.323258] ret=46, reply 00 00 03 00 00 00 15 00?
[    4.338233] ret=20, reply 00 00 01 02 10 00 00 00?
[    4.353250] ret=20, reply 00 00 00 00 00 00 00 00?
[    4.358165] wireguard: WireGuard 1.0.0 loaded. See www.wireguard.com for information.?
[    4.366148] wireguard: Copyright (C) 2015-2019 Jason A. Donenfeld <Jason@zx2c4.com>. All Rights Reserved.?
[    4.376392] sky2: driver version 1.30?
[    4.380163] resource: resource sanity check: requesting [mem 0x00000000c2000000-0x00000000c2003fff], which spans more than 0000:00:14.1 [mem 0xc2000000-0xc2000fff 64bit]?
[    4.395593] caller sky2_probe+0x153/0x340 mapping multiple BARs?
[    4.401638] sky2 0000:00:14.1: PS4 Baikal: B2_CHIP_ID=0x0, forcing YUKON_PRM?
[    4.408824] sky2 0000:00:14.1: chip type 0xbd?
[    4.413279] sky2 0000:00:14.1: Yukon-2 OptimaEEE chip revision 0?
[    4.419456] sky2 0000:00:14.1: bpcie_assign_irqs(1)?
[    4.424440] bpcie_init_dev_msi_info: dev=0000:00:14.1 installed bpcie demuxer (sc=(____ptrval____))?
[    4.433695] bpcie_msi_init: virq=1 hwirq=0x0 domain=(____ptrval____) info=(____ptrval____) sc=(____ptrval____)?
[    4.443897] bpcie_msi_init: registered virq=1 irq_map[32]?
[    4.449404] sky2 0000:00:14.1: bpcie_msi_write_msg(fee00000, 000000ef) mask=0x0 irq=1 hwirq=0x0 (____ptrval____)?
[    4.459787] baikal_pcie 0000:00:14.4: bpcie_config_msi: func=1 subfunc=0 addr=fee00000 data=000000ef?
[    4.469122] sky2 0000:00:14.1: bpcie_assign_irqs returning 1?
[    4.474894] sky2 0000:00:14.1: PS4 Baikal: skipping MSI self-test in APCIE branch?
[    4.482794] sky2 0000:00:14.1 eth0: addr 2c:cc:44:57:0b:3a?
[    4.488855] xhci_aeolia 0000:00:14.7: bpcie_assign_irqs(3)?
[    4.494463] bpcie_init_dev_msi_info: dev=0000:00:14.7 installed bpcie demuxer (sc=(____ptrval____))?
[    4.503727] bpcie_msi_init: virq=2 hwirq=0x0 domain=(____ptrval____) info=(____ptrval____) sc=(____ptrval____)?
[    4.513930] bpcie_msi_init: registered virq=2 irq_map[33]?
[    4.519437] xhci_aeolia 0000:00:14.7: bpcie_msi_write_msg(fee00000, 000000ef) mask=0x0 irq=2 hwirq=0x0 (____ptrval____)?
[    4.530436] baikal_pcie 0000:00:14.4: bpcie_config_msi: func=7 subfunc=0 addr=fee00000 data=000000ef?
[    4.539769] xhci_aeolia 0000:00:14.7: bpcie_assign_irqs returning 1?
[    4.546162] xhci_aeolia 0000:00:14.7: version 3.0?
[    4.550967] xhci_aeolia 0000:00:14.7: Belize SATA PHY init?
[    5.556593] xhci_aeolia 0000:00:14.7: PHY SET GEN3?
[    5.561476] xhci_aeolia 0000:00:14.7: Belize SATA PHY Trace length : 6?
[    6.568217] xhci_aeolia 0000:00:14.7: Align 90=0x00?
[    6.573224] clocksource: tsc: mask: 0xffffffffffffffff max_cycles: 0x16fa38b7442, max_idle_ns: 440795236041 ns?
[    6.573273] xhci_aeolia 0000:00:14.7: AHCI vers 0001.0300, 32 command slots, 6 Gbps, ATA mode?
[    6.592119] xhci_aeolia 0000:00:14.7: 1/1 ports implemented (port mask 0x1)?
[    6.599214] xhci_aeolia 0000:00:14.7: flags: ncq sntf pm clo only pmp pio slum part ccc apst ?
[    6.607928] clocksource: Switched to clocksource tsc?
[    6.608025] xhci_aeolia 0000:00:14.7: bpcie_msi_write_msg(fee01000, 00000024) mask=0x0 irq=2 hwirq=0x0 (____ptrval____)?
[    6.614580] baikal_pcie 0000:00:14.4: bpcie_config_msi: func=7 subfunc=0 addr=fee01000 data=00000024?
[    6.614580] xhci_aeolia 0000:00:14.7: bpcie_msi_write_msg(fee01000, 00000024) mask=0x0 irq=2 hwirq=0x0 (____ptrval____)?
[    6.614580] baikal_pcie 0000:00:14.4: bpcie_config_msi: func=7 subfunc=0 addr=fee01000 data=00000024?
[    6.654257] scsi host0: ahci?
[    6.657314] ata1: SATA max UDMA/133 abar m65536@0xce800000 port 0xce800100 irq 2 lpm-pol 0?
[    6.716643] xhci_aeolia_probe_one 0, controller is 90de?
[    6.722048] xhci_aeolia 0000:00:14.7: xHCI Host Controller?
[    6.727662] xhci_aeolia 0000:00:14.7: new USB bus registered, assigned bus number 1?
[    6.735607] xhci_aeolia 0000:00:14.7: hcc params 0x0228f66c hci version 0x100 quirks 0x0004000000010010?
[    6.745200] xhci_aeolia 0000:00:14.7: irq 2, io mem 0xce000000?
[    6.751280] xhci_aeolia 0000:00:14.7: xHCI Host Controller?
[    6.756879] xhci_aeolia 0000:00:14.7: new USB bus registered, assigned bus number 2?
[    6.785651] xhci_aeolia 0000:00:14.7: Host supports USB 3.0 SuperSpeed?
[    6.792475] usb usb1: New USB device found, idVendor=1d6b, idProduct=0002, bcdDevice= 6.15?
[    6.800907] usb usb1: New USB device strings: Mfr=3, Product=2, SerialNumber=1?
[    6.808273] usb usb1: Product: xHCI Host Controller?
[    6.813246] usb usb1: Manufacturer: Linux 6.15.4-Baikal_TESTING_crashniels-dirty xhci-hcd?
[    6.821586] usb usb1: SerialNumber: 0000:00:14.7?
[    6.826769] hub 1-0:1.0: USB hub found?
[    6.830628] hub 1-0:1.0: 2 ports detected?
[    6.834944] usb usb2: We don't know the algorithms for LPM for this host, disabling LPM.?
[    6.843278] usb usb2: New USB device found, idVendor=1d6b, idProduct=0003, bcdDevice= 6.15?
[    6.851708] usb usb2: New USB device strings: Mfr=3, Product=2, SerialNumber=1?
[    6.859077] usb usb2: Product: xHCI Host Controller?
[    6.864050] usb usb2: Manufacturer: Linux 6.15.4-Baikal_TESTING_crashniels-dirty xhci-hcd?
[    6.872402] usb usb2: SerialNumber: 0000:00:14.7?
[    6.877551] hub 2-0:1.0: USB hub found?
[    6.881401] hub 2-0:1.0: 2 ports detected?
[    6.906719] xhci_aeolia_probe_one 2, controller is 90de?
[    6.912133] xhci_aeolia 0000:00:14.7: xHCI Host Controller?
[    6.917739] xhci_aeolia 0000:00:14.7: new USB bus registered, assigned bus number 3?
[    6.925671] xhci_aeolia 0000:00:14.7: hcc params 0x0220f06c hci version 0x100 quirks 0x0004000000010010?
[    6.935273] xhci_aeolia 0000:00:14.7: irq 2, io mem 0xcf000000?
[    6.941231] debugfs: Directory '0000:00:14.7' with parent 'xhci' already present!?
[    6.948891] xhci_aeolia 0000:00:14.7: xHCI Host Controller?
[    6.954497] xhci_aeolia 0000:00:14.7: new USB bus registered, assigned bus number 4?
[    6.982658] xhci_aeolia 0000:00:14.7: Host supports USB 3.0 SuperSpeed?
[    6.989673] usb usb3: New USB device found, idVendor=1d6b, idProduct=0002, bcdDevice= 6.15?
[    6.998111] usb usb3: New USB device strings: Mfr=3, Product=2, SerialNumber=1?
[    7.005484] usb usb3: Product: xHCI Host Controller?
[    7.010458] usb usb3: Manufacturer: Linux 6.15.4-Baikal_TESTING_crashniels-dirty xhci-hcd?
[    7.018800] usb usb3: SerialNumber: 0000:00:14.7?
[    7.023999] hub 3-0:1.0: USB hub found?
[    7.027868] hub 3-0:1.0: 1 port detected?
[    7.032248] usb usb4: We don't know the algorithms for LPM for this host, disabling LPM.?
[    7.040628] usb usb4: New USB device found, idVendor=1d6b, idProduct=0003, bcdDevice= 6.15?
[    7.049062] usb usb4: New USB device strings: Mfr=3, Product=2, SerialNumber=1?
[    7.056440] usb usb4: Product: xHCI Host Controller?
[    7.061413] usb usb4: Manufacturer: Linux 6.15.4-Baikal_TESTING_crashniels-dirty xhci-hcd?
[    7.069751] usb usb4: SerialNumber: 0000:00:14.7?
[    7.074901] hub 4-0:1.0: USB hub found?
[    7.078751] hub 4-0:1.0: 1 port detected?
[    7.104039] usbcore: registered new interface driver uas?
[    7.109541] usb 1-1: new high-speed USB device number 2 using xhci_aeolia?
[    7.109561] usbcore: registered new interface driver usb-storage?
[    7.122657] i8042: PNP: No PS/2 controller found.?
[    7.127748] mousedev: PS/2 mouse device common for all mice?
[    7.133612] usbcore: registered new interface driver xpad?
[    7.139173] ata1: SATA link up 3.0 Gbps (SStatus 123 SControl 300)?
[    7.139230] i2c_dev: i2c /dev entries driver?
[    7.150015] i2c_dev: adapter [icc] registered as minor 0?
[    7.155454] i2c-core: driver [i2c-slave-eeprom] registered?
[    7.161509] device-mapper: ioctl: 4.49.0-ioctl (2025-01-17) initialised: dm-devel@lists.linux.dev?
[    7.167140] ata1.00: FORCE: modified (disable)?
[    7.170773] amd_pstate: the _CPC object is not present in SBIOS or ACPI disabled?
[    7.175125] ata1.00: unsupported device, disabling?
[    7.175129] ata1.00: disable device?
[    7.191167] sdhci: Secure Digital Host Controller Interface driver?
[    7.197465] sdhci: Copyright(c) Pierre Ossman?
[    7.202119] sdhci-pci 0000:00:14.3: SDHCI controller found [104d:90da] (rev 0)?
[    7.202160] hid: raw HID events driver (C) Jiri Kosina?
[    7.209565] usb usb3-port1: over-current condition?
[    7.209593] bpcie_init_dev_msi_info: dev=0000:00:14.3 installed bpcie demuxer (sc=(____ptrval____))?
[    7.209662] bpcie_msi_init: virq=3 hwirq=0x0 domain=(____ptrval____) info=(____ptrval____) sc=(____ptrval____)?
[    7.209669] bpcie_msi_init: registered virq=3 irq_map[34]?
[    7.209679] sdhci-pci 0000:00:14.3: bpcie_msi_write_msg(fee00000, 000000ef) mask=0x0 irq=3 hwirq=0x0 (____ptrval____)?
[    7.209699] baikal_pcie 0000:00:14.4: bpcie_config_msi: func=3 subfunc=0 addr=fee00000 data=000000ef?
[    7.210198] sdhci-pci 0000:00:14.3: bpcie_msi_write_msg(fee02000, 00000024) mask=0x0 irq=3 hwirq=0x0 (____ptrval____)?
[    7.210218] baikal_pcie 0000:00:14.4: bpcie_config_msi: func=3 subfunc=0 addr=fee02000 data=00000024?
[    7.210246] sdhci-pci 0000:00:14.3: bpcie_msi_write_msg(fee02000, 00000024) mask=0x0 irq=3 hwirq=0x0 (____ptrval____)?
[    7.210262] baikal_pcie 0000:00:14.4: bpcie_config_msi: func=3 subfunc=0 addr=fee02000 data=00000024?
[    7.215065] usbcore: registered new interface driver usbhid?
[    7.219837] mmc0: SDHCI controller on PCI [0000:00:14.3] using ADMA?
[    7.228906] usbhid: USB HID core driver?
[    7.229433] snd_hda_intel 0000:00:01.1: can't derive routing for PCI INT B?
[    7.255909] usb 1-1: New USB device found, idVendor=1a40, idProduct=0101, bcdDevice= 1.00?
[    7.264815] snd_hda_intel 0000:00:01.1: PCI INT B: not connected?
[    7.265293] NET: Registered PF_INET6 protocol family?
[    7.275635] usb 1-1: New USB device strings: Mfr=0, Product=1, SerialNumber=0?
[    7.275640] usb 1-1: Product: USB2.0 HUB?
[    7.336501] hub 1-1:1.0: USB hub found?
[    7.337360] Segment Routing with IPv6?
[    7.341620] input: HD-Audio Generic HDMI/DP,pcm=3 as /devices/pci0000:00/0000:00:01.1/sound/card0/input1?
[    7.341762] input: HD-Audio Generic HDMI/DP,pcm=7 as /devices/pci0000:00/0000:00:01.1/sound/card0/input2?
[    7.342740] hub 1-1:1.0: 4 ports detected?
[    7.346552] mmc0: new UHS-I speed SDR104 SDIO card at address 0001?
[    7.347773] In-situ OAM (IOAM) with IPv6?
[    7.348885] [wlan][78]halPollDbgCr:(INIT WARN) SWPCDBGR 0x00000000?
[    7.387597] usb 2-2: new SuperSpeed USB device number 2 using xhci_aeolia?
[    7.390067] NET: Registered PF_PACKET protocol family?
[    7.409321] usb 2-2: New USB device found, idVendor=0951, idProduct=1666, bcdDevice= 1.10?
[    7.413698] Bluetooth: RFCOMM TTY layer initialized?
[    7.418738] usb 2-2: New USB device strings: Mfr=2, Product=3, SerialNumber=4?
[    7.427073] Bluetooth: RFCOMM socket layer initialized?
[    7.427109] Bluetooth: RFCOMM ver 1.11?
[    7.432094] usb 2-2: Product: DataTraveler 3.0?
[    7.439339] Bluetooth: BNEP (Ethernet Emulation) ver 1.3?
[    7.439344] Bluetooth: BNEP filters: protocol multicast?
[    7.439349] Bluetooth: BNEP socket layer initialized?
[    7.439353] usb 2-2: Manufacturer: Kingston?
[    7.439358] Bluetooth: HIDP (Human Interface Emulation) ver 1.2?
[    7.439364] usb 2-2: SerialNumber: E0D55EA573F0194049CD0236?
[    7.439373] Bluetooth: HIDP socket layer initialized?
[    7.444653] usb usb4-port1: over-current condition?
[    7.495450] microcode: Current revision: 0x0701a001?
[    7.495675] usb-storage 2-2:1.0: USB Mass Storage device detected?
[    7.506911] IPI shorthand broadcast: enabled?
[    7.506985] scsi host1: usb-storage 2-2:1.0?
[    7.527739] sched_clock: Marking stable (6807003321, 720515373)->(9890432144, -2362913450)?
[    7.537202] registered taskstats version 1?
[    7.541385] Loading compiled-in X.509 certificates?
[    7.553554] Demotion targets for Node 0: null?
[    7.558959] Btrfs loaded, zoned=no, fsverity=no?
[    7.564123] amdgpu 0000:00:01.0: can't derive routing for PCI INT A?
[    7.570559] amdgpu 0000:00:01.0: PCI INT A: not connected?
[    7.576083] [drm] initializing kernel modesetting (LIVERPOOL 0x1002:0x9923 0x1002:0x9923 0x00).?
[    7.585000] [drm] register mmio base: 0xE4800000?
[    7.589736] [drm] register mmio size: 262144?
[    7.594284] amdgpu 0000:00:01.0: amdgpu: detected ip block number 0 <cik_common>?
[    7.601859] amdgpu 0000:00:01.0: amdgpu: detected ip block number 1 <gmc_v7_0>?
[    7.609237] amdgpu 0000:00:01.0: amdgpu: detected ip block number 2 <cik_ih>?
[    7.616435] amdgpu 0000:00:01.0: amdgpu: detected ip block number 3 <dce_v8_0>?
[    7.623817] amdgpu 0000:00:01.0: amdgpu: detected ip block number 4 <gfx_v7_0>?
[    7.631192] amdgpu 0000:00:01.0: amdgpu: detected ip block number 5 <cik_sdma>?
[    7.638566] amdgpu 0000:00:01.0: amdgpu: detected ip block number 6 <uvd_v4_2>?
[    7.645941] amdgpu 0000:00:01.0: amdgpu: detected ip block number 7 <vce_v2_0>?
[    7.689944] amdgpu 0000:00:01.0: amdgpu: Fetched VBIOS from ROM BAR?
[    7.696360] amdgpu: ATOM BIOS: 113-Starsha2-018?
[    7.701364] [drm] ps4 uvd: skipping UVD entirely on Liverpool/Gladius (no SAMU auth -> no functional UVD; avoids fault storm)?
[    7.712920] [drm:amdgpu_device_init.cold] *ERROR* early_init of IP block <uvd_v4_2> failed -19?
[    7.721720] [drm] ps4 vce: skipping VCE entirely on Liverpool/Gladius?
[    7.728290] [drm:amdgpu_device_init.cold] *ERROR* early_init of IP block <vce_v2_0> failed -19?
[    7.737085] amdgpu 0000:00:01.0: amdgpu: Fatal error during GPU init?
[    7.743580] amdgpu 0000:00:01.0: amdgpu: amdgpu: finishing device.?
[    7.750136] ahci 0000:00:14.2: version 3.0?
[    7.754344] ahci 0000:00:14.2: probe with driver ahci failed with error -12?
[    7.761537] ps4-power: reboot_notifier installed ??? ICC cmd 04/0004 on SYS_POWER_OFF?
[    7.769554] printk: legacy console [netcon0] enabled?
[    7.774626] netconsole: network logging started?
[    7.779426] cfg80211: Loading compiled-in X.509 certificates for regulatory database?
[    7.788438] Loaded X.509 cert 'sforshee: 00b28ddf47aef9cea7'?
[    7.794816] Loaded X.509 cert 'wens: 61c038651aabdcf94bd0ac7ff06c7248db18c600'?
[    7.802245] clk: Disabling unused clocks?
[    7.806369] platform regulatory.0: Direct firmware load for regulatory.db failed with error -2?
[    7.806889] ALSA device list:?
[    7.815166] cfg80211: failed to load regulatory.db?
[    7.815252]   #0: HD-Audio Generic at 0xe4840000 irq 4?
[    7.815562] usb 1-1.3: new low-speed USB device number 3 using xhci_aeolia?
[    7.836559] Freeing unused kernel image (initmem) memory: 1624K?
[    7.842693] Write protecting the kernel read-only data: 34816k?
[    7.849657] Freeing unused kernel image (text/rodata gap) memory: 1108K?
[    7.857160] Freeing unused kernel image (rodata/data gap) memory: 1456K?
[    7.863937] rodata_test: all tests were successful?
[    7.868856] Run /init as init process?
[    7.872599]   with arguments:?
[    7.875632]     /init?
[    7.877959]   with environment:?
[    7.881166]     HOME=/?
[    7.883589]     TERM=linux?
[    8.024903] usb 1-1.3: New USB device found, idVendor=04f3, idProduct=152e, bcdDevice=1c.02?
[    8.033444] usb 1-1.3: New USB device strings: Mfr=1, Product=2, SerialNumber=0?
[    8.040909] usb 1-1.3: Product: Gaming KB?
[    8.045008] usb 1-1.3: Manufacturer: Gaming KB?
[    8.139731] input: Gaming KB Gaming KB as /devices/pci0000:00/0000:00:14.7/usb1/1-1/1-1.3/1-1.3:1.0/0003:04F3:152E.0001/input/input3?
[    8.181783] hid-generic 0003:04F3:152E.0001: input,hidraw0: USB HID v1.11 Keyboard [Gaming KB Gaming KB] on usb-0000:00:14.7-1.3/input0?
[    8.200845] input: Gaming KB Gaming KB Consumer Control as /devices/pci0000:00/0000:00:14.7/usb1/1-1/1-1.3/1-1.3:1.1/0003:04F3:152E.0002/input/input4?
[    8.214680] input: Gaming KB Gaming KB System Control as /devices/pci0000:00/0000:00:14.7/usb1/1-1/1-1.3/1-1.3:1.1/0003:04F3:152E.0002/input/input5?
[    8.228338] input: Gaming KB Gaming KB Keyboard as /devices/pci0000:00/0000:00:14.7/usb1/1-1/1-1.3/1-1.3:1.1/0003:04F3:152E.0002/input/input6?
[    8.241458] input: Gaming KB Gaming KB as /devices/pci0000:00/0000:00:14.7/usb1/1-1/1-1.3/1-1.3:1.1/0003:04F3:152E.0002/input/input7?
[    8.253886] [wlan][78]wlanAdapterStart:(INIT WARN) Send a Dummy CMD as workaround?
[    8.253920] hid-generic 0003:04F3:152E.0002: input,hiddev96,hidraw1: USB HID v1.11 Keyboard [Gaming KB Gaming KB] on usb-0000:00:14.7-1.3/input1?
[    8.274910] [wlan][78]wlanQueryNicCapability:(INIT WARN) wlanQueryNicCapability: skip unexpected event ID[0x27]?
[    8.287886] [wlan][78]wlanAdapterStart:(INIT WARN) wlanAdapterStart: load manufacture data fail?
[    8.475867] [wlan][78]mtk_reg_notify:(RLM WARN) County Code is not assigned. Use default WW.?
[    8.484503] [wlan][78]rlmDomainSearchRegdomainFromLocalDataBase:(RLM ERROR) rlmDomainSearchRegdomainFromLocalDataBase(): Error, Cannot find the correct RegDomain. country = 00.?
[    8.502380] [wlan][146]wlanBindBssIdxToNetInterface:(INIT ERROR) Array index out of bound, ucBssIndex=4?
[    8.511990] [wlan][146]p2pRoleFsmStateTransition:(P2P STATE) [P2P_ROLE][0]TRANSITION(Bss1): [P2P_ROLE_STATE_IDLE] -> [P2P_ROLE_STATE_IDLE]?
[    8.524690] [wlan][146]wlanBindBssIdxToNetInterface:(INIT ERROR) Array index out of bound, ucBssIndex=4?
[    8.534285] [wlan][146]p2pRoleFsmStateTransition:(P2P STATE) [P2P_ROLE][1]TRANSITION(Bss2): [P2P_ROLE_STATE_IDLE] -> [P2P_ROLE_STATE_IDLE]?
[    8.546967] [wlan][146]wlanProcessCommandQueue:(INIT WARN) NO Res CMD TYPE[1] ID[0x11] SEQ[29]?
[    8.555772] [wlan][146]wlanProcessCommandQueue:(INIT WARN) NO Res CMD TYPE[1] ID[0x11] SEQ[29]?
[    8.555921] usb 1-1.4: new low-speed USB device number 4 using xhci_aeolia?
[    8.565231] scsi 1:0:0:0: Direct-Access     Kingston DataTraveler 3.0 0000 PQ: 0 ANSI: 6?
[    8.571939] [wlan][147]halPrintMailbox:(INIT ERROR) MailBox Status = 0x0003005A, 0x00FF00FF?
[    8.580163] sd 1:0:0:0: Attached scsi generic sg0 type 0?
[    8.588507] [wlan][147]halPollDbgCr:(INIT WARN) SWPCDBGR 0xE0010DE2?
[    8.589486] sd 1:0:0:0: [sda] 242155520 512-byte logical blocks: (124 GB/115 GiB)?
[    8.589938] sd 1:0:0:0: [sda] Write Protect is off?
[    8.589944] sd 1:0:0:0: [sda] Mode Sense: 23 00 00 00?
[    8.590150] sd 1:0:0:0: [sda] Write cache: disabled, read cache: enabled, doesn't support DPO or FUA?
[    8.627227] [wlan][147]halPollDbgCr:(INIT WARN) SWPCDBGR 0xE0010DE2?
[    8.633676] [wlan][147]halPollDbgCr:(INIT WARN) SWPCDBGR 0xE0010DE2?
[    8.640114] [wlan][147]halPollDbgCr:(INIT WARN) SWPCDBGR 0xE0010DE2?
[    8.646616] [wlan][147]halPollDbgCr:(INIT WARN) SWPCDBGR 0xE0010E1C?
[    8.653118] [wlan][146]wlanProcessCommandQueue:(INIT WARN) NO Res CMD TYPE[1] ID[0x70] SEQ[36]?
[    8.659760]  sda: sda1 sda2?
[    8.662313] [wlan][147]halPrintMailbox:(INIT ERROR) MailBox Status = 0x0003005A, 0x00FF00FF?
[    8.665170] sd 1:0:0:0: [sda] Attached SCSI removable disk?
[    8.673373] [wlan][147]halPollDbgCr:(INIT WARN) SWPCDBGR 0xE0010DEA?
[    8.685379] [wlan][147]halPollDbgCr:(INIT WARN) SWPCDBGR 0xE0010DE2?
[    8.691849] [wlan][147]halPollDbgCr:(INIT WARN) SWPCDBGR 0xE0010DE2?
[    8.698349] [wlan][147]halPollDbgCr:(INIT WARN) SWPCDBGR 0xE0010DE2?
[    8.704849] [wlan][147]halPollDbgCr:(INIT WARN) SWPCDBGR 0xE0010DE2?
[    8.711527] [wlan][146]wlanoidSetGtkRekeyData:(REQ INFO) wlanoidSetGtkRekeyData?
[    8.718986] [wlan][146]wlanoidSetGtkRekeyData:(REQ INFO) ucCmdSeqNum = 41?
[    8.757923] usb 1-1.4: New USB device found, idVendor=0000, idProduct=3825, bcdDevice= 1.00?
[    8.766465] usb 1-1.4: New USB device strings: Mfr=0, Product=1, SerialNumber=0?
[    8.773918] usb 1-1.4: Product:  USB OPTICAL MOUSE?
[    8.843155] input:  USB OPTICAL MOUSE as /devices/pci0000:00/0000:00:14.7/usb1/1-1/1-1.4/1-1.4:1.0/0003:0000:3825.0003/input/input8?
[    8.855538] hid-generic 0003:0000:3825.0003: input,hidraw2: USB HID v1.11 Mouse [ USB OPTICAL MOUSE] on usb-0000:00:14.7-1.4/input0?
[   13.551728] [wlan][146]wlanProcessCommandQueue:(INIT WARN) NO Res CMD TYPE[1] ID[0x14] SEQ[49]?
[   13.561157] [wlan][147]halPrintMailbox:(INIT ERROR) MailBox Status = 0x0003005A, 0x00FF00FF?
[   13.569842] [wlan][147]halPollDbgCr:(INIT WARN) SWPCDBGR 0x00040EA0?
[   13.576343] [wlan][147]halPollDbgCr:(INIT WARN) SWPCDBGR 0xE0010DE2?
[   13.582844] [wlan][147]halPollDbgCr:(INIT WARN) SWPCDBGR 0x00001DDE?
[   13.589348] [wlan][147]halPollDbgCr:(INIT WARN) SWPCDBGR 0x00001DDE?
[   13.595844] [wlan][147]halPollDbgCr:(INIT WARN) SWPCDBGR 0x00001DDE?
[   17.945894] EXT4-fs (sda2): mounted filesystem 116ef654-f297-4253-98fc-1ca455c1d9fe r/w with ordered data mode. Quota mode: disabled.?
[   18.186842] systemd[1]: System time advanced to timestamp on /var/lib/systemd/timesync/clock: Tue 2026-05-12 14:47:47 UTC?
[   18.235770] systemd[1]: systemd 259.3-1-arch running in system mode (+PAM +AUDIT -SELINUX +APPARMOR -IMA +IPE +SMACK +SECCOMP +GCRYPT +GNUTLS +OPENSSL +ACL +BLKID +CURL +ELFUTILS +FIDO2 +IDN2 -IDN +KMOD +LIBCRYPTSETUP +LIBCRYPTSETUP_PLUGINS +LIBFDISK +PCRE2 +PWQUALITY +P11KIT +QRENCODE +TPM2 +BZIP2 +LZ4 +XZ +ZLIB +ZSTD +BPF_FRAMEWORK +BTF +XKBCOMMON +UTMP -SYSVINIT +LIBARCHIVE)?
[   18.269911] systemd[1]: Detected architecture x86-64.?
[   18.288592] systemd[1]: Hostname set to <archlinux>.?
[   18.359475] systemd[1]: bpf-restrict-fs: BPF LSM hook not enabled in the kernel, BPF LSM not supported.?
[   19.021749] zram: Added device: zram0?
[   19.031672] zram_generator::generator[191]: modprobe "crypto-zstd" failed, ignoring: code exit status: 1?
[   19.183584] random: crng init done?
[   19.454987] systemd[1]: Queued start job for default target Multi-User System.?
[   20.357937] systemd[1]: Created slice Slice /system/dirmngr.?
[   20.370049] systemd[1]: Created slice Slice /system/getty.?
[   20.381692] systemd[1]: Created slice Slice /system/gpg-agent.?
[   20.393776] systemd[1]: Created slice Slice /system/gpg-agent-browser.?
[   20.406455] systemd[1]: Created slice Slice /system/gpg-agent-extra.?
[   20.419111] systemd[1]: Created slice Slice /system/gpg-agent-ssh.?
[   20.431260] systemd[1]: Created slice Slice /system/keyboxd.?
[   20.443153] systemd[1]: Created slice Slice /system/modprobe.?
[   20.455065] systemd[1]: Created slice Slice /system/systemd-zram-setup.?
[   20.467378] systemd[1]: Created slice User and Session Slice.?
[   20.473686] systemd[1]: Started Dispatch Password Requests to Console Directory Watch.?
[   20.482016] systemd[1]: Started Forward Password Requests to Wall Directory Watch.?
[   20.490349] systemd[1]: Set up automount Arbitrary Executable File Formats File System Automount Point.?
[   20.500095] systemd[1]: Expecting device /dev/zram0...?
[   20.505465] systemd[1]: Reached target Local Encrypted Volumes.?
[   20.511662] systemd[1]: Reached target Image Downloads.?
[   20.517116] systemd[1]: Reached target Local Integrity Protected Volumes.?
[   20.524221] systemd[1]: Reached target Path Units.?
[   20.529242] systemd[1]: Reached target Remote Encrypted Volumes.?
[   20.535497] systemd[1]: Reached target Remote File Systems.?
[   20.541308] systemd[1]: Reached target Remote Integrity Protected Volumes.?
[   20.548440] systemd[1]: Reached target Remote Verity Protected Volumes.?
[   20.555310] systemd[1]: Reached target Slice Units.?
[   20.560472] systemd[1]: Reached target Local Verity Protected Volumes.?
[   20.567473] systemd[1]: Listening on Device-mapper event daemon FIFOs.?
[   20.579121] systemd[1]: Listening on Query the User Interactively for a Password.?
[   20.598574] systemd[1]: Listening on Process Core Dump Socket.?
[   20.607845] systemd[1]: Listening on Credential Encryption/Decryption.?
[   20.619287] systemd[1]: Listening on Factory Reset Management.?
[   20.630565] systemd[1]: Listening on Journal Audit Socket.?
[   20.636554] systemd[1]: Listening on Journal Socket (/dev/log).?
[   20.642967] systemd[1]: Listening on Journal Sockets.?
[   20.648412] systemd[1]: Listening on DDI File System Mounter Socket.?
[   20.660263] systemd[1]: Listening on Console Output Muting Service Socket.?
[   20.667805] systemd[1]: Listening on Network Management Resolve Hook Socket.?
[   20.675495] systemd[1]: Listening on Network Management Varlink Socket.?
[   20.682733] systemd[1]: Listening on Network Management Netlink Socket.?
[   20.689780] systemd[1]: Listening on Namespace Resource Manager Socket.?
[   20.696685] systemd[1]: TPM PCR Measurements skipped, unmet condition check ConditionSecurity=measured-uki?
[   20.706581] systemd[1]: Make TPM PCR Policy skipped, unmet condition check ConditionSecurity=measured-uki?
[   20.719851] systemd[1]: Listening on Disk Repartitioning Service Socket.?
[   20.727130] systemd[1]: Listening on Resolve Monitor Varlink Socket.?
