[  530.989485] kauditd_printk_skb: 4 callbacks suppressed?
[  530.989494] audit: type=1101 audit(1778597223.612:165): pid=1390 uid=0 auid=4294967295 ses=4294967295 msg='op=PAM:accounting grantors=pam_access,pam_unix,pam_permit,pam_time acct="ps4" exe="/usr/lib/ssh/sshd-session" hostname=192.168.50.147 addr=192.168.50.147 terminal=ssh res=success'?
[  531.020667] audit: type=1103 audit(1778597223.615:166): pid=1390 uid=0 auid=4294967295 ses=4294967295 msg='op=PAM:setcred grantors=pam_shells,pam_faillock,pam_permit,pam_env,pam_faillock acct="ps4" exe="/usr/lib/ssh/sshd-session" hostname=192.168.50.147 addr=192.168.50.147 terminal=ssh res=success'?
[  531.047724] audit: type=1006 audit(1778597223.615:167): pid=1390 uid=0 old-auid=4294967295 auid=1000 tty=(none) old-ses=4294967295 ses=13 res=1?
[  531.060870] audit: type=1300 audit(1778597223.615:167): arch=c000003e syscall=1 success=yes exit=4 a0=6 a1=7ffe11e23ad0 a2=4 a3=0 items=0 ppid=843 pid=1390 auid=1000 uid=0 gid=0 euid=0 suid=0 fsuid=0 egid=0 sgid=0 fsgid=0 tty=(none) ses=13 comm="sshd-session" exe="/usr/lib/ssh/sshd-session" key=(null)?
[  531.088157] audit: type=1327 audit(1778597223.615:167): proctitle=737368642D73657373696F6E3A20707334205B707269765D?
[  531.110514] audit: type=1105 audit(1778597223.733:168): pid=1390 uid=0 auid=1000 ses=13 msg='op=PAM:session_open grantors=pam_loginuid,pam_keyinit,pam_systemd_home,pam_limits,pam_unix,pam_permit,pam_lastlog2,pam_mail,pam_umask,pam_systemd,pam_env acct="ps4" exe="/usr/lib/ssh/sshd-session" hostname=192.168.50.147 addr=192.168.50.147 terminal=ssh res=success'?
[  531.142897] audit: type=1103 audit(1778597223.737:169): pid=1396 uid=0 auid=1000 ses=13 msg='op=PAM:setcred grantors=pam_shells,pam_faillock,pam_permit,pam_env,pam_faillock acct="ps4" exe="/usr/lib/ssh/sshd-session" hostname=192.168.50.147 addr=192.168.50.147 terminal=ssh res=success'?
[  531.327705] audit: type=1101 audit(1778597223.950:170): pid=1401 uid=1000 auid=1000 ses=13 msg='op=PAM:accounting grantors=pam_unix,pam_permit,pam_time acct="ps4" exe="/usr/bin/sudo" hostname=? addr=? terminal=? res=success'?
[  531.348075] audit: type=1110 audit(1778597223.954:171): pid=1401 uid=1000 auid=1000 ses=13 msg='op=PAM:setcred grantors=pam_faillock,pam_permit,pam_env,pam_faillock acct="root" exe="/usr/bin/sudo" hostname=? addr=? terminal=? res=success'?
[  531.369711] audit: type=1105 audit(1778597223.954:172): pid=1401 uid=1000 auid=1000 ses=13 msg='op=PAM:session_open grantors=pam_systemd_home,pam_limits,pam_unix,pam_permit acct="root" exe="/usr/bin/sudo" hostname=? addr=? terminal=? res=success'?
[  531.663753] sky2 0000:00:14.1 enp0s20f1: disabling interface?
[  531.670680] [wlan][143]aisFsmRunEventAbort:(AIS STATE) EVENT-ABORT: Current State NORMAL_TR, ucReasonOfDisconnect:4?
[  531.681368] [wlan][143]aisFsmRunEventAbort:(AIS STATE) ucReasonOfDisconnect:4?
[  531.688655] [wlan][143]aisFsmStateAbort:(AIS STATE) aisFsmStateAbort DiscReason[4], CurState[11]?
[  531.697618] [wlan][143]aisFsmSteps:(AIS STATE) [AIS]TRANSITION: [NORMAL_TR] -> [DISCONNECTING]?
[  531.706434] [wlan][143]wlanoidSetCurrentPacketFilter:(REQ INFO) wlanoidSetCurrentPacketFilter?
[  531.706439] [wlan][143]wlanoidSetCurrentPacketFilter:(REQ INFO) New packet filter: 0x00000c?
[  531.723690] [wlan][143]aisDeauthXmitComplete:(AIS EVENT) aisDeauthXmitComplete?
[  531.731067] [wlan][143]aisFsmStateAbort:(AIS STATE) aisFsmStateAbort DiscReason[4], CurState[12]?
[  531.740075] [wlan][143]roamingFsmRunEventAbort:(ROAMING EVENT) EVENT-ROAMING ABORT: Current Time = 231003?
[  531.749847] [wlan][143]roamingFsmSteps:(ROAMING STATE) [ROAMING]TRANSITION: [DECISION] -> [IDLE]?
[  531.758824] [wlan][143]aisFsmSteps:(AIS STATE) [AIS]TRANSITION: [DISCONNECTING] -> [IDLE]?
[  531.767688] [wlan][143]wlanoidSendSetQueryP2PCmd:(REQ TRACE) Command ID = 0x000000C1?
[  531.775603] [wlan][143]wlanoidSendSetQueryP2PCmd:(REQ TRACE) ucCmdSeqNum =199?
[  531.783195] [wlan][143]wlanoidSendSetQueryP2PCmd:(REQ TRACE) Command ID = 0x000000C1?
[  531.791109] [wlan][143]wlanoidSendSetQueryP2PCmd:(REQ TRACE) ucCmdSeqNum =200?
[  532.137165] kvm: exiting hardware virtualization?
[  532.141998] kexec_core: Starting new kernel?
[    0.000000] ps4: x86_ps4_early_setup: PS4 early setup?
[    0.000000] Linux version 6.15.4-Baikal_TESTING_crashniels-dirty (meerzulee@cachynator) (gcc (GCC) 16.1.1 20260430, GNU ld (GNU Binutils) 2.46.0) #2 SMP PREEMPT_DYNAMIC Tue May 12 20:44:29 +06 2026?
[    0.000000] Command line: earlycon=uart8250,mmio32,0xC890E000,115200n8 console=tty0 keep_bootcon 8250.nr_uarts=0 iommu=pt intremap=off panic=10 loglevel=8 ignore_loglevel printk.devkmsg=on drm.edid_firmware=edid/1920x1080.bin video=HDMI-A-1:1920x1080@60D pci=nocrs libata.force=1.00:disable root=LABEL=psxitarch rootwait rw systemd.unit=multi-user.target systemd.log_level=info amdgpu.gpu_recovery=0 amdgpu.lockup_timeout=10000 amdgpu.gfx_off=0 amdgpu.runpm=0 amdgpu.bapm=0 amdgpu.dpm=0?
[    0.000000] KERNEL supported cpus:?
[    0.000000]   AMD AuthenticAMD?
[    0.000000] BIOS-provided physical RAM map:?
[    0.000000] BIOS-e820: [mem 0x0000000000000000-0x0000000000007fff] usable?
[    0.000000] BIOS-e820: [mem 0x0000000000008000-0x000000000007ffff] reserved?
[    0.000000] BIOS-e820: [mem 0x0000000000080000-0x0000000000099fff] usable?
[    0.000000] BIOS-e820: [mem 0x000000000009a000-0x00000000000bffff] reserved?
[    0.000000] BIOS-e820: [mem 0x00000000000e0000-0x00000000000effff] ACPI data?
[    0.000000] BIOS-e820: [mem 0x0000000000100000-0x00000000003fffff] usable?
[    0.000000] BIOS-e820: [mem 0x0000000000400000-0x000000000047ffff] reserved?
[    0.000000] BIOS-e820: [mem 0x0000000000480000-0x000000000067ffff] usable?
[    0.000000] BIOS-e820: [mem 0x0000000000680000-0x00000000006fffff] reserved?
[    0.000000] BIOS-e820: [mem 0x0000000000700000-0x000000007efe7fff] usable?
[    0.000000] BIOS-e820: [mem 0x000000007efe8000-0x000000007efeffff] ACPI NVS?
[    0.000000] BIOS-e820: [mem 0x000000007eff0000-0x000000007effffff] ACPI data?
[    0.000000] BIOS-e820: [mem 0x000000007f000000-0x000000007fffffff] usable?
[    0.000000] BIOS-e820: [mem 0x0000000080000000-0x00000000fbffffff] reserved?
[    0.000000] BIOS-e820: [mem 0x0000000100000000-0x000000013fffffff] reserved?
[    0.000000] BIOS-e820: [mem 0x0000000140000000-0x000000027effffff] usable?
[    0.000000] random: crng init done?
[    0.000000] earlycon: uart8250 at MMIO32 0x00000000c890e000 (options '115200n8')?
[    0.000000] printk: legacy bootconsole [uart8250] enabled?
[    0.000000] printk: debug: skip boot console de-registration.?
[    0.000000] printk: debug: ignoring loglevel setting.?
[    0.000000] NX (Execute Disable) protection: active?
[    0.000000] APIC: Static calls initialized?
[    0.000000] SMBIOS 2.1 present.?
[    0.000000] DMI:  , BIOS unde Wed 09/22/2021 16:2?
[    0.000000] DMI: Memory slots populated: 1/1?
[    0.000000] ps4: EMC timer started in 39203 TSC ticks?
[    0.000000] ps4: Calibrated TSC frequency: 1594114176 kHz?
[    0.000000] tsc: Detected 1594.114 MHz processor?
[    0.001423] e820: update [mem 0x00000000-0x00000fff] usable ==> reserved?
[    0.008246] e820: remove [mem 0x000a0000-0x000fffff] usable?
[    0.013926] last_pfn = 0x27f000 max_arch_pfn = 0x400000000?
[    0.019512] MTRR map: 6 entries (3 fixed + 3 variable; max 20), built from 9 variable MTRRs?
[    0.028010] x86/PAT: Configuration [0-7]: WB  WC  UC- UC  WB  WP  UC- WT  ?
[    0.035389] e820: update [mem 0x80000000-0x13fffffff] usable ==> reserved?
[    0.042315] last_pfn = 0x80000 max_arch_pfn = 0x400000000?
[    0.056416] Using GB pages for direct mapping?
[    0.062479] RAMDISK: [mem 0x27c208000-0x27c5fffff]?
[    0.067353] ACPI: Early table checksum verification disabled?
[    0.073112] ACPI: RSDP 0x00000000000E0000 000024 (v02 SIE   )?
[    0.078964] ACPI: XSDT 0x00000000000E0088 00004C (v01 SIE    ORBIS    20121218 INTL 20110211)?
[    0.087651] ACPI: FACP 0x00000000000E016C 0000F4 (v04 SIE    ORBIS    20130205 INTL 20110211)?
[    0.096335] ACPI: DSDT 0x00000000000E0430 00018C (v02 SIE    ORBIS    20121002 INTL 20110211)?
[    0.105015] ACPI: FACS 0x00000000000E012C 000040?
[    0.109712] ACPI: FACS 0x00000000000E012C 000040?
[    0.114409] ACPI: APIC 0x00000000000E0298 00006C (v02 SIE    ORBIS    20120725 INTL 20110211)?
[    0.123088] ACPI: MCFG 0x00000000000E0304 00003C (v01 SIE    ORBIS    20120725 INTL 20110211)?
[    0.131767] ACPI: SSDT 0x00000000000E0730 001944 (v01 AMD    POWERNOW 00000001 AMD  00000001)?
[    0.140446] ACPI: IVRS 0x00000000000E2074 000054 (v01 F0F    PS4KEXEC 20161225 KEXC 20161225)?
[    0.149124] ACPI: Reserving FACP table memory at [mem 0xe016c-0xe025f]?
[    0.155764] ACPI: Reserving DSDT table memory at [mem 0xe0430-0xe05bb]?
[    0.162402] ACPI: Reserving FACS table memory at [mem 0xe012c-0xe016b]?
[    0.169041] ACPI: Reserving FACS table memory at [mem 0xe012c-0xe016b]?
[    0.175679] ACPI: Reserving APIC table memory at [mem 0xe0298-0xe0303]?
[    0.182317] ACPI: Reserving MCFG table memory at [mem 0xe0304-0xe033f]?
[    0.188954] ACPI: Reserving SSDT table memory at [mem 0xe0730-0xe2073]?
[    0.195594] ACPI: Reserving IVRS table memory at [mem 0xe2074-0xe20c7]?
[    0.202308] No NUMA configuration found?
[    0.206205] Faking a node at [mem 0x0000000000000000-0x000000027effffff]?
[    0.213027] NODE_DATA(0) allocated [mem 0x27effc800-0x27effffff]?
[    0.219195] Zone ranges:?
[    0.221764]   DMA      [mem 0x0000000000001000-0x0000000000ffffff]?
[    0.228051]   DMA32    [mem 0x0000000001000000-0x00000000ffffffff]?
[    0.234339]   Normal   [mem 0x0000000100000000-0x000000027effffff]?
[    0.240626] Movable zone start for each node?
[    0.244963] Early memory node ranges?
[    0.248594]   node   0: [mem 0x0000000000001000-0x0000000000007fff]?
[    0.254969]   node   0: [mem 0x0000000000080000-0x0000000000099fff]?
[    0.261343]   node   0: [mem 0x0000000000100000-0x00000000003fffff]?
[    0.267716]   node   0: [mem 0x0000000000480000-0x000000000067ffff]?
[    0.274090]   node   0: [mem 0x0000000000700000-0x000000007efe7fff]?
[    0.280464]   node   0: [mem 0x000000007f000000-0x000000007fffffff]?
[    0.286837]   node   0: [mem 0x0000000140000000-0x000000027effffff]?
[    0.293212] Initmem setup node 0 [mem 0x0000000000001000-0x000000027effffff]?
[    0.300387] On node 0, zone DMA: 1 pages in unavailable ranges?
[    0.306326] On node 0, zone DMA: 120 pages in unavailable ranges?
[    0.312455] On node 0, zone DMA: 102 pages in unavailable ranges?
[    0.318580] On node 0, zone DMA: 128 pages in unavailable ranges?
[    0.324739] On node 0, zone DMA: 128 pages in unavailable ranges?
[    0.340898] On node 0, zone DMA32: 24 pages in unavailable ranges?
[    0.372662] On node 0, zone Normal: 4096 pages in unavailable ranges?
[    0.380037] ACPI: No IOAPIC entries present?
[    0.384288] ACPI: Using ACPI for processor (LAPIC) configuration information?
[    0.391471] CPU topo: Max. logical packages:   1?
[    0.396163] CPU topo: Max. logical dies:       1?
[    0.400853] CPU topo: Max. dies per package:   1?
[    0.405557] CPU topo: Max. threads per core:   1?
[    0.410248] CPU topo: Num. cores per package:     8?
[    0.415206] CPU topo: Num. threads per package:   8?
[    0.420162] CPU topo: Allowing 8 present CPUs plus 0 hotplug CPUs?
[    0.426389] [mem 0xfc000000-0xffffffff] available for PCI devices?
[    0.432589] clocksource: refined-jiffies: mask: 0xffffffff max_cycles: 0xffffffff, max_idle_ns: 1910969940391419 ns?
[    0.443224] setup_percpu: NR_CPUS:8 nr_cpumask_bits:8 nr_cpu_ids:8 nr_node_ids:1?
[    0.451422] percpu: Embedded 42 pages/cpu s131544 r8192 d32296 u262144?
[    0.458082] pcpu-alloc: s131544 r8192 d32296 u262144 alloc=1*2097152?
[    0.464548] pcpu-alloc: [0] 0 1 2 3 4 5 6 7 ?
[    0.468929] Kernel command line: earlycon=uart8250,mmio32,0xC890E000,115200n8 console=tty0 keep_bootcon 8250.nr_uarts=0 iommu=pt intremap=off panic=10 loglevel=8 ignore_loglevel printk.devkmsg=on drm.edid_firmware=edid/1920x1080.bin video=HDMI-A-1:1920x1080@60D pci=nocrs libata.force=1.00:disable root=LABEL=psxitarch rootwait rw systemd.unit=multi-user.target systemd.log_level=info amdgpu.gpu_recovery=0 amdgpu.lockup_timeout=10000 amdgpu.gfx_off=0 amdgpu.runpm=0 amdgpu.bapm=0 amdgpu.dpm=0?
[    0.513297] Setting dangerous option amdgpu.gpu_recovery - tainting kernel?
[    0.520351] printk: log buffer data + meta data: 262144 + 917504 = 1179648 bytes?
[    0.529668] Dentry cache hash table entries: 1048576 (order: 11, 8388608 bytes, linear)?
[    0.538733] Inode-cache hash table entries: 524288 (order: 10, 4194304 bytes, linear)?
[    0.546806] software IO TLB: area num 8.?
[    0.579764] Fallback order for Node 0: 0 ?
[    0.579783] Built 1 zonelists, mobility grouping on.  Total pages: 1830409?
[    0.590853] Policy zone: Normal?
[    0.594044] mem auto-init: stack:off, heap alloc:off, heap free:off?
[    0.638178] SLUB: HWalign=64, Order=0-3, MinObjects=0, CPUs=8, Nodes=1?
[    0.645955] Dynamic Preempt: voluntary?
[    0.649858] rcu: Preemptible hierarchical RCU implementation.?
[    0.655705] rcu: RCU calculated value of scheduler-enlistment delay is 100 jiffies.?
[    0.663522] NR_IRQS: 4352, nr_irqs: 128, preallocated irqs: 0?
[    0.669430] rcu: srcu_init: Setting srcu_struct sizes based on contention.?
[    0.676536] Console: colour dummy device 80x25?
[    0.681059] printk: legacy console [tty0] enabled?
[    0.685885] ACPI: Core revision 20240827?
[    0.689945] ACPI: setting ELCR to 0200 (from ffff)?
[    0.694834] Failed to register legacy timer interrupt?
[    0.699973] APIC: Switch to symmetric I/O mode setup?
[    0.705032] clocksource: tsc-early: mask: 0xffffffffffffffff max_cycles: 0x16fa6ca9c5c, max_idle_ns: 440795241978 ns?
[    0.715757] Calibrating delay loop (skipped), value calculated using timer frequency.. 3188.22 BogoMIPS (lpj=1594114)?
[    0.716751] Last level iTLB entries: 4KB 512, 2MB 8, 4MB 4?
[    0.716751] Last level dTLB entries: 4KB 512, 2MB 256, 4MB 128, 1GB 0?
[    0.716751] Spectre V1 : Mitigation: usercopy/swapgs barriers and __user pointer sanitization?
[    0.716751] Spectre V2 : Mitigation: Retpolines?
[    0.716751] Spectre V2 : Spectre v2 / SpectreRSB: Filling RSB on context switch and VMEXIT?
[    0.716751] RETBleed: Mitigation: untrained return thunk?
[    0.716751] Speculative Store Bypass: Mitigation: Speculative Store Bypass disabled via prctl?
[    0.716751] x86/fpu: Supporting XSAVE feature 0x001: 'x87 floating point registers'?
[    0.716751] x86/fpu: Supporting XSAVE feature 0x002: 'SSE registers'?
[    0.716751] x86/fpu: Supporting XSAVE feature 0x004: 'AVX registers'?
[    0.716751] x86/fpu: xstate_offset[2]:  576, xstate_sizes[2]:  256?
[    0.716751] x86/fpu: Enabled xstate features 0x7, context size is 832 bytes, using 'standard' format.?
[    0.716751] Freeing SMP alternatives memory: 52K?
[    0.716751] pid_max: default: 32768 minimum: 301?
[    0.716751] Mount-cache hash table entries: 16384 (order: 5, 131072 bytes, linear)?
[    0.716751] Mountpoint-cache hash table entries: 16384 (order: 5, 131072 bytes, linear)?
[    0.716751] smpboot: CPU0: AMD DG1401SNF87ID (family: 0x16, model: 0x1a, stepping: 0x0)?
[    0.717366] Performance Events: AMD PMU driver.?
[    0.717756] ... version:                0?
[    0.718755] ... bit width:              48?
[    0.719754] ... generic registers:      4?
[    0.720754] ... value mask:             0000ffffffffffff?
[    0.721754] ... max period:             00007fffffffffff?
[    0.722754] ... fixed-purpose events:   0?
[    0.723754] ... event mask:             000000000000000f?
[    0.724967] signal: max sigframe size: 1776?
[    0.725832] rcu: Hierarchical SRCU implementation.?
[    0.726755] rcu: 	Max phase no-delay instances is 400.?
[    0.727905] Timer migration: 1 hierarchy levels; 8 children per group; 1 crossnode level?
[    0.732048] smp: Bringing up secondary CPUs ...?
[    0.733999] smpboot: x86: Booting SMP configuration:?
[    0.734760] .... node  #0, CPUs:      #1 #2 #3 #4 #5 #6 #7?
[    0.744858] smp: Brought up 1 node, 8 CPUs?
[    0.746760] smpboot: Total of 8 processors activated (25505.82 BogoMIPS)?
[    0.748977] Memory: 7077808K/7321636K available (23465K kernel code, 2053K rwdata, 8784K rodata, 1624K init, 2232K bss, 239832K reserved, 0K cma-reserved)?
[    0.750150] devtmpfs: initialized?
[    0.752818] clocksource: jiffies: mask: 0xffffffff max_cycles: 0xffffffff, max_idle_ns: 1911260446275000 ns?
[    0.754762] posixtimers hash table entries: 4096 (order: 4, 65536 bytes, linear)?
[    0.755780] futex hash table entries: 2048 (order: 5, 131072 bytes, linear)?
[    0.756858] prandom: seed boundary self test passed?
[    0.759721] prandom: 100 self tests passed?
[    0.759893] NET: Registered PF_NETLINK/PF_ROUTE protocol family?
[    0.760923] audit: initializing netlink subsys (disabled)?
[    0.762805] audit: type=2000 audit(0.047:1): state=initialized audit_enabled=0 res=1?
[    0.762928] i2c-core: driver [dummy] registered?
[    0.764758] thermal_sys: Registered thermal governor 'step_wise'?
[    0.764780] cpuidle: using governor ladder?
[    0.767763] cpuidle: using governor menu?
[    0.768973] ps4: ps4: pre-allocated IRQ 9 desc for ACPI SCI (virq=9)?
[    0.770028] PCI: ECAM [mem 0xf8000000-0xfbffffff] (base 0xf8000000) for domain 0000 [bus 00-3f]?
[    0.770776] PCI: Using configuration type 1 for base access?
[    0.772937] HugeTLB: allocation took 0ms with hugepage_allocation_threads=2?
[    0.773788] HugeTLB: registered 2.00 MiB page size, pre-allocated 0 pages?
[    0.774755] HugeTLB: 28 KiB vmemmap can be freed for a 2.00 MiB page?
[    0.776143] cryptd: max_cpu_qlen set to 1000?
[    0.793757] raid6: sse2x4   gen()  4054 MB/s?
[    0.811756] raid6: sse2x2   gen()  3974 MB/s?
[    0.829757] raid6: sse2x1   gen()  3197 MB/s?
[    0.830755] raid6: using algorithm sse2x4 gen() 4054 MB/s?
[    0.848756] raid6: .... xor() 2011 MB/s, rmw enabled?
[    0.849756] raid6: using ssse3x2 recovery algorithm?
[    0.850859] ACPI: Added _OSI(Module Device)?
[    0.851756] ACPI: Added _OSI(Processor Device)?
[    0.852755] ACPI: Added _OSI(Processor Aggregator Device)?
[    0.856004] ACPI: 2 ACPI AML tables successfully acquired and loaded?
[    0.864837] ACPI: Interpreter enabled?
[    0.865766] ACPI: PM: (supports S0 S5)?
[    0.866758] ACPI: Using PIC for interrupt routing?
[    0.867781] PCI: Ignoring host bridge windows from ACPI; if necessary, use "pci=use_crs" and report a bug?
[    0.868755] PCI: Using E820 reservations for host bridge windows?
[    0.871160] acpi PNP0A03:00: [Firmware Bug]: no secondary bus range in _CRS?
[    0.871770] ACPI: PCI Root Bridge [PCI0] (domain 0000 [bus 00-ff])?
[    0.872762] acpi PNP0A03:00: _OSC: OS supports [ExtendedConfig ASPM ClockPM Segments MSI HPX-Type3]?
[    0.873777] acpi PNP0A03:00: [Firmware Info]: ECAM [mem 0xf8000000-0xfbffffff] for domain 0000 [bus 00-3f] only partially covers this bridge?
[    0.874779] acpi PNP0A03:00: host bridge window [io  0x0cf8-0x0cff] (ignored)?
[    0.875755] PCI: root bus 00: using default resources?
[    0.876808] PCI host bridge to bus 0000:00?
[    0.877761] pci_bus 0000:00: root bus resource [io  0x0000-0xffff]?
[    0.878756] pci_bus 0000:00: root bus resource [mem 0x00000000-0xffffffffff]?
[    0.879756] pci_bus 0000:00: root bus resource [bus 00-ff]?
[    0.880773] pci 0000:00:00.0: [1022:1436] type 00 class 0x060000 conventional PCI endpoint?
[    0.881880] pci 0000:00:00.2: [1022:1437] type 00 class 0x080600 conventional PCI endpoint?
[    0.882883] pci 0000:00:01.0: [1002:9923] type 00 class 0x030000 PCIe Root Complex Integrated Endpoint?
[    0.883778] pci 0000:00:01.0: BAR 0 [mem 0xe0000000-0xe3ffffff 64bit pref]?
[    0.884757] pci 0000:00:01.0: BAR 2 [mem 0xe4000000-0xe47fffff 64bit pref]?
[    0.885756] pci 0000:00:01.0: BAR 4 [io  0x6000-0x60ff]?
[    0.886756] pci 0000:00:01.0: BAR 5 [mem 0xe4800000-0xe483ffff]?
[    0.887756] pci 0000:00:01.0: ROM [mem 0x00000000-0x0001ffff pref]?
[    0.888774] pci 0000:00:01.0: Video device with shadowed ROM at [mem 0x000c0000-0x000dffff]?
[    0.889775] pci 0000:00:01.0: supports D1 D2?
[    0.890756] pci 0000:00:01.0: PME# supported from D1 D2 D3hot?
[    0.891850] pci 0000:00:01.1: [1002:9921] type 00 class 0x040300 PCIe Root Complex Integrated Endpoint?
[    0.892776] pci 0000:00:01.1: BAR 0 [mem 0xe4840000-0xe4843fff 64bit]?
[    0.893790] pci 0000:00:01.1: supports D1 D2?
[    0.895850] pci 0000:00:02.0: [1022:1438] type 00 class 0x060000 conventional PCI endpoint?
[    0.897764] pci 0000:00:14.0: [104d:90d7] type 00 class 0x088000 PCIe Endpoint?
[    0.898795] pci 0000:00:14.0: BAR 0 [mem 0xfdf8000000-0xfdf9ffffff 64bit]?
[    0.899757] pci 0000:00:14.0: BAR 2 [io  0x1000-0x13ff]?
[    0.900944] pci 0000:00:14.1: [104d:90d8] type 00 class 0x088001 PCIe Endpoint?
[    0.901796] pci 0000:00:14.1: BAR 0 [mem 0xc2000000-0xc2000fff 64bit]?
[    0.903771] pci 0000:00:14.2: [104d:90d9] type 00 class 0x088002 PCIe Endpoint?
[    0.904795] pci 0000:00:14.2: BAR 0 [mem 0xc4000000-0xc4007fff 64bit]?
[    0.906932] pci 0000:00:14.3: [104d:90da] type 00 class 0x088003 PCIe Endpoint?
[    0.907796] pci 0000:00:14.3: BAR 0 [mem 0xc6000000-0xc6000fff 64bit]?
[    0.908941] pci 0000:00:14.4: [104d:90db] type 00 class 0x088004 PCIe Endpoint?
[    0.909796] pci 0000:00:14.4: BAR 0 [mem 0xc8000000-0xc8001fff 64bit]?
[    0.910758] pci 0000:00:14.4: BAR 2 [mem 0xc8800000-0xc89fffff 64bit]?
[    0.911758] pci 0000:00:14.4: BAR 4 [mem 0xc9000000-0xc91fffff 64bit]?
[    0.912936] pci 0000:00:14.5: [104d:90dc] type 00 class 0x088005 PCIe Endpoint?
[    0.914795] pci 0000:00:14.5: BAR 0 [mem 0xca000000-0xca000fff 64bit]?
[    0.915758] pci 0000:00:14.5: BAR 2 [mem 0xca800000-0xca800fff 64bit]?
[    0.916937] pci 0000:00:14.6: [104d:90dd] type 00 class 0x088006 PCIe Endpoint?
[    0.917796] pci 0000:00:14.6: BAR 0 [mem 0xcc000000-0xcc000fff 64bit]?
[    0.918758] pci 0000:00:14.6: BAR 2 [mem 0x80000000-0xbfffffff 64bit]?
[    0.919757] pci 0000:00:14.6: BAR 4 [mem 0xcd000000-0xcd0fffff]?
[    0.920759] pci 0000:00:14.6: BAR 5 [mem 0xcd400000-0xcd43ffff]?
[    0.922909] pci 0000:00:14.7: [104d:90de] type 00 class 0x088007 PCIe Endpoint?
[    0.923795] pci 0000:00:14.7: BAR 0 [mem 0xce000000-0xce3fffff 64bit]?
[    0.924758] pci 0000:00:14.7: BAR 2 [mem 0xce800000-0xce80ffff 64bit]?
[    0.925758] pci 0000:00:14.7: BAR 4 [mem 0xcf000000-0xcf7fffff 64bit]?
[    0.926931] pci 0000:00:18.0: [1022:142e] type 00 class 0x060000 conventional PCI endpoint?
[    0.927858] pci 0000:00:18.1: [1022:142f] type 00 class 0x060000 conventional PCI endpoint?
[    0.928860] pci 0000:00:18.2: [1022:1430] type 00 class 0x060000 conventional PCI endpoint?
[    0.930788] pci 0000:00:18.3: [1022:1431] type 00 class 0x060000 conventional PCI endpoint?
[    0.931860] pci 0000:00:18.4: [1022:1432] type 00 class 0x060000 conventional PCI endpoint?
[    0.933852] pci 0000:00:18.5: [1022:1433] type 00 class 0x060000 conventional PCI endpoint?
[    0.934853] pci 0000:00:18.6: [1022:1434] type 00 class 0x060000 conventional PCI endpoint?
[    0.935959] iommu: Default domain type: Passthrough (set via kernel command line)?
[    0.937834] SCSI subsystem initialized?
[    0.938780] libata version 3.00 loaded.?
[    0.939819] ACPI: bus type USB registered?
[    0.941801] usbcore: registered new interface driver usbfs?
[    0.942778] usbcore: registered new interface driver hub?
[    0.943778] usbcore: registered new device driver usb?
[    0.944929] Advanced Linux Sound Architecture Driver Initialized.?
[    0.946758] Bluetooth: Core ver 2.22?
[    0.947768] NET: Registered PF_BLUETOOTH protocol family?
[    0.948755] Bluetooth: HCI device and connection manager initialized?
[    0.949758] Bluetooth: HCI socket layer initialized?
[    0.950758] Bluetooth: L2CAP socket layer initialized?
[    0.951762] Bluetooth: SCO socket layer initialized?
[    0.952819] PCI: Using ACPI for IRQ routing?
[    0.955843] PCI: pci_cache_line_size set to 64 bytes?
[    0.956797] e820: reserve RAM buffer [mem 0x00008000-0x0000ffff]?
[    0.957756] e820: reserve RAM buffer [mem 0x0009a000-0x0009ffff]?
[    0.958756] e820: reserve RAM buffer [mem 0x00680000-0x006fffff]?
[    0.959755] e820: reserve RAM buffer [mem 0x7efe8000-0x7fffffff]?
[    0.960756] e820: reserve RAM buffer [mem 0x27f000000-0x27fffffff]?
[    0.962773] pci 0000:00:01.0: vgaarb: setting as boot VGA device?
[    0.963751] pci 0000:00:01.0: vgaarb: bridge control possible?
[    0.963751] pci 0000:00:01.0: vgaarb: VGA device added: decodes=io+mem,owns=io+mem,locks=none?
[    0.963764] vgaarb: loaded?
[    0.965037] clocksource: Switched to clocksource tsc-early?
[    0.970600] pnp: PnP ACPI init?
[    0.973760] pnp: PnP ACPI: found 0 devices?
[    0.982538] NET: Registered PF_INET protocol family?
[    0.987800] IP idents hash table entries: 131072 (order: 8, 1048576 bytes, linear)?
[    0.999630] tcp_listen_portaddr_hash hash table entries: 4096 (order: 4, 65536 bytes, linear)?
[    1.008358] Table-perturb hash table entries: 65536 (order: 6, 262144 bytes, linear)?
[    1.016284] TCP established hash table entries: 65536 (order: 7, 524288 bytes, linear)?
[    1.024623] TCP bind hash table entries: 65536 (order: 9, 2097152 bytes, linear)?
[    1.032801] TCP: Hash tables configured (established 65536 bind 65536)?
[    1.039570] UDP hash table entries: 4096 (order: 6, 262144 bytes, linear)?
[    1.046584] UDP-Lite hash table entries: 4096 (order: 6, 262144 bytes, linear)?
[    1.054119] NET: Registered PF_UNIX/PF_LOCAL protocol family?
[    1.060264] RPC: Registered named UNIX socket transport module.?
[    1.066301] RPC: Registered udp transport module.?
[    1.071093] RPC: Registered tcp transport module.?
[    1.075887] RPC: Registered tcp-with-tls transport module.?
[    1.081477] RPC: Registered tcp NFSv4.1 backchannel transport module.?
[    1.088519] pci_bus 0000:00: resource 4 [io  0x0000-0xffff]?
[    1.094211] pci_bus 0000:00: resource 5 [mem 0x00000000-0xffffffffff]?
[    1.100867] pci 0000:00:01.1: D0 power state depends on 0000:00:01.0?
[    1.107353] pci 0000:00:02.0: CLS mismatch (64 != 512), using 64 bytes?
[    1.114123] AMD-Vi: Using global IVHD EFR:0x0, EFR2:0x0?
[    1.114343] Trying to unpack rootfs image as initramfs...?
[    1.119657] pci 0000:00:00.0: Adding to iommu group 0?
[    1.130234] pci 0000:00:14.0: Adding to iommu group 1?
[    1.135416] pci 0000:00:14.1: Adding to iommu group 1?
[    1.140606] pci 0000:00:14.2: Adding to iommu group 1?
[    1.145791] pci 0000:00:14.3: Adding to iommu group 1?
[    1.150990] pci 0000:00:14.4: Adding to iommu group 1?
[    1.156180] pci 0000:00:14.5: Adding to iommu group 1?
[    1.161368] pci 0000:00:14.6: Adding to iommu group 1?
[    1.166551] pci 0000:00:14.7: Adding to iommu group 1?
[    1.171778] AMD-Vi: Extended features (0x840, 0x0): IA?
[    1.177301] PCI-DMA: Using software bounce buffering for IO (SWIOTLB)?
[    1.183882] software IO TLB: mapped [mem 0x000000007afe8000-0x000000007efe8000] (64MB)?
[    1.192143] LVT offset 0 assigned for vector 0x400?
[    1.197983] perf: AMD IBS detected (0x000000ff)?
[    1.202655] kvm_amd: TSC scaling supported?
[    1.206831] kvm_amd: Nested Virtualization enabled?
[    1.211713] kvm_amd: Nested Paging enabled?
[    1.215890] kvm_amd: LBR virtualization supported?
[    1.243590] Freeing initrd memory: 4064K?
[    1.254364] platform rtc_cmos: registered platform RTC device (no PNP device found)?
[    1.265228] Initialise system trusted keyrings?
[    1.269897] workingset: timestamp_bits=40 max_order=21 bucket_order=0?
[    1.276906] ntfs3: Warning: Activated 64 bits per cluster. Windows does not support this?
[    1.285250] fuse: init (API version 7.43)?
[    1.325408] NET: Registered PF_ALG protocol family?
[    1.330299] xor: automatically using best checksumming function   avx       ?
[    1.337484] Key type asymmetric registered?
[    1.341659] Asymmetric key parser 'x509' registered?
[    1.346657] Block layer SCSI generic (bsg) driver version 0.4 loaded (major 252)?
[    1.354203] io scheduler mq-deadline registered?
[    1.358820] io scheduler kyber registered?
[    1.364938] Could not retrieve perf counters (-19)?
[    1.398788] Non-volatile memory driver v1.3?
[    1.403076] Linux agpgart interface v0.103?
[    1.407680] ACPI: bus type drm_connector registered?
[    1.412683] [drm] amdgpu kernel modesetting enabled.?
[    1.419305] brd: module loaded?
[    1.425772] loop: module loaded?
[    1.429004] i2c-core: driver [at24] registered?
[    1.433737] baikal_pcie 0000:00:14.4: bpcie_probe()?
[    1.438752] baikal_pcie 0000:00:14.4: bpcie glue probe?
[    1.443998] baikal_pcie 0000:00:14.4: Baikal chip revision: 4c0c2021:8d76a398:0000b100?
[    1.452070] pci 0000:00:14.0: bpcie_create_irq_domain?
[    1.457222] baikal_pcie 0000:00:14.4: devid = 164?
[    1.462020] baikal_pcie 0000:00:14.4: no parent ?
[    1.466729] bpcie_create_irq_domain: marked Baikal-MSI-164-3-14 as MSI parent (flags=0x113 bus_token=AMDVI)?
[    1.476657] pci 0000:00:14.1: bpcie_create_irq_domain?
[    1.481806] baikal_pcie 0000:00:14.4: devid = 164?
[    1.486599] baikal_pcie 0000:00:14.4: no parent ?
[    1.491308] bpcie_create_irq_domain: marked Baikal-MSI-164-3-14 as MSI parent (flags=0x113 bus_token=AMDVI)?
[    1.501236] pci 0000:00:14.2: bpcie_create_irq_domain?
[    1.506388] baikal_pcie 0000:00:14.4: devid = 164?
[    1.511182] baikal_pcie 0000:00:14.4: no parent ?
[    1.515889] bpcie_create_irq_domain: marked Baikal-MSI-164-3-14 as MSI parent (flags=0x113 bus_token=AMDVI)?
[    1.525822] pci 0000:00:14.3: bpcie_create_irq_domain?
[    1.530970] baikal_pcie 0000:00:14.4: devid = 164?
[    1.535763] baikal_pcie 0000:00:14.4: no parent ?
[    1.540471] bpcie_create_irq_domain: marked Baikal-MSI-164-3-14 as MSI parent (flags=0x113 bus_token=AMDVI)?
[    1.550400] baikal_pcie 0000:00:14.4: bpcie_create_irq_domain?
[    1.556256] baikal_pcie 0000:00:14.4: devid = 164?
[    1.561052] baikal_pcie 0000:00:14.4: no parent ?
[    1.565759] bpcie_create_irq_domain: marked Baikal-MSI-164-3-14 as MSI parent (flags=0x113 bus_token=AMDVI)?
[    1.575686] pci 0000:00:14.5: bpcie_create_irq_domain?
[    1.580833] baikal_pcie 0000:00:14.4: devid = 164?
[    1.585628] baikal_pcie 0000:00:14.4: no parent ?
[    1.590335] bpcie_create_irq_domain: marked Baikal-MSI-164-3-14 as MSI parent (flags=0x113 bus_token=AMDVI)?
[    1.600262] pci 0000:00:14.6: bpcie_create_irq_domain?
[    1.605412] baikal_pcie 0000:00:14.4: devid = 164?
[    1.610206] baikal_pcie 0000:00:14.4: no parent ?
[    1.614915] bpcie_create_irq_domain: marked Baikal-MSI-164-3-14 as MSI parent (flags=0x113 bus_token=AMDVI)?
[    1.624843] pci 0000:00:14.7: bpcie_create_irq_domain?
[    1.629991] baikal_pcie 0000:00:14.4: devid = 164?
[    1.634785] baikal_pcie 0000:00:14.4: no parent ?
[    1.639493] bpcie_create_irq_domain: marked Baikal-MSI-164-3-14 as MSI parent (flags=0x113 bus_token=AMDVI)?
[    1.649438] bpcie_init_dev_msi_info: dev=0000:00:14.4 installed bpcie demuxer (sc=00000000a588d260)?
[    1.659233] bpcie_msi_init: virq=10 hwirq=0x0 domain=00000000475f48ac info=00000000639c2326 sc=00000000a588d260?
[    1.669526] bpcie_msi_init: registered virq=10 irq_map[0]?
[    1.675025] bpcie_msi_init: virq=11 hwirq=0x1 domain=00000000475f48ac info=00000000639c2326 sc=00000000a588d260?
[    1.685308] bpcie_msi_init: registered virq=11 irq_map[1]?
[    1.690810] bpcie_msi_init: virq=12 hwirq=0x2 domain=00000000475f48ac info=00000000639c2326 sc=00000000a588d260?
[    1.701092] bpcie_msi_init: registered virq=12 irq_map[2]?
[    1.706591] bpcie_msi_init: virq=13 hwirq=0x3 domain=00000000475f48ac info=00000000639c2326 sc=00000000a588d260?
[    1.716877] bpcie_msi_init: registered virq=13 irq_map[3]?
[    1.722376] bpcie_msi_init: virq=14 hwirq=0x4 domain=00000000475f48ac info=00000000639c2326 sc=00000000a588d260?
[    1.732658] bpcie_msi_init: registered virq=14 irq_map[4]?
[    1.738158] bpcie_msi_init: virq=15 hwirq=0x5 domain=00000000475f48ac info=00000000639c2326 sc=00000000a588d260?
[    1.748440] bpcie_msi_init: registered virq=15 irq_map[5]?
[    1.753938] bpcie_msi_init: virq=16 hwirq=0x6 domain=00000000475f48ac info=00000000639c2326 sc=00000000a588d260?
[    1.764224] bpcie_msi_init: registered virq=16 irq_map[6]?
[    1.769724] bpcie_msi_init: virq=17 hwirq=0x7 domain=00000000475f48ac info=00000000639c2326 sc=00000000a588d260?
[    1.780005] bpcie_msi_init: registered virq=17 irq_map[7]?
[    1.785504] bpcie_msi_init: virq=18 hwirq=0x8 domain=00000000475f48ac info=00000000639c2326 sc=00000000a588d260?
[    1.795786] bpcie_msi_init: registered virq=18 irq_map[8]?
[    1.801285] bpcie_msi_init: virq=19 hwirq=0x9 domain=00000000475f48ac info=00000000639c2326 sc=00000000a588d260?
[    1.811566] bpcie_msi_init: registered virq=19 irq_map[9]?
[    1.817065] bpcie_msi_init: virq=20 hwirq=0xa domain=00000000475f48ac info=00000000639c2326 sc=00000000a588d260?
[    1.827352] bpcie_msi_init: registered virq=20 irq_map[10]?
[    1.832940] bpcie_msi_init: virq=21 hwirq=0xb domain=00000000475f48ac info=00000000639c2326 sc=00000000a588d260?
[    1.843221] bpcie_msi_init: registered virq=21 irq_map[11]?
[    1.848810] bpcie_msi_init: virq=22 hwirq=0xc domain=00000000475f48ac info=00000000639c2326 sc=00000000a588d260?
[    1.859092] bpcie_msi_init: registered virq=22 irq_map[12]?
[    1.864682] bpcie_msi_init: virq=23 hwirq=0xd domain=00000000475f48ac info=00000000639c2326 sc=00000000a588d260?
[    1.874963] bpcie_msi_init: registered virq=23 irq_map[13]?
[    1.880551] bpcie_msi_init: virq=24 hwirq=0xe domain=00000000475f48ac info=00000000639c2326 sc=00000000a588d260?
[    1.890841] bpcie_msi_init: registered virq=24 irq_map[14]?
[    1.896428] bpcie_msi_init: virq=25 hwirq=0xf domain=00000000475f48ac info=00000000639c2326 sc=00000000a588d260?
[    1.906709] bpcie_msi_init: registered virq=25 irq_map[15]?
[    1.912298] bpcie_msi_init: virq=26 hwirq=0x10 domain=00000000475f48ac info=00000000639c2326 sc=00000000a588d260?
[    1.922668] bpcie_msi_init: registered virq=26 irq_map[16]?
[    1.928256] bpcie_msi_init: virq=27 hwirq=0x11 domain=00000000475f48ac info=00000000639c2326 sc=00000000a588d260?
[    1.938627] bpcie_msi_init: registered virq=27 irq_map[17]?
[    1.944215] bpcie_msi_init: virq=28 hwirq=0x12 domain=00000000475f48ac info=00000000639c2326 sc=00000000a588d260?
[    1.954585] bpcie_msi_init: registered virq=28 irq_map[18]?
[    1.960174] bpcie_msi_init: virq=29 hwirq=0x13 domain=00000000475f48ac info=00000000639c2326 sc=00000000a588d260?
[    1.970544] bpcie_msi_init: registered virq=29 irq_map[19]?
[    1.976133] bpcie_msi_init: virq=30 hwirq=0x14 domain=00000000475f48ac info=00000000639c2326 sc=00000000a588d260?
[    1.986503] bpcie_msi_init: registered virq=30 irq_map[20]?
[    1.992092] bpcie_msi_init: virq=31 hwirq=0x15 domain=00000000475f48ac info=00000000639c2326 sc=00000000a588d260?
[    2.002462] bpcie_msi_init: registered virq=31 irq_map[21]?
[    2.008049] bpcie_msi_init: virq=32 hwirq=0x16 domain=00000000475f48ac info=00000000639c2326 sc=00000000a588d260?
[    2.018418] bpcie_msi_init: registered virq=32 irq_map[22]?
[    2.024007] bpcie_msi_init: virq=33 hwirq=0x17 domain=00000000475f48ac info=00000000639c2326 sc=00000000a588d260?
[    2.034376] bpcie_msi_init: registered virq=33 irq_map[23]?
[    2.039965] bpcie_msi_init: virq=34 hwirq=0x18 domain=00000000475f48ac info=00000000639c2326 sc=00000000a588d260?
[    2.050337] bpcie_msi_init: registered virq=34 irq_map[24]?
[    2.055924] bpcie_msi_init: virq=35 hwirq=0x19 domain=00000000475f48ac info=00000000639c2326 sc=00000000a588d260?
[    2.066295] bpcie_msi_init: registered virq=35 irq_map[25]?
[    2.071883] bpcie_msi_init: virq=36 hwirq=0x1a domain=00000000475f48ac info=00000000639c2326 sc=00000000a588d260?
[    2.082254] bpcie_msi_init: registered virq=36 irq_map[26]?
[    2.087842] bpcie_msi_init: virq=37 hwirq=0x1b domain=00000000475f48ac info=00000000639c2326 sc=00000000a588d260?
[    2.098212] bpcie_msi_init: registered virq=37 irq_map[27]?
[    2.103803] bpcie_msi_init: virq=38 hwirq=0x1c domain=00000000475f48ac info=00000000639c2326 sc=00000000a588d260?
[    2.114175] bpcie_msi_init: registered virq=38 irq_map[28]?
[    2.119762] bpcie_msi_init: virq=39 hwirq=0x1d domain=00000000475f48ac info=00000000639c2326 sc=00000000a588d260?
[    2.130134] bpcie_msi_init: registered virq=39 irq_map[29]?
[    2.135725] bpcie_msi_init: virq=40 hwirq=0x1e domain=00000000475f48ac info=00000000639c2326 sc=00000000a588d260?
[    2.146095] bpcie_msi_init: registered virq=40 irq_map[30]?
[    2.151683] bpcie_msi_init: virq=41 hwirq=0x1f domain=00000000475f48ac info=00000000639c2326 sc=00000000a588d260?
[    2.162055] bpcie_msi_init: registered virq=41 irq_map[31]?
[    2.167680] baikal_pcie 0000:00:14.4: bpcie_msi_write_msg(fee00000, 000000ef) mask=0x0 irq=10 hwirq=0x0 00000000a588d260?
[    2.178770] baikal_pcie 0000:00:14.4: bpcie_config_msi: func=4 subfunc=0 addr=fee00000 data=000000ef?
[    2.188100] baikal_pcie 0000:00:14.4: bpcie_msi_write_msg(fee00000, 000000ef) mask=0x0 irq=11 hwirq=0x1 00000000a588d260?
[    2.199181] baikal_pcie 0000:00:14.4: bpcie_config_msi: func=4 subfunc=1 addr=fee00000 data=000000ef?
[    2.208499] baikal_pcie 0000:00:14.4: bpcie_msi_write_msg(fee00000, 000000ef) mask=0x0 irq=12 hwirq=0x2 00000000a588d260?
[    2.219582] baikal_pcie 0000:00:14.4: bpcie_config_msi: func=4 subfunc=2 addr=fee00000 data=000000ef?
[    2.228902] baikal_pcie 0000:00:14.4: bpcie_msi_write_msg(fee00000, 000000ef) mask=0x0 irq=13 hwirq=0x3 00000000a588d260?
[    2.239981] baikal_pcie 0000:00:14.4: bpcie_config_msi: func=4 subfunc=3 addr=fee00000 data=000000ef?
[    2.249298] baikal_pcie 0000:00:14.4: bpcie_msi_write_msg(fee00000, 000000ef) mask=0x0 irq=14 hwirq=0x4 00000000a588d260?
[    2.260378] baikal_pcie 0000:00:14.4: bpcie_config_msi: func=4 subfunc=4 addr=fee00000 data=000000ef?
[    2.269694] baikal_pcie 0000:00:14.4: bpcie_msi_write_msg(fee00000, 000000ef) mask=0x0 irq=15 hwirq=0x5 00000000a588d260?
[    2.280773] baikal_pcie 0000:00:14.4: bpcie_config_msi: func=4 subfunc=5 addr=fee00000 data=000000ef?
[    2.290090] baikal_pcie 0000:00:14.4: bpcie_msi_write_msg(fee00000, 000000ef) mask=0x0 irq=16 hwirq=0x6 00000000a588d260?
[    2.301169] baikal_pcie 0000:00:14.4: bpcie_config_msi: func=4 subfunc=6 addr=fee00000 data=000000ef?
[    2.310486] baikal_pcie 0000:00:14.4: bpcie_msi_write_msg(fee00000, 000000ef) mask=0x0 irq=17 hwirq=0x7 00000000a588d260?
[    2.321567] baikal_pcie 0000:00:14.4: bpcie_config_msi: func=4 subfunc=7 addr=fee00000 data=000000ef?
[    2.330884] baikal_pcie 0000:00:14.4: bpcie_msi_write_msg(fee00000, 000000ef) mask=0x0 irq=18 hwirq=0x8 00000000a588d260?
[    2.341965] baikal_pcie 0000:00:14.4: bpcie_config_msi: func=4 subfunc=8 addr=fee00000 data=000000ef?
[    2.351280] baikal_pcie 0000:00:14.4: bpcie_msi_write_msg(fee00000, 000000ef) mask=0x0 irq=19 hwirq=0x9 00000000a588d260?
[    2.362361] baikal_pcie 0000:00:14.4: bpcie_config_msi: func=4 subfunc=9 addr=fee00000 data=000000ef?
[    2.371678] baikal_pcie 0000:00:14.4: bpcie_msi_write_msg(fee00000, 000000ef) mask=0x0 irq=20 hwirq=0xa 00000000a588d260?
[    2.382758] baikal_pcie 0000:00:14.4: bpcie_config_msi: func=4 subfunc=10 addr=fee00000 data=000000ef?
[    2.392161] baikal_pcie 0000:00:14.4: bpcie_msi_write_msg(fee00000, 000000ef) mask=0x0 irq=21 hwirq=0xb 00000000a588d260?
[    2.403240] baikal_pcie 0000:00:14.4: bpcie_config_msi: func=4 subfunc=11 addr=fee00000 data=000000ef?
[    2.412645] baikal_pcie 0000:00:14.4: bpcie_msi_write_msg(fee00000, 000000ef) mask=0x0 irq=22 hwirq=0xc 00000000a588d260?
[    2.423724] baikal_pcie 0000:00:14.4: bpcie_config_msi: func=4 subfunc=12 addr=fee00000 data=000000ef?
[    2.433129] baikal_pcie 0000:00:14.4: bpcie_msi_write_msg(fee00000, 000000ef) mask=0x0 irq=23 hwirq=0xd 00000000a588d260?
[    2.444209] baikal_pcie 0000:00:14.4: bpcie_config_msi: func=4 subfunc=13 addr=fee00000 data=000000ef?
[    2.453616] baikal_pcie 0000:00:14.4: bpcie_msi_write_msg(fee00000, 000000ef) mask=0x0 irq=24 hwirq=0xe 00000000a588d260?
[    2.464696] baikal_pcie 0000:00:14.4: bpcie_config_msi: func=4 subfunc=14 addr=fee00000 data=000000ef?
[    2.474101] baikal_pcie 0000:00:14.4: bpcie_msi_write_msg(fee00000, 000000ef) mask=0x0 irq=25 hwirq=0xf 00000000a588d260?
[    2.485182] baikal_pcie 0000:00:14.4: bpcie_config_msi: func=4 subfunc=15 addr=fee00000 data=000000ef?
[    2.494586] baikal_pcie 0000:00:14.4: bpcie_msi_write_msg(fee00000, 000000ef) mask=0x0 irq=26 hwirq=0x10 00000000a588d260?
[    2.505756] baikal_pcie 0000:00:14.4: bpcie_config_msi: func=4 subfunc=16 addr=fee00000 data=000000ef?
[    2.515160] baikal_pcie 0000:00:14.4: bpcie_msi_write_msg(fee00000, 000000ef) mask=0x0 irq=27 hwirq=0x11 00000000a588d260?
[    2.526331] baikal_pcie 0000:00:14.4: bpcie_config_msi: func=4 subfunc=17 addr=fee00000 data=000000ef?
[    2.535738] baikal_pcie 0000:00:14.4: bpcie_msi_write_msg(fee00000, 000000ef) mask=0x0 irq=28 hwirq=0x12 00000000a588d260?
[    2.546908] baikal_pcie 0000:00:14.4: bpcie_config_msi: func=4 subfunc=18 addr=fee00000 data=000000ef?
[    2.556312] baikal_pcie 0000:00:14.4: bpcie_msi_write_msg(fee00000, 000000ef) mask=0x0 irq=29 hwirq=0x13 00000000a588d260?
[    2.567482] baikal_pcie 0000:00:14.4: bpcie_config_msi: func=4 subfunc=19 addr=fee00000 data=000000ef?
[    2.576888] baikal_pcie 0000:00:14.4: bpcie_msi_write_msg(fee00000, 000000ef) mask=0x0 irq=30 hwirq=0x14 00000000a588d260?
[    2.588060] baikal_pcie 0000:00:14.4: bpcie_config_msi: func=4 subfunc=20 addr=fee00000 data=000000ef?
[    2.597464] baikal_pcie 0000:00:14.4: bpcie_msi_write_msg(fee00000, 000000ef) mask=0x0 irq=31 hwirq=0x15 00000000a588d260?
[    2.608632] baikal_pcie 0000:00:14.4: bpcie_config_msi: func=4 subfunc=21 addr=fee00000 data=000000ef?
[    2.618037] baikal_pcie 0000:00:14.4: bpcie_msi_write_msg(fee00000, 000000ef) mask=0x0 irq=32 hwirq=0x16 00000000a588d260?
[    2.629207] baikal_pcie 0000:00:14.4: bpcie_config_msi: func=4 subfunc=22 addr=fee00000 data=000000ef?
[    2.638613] baikal_pcie 0000:00:14.4: bpcie_msi_write_msg(fee00000, 000000ef) mask=0x0 irq=33 hwirq=0x17 00000000a588d260?
[    2.649780] baikal_pcie 0000:00:14.4: bpcie_config_msi: func=4 subfunc=23 addr=fee00000 data=000000ef?
[    2.659184] baikal_pcie 0000:00:14.4: bpcie_msi_write_msg(fee00000, 000000ef) mask=0x0 irq=34 hwirq=0x18 00000000a588d260?
[    2.670352] baikal_pcie 0000:00:14.4: bpcie_config_msi: func=4 subfunc=24 addr=fee00000 data=000000ef?
[    2.679757] baikal_pcie 0000:00:14.4: bpcie_msi_write_msg(fee00000, 000000ef) mask=0x0 irq=35 hwirq=0x19 00000000a588d260?
[    2.690927] baikal_pcie 0000:00:14.4: bpcie_config_msi: func=4 subfunc=25 addr=fee00000 data=000000ef?
[    2.700331] baikal_pcie 0000:00:14.4: bpcie_msi_write_msg(fee00000, 000000ef) mask=0x0 irq=36 hwirq=0x1a 00000000a588d260?
[    2.711502] baikal_pcie 0000:00:14.4: bpcie_config_msi: func=4 subfunc=26 addr=fee00000 data=000000ef?
[    2.720907] baikal_pcie 0000:00:14.4: bpcie_msi_write_msg(fee00000, 000000ef) mask=0x0 irq=37 hwirq=0x1b 00000000a588d260?
[    2.732075] baikal_pcie 0000:00:14.4: bpcie_config_msi: func=4 subfunc=27 addr=fee00000 data=000000ef?
[    2.741480] baikal_pcie 0000:00:14.4: bpcie_msi_write_msg(fee00000, 000000ef) mask=0x0 irq=38 hwirq=0x1c 00000000a588d260?
[    2.752647] baikal_pcie 0000:00:14.4: bpcie_config_msi: func=4 subfunc=28 addr=fee00000 data=000000ef?
[    2.762053] baikal_pcie 0000:00:14.4: bpcie_msi_write_msg(fee00000, 000000ef) mask=0x0 irq=39 hwirq=0x1d 00000000a588d260?
[    2.773221] baikal_pcie 0000:00:14.4: bpcie_config_msi: func=4 subfunc=29 addr=fee00000 data=000000ef?
[    2.782627] baikal_pcie 0000:00:14.4: bpcie_msi_write_msg(fee00000, 000000ef) mask=0x0 irq=40 hwirq=0x1e 00000000a588d260?
[    2.793794] baikal_pcie 0000:00:14.4: bpcie_config_msi: func=4 subfunc=30 addr=fee00000 data=000000ef?
[    2.803199] baikal_pcie 0000:00:14.4: bpcie_msi_write_msg(fee00000, 000000ef) mask=0x0 irq=41 hwirq=0x1f 00000000a588d260?
[    2.814367] baikal_pcie 0000:00:14.4: bpcie_config_msi: func=4 subfunc=31 addr=fee00000 data=000000ef?
[    2.823857] baikal_pcie 0000:00:14.4: dev->irq=10?
[    2.828794] baikal_pcie 0000:00:14.4: Failed to register serial port 0?
[    2.835452] baikal_pcie 0000:00:14.4: UART init failed (-5); continuing without serial console?
[    2.844238] bpcie_icc_init: msi_desc msi_index=0 irq=10?
[    2.849563] bpcie_icc_init: ICC subfunc 3 -> bpcie_irqnum=13 found_virq=-1?
[    2.856576] baikal_pcie 0000:00:14.4: bpcie_msi_write_msg(fee01000, 00000020) mask=0x0 irq=13 hwirq=0x3 00000000a588d260?
[    2.857565] baikal_pcie 0000:00:14.4: bpcie_config_msi: func=4 subfunc=3 addr=fee01000 data=00000020?
[    2.857565] baikal_pcie 0000:00:14.4: bpcie_msi_write_msg(fee01000, 00000020) mask=0x0 irq=13 hwirq=0x3 00000000a588d260?
[    2.857565] baikal_pcie 0000:00:14.4: bpcie_config_msi: func=4 subfunc=3 addr=fee01000 data=00000020?
[    2.897370] genirq: Flags mismatch irq 0. 00200080 (icc-shotgun) vs. 00000000 (AMD-Vi)?
[    2.905450] baikal_pcie 0000:00:14.4: bpcie_msi_write_msg(fee02000, 00000020) mask=0x0 irq=10 hwirq=0x0 00000000a588d260?
[    2.906439] baikal_pcie 0000:00:14.4: bpcie_config_msi: func=4 subfunc=0 addr=fee02000 data=00000020?
[    2.906439] baikal_pcie 0000:00:14.4: bpcie_msi_write_msg(fee02000, 00000020) mask=0x0 irq=10 hwirq=0x0 00000000a588d260?
[    2.906439] baikal_pcie 0000:00:14.4: bpcie_config_msi: func=4 subfunc=0 addr=fee02000 data=00000020?
[    2.946260] baikal_pcie 0000:00:14.4: bpcie_msi_write_msg(fee03000, 00000020) mask=0x0 irq=11 hwirq=0x1 00000000a588d260?
[    2.947244] baikal_pcie 0000:00:14.4: bpcie_config_msi: func=4 subfunc=1 addr=fee03000 data=00000020?
[    2.947244] baikal_pcie 0000:00:14.4: bpcie_msi_write_msg(fee03000, 00000020) mask=0x0 irq=11 hwirq=0x1 00000000a588d260?
[    2.947244] baikal_pcie 0000:00:14.4: bpcie_config_msi: func=4 subfunc=1 addr=fee03000 data=00000020?
[    2.987045] baikal_pcie 0000:00:14.4: bpcie_msi_write_msg(fee04000, 00000020) mask=0x0 irq=12 hwirq=0x2 00000000a588d260?
[    2.988028] baikal_pcie 0000:00:14.4: bpcie_config_msi: func=4 subfunc=2 addr=fee04000 data=00000020?
[    2.988028] baikal_pcie 0000:00:14.4: bpcie_msi_write_msg(fee04000, 00000020) mask=0x0 irq=12 hwirq=0x2 00000000a588d260?
[    2.988028] baikal_pcie 0000:00:14.4: bpcie_config_msi: func=4 subfunc=2 addr=fee04000 data=00000020?
[    3.027835] baikal_pcie 0000:00:14.4: bpcie_msi_write_msg(fee05000, 00000020) mask=0x0 irq=14 hwirq=0x4 00000000a588d260?
[    3.028816] baikal_pcie 0000:00:14.4: bpcie_config_msi: func=4 subfunc=4 addr=fee05000 data=00000020?
[    3.028816] baikal_pcie 0000:00:14.4: bpcie_msi_write_msg(fee05000, 00000020) mask=0x0 irq=14 hwirq=0x4 00000000a588d260?
[    3.028816] baikal_pcie 0000:00:14.4: bpcie_config_msi: func=4 subfunc=4 addr=fee05000 data=00000020?
[    3.068622] baikal_pcie 0000:00:14.4: bpcie_msi_write_msg(fee06000, 00000020) mask=0x0 irq=15 hwirq=0x5 00000000a588d260?
[    3.069605] baikal_pcie 0000:00:14.4: bpcie_config_msi: func=4 subfunc=5 addr=fee06000 data=00000020?
[    3.069605] baikal_pcie 0000:00:14.4: bpcie_msi_write_msg(fee06000, 00000020) mask=0x0 irq=15 hwirq=0x5 00000000a588d260?
[    3.069605] baikal_pcie 0000:00:14.4: bpcie_config_msi: func=4 subfunc=5 addr=fee06000 data=00000020?
[    3.109409] baikal_pcie 0000:00:14.4: bpcie_msi_write_msg(fee07000, 00000020) mask=0x0 irq=16 hwirq=0x6 00000000a588d260?
[    3.110391] baikal_pcie 0000:00:14.4: bpcie_config_msi: func=4 subfunc=6 addr=fee07000 data=00000020?
[    3.110391] baikal_pcie 0000:00:14.4: bpcie_msi_write_msg(fee07000, 00000020) mask=0x0 irq=16 hwirq=0x6 00000000a588d260?
[    3.110391] baikal_pcie 0000:00:14.4: bpcie_config_msi: func=4 subfunc=6 addr=fee07000 data=00000020?
[    3.150196] baikal_pcie 0000:00:14.4: bpcie_msi_write_msg(fee00000, 00000021) mask=0x0 irq=17 hwirq=0x7 00000000a588d260?
[    3.151180] baikal_pcie 0000:00:14.4: bpcie_config_msi: func=4 subfunc=7 addr=fee00000 data=00000021?
[    3.151180] baikal_pcie 0000:00:14.4: bpcie_msi_write_msg(fee00000, 00000021) mask=0x0 irq=17 hwirq=0x7 00000000a588d260?
[    3.151180] baikal_pcie 0000:00:14.4: bpcie_config_msi: func=4 subfunc=7 addr=fee00000 data=00000021?
[    3.190982] baikal_pcie 0000:00:14.4: bpcie_msi_write_msg(fee01000, 00000021) mask=0x0 irq=18 hwirq=0x8 00000000a588d260?
[    3.191964] baikal_pcie 0000:00:14.4: bpcie_config_msi: func=4 subfunc=8 addr=fee01000 data=00000021?
[    3.191964] baikal_pcie 0000:00:14.4: bpcie_msi_write_msg(fee01000, 00000021) mask=0x0 irq=18 hwirq=0x8 00000000a588d260?
[    3.191964] baikal_pcie 0000:00:14.4: bpcie_config_msi: func=4 subfunc=8 addr=fee01000 data=00000021?
[    3.231767] baikal_pcie 0000:00:14.4: bpcie_msi_write_msg(fee02000, 00000021) mask=0x0 irq=19 hwirq=0x9 00000000a588d260?
[    3.232750] baikal_pcie 0000:00:14.4: bpcie_config_msi: func=4 subfunc=9 addr=fee02000 data=00000021?
[    3.232750] baikal_pcie 0000:00:14.4: bpcie_msi_write_msg(fee02000, 00000021) mask=0x0 irq=19 hwirq=0x9 00000000a588d260?
[    3.232750] baikal_pcie 0000:00:14.4: bpcie_config_msi: func=4 subfunc=9 addr=fee02000 data=00000021?
[    3.272545] baikal_pcie 0000:00:14.4: bpcie_msi_write_msg(fee03000, 00000021) mask=0x0 irq=20 hwirq=0xa 00000000a588d260?
[    3.273530] baikal_pcie 0000:00:14.4: bpcie_config_msi: func=4 subfunc=10 addr=fee03000 data=00000021?
[    3.273530] baikal_pcie 0000:00:14.4: bpcie_msi_write_msg(fee03000, 00000021) mask=0x0 irq=20 hwirq=0xa 00000000a588d260?
[    3.273530] baikal_pcie 0000:00:14.4: bpcie_config_msi: func=4 subfunc=10 addr=fee03000 data=00000021?
[    3.313509] baikal_pcie 0000:00:14.4: bpcie_msi_write_msg(fee04000, 00000021) mask=0x0 irq=21 hwirq=0xb 00000000a588d260?
[    3.314490] baikal_pcie 0000:00:14.4: bpcie_config_msi: func=4 subfunc=11 addr=fee04000 data=00000021?
[    3.314490] baikal_pcie 0000:00:14.4: bpcie_msi_write_msg(fee04000, 00000021) mask=0x0 irq=21 hwirq=0xb 00000000a588d260?
[    3.314490] baikal_pcie 0000:00:14.4: bpcie_config_msi: func=4 subfunc=11 addr=fee04000 data=00000021?
[    3.354474] baikal_pcie 0000:00:14.4: bpcie_msi_write_msg(fee05000, 00000021) mask=0x0 irq=22 hwirq=0xc 00000000a588d260?
[    3.355459] baikal_pcie 0000:00:14.4: bpcie_config_msi: func=4 subfunc=12 addr=fee05000 data=00000021?
[    3.355459] baikal_pcie 0000:00:14.4: bpcie_msi_write_msg(fee05000, 00000021) mask=0x0 irq=22 hwirq=0xc 00000000a588d260?
[    3.355459] baikal_pcie 0000:00:14.4: bpcie_config_msi: func=4 subfunc=12 addr=fee05000 data=00000021?
[    3.395437] baikal_pcie 0000:00:14.4: bpcie_msi_write_msg(fee06000, 00000021) mask=0x0 irq=23 hwirq=0xd 00000000a588d260?
[    3.396418] baikal_pcie 0000:00:14.4: bpcie_config_msi: func=4 subfunc=13 addr=fee06000 data=00000021?
[    3.396418] baikal_pcie 0000:00:14.4: bpcie_msi_write_msg(fee06000, 00000021) mask=0x0 irq=23 hwirq=0xd 00000000a588d260?
[    3.396418] baikal_pcie 0000:00:14.4: bpcie_config_msi: func=4 subfunc=13 addr=fee06000 data=00000021?
[    3.436396] baikal_pcie 0000:00:14.4: bpcie_msi_write_msg(fee07000, 00000021) mask=0x0 irq=24 hwirq=0xe 00000000a588d260?
[    3.437381] baikal_pcie 0000:00:14.4: bpcie_config_msi: func=4 subfunc=14 addr=fee07000 data=00000021?
[    3.437381] baikal_pcie 0000:00:14.4: bpcie_msi_write_msg(fee07000, 00000021) mask=0x0 irq=24 hwirq=0xe 00000000a588d260?
[    3.437381] baikal_pcie 0000:00:14.4: bpcie_config_msi: func=4 subfunc=14 addr=fee07000 data=00000021?
[    3.477359] baikal_pcie 0000:00:14.4: bpcie_msi_write_msg(fee00000, 00000022) mask=0x0 irq=25 hwirq=0xf 00000000a588d260?
[    3.478340] baikal_pcie 0000:00:14.4: bpcie_config_msi: func=4 subfunc=15 addr=fee00000 data=00000022?
[    3.478340] baikal_pcie 0000:00:14.4: bpcie_msi_write_msg(fee00000, 00000022) mask=0x0 irq=25 hwirq=0xf 00000000a588d260?
[    3.478340] baikal_pcie 0000:00:14.4: bpcie_config_msi: func=4 subfunc=15 addr=fee00000 data=00000022?
[    3.518315] baikal_pcie 0000:00:14.4: bpcie_msi_write_msg(fee01000, 00000022) mask=0x0 irq=26 hwirq=0x10 00000000a588d260?
[    3.519299] baikal_pcie 0000:00:14.4: bpcie_config_msi: func=4 subfunc=16 addr=fee01000 data=00000022?
[    3.519299] baikal_pcie 0000:00:14.4: bpcie_msi_write_msg(fee01000, 00000022) mask=0x0 irq=26 hwirq=0x10 00000000a588d260?
[    3.519299] baikal_pcie 0000:00:14.4: bpcie_config_msi: func=4 subfunc=16 addr=fee01000 data=00000022?
[    3.559458] baikal_pcie 0000:00:14.4: bpcie_msi_write_msg(fee02000, 00000022) mask=0x0 irq=27 hwirq=0x11 00000000a588d260?
[    3.560441] baikal_pcie 0000:00:14.4: bpcie_config_msi: func=4 subfunc=17 addr=fee02000 data=00000022?
[    3.560441] baikal_pcie 0000:00:14.4: bpcie_msi_write_msg(fee02000, 00000022) mask=0x0 irq=27 hwirq=0x11 00000000a588d260?
[    3.560441] baikal_pcie 0000:00:14.4: bpcie_config_msi: func=4 subfunc=17 addr=fee02000 data=00000022?
[    3.600594] baikal_pcie 0000:00:14.4: bpcie_msi_write_msg(fee03000, 00000022) mask=0x0 irq=28 hwirq=0x12 00000000a588d260?
[    3.601576] baikal_pcie 0000:00:14.4: bpcie_config_msi: func=4 subfunc=18 addr=fee03000 data=00000022?
[    3.601576] baikal_pcie 0000:00:14.4: bpcie_msi_write_msg(fee03000, 00000022) mask=0x0 irq=28 hwirq=0x12 00000000a588d260?
[    3.601576] baikal_pcie 0000:00:14.4: bpcie_config_msi: func=4 subfunc=18 addr=fee03000 data=00000022?
[    3.641737] baikal_pcie 0000:00:14.4: bpcie_msi_write_msg(fee04000, 00000022) mask=0x0 irq=29 hwirq=0x13 00000000a588d260?
[    3.642721] baikal_pcie 0000:00:14.4: bpcie_config_msi: func=4 subfunc=19 addr=fee04000 data=00000022?
[    3.642721] baikal_pcie 0000:00:14.4: bpcie_msi_write_msg(fee04000, 00000022) mask=0x0 irq=29 hwirq=0x13 00000000a588d260?
[    3.642721] baikal_pcie 0000:00:14.4: bpcie_config_msi: func=4 subfunc=19 addr=fee04000 data=00000022?
[    3.682876] baikal_pcie 0000:00:14.4: bpcie_msi_write_msg(fee05000, 00000022) mask=0x0 irq=30 hwirq=0x14 00000000a588d260?
[    3.683858] baikal_pcie 0000:00:14.4: bpcie_config_msi: func=4 subfunc=20 addr=fee05000 data=00000022?
[    3.683858] baikal_pcie 0000:00:14.4: bpcie_msi_write_msg(fee05000, 00000022) mask=0x0 irq=30 hwirq=0x14 00000000a588d260?
[    3.683858] baikal_pcie 0000:00:14.4: bpcie_config_msi: func=4 subfunc=20 addr=fee05000 data=00000022?
[    3.724016] baikal_pcie 0000:00:14.4: bpcie_msi_write_msg(fee06000, 00000022) mask=0x0 irq=31 hwirq=0x15 00000000a588d260?
[    3.724997] baikal_pcie 0000:00:14.4: bpcie_config_msi: func=4 subfunc=21 addr=fee06000 data=00000022?
[    3.724997] baikal_pcie 0000:00:14.4: bpcie_msi_write_msg(fee06000, 00000022) mask=0x0 irq=31 hwirq=0x15 00000000a588d260?
[    3.724997] baikal_pcie 0000:00:14.4: bpcie_config_msi: func=4 subfunc=21 addr=fee06000 data=00000022?
[    3.765157] baikal_pcie 0000:00:14.4: bpcie_msi_write_msg(fee07000, 00000022) mask=0x0 irq=32 hwirq=0x16 00000000a588d260?
[    3.766139] baikal_pcie 0000:00:14.4: bpcie_config_msi: func=4 subfunc=22 addr=fee07000 data=00000022?
[    3.766139] baikal_pcie 0000:00:14.4: bpcie_msi_write_msg(fee07000, 00000022) mask=0x0 irq=32 hwirq=0x16 00000000a588d260?
[    3.766139] baikal_pcie 0000:00:14.4: bpcie_config_msi: func=4 subfunc=22 addr=fee07000 data=00000022?
[    3.806297] baikal_pcie 0000:00:14.4: bpcie_msi_write_msg(fee00000, 00000023) mask=0x0 irq=33 hwirq=0x17 00000000a588d260?
[    3.807280] baikal_pcie 0000:00:14.4: bpcie_config_msi: func=4 subfunc=23 addr=fee00000 data=00000023?
[    3.807280] baikal_pcie 0000:00:14.4: bpcie_msi_write_msg(fee00000, 00000023) mask=0x0 irq=33 hwirq=0x17 00000000a588d260?
[    3.807280] baikal_pcie 0000:00:14.4: bpcie_config_msi: func=4 subfunc=23 addr=fee00000 data=00000023?
[    3.847434] baikal_pcie 0000:00:14.4: bpcie_msi_write_msg(fee01000, 00000023) mask=0x0 irq=34 hwirq=0x18 00000000a588d260?
[    3.848418] baikal_pcie 0000:00:14.4: bpcie_config_msi: func=4 subfunc=24 addr=fee01000 data=00000023?
[    3.848418] baikal_pcie 0000:00:14.4: bpcie_msi_write_msg(fee01000, 00000023) mask=0x0 irq=34 hwirq=0x18 00000000a588d260?
[    3.848418] baikal_pcie 0000:00:14.4: bpcie_config_msi: func=4 subfunc=24 addr=fee01000 data=00000023?
[    3.888572] baikal_pcie 0000:00:14.4: bpcie_msi_write_msg(fee02000, 00000023) mask=0x0 irq=35 hwirq=0x19 00000000a588d260?
[    3.889553] baikal_pcie 0000:00:14.4: bpcie_config_msi: func=4 subfunc=25 addr=fee02000 data=00000023?
[    3.889553] baikal_pcie 0000:00:14.4: bpcie_msi_write_msg(fee02000, 00000023) mask=0x0 irq=35 hwirq=0x19 00000000a588d260?
[    3.889553] baikal_pcie 0000:00:14.4: bpcie_config_msi: func=4 subfunc=25 addr=fee02000 data=00000023?
[    3.929707] baikal_pcie 0000:00:14.4: bpcie_msi_write_msg(fee03000, 00000023) mask=0x0 irq=36 hwirq=0x1a 00000000a588d260?
[    3.930692] baikal_pcie 0000:00:14.4: bpcie_config_msi: func=4 subfunc=26 addr=fee03000 data=00000023?
[    3.930692] baikal_pcie 0000:00:14.4: bpcie_msi_write_msg(fee03000, 00000023) mask=0x0 irq=36 hwirq=0x1a 00000000a588d260?
[    3.930692] baikal_pcie 0000:00:14.4: bpcie_config_msi: func=4 subfunc=26 addr=fee03000 data=00000023?
[    3.970849] baikal_pcie 0000:00:14.4: bpcie_msi_write_msg(fee04000, 00000023) mask=0x0 irq=37 hwirq=0x1b 00000000a588d260?
[    3.971831] baikal_pcie 0000:00:14.4: bpcie_config_msi: func=4 subfunc=27 addr=fee04000 data=00000023?
[    3.971831] baikal_pcie 0000:00:14.4: bpcie_msi_write_msg(fee04000, 00000023) mask=0x0 irq=37 hwirq=0x1b 00000000a588d260?
[    3.971831] baikal_pcie 0000:00:14.4: bpcie_config_msi: func=4 subfunc=27 addr=fee04000 data=00000023?
[    4.011989] baikal_pcie 0000:00:14.4: bpcie_msi_write_msg(fee05000, 00000023) mask=0x0 irq=38 hwirq=0x1c 00000000a588d260?
[    4.012973] baikal_pcie 0000:00:14.4: bpcie_config_msi: func=4 subfunc=28 addr=fee05000 data=00000023?
[    4.012973] baikal_pcie 0000:00:14.4: bpcie_msi_write_msg(fee05000, 00000023) mask=0x0 irq=38 hwirq=0x1c 00000000a588d260?
[    4.012973] baikal_pcie 0000:00:14.4: bpcie_config_msi: func=4 subfunc=28 addr=fee05000 data=00000023?
[    4.053128] baikal_pcie 0000:00:14.4: bpcie_msi_write_msg(fee06000, 00000023) mask=0x0 irq=39 hwirq=0x1d 00000000a588d260?
[    4.054109] baikal_pcie 0000:00:14.4: bpcie_config_msi: func=4 subfunc=29 addr=fee06000 data=00000023?
[    4.054109] baikal_pcie 0000:00:14.4: bpcie_msi_write_msg(fee06000, 00000023) mask=0x0 irq=39 hwirq=0x1d 00000000a588d260?
[    4.054109] baikal_pcie 0000:00:14.4: bpcie_config_msi: func=4 subfunc=29 addr=fee06000 data=00000023?
[    4.094265] baikal_pcie 0000:00:14.4: bpcie_msi_write_msg(fee07000, 00000023) mask=0x0 irq=40 hwirq=0x1e 00000000a588d260?
[    4.095249] baikal_pcie 0000:00:14.4: bpcie_config_msi: func=4 subfunc=30 addr=fee07000 data=00000023?
[    4.095249] baikal_pcie 0000:00:14.4: bpcie_msi_write_msg(fee07000, 00000023) mask=0x0 irq=40 hwirq=0x1e 00000000a588d260?
[    4.095249] baikal_pcie 0000:00:14.4: bpcie_config_msi: func=4 subfunc=30 addr=fee07000 data=00000023?
[    4.135400] baikal_pcie 0000:00:14.4: bpcie_msi_write_msg(fee00000, 00000024) mask=0x0 irq=41 hwirq=0x1f 00000000a588d260?
[    4.136383] baikal_pcie 0000:00:14.4: bpcie_config_msi: func=4 subfunc=31 addr=fee00000 data=00000024?
[    4.136383] baikal_pcie 0000:00:14.4: bpcie_msi_write_msg(fee00000, 00000024) mask=0x0 irq=41 hwirq=0x1f 00000000a588d260?
[    4.136383] baikal_pcie 0000:00:14.4: bpcie_config_msi: func=4 subfunc=31 addr=fee00000 data=00000024?
[    4.176540] bpcie_icc_init: shotgun-registered ICC at 32 additional virqs (0..63)?
[    4.184172] baikal_pcie 0000:00:14.4: icc init-diag: ICC virq=13 STATUS=0x0 IRQ_MASK=0x3 DOORBELL_off=0x108004 STATUS_off=0x108014?
[    4.196174] i2c i2c-0: adapter [icc] registered?
[    4.200934] icc_interrupt: irq=35 entry status=0x2?
[    4.201456] icc_interrupt: irq=0 entry status=0x2?
[    4.223325] icc_interrupt: irq=35 entry status=0x1?
[    4.223451] icc_interrupt: irq=0 entry status=0x1?
[    4.233008] Turn ON BT/WLAN: ret=20, reply 00 00 00 00?
[    4.233148] icc_interrupt: irq=35 entry status=0x2?
[    4.234448] icc_interrupt: irq=0 entry status=0x2?
[    4.248058] usb0 status: ret=20, reply 00 00 01 00?
[    4.248063] USB is already turned ON!?
[    4.253013] input: Power Button as /devices/pci0000:00/0000:00:14.4/input/input0?
[    4.264404] icc_interrupt: irq=35 entry status=0x2?
[    4.265443] icc_interrupt: irq=0 entry status=0x2?
[    4.278339] icc_interrupt: irq=35 entry status=0x1?
[    4.278441] icc_interrupt: irq=0 entry status=0x1?
[    4.288019] icc: not ready?
[    4.290778] baikal_pcie 0000:00:14.4: icc_pwrbutton_init: Failed to enable reset notifications (-11)?
[    4.318451] ret=46, reply 00 00 03 00 00 00 15 00?
[    4.328448] ret=20, reply 00 00 01 02 10 00 00 00?
[    4.338446] ret=20, reply 00 00 00 00 00 00 00 00?
[    4.343356] wireguard: WireGuard 1.0.0 loaded. See www.wireguard.com for information.?
[    4.351341] wireguard: Copyright (C) 2015-2019 Jason A. Donenfeld <Jason@zx2c4.com>. All Rights Reserved.?
[    4.361596] sky2: driver version 1.30?
[    4.375438] resource: resource sanity check: requesting [mem 0x00000000c2000000-0x00000000c2003fff], which spans more than 0000:00:14.1 [mem 0xc2000000-0xc2000fff 64bit]?
[    4.390863] caller sky2_probe+0x153/0x340 mapping multiple BARs?
[    4.396909] sky2 0000:00:14.1: PS4 Baikal: B2_CHIP_ID=0x0, forcing YUKON_PRM?
[    4.404094] sky2 0000:00:14.1: chip type 0xbd?
[    4.408549] sky2 0000:00:14.1: Yukon-2 OptimaEEE chip revision 0?
[    4.414729] sky2 0000:00:14.1: bpcie_assign_irqs(1)?
[    4.419714] bpcie_init_dev_msi_info: dev=0000:00:14.1 installed bpcie demuxer (sc=00000000a588d260)?
[    4.428968] bpcie_msi_init: virq=1 hwirq=0x0 domain=0000000037abb041 info=00000000639c2326 sc=00000000a588d260?
[    4.439169] bpcie_msi_init: registered virq=1 irq_map[32]?
[    4.444677] sky2 0000:00:14.1: bpcie_msi_write_msg(fee00000, 000000ef) mask=0x0 irq=1 hwirq=0x0 00000000a588d260?
[    4.455057] baikal_pcie 0000:00:14.4: bpcie_config_msi: func=1 subfunc=0 addr=fee00000 data=000000ef?
[    4.464395] sky2 0000:00:14.1: bpcie_assign_irqs returning 1?
[    4.470165] sky2 0000:00:14.1: PS4 Baikal: skipping MSI self-test in APCIE branch?
[    4.478063] sky2 0000:00:14.1 eth0: addr 2c:cc:44:57:0b:3a?
[    4.484121] xhci_aeolia 0000:00:14.7: bpcie_assign_irqs(3)?
[    4.489725] bpcie_init_dev_msi_info: dev=0000:00:14.7 installed bpcie demuxer (sc=00000000a588d260)?
[    4.498986] bpcie_msi_init: virq=2 hwirq=0x0 domain=00000000cacbbddf info=00000000639c2326 sc=00000000a588d260?
[    4.509187] bpcie_msi_init: registered virq=2 irq_map[33]?
[    4.514694] xhci_aeolia 0000:00:14.7: bpcie_msi_write_msg(fee00000, 000000ef) mask=0x0 irq=2 hwirq=0x0 00000000a588d260?
[    4.525694] baikal_pcie 0000:00:14.4: bpcie_config_msi: func=7 subfunc=0 addr=fee00000 data=000000ef?
[    4.535025] xhci_aeolia 0000:00:14.7: bpcie_assign_irqs returning 1?
[    4.541415] xhci_aeolia 0000:00:14.7: version 3.0?
[    4.546218] xhci_aeolia 0000:00:14.7: Belize SATA PHY init?
[    5.551844] xhci_aeolia 0000:00:14.7: PHY SET GEN3?
[    5.556728] xhci_aeolia 0000:00:14.7: Belize SATA PHY Trace length : 6?
[    6.563468] xhci_aeolia 0000:00:14.7: Align 90=0x00?
[    6.568476] clocksource: tsc: mask: 0xffffffffffffffff max_cycles: 0x16fa6ca9c5c, max_idle_ns: 440795241978 ns?
[    6.568538] xhci_aeolia 0000:00:14.7: AHCI vers 0001.0300, 32 command slots, 6 Gbps, ATA mode?
[    6.587357] xhci_aeolia 0000:00:14.7: 1/1 ports implemented (port mask 0x1)?
[    6.594454] xhci_aeolia 0000:00:14.7: flags: ncq sntf pm clo only pmp pio slum part ccc apst ?
[    6.603165] clocksource: Switched to clocksource tsc?
[    6.603218] xhci_aeolia 0000:00:14.7: bpcie_msi_write_msg(fee01000, 00000024) mask=0x0 irq=2 hwirq=0x0 00000000a588d260?
[    6.616789] baikal_pcie 0000:00:14.4: bpcie_config_msi: func=7 subfunc=0 addr=fee01000 data=00000024?
[    6.624789] xhci_aeolia 0000:00:14.7: bpcie_msi_write_msg(fee01000, 00000024) mask=0x0 irq=2 hwirq=0x0 00000000a588d260?
[    6.632795] baikal_pcie 0000:00:14.4: bpcie_config_msi: func=7 subfunc=0 addr=fee01000 data=00000024?
[    6.649242] scsi host0: ahci?
[    6.652316] ata1: SATA max UDMA/133 abar m65536@0xce800000 port 0xce800100 irq 2 lpm-pol 0?
[    6.711891] xhci_aeolia_probe_one 0, controller is 90de?
[    6.717296] xhci_aeolia 0000:00:14.7: xHCI Host Controller?
[    6.722910] xhci_aeolia 0000:00:14.7: new USB bus registered, assigned bus number 1?
[    6.730856] xhci_aeolia 0000:00:14.7: hcc params 0x0228f66c hci version 0x100 quirks 0x0004000000010010?
[    6.740446] xhci_aeolia 0000:00:14.7: irq 2, io mem 0xce000000?
[    6.746527] xhci_aeolia 0000:00:14.7: xHCI Host Controller?
[    6.752127] xhci_aeolia 0000:00:14.7: new USB bus registered, assigned bus number 2?
[    6.780890] xhci_aeolia 0000:00:14.7: Host supports USB 3.0 SuperSpeed?
[    6.787718] usb usb1: New USB device found, idVendor=1d6b, idProduct=0002, bcdDevice= 6.15?
[    6.796150] usb usb1: New USB device strings: Mfr=3, Product=2, SerialNumber=1?
[    6.803516] usb usb1: Product: xHCI Host Controller?
[    6.808489] usb usb1: Manufacturer: Linux 6.15.4-Baikal_TESTING_crashniels-dirty xhci-hcd?
[    6.816826] usb usb1: SerialNumber: 0000:00:14.7?
[    6.821995] hub 1-0:1.0: USB hub found?
[    6.825853] hub 1-0:1.0: 2 ports detected?
[    6.830170] usb usb2: We don't know the algorithms for LPM for this host, disabling LPM.?
[    6.838508] usb usb2: New USB device found, idVendor=1d6b, idProduct=0003, bcdDevice= 6.15?
[    6.846937] usb usb2: New USB device strings: Mfr=3, Product=2, SerialNumber=1?
[    6.854303] usb usb2: Product: xHCI Host Controller?
[    6.859275] usb usb2: Manufacturer: Linux 6.15.4-Baikal_TESTING_crashniels-dirty xhci-hcd?
[    6.867626] usb usb2: SerialNumber: 0000:00:14.7?
[    6.872740] hub 2-0:1.0: USB hub found?
[    6.876589] hub 2-0:1.0: 2 ports detected?
[    6.901948] xhci_aeolia_probe_one 2, controller is 90de?
[    6.907360] xhci_aeolia 0000:00:14.7: xHCI Host Controller?
[    6.912965] xhci_aeolia 0000:00:14.7: new USB bus registered, assigned bus number 3?
[    6.920893] xhci_aeolia 0000:00:14.7: hcc params 0x0220f06c hci version 0x100 quirks 0x0004000000010010?
[    6.930501] xhci_aeolia 0000:00:14.7: irq 2, io mem 0xcf000000?
[    6.936460] debugfs: Directory '0000:00:14.7' with parent 'xhci' already present!?
[    6.944121] xhci_aeolia 0000:00:14.7: xHCI Host Controller?
[    6.949724] xhci_aeolia 0000:00:14.7: new USB bus registered, assigned bus number 4?
[    6.977895] xhci_aeolia 0000:00:14.7: Host supports USB 3.0 SuperSpeed?
[    6.984928] usb usb3: New USB device found, idVendor=1d6b, idProduct=0002, bcdDevice= 6.15?
[    6.993400] usb usb3: New USB device strings: Mfr=3, Product=2, SerialNumber=1?
[    7.000766] usb usb3: Product: xHCI Host Controller?
[    7.005737] usb usb3: Manufacturer: Linux 6.15.4-Baikal_TESTING_crashniels-dirty xhci-hcd?
[    7.014074] usb usb3: SerialNumber: 0000:00:14.7?
[    7.019235] hub 3-0:1.0: USB hub found?
[    7.023082] hub 3-0:1.0: 1 port detected?
[    7.027270] usb usb4: We don't know the algorithms for LPM for this host, disabling LPM.?
[    7.035603] usb usb4: New USB device found, idVendor=1d6b, idProduct=0003, bcdDevice= 6.15?
[    7.044030] usb usb4: New USB device strings: Mfr=3, Product=2, SerialNumber=1?
[    7.051400] usb usb4: Product: xHCI Host Controller?
[    7.056374] usb usb4: Manufacturer: Linux 6.15.4-Baikal_TESTING_crashniels-dirty xhci-hcd?
[    7.064709] usb usb4: SerialNumber: 0000:00:14.7?
[    7.069855] hub 4-0:1.0: USB hub found?
[    7.073723] hub 4-0:1.0: 1 port detected?
[    7.099262] usbcore: registered new interface driver uas?
[    7.104766] usb 1-1: new high-speed USB device number 2 using xhci_aeolia?
[    7.104778] usbcore: registered new interface driver usb-storage?
[    7.117885] i8042: PNP: No PS/2 controller found.?
[    7.122986] mousedev: PS/2 mouse device common for all mice?
[    7.128893] usbcore: registered new interface driver xpad?
[    7.134502] i2c_dev: i2c /dev entries driver?
[    7.134816] ata1: SATA link up 3.0 Gbps (SStatus 123 SControl 300)?
[    7.138987] i2c_dev: adapter [icc] registered as minor 0?
[    7.150609] i2c-core: driver [i2c-slave-eeprom] registered?
[    7.156648] device-mapper: ioctl: 4.49.0-ioctl (2025-01-17) initialised: dm-devel@lists.linux.dev?
[    7.162299] ata1.00: FORCE: modified (disable)?
[    7.165921] amd_pstate: the _CPC object is not present in SBIOS or ACPI disabled?
[    7.170252] ata1.00: unsupported device, disabling?
[    7.170256] ata1.00: disable device?
[    7.186297] sdhci: Secure Digital Host Controller Interface driver?
[    7.192596] sdhci: Copyright(c) Pierre Ossman?
[    7.197212] sdhci-pci 0000:00:14.3: SDHCI controller found [104d:90da] (rev 0)?
[    7.197281] hid: raw HID events driver (C) Jiri Kosina?
[    7.204642] bpcie_init_dev_msi_info: dev=0000:00:14.3 installed bpcie demuxer (sc=00000000a588d260)?
[    7.204734] usb usb3-port1: over-current condition?
[    7.210148] usbcore: registered new interface driver usbhid?
[    7.219120] bpcie_msi_init: virq=3 hwirq=0x0 domain=0000000041efe67f info=00000000639c2326 sc=00000000a588d260?
[    7.223946] usbhid: USB HID core driver?
[    7.224488] snd_hda_intel 0000:00:01.1: can't derive routing for PCI INT B?
[    7.229634] bpcie_msi_init: registered virq=3 irq_map[34]?
[    7.229651] sdhci-pci 0000:00:14.3: bpcie_msi_write_msg(fee00000, 000000ef) mask=0x0 irq=3 hwirq=0x0 00000000a588d260?
[    7.239853] snd_hda_intel 0000:00:01.1: PCI INT B: not connected?
[    7.243771] baikal_pcie 0000:00:14.4: bpcie_config_msi: func=3 subfunc=0 addr=fee00000 data=000000ef?
[    7.244068] NET: Registered PF_INET6 protocol family?
[    7.244148] usb 1-1: New USB device found, idVendor=1a40, idProduct=0101, bcdDevice= 1.00?
[    7.244155] usb 1-1: New USB device strings: Mfr=0, Product=1, SerialNumber=0?
[    7.244160] usb 1-1: Product: USB2.0 HUB?
[    7.251263] sdhci-pci 0000:00:14.3: bpcie_msi_write_msg(fee02000, 00000024) mask=0x0 irq=3 hwirq=0x0 00000000a588d260?
[    7.257062] Segment Routing with IPv6?
[    7.261588] input: HD-Audio Generic HDMI/DP,pcm=3 as /devices/pci0000:00/0000:00:01.1/sound/card0/input1?
[    7.261718] input: HD-Audio Generic HDMI/DP,pcm=7 as /devices/pci0000:00/0000:00:01.1/sound/card0/input2?
[    7.252250] baikal_pcie 0000:00:14.4: bpcie_config_msi: func=3 subfunc=0 addr=fee02000 data=00000024?
[    7.252250] sdhci-pci 0000:00:14.3: bpcie_msi_write_msg(fee02000, 00000024) mask=0x0 irq=3 hwirq=0x0 00000000a588d260?
[    7.267156] In-situ OAM (IOAM) with IPv6?
[    7.252250] baikal_pcie 0000:00:14.4: bpcie_config_msi: func=3 subfunc=0 addr=fee02000 data=00000024?
[    7.273321] NET: Registered PF_PACKET protocol family?
[    7.299750] hub 1-1:1.0: USB hub found?
[    7.303385] mmc0: SDHCI controller on PCI [0000:00:14.3] using ADMA?
[    7.303386] Bluetooth: RFCOMM TTY layer initialized?
[    7.303395] Bluetooth: RFCOMM socket layer initialized?
[    7.303406] Bluetooth: RFCOMM ver 1.11?
[    7.303412] Bluetooth: BNEP (Ethernet Emulation) ver 1.3?
[    7.303415] Bluetooth: BNEP filters: protocol multicast?
[    7.303422] Bluetooth: BNEP socket layer initialized?
[    7.303426] Bluetooth: HIDP (Human Interface Emulation) ver 1.2?
[    7.303430] Bluetooth: HIDP socket layer initialized?
[    7.307361] hub 1-1:1.0: 4 ports detected?
[    7.383793] usb 2-2: new SuperSpeed USB device number 2 using xhci_aeolia?
[    7.425411] mmc0: new UHS-I speed SDR104 SDIO card at address 0001?
[    7.426025] usb usb4-port1: over-current condition?
[    7.426315] microcode: Current revision: 0x0701a001?
[    7.433330] [wlan][83]halPollDbgCr:(INIT WARN) SWPCDBGR 0x00001DDE?
[    7.435279] IPI shorthand broadcast: enabled?
[    7.439793] usb 2-2: New USB device found, idVendor=0951, idProduct=1666, bcdDevice= 1.10?
[    7.439801] usb 2-2: New USB device strings: Mfr=2, Product=3, SerialNumber=4?
[    7.439805] usb 2-2: Product: DataTraveler 3.0?
[    7.439809] usb 2-2: Manufacturer: Kingston?
[    7.439813] usb 2-2: SerialNumber: E0D55EA573F0194049CD0236?
[    7.440413] usb-storage 2-2:1.0: USB Mass Storage device detected?
[    7.440799] scsi host1: usb-storage 2-2:1.0?
[    7.526590] sched_clock: Marking stable (6810003399, 715751343)->(9872413785, -2346659043)?
[    7.535980] registered taskstats version 1?
[    7.540218] Loading compiled-in X.509 certificates?
[    7.551524] Demotion targets for Node 0: null?
[    7.556977] Btrfs loaded, zoned=no, fsverity=no?
[    7.562153] amdgpu 0000:00:01.0: can't derive routing for PCI INT A?
[    7.568604] amdgpu 0000:00:01.0: PCI INT A: not connected?
[    7.574164] [drm] initializing kernel modesetting (LIVERPOOL 0x1002:0x9923 0x1002:0x9923 0x00).?
[    7.583149] [drm] register mmio base: 0xE4800000?
[    7.587889] [drm] register mmio size: 262144?
[    7.592452] amdgpu 0000:00:01.0: amdgpu: detected ip block number 0 <cik_common>?
[    7.600063] amdgpu 0000:00:01.0: amdgpu: detected ip block number 1 <gmc_v7_0>?
[    7.607489] amdgpu 0000:00:01.0: amdgpu: detected ip block number 2 <cik_ih>?
[    7.614737] amdgpu 0000:00:01.0: amdgpu: detected ip block number 3 <dce_v8_0>?
[    7.622163] amdgpu 0000:00:01.0: amdgpu: detected ip block number 4 <gfx_v7_0>?
[    7.629584] amdgpu 0000:00:01.0: amdgpu: detected ip block number 5 <cik_sdma>?
[    7.637000] amdgpu 0000:00:01.0: amdgpu: detected ip block number 6 <uvd_v4_2>?
[    7.644424] amdgpu 0000:00:01.0: amdgpu: detected ip block number 7 <vce_v2_0>?
[    7.691456] amdgpu 0000:00:01.0: amdgpu: Fetched VBIOS from ROM BAR?
[    7.697907] amdgpu: ATOM BIOS: 113-Starsha2-018?
[    7.702922] [drm] ps4 uvd: skipping UVD entirely on Liverpool/Gladius (no SAMU auth -> no functional UVD; avoids fault storm)?
[    7.714555] [drm:amdgpu_device_init.cold] *ERROR* early_init of IP block <uvd_v4_2> failed -19?
[    7.723418] [drm] ps4 vce: skipping VCE entirely on Liverpool/Gladius?
[    7.730029] [drm:amdgpu_device_init.cold] *ERROR* early_init of IP block <vce_v2_0> failed -19?
[    7.738880] amdgpu 0000:00:01.0: amdgpu: Fatal error during GPU init?
[    7.745424] amdgpu 0000:00:01.0: amdgpu: amdgpu: finishing device.?
[    7.751984] ahci 0000:00:14.2: version 3.0?
[    7.756216] ahci 0000:00:14.2: probe with driver ahci failed with error -12?
[    7.762788] usb 1-1.3: new low-speed USB device number 3 using xhci_aeolia?
[    7.763446] ps4-power: reboot_notifier installed ????????? ICC cmd 04/0004 on SYS_POWER_OFF?
[    7.778429] printk: legacy console [netcon0] enabled?
[    7.783534] netconsole: network logging started?
[    7.788338] cfg80211: Loading compiled-in X.509 certificates for regulatory database?
[    7.797593] Loaded X.509 cert 'sforshee: 00b28ddf47aef9cea7'?
[    7.804013] Loaded X.509 cert 'wens: 61c038651aabdcf94bd0ac7ff06c7248db18c600'?
[    7.811453] clk: Disabling unused clocks?
[    7.815552] platform regulatory.0: Direct firmware load for regulatory.db failed with error -2?
[    7.815994] ALSA device list:?
[    7.824349] cfg80211: failed to load regulatory.db?
[    7.832347]   #0: HD-Audio Generic at 0xe4840000 irq 4?
[    7.838704] Freeing unused kernel image (initmem) memory: 1624K?
[    7.844875] Write protecting the kernel read-only data: 34816k?
[    7.851716] Freeing unused kernel image (text/rodata gap) memory: 1108K?
[    7.859241] Freeing unused kernel image (rodata/data gap) memory: 1456K?
[    7.866064] rodata_test: all tests were successful?
[    7.871007] Run /init as init process?
[    7.874774]   with arguments:?
[    7.877823]     /init?
[    7.880153]   with environment:?
[    7.883382]     HOME=/?
[    7.885808]     TERM=linux?
[    7.943998] [wlan][83]wlanAccessRegisterStatus:(INIT ERROR) wlanAccessRegisterStatus: incorrect ucEID. ucSetQuery = 0x0?
[    7.955028] [wlan][83]wlanAccessRegister:(INIT ERROR) Event reports address incorrect. 0x80021000, 0x00000000.?
[    7.965239] [wlan][83]wlanSetChipEcoInfo:(INIT ERROR) wlanSetChipEcoInfo >> get TOP_HVR failed.?
[    7.974331] mt76x8-mt6632_sdio mmc0:0001:1: Direct firmware load for mt7668_patch_e0_hdr.bin failed with error -2?
[    7.984839] [wlan][83]kalFirmwareOpen:(INIT ERROR) Request FW image failed! Cur/Max ECO Ver[E0/E1]?
[    7.993993] [wlan][83]wlanDownloadPatch:(INIT WARN) FW[2] load error!?
[    8.010859] [wlan][83]wlanImageSectionDownloadStage:(INIT ERROR) Firmware download configuration failed!?
[    8.020827] mt76x8-mt6632_sdio mmc0:0001:1: probe with driver mt76x8-mt6632_sdio failed with error -1?
[    8.031191] usb 1-1.3: New USB device found, idVendor=04f3, idProduct=152e, bcdDevice=1c.02?
[    8.039720] usb 1-1.3: New USB device strings: Mfr=1, Product=2, SerialNumber=0?
[    8.047186] usb 1-1.3: Product: Gaming KB?
[    8.051286] usb 1-1.3: Manufacturer: Gaming KB?
[    8.135664] input: Gaming KB Gaming KB as /devices/pci0000:00/0000:00:14.7/usb1/1-1/1-1.3/1-1.3:1.0/0003:04F3:152E.0001/input/input3?
[    8.178045] hid-generic 0003:04F3:152E.0001: input,hidraw0: USB HID v1.11 Keyboard [Gaming KB Gaming KB] on usb-0000:00:14.7-1.3/input0?
[    8.214403] input: Gaming KB Gaming KB Consumer Control as /devices/pci0000:00/0000:00:14.7/usb1/1-1/1-1.3/1-1.3:1.1/0003:04F3:152E.0002/input/input4?
[    8.228325] input: Gaming KB Gaming KB System Control as /devices/pci0000:00/0000:00:14.7/usb1/1-1/1-1.3/1-1.3:1.1/0003:04F3:152E.0002/input/input5?
[    8.242034] input: Gaming KB Gaming KB Keyboard as /devices/pci0000:00/0000:00:14.7/usb1/1-1/1-1.3/1-1.3:1.1/0003:04F3:152E.0002/input/input6?
[    8.255224] input: Gaming KB Gaming KB as /devices/pci0000:00/0000:00:14.7/usb1/1-1/1-1.3/1-1.3:1.1/0003:04F3:152E.0002/input/input7?
[    8.267729] hid-generic 0003:04F3:152E.0002: input,hiddev96,hidraw1: USB HID v1.11 Keyboard [Gaming KB Gaming KB] on usb-0000:00:14.7-1.3/input1?
[    8.491639] scsi 1:0:0:0: Direct-Access     Kingston DataTraveler 3.0 0000 PQ: 0 ANSI: 6?
[    8.500223] sd 1:0:0:0: Attached scsi generic sg0 type 0?
[    8.502261] sd 1:0:0:0: [sda] 242155520 512-byte logical blocks: (124 GB/115 GiB)?
[    8.513812] sd 1:0:0:0: [sda] Write Protect is off?
[    8.518703] sd 1:0:0:0: [sda] Mode Sense: 23 00 00 00?
[    8.524073] sd 1:0:0:0: [sda] Write cache: disabled, read cache: enabled, doesn't support DPO or FUA?
[    8.546896] usb 1-1.4: new low-speed USB device number 4 using xhci_aeolia?
[    8.555652]  sda: sda1 sda2?
[    8.558816] sd 1:0:0:0: [sda] Attached SCSI removable disk?
[    8.737190] usb 1-1.4: New USB device found, idVendor=0000, idProduct=3825, bcdDevice= 1.00?
[    8.745736] usb 1-1.4: New USB device strings: Mfr=0, Product=1, SerialNumber=0?
[    8.753189] usb 1-1.4: Product:  USB OPTICAL MOUSE?
[    8.806381] input:  USB OPTICAL MOUSE as /devices/pci0000:00/0000:00:14.7/usb1/1-1/1-1.4/1-1.4:1.0/0003:0000:3825.0003/input/input8?
[    8.818809] hid-generic 0003:0000:3825.0003: input,hidraw2: USB HID v1.11 Mouse [ USB OPTICAL MOUSE] on usb-0000:00:14.7-1.4/input0?
[   18.076717] EXT4-fs (sda2): recovery complete?
[   18.082334] EXT4-fs (sda2): mounted filesystem 116ef654-f297-4253-98fc-1ca455c1d9fe r/w with ordered data mode. Quota mode: disabled.?
[   18.325105] systemd[1]: System time advanced to timestamp on /var/lib/systemd/timesync/clock: Tue 2026-05-12 14:46:44 UTC?
[   18.376708] systemd[1]: systemd 259.3-1-arch running in system mode (+PAM +AUDIT -SELINUX +APPARMOR -IMA +IPE +SMACK +SECCOMP +GCRYPT +GNUTLS +OPENSSL +ACL +BLKID +CURL +ELFUTILS +FIDO2 +IDN2 -IDN +KMOD +LIBCRYPTSETUP +LIBCRYPTSETUP_PLUGINS +LIBFDISK +PCRE2 +PWQUALITY +P11KIT +QRENCODE +TPM2 +BZIP2 +LZ4 +XZ +ZLIB +ZSTD +BPF_FRAMEWORK +BTF +XKBCOMMON +UTMP -SYSVINIT +LIBARCHIVE)?
[   18.410851] systemd[1]: Detected architecture x86-64.?
[   18.429595] systemd[1]: Hostname set to <archlinux>.?
[   18.500485] systemd[1]: bpf-restrict-fs: BPF LSM hook not enabled in the kernel, BPF LSM not supported.?
[   19.170093] zram: Added device: zram0?
[   19.179937] zram_generator::generator[188]: modprobe "crypto-zstd" failed, ignoring: code exit status: 1?
[   19.604722] systemd[1]: Queued start job for default target Multi-User System.?
[   20.503196] systemd[1]: Created slice Slice /system/dirmngr.?
[   20.515133] systemd[1]: Created slice Slice /system/getty.?
[   20.527009] systemd[1]: Created slice Slice /system/gpg-agent.?
[   20.539205] systemd[1]: Created slice Slice /system/gpg-agent-browser.?
[   20.551932] systemd[1]: Created slice Slice /system/gpg-agent-extra.?
[   20.564484] systemd[1]: Created slice Slice /system/gpg-agent-ssh.?
[   20.576609] systemd[1]: Created slice Slice /system/keyboxd.?
[   20.588504] systemd[1]: Created slice Slice /system/modprobe.?
[   20.600170] systemd[1]: Created slice Slice /system/systemd-zram-setup.?
[   20.612507] systemd[1]: Created slice User and Session Slice.?
[   20.618805] systemd[1]: Started Dispatch Password Requests to Console Directory Watch.?
[   20.627129] systemd[1]: Started Forward Password Requests to Wall Directory Watch.?
[   20.635478] systemd[1]: Set up automount Arbitrary Executable File Formats File System Automount Point.?
[   20.645220] systemd[1]: Expecting device /dev/zram0...?
[   20.650587] systemd[1]: Reached target Local Encrypted Volumes.?
[   20.656787] systemd[1]: Reached target Image Downloads.?
[   20.662247] systemd[1]: Reached target Local Integrity Protected Volumes.?
[   20.669360] systemd[1]: Reached target Path Units.?
[   20.674390] systemd[1]: Reached target Remote Encrypted Volumes.?
[   20.680688] systemd[1]: Reached target Remote File Systems.?
[   20.686494] systemd[1]: Reached target Remote Integrity Protected Volumes.?
[   20.693627] systemd[1]: Reached target Remote Verity Protected Volumes.?
[   20.700489] systemd[1]: Reached target Slice Units.?
[   20.705647] systemd[1]: Reached target Local Verity Protected Volumes.?
[   20.712646] systemd[1]: Listening on Device-mapper event daemon FIFOs.?
[   20.723797] systemd[1]: Listening on Query the User Interactively for a Password.?
[   20.742264] systemd[1]: Listening on Process Core Dump Socket.?
[   20.751377] systemd[1]: Listening on Credential Encryption/Decryption.?
[   20.762726] systemd[1]: Listening on Factory Reset Management.?
[   20.773338] systemd[1]: Listening on Journal Audit Socket.?
[   20.779331] systemd[1]: Listening on Journal Socket (/dev/log).?
[   20.785736] systemd[1]: Listening on Journal Sockets.?
[   20.791191] systemd[1]: Listening on DDI File System Mounter Socket.?
[   20.802737] systemd[1]: Listening on Console Output Muting Service Socket.?
[   20.810267] systemd[1]: Listening on Network Management Resolve Hook Socket.?
[   20.817963] systemd[1]: Listening on Network Management Varlink Socket.?
[   20.825139] systemd[1]: Listening on Network Management Netlink Socket.?
[   20.832193] systemd[1]: Listening on Namespace Resource Manager Socket.?
[   20.839113] systemd[1]: TPM PCR Measurements skipped, unmet condition check ConditionSecurity=measured-uki?
[   20.849027] systemd[1]: Make TPM PCR Policy skipped, unmet condition check ConditionSecurity=measured-uki?
[   20.861820] systemd[1]: Listening on Disk Repartitioning Service Socket.?
[   20.868979] systemd[1]: Listening on Resolve Monitor Varlink Socket.?
[   20.875720] systemd[1]: Listening on Resolve Service Varlink Socket.?
[   20.882529] systemd[1]: Listening on udev Control Socket.?
[   20.888283] systemd[1]: Listening on udev Kernel Socket.?
[   20.893982] systemd[1]: Listening on udev Varlink Socket.?
[   20.899785] systemd[1]: Listening on User Database Manager Socket.?
[   20.913399] systemd[1]: Mounting Huge Pages File System...?
[   20.926034] systemd[1]: Mounting POSIX Message Queue File System...?
[   20.955682] systemd[1]: Mounting Kernel Debug File System...?
[   20.962102] systemd[1]: Kernel Trace File System skipped, unmet condition check ConditionPathExists=/sys/kernel/tracing?
[   20.973479] systemd[1]: Create List of Static Device Nodes skipped, unmet condition check ConditionFileNotEmpty=/lib/modules/6.15.4-Baikal_TESTING_crashniels-dirty/modules.devname?
[   20.990034] systemd[1]: Load Kernel Module configfs skipped, unmet condition check ConditionKernelModuleLoaded=!configfs?
[   21.007590] systemd[1]: Mounting Kernel Configuration File System...?
[   21.014295] systemd[1]: Load Kernel Module drm skipped, unmet condition check ConditionKernelModuleLoaded=!drm?
[   21.031258] systemd[1]: Starting Load Kernel Module efi_pstore...?
[   21.037897] systemd[1]: Load Kernel Module fuse skipped, unmet condition check ConditionKernelModuleLoaded=!fuse?
[   21.055097] systemd[1]: Mounting FUSE Control File System...?
[   21.061274] systemd[1]: Clear SysFail Entry If The Boot Is Successful skipped, unmet condition check ConditionPathExists=/sys/firmware/efi/efivars/LoaderEntrySysFail-4a67b082-0a4c-41cf-b6c7-440b29bb8c4f?
[   21.079857] systemd[1]: File System Check on Root Device skipped, unmet condition check ConditionPathIsReadWrite=!/?
[   21.090673] systemd[1]: Clear Stale Hibernate Storage Info skipped, unmet condition check ConditionPathExists=/sys/firmware/efi/efivars/HibernateLocation-8cf2644b-4b0b-428f-9387-6d876050dc67?
[   21.108668] systemd[1]: systemd-journald.service: unit configures an IP firewall, but the local system does not support BPF/cgroup firewalling.?
[   21.121807] systemd[1]: systemd-journald.service: (This warning is only shown for the first unit using IP firewalling.)?
[   21.139407] systemd[1]: Starting Journal Service...?
[   21.153506] systemd[1]: Starting Load Kernel Modules...?
[   21.165717] systemd[1]: Starting Generate Network Units from Kernel Command Line...?
[   21.173997] systemd[1]: TPM PCR Machine ID Measurement skipped, unmet condition check ConditionSecurity=measured-uki?
[   21.184916] systemd[1]: TPM NvPCR Product ID Measurement skipped, unmet condition check ConditionSecurity=measured-uki?
[   21.202778] systemd[1]: Starting Remount Root and Kernel File Systems...?
[   21.216822] systemd[1]: Starting Create Static Device Nodes in /dev gracefully...?
[   21.224849] systemd[1]: Early TPM SRK Setup skipped, unmet condition check ConditionSecurity=measured-uki?
[   21.230856] systemd-journald[412]: Collecting audit messages is enabled.?
[   21.241548] systemd[1]: Starting Load udev Rules from Credentials...?
[   21.260392] systemd[1]: Starting Coldplug All udev Devices...?
[   21.304263] EXT4-fs (sda2): re-mounted 116ef654-f297-4253-98fc-1ca455c1d9fe.?
[   21.468474] systemd[1]: Mounted Huge Pages File System.?
[   21.474304] systemd[1]: Mounted POSIX Message Queue File System.?
[   21.480857] systemd[1]: Mounted Kernel Debug File System.?
[   21.486779] systemd[1]: Mounted Kernel Configuration File System.?
[   21.493697] systemd[1]: modprobe@efi_pstore.service: Deactivated successfully.?
[   21.506320] systemd[1]: Finished Load Kernel Module efi_pstore.?
[   21.512696] audit: type=1130 audit(1778597207.864:2): pid=1 uid=0 auid=4294967295 ses=4294967295 msg='unit=modprobe@efi_pstore comm="systemd" exe="/usr/lib/systemd/systemd" hostname=? addr=? terminal=? res=success'?
[   21.522827] systemd[1]: Mounted FUSE Control File System.?
[   21.532187] audit: type=1131 audit(1778597207.864:3): pid=1 uid=0 auid=4294967295 ses=4294967295 msg='unit=modprobe@efi_pstore comm="systemd" exe="/usr/lib/systemd/systemd" hostname=? addr=? terminal=? res=success'?
[   21.562814] systemd[1]: Finished Load Kernel Modules.?
[   21.568195] audit: type=1130 audit(1778597207.920:4): pid=1 uid=0 auid=4294967295 ses=4294967295 msg='unit=systemd-modules-load comm="systemd" exe="/usr/lib/systemd/systemd" hostname=? addr=? terminal=? res=success'?
[   21.587948] systemd[1]: Finished Generate Network Units from Kernel Command Line.?
[   21.595970] audit: type=1130 audit(1778597207.948:5): pid=1 uid=0 auid=4294967295 ses=4294967295 msg='unit=systemd-network-generator comm="systemd" exe="/usr/lib/systemd/systemd" hostname=? addr=? terminal=? res=success'?
[   21.602697] systemd[1]: Finished Remount Root and Kernel File Systems.?
[   21.623037] audit: type=1130 audit(1778597207.975:6): pid=1 uid=0 auid=4294967295 ses=4294967295 msg='unit=systemd-remount-fs comm="systemd" exe="/usr/lib/systemd/systemd" hostname=? addr=? terminal=? res=success'?
[   21.642599] systemd[1]: Finished Load udev Rules from Credentials.?
[   21.649136] audit: type=1130 audit(1778597208.001:7): pid=1 uid=0 auid=4294967295 ses=4294967295 msg='unit=systemd-udev-load-credentials comm="systemd" exe="/usr/lib/systemd/systemd" hostname=? addr=? terminal=? res=success'?
[   21.670456] systemd[1]: Started Journal Service.?
[   21.675603] audit: type=1130 audit(1778597208.027:8): pid=1 uid=0 auid=4294967295 ses=4294967295 msg='unit=systemd-journald comm="systemd" exe="/usr/lib/systemd/systemd" hostname=? addr=? terminal=? res=success'?
[   21.748691] systemd-journald[412]: Received client request to flush runtime journal.?
[   21.756994] audit: type=1130 audit(1778597208.109:9): pid=1 uid=0 auid=4294967295 ses=4294967295 msg='unit=modprobe@tun comm="systemd" exe="/usr/lib/systemd/systemd" hostname=? addr=? terminal=? res=success'?
[   21.775909] systemd-journald[412]: File /var/log/journal/0858cdb2b55a4b79b6d5ddbb93f48e94/system.journal corrupted or uncleanly shut down, renaming and replacing.?
[   21.775917] audit: type=1131 audit(1778597208.109:10): pid=1 uid=0 auid=4294967295 ses=4294967295 msg='unit=modprobe@tun comm="systemd" exe="/usr/lib/systemd/systemd" hostname=? addr=? terminal=? res=success'?
[   21.810118] audit: type=1130 audit(1778597208.162:11): pid=1 uid=0 auid=4294967295 ses=4294967295 msg='unit=systemd-random-seed comm="systemd" exe="/usr/lib/systemd/systemd" hostname=? addr=? terminal=? res=success'?
[   23.058142] zram0: detected capacity change from 0 to 3145728?
[   23.058668] sky2 0000:00:14.1 enp0s20f1: renamed from eth0?
[   23.176266] Adding 1572860k swap on /dev/zram0.  Priority:100 extents:1 across:1572860k SSDsc?
[   25.395411] sky2 0000:00:14.1: bpcie_msi_write_msg(fee04000, 00000024) mask=0x0 irq=1 hwirq=0x0 00000000a588d260?
[   25.405811] baikal_pcie 0000:00:14.4: bpcie_config_msi: func=1 subfunc=0 addr=fee04000 data=00000024?
[   25.415134] sky2 0000:00:14.1: bpcie_msi_write_msg(fee04000, 00000024) mask=0x0 irq=1 hwirq=0x0 00000000a588d260?
[   25.425506] baikal_pcie 0000:00:14.4: bpcie_config_msi: func=1 subfunc=0 addr=fee04000 data=00000024?
[   25.435011] sky2 0000:00:14.1 enp0s20f1: enabling interface?
[   27.434813] systemd-journald[412]: File /var/log/journal/0858cdb2b55a4b79b6d5ddbb93f48e94/user-1000.journal corrupted or uncleanly shut down, renaming and replacing.?
[   27.580252] kauditd_printk_skb: 47 callbacks suppressed?
[   27.580262] audit: type=1130 audit(1778597213.932:55): pid=1 uid=0 auid=4294967295 ses=4294967295 msg='unit=user@1000 comm="systemd" exe="/usr/lib/systemd/systemd" hostname=? addr=? terminal=? res=success'?
[   27.618036] audit: type=1105 audit(1778597213.970:56): pid=748 uid=0 auid=1000 ses=1 msg='op=PAM:session_open grantors=pam_loginuid,pam_keyinit,pam_systemd_home,pam_limits,pam_unix,pam_permit,pam_lastlog2,pam_mail,pam_umask,pam_systemd,pam_env acct="ps4" exe="/usr/bin/login" hostname=archlinux addr=? terminal=/dev/tty1 res=success'?
[   27.648076] audit: type=1110 audit(1778597213.970:57): pid=748 uid=0 auid=1000 ses=1 msg='op=PAM:setcred grantors=pam_shells,pam_faillock,pam_permit,pam_env,pam_faillock acct="ps4" exe="/usr/bin/login" hostname=archlinux addr=? terminal=/dev/tty1 res=success'?
[   27.864709] audit: type=1130 audit(1778597214.216:58): pid=1 uid=0 auid=4294967295 ses=4294967295 msg='unit=rtkit-daemon comm="systemd" exe="/usr/lib/systemd/systemd" hostname=? addr=? terminal=? res=success'?
[   28.154775] audit: type=1130 audit(1778597214.506:59): pid=1 uid=0 auid=4294967295 ses=4294967295 msg='unit=polkit comm="systemd" exe="/usr/lib/systemd/systemd" hostname=? addr=? terminal=? res=success'?
[   29.193704] audit: type=1131 audit(1778597215.545:60): pid=1 uid=0 auid=4294967295 ses=4294967295 msg='unit=systemd-rfkill comm="systemd" exe="/usr/lib/systemd/systemd" hostname=? addr=? terminal=? res=success'?
[   35.508515] audit: type=1131 audit(1778597221.860:61): pid=1 uid=0 auid=4294967295 ses=4294967295 msg='unit=NetworkManager-dispatcher comm="systemd" exe="/usr/lib/systemd/systemd" hostname=? addr=? terminal=? res=success'?
[   55.243520] audit: type=1131 audit(1778597241.595:62): pid=1 uid=0 auid=4294967295 ses=4294967295 msg='unit=systemd-hostnamed comm="systemd" exe="/usr/lib/systemd/systemd" hostname=? addr=? terminal=? res=success'?
