D/88391:?
D/88391:CUSA02012?
DBG AutoMounter(checkSpecAndHub 494):?
	device(/dev/da1) is SUPER_SPEED.?
DBG AutoMounter(checkSpecAndHub 504):?
	deviceFilePath[/dev/da1] is connected to the USB port in general?
WARNING AutoMounter(bool AutoMounter::DevctlReader::UsbStartupHandler::isStartUp() 76):?
	fake implementation.?
MSG AutoMounter(void AutoMount::PsmEventNotifier::callback_connection(void **) 360):?
	Notify PsmEvent OnUsbStorageInserted?
MSG AutoMounter(int32_t _AutoMounter::UsbHandler::(anonymous namespace)::tryExfatMount(std::string, bool, std::string &, uint64_t *, uint64_t *, uint64_t *) 129):?
	device(/dev/da1p1) is mounted to /mnt/usb0 with exfat.?
DBG AutoMounter(notifyMount 435):?
	eventArg.additionalFeatures[0x2040].?
MSG AutoMounterMelUtil(void sceAutomounterMelUtil::callbackMountAll(void **) 279):?
		device(/dev/da1p1): exfat(mediaType=0x1001) is mounted at /mnt/usb0.?
callbackUsbStorageMountInternal()[374]: [MediaEvent] callbackUsbStorageMountInternal() devNum=0?
callbackUsbStorageMountInternal()[377]: [MediaEvent] callbackUsbStorageMountInternal() locked.?
MSG AutoMounter(void AutoMount::PsmEventNotifier::callback_mount(void **) 270):?
	Notify PsmEvent OnUsbStorageMounted?
MSG AutoMounterWrapper(void callbackUsbMount(SceUsbStorageEventDatas *, void *) 102):?
	DeviceId=0x311fbb98?
?
[SceLncUtil] blockAppSuspend: name={SceSaveData}, appId={0x60000100}, refCount={1}?
[SceLncUtil] unblockAppSuspend: name={SceSaveData}, appId={0x60000100}, refCount={0}?
D/88391:?
D/88391:AZIF00003?
DBG AutoMounter(checkSpecAndHub 494):?
	device(/dev/da1) is SUPER_SPEED.?
DBG AutoMounter(checkSpecAndHub 504):?
	deviceFilePath[/dev/da1] is connected to the USB port in general?
WARNING AutoMounter(bool AutoMounter::DevctlReader::UsbStartupHandler::isStartUp() 76):?
	fake implementation.?
MSG AutoMounter(void AutoMount::PsmEventNotifier::callback_connection(void **) 360):?
	Notify PsmEvent OnUsbStorageInserted?
MSG AutoMounter(int32_t AutoMounter::Util::checkFsFormat(const char *, uint32_t *) 888):?
	device(/dev/da1p2) has unknown format(0).?
MSG AutoMounter(int32_t _AutoMounter::UsbHandler::(anonymous namespace)::_mountFileSystem(std::string, bool, std::string &, uint32_t *, uint64_t *, uint64_t *, uint64_t *) 542):?
	/dev/da1p2 has unknown format.?
MSG AutoMounter(int32_t _AutoMounter::UsbHandler::requestMount(const char *, bool) 763): _mountFileSystem(deviceFilePath, false, mountPoint, &fsFormatType, &space, &freeSpace, &availableSpace) returned 0x80f4001c.?
MSG AutoMounter(int32_t _AutoMounter::UsbHandler::(anonymous namespace)::_acquireEncryptDevice(std::string, uint32_t *, uint32_t *, std::string &, uint64_t *) 592):?
	device(/dev/da1p2) is not qualified for encrypt device. ng_capability(0x12)?
verify_metadata: sceSblExternalHDDVerifyMetadata(0) failed 800f0435?
MSG AutoMounter(int32_t _AutoMounter::UsbHandler::(anonymous namespace)::checkEncryption(std::string, bool *) 347):?
	sceFsExternalStorageVerifyMetadata(/dev/da1p2) returned 0x80020050. device is not encrypted.?
MSG AutoMounter(int32_t _AutoMounter::UsbHandler::requestMount(const char *, bool) 795): _acquireEncryptDevice(deviceFilePath, &encryptDeviceFormat, &encryptDeviceStatus, encryptDeviceFilePath, &encryptDeviceId) returned 0x80f4001a.?
DBG AutoMounter(notifyMount 435):?
	eventArg.additionalFeatures[0x2000].?
MSG AutoMounter(void AutoMount::PsmEventNotifier::callback_mount(void **) 270):?
	Notify PsmEvent OnUsbStorageMounted?
MSG AutoMounter(int32_t AutoMounter::DevctlReader::handleCreateUsbDevice(const char *) 174): AutoMounter::UsbHandler::requestMount(deviceFilePath.c_str(), true) returned 0x80f4001a.?
D/88391:?
D/88391:NPXS20123?
[UIProcess] malloc stats freeSize:41555168 (99%) inuseSize:387872 peakSize:390944 [pid:0x46]?
[ShellUI][SharedWebView][BVT] OnNotifyDidFinishLoading : 20481 ms?
[ShellUI][SharedWebView][BVT] OnFinishedLoad : 20593 ms?
[ShellUI][SharedWebView][BVT] OnNotifyDidFinishLoading : 20612 ms?
[PIG]I-_OrbisCheckSystemRuntimeCompile:63 - Runtime shader compilation disabled in Target Manager?
[INFO] Using builtin ESSL shaders?
[ShellUI][SharedWebView][BVT] OnNotifyDidFinishLoading : 21429 ms?
[SceShellUI] I/PSM.UI : ----- WebView Created AC CanvasTexture2D -----2 (1920:1080)?
D/88391:?
D/88391:AZIF00003?
[SceLncService] launchApp(AZIF00003)?
[SceLncService] category={gde} VRMode={0,0}?
[SceLncService] hnm,psnf,pc,tk,ns={0,0,0,0,0} appBootMode={0}?
[SceLncService] appType={SCE_LNC_APP_TYPE_MINI_APP} [] appVer={0.98}?
[SceLncService] mem_mode = {NORMAL}?
[SceLncService] Num. of logged-in users is 1?
[SceLncService] PrepareProcessLaunchDirCheck()?
[SceLncService] PrepareProcessLaunchDirCheck() returned?
[SceSystemStateMgr] Power Mode Change: FULL_GAME?
[ScePatchChecker] (*) check (title_id='AZIF00003', app_version='0.98', check_option=0): status=0, trigger=1 userId=0xffffffff return 0x80412883?
[SceSystemStateMgr] CPU  HLT CP SE CU ACLK DCLK ECLK LCLK SCLK SAMCLK VCLK DispCLK NCLK MemCLK MemP GMC DPM VDD      VDDNB    SOC      ?
[SceSystemStateMgr] 1600   0 NA  0 18  800  673  609  800  800    711  711     673 1400   1375   NA  NA   3 05b/975  05d/956  00710fa0?
[SceLncService] PrepareProcessLaunchDir()?
[ScePatchChecker] check (title_id='AZIF00003', app_version='0.98', check_option=0): status=0, dl_status=0, trigger=1 userId=0xffffffff return 0x80412883?
[SceShellUI] I/PSM.UI : OnFocusActiveSceneChanged [ContentAreaScene : ContentAreaScene] -> [SplashScreen : SplashScreenScene]?
[SceShellUI] I/PSM.UI :      Scene [SplashScreen : SplashScreenScene] : Alive?
SetDeviceIndexBehavior: mode=MergeAllConnectedDevice, param=null?
[Theme/I] : ActiveUserChanged : From : [BLUE(userId = 1ab07dc7)]?
[Theme/I] : ActiveUserChanged : To   : [ANONYMOUS(userId = ffffffff)]?
[Theme/I] : Apply [ANONYMOUS] : [Option:101000]: with not preloaded user?
[BGFT] [571] GameStartBoot(AZIF00003, 7) start?
[BGFT] [573] GameStartBoot(AZIF00003, 7) end?
[PFS] mount [0x000011e153619e71] finished 1 1 1 1 0 1 1?
[PFS] mount [0x000011e15361ff4d] finished 1 0 0 1 0 1 1?
[BGFT] [606] GameWillStart(AZIF00003, 7) start?
[BGFT] [608] GameWillStart(AZIF00003, 7) end?
[SceLncService] PrepareProcessLaunchDir() returned?
[SceLncService] spawnApp?
[Syscore App] createApp AZIF00003?
[Sy[score App]  ExpandCpuSetMode : disable?
[Syscore App] processSpawn(pid, 0x6000100c, 0x1100c170, appParam, processParam, 1, 1, 1, param, debug, 0)?
[Syscore App] appParam: appType = 0x1, rootPath = /mnt/sandbox/AZIF00003_000, titleId = AZIF00003?
[Syscore App] processParam: elfPath = /app0/eboot.bin, fullPath = /mnt/sandbox/pfsmnt/AZIF00003-app0-patch0-union/eboot.bin?
[Syscore App] new pid=0x4b[Syscore App] attributeExe= 0?
[Syscore App] Ready to exec?
[Syscore App] wait for NOTE_EXIT|NOTE_EXEC?
KERNEL] dmem_start_app_process pid: 75, map=0xffffef1007748ed0, app_maps_count[1], 0 -> 1?
[Syscore App] Add event : pid=0xm4b?
[AppMgr Trace]: New Process, pid=0x4b, created.?
[AppMgr Trace]: New App, appId=0x6000100c, created?
[SyscorDe App]  ExpandCpuSetMode : disable?
BG: Process 75 untraced!?
<75> EXEC /app0/eboot.bin [system], vm#0, dmem#0  <190594 msec>?
[AppDb] openDb()[1063]: [File:Open] openDb() call dbutil::Connection::Open() path[/EuhA8qtOzJ/priv/mms/app.db] flags[0x10000002] result[0x0, 0]?
[AppDb] AppInfoDbInitializeDaemon()[54]: [File:Open] AppInfoDbInitializeDaemon() call DbAccessor::Init() path[/EuhA8qtOzJ/priv/mms/app.db] result[0x0, 0].?
[AppDb] AppInfoDbTerminateDaemon()[67]: [File:Close] AppInfoDbTerminateDaemon() call DbAccessor::Terminate().?
[AppDb] Terminate()[768]: [File:Close] DbAccessor::Terminate() call dbutil::Connection::Close().?
[GoldHEN] <Plugins Loader> Started successfully?
[GoldHEN] <Plugins Loader> Config parser failed to parse config: /data/GoldHEN/plugins.ini?
[SL] AppFocusChanged [NPXS20001] -> [AZIF00003]?
[VCS]checkFocusStatus() [LNC->VCS] Focus Change. appType = 4(MINI_APP). appId = 0x6000100c.?
(../game_patch/source/main.cpp:354) [GoldHEN] <game_patch\Ver.0x00000110> module_start?
(../game_patch/source/main.cpp:355) [GoldHEN] Plugin Author(s): illusion?
(../game_patch/source/main.cpp:356) Commit: caacf01174654235459d48ab9d0b9e00a588b300 Branch: main Build: 188 (Release)?
(../game_patch/source/main.cpp:356) Built: May 27 2023 @ 04:49:25?
(../game_patch/source/main.cpp:356) GoldHEN SDK Ver: 0x00000100?
(../game_patch/source/main.cpp:356) GoldHEN System SDK Ver: 0xffffffff?
(../game_patch/source/main.cpp:324) numModules: 5?
(../game_patch/source/main.cpp:328) ret 0x0?
(../game_patch/source/main.cpp:329) module 0?
(../game_patch/source/main.cpp:330) name: eboot.bin?
(../game_patch/source/main.cpp:331) start: 0x400000?
(../game_patch/source/main.cpp:332) size: 49152 (0xc000)?
(../game_patch/source/main.cpp:365) Module start: 0x400000 0xc000?
(../game_patch/source/main.cpp:371) process info?
(../game_patch/source/main.cpp:371) pid: 75?
(../game_patch/source/main.cpp:371) name: eboot.bin?
(../game_patch/source/main.c?pp:371) path: /app0/eboot.bin?
(../game_patch/source/main.cpp:371) titleid: AZIF00003?
(../game_patch/source/main.cpp:371) contentid: IV0000-AZIF00003_00-PAYLOADGUEST0000?
(../game_patch/source/main.cpp:371) version: 0.98?
(../game_patch/source/main.cpp:371) base_address: 0x400000?
(../game_patch/source/main.cpp:130) file /data/GoldHEN/patches/xml/AZIF00003.xml not found?
[32m[Info ] src/ChainLauncher.c:22: Loading "/app0/guest.elf"?[0m?
[SceLncService] tryLockSuspendBl[ock: appId={0x6000100c}?
[Syscore App] Kill for LoadExec(0x4b)?
KERNEL] dmem_handle_vmspace_exited pid: 75, ptype=1, 0xffffef1007748ed0->pt_loaded is TRUE?
[KERNEL] dmem_handle_vmspace_exited map #0 0xffffffffffffffff?
[KERNEL] dmem_handle_vmspace_exited pid: 75, app_maps_count[1], 1 -> 0?
[Syscore App] EVFILT_PROC NOTE_EXIT received : pid=0x4b?
[Syscore App] Kill for LoadExec(0x4b) => 0?
[Syscore App] process delete event : pid=0x4b?
[AppMgr Trace]: pid=0x4b, deleted.?
[Syscore App] Syscore Event Queue Push : SCE_SYSCORE_EVENT_ON_PROCESS_UNLOADED?
[AppMgr] All processes exited, ready for next spawn?
[AppMgr] Executing next spawn?
[Syscore App]  ExpandCpuSetMode : disable?
[Syscore App] Syscore Event Queue Pop : SCE_SYSCORE_EVENT_ON_PROCESS_UNLOADED?
[Syscore App] processSpawn(pid, 0x6000100c, 0x1100c180, appParam, processParam, 1, 1, 1, param, debug, 1)?
[Syscore App] appParam: appType = 0x1, rootPath = /mnt/sandbox/AZIF00003_000, titleId = AZIF00003?
[Syscore App] processParam: elfPath = /app0/guest.elf, fullPath = /mnt/sandbox/pfsmnt/AZIF00003-app0-patch0-union/eboot.bin?
[Syscore App] new pid=0x4c[Syscore App] attributeExe= 0?
[Syscore App] Ready to exec?
[Syscore App] wait for NOTE_EXIT|NOTE_EXEC?
[KERNEL] dmem_start_app_process pid: 76, map=0xffffef1007748c58, app_maps_count[1], 0 -> 1?
[Syscore App] Add event : pid=0xm4c?
[SceLncService] unlockSuspendBlock: appId={0x6000100c}?
DBG: Process 76 untraced!?
<76> EXEC /app0/guest.elf [system], vm#0, dmem#0  <191152 msec>?
[GoldHEN] <Plugins Loader> Started successfully?
[GoldHEN] <Plugins Loader> Config parser failed to parse config: /data/GoldHEN/plugins.ini?
(../game_patch/source/main.cpp:354) [GoldHEN] <game_patch\Ver.0x00000110> module_start?
(../game_patch/source/main.cpp:355) [GoldHEN] Plugin Author(s): illusion?
(../game_patch/source/main.cpp:356) Commit: caacf01174654235459d48ab9d0b9e00a588b300 Branch: main Build: 188 (Release)?
(../game_patch/source/mai?n.cpp:356) Built: May 27 2023 @ 04:49:25?
(../game_patch/source/main.cpp:356) GoldHEN SDK Ver: 0x00000100?
(../game_patch/source/main.cpp:356) GoldHEN System SDK Ver: 0xffffffff?
(../game_patch/source/main.cpp:324) numModules: 5?
(../game_patch/source/main.cpp:328) ret 0x0?
(../game_patch/source/main.cpp:329) module 0?
(../game_patch/source/main.cpp:330) name: guest.elf?
(../game_patch/source/main.cpp:331) start: 0x400000?
(../game_patch/source/main.cpp:332) size: 851968 (0xd0000)?
(../game_patch/source/main.cpp:365) Module start: 0x400000 0xd0000?
(../game_patch/source/main.cpp:371) process info?
(../game_patch/source/main.cpp:371) pid: 76?
(../game_patch/source/main.cpp:371) name: guest.elf?
(../game_patch/source/main.cpp:371) path: /app0/guest.elf?
(../game_patch/source/main.cpp:371) titleid: AZIF00003?
(../game_patch/source/main.cpp:371) contentid: IV0000-AZIF00003_00-PAYLOADGUEST0000?
(../game_patch/source/main.cpp:371) version: 0.98?
(../game_patch/source/main.cpp:371) base_address: 0x400000?
(../game_patch/source/main.cpp:130) file /data/GoldHEN/patches/xml/AZIF00003.xml not found?
error: 0x80020002**** Base Mode ****?
[36m[Debug] src/App.cpp:29: Initialize Language...?[0m?
?[36m[Debug] src/App.cpp:31: Initialize Controller...?[0m?
[mbus] onNewClie?nt. clientNum 10 over 8?
[36m[Debug] src/App.cpp:33: Initialize Graphics...?[0m?
?[36m[Debug] src/Graphics.cpp:89: Handle is 1309737216 (0x4e110100)?[0m?
?[36m[Debug] src/Graphics.cpp:181: DirectMemOff: 0x200000?[0m?
?[36m[Debug] src/Graphics.cpp:182: DirectMemAllocationSize: 0xc000000?[0m?
?[36m[Debug] src/Graphics.cpp:183: alignment: 2097152 (0x00200000)?[0m?
?[36m[Debug] src/Graphics.cpp:188: VideoMem: 0x200200000?[0m?
?[36m[Debug] src/Graphics.cpp:109: Allocating framebuffer...?[0m?
?[36m[Debug] src/Graphics.cpp:237: handle: 1309737216 (0x4e110100)?[0m?
?[36m[Debug] src/Graphics.cpp:239: flipArgLog: 0x2000041a0?[0m?
?[36m[Debug] src/Graphics.cpp:240: FrameBuffers: 0x2000042c0?[0m?
?[36m[Debug] src/Graphics.cpp:255: sceVideoOutRegisterBuffers: 0x00000000?[0m?
?[36m[Debug] src/App.cpp:35: Initialize Resource...?[0m?
?[36m[Debug] src/Graphics.cpp:627: Loading PNG...?[0m?
?[36m[Debug] src/Graphics.cpp:637: PNG Loaded!?[0m?
?[36m[Debug] src/Graphics.cpp:627: Loading PNG...?[0m?
?[36m[Debug] src/Graphics.cpp:637: PNG Loaded!?[0m?
?[36m[Debug] src/Graphics.cpp:627: Loading PNG...?[0m?
?[36m[Debug] src/Graphics.cpp:637: PNG Loaded!?[0m?
?[36m[Debug] src/Graphics.cpp:627: Loading PNG...?[0m?
?[36m[Debug] src/Graphics.cpp:637: PNG Loaded!?[0m?
?[36m[Debug] src/Graphics.cpp:627: Loading PNG...?[0m?
?[36m[Debug] src/Graphics.cpp:637: PNG Loaded!?[0m?
?[36m[Debug] src/Graphics.cpp:627: Loading PNG...?[0m?
?[36m[Debug] src/Graphics.cpp:637: PNG Loaded!?[0m?
?[36m[Debug] src/Graphics.cpp:627: Loading PNG...?[0m?
?[36m[Debug] src/Graphics.cpp:637: PNG Loaded!?[0m?
?[36m[Debug] src/App.cpp:43: Initialize the Main View...?[0m?
?[36m[Debug] src/PayloadsView.cpp:186: GeneratePayloads is called!?[0m?
?[36m[Debug] src/PayloadsView.cpp:212: Cleanup payload list...?[0m?
?[36m[Debug] src/PayloadsView.cpp:206: GeneratePayloads: Refreshed?[0m?
?[36m[Debug] src/PayloadsView.cpp:252: PayloadsView: End of constructor?[0m?
?[36m[Debug] src/App.cpp:119: Application: RUN?[0m?
[SceShellUI] I/PSM.UI : OnFocusActiveSceneChanged [SplashScreen : SplashScreenScene] -> [AppScreen : ApplicationScreenScene]?
[SceShellUI] I/PSM.UI :      Scene [AppScreen : ApplicationScreenScene] : Alive?
SetDeviceIndexBehavior: mode=MergeAllConnectedDevice, param=null?
[Theme/I] : Apply [ANONYMOUS] : [Option:101000]: with not preloaded user?
[SceShellUI] I/PSM.UI : [NoDraw] : ClearFrameBuffer=False?
?[36m[Debug] src/PayloadsView.cpp:319: Loading: /data/payloads/linux-1024mb.bin?[0m?
[GoldHEN] <binloader> accepted a new payload?
[GoldHEN] <binloader> TCP Mode?
?[36m[[GoldDHebEN] <bugi] srnlco/ader>Payload psViaylewoad.cpp rece:186i:ved [s Gienzeer: a2tePayloads is ca8l3l8ed!4?0[ 0m?- 
b?[uf36fm[Debuge]r_ size: 2src/Pay90loadsVie8w1.cp6p: 212: Cl-eanu p ipayplo:a 1d2 7list...?[.00m?
.0.1]?
[?[36Gmol[DdebHEuNg] src/P]ay <bloadinsView.loacpdp:er206> :f oGeund nanderat jailbroePken tayloads:ar Refregeshted? [0pmro?ce
ss [pid: 46]?
[GoldHEN] <binloader> launching payload... [format: BIN]?
[GoldHEN] <binloader> payload launched?
kernel_init()?
Kernel base = ffffffff99370000?
Direct map base = ffffef1000000000?
Testing global variable access (write protection)...?
OK.?
Kernel interface initialized?
Installing sys_kexec to system call #153?
kexec_init() successful?
?
sys_kexec invoked?
========================================?
PS4 Linux Payloads AIO?
FW 12.02 (1202)?
VRAM 1024 MB?
Southbridge: Baikal?
========================================?
sys_kexec(0x2009c8000, 11441152, 0x2014b4000, 4160630, "earlycon=uart8250,mmio32,0xC890E000,115200n8 console=tty0 keep_bootcon 8250.nr_uarts=0 iommu=pt intremap=off panic=10 loglevel=8 ignore_loglevel printk.devkmsg=on drm.edid_firmware=edid/1920x1080.bin video=HDMI-A-1:1920x1080@60D pci=nocrs libata.force=1.00:disable root=LABEL=psxitarch rootwait rw systemd.unit=multi-user.target systemd.log_level=info amdgpu.gpu_recovery=0 amdgpu.lockup_timeout=10000 amdgpu.gfx_off=0 amdgpu.runpm=0 amdgpu.bapm=0 amdgpu.dpm=0")?
firmware_extract: Extract lib/firmware/amdgpu/liverpool_pfp.bin ?
Copying PFP firmware?
NOP handler at 0xff0?
firmware_extract: Extract lib/firmware/amdgpu/liverpool_me.bin ?
Copying ME firmware?
firmware_extract: Extract lib/firmware/amdgpu/liverpool_ce.bin ?
Copying CE firmware?
NOP handler at 0x7f0?
firmware_extract: Extract lib/firmware/amdgpu/liverpool_mec.bin ?
Copying MEC firmware?
NOP handler at 0xff0?
firmware_extract: Extract lib/firmware/amdgpu/liverpool_mec2.bin ?
Copying MEC2 firmware?
NOP handler at 0xff0?
firmware_extract: Extract lib/firmware/amdgpu/liverpool_rlc.bin ?
Copying RLC firmware?
firmware_extract: Extract lib/firmware/amdgpu/liverpool_sdma.bin ?
Copying SDMA firmware?
firmware_extract: Extract lib/firmware/amdgpu/liverpool_sdma1.bin ?
Copying SDMA1 firmware?
?
kexec parameters:?
    Kernel image size:   11441152 bytes?
    Initramfs size:      4255366 bytes (4160630 from user)?
    Kernel command line: earlycon=uart8250,mmio32,0xC890E000,115200n8 console=tty0 keep_bootcon 8250.nr_uarts=0 iommu=pt intremap=off panic=10 loglevel=8 ignore_loglevel printk.devkmsg=on drm.edid_firmware=edid/1920x1080.bin video=HDMI-A-1:1920x1080@60D pci=nocrs libata.force=1.00:disable root=LABEL=psxitarch rootwait rw systemd.unit=multi-user.target systemd.log_level=info amdgpu.gpu_recovery=0 amdgpu.lockup_timeout=10000 amdgpu.gfx_off=0 amdgpu.runpm=0 amdgpu.bapm=0 amdgpu.dpm=0?
    Kernel image buffer: 0xffffef1050000000?
    Initramfs buffer:    0xffffffffffffffff?
kernel_hook_install(0xffffff808170112d, 0xffffffff997b7ad0)?
  Using 64bit absolute jump?
******************************************************?
kexec successfully armed. Please shut down the system.?
******************************************************?
?
[SceShellUI] I/PSM.UI : [FirstClear] : ClearFrameBuffer=False?
[KE]sceCameraDevKill::2685 ERROR: sceCameraProcConfigStop 0x802e0006 i=0 handle=257 pid=69?
[KERNEL] dmem_handle_vmspace_exited pid: 76,C ptonypetext.=cc:171,4 0 x(fajfmfConftexef100t7C7l48eca5nup8->)p - Int_lstanoace 278d532ed wa si not sp TropRUerlEyC?o dn
e[tsetrxotKy.ERNEL] cedmd.ce?
:m1C8_h9oandln e_t(ajevmsmxCptonac.tecec_:1e8xxi9 tt(edaC jlmeamnCapoun #0t e0xpxft)ffCl fe-fa ffCnffuofdffpeffff)c? 
 O- [pKERCuNosd ELe]cS  IdOLmeKmp _hEaunnscdleo SdIeLr Kw _vEamsspn anceoc_etoxit dperer d powidp:e r7alsy6, ap  unnp_rmeapsog_citounts tpe[1r], ro1ep d-.> 0??

eCrolny utenxtreg.cisteredc:.18?
9C o(natjmextC.cc:on174 (ajmContexttCelxeanup) - InCostntext.cc:189 (ajmContexatncClee anup) -3 Codec 4Opus4 0CE67LT  Ewncaoder swas  nnotot p prropoerlyp eunregistered.?
rlyCo ndtext.escctroy:1e8d9 (ajmCo.n?textClea
nuCp) - Coodenct Opus CELT exDecoder tw.casc not prop:189e (rly unregiasterejdmC.o?
ntextCleanuCp) ontext- .Ccocd:189 (aejmCocntext CleanuOpp)u - Codec s CELPD8 Deceocder was nodeot proper rly unrewgistereads .?
nContextot.cc:189  (ajmContexptCleanruopp) -e Codrelc CEyLP8 En ucoder wasnr egnot properily unrstegisteerred.?
eCdon.text?.cc:189 (
ajmContextCleanutpCle)a - Cnoupde)c CELP (-1 6) DCeocdoec dOer waspus not pro perlyCEL uTnregistere d.?
EContencxt.ocdc:1e9r 1 (ajmCwonteaxtCleanup) - sM ore conodecs weret  noptrope rprolperlyy  unregistuenrreed...?
gistered.?
CoCnontetext.xcc:174 (ajmContetx.tcCleanupc:18) - Instance 163991  was not( proaperlyjmC destroyed.?
oContntexextt.cc:1Cl89 (ajmeCaonnutpextC) -leanup)  - CCodec odMecP3  DOepucosder  Dwas not preocperly unregiostered.?
dCeonrte xt.cc:18w9a (ajsm ContnoextCleanut p)pr - Coopdeecrl ATRAC9y Decoder w as unot properly unnrregistegistCeorend.?
text.cered.?
c:189 (ajmContextCleanup) - Codec MPEG4 AAC Encoder was not properly unregistered.?
Context.cc:174 (ajmContextCleanup) - Instance 114689 was not properly destroyed.?
Context.cc:189 (ajmContextCleanup) - Codec AC3 Encoder was not properly unregistered.?
Context.cc:174 (ajmContextCleanup) - Instance 163842 was not properly destroyed.?
Context.cc:189 (ajmContextCleanup) - Codec DTS Encoder was not properly unregistered.?
[SceSysCore mini] killall timeout 5[sec]...?
[SceSysCore mini] forcibly unmount 4 nullfses?
[SceSysCore mini] forcibly unmount /mnt/usb0?
[SceSysCore mini[REGMGR] 000006 ...?
] sceKernelPollE[ventFlag(reboot_flag): failed 80020010?
[SceSysCore mini] call reboot(4000)?
REGMGR] (    199.060 sec) 010006 ...?
[REGMGR] (   0.011780 sec) 010007 ...?
[REGMGR] 000108 ...?
Waiting (max 60 seconds) for system process `SceVnlru' to stop...done?
Waiting (max 60 seconds) for system process `SceBufdaemon0' to stop...SD Manual Tuning done. MaxPassWindowSize=22, TunePoint=20 CORE_CTRL=0x184094?
done?
Waiting (max 60 seconds) for system process `SceBufdaemon1' to stop...done?
Waiting (max 60 seconds) for system process `SceSyncer' to stop...?
Syncing disks, vnodes remaining...0 0 sched_sync: flush softdep (iter=2)?
sched_sync: flush softdep (iter=1)?
done?
Waiting (max 60 seconds) for system process `SceBufdaemon2' to stop...done?
All buffers synced.?
[PFS] umount[0x000011e15361ff4d] finished 0?
[PFS] umount[0x000011e153619e71] finished 0?
Uptime: 3m24s?
icc post sync:Thermal alert LED off?
[REGMGR] 000007 @2@ ...?
icc08-4001 0802?
icc:failed to disabled reset button notification: 0005?
icc:disabled thermal notification?
eth0: link state changed to DOWN?
ICC: howto:00004000 depth:2 cause:00 hand:01?
ICC: Shutdown.?
hook_icc_query_nowait called?
ICC 05-00 polling?
Fixing ACPI tables at 0xe0000 (0xffffffffffffffff)?
RSDT at 0xe0024?
XSDT at 0xe0088?
FACP at 0xe016c?
FACS at 0xe012c?
DSDT at 0xe0430?
APIC at 0xe0298?
MCFG at 0xe0304?
SSDT at 0xe0730?
ACPI tables fixed?
kexec: Waiting for secondary CPUs...?
kexec: Secondary CPUs quiesced?
kexec: Setting up GDT...?
kexec: Relocating stub...?
kexec: Setting up boot params...?
kexec: Cleaning up hardware...?
Current sb_id: 3?
?
SB_BAIKAL constant: 3?
?
kexec: Detected Baikal Southbridge, disabling IOMMU...?
kexec: Reconfiguring VRAM...?
kexec: Resetting GPU...?
kexec: About to relocate and jump to kernel?
[    0.000000] ps4: x86_ps4_early_setup: PS4 early setup?
[    0.000000] Linux version 6.15.4-Baikal_TESTING_crashniels-dirty (meerzulee@cachynator) (gcc (GCC) 16.1.1 20260430, GNU ld (GNU Binutils) 2.46.0) #28 SMP PREEMPT_DYNAMIC Wed May 13 15:58:44 +06 2026?
[    0.000000] Command line: earlycon=uart8250,mmio32,0xC890E000,115200n8 console=tty0 keep_bootcon 8250.nr_uarts=0 iommu=pt intremap=off panic=10 loglevel=8 ignore_loglevel printk.devkmsg=on drm.edid_firmware=edid/1920x1080.bin video=HDMI-A-1:1920x1080@60D pci=nocrs libata.force=1.00:disable root=LABEL=psxitarch rootwait rw systemd.unit=multi-user.target systemd.log_level=info amdgpu.gpu_recovery=0 amdgpu.lockup_timeout=10000 amdgpu.gfx_off=0 amdgpu.runpm=0 amdgpu.bapm=0 amdgpu.dpm=0?
[    0.000000] KERNEL supported cpus:?
[    0.000000]   AMD AuthenticAMD?
[    0.000000] BIOS-provided physical RAM map:?
[    0.000000] BIOS-e820: [mem 0x0000000000000000-0x0000000000007fff] usable?
[    0.000000] BIOS-e820: [mem 0x0000000000008000-0x000000000007ffff] reserved?
[    0.000000] BIOS-e820: [mem 0x0000000000080000-0x0000000000099fff] usable?
[    0.000000] BIOS-e820: [mem 0x000000000009a000-0x00000000000bffff] reserved?
[    0.000000] BIOS-e820: [mem 0x00000000000e0000-0x00000000000effff] ACPI data?
[    0.000000] BIOS-e820: [mem 0x0000000000100000-0x00000000003fffff] usable?
[    0.000000] BIOS-e820: [mem 0x0000000000400000-0x000000000047ffff] reserved?
[    0.000000] BIOS-e820: [mem 0x0000000000480000-0x000000000067ffff] usable?
[    0.000000] BIOS-e820: [mem 0x0000000000680000-0x00000000006fffff] reserved?
[    0.000000] BIOS-e820: [mem 0x0000000000700000-0x000000007efe7fff] usable?
[    0.000000] BIOS-e820: [mem 0x000000007efe8000-0x000000007efeffff] ACPI NVS?
[    0.000000] BIOS-e820: [mem 0x000000007eff0000-0x000000007effffff] ACPI data?
[    0.000000] BIOS-e820: [mem 0x000000007f000000-0x000000007fffffff] usable?
[    0.000000] BIOS-e820: [mem 0x0000000080000000-0x00000000fbffffff] reserved?
[    0.000000] BIOS-e820: [mem 0x0000000100000000-0x000000013fffffff] reserved?
[    0.000000] BIOS-e820: [mem 0x0000000140000000-0x000000027effffff] usable?
[    0.000000] earlycon: uart8250 at MMIO32 0x00000000c890e000 (options '115200n8')?
[    0.000000] printk: legacy bootconsole [uart8250] enabled?
[    0.000000] printk: debug: skip boot console de-registration.?
[    0.000000] printk: debug: ignoring loglevel setting.?
[    0.000000] NX (Execute Disable) protection: active?
[    0.000000] APIC: Static calls initialized?
[    0.000000] SMBIOS 2.1 present.?
[    0.000000] DMI:  , BIOS unde Wed 09/22/2021 16:2?
[    0.000000] DMI: Memory slots populated: 1/1?
[    0.000000] ps4: EMC timer started in 29919 TSC ticks?
[    0.000000] ps4: Calibrated TSC frequency: 1594098592 kHz?
[    0.000000] tsc: Detected 1594.099 MHz processor?
[    0.001421] e820: update [mem 0x00000000-0x00000fff] usable ==> reserved?
[    0.008246] e820: remove [mem 0x000a0000-0x000fffff] usable?
[    0.013929] last_pfn = 0x27f000 max_arch_pfn = 0x400000000?
[    0.019515] MTRR map: 6 entries (3 fixed + 3 variable; max 20), built from 9 variable MTRRs?
[    0.028013] x86/PAT: Configuration [0-7]: WB  WC  UC- UC  WB  WP  UC- WT  ?
[    0.035396] e820: update [mem 0x80000000-0x13fffffff] usable ==> reserved?
[    0.042323] last_pfn = 0x80000 max_arch_pfn = 0x400000000?
[    0.056432] Using GB pages for direct mapping?
[    0.062398] RAMDISK: [mem 0x12000000-0x1240efff]?
[    0.067109] ACPI: Early table checksum verification disabled?
[    0.072866] ACPI: RSDP 0x00000000000E0000 000024 (v02 SIE   )?
[    0.078717] ACPI: XSDT 0x00000000000E0088 00004C (v01 SIE    ORBIS    20121218 INTL 20110211)?
[    0.087402] ACPI: FACP 0x00000000000E016C 0000F4 (v04 SIE    ORBIS    20130205 INTL 20110211)?
[    0.096086] ACPI: DSDT 0x00000000000E0430 00018C (v02 SIE    ORBIS    20121002 INTL 20110211)?
[    0.104769] ACPI: FACS 0x00000000000E012C 000040?
[    0.109469] ACPI: FACS 0x00000000000E012C 000040?
[    0.114167] ACPI: APIC 0x00000000000E0298 00006C (v02 SIE    ORBIS    20120725 INTL 20110211)?
[    0.122848] ACPI: MCFG 0x00000000000E0304 00003C (v01 SIE    ORBIS    20120725 INTL 20110211)?
[    0.131528] ACPI: SSDT 0x00000000000E0730 001944 (v01 AMD    POWERNOW 00000001 AMD  00000001)?
[    0.140211] ACPI: IVRS 0x00000000000E2074 000054 (v01 F0F    PS4KEXEC 20161225 KEXC 20161225)?
[    0.148891] ACPI: Reserving FACP table memory at [mem 0xe016c-0xe025f]?
[    0.155531] ACPI: Reserving DSDT table memory at [mem 0xe0430-0xe05bb]?
[    0.162171] ACPI: Reserving FACS table memory at [mem 0xe012c-0xe016b]?
[    0.168810] ACPI: Reserving FACS table memory at [mem 0xe012c-0xe016b]?
[    0.175449] ACPI: Reserving APIC table memory at [mem 0xe0298-0xe0303]?
[    0.182087] ACPI: Reserving MCFG table memory at [mem 0xe0304-0xe033f]?
[    0.188726] ACPI: Reserving SSDT table memory at [mem 0xe0730-0xe2073]?
[    0.195366] ACPI: Reserving IVRS table memory at [mem 0xe2074-0xe20c7]?
[    0.202085] No NUMA configuration found?
[    0.205983] Faking a node at [mem 0x0000000000000000-0x000000027effffff]?
[    0.212804] NODE_DATA(0) allocated [mem 0x27effa800-0x27effdfff]?
[    0.218972] Zone ranges:?
[    0.221542]   DMA      [mem 0x0000000000001000-0x0000000000ffffff]?
[    0.227830]   DMA32    [mem 0x0000000001000000-0x00000000ffffffff]?
[    0.234117]   Normal   [mem 0x0000000100000000-0x000000027effffff]?
[    0.240404] Movable zone start for each node?
[    0.244743] Early memory node ranges?
[    0.248373]   node   0: [mem 0x0000000000001000-0x0000000000007fff]?
[    0.254749]   node   0: [mem 0x0000000000080000-0x0000000000099fff]?
[    0.261123]   node   0: [mem 0x0000000000100000-0x00000000003fffff]?
[    0.267497]   node   0: [mem 0x0000000000480000-0x000000000067ffff]?
[    0.273871]   node   0: [mem 0x0000000000700000-0x000000007efe7fff]?
[    0.280246]   node   0: [mem 0x000000007f000000-0x000000007fffffff]?
[    0.286621]   node   0: [mem 0x0000000140000000-0x000000027effffff]?
[    0.292996] Initmem setup node 0 [mem 0x0000000000001000-0x000000027effffff]?
[    0.300173] On node 0, zone DMA: 1 pages in unavailable ranges?
[    0.306113] On node 0, zone DMA: 120 pages in unavailable ranges?
[    0.312243] On node 0, zone DMA: 102 pages in unavailable ranges?
[    0.318370] On node 0, zone DMA: 128 pages in unavailable ranges?
[    0.324532] On node 0, zone DMA: 128 pages in unavailable ranges?
[    0.340948] On node 0, zone DMA32: 24 pages in unavailable ranges?
[    0.373356] On node 0, zone Normal: 4096 pages in unavailable ranges?
[    0.380732] ACPI: No IOAPIC entries present?
[    0.384984] ACPI: Using ACPI for processor (LAPIC) configuration information?
[    0.392170] CPU topo: Max. logical packages:   1?
[    0.396862] CPU topo: Max. logical dies:       1?
[    0.401554] CPU topo: Max. dies per package:   1?
[    0.406258] CPU topo: Max. threads per core:   1?
[    0.410951] CPU topo: Num. cores per package:     8?
[    0.415909] CPU topo: Num. threads per package:   8?
[    0.420867] CPU topo: Allowing 8 present CPUs plus 0 hotplug CPUs?
[    0.427092] [mem 0xfc000000-0xffffffff] available for PCI devices?
[    0.433294] clocksource: refined-jiffies: mask: 0xffffffff max_cycles: 0xffffffff, max_idle_ns: 1910969940391419 ns?
[    0.443928] setup_percpu: NR_CPUS:8 nr_cpumask_bits:8 nr_cpu_ids:8 nr_node_ids:1?
[    0.452131] percpu: Embedded 42 pages/cpu s131544 r8192 d32296 u262144?
[    0.458792] pcpu-alloc: s131544 r8192 d32296 u262144 alloc=1*2097152?
[    0.465262] pcpu-alloc: [0] 0 1 2 3 4 5 6 7 ?
[    0.469646] Kernel command line: earlycon=uart8250,mmio32,0xC890E000,115200n8 console=tty0 keep_bootcon 8250.nr_uarts=0 iommu=pt intremap=off panic=10 loglevel=8 ignore_loglevel printk.devkmsg=on drm.edid_firmware=edid/1920x1080.bin video=HDMI-A-1:1920x1080@60D pci=nocrs libata.force=1.00:disable root=LABEL=psxitarch rootwait rw systemd.unit=multi-user.target systemd.log_level=info amdgpu.gpu_recovery=0 amdgpu.lockup_timeout=10000 amdgpu.gfx_off=0 amdgpu.runpm=0 amdgpu.bapm=0 amdgpu.dpm=0?
[    0.514013] Setting dangerous option amdgpu.gpu_recovery - tainting kernel?
[    0.521065] printk: log buffer data + meta data: 262144 + 917504 = 1179648 bytes?
[    0.530404] Dentry cache hash table entries: 1048576 (order: 11, 8388608 bytes, linear)?
[    0.539477] Inode-cache hash table entries: 524288 (order: 10, 4194304 bytes, linear)?
[    0.547549] software IO TLB: area num 8.?
[    0.580837] Fallback order for Node 0: 0 ?
[    0.580855] Built 1 zonelists, mobility grouping on.  Total pages: 1830409?
[    0.591928] Policy zone: Normal?
[    0.595120] mem auto-init: stack:off, heap alloc:off, heap free:off?
[    0.639397] SLUB: HWalign=64, Order=0-3, MinObjects=0, CPUs=8, Nodes=1?
[    0.647174] Dynamic Preempt: voluntary?
[    0.651079] rcu: Preemptible hierarchical RCU implementation.?
[    0.656924] rcu: RCU calculated value of scheduler-enlistment delay is 100 jiffies.?
[    0.664740] NR_IRQS: 4352, nr_irqs: 128, preallocated irqs: 0?
[    0.670647] rcu: srcu_init: Setting srcu_struct sizes based on contention.?
[    0.677700] call_irq_handler: 0.49 No irq handler for vector?
[    0.683488] Console: colour dummy device 80x25?
[    0.688010] printk: legacy console [tty0] enabled?
[    0.692837] ACPI: Core revision 20240827?
[    0.696896] ACPI: setting ELCR to 0200 (from ffff)?
[    0.701786] Failed to register legacy timer interrupt?
[    0.706926] APIC: Switch to symmetric I/O mode setup?
[    0.711984] clocksource: tsc-early: mask: 0xffffffffffffffff max_cycles: 0x16fa5e7bd0f, max_idle_ns: 440795232650 ns?
[    0.722715] Calibrating delay loop (skipped), value calculated using timer frequency.. 3188.19 BogoMIPS (lpj=1594099)?
[    0.723706] Last level iTLB entries: 4KB 512, 2MB 8, 4MB 4?
[    0.723706] Last level dTLB entries: 4KB 512, 2MB 256, 4MB 128, 1GB 0?
[    0.723706] Spectre V1 : Mitigation: usercopy/swapgs barriers and __user pointer sanitization?
[    0.723706] Spectre V2 : Mitigation: Retpolines?
[    0.723706] Spectre V2 : Spectre v2 / SpectreRSB: Filling RSB on context switch and VMEXIT?
[    0.723706] RETBleed: Mitigation: untrained return thunk?
[    0.723706] Speculative Store Bypass: Mitigation: Speculative Store Bypass disabled via prctl?
[    0.723706] x86/fpu: Supporting XSAVE feature 0x001: 'x87 floating point registers'?
[    0.723706] x86/fpu: Supporting XSAVE feature 0x002: 'SSE registers'?
[    0.723706] x86/fpu: Supporting XSAVE feature 0x004: 'AVX registers'?
[    0.723706] x86/fpu: xstate_offset[2]:  576, xstate_sizes[2]:  256?
[    0.723706] x86/fpu: Enabled xstate features 0x7, context size is 832 bytes, using 'standard' format.?
[    0.723706] Freeing SMP alternatives memory: 52K?
[    0.723706] pid_max: default: 32768 minimum: 301?
[    0.723706] Mount-cache hash table entries: 16384 (order: 5, 131072 bytes, linear)?
[    0.723706] Mountpoint-cache hash table entries: 16384 (order: 5, 131072 bytes, linear)?
[    0.723706] smpboot: CPU0: AMD DG1401SNF87ID (family: 0x16, model: 0x1a, stepping: 0x0)?
[    0.724299] Performance Events: AMD PMU driver.?
[    0.724711] ... version:                0?
[    0.725709] ... bit width:              48?
[    0.726709] ... generic registers:      4?
[    0.727709] ... value mask:             0000ffffffffffff?
[    0.728709] ... max period:             00007fffffffffff?
[    0.729709] ... fixed-purpose events:   0?
[    0.730709] ... event mask:             000000000000000f?
[    0.731937] signal: max sigframe size: 1776?
[    0.732798] rcu: Hierarchical SRCU implementation.?
[    0.733710] rcu: 	Max phase no-delay instances is 400.?
[    0.734856] Timer migration: 1 hierarchy levels; 8 children per group; 1 crossnode level?
[    0.739031] smp: Bringing up secondary CPUs ...?
[    0.740957] smpboot: x86: Booting SMP configuration:?
[    0.741715] .... node  #0, CPUs:      #1 #2 #3 #4 #5 #6 #7?
[    0.751815] smp: Brought up 1 node, 8 CPUs?
[    0.753711] smpboot: Total of 8 processors activated (25505.58 BogoMIPS)?
[    0.755932] Memory: 7077464K/7321636K available (23479K kernel code, 2053K rwdata, 8788K rodata, 1624K init, 2232K bss, 239924K reserved, 0K cma-reserved)?
[    0.758109] devtmpfs: initialized?
[    0.760780] clocksource: jiffies: mask: 0xffffffff max_cycles: 0xffffffff, max_idle_ns: 1911260446275000 ns?
[    0.761717] posixtimers hash table entries: 4096 (order: 4, 65536 bytes, linear)?
[    0.762733] futex hash table entries: 2048 (order: 5, 131072 bytes, linear)?
[    0.763810] prandom: seed boundary self test passed?
[    0.766680] prandom: 100 self tests passed?
[    0.766961] NET: Registered PF_NETLINK/PF_ROUTE protocol family?
[    0.767878] audit: initializing netlink subsys (disabled)?
[    0.768770] audit: type=2000 audit(0.046:1): state=initialized audit_enabled=0 res=1?
[    0.768886] i2c-core: driver [dummy] registered?
[    0.770713] thermal_sys: Registered thermal governor 'step_wise'?
[    0.770739] cpuidle: using governor ladder?
[    0.772718] cpuidle: using governor menu?
[    0.773914] ps4: ps4: pre-allocated IRQ 9 desc for ACPI SCI (virq=9)?
[    0.774970] PCI: ECAM [mem 0xf8000000-0xfbffffff] (base 0xf8000000) for domain 0000 [bus 00-3f]?
[    0.775731] PCI: Using configuration type 1 for base access?
[    0.778017] HugeTLB: allocation took 0ms with hugepage_allocation_threads=2?
[    0.778741] HugeTLB: registered 2.00 MiB page size, pre-allocated 0 pages?
[    0.779710] HugeTLB: 28 KiB vmemmap can be freed for a 2.00 MiB page?
[    0.781717] cryptd: max_cpu_qlen set to 1000?
[    0.799711] raid6: sse2x4   gen()  4051 MB/s?
[    0.817708] raid6: sse2x2   gen()  3947 MB/s?
[    0.835712] raid6: sse2x1   gen()  3180 MB/s?
[    0.836710] raid6: using algorithm sse2x4 gen() 4051 MB/s?
[    0.854712] raid6: .... xor() 2016 MB/s, rmw enabled?
[    0.855710] raid6: using ssse3x2 recovery algorithm?
[    0.856816] ACPI: Added _OSI(Module Device)?
[    0.857711] ACPI: Added _OSI(Processor Device)?
[    0.858710] ACPI: Added _OSI(Processor Aggregator Device)?
[    0.861968] ACPI: 2 ACPI AML tables successfully acquired and loaded?
[    0.869934] ACPI: Interpreter enabled?
[    0.870721] ACPI: PM: (supports S0 S5)?
[    0.871710] ACPI: Using PIC for interrupt routing?
[    0.872743] PCI: Ignoring host bridge windows from ACPI; if necessary, use "pci=use_crs" and report a bug?
[    0.873710] PCI: Using E820 reservations for host bridge windows?
[    0.876342] acpi PNP0A03:00: [Firmware Bug]: no secondary bus range in _CRS?
[    0.876727] ACPI: PCI Root Bridge [PCI0] (domain 0000 [bus 00-ff])?
[    0.877718] acpi PNP0A03:00: _OSC: OS supports [ExtendedConfig ASPM ClockPM Segments MSI HPX-Type3]?
[    0.878727] acpi PNP0A03:00: [Firmware Info]: ECAM [mem 0xf8000000-0xfbffffff] for domain 0000 [bus 00-3f] only partially covers this bridge?
[    0.879733] acpi PNP0A03:00: host bridge window [io  0x0cf8-0x0cff] (ignored)?
[    0.880710] PCI: root bus 00: using default resources?
[    0.881761] PCI host bridge to bus 0000:00?
[    0.882722] pci_bus 0000:00: root bus resource [io  0x0000-0xffff]?
[    0.883711] pci_bus 0000:00: root bus resource [mem 0x00000000-0xffffffffff]?
[    0.884711] pci_bus 0000:00: root bus resource [bus 00-ff]?
[    0.885728] pci 0000:00:00.0: [1022:1436] type 00 class 0x060000 conventional PCI endpoint?
[    0.886836] pci 0000:00:00.2: [1022:1437] type 00 class 0x080600 conventional PCI endpoint?
[    0.888792] pci 0000:00:01.0: [1002:9923] type 00 class 0x030000 PCIe Root Complex Integrated Endpoint?
[    0.889732] pci 0000:00:01.0: BAR 0 [mem 0xe0000000-0xe3ffffff 64bit pref]?
[    0.890712] pci 0000:00:01.0: BAR 2 [mem 0xe4000000-0xe47fffff 64bit pref]?
[    0.891711] pci 0000:00:01.0: BAR 4 [io  0x6000-0x60ff]?
[    0.892711] pci 0000:00:01.0: BAR 5 [mem 0xe4800000-0xe483ffff]?
[    0.893711] pci 0000:00:01.0: ROM [mem 0x00000000-0x0001ffff pref]?
[    0.895714] pci 0000:00:01.0: enabling Extended Tags?
[    0.896726] pci 0000:00:01.0: Video device with shadowed ROM at [mem 0x000c0000-0x000dffff]?
[    0.897731] pci 0000:00:01.0: supports D1 D2?
[    0.898710] pci 0000:00:01.0: PME# supported from D1 D2 D3hot?
[    0.899807] pci 0000:00:01.1: [1002:9921] type 00 class 0x040300 PCIe Root Complex Integrated Endpoint?
[    0.900731] pci 0000:00:01.1: BAR 0 [mem 0xe4840000-0xe4843fff 64bit]?
[    0.901717] pci 0000:00:01.1: enabling Extended Tags?
[    0.902740] pci 0000:00:01.1: supports D1 D2?
[    0.903807] pci 0000:00:02.0: [1022:1438] type 00 class 0x060000 conventional PCI endpoint?
[    0.904841] pci 0000:00:14.0: [104d:90d7] type 00 class 0x088000 PCIe Endpoint?
[    0.905751] pci 0000:00:14.0: BAR 0 [mem 0xfdf8000000-0xfdf9ffffff 64bit]?
[    0.906712] pci 0000:00:14.0: BAR 2 [io  0x1000-0x13ff]?
[    0.907901] pci 0000:00:14.1: [104d:90d8] type 00 class 0x088001 PCIe Endpoint?
[    0.908751] pci 0000:00:14.1: BAR 0 [mem 0xc2000000-0xc2000fff 64bit]?
[    0.909897] pci 0000:00:14.2: [104d:90d9] type 00 class 0x088002 PCIe Endpoint?
[    0.910751] pci 0000:00:14.2: BAR 0 [mem 0xc4000000-0xc4007fff 64bit]?
[    0.911898] pci 0000:00:14.3: [104d:90da] type 00 class 0x088003 PCIe Endpoint?
[    0.913729] pci 0000:00:14.3: BAR 0 [mem 0xc6000000-0xc6000fff 64bit]?
[    0.914896] pci 0000:00:14.4: [104d:90db] type 00 class 0x088004 PCIe Endpoint?
[    0.915751] pci 0000:00:14.4: BAR 0 [mem 0xc8000000-0xc8001fff 64bit]?
[    0.916713] pci 0000:00:14.4: BAR 2 [mem 0xc8800000-0xc89fffff 64bit]?
[    0.917713] pci 0000:00:14.4: BAR 4 [mem 0xc9000000-0xc91fffff 64bit]?
[    0.919787] pci 0000:00:14.5: [104d:90dc] type 00 class 0x088005 PCIe Endpoint?
[    0.920751] pci 0000:00:14.5: BAR 0 [mem 0xca000000-0xca000fff 64bit]?
[    0.921713] pci 0000:00:14.5: BAR 2 [mem 0xca800000-0xca800fff 64bit]?
[    0.922894] pci 0000:00:14.6: [104d:90dd] type 00 class 0x088006 PCIe Endpoint?
[    0.923751] pci 0000:00:14.6: BAR 0 [mem 0xcc000000-0xcc000fff 64bit]?
[    0.924715] pci 0000:00:14.6: BAR 2 [mem 0x80000000-0xbfffffff 64bit]?
[    0.925712] pci 0000:00:14.6: BAR 4 [mem 0xcd000000-0xcd0fffff]?
[    0.926712] pci 0000:00:14.6: BAR 5 [mem 0xcd400000-0xcd43ffff]?
[    0.927893] pci 0000:00:14.7: [104d:90de] type 00 class 0x088007 PCIe Endpoint?
[    0.929738] pci 0000:00:14.7: BAR 0 [mem 0xce000000-0xce3fffff 64bit]?
[    0.930713] pci 0000:00:14.7: BAR 2 [mem 0xce800000-0xce80ffff 64bit]?
[    0.931713] pci 0000:00:14.7: BAR 4 [mem 0xcf000000-0xcf7fffff 64bit]?
[    0.932884] pci 0000:00:18.0: [1022:142e] type 00 class 0x060000 conventional PCI endpoint?
[    0.933813] pci 0000:00:18.1: [1022:142f] type 00 class 0x060000 conventional PCI endpoint?
[    0.934818] pci 0000:00:18.2: [1022:1430] type 00 class 0x060000 conventional PCI endpoint?
[    0.936810] pci 0000:00:18.3: [1022:1431] type 00 class 0x060000 conventional PCI endpoint?
[    0.938769] pci 0000:00:18.4: [1022:1432] type 00 class 0x060000 conventional PCI endpoint?
[    0.939809] pci 0000:00:18.5: [1022:1433] type 00 class 0x060000 conventional PCI endpoint?
[    0.940809] pci 0000:00:18.6: [1022:1434] type 00 class 0x060000 conventional PCI endpoint?
[    0.941911] iommu: Default domain type: Passthrough (set via kernel command line)?
[    0.942905] SCSI subsystem initialized?
[    0.943735] libata version 3.00 loaded.?
[    0.944771] ACPI: bus type USB registered?
[    0.945764] usbcore: registered new interface driver usbfs?
[    0.946733] usbcore: registered new interface driver hub?
[    0.947730] usbcore: registered new device driver usb?
[    0.948887] Advanced Linux Sound Architecture Driver Initialized.?
[    0.950079] Bluetooth: Core ver 2.22?
[    0.950724] NET: Registered PF_BLUETOOTH protocol family?
[    0.951710] Bluetooth: HCI device and connection manager initialized?
[    0.952713] Bluetooth: HCI socket layer initialized?
[    0.953713] Bluetooth: L2CAP socket layer initialized?
[    0.954717] Bluetooth: SCO socket layer initialized?
[    0.955801] PCI: Using ACPI for IRQ routing?
[    0.959338] PCI: pci_cache_line_size set to 64 bytes?
[    0.959752] e820: reserve RAM buffer [mem 0x00008000-0x0000ffff]?
[    0.960711] e820: reserve RAM buffer [mem 0x0009a000-0x0009ffff]?
[    0.961710] e820: reserve RAM buffer [mem 0x00680000-0x006fffff]?
[    0.962710] e820: reserve RAM buffer [mem 0x7efe8000-0x7fffffff]?
[    0.963710] e820: reserve RAM buffer [mem 0x27f000000-0x27fffffff]?
[    0.964736] pci 0000:00:01.0: vgaarb: setting as boot VGA device?
[    0.965706] pci 0000:00:01.0: vgaarb: bridge control possible?
[    0.965706] pci 0000:00:01.0: vgaarb: VGA device added: decodes=io+mem,owns=io+mem,locks=none?
[    0.965719] vgaarb: loaded?
[    0.966995] clocksource: Switched to clocksource tsc-early?
[    0.972558] pnp: PnP ACPI init?
[    0.975715] pnp: PnP ACPI: found 0 devices?
[    0.984805] NET: Registered PF_INET protocol family?
[    0.990091] IP idents hash table entries: 131072 (order: 8, 1048576 bytes, linear)?
[    1.001935] tcp_listen_portaddr_hash hash table entries: 4096 (order: 4, 65536 bytes, linear)?
[    1.010664] Table-perturb hash table entries: 65536 (order: 6, 262144 bytes, linear)?
[    1.018591] TCP established hash table entries: 65536 (order: 7, 524288 bytes, linear)?
[    1.026943] TCP bind hash table entries: 65536 (order: 9, 2097152 bytes, linear)?
[    1.035090] TCP: Hash tables configured (established 65536 bind 65536)?
[    1.041866] UDP hash table entries: 4096 (order: 6, 262144 bytes, linear)?
[    1.048881] UDP-Lite hash table entries: 4096 (order: 6, 262144 bytes, linear)?
[    1.056428] NET: Registered PF_UNIX/PF_LOCAL protocol family?
[    1.062567] RPC: Registered named UNIX socket transport module.?
[    1.068606] RPC: Registered udp transport module.?
[    1.073399] RPC: Registered tcp transport module.?
[    1.078193] RPC: Registered tcp-with-tls transport module.?
[    1.083783] RPC: Registered tcp NFSv4.1 backchannel transport module.?
[    1.090866] pci_bus 0000:00: resource 4 [io  0x0000-0xffff]?
[    1.096555] pci_bus 0000:00: resource 5 [mem 0x00000000-0xffffffffff]?
[    1.103202] pci 0000:00:01.1: D0 power state depends on 0000:00:01.0?
[    1.109690] pci 0000:00:02.0: CLS mismatch (64 != 512), using 64 bytes?
[    1.116466] AMD-Vi: Using global IVHD EFR:0x0, EFR2:0x0?
[    1.116700] Trying to unpack rootfs image as initramfs...?
[    1.122004] pci 0000:00:00.0: Adding to iommu group 0?
[    1.132576] pci 0000:00:14.0: Adding to iommu group 1?
[    1.137759] pci 0000:00:14.1: Adding to iommu group 1?
[    1.142946] pci 0000:00:14.2: Adding to iommu group 1?
[    1.148134] pci 0000:00:14.3: Adding to iommu group 1?
[    1.153317] pci 0000:00:14.4: Adding to iommu group 1?
[    1.158502] pci 0000:00:14.5: Adding to iommu group 1?
[    1.163697] pci 0000:00:14.6: Adding to iommu group 1?
[    1.168881] pci 0000:00:14.7: Adding to iommu group 1?
[    1.174107] AMD-Vi: Extended features (0x840, 0x0): IA?
[    1.179640] PCI-DMA: Using software bounce buffering for IO (SWIOTLB)?
[    1.186223] software IO TLB: mapped [mem 0x000000007afe8000-0x000000007efe8000] (64MB)?
[    1.194475] LVT offset 0 assigned for vector 0x400?
[    1.200478] perf: AMD IBS detected (0x000000ff)?
[    1.205150] kvm_amd: TSC scaling supported?
[    1.209328] kvm_amd: Nested Virtualization enabled?
[    1.214213] kvm_amd: Nested Paging enabled?
[    1.218389] kvm_amd: LBR virtualization supported?
[    1.247318] Freeing initrd memory: 4156K?
[    1.256888] platform rtc_cmos: registered platform RTC device (no PNP device found)?
[    1.267790] Initialise system trusted keyrings?
[    1.272464] workingset: timestamp_bits=40 max_order=21 bucket_order=0?
[    1.279442] ntfs3: Warning: Activated 64 bits per cluster. Windows does not support this?
[    1.287790] fuse: init (API version 7.43)?
[    1.327978] NET: Registered PF_ALG protocol family?
[    1.332867] xor: automatically using best checksumming function   avx       ?
[    1.340053] Key type asymmetric registered?
[    1.344227] Asymmetric key parser 'x509' registered?
[    1.349231] Block layer SCSI generic (bsg) driver version 0.4 loaded (major 252)?
[    1.356772] io scheduler mq-deadline registered?
[    1.361390] io scheduler kyber registered?
[    1.367636] Could not retrieve perf counters (-19)?
[    1.404075] Non-volatile memory driver v1.3?
[    1.408362] Linux agpgart interface v0.103?
[    1.412982] ACPI: bus type drm_connector registered?
[    1.417987] [drm] amdgpu kernel modesetting enabled.?
[    1.424648] brd: module loaded?
[    1.431378] loop: module loaded?
[    1.434606] i2c-core: driver [at24] registered?
[    1.439352] baikal_pcie 0000:00:14.4: bpcie_probe()?
[    1.444363] baikal_pcie 0000:00:14.4: bpcie glue probe?
[    1.449611] baikal_pcie 0000:00:14.4: Baikal chip revision: 4c0c2021:8d76a398:0000b100?
[    1.457684] pci 0000:00:14.0: bpcie_create_irq_domain?
[    1.462836] baikal_pcie 0000:00:14.4: devid = 164?
[    1.467634] baikal_pcie 0000:00:14.4: no parent ?
[    1.472345] bpcie_create_irq_domain: marked Baikal-MSI-164-3-14 as MSI parent (flags=0x113 bus_token=AMDVI)?
[    1.482275] pci 0000:00:14.1: bpcie_create_irq_domain?
[    1.487425] baikal_pcie 0000:00:14.4: devid = 164?
[    1.492219] baikal_pcie 0000:00:14.4: no parent ?
[    1.496941] bpcie_create_irq_domain: marked Baikal-MSI-164-3-14 as MSI parent (flags=0x113 bus_token=AMDVI)?
[    1.506871] pci 0000:00:14.2: bpcie_create_irq_domain?
[    1.512024] baikal_pcie 0000:00:14.4: devid = 164?
[    1.516821] baikal_pcie 0000:00:14.4: no parent ?
[    1.521530] bpcie_create_irq_domain: marked Baikal-MSI-164-3-14 as MSI parent (flags=0x113 bus_token=AMDVI)?
[    1.531461] pci 0000:00:14.3: bpcie_create_irq_domain?
[    1.536611] baikal_pcie 0000:00:14.4: devid = 164?
[    1.541406] baikal_pcie 0000:00:14.4: no parent ?
[    1.546114] bpcie_create_irq_domain: marked Baikal-MSI-164-3-14 as MSI parent (flags=0x113 bus_token=AMDVI)?
[    1.556046] baikal_pcie 0000:00:14.4: bpcie_create_irq_domain?
[    1.561906] baikal_pcie 0000:00:14.4: devid = 164?
[    1.566700] baikal_pcie 0000:00:14.4: no parent ?
[    1.571409] bpcie_create_irq_domain: marked Baikal-MSI-164-3-14 as MSI parent (flags=0x113 bus_token=AMDVI)?
[    1.581338] pci 0000:00:14.5: bpcie_create_irq_domain?
[    1.586489] baikal_pcie 0000:00:14.4: devid = 164?
[    1.591283] baikal_pcie 0000:00:14.4: no parent ?
[    1.595991] bpcie_create_irq_domain: marked Baikal-MSI-164-3-14 as MSI parent (flags=0x113 bus_token=AMDVI)?
[    1.605923] pci 0000:00:14.6: bpcie_create_irq_domain?
[    1.611073] baikal_pcie 0000:00:14.4: devid = 164?
[    1.615868] baikal_pcie 0000:00:14.4: no parent ?
[    1.620579] bpcie_create_irq_domain: marked Baikal-MSI-164-3-14 as MSI parent (flags=0x113 bus_token=AMDVI)?
[    1.630507] pci 0000:00:14.7: bpcie_create_irq_domain?
[    1.635658] baikal_pcie 0000:00:14.4: devid = 164?
[    1.640454] baikal_pcie 0000:00:14.4: no parent ?
[    1.645161] bpcie_create_irq_domain: marked Baikal-MSI-164-3-14 as MSI parent (flags=0x113 bus_token=AMDVI)?
[    1.655108] bpcie_init_dev_msi_info: dev=0000:00:14.4 installed bpcie demuxer (sc=(____ptrval____))?
[    1.664904] bpcie_msi_init: virq=10 hwirq=0x0 domain=(____ptrval____) info=(____ptrval____) sc=(____ptrval____)?
[    1.675196] bpcie_msi_init: registered virq=10 irq_map[0]?
[    1.680698] bpcie_msi_init: virq=11 hwirq=0x1 domain=(____ptrval____) info=(____ptrval____) sc=(____ptrval____)?
[    1.690981] bpcie_msi_init: registered virq=11 irq_map[1]?
[    1.696482] bpcie_msi_init: virq=12 hwirq=0x2 domain=(____ptrval____) info=(____ptrval____) sc=(____ptrval____)?
[    1.706765] bpcie_msi_init: registered virq=12 irq_map[2]?
[    1.712266] bpcie_msi_init: virq=13 hwirq=0x3 domain=(____ptrval____) info=(____ptrval____) sc=(____ptrval____)?
[    1.722548] bpcie_msi_init: registered virq=13 irq_map[3]?
[    1.728052] bpcie_msi_init: virq=14 hwirq=0x4 domain=(____ptrval____) info=(____ptrval____) sc=(____ptrval____)?
[    1.738335] bpcie_msi_init: registered virq=14 irq_map[4]?
[    1.743836] bpcie_msi_init: virq=15 hwirq=0x5 domain=(____ptrval____) info=(____ptrval____) sc=(____ptrval____)?
[    1.754120] bpcie_msi_init: registered virq=15 irq_map[5]?
[    1.759621] bpcie_msi_init: virq=16 hwirq=0x6 domain=(____ptrval____) info=(____ptrval____) sc=(____ptrval____)?
[    1.769904] bpcie_msi_init: registered virq=16 irq_map[6]?
[    1.775405] bpcie_msi_init: virq=17 hwirq=0x7 domain=(____ptrval____) info=(____ptrval____) sc=(____ptrval____)?
[    1.785692] bpcie_msi_init: registered virq=17 irq_map[7]?
[    1.791193] bpcie_msi_init: virq=18 hwirq=0x8 domain=(____ptrval____) info=(____ptrval____) sc=(____ptrval____)?
[    1.801476] bpcie_msi_init: registered virq=18 irq_map[8]?
[    1.806977] bpcie_msi_init: virq=19 hwirq=0x9 domain=(____ptrval____) info=(____ptrval____) sc=(____ptrval____)?
[    1.817261] bpcie_msi_init: registered virq=19 irq_map[9]?
[    1.822761] bpcie_msi_init: virq=20 hwirq=0xa domain=(____ptrval____) info=(____ptrval____) sc=(____ptrval____)?
[    1.833044] bpcie_msi_init: registered virq=20 irq_map[10]?
[    1.838635] bpcie_msi_init: virq=21 hwirq=0xb domain=(____ptrval____) info=(____ptrval____) sc=(____ptrval____)?
[    1.848918] bpcie_msi_init: registered virq=21 irq_map[11]?
[    1.854508] bpcie_msi_init: virq=22 hwirq=0xc domain=(____ptrval____) info=(____ptrval____) sc=(____ptrval____)?
[    1.864792] bpcie_msi_init: registered virq=22 irq_map[12]?
[    1.870381] bpcie_msi_init: virq=23 hwirq=0xd domain=(____ptrval____) info=(____ptrval____) sc=(____ptrval____)?
[    1.880664] bpcie_msi_init: registered virq=23 irq_map[13]?
[    1.886252] bpcie_msi_init: virq=24 hwirq=0xe domain=(____ptrval____) info=(____ptrval____) sc=(____ptrval____)?
[    1.896536] bpcie_msi_init: registered virq=24 irq_map[14]?
[    1.902129] bpcie_msi_init: virq=25 hwirq=0xf domain=(____ptrval____) info=(____ptrval____) sc=(____ptrval____)?
[    1.912411] bpcie_msi_init: registered virq=25 irq_map[15]?
[    1.918002] bpcie_msi_init: virq=26 hwirq=0x10 domain=(____ptrval____) info=(____ptrval____) sc=(____ptrval____)?
[    1.928373] bpcie_msi_init: registered virq=26 irq_map[16]?
[    1.933963] bpcie_msi_init: virq=27 hwirq=0x11 domain=(____ptrval____) info=(____ptrval____) sc=(____ptrval____)?
[    1.944334] bpcie_msi_init: registered virq=27 irq_map[17]?
[    1.949925] bpcie_msi_init: virq=28 hwirq=0x12 domain=(____ptrval____) info=(____ptrval____) sc=(____ptrval____)?
[    1.960295] bpcie_msi_init: registered virq=28 irq_map[18]?
[    1.965884] bpcie_msi_init: virq=29 hwirq=0x13 domain=(____ptrval____) info=(____ptrval____) sc=(____ptrval____)?
[    1.976257] bpcie_msi_init: registered virq=29 irq_map[19]?
[    1.981846] bpcie_msi_init: virq=30 hwirq=0x14 domain=(____ptrval____) info=(____ptrval____) sc=(____ptrval____)?
[    1.992218] bpcie_msi_init: registered virq=30 irq_map[20]?
[    1.997807] bpcie_msi_init: virq=31 hwirq=0x15 domain=(____ptrval____) info=(____ptrval____) sc=(____ptrval____)?
[    2.008180] bpcie_msi_init: registered virq=31 irq_map[21]?
[    2.013770] bpcie_msi_init: virq=32 hwirq=0x16 domain=(____ptrval____) info=(____ptrval____) sc=(____ptrval____)?
[    2.024142] bpcie_msi_init: registered virq=32 irq_map[22]?
[    2.029731] bpcie_msi_init: virq=33 hwirq=0x17 domain=(____ptrval____) info=(____ptrval____) sc=(____ptrval____)?
[    2.040102] bpcie_msi_init: registered virq=33 irq_map[23]?
[    2.045691] bpcie_msi_init: virq=34 hwirq=0x18 domain=(____ptrval____) info=(____ptrval____) sc=(____ptrval____)?
[    2.056063] bpcie_msi_init: registered virq=34 irq_map[24]?
[    2.061653] bpcie_msi_init: virq=35 hwirq=0x19 domain=(____ptrval____) info=(____ptrval____) sc=(____ptrval____)?
[    2.072024] bpcie_msi_init: registered virq=35 irq_map[25]?
[    2.077614] bpcie_msi_init: virq=36 hwirq=0x1a domain=(____ptrval____) info=(____ptrval____) sc=(____ptrval____)?
[    2.087986] bpcie_msi_init: registered virq=36 irq_map[26]?
[    2.093575] bpcie_msi_init: virq=37 hwirq=0x1b domain=(____ptrval____) info=(____ptrval____) sc=(____ptrval____)?
[    2.103946] bpcie_msi_init: registered virq=37 irq_map[27]?
[    2.109536] bpcie_msi_init: virq=38 hwirq=0x1c domain=(____ptrval____) info=(____ptrval____) sc=(____ptrval____)?
[    2.119909] bpcie_msi_init: registered virq=38 irq_map[28]?
[    2.125499] bpcie_msi_init: virq=39 hwirq=0x1d domain=(____ptrval____) info=(____ptrval____) sc=(____ptrval____)?
[    2.135871] bpcie_msi_init: registered virq=39 irq_map[29]?
[    2.141460] bpcie_msi_init: virq=40 hwirq=0x1e domain=(____ptrval____) info=(____ptrval____) sc=(____ptrval____)?
[    2.151832] bpcie_msi_init: registered virq=40 irq_map[30]?
[    2.157422] bpcie_msi_init: virq=41 hwirq=0x1f domain=(____ptrval____) info=(____ptrval____) sc=(____ptrval____)?
[    2.167793] bpcie_msi_init: registered virq=41 irq_map[31]?
[    2.173418] baikal_pcie 0000:00:14.4: bpcie_msi_write_msg(fee00000, 000000ef) mask=0x0 irq=10 hwirq=0x0 (____ptrval____)?
[    2.184511] baikal_pcie 0000:00:14.4: bpcie_config_msi: func=4 subfunc=0 addr=fee00000 data=000000ef?
[    2.193838] baikal_pcie 0000:00:14.4: bpcie_msi_write_msg(fee00000, 000000ef) mask=0x0 irq=11 hwirq=0x1 (____ptrval____)?
[    2.204923] baikal_pcie 0000:00:14.4: bpcie_config_msi: func=4 subfunc=1 addr=fee00000 data=000000ef?
[    2.214242] baikal_pcie 0000:00:14.4: bpcie_msi_write_msg(fee00000, 000000ef) mask=0x0 irq=12 hwirq=0x2 (____ptrval____)?
[    2.225327] baikal_pcie 0000:00:14.4: bpcie_config_msi: func=4 subfunc=2 addr=fee00000 data=000000ef?
[    2.234648] baikal_pcie 0000:00:14.4: bpcie_msi_write_msg(fee00000, 000000ef) mask=0x0 irq=13 hwirq=0x3 (____ptrval____)?
[    2.245730] baikal_pcie 0000:00:14.4: bpcie_config_msi: func=4 subfunc=3 addr=fee00000 data=000000ef?
[    2.255048] baikal_pcie 0000:00:14.4: bpcie_msi_write_msg(fee00000, 000000ef) mask=0x0 irq=14 hwirq=0x4 (____ptrval____)?
[    2.266128] baikal_pcie 0000:00:14.4: bpcie_config_msi: func=4 subfunc=4 addr=fee00000 data=000000ef?
[    2.275448] baikal_pcie 0000:00:14.4: bpcie_msi_write_msg(fee00000, 000000ef) mask=0x0 irq=15 hwirq=0x5 (____ptrval____)?
[    2.286532] baikal_pcie 0000:00:14.4: bpcie_config_msi: func=4 subfunc=5 addr=fee00000 data=000000ef?
[    2.295852] baikal_pcie 0000:00:14.4: bpcie_msi_write_msg(fee00000, 000000ef) mask=0x0 irq=16 hwirq=0x6 (____ptrval____)?
[    2.306934] baikal_pcie 0000:00:14.4: bpcie_config_msi: func=4 subfunc=6 addr=fee00000 data=000000ef?
[    2.316254] baikal_pcie 0000:00:14.4: bpcie_msi_write_msg(fee00000, 000000ef) mask=0x0 irq=17 hwirq=0x7 (____ptrval____)?
[    2.327337] baikal_pcie 0000:00:14.4: bpcie_config_msi: func=4 subfunc=7 addr=fee00000 data=000000ef?
[    2.336656] baikal_pcie 0000:00:14.4: bpcie_msi_write_msg(fee00000, 000000ef) mask=0x0 irq=18 hwirq=0x8 (____ptrval____)?
[    2.347738] baikal_pcie 0000:00:14.4: bpcie_config_msi: func=4 subfunc=8 addr=fee00000 data=000000ef?
[    2.357056] baikal_pcie 0000:00:14.4: bpcie_msi_write_msg(fee00000, 000000ef) mask=0x0 irq=19 hwirq=0x9 (____ptrval____)?
[    2.368137] baikal_pcie 0000:00:14.4: bpcie_config_msi: func=4 subfunc=9 addr=fee00000 data=000000ef?
[    2.377456] baikal_pcie 0000:00:14.4: bpcie_msi_write_msg(fee00000, 000000ef) mask=0x0 irq=20 hwirq=0xa (____ptrval____)?
[    2.388539] baikal_pcie 0000:00:14.4: bpcie_config_msi: func=4 subfunc=10 addr=fee00000 data=000000ef?
[    2.397945] baikal_pcie 0000:00:14.4: bpcie_msi_write_msg(fee00000, 000000ef) mask=0x0 irq=21 hwirq=0xb (____ptrval____)?
[    2.409027] baikal_pcie 0000:00:14.4: bpcie_config_msi: func=4 subfunc=11 addr=fee00000 data=000000ef?
[    2.418436] baikal_pcie 0000:00:14.4: bpcie_msi_write_msg(fee00000, 000000ef) mask=0x0 irq=22 hwirq=0xc (____ptrval____)?
[    2.429518] baikal_pcie 0000:00:14.4: bpcie_config_msi: func=4 subfunc=12 addr=fee00000 data=000000ef?
[    2.438929] baikal_pcie 0000:00:14.4: bpcie_msi_write_msg(fee00000, 000000ef) mask=0x0 irq=23 hwirq=0xd (____ptrval____)?
[    2.450011] baikal_pcie 0000:00:14.4: bpcie_config_msi: func=4 subfunc=13 addr=fee00000 data=000000ef?
[    2.459423] baikal_pcie 0000:00:14.4: bpcie_msi_write_msg(fee00000, 000000ef) mask=0x0 irq=24 hwirq=0xe (____ptrval____)?
[    2.470505] baikal_pcie 0000:00:14.4: bpcie_config_msi: func=4 subfunc=14 addr=fee00000 data=000000ef?
[    2.479918] baikal_pcie 0000:00:14.4: bpcie_msi_write_msg(fee00000, 000000ef) mask=0x0 irq=25 hwirq=0xf (____ptrval____)?
[    2.491000] baikal_pcie 0000:00:14.4: bpcie_config_msi: func=4 subfunc=15 addr=fee00000 data=000000ef?
[    2.500407] baikal_pcie 0000:00:14.4: bpcie_msi_write_msg(fee00000, 000000ef) mask=0x0 irq=26 hwirq=0x10 (____ptrval____)?
[    2.511577] baikal_pcie 0000:00:14.4: bpcie_config_msi: func=4 subfunc=16 addr=fee00000 data=000000ef?
[    2.520984] baikal_pcie 0000:00:14.4: bpcie_msi_write_msg(fee00000, 000000ef) mask=0x0 irq=27 hwirq=0x11 (____ptrval____)?
[    2.532155] baikal_pcie 0000:00:14.4: bpcie_config_msi: func=4 subfunc=17 addr=fee00000 data=000000ef?
[    2.541561] baikal_pcie 0000:00:14.4: bpcie_msi_write_msg(fee00000, 000000ef) mask=0x0 irq=28 hwirq=0x12 (____ptrval____)?
[    2.552731] baikal_pcie 0000:00:14.4: bpcie_config_msi: func=4 subfunc=18 addr=fee00000 data=000000ef?
[    2.562138] baikal_pcie 0000:00:14.4: bpcie_msi_write_msg(fee00000, 000000ef) mask=0x0 irq=29 hwirq=0x13 (____ptrval____)?
[    2.573309] baikal_pcie 0000:00:14.4: bpcie_config_msi: func=4 subfunc=19 addr=fee00000 data=000000ef?
[    2.582717] baikal_pcie 0000:00:14.4: bpcie_msi_write_msg(fee00000, 000000ef) mask=0x0 irq=30 hwirq=0x14 (____ptrval____)?
[    2.593886] baikal_pcie 0000:00:14.4: bpcie_config_msi: func=4 subfunc=20 addr=fee00000 data=000000ef?
[    2.603294] baikal_pcie 0000:00:14.4: bpcie_msi_write_msg(fee00000, 000000ef) mask=0x0 irq=31 hwirq=0x15 (____ptrval____)?
[    2.614463] baikal_pcie 0000:00:14.4: bpcie_config_msi: func=4 subfunc=21 addr=fee00000 data=000000ef?
[    2.623873] baikal_pcie 0000:00:14.4: bpcie_msi_write_msg(fee00000, 000000ef) mask=0x0 irq=32 hwirq=0x16 (____ptrval____)?
[    2.635044] baikal_pcie 0000:00:14.4: bpcie_config_msi: func=4 subfunc=22 addr=fee00000 data=000000ef?
[    2.644451] baikal_pcie 0000:00:14.4: bpcie_msi_write_msg(fee00000, 000000ef) mask=0x0 irq=33 hwirq=0x17 (____ptrval____)?
[    2.655620] baikal_pcie 0000:00:14.4: bpcie_config_msi: func=4 subfunc=23 addr=fee00000 data=000000ef?
[    2.665027] baikal_pcie 0000:00:14.4: bpcie_msi_write_msg(fee00000, 000000ef) mask=0x0 irq=34 hwirq=0x18 (____ptrval____)?
[    2.676199] baikal_pcie 0000:00:14.4: bpcie_config_msi: func=4 subfunc=24 addr=fee00000 data=000000ef?
[    2.685608] baikal_pcie 0000:00:14.4: bpcie_msi_write_msg(fee00000, 000000ef) mask=0x0 irq=35 hwirq=0x19 (____ptrval____)?
[    2.696778] baikal_pcie 0000:00:14.4: bpcie_config_msi: func=4 subfunc=25 addr=fee00000 data=000000ef?
[    2.706185] baikal_pcie 0000:00:14.4: bpcie_msi_write_msg(fee00000, 000000ef) mask=0x0 irq=36 hwirq=0x1a (____ptrval____)?
[    2.717354] baikal_pcie 0000:00:14.4: bpcie_config_msi: func=4 subfunc=26 addr=fee00000 data=000000ef?
[    2.726762] baikal_pcie 0000:00:14.4: bpcie_msi_write_msg(fee00000, 000000ef) mask=0x0 irq=37 hwirq=0x1b (____ptrval____)?
[    2.737933] baikal_pcie 0000:00:14.4: bpcie_config_msi: func=4 subfunc=27 addr=fee00000 data=000000ef?
[    2.747340] baikal_pcie 0000:00:14.4: bpcie_msi_write_msg(fee00000, 000000ef) mask=0x0 irq=38 hwirq=0x1c (____ptrval____)?
[    2.758510] baikal_pcie 0000:00:14.4: bpcie_config_msi: func=4 subfunc=28 addr=fee00000 data=000000ef?
[    2.767917] baikal_pcie 0000:00:14.4: bpcie_msi_write_msg(fee00000, 000000ef) mask=0x0 irq=39 hwirq=0x1d (____ptrval____)?
[    2.779087] baikal_pcie 0000:00:14.4: bpcie_config_msi: func=4 subfunc=29 addr=fee00000 data=000000ef?
[    2.788495] baikal_pcie 0000:00:14.4: bpcie_msi_write_msg(fee00000, 000000ef) mask=0x0 irq=40 hwirq=0x1e (____ptrval____)?
[    2.799665] baikal_pcie 0000:00:14.4: bpcie_config_msi: func=4 subfunc=30 addr=fee00000 data=000000ef?
[    2.809072] baikal_pcie 0000:00:14.4: bpcie_msi_write_msg(fee00000, 000000ef) mask=0x0 irq=41 hwirq=0x1f (____ptrval____)?
[    2.820242] baikal_pcie 0000:00:14.4: bpcie_config_msi: func=4 subfunc=31 addr=fee00000 data=000000ef?
[    2.829741] baikal_pcie 0000:00:14.4: dev->irq=10?
[    2.834663] baikal_pcie 0000:00:14.4: Failed to register serial port 0?
[    2.841324] baikal_pcie 0000:00:14.4: UART init failed (-5); continuing without serial console?
[    2.850113] bpcie_icc_init: msi_desc msi_index=0 irq=10?
[    2.855439] bpcie_icc_init: ICC subfunc 3 -> bpcie_irqnum=13 found_virq=-1?
[    2.862453] baikal_pcie 0000:00:14.4: bpcie_msi_write_msg(fee01000, 00000020) mask=0x0 irq=13 hwirq=0x3 (____ptrval____)?
[    2.863442] baikal_pcie 0000:00:14.4: bpcie_config_msi: func=4 subfunc=3 addr=fee01000 data=00000020?
[    2.863442] baikal_pcie 0000:00:14.4: bpcie_msi_write_msg(fee01000, 00000020) mask=0x0 irq=13 hwirq=0x3 (____ptrval____)?
[    2.863442] baikal_pcie 0000:00:14.4: bpcie_config_msi: func=4 subfunc=3 addr=fee01000 data=00000020?
[    2.903258] genirq: Flags mismatch irq 0. 00200080 (icc-shotgun) vs. 00000000 (AMD-Vi)?
[    2.911340] baikal_pcie 0000:00:14.4: bpcie_msi_write_msg(fee02000, 00000020) mask=0x0 irq=10 hwirq=0x0 (____ptrval____)?
[    2.912328] baikal_pcie 0000:00:14.4: bpcie_config_msi: func=4 subfunc=0 addr=fee02000 data=00000020?
[    2.912328] baikal_pcie 0000:00:14.4: bpcie_msi_write_msg(fee02000, 00000020) mask=0x0 irq=10 hwirq=0x0 (____ptrval____)?
[    2.912328] baikal_pcie 0000:00:14.4: bpcie_config_msi: func=4 subfunc=0 addr=fee02000 data=00000020?
[    2.952156] baikal_pcie 0000:00:14.4: bpcie_msi_write_msg(fee03000, 00000020) mask=0x0 irq=11 hwirq=0x1 (____ptrval____)?
[    2.953140] baikal_pcie 0000:00:14.4: bpcie_config_msi: func=4 subfunc=1 addr=fee03000 data=00000020?
[    2.953140] baikal_pcie 0000:00:14.4: bpcie_msi_write_msg(fee03000, 00000020) mask=0x0 irq=11 hwirq=0x1 (____ptrval____)?
[    2.953140] baikal_pcie 0000:00:14.4: bpcie_config_msi: func=4 subfunc=1 addr=fee03000 data=00000020?
[    2.992949] baikal_pcie 0000:00:14.4: bpcie_msi_write_msg(fee04000, 00000020) mask=0x0 irq=12 hwirq=0x2 (____ptrval____)?
[    2.993933] baikal_pcie 0000:00:14.4: bpcie_config_msi: func=4 subfunc=2 addr=fee04000 data=00000020?
[    2.993933] baikal_pcie 0000:00:14.4: bpcie_msi_write_msg(fee04000, 00000020) mask=0x0 irq=12 hwirq=0x2 (____ptrval____)?
[    2.993933] baikal_pcie 0000:00:14.4: bpcie_config_msi: func=4 subfunc=2 addr=fee04000 data=00000020?
[    3.033744] baikal_pcie 0000:00:14.4: bpcie_msi_write_msg(fee05000, 00000020) mask=0x0 irq=14 hwirq=0x4 (____ptrval____)?
[    3.034727] baikal_pcie 0000:00:14.4: bpcie_config_msi: func=4 subfunc=4 addr=fee05000 data=00000020?
[    3.034727] baikal_pcie 0000:00:14.4: bpcie_msi_write_msg(fee05000, 00000020) mask=0x0 irq=14 hwirq=0x4 (____ptrval____)?
[    3.034727] baikal_pcie 0000:00:14.4: bpcie_config_msi: func=4 subfunc=4 addr=fee05000 data=00000020?
[    3.074536] baikal_pcie 0000:00:14.4: bpcie_msi_write_msg(fee06000, 00000020) mask=0x0 irq=15 hwirq=0x5 (____ptrval____)?
[    3.075519] baikal_pcie 0000:00:14.4: bpcie_config_msi: func=4 subfunc=5 addr=fee06000 data=00000020?
[    3.075519] baikal_pcie 0000:00:14.4: bpcie_msi_write_msg(fee06000, 00000020) mask=0x0 irq=15 hwirq=0x5 (____ptrval____)?
[    3.075519] baikal_pcie 0000:00:14.4: bpcie_config_msi: func=4 subfunc=5 addr=fee06000 data=00000020?
[    3.115327] baikal_pcie 0000:00:14.4: bpcie_msi_write_msg(fee07000, 00000020) mask=0x0 irq=16 hwirq=0x6 (____ptrval____)?
[    3.116308] baikal_pcie 0000:00:14.4: bpcie_config_msi: func=4 subfunc=6 addr=fee07000 data=00000020?
[    3.116308] baikal_pcie 0000:00:14.4: bpcie_msi_write_msg(fee07000, 00000020) mask=0x0 irq=16 hwirq=0x6 (____ptrval____)?
[    3.116308] baikal_pcie 0000:00:14.4: bpcie_config_msi: func=4 subfunc=6 addr=fee07000 data=00000020?
[    3.156118] baikal_pcie 0000:00:14.4: bpcie_msi_write_msg(fee00000, 00000021) mask=0x0 irq=17 hwirq=0x7 (____ptrval____)?
[    3.157102] baikal_pcie 0000:00:14.4: bpcie_config_msi: func=4 subfunc=7 addr=fee00000 data=00000021?
[    3.157102] baikal_pcie 0000:00:14.4: bpcie_msi_write_msg(fee00000, 00000021) mask=0x0 irq=17 hwirq=0x7 (____ptrval____)?
[    3.157102] baikal_pcie 0000:00:14.4: bpcie_config_msi: func=4 subfunc=7 addr=fee00000 data=00000021?
[    3.196919] baikal_pcie 0000:00:14.4: bpcie_msi_write_msg(fee01000, 00000021) mask=0x0 irq=18 hwirq=0x8 (____ptrval____)?
[    3.197893] baikal_pcie 0000:00:14.4: bpcie_config_msi: func=4 subfunc=8 addr=fee01000 data=00000021?
[    3.197893] baikal_pcie 0000:00:14.4: bpcie_msi_write_msg(fee01000, 00000021) mask=0x0 irq=18 hwirq=0x8 (____ptrval____)?
[    3.197893] baikal_pcie 0000:00:14.4: bpcie_config_msi: func=4 subfunc=8 addr=fee01000 data=00000021?
[    3.237709] baikal_pcie 0000:00:14.4: bpcie_msi_write_msg(fee02000, 00000021) mask=0x0 irq=19 hwirq=0x9 (____ptrval____)?
[    3.238692] baikal_pcie 0000:00:14.4: bpcie_config_msi: func=4 subfunc=9 addr=fee02000 data=00000021?
[    3.238692] baikal_pcie 0000:00:14.4: bpcie_msi_write_msg(fee02000, 00000021) mask=0x0 irq=19 hwirq=0x9 (____ptrval____)?
[    3.238692] baikal_pcie 0000:00:14.4: bpcie_config_msi: func=4 subfunc=9 addr=fee02000 data=00000021?
[    3.278497] baikal_pcie 0000:00:14.4: bpcie_msi_write_msg(fee03000, 00000021) mask=0x0 irq=20 hwirq=0xa (____ptrval____)?
[    3.279482] baikal_pcie 0000:00:14.4: bpcie_config_msi: func=4 subfunc=10 addr=fee03000 data=00000021?
[    3.279482] baikal_pcie 0000:00:14.4: bpcie_msi_write_msg(fee03000, 00000021) mask=0x0 irq=20 hwirq=0xa (____ptrval____)?
[    3.279482] baikal_pcie 0000:00:14.4: bpcie_config_msi: func=4 subfunc=10 addr=fee03000 data=00000021?
[    3.319465] baikal_pcie 0000:00:14.4: bpcie_msi_write_msg(fee04000, 00000021) mask=0x0 irq=21 hwirq=0xb (____ptrval____)?
[    3.320446] baikal_pcie 0000:00:14.4: bpcie_config_msi: func=4 subfunc=11 addr=fee04000 data=00000021?
[    3.320446] baikal_pcie 0000:00:14.4: bpcie_msi_write_msg(fee04000, 00000021) mask=0x0 irq=21 hwirq=0xb (____ptrval____)?
[    3.320446] baikal_pcie 0000:00:14.4: bpcie_config_msi: func=4 subfunc=11 addr=fee04000 data=00000021?
[    3.360429] baikal_pcie 0000:00:14.4: bpcie_msi_write_msg(fee05000, 00000021) mask=0x0 irq=22 hwirq=0xc (____ptrval____)?
[    3.361414] baikal_pcie 0000:00:14.4: bpcie_config_msi: func=4 subfunc=12 addr=fee05000 data=00000021?
[    3.361414] baikal_pcie 0000:00:14.4: bpcie_msi_write_msg(fee05000, 00000021) mask=0x0 irq=22 hwirq=0xc (____ptrval____)?
[    3.361414] baikal_pcie 0000:00:14.4: bpcie_config_msi: func=4 subfunc=12 addr=fee05000 data=00000021?
[    3.401394] baikal_pcie 0000:00:14.4: bpcie_msi_write_msg(fee06000, 00000021) mask=0x0 irq=23 hwirq=0xd (____ptrval____)?
[    3.402375] baikal_pcie 0000:00:14.4: bpcie_config_msi: func=4 subfunc=13 addr=fee06000 data=00000021?
[    3.402375] baikal_pcie 0000:00:14.4: bpcie_msi_write_msg(fee06000, 00000021) mask=0x0 irq=23 hwirq=0xd (____ptrval____)?
[    3.402375] baikal_pcie 0000:00:14.4: bpcie_config_msi: func=4 subfunc=13 addr=fee06000 data=00000021?
[    3.442361] baikal_pcie 0000:00:14.4: bpcie_msi_write_msg(fee07000, 00000021) mask=0x0 irq=24 hwirq=0xe (____ptrval____)?
[    3.443346] baikal_pcie 0000:00:14.4: bpcie_config_msi: func=4 subfunc=14 addr=fee07000 data=00000021?
[    3.443346] baikal_pcie 0000:00:14.4: bpcie_msi_write_msg(fee07000, 00000021) mask=0x0 irq=24 hwirq=0xe (____ptrval____)?
[    3.443346] baikal_pcie 0000:00:14.4: bpcie_config_msi: func=4 subfunc=14 addr=fee07000 data=00000021?
[    3.483330] baikal_pcie 0000:00:14.4: bpcie_msi_write_msg(fee00000, 00000022) mask=0x0 irq=25 hwirq=0xf (____ptrval____)?
[    3.484311] baikal_pcie 0000:00:14.4: bpcie_config_msi: func=4 subfunc=15 addr=fee00000 data=00000022?
[    3.484311] baikal_pcie 0000:00:14.4: bpcie_msi_write_msg(fee00000, 00000022) mask=0x0 irq=25 hwirq=0xf (____ptrval____)?
[    3.484311] baikal_pcie 0000:00:14.4: bpcie_config_msi: func=4 subfunc=15 addr=fee00000 data=00000022?
[    3.524295] baikal_pcie 0000:00:14.4: bpcie_msi_write_msg(fee01000, 00000022) mask=0x0 irq=26 hwirq=0x10 (____ptrval____)?
[    3.525280] baikal_pcie 0000:00:14.4: bpcie_config_msi: func=4 subfunc=16 addr=fee01000 data=00000022?
[    3.525280] baikal_pcie 0000:00:14.4: bpcie_msi_write_msg(fee01000, 00000022) mask=0x0 irq=26 hwirq=0x10 (____ptrval____)?
[    3.525280] baikal_pcie 0000:00:14.4: bpcie_config_msi: func=4 subfunc=16 addr=fee01000 data=00000022?
[    3.565442] baikal_pcie 0000:00:14.4: bpcie_msi_write_msg(fee02000, 00000022) mask=0x0 irq=27 hwirq=0x11 (____ptrval____)?
[    3.566426] baikal_pcie 0000:00:14.4: bpcie_config_msi: func=4 subfunc=17 addr=fee02000 data=00000022?
[    3.566426] baikal_pcie 0000:00:14.4: bpcie_msi_write_msg(fee02000, 00000022) mask=0x0 irq=27 hwirq=0x11 (____ptrval____)?
[    3.566426] baikal_pcie 0000:00:14.4: bpcie_config_msi: func=4 subfunc=17 addr=fee02000 data=00000022?
[    3.606589] baikal_pcie 0000:00:14.4: bpcie_msi_write_msg(fee03000, 00000022) mask=0x0 irq=28 hwirq=0x12 (____ptrval____)?
[    3.607572] baikal_pcie 0000:00:14.4: bpcie_config_msi: func=4 subfunc=18 addr=fee03000 data=00000022?
[    3.607572] baikal_pcie 0000:00:14.4: bpcie_msi_write_msg(fee03000, 00000022) mask=0x0 irq=28 hwirq=0x12 (____ptrval____)?
[    3.607572] baikal_pcie 0000:00:14.4: bpcie_config_msi: func=4 subfunc=18 addr=fee03000 data=00000022?
[    3.647734] baikal_pcie 0000:00:14.4: bpcie_msi_write_msg(fee04000, 00000022) mask=0x0 irq=29 hwirq=0x13 (____ptrval____)?
[    3.648717] baikal_pcie 0000:00:14.4: bpcie_config_msi: func=4 subfunc=19 addr=fee04000 data=00000022?
[    3.648717] baikal_pcie 0000:00:14.4: bpcie_msi_write_msg(fee04000, 00000022) mask=0x0 irq=29 hwirq=0x13 (____ptrval____)?
[    3.648717] baikal_pcie 0000:00:14.4: bpcie_config_msi: func=4 subfunc=19 addr=fee04000 data=00000022?
[    3.688880] baikal_pcie 0000:00:14.4: bpcie_msi_write_msg(fee05000, 00000022) mask=0x0 irq=30 hwirq=0x14 (____ptrval____)?
[    3.689863] baikal_pcie 0000:00:14.4: bpcie_config_msi: func=4 subfunc=20 addr=fee05000 data=00000022?
[    3.689863] baikal_pcie 0000:00:14.4: bpcie_msi_write_msg(fee05000, 00000022) mask=0x0 irq=30 hwirq=0x14 (____ptrval____)?
[    3.689863] baikal_pcie 0000:00:14.4: bpcie_config_msi: func=4 subfunc=20 addr=fee05000 data=00000022?
[    3.730027] baikal_pcie 0000:00:14.4: bpcie_msi_write_msg(fee06000, 00000022) mask=0x0 irq=31 hwirq=0x15 (____ptrval____)?
[    3.731008] baikal_pcie 0000:00:14.4: bpcie_config_msi: func=4 subfunc=21 addr=fee06000 data=00000022?
[    3.731008] baikal_pcie 0000:00:14.4: bpcie_msi_write_msg(fee06000, 00000022) mask=0x0 irq=31 hwirq=0x15 (____ptrval____)?
[    3.731008] baikal_pcie 0000:00:14.4: bpcie_config_msi: func=4 subfunc=21 addr=fee06000 data=00000022?
[    3.771173] baikal_pcie 0000:00:14.4: bpcie_msi_write_msg(fee07000, 00000022) mask=0x0 irq=32 hwirq=0x16 (____ptrval____)?
[    3.772155] baikal_pcie 0000:00:14.4: bpcie_config_msi: func=4 subfunc=22 addr=fee07000 data=00000022?
[    3.772155] baikal_pcie 0000:00:14.4: bpcie_msi_write_msg(fee07000, 00000022) mask=0x0 irq=32 hwirq=0x16 (____ptrval____)?
[    3.772155] baikal_pcie 0000:00:14.4: bpcie_config_msi: func=4 subfunc=22 addr=fee07000 data=00000022?
[    3.812314] baikal_pcie 0000:00:14.4: bpcie_msi_write_msg(fee00000, 00000023) mask=0x0 irq=33 hwirq=0x17 (____ptrval____)?
[    3.813298] baikal_pcie 0000:00:14.4: bpcie_config_msi: func=4 subfunc=23 addr=fee00000 data=00000023?
[    3.813298] baikal_pcie 0000:00:14.4: bpcie_msi_write_msg(fee00000, 00000023) mask=0x0 irq=33 hwirq=0x17 (____ptrval____)?
[    3.813298] baikal_pcie 0000:00:14.4: bpcie_config_msi: func=4 subfunc=23 addr=fee00000 data=00000023?
[    3.853455] baikal_pcie 0000:00:14.4: bpcie_msi_write_msg(fee01000, 00000023) mask=0x0 irq=34 hwirq=0x18 (____ptrval____)?
[    3.854440] baikal_pcie 0000:00:14.4: bpcie_config_msi: func=4 subfunc=24 addr=fee01000 data=00000023?
[    3.854440] baikal_pcie 0000:00:14.4: bpcie_msi_write_msg(fee01000, 00000023) mask=0x0 irq=34 hwirq=0x18 (____ptrval____)?
[    3.854440] baikal_pcie 0000:00:14.4: bpcie_config_msi: func=4 subfunc=24 addr=fee01000 data=00000023?
[    3.894601] baikal_pcie 0000:00:14.4: bpcie_msi_write_msg(fee02000, 00000023) mask=0x0 irq=35 hwirq=0x19 (____ptrval____)?
[    3.895582] baikal_pcie 0000:00:14.4: bpcie_config_msi: func=4 subfunc=25 addr=fee02000 data=00000023?
[    3.895582] baikal_pcie 0000:00:14.4: bpcie_msi_write_msg(fee02000, 00000023) mask=0x0 irq=35 hwirq=0x19 (____ptrval____)?
[    3.895582] baikal_pcie 0000:00:14.4: bpcie_config_msi: func=4 subfunc=25 addr=fee02000 data=00000023?
[    3.935744] baikal_pcie 0000:00:14.4: bpcie_msi_write_msg(fee03000, 00000023) mask=0x0 irq=36 hwirq=0x1a (____ptrval____)?
[    3.936729] baikal_pcie 0000:00:14.4: bpcie_config_msi: func=4 subfunc=26 addr=fee03000 data=00000023?
[    3.936729] baikal_pcie 0000:00:14.4: bpcie_msi_write_msg(fee03000, 00000023) mask=0x0 irq=36 hwirq=0x1a (____ptrval____)?
[    3.936729] baikal_pcie 0000:00:14.4: bpcie_config_msi: func=4 subfunc=26 addr=fee03000 data=00000023?
[    3.976891] baikal_pcie 0000:00:14.4: bpcie_msi_write_msg(fee04000, 00000023) mask=0x0 irq=37 hwirq=0x1b (____ptrval____)?
[    3.977872] baikal_pcie 0000:00:14.4: bpcie_config_msi: func=4 subfunc=27 addr=fee04000 data=00000023?
[    3.977872] baikal_pcie 0000:00:14.4: bpcie_msi_write_msg(fee04000, 00000023) mask=0x0 irq=37 hwirq=0x1b (____ptrval____)?
[    3.977872] baikal_pcie 0000:00:14.4: bpcie_config_msi: func=4 subfunc=27 addr=fee04000 data=00000023?
[    4.018034] baikal_pcie 0000:00:14.4: bpcie_msi_write_msg(fee05000, 00000023) mask=0x0 irq=38 hwirq=0x1c (____ptrval____)?
[    4.019019] baikal_pcie 0000:00:14.4: bpcie_config_msi: func=4 subfunc=28 addr=fee05000 data=00000023?
[    4.019019] baikal_pcie 0000:00:14.4: bpcie_msi_write_msg(fee05000, 00000023) mask=0x0 irq=38 hwirq=0x1c (____ptrval____)?
[    4.019019] baikal_pcie 0000:00:14.4: bpcie_config_msi: func=4 subfunc=28 addr=fee05000 data=00000023?
[    4.059179] baikal_pcie 0000:00:14.4: bpcie_msi_write_msg(fee06000, 00000023) mask=0x0 irq=39 hwirq=0x1d (____ptrval____)?
[    4.060160] baikal_pcie 0000:00:14.4: bpcie_config_msi: func=4 subfunc=29 addr=fee06000 data=00000023?
[    4.060160] baikal_pcie 0000:00:14.4: bpcie_msi_write_msg(fee06000, 00000023) mask=0x0 irq=39 hwirq=0x1d (____ptrval____)?
[    4.060160] baikal_pcie 0000:00:14.4: bpcie_config_msi: func=4 subfunc=29 addr=fee06000 data=00000023?
[    4.100321] baikal_pcie 0000:00:14.4: bpcie_msi_write_msg(fee07000, 00000023) mask=0x0 irq=40 hwirq=0x1e (____ptrval____)?
[    4.101306] baikal_pcie 0000:00:14.4: bpcie_config_msi: func=4 subfunc=30 addr=fee07000 data=00000023?
[    4.101306] baikal_pcie 0000:00:14.4: bpcie_msi_write_msg(fee07000, 00000023) mask=0x0 irq=40 hwirq=0x1e (____ptrval____)?
[    4.101306] baikal_pcie 0000:00:14.4: bpcie_config_msi: func=4 subfunc=30 addr=fee07000 data=00000023?
[    4.141464] baikal_pcie 0000:00:14.4: bpcie_msi_write_msg(fee00000, 00000024) mask=0x0 irq=41 hwirq=0x1f (____ptrval____)?
[    4.142448] baikal_pcie 0000:00:14.4: bpcie_config_msi: func=4 subfunc=31 addr=fee00000 data=00000024?
[    4.142448] baikal_pcie 0000:00:14.4: bpcie_msi_write_msg(fee00000, 00000024) mask=0x0 irq=41 hwirq=0x1f (____ptrval____)?
[    4.142448] baikal_pcie 0000:00:14.4: bpcie_config_msi: func=4 subfunc=31 addr=fee00000 data=00000024?
[    4.182609] bpcie_icc_init: shotgun-registered ICC at 32 additional virqs (0..63)?
[    4.190243] baikal_pcie 0000:00:14.4: icc init-diag: ICC virq=13 STATUS=0x0 IRQ_MASK=0x3 DOORBELL_off=0x108004 STATUS_off=0x108014?
[    4.202243] i2c i2c-0: adapter [icc] registered?
[    4.207003] icc_interrupt: irq=35 entry status=0x2?
[    4.208382] icc_interrupt: irq=0 entry status=0x2?
[    4.229568] icc_interrupt: irq=35 entry status=0x1?
[    4.230356] icc_interrupt: irq=0 entry status=0x1?
[    4.239247] Turn ON BT/WLAN: ret=20, reply 00 00 00 00?
[    4.239370] icc_interrupt: irq=35 entry status=0x2?
[    4.240352] icc_interrupt: irq=0 entry status=0x2?
[    4.254285] usb0 status: ret=20, reply 00 00 01 00?
[    4.254290] USB is already turned ON!?
[    4.259243] input: Power Button as /devices/pci0000:00/0000:00:14.4/input/input0?
[    4.270651] icc_interrupt: irq=35 entry status=0x2?
[    4.271360] icc_interrupt: irq=0 entry status=0x2?
[    4.284582] icc_interrupt: irq=35 entry status=0x1?
[    4.285336] icc_interrupt: irq=0 entry status=0x1?
[    4.294263] icc: not ready?
[    4.297021] baikal_pcie 0000:00:14.4: icc_pwrbutton_init: Failed to enable reset notifications (-11)?
[    4.325343] ret=46, reply 00 00 03 00 00 00 15 00?
[    4.335338] ret=20, reply 00 00 01 02 10 00 00 00?
[    4.345335] ret=20, reply 00 00 00 00 00 00 00 00?
[    4.350243] wireguard: WireGuard 1.0.0 loaded. See www.wireguard.com for information.?
[    4.358228] wireguard: Copyright (C) 2015-2019 Jason A. Donenfeld <Jason@zx2c4.com>. All Rights Reserved.?
[    4.368476] sky2: driver version 1.30?
[    4.372309] ps4_mts 0000:00:14.1: Baikal MTS: BAR0=[mem 0xc2000000-0xc2000fff 64bit], mapped at (____ptrval____)?
[    4.382703] ps4_mts 0000:00:14.1: DMA rings: TX=0x000000000103e000 RX=0x000000000103f000 (each 4096 bytes, zeroed)?
[    4.393264] bpcie_init_dev_msi_info: dev=0000:00:14.1 installed bpcie demuxer (sc=(____ptrval____))?
[    4.402522] bpcie_msi_init: virq=1 hwirq=0x0 domain=(____ptrval____) info=(____ptrval____) sc=(____ptrval____)?
[    4.412725] bpcie_msi_init: registered virq=1 irq_map[32]?
[    4.418232] ps4_mts 0000:00:14.1: bpcie_msi_write_msg(fee00000, 000000ef) mask=0x0 irq=1 hwirq=0x0 (____ptrval____)?
[    4.428881] baikal_pcie 0000:00:14.4: bpcie_config_msi: func=1 subfunc=0 addr=fee00000 data=000000ef?
[    4.438218] ps4_mts 0000:00:14.1: bpcie_msi_write_msg(fee01000, 00000024) mask=0x0 irq=1 hwirq=0x0 (____ptrval____)?
[    4.439187] baikal_pcie 0000:00:14.4: bpcie_config_msi: func=1 subfunc=0 addr=fee01000 data=00000024?
[    4.439187] ps4_mts 0000:00:14.1: bpcie_msi_write_msg(fee01000, 00000024) mask=0x0 irq=1 hwirq=0x0 (____ptrval____)?
[    4.439187] baikal_pcie 0000:00:14.4: bpcie_config_msi: func=1 subfunc=0 addr=fee01000 data=00000024?
[    4.478152] ps4_mts 0000:00:14.1: registered ISR on IRQ 1 (MSI)?
[    5.004838] ps4_mts 0000:00:14.1: PHY PLL: MMD 0x1f reg 0x403 read 0x1000 (bit 5 PLL_OFF=0)?
[    5.005034] ps4_mts 0000:00:14.1: ISR: NEW pattern slot[0] = 0x00040000 (total=1)?
[    5.013386] ps4_mts 0000:00:14.1: PHY PLL: wrote MMD 0x1f reg 0x403 <- 0x1050 (PLL on, bypass mode)?
[    5.030250] ps4_mts 0000:00:14.1: PHY PLL: readback MMD 0x1f reg 0x403 = 0x1050?
[    5.037921] ps4_mts 0000:00:14.1: v87 tail: MMD 0x1e reg 0x330 0x0000 -> 0x0000 (cleared bit 12)?
[    5.046938] ps4_mts 0000:00:14.1: v87 tail: ANAR 0x01e1 -> 0x01e1 (mask 0xf3ff)?
[    5.054488] ps4_mts 0000:00:14.1: v88(a): near-echo MMD0x1e r0xa6: 0x0000 -> 0x0300?
[    5.062387] ps4_mts 0000:00:14.1: v88(b): RX ADC bias MMD0x1e r0xc6: 0x53aa -> 0x53aa?
[    5.070470] ps4_mts 0000:00:14.1: v88(c): 100M MSE MMD0x1e r0x123 = 0xffff?
[    5.077580] ps4_mts 0000:00:14.1: v88(d): SlvDPSready TR read = 0x00060671 (current SlvDPSready=0x0c)?
[    5.087067] ps4_mts 0000:00:14.1: v88(d): SlvDPSready TR write = 0x002f0671 (SlvDPSready=0x5e)?
[    5.095955] ps4_mts 0000:00:14.1: v88(e): EN_DOWNSHIFT page1 reg0x14: 0x3a45 -> 0x3a55?
[    5.104110] ps4_mts 0000:00:14.1: v88(f): 1000BT_CTRL reg9: 0x0200 -> 0x0000 (no 1000BT advertise)?
[    5.113334] ps4_mts 0000:00:14.1: v89(g): TX_DELAY r0x13: 0x0044 -> 0x0444 (PAIR_B=4 PAIR_D=4)?
[    5.122213] ps4_mts 0000:00:14.1: v89(g): TX_DELAY r0x14: 0x0044 -> 0x0444 (PAIR_B=4 PAIR_D=4)?
[    5.131089] ps4_mts 0000:00:14.1: v92(h): TXEN_DIG MMD0x1e r0x144 0x0220 -> 0x0200 (was bit5=1, now 0)?
[    5.140642] ps4_mts 0000:00:14.1: v88 final: BMCR 0x1040 -> 0x1240 (AN restart after DSP corrections)?
[    5.150081] ps4_mts 0000:00:14.1: engines started: BAR+0x34=0x00000001 BAR+0x38=0x00000008?
[    5.159555] ps4_mts 0000:00:14.1: v91(a): status unit OP_ON: BAR+0xe80=0x00000000 BAR+0x04=0x00000b18?
[    5.169179] ps4_mts 0000:00:14.1: v91(b) MMD1 PMA: r0=0x0000[LB=0 PD=0] r1=0x0000 r4=0x0000 r5=0x0000?
[    5.178614] ps4_mts 0000:00:14.1: v91(b) MMD7 AN:  r0=0x0000 r1=0x0000?
[    5.185291] ps4_mts 0000:00:14.1: SMI sweep:?
[    5.189670] ps4_mts 0000:00:14.1:   reg  0 = 0x1040?
[    5.194669] ps4_mts 0000:00:14.1:   reg  1 = 0x7949?
[    5.199667] ps4_mts 0000:00:14.1:   reg  2 = 0x03a2?
[    5.204668] ps4_mts 0000:00:14.1:   reg  3 = 0x9441?
[    5.209667] ps4_mts 0000:00:14.1:   reg  4 = 0x01e1?
[    5.214664] ps4_mts 0000:00:14.1:   reg  5 = 0xcde1?
[    5.219663] ps4_mts 0000:00:14.1:   reg  6 = 0x0006?
[    5.224663] ps4_mts 0000:00:14.1:   reg  7 = 0x2001?
[    5.229662] ps4_mts 0000:00:14.1:   reg  8 = 0x4006?
[    5.234661] ps4_mts 0000:00:14.1:   reg  9 = 0x0000?
[    5.239659] ps4_mts 0000:00:14.1:   reg 10 = 0x40ff?
[    5.244660] ps4_mts 0000:00:14.1:   reg 11 = 0x0000?
[    5.249658] ps4_mts 0000:00:14.1:   reg 12 = 0x0000?
[    5.254668] ps4_mts 0000:00:14.1:   reg 13 = 0x0000?
[    5.259667] ps4_mts 0000:00:14.1:   reg 14 = 0x0000?
[    5.264667] ps4_mts 0000:00:14.1:   reg 15 = 0x2000?
[    5.269677] ps4_mts 0000:00:14.1:   reg 16 = 0x0000?
[    5.274675] ps4_mts 0000:00:14.1:   reg 17 = 0x6200?
[    5.279674] ps4_mts 0000:00:14.1:   reg 18 = 0x0048?
[    5.284673] ps4_mts 0000:00:14.1:   reg 19 = 0x0000?
[    5.289672] ps4_mts 0000:00:14.1:   reg 20 = 0x0017?
[    5.294671] ps4_mts 0000:00:14.1:   reg 21 = 0x0002?
[    5.299671] ps4_mts 0000:00:14.1:   reg 22 = 0x3040?
[    5.304669] ps4_mts 0000:00:14.1:   reg 23 = 0x00a0?
[    5.309680] ps4_mts 0000:00:14.1:   reg 24 = 0x0004?
[    5.314679] ps4_mts 0000:00:14.1:   reg 25 = 0x0000?
[    5.319677] ps4_mts 0000:00:14.1:   reg 26 = 0x2589?
[    5.324677] ps4_mts 0000:00:14.1:   reg 27 = 0x0000?
[    5.329676] ps4_mts 0000:00:14.1:   reg 28 = 0x8000?
[    5.334674] ps4_mts 0000:00:14.1:   reg 29 = 0x2000?
[    5.339674] ps4_mts 0000:00:14.1:   reg 30 = 0x0000?
[    5.344684] ps4_mts 0000:00:14.1:   reg 31 = 0x0000?
[    5.349700] ps4_mts 0000:00:14.1: PHY ID1=0x03a2 ID2=0x9441?
[    5.355626] ps4_mts 0000:00:14.1: phy_ctrl: linkreg changed 0xffffffff -> 0x00000b18?
[    5.355846] ps4_mts 0000:00:14.1: v93: netdev mts0 registered (MAC f2:99:33:d4:53:1c)?
[    5.363588] ps4_mts 0000:00:14.1: phy_ctrl: BMSR latch=0x7949 current=0x7949 (link@phy=0 AN@phy=0)?
[    5.372038] xhci_aeolia 0000:00:14.7: bpcie_assign_irqs(3)?
[    5.380738] ps4_mts 0000:00:14.1: phy_ctrl: LP ABILITY (reg5)=0x0000 (RF=0 ACK=0 100TX_FD=0 100TX=0 10T_FD=0 10T=0)?
[    5.386346] bpcie_init_dev_msi_info: dev=0000:00:14.7 installed bpcie demuxer (sc=(____ptrval____))?
[    5.397019] ps4_mts 0000:00:14.1: phy_ctrl: 1000BT_STAT (reg10)=0x4000 (MS_FAULT=0 MS_CFG=1 L_RX_OK=0 R_RX_OK=0 LP_FD=0 LP_HD=0)?
[    5.406297] bpcie_msi_init: virq=2 hwirq=0x0 domain=(____ptrval____) info=(____ptrval____) sc=(____ptrval____)?
[    5.418148] ps4_mts 0000:00:14.1: phy_ctrl: AN restart (iter=0, BMCR<-0x1200, reason=first)?
[    5.428314] bpcie_msi_init: registered virq=2 irq_map[33]?
[    5.442374] xhci_aeolia 0000:00:14.7: bpcie_msi_write_msg(fee00000, 000000ef) mask=0x0 irq=2 hwirq=0x0 (____ptrval____)?
[    5.453419] baikal_pcie 0000:00:14.4: bpcie_config_msi: func=7 subfunc=0 addr=fee00000 data=000000ef?
[    5.462795] xhci_aeolia 0000:00:14.7: bpcie_assign_irqs returning 1?
[    5.469207] xhci_aeolia 0000:00:14.7: version 3.0?
[    5.474030] xhci_aeolia 0000:00:14.7: Belize SATA PHY init?
[    5.659686] clocksource: timekeeping watchdog on CPU2: Marking clocksource 'tsc-early' as unstable because the skew is too large:?
[    5.671600] clocksource:                       'refined-jiffies' wd_nsec: 503923392 wd_now: fffb7208 wd_last: fffb7010 mask: ffffffff?
[    5.683873] clocksource:                       'tsc-early' cs_nsec: 902847977 cs_now: 516b3abb34 cs_last: 511571d6b8 mask: ffffffffffffffff?
[    5.696678] clocksource:                       Clocksource 'tsc-early' skewed 398924585 ns (398 ms) over watchdog 'refined-jiffies' interval of 503923392 ns (503 ms)?
[    5.711789] clocksource:                       'tsc-early' is current clocksource.?
[    5.719526] tsc: Marking TSC unstable due to clocksource watchdog?
[    6.479679] xhci_aeolia 0000:00:14.7: PHY SET GEN3?
[    6.484579] xhci_aeolia 0000:00:14.7: Belize SATA PHY Trace length : 6?
[    6.491625] ps4_mts 0000:00:14.1: link DOWN (linkreg=0x00000b18, BMSR=0x7949)?
[    7.491346] xhci_aeolia 0000:00:14.7: Align 90=0x00?
[    7.496373] clocksource: Switched to clocksource refined-jiffies?
[    7.496420] xhci_aeolia 0000:00:14.7: AHCI vers 0001.0300, 32 command slots, 6 Gbps, ATA mode?
[    7.510373] xhci_aeolia 0000:00:14.7: 1/1 ports implemented (port mask 0x1)?
[    7.518370] xhci_aeolia 0000:00:14.7: flags: ncq sntf pm clo only pmp pio slum part ccc apst ?
[    7.526408] xhci_aeolia 0000:00:14.7: bpcie_msi_write_msg(fee02000, 00000024) mask=0x0 irq=2 hwirq=0x0 (____ptrval____)?
[    7.527359] baikal_pcie 0000:00:14.4: bpcie_config_msi: func=7 subfunc=0 addr=fee02000 data=00000024?
[    7.527359] xhci_aeolia 0000:00:14.7: bpcie_msi_write_msg(fee02000, 00000024) mask=0x0 irq=2 hwirq=0x0 (____ptrval____)?
[    7.527359] baikal_pcie 0000:00:14.4: bpcie_config_msi: func=7 subfunc=0 addr=fee02000 data=00000024?
[    7.527510] scsi host0: ahci?
[    7.529387] ata1: SATA max UDMA/133 abar m65536@0xce800000 port 0xce800100 irq 2 lpm-pol 0?
[    7.581363] xhci_aeolia_probe_one 0, controller is 90de?
[    7.582377] xhci_aeolia 0000:00:14.7: xHCI Host Controller?
[    7.584364] xhci_aeolia 0000:00:14.7: new USB bus registered, assigned bus number 1?
[    7.585470] xhci_aeolia 0000:00:14.7: hcc params 0x0228f66c hci version 0x100 quirks 0x0004000000010010?
[    7.586360] xhci_aeolia 0000:00:14.7: irq 2, io mem 0xce000000?
[    7.587468] xhci_aeolia 0000:00:14.7: xHCI Host Controller?
[    7.588358] xhci_aeolia 0000:00:14.7: new USB bus registered, assigned bus number 2?
[    7.610361] xhci_aeolia 0000:00:14.7: Host supports USB 3.0 SuperSpeed?
[    7.611465] usb usb1: New USB device found, idVendor=1d6b, idProduct=0002, bcdDevice= 6.15?
[    7.612354] usb usb1: New USB device strings: Mfr=3, Product=2, SerialNumber=1?
[    7.613351] usb usb1: Product: xHCI Host Controller?
[    7.614351] usb usb1: Manufacturer: Linux 6.15.4-Baikal_TESTING_crashniels-dirty xhci-hcd?
[    7.615350] usb usb1: SerialNumber: 0000:00:14.7?
[    7.617417] hub 1-0:1.0: USB hub found?
[    7.618370] hub 1-0:1.0: 2 ports detected?
[    7.619575] usb usb2: We don't know the algorithms for LPM for this host, disabling LPM.?
[    7.620428] usb usb2: New USB device found, idVendor=1d6b, idProduct=0003, bcdDevice= 6.15?
[    7.621351] usb usb2: New USB device strings: Mfr=3, Product=2, SerialNumber=1?
[    7.622350] usb usb2: Product: xHCI Host Controller?
[    7.623349] usb usb2: Manufacturer: Linux 6.15.4-Baikal_TESTING_crashniels-dirty xhci-hcd?
[    7.624349] usb usb2: SerialNumber: 0000:00:14.7?
[    7.625433] hub 2-0:1.0: USB hub found?
[    7.629363] hub 2-0:1.0: 2 ports detected?
[    7.654357] xhci_aeolia_probe_one 2, controller is 90de?
[    7.659374] xhci_aeolia 0000:00:14.7: xHCI Host Controller?
[    7.665351] xhci_aeolia 0000:00:14.7: new USB bus registered, assigned bus number 3?
[    7.673469] xhci_aeolia 0000:00:14.7: hcc params 0x0220f06c hci version 0x100 quirks 0x0004000000010010?
[    7.683355] xhci_aeolia 0000:00:14.7: irq 2, io mem 0xcf000000?
[    7.689349] debugfs: Directory '0000:00:14.7' with parent 'xhci' already present!?
[    7.696373] xhci_aeolia 0000:00:14.7: xHCI Host Controller?
[    7.702345] xhci_aeolia 0000:00:14.7: new USB bus registered, assigned bus number 4?
[    7.731337] xhci_aeolia 0000:00:14.7: Host supports USB 3.0 SuperSpeed?
[    7.738436] usb usb3: New USB device found, idVendor=1d6b, idProduct=0002, bcdDevice= 6.15?
[    7.746344] usb usb3: New USB device strings: Mfr=3, Product=2, SerialNumber=1?
[    7.754335] usb usb3: Product: xHCI Host Controller?
[    7.759333] usb usb3: Manufacturer: Linux 6.15.4-Baikal_TESTING_crashniels-dirty xhci-hcd?
[    7.767332] usb usb3: SerialNumber: 0000:00:14.7?
[    7.772514] hub 3-0:1.0: USB hub found?
[    7.776354] hub 3-0:1.0: 1 port detected?
[    7.780470] usb usb4: We don't know the algorithms for LPM for this host, disabling LPM.?
[    7.788406] usb usb4: New USB device found, idVendor=1d6b, idProduct=0003, bcdDevice= 6.15?
[    7.797328] usb usb4: New USB device strings: Mfr=3, Product=2, SerialNumber=1?
[    7.804331] usb usb4: Product: xHCI Host Controller?
[    7.809326] usb usb4: Manufacturer: Linux 6.15.4-Baikal_TESTING_crashniels-dirty xhci-hcd?
[    7.818325] usb usb4: SerialNumber: 0000:00:14.7?
[    7.823414] hub 4-0:1.0: USB hub found?
[    7.824339] hub 4-0:1.0: 1 port detected?
[    7.846388] usbcore: registered new interface driver uas?
[    7.847370] usbcore: registered new interface driver usb-storage?
[    7.848367] i8042: PNP: No PS/2 controller found.?
[    7.849355] mousedev: PS/2 mouse device common for all mice?
[    7.850395] usbcore: registered new interface driver xpad?
[    7.851360] i2c_dev: i2c /dev entries driver?
[    7.852360] i2c_dev: adapter [icc] registered as minor 0?
[    7.853339] i2c-core: driver [i2c-slave-eeprom] registered?
[    7.855322] usb 1-1: new high-speed USB device number 2 using xhci_aeolia?
[    7.857598] device-mapper: ioctl: 4.49.0-ioctl (2025-01-17) initialised: dm-devel@lists.linux.dev?
[    7.858361] amd_pstate: the _CPC object is not present in SBIOS or ACPI disabled?
[    7.859317] sdhci: Secure Digital Host Controller Interface driver?
[    7.860312] sdhci: Copyright(c) Pierre Ossman?
[    7.862354] hid: raw HID events driver (C) Jiri Kosina?
[    7.862334] sdhci-pci 0000:00:14.3: SDHCI controller found [104d:90da] (rev 0)?
[    7.863452] usbcore: registered new interface driver usbhid?
[    7.864360] bpcie_init_dev_msi_info: dev=0000:00:14.3 installed bpcie demuxer (sc=(____ptrval____))?
[    7.865311] usbhid: USB HID core driver?
[    7.865563] snd_hda_intel 0000:00:01.1: can't derive routing for PCI INT B?
[    7.866366] bpcie_msi_init: virq=3 hwirq=0x0 domain=(____ptrval____) info=(____ptrval____) sc=(____ptrval____)?
[    7.867311] snd_hda_intel 0000:00:01.1: PCI INT B: not connected?
[    7.867595] NET: Registered PF_INET6 protocol family?
[    7.868317] bpcie_msi_init: registered virq=3 irq_map[34]?
[    7.869439] Segment Routing with IPv6?
[    7.870332] sdhci-pci 0000:00:14.3: bpcie_msi_write_msg(fee00000, 000000ef) mask=0x0 irq=3 hwirq=0x0 (____ptrval____)?
[    7.871473] In-situ OAM (IOAM) with IPv6?
[    7.873326] baikal_pcie 0000:00:14.4: bpcie_config_msi: func=3 subfunc=0 addr=fee00000 data=000000ef?
[    7.874396] NET: Registered PF_PACKET protocol family?
[    7.875417] sdhci-pci 0000:00:14.3: bpcie_msi_write_msg(fee04000, 00000024) mask=0x0 irq=3 hwirq=0x0 (____ptrval____)?
[    7.877341] Bluetooth: RFCOMM TTY layer initialized?
[    7.880378] input: HD-Audio Generic HDMI/DP,pcm=3 as /devices/pci0000:00/0000:00:01.1/sound/card0/input1?
[    7.880417] input: HD-Audio Generic HDMI/DP,pcm=7 as /devices/pci0000:00/0000:00:01.1/sound/card0/input2?
[    7.876306] baikal_pcie 0000:00:14.4: bpcie_config_msi: func=3 subfunc=0 addr=fee04000 data=00000024?
[    7.876306] sdhci-pci 0000:00:14.3: bpcie_msi_write_msg(fee04000, 00000024) mask=0x0 irq=3 hwirq=0x0 (____ptrval____)?
[    7.890315] Bluetooth: RFCOMM socket layer initialized?
[    7.876306] baikal_pcie 0000:00:14.4: bpcie_config_msi: func=3 subfunc=0 addr=fee04000 data=00000024?
[    7.946325] usb usb3-port1: over-current condition?
[    7.950317] Bluetooth: RFCOMM ver 1.11?
[    7.950345] mmc0: SDHCI controller on PCI [0000:00:14.3] using ADMA?
[    7.980300] Bluetooth: BNEP (Ethernet Emulation) ver 1.3?
[    7.985321] Bluetooth: BNEP filters: protocol multicast?
[    7.991314] Bluetooth: BNEP socket layer initialized?
[    7.996320] Bluetooth: HIDP (Human Interface Emulation) ver 1.2?
[    7.997323] ata1: SATA link up 3.0 Gbps (SStatus 123 SControl 300)?
[    8.002316] Bluetooth: HIDP socket layer initialized?
[    8.008304] usb 1-1: New USB device found, idVendor=1a40, idProduct=0101, bcdDevice= 1.00?
[    8.011292] usb 1-1: New USB device strings: Mfr=0, Product=1, SerialNumber=0?
[    8.012290] usb 1-1: Product: USB2.0 HUB?
[    8.014348] microcode: Current revision: 0x0701a001?
[    8.020328] IPI shorthand broadcast: enabled?
[    8.026320] ata1.00: FORCE: modified (disable)?
[    8.031307] ata1.00: unsupported device, disabling?
[    8.036289] ata1.00: disable device?
[    8.042356] registered taskstats version 1?
[    8.046316] Loading compiled-in X.509 certificates?
[    8.049311] mmc0: new UHS-I speed SDR104 SDIO card at address 0001?
[    8.059357] hub 1-1:1.0: USB hub found?
[    8.059299] Demotion targets for Node 0: null?
[    8.059677] Btrfs loaded, zoned=no, fsverity=no?
[    8.059510] [wlan][83]halPollDbgCr:(INIT WARN) SWPCDBGR 0x00000000?
[    8.061284] hub 1-1:1.0: 4 ports detected?
[    8.062615] amdgpu 0000:00:01.0: can't derive routing for PCI INT A?
[    8.079294] amdgpu 0000:00:01.0: PCI INT A: not connected?
[    8.085294] [drm] initializing kernel modesetting (LIVERPOOL 0x1002:0x9923 0x1002:0x9923 0x00).?
[    8.094335] [drm] register mmio base: 0xE4800000?
[    8.098288] random: crng init done?
[    8.099289] [drm] register mmio size: 262144?
[    8.106325] usb 2-2: new SuperSpeed USB device number 2 using xhci_aeolia?
[    8.107312] amdgpu 0000:00:01.0: amdgpu: detected ip block number 0 <cik_common>?
[    8.121286] amdgpu 0000:00:01.0: amdgpu: detected ip block number 1 <gmc_v7_0>?
[    8.127290] usb 2-2: New USB device found, idVendor=0951, idProduct=1666, bcdDevice= 1.10?
[    8.128286] amdgpu 0000:00:01.0: amdgpu: detected ip block number 2 <cik_ih>?
[    8.128293] usb 2-2: New USB device strings: Mfr=2, Product=3, SerialNumber=4?
[    8.128303] amdgpu 0000:00:01.0: amdgpu: detected ip block number 3 <dce_v8_0>?
[    8.128308] amdgpu 0000:00:01.0: amdgpu: detected ip block number 4 <gfx_v7_0>?
[    8.128317] usb 2-2: Product: DataTraveler 3.0?
[    8.128327] amdgpu 0000:00:01.0: amdgpu: detected ip block number 5 <cik_sdma>?
[    8.128336] usb 2-2: Manufacturer: Kingston?
[    8.128342] usb 2-2: SerialNumber: E0D55EA573F0194049CD0236?
[    8.129357] usb-storage 2-2:1.0: USB Mass Storage device detected?
[    8.137284] amdgpu 0000:00:01.0: amdgpu: detected ip block number 6 <uvd_v4_2>?
[    8.137291] amdgpu 0000:00:01.0: amdgpu: detected ip block number 7 <vce_v2_0>?
[    8.141303] usb usb4-port1: over-current condition?
[    8.142333] scsi host1: usb-storage 2-2:1.0?
[    8.222403] amdgpu 0000:00:01.0: amdgpu: Fetched VBIOS from ROM BAR?
[    8.228273] amdgpu: ATOM BIOS: 113-Starsha2-018?
[    8.233642] [drm] ps4 uvd: skipping UVD entirely on Liverpool/Gladius (no SAMU auth -> no functional UVD; avoids fault storm)?
[    8.245288] [drm:amdgpu_device_init.cold] *ERROR* early_init of IP block <uvd_v4_2> failed -19?
[    8.254269] [drm] ps4 vce: skipping VCE entirely on Liverpool/Gladius?
[    8.260262] [drm:amdgpu_device_init.cold] *ERROR* early_init of IP block <vce_v2_0> failed -19?
[    8.269339] amdgpu 0000:00:01.0: amdgpu: Fatal error during GPU init?
[    8.276260] amdgpu 0000:00:01.0: amdgpu: amdgpu: finishing device.?
[    8.282334] ahci 0000:00:14.2: version 3.0?
[    8.286280] ahci 0000:00:14.2: probe with driver ahci failed with error -12?
[    8.294284] ps4-power: reboot_notifier installed ??? ICC cmd 04/0004 on SYS_POWER_OFF?
[    8.295271] printk: legacy console [netcon0] enabled?
[    8.296247] netconsole: network logging started?
[    8.298392] cfg80211: Loading compiled-in X.509 certificates for regulatory database?
[    8.300443] Loaded X.509 cert 'sforshee: 00b28ddf47aef9cea7'?
[    8.302829] Loaded X.509 cert 'wens: 61c038651aabdcf94bd0ac7ff06c7248db18c600'?
[    8.304244] clk: Disabling unused clocks?
[    8.305332] platform regulatory.0: Direct firmware load for regulatory.db failed with error -2?
[    8.306232] ALSA device list:?
[    8.306246] cfg80211: failed to load regulatory.db?
[    8.314267]   #0: HD-Audio Generic at 0xe4840000 irq 4?
[    8.321265] Freeing unused kernel image (initmem) memory: 1624K?
[    8.327280] Write protecting the kernel read-only data: 34816k?
[    8.334108] Freeing unused kernel image (text/rodata gap) memory: 1096K?
[    8.341727] Freeing unused kernel image (rodata/data gap) memory: 1452K?
[    8.349248] rodata_test: all tests were successful?
[    8.353305] Run /init as init process?
[    8.357238]   with arguments:?
[    8.360236]     /init?
[    8.363236]   with environment:?
[    8.366235]     HOME=/?
[    8.368235]     TERM=linux?
[    8.437250] usb 1-1.1: new high-speed USB device number 3 using xhci_aeolia?
[    8.549251] ps4_mts 0000:00:14.1: phy_ctrl: BMSR latch=0x7969 current=0x7969 (link@phy=0 AN@phy=1)?
[    8.559229] ps4_mts 0000:00:14.1: phy_ctrl: LP ABILITY (reg5)=0xcde1 (RF=0 ACK=1 100TX_FD=1 100TX=1 10T_FD=1 10T=1)?
[    8.569226] ps4_mts 0000:00:14.1: phy_ctrl: 1000BT_STAT (reg10)=0x7800 (MS_FAULT=0 MS_CFG=1 L_RX_OK=1 R_RX_OK=1 LP_FD=1 LP_HD=0)?
[    8.581241] ps4_mts 0000:00:14.1: v94/v95: netif_carrier_on (PHY-level: BMSR=0x7969 LPA=0xcde1)?
