ugen0.6: <Kingston, DataTraveler 3.0, E0D55EA573F0194049CD0236>(VID=0x0951 PID=0x1666 depth=1 port=4 speed=4) at usbus0?
umass1: <Kingston DataTraveler 3.0, class 0/0, rev 3.20/1.10, addr 8> on usbus0?
umass1: sim_unit:0x00000001 device_unit:0x00000001?
umass1:  SCSI over Bulk-Only; quirks = 0x0000?
umass1:3:1:-1: Attached to scbus3?
(probe0:umass-sim1:1:0:0): REPORT LUNS. CDB: a0 0 0 0 0 0 0 0 0 10 0 0 ?
(probe0:umass-sim1:1:0:0): CAM status: SCSI Status Error?
(probe0:umass-sim1:1:0:0): SCSI status: Check Condition?
(probe0:umass-sim1:1:0:0): SCSI sense: ILLEGAL REQUEST asc:20,0 (Invalid command operation code)?
da1 at umass-sim1 bus 1 scbus3 target 0 lun 0?
da1: <Kingston DataTraveler 3.0 0000> Removable Direct Access SCSI-6 device ?
da1: 400.000MB/s transfers?
da1: 118240MB (242155520 512 byte sectors: 255H 63S/T 15073C)?
?
[SceLncService] launchApp(AZIF00003)?
[SceLncService] category={gde} VRMode={0,0}?
[SceLncService] hnm,psnf,pc,tk,ns={0,0,0,0,0} appBootMode={0}?
[SceLncService] appType={SCE_LNC_APP_TYPE_MINI_APP} [] appVer={0.98}?
[SceLncService] mem_mode = {NORMAL}?
[SceLncService] Num. of logged-in users is 1?
[SceLncService] PrepareProcessLaunchDirCheck()?
[SceLncService] PrepareProcessLaunchDirCheck() returned?
[SceSystemStateMgr] Power Mode Change: FULL_GAME?
[ScePatchChecker] (*) check (title_id='AZIF00003', app_version='0.98', check_option=0): status=0, trigger=1 userId=0xffffffff return 0x80412883?
[SceSystemStateMgr] CPU  HLT CP SE CU ACLK DCLK ECLK LCLK SCLK SAMCLK VCLK DispCLK NCLK MemCLK MemP GMC DPM VDD      VDDNB    SOC      ?
[SceSystemStateMgr] 1600   0 NA  0 18  800  673  609  800  800    711  711     673 1400   1375   NA  NA   3 05b/975  05d/956  00710fa0?
[SceLncService] PrepareProcessLaunchDir()?
[ScePatchChecker] check (title_id='AZIF00003', app_version='0.98', check_option=0): status=0, dl_status=0, trigger=1 userId=0xffffffff return 0x80412883?
[SceShellUI] I/PSM.UI : OnFocusActiveSceneChanged [ContentAreaScene : ContentAreaScene] -> [SplashScreen : SplashScreenScene]?
[SceShellUI] I/PSM.UI :      Scene [SplashScreen : SplashScreenScene] : Alive?
SetDeviceIndexBehavior: mode=MergeAllConnectedDevice, param=null?
[Theme/I] : ActiveUserChanged : From : [BLUE(userId = 1ab07dc7)]?
[Theme/I] : ActiveUserChanged : To   : [ANONYMOUS(userId = ffffffff)]?
[Theme/I] : Apply [ANONYMOUS] : [Option:101000]: with not preloaded user?
[BGFT] [571] GameStartBoot(AZIF00003, 7) start?
[BGFT] [573] GameStartBoot(AZIF00003, 7) end?
DBG AutoMounter(checkSpecAndHub 494):?
	device(/dev/da1) is SUPER_SPEED.?
DBG AutoMounter(checkSpecAndHub 504):?
	deviceFilePath[/dev/da1] is connected to the USB port in general?
WARNING AutoMounter(bool AutoMounter::DevctlReader::UsbStartupHandler::isStartUp() 76):?
	fake implementation.?
MSG AutoMounter(void AutoMou[PFS] mount [0x00005b38ec35befc] finished 1 1 1 1 0 1 1?
nt::PsmEventNotifier::callback_connection(void **) 360):?
	Notify PsmEvent OnUsbStorageInserted?
MSG AutoMounter(int32_t AutoMounter::Util::checkFsFormat(const char *, uint32_t *) 888):?
	device(/dev/da1) has[PFS] mount [0x00005b38ec35bdc4] finished 1 0 0 1 0 1 1?
 unknown format(0).?
MSG AutoMounter(int32_t _AutoMounter::UsbHandler::(anonymous namespace)::_mountFileSystem(std::string, bool, std::string &, uint32_t *, uint64_t *, uint64_t *, uint64_t *) 542):?
	/dev/da1 has unknown format.?
MSG AutoMounter(int32_t _AutoMounter::UsbHandler::requestMount(const char *, bool) 763): _mountFileSystem(deviceFilePath, false, mountPoint, &fsFormatType, &space, &freeSpace, &availableSpace) returned 0x80f4001c.?
MSG AutoMounter(int32_t _AutoMounter::UsbHandler::(anonymous namespace)::_acquireEncryptDevice(std::string, uint32_t *, uint32_t *, std::string &, uint64_t *) 592):?
	device(/dev/da1) is not qualified for encrypt device. ng_capability(0x2)?
verify_metadata: sceSblExternalHDDVerifyMetadata(0) failed 800f0435?
MSG AutoMounter(int32_t _AutoMounter::UsbHandler::(anonymous namespace)::checkEncryption(std::string, bool *) 347):?
	sceFsExternalStorageVerifyMetadata(/dev/da1) returned 0x80020050. device is not encrypted.?
MSG AutoMounter(int32_t _AutoMounter::UsbHandler::requestMount(const char *, bool) 795): _acquireEncryptDevice(deviceFilePath, &encryptDeviceFormat, &encryptDeviceStatus, encryptDeviceFilePath, &encryptDeviceId) returned 0x80f4001a.?
DBG AutoMounter(notifyMount 435):?
	eventArg.additionalFeatures[0x2000].?
MSG AutoMounter(int32_t AutoMounter::DevctlReader::han[dleCreateUsbDevice(const char *) 174): AutoMounter::UsbHandler::requestMount(deviceFilePath.c_str(), true) returned 0x80f4001a.?
MSG AutoMounter(void AutoMount::PsmEventNotifier::callback_mount(void **) 270):?
	Notify PsmEvent OnUsbStorageMounted?
?
[BGFT] [606] GameWillStart(AZIF00003, 7) start?
[BGFT] [608] GameWillStart(AZIF00003, 7) end?
[SceLncService] PrepareProcessLaunchDir() returned?
[SceLncService] spawnApp?
[Syscore App] createApp AZIF00003?
[Syscore App]  ExpandCpuSetMode : disable?
[Syscore App] processSpawn(pid, 0x60000f0c, 0x10f0c130, appParam, processParam, 1, 1, 1, param, debug, 0)?
[Syscore App] appParam: appType = 0x1, rootPath = /mnt/sandbox/AZIF00003_000, titleId = AZIF00003?
[Syscore App] processParam: elfPath = /app0/eboot.bin, fullPath = /mnt/sandbox/pfsmnt/AZIF00003-app0-patch0-union/eboot.bin?
[Syscore App] new pid=0x46[Syscore App] attributeExe= 0?
[Syscore App] Ready to exec?
[Syscore App] wait for NOTE_EXIT|NOTE_EXEC?
KERNEL] dmem_start_app_process pid: 70, map=0xffffa12a487ca508, app_maps_count[1], 0 -> 1?
[Syscore App] Add event : pid=0xm46?
[AppMgr Trace]: New Process, pid=0x46, created.?
[AppMgr Trace]: New App, appId=0x60000f0c, created?
[Syscore App]  ExpandCpuSetMode : disable?
DBG: Process 70 untraced!?
<70> EXEC /app0/eboot.bin [system], vm#0, dmem#0  <778253 msec>?
[AppDb] openDb()[1063]: [File:Open] openDb() call dbutil::Connection::Open() path[/RwYNcKQl4X/priv/mms/app.db] flags[0x10000002] result[0x0, 0]?
[AppDb] AppInfoDbInitializeDaemon()[54]: [File:Open] AppInfoDbInitializeDaemon() call DbAccessor::Init() path[/RwYNcKQl4X/priv/mms/app.db] result[0x0, 0].?
[UIProcess] malloc stats freeSize:38826560 (93%) inuseSize:3116480 peakSize:4080224 [pid:0x3a]?
[AppDb] AppInfoDbTerminateDaemon()[67]: [File:Close] AppInfoDbTerminateDaemon() call DbAccessor::Terminate().?
[AppDb] Terminate()[768]: [File:Close] DbAccessor::Terminate() call dbutil::Connection::Close().?
[GoldHEN] <Plugins Loader> Started successfully?
[GoldHEN] <Plugins Loader> Config parser failed to parse config: /data/GoldHEN/plugins.ini?
[SL] AppFocusChanged [NPXS20001] -> [AZIF00003]?
[VCS]checkFocusStatus() [LNC->VCS] Focus Change. appType = 4(MINI_APP). appId = 0x60000f0c.?
(../game_patch/source/main.cpp:354) [GoldHEN] <game_patch\Ver.0x00000110> module_start?
(../game_patch/source/main.cpp:355) [GoldHEN] Plugin Author(s): illusion?
(../game_patch/source/main.cpp:356) Commit: caacf01174654235459d48ab9d0b9e00a588b300 Branch: main Build: 188 (Release)?
(../game_patch/source/main.cpp:356) Built: May 27 2023 @ 04:49:25?
(../game_patch/source/main.cpp:356) GoldHEN SDK Ver: 0x00000100?
(../game_patch/source/main.cpp:356) GoldHEN System SDK Ver: 0xffffffff?
(../game_patch/source/main.cpp:324) numModules: 5?
(../game_patch/source/main.cpp:328) ret 0x0?
(../game_patch/source/main.cpp:329) module 0?
(../game_patch/source/main.cpp:330) name: eboot.bin?
(../game_patch/source/main.cpp:331) start: 0x400000?
(../game_patch/source/main.cpp:332) size: 49152 (0xc000)?
(../game_patch/source/main.cpp:365) Module start: 0x400000 0xc000?
(../game_patch/source/main.cpp:371) process info?
(../game_patch/source/main.cpp:371) pid: 70?
(../game_patch/source/main.cpp:371) name: eboot.bin?
(../game_patch/source/main.c?pp:371) path: /app0/eboot.bin?
(../game_patch/source/main.cpp:371) titleid: AZIF00003?
(../game_patch/source/main.cpp:371) contentid: IV0000-AZIF00003_00-PAYLOADGUEST0000?
(../game_patch/source/main.cpp:371) version: 0.98?
(../game_patch/source/main.cpp:371) base_address: 0x400000?
(../game_patch/source/main.cpp:130) file /data/GoldHEN/patches/xml/AZIF00003.xml not found?
[32m[Info ] src/ChainLauncher.c:22: Loading "/app0/guest.elf"?[0m?
[SceLncService] tryLockSuspendBl[ock: appId={0x60000f0c}?
[Syscore App] Kill for LoadExec(0x46)?
KERNEL] dmem_handle_vmspace_exited pid: 70, ptype=1, 0xffffa12a487ca508->pt_loaded is TRUE?
[KERNEL] dmem_handle_vmspace_exited map #0 0xffffa12a487ca508?
[KERNEL] dmem_handle_vmspace_exited pid: 70, app_maps_count[1], 1 -> 0?
[Syscore App] EVFILT_PROC NOTE_EXIT received : pid=0x46?
[Syscore App] Kill for LoadExec(0x46) => 0?
[Syscore App] process delete event : pid=0x46?
[AppMgr Trace]: pid=0x46, deleted.?
[Syscore App] Syscore Event Queue Push : SCE_SYSCORE_EVENT_ON_PROCESS_UNLOADED?
[AppMgr] All processes exited, ready for next spawn?
[AppMgr] Executing next spawn?
[Syscore App]  ExpandCpuSetMode : disable?
[Syscore App] Syscore Event Queue Pop : SCE_SYSCORE_EVENT_ON_PROCESS_UNLOADED?
[Syscore App] processSpawn(pid, 0x60000f0c, 0x10f0c140, appParam, processParam, 1, 1, 1, param, debug, 1)?
[Syscore App] appParam: appType = 0x1, rootPath = /mnt/sandbox/AZIF00003_000, titleId = AZIF00003?
[Syscore App] processParam: elfPath = /app0/guest.elf, fullPath = /mnt/sandbox/pfsmnt/AZIF00003-app0-patch0-union/eboot.bin?
[Syscore App] new pid=0x47[Syscore App] attributeExe= 0?
[Syscore App] Ready to exec?
[Syscore App] wait for NOTE_EXIT|NOTE_EXEC?
[KERNEL] dmem_start_app_process pid: 71, map=0xffffa12a487ca290, app_maps_count[1], 0 -> 1?
[Syscore App] Add event : pid=0xm47?
[SceLncService] unlockSuspendBlock: appId={0x60000f0c}?
DBG: Process 71 untraced!?
<71> EXEC /app0/guest.elf [system], vm#0, dmem#0  <778774 msec>?
[GoldHEN] <Plugins Loader> Started successfully?
[GoldHEN] <Plugins Loader> Config parser failed to parse config: /data/GoldHEN/plugins.ini?
(../game_patch/source/main.cpp:354) [GoldHEN] <game_patch\Ver.0x00000110> module_start?
(../game_patch/source/main.cpp:355) [GoldHEN] Plugin Author(s): illusion?
(../game_patch/source/main.cpp:356) Commit: caacf01174654235459d48ab9d0b9e00a588b300 Branch: main Build: 188 (Release)?
(../game_?patch/source/main.cpp:356) Built: May 27 2023 @ 04:49:25?
(../game_patch/source/main.cpp:356) GoldHEN SDK Ver: 0x00000100?
(../game_patch/source/main.cpp:356) GoldHEN System SDK Ver: 0xffffffff?
(../game_patch/source/main.cpp:324) numModules: 5?
(../game_patch/source/main.cpp:328) ret 0x0?
(../game_patch/source/main.cpp:329) module 0?
(../game_patch/source/main.cpp:330) name: guest.elf?
(../game_patch/source/main.cpp:331) start: 0x400000?
(../game_patch/source/main.cpp:332) size: 851968 (0xd0000)?
(../game_patch/source/main.cpp:365) Module start: 0x400000 0xd0000?
(../game_patch/source/main.cpp:371) process info?
(../game_patch/source/main.cpp:371) pid: 71?
(../game_patch/source/main.cpp:371) name: guest.elf?
(../game_patch/source/main.cpp:371) path: /app0/guest.elf?
(../game_patch/source/main.cpp:371) titleid: AZIF00003?
(../game_patch/source/main.cpp:371) contentid: IV0000-AZIF00003_00-PAYLOADGUEST0000?
(../game_patch/source/main.cpp:371) version: 0.98?
(../game_patch/source/main.cpp:371) base_address: 0x400000?
(../game_patch/source/main.cpp:130) file /[data/GoldHEN/patches/xml/AZIF00003.xml not found?
error: 0x80020002**** Base Mode ****?
DBG AutoMounter(checkSpecAndHub 494):?
	device(/dev/da1) is SUPER_SPEED.?
DBG AutoMounter(checkSpecAndHub 504):?
	deviceFilePath[/dev/da1] is connected to the USB port in general?
WARNING AutoMounter(3bool AutoMounter::DevctlReader::UsbStartupHandler::isStartUp() 76):?
	fake implementation.?
MSG AutoMounter(void AutoMount::PsmEventNotifier::callback_connection(void **) 360):?
	Notify PsmEvent OnUsbStorageInserted?
MSG AutoMounter(int32_t _AutoMounter::UsbHandler::(anonymous namespace)::tryExfatMount(std::string, bool, std::string &, uint64_t *, uint64_t *, uint64_t *) 129):?
	device(/dev/da1p1) is mounted to /mnt/usb0 with exfat.?
DBG AutoMounter(notifyMount 435):?
	eventArg.additionalFeatures[0x2040].?
MSG AutoMounter(void AutoMount::PsmEventNotifier::callback_mount(void **) 270):?
	Notify PsmEvent OnUsbStorageMounted?
MSG AutoMounterMelUtil(void sceAutomounterMelUtil::callbackMountAll(void **) 279):?
		device(/dev/da1p1): exfat(mediaType=0x1001) is mounted at /mnt/usb0.?
callbackUsbStorageMountInternal()[374]: [MediaEvent] callbackUsbStorageMountInternal() devNum=0?
callbackUsbStorageMountInternal()[377]: [MediaEvent] callbackUsbStorageMountInternal() locked.?
?
MSG AutoMounterWrapper(void callbackUsbMount(SceUsbStorageEventDatas *, void *) 102):?
	DeviceId=0x25e0828c?
[SceLncUtil] blockAppSuspend: name={SceSaveData}, appId={0x60000100}, refCount={1}?
[SceLncUtil] unblockAppSuspend: name={SceSaveData}, appId={0x60000100}, refCount={0}?
6m[Debug] src/App.cpp:29: Initialize Language...?[0m?
?[36m[Debug] src/App.cpp:31: Initialize Controller...?[0m?
[mbus] onNewClie?nt. clientNum 10 over 8?
[36m[Debug] src/App.cpp:33: Initialize Graphics...?[0m?
?[36m[Debug] src/Graphics.cpp:89: Handle is 1309737216 (0x4e110100)?[0m?
?[36m[Debug] src/Graphics.cpp:181: DirectMemOff: 0x200000?[0m?
?[36m[Debug] src/Graphics.cpp:182: DirectMemAllocationSize: 0xc000000?[0m?
?[36m[Debug] src/Graphics.cpp:183: alignment: 2097152 (0x00200000)?[0m?
?[36m[Debug] src/Graphics.cpp:188: VideoMem: 0x200200000?[0m?
?[36m[Debug] src/Graphics.cpp:109: Allocating framebuffer...?[0m?
?[36m[Debug] src/Graphics.cpp:237: handle: 1309737216 (0x4e110100)?[0m?
?[36m[Debug] src/Graphics.cpp:239: flipArgLog: 0x2000041a0?[0m?
?[36m[Debug] src/Graphics.cpp:240: FrameBuffers: 0x2000042c0?[0m?
?[36m[Debug] src/Graphics.cpp:255: sceVideoOutRegisterBuffers: 0x00000000?[0m?
?[36m[Debug] src/App.cpp:35: Initialize Resource...?[0m?
?[36m[Debug] src/Graphics.cpp:627: Loading PNG...?[0m?
?[36m[Debug] src/Graphics.cpp:637: PNG Loaded!?[0m?
?[36m[Debug] src/Graphics.cpp:627: Loading PNG...?[0m?
?[36m[Debug] src/Graphics.cpp:637: PNG Loaded!?[0m?
?[36m[Debug] src/Graphics.cpp:627: Loading PNG...?[0m?
?[36m[Debug] src/Graphics.cpp:637: PNG Loaded!?[0m?
?[36m[Debug] src/Graphics.cpp:627: Loading PNG...?[0m?
?[36m[Debug] src/Graphics.cpp:637: PNG Loaded!?[0m?
?[36m[Debug] src/Graphics.cpp:627: Loading PNG...?[0m?
?[36m[Debug] src/Graphics.cpp:637: PNG Loaded!?[0m?
?[36m[Debug] src/Graphics.cpp:627: Loading PNG...?[0m?
?[36m[Debug] src/Graphics.cpp:637: PNG Loaded!?[0m?
?[36m[Debug] src/Graphics.cpp:627: Loading PNG...?[0m?
?[36m[Debug] src/Graphics.cpp:637: PNG Loaded!?[0m?
?[36m[Debug] src/App.cpp:43: Initialize the Main View...?[0m?
?[36m[Debug] src/PayloadsView.cpp:186: GeneratePayloads is called!?[0m?
?[36m[Debug] src/PayloadsView.cpp:212: Cleanup payload list...?[0m?
?[36m[Debug] src/PayloadsView.cpp:206: GeneratePayloads: Refreshed?[0m?
?[36m[Debug] src/PayloadsView.cpp:252: PayloadsView: End of constructor?[0m?
?[36m[Debug] src/App.cpp:119: Application: RUN?[0m?
[SceShellUI] I/PSM.UI : OnFocusActiveSceneChanged [SplashScreen : SplashScreenScene] -> [AppScreen : ApplicationScreenScene]?
[SceShellUI] I/PSM.UI :      Scene [AppScreen : ApplicationScreenScene] : Alive?
SetDeviceIndexBehavior: mode=MergeAllConnectedDevice, param=null?
[Theme/I] : Apply [ANONYMOUS] : [Option:101000]: with not preloaded user?
[SceShellUI] I/PSM.UI : [NoDraw] : ClearFrameBuffer=False?
DBG AutoMounter(checkSpecAndHub 494):?
	device(/dev/da1) is SUPER_SPEED.?
DBG AutoMounter(checkSpecAndHub 504):?
	deviceFilePath[/dev/da1] is connected to the USB port in general?
WARNING AutoMounter(bool AutoMounter::DevctlReader::UsbStartupHandler::isStartUp() 76):?
	fake implementation.?
MSG AutoMounter(void AutoMount::PsmEventNotifier::callback_connection(void **) 360):?
	Notify PsmEvent OnUsbStorageInserted?
MSG AutoMounter(int32_t AutoMounter::Util::checkFsFormat(const char *, uint32_t *) 888):?
	device(/dev/da1p2) has unknown format(0).?
MSG AutoMounter(int32_t _AutoMounter::UsbHandler::(anonymous namespace)::_mountFileSystem(std::string, bool, std::string &, uint32_t *, uint64_t *, uint64_t *, uint64_t *) 542):?
	/dev/da1p2 has unknown format.?
MSG AutoMounter(int32_t _AutoMounter::UsbHandler::requestMount(const char *, bool) 763): _mountFileSystem(deviceFilePath, false, mountPoint, &fsFormatType, &space, &freeSpace, &availableSpace) returned 0x80f4001c.?
MSG AutoMounter(int32_t _AutoMounter::UsbHandler::(anonymous namespace)::_acquireEncryptDevice(std::string, uint32_t *, uint32_t *, std::string &, uint64_t *) 592):?
	device(/dev/da1p2) is not qualified for encrypt device. ng_capability(0x12)?
verify_metadata: sceSblExternalHDDVerifyMetadata(0) failed 800f0435?
MSG AutoMounter(int32_t _AutoMounter::UsbHandler::(anonymous namespace)::checkEncryption(std::string, bool *) 347):?
	sceFsExternalStorageVerifyMetadata(/dev/da1p2) returned 0x80020050. device is not encrypted.?
MSG AutoMounter(int32_t _AutoMounter::UsbHandler::requestMount(const char *, bool) 795): _acquireEncryptDevice(deviceFilePath, &encryptDeviceFormat, &encryptDeviceStatus, encryptDeviceFilePath, &encryptDeviceId) returned 0x80f4001a.?
DBG AutoMounter(notifyMount 435):?
	eventArg.additionalFeatures[0x2000].?
MSG AutoMounter(int32_t AutoMounter::DevctlReader::handleCreateUsbDevice(const char *) 174): AutoMounter::UsbHandler::requestMount(deviceFilePath.c_str(), true) returned 0x80f4001a.?
MSG AutoMounter(void AutoMount::PsmEventNotifier::callback_mount(void **) 270):?
	Notify PsmEvent OnUsbStorageMounted?
?[36m[Debug] src/PayloadsView.cpp:319: Loading: /data/payloads/linux-1024mb.bin?[0m?
[GoldHEN] <binloader> accepted a new payload?
[GoldHEN] <binloader> TCP Mode?
?[36m[[GDoebulgdH] EN]sr c</binloPadayerloadsView.> cppap:yload re186ce:ived  [Gsizeneerat:eP 28ayloads 3840 -i s calledbuf!?fer_size:[0m 2?9
0?[8316 6m- ip[Debug] s:rc/P 1ayl2o7.0.0ad.1]?
sVi[ew.Gcopp:l2dH12:E ClN]ea nup <bpinaloayldoade lrist>.. .?[0fom?u
nd and jailbro?[36m[Dkebenug]  srtc/Paayrgloeta pdrocseVsies [piwd.cp:p:206: Genera t4e6Pa]yl?o
ads: R[eGoldfresheHd?EN[0m?
] <binloader> launching payload... [format: BIN]?
[GoldHEN] <binloader> payload launched?
kernel_init()?
Kernel base = ffffffffa0928000?
Direct map base = ffffa12a00000000?
Testing global variable access (write protection)...?
OK.?
Kernel interface initialized?
Installing sys_kexec to system call #153?
kexec_init() successful?
?
sys_kexec invoked?
========================================?
PS4 Linux Payloads AIO?
FW 12.02 (1202)?
VRAM 1024 MB?
Southbridge: Baikal?
========================================?
sys_kexec(0x2004a0000, 11437056, 0x200f8c000, 4160630, "earlycon=uart8250,mmio32,0xC890E000,115200n8 console=tty0 keep_bootcon 8250.nr_uarts=0 iommu=pt intremap=off panic=10 loglevel=8 ignore_loglevel printk.devkmsg=on drm.edid_firmware=edid/1920x1080.bin video=HDMI-A-1:1920x1080@60D pci=nocrs libata.force=1.00:disable root=LABEL=psxitarch rootwait rw systemd.unit=multi-user.target systemd.log_level=info amdgpu.gpu_recovery=0 amdgpu.lockup_timeout=10000 amdgpu.gfx_off=0 amdgpu.runpm=0 amdgpu.bapm=0 amdgpu.dpm=0")?
firmware_extract: Extract lib/firmware/amdgpu/liverpool_pfp.bin ?
Copying PFP firmware?
NOP handler at 0xff0?
firmware_extract: Extract lib/firmware/amdgpu/liverpool_me.bin ?
Copying ME firmware?
firmware_extract: Extract lib/firmware/amdgpu/liverpool_ce.bin ?
Copying CE firmware?
NOP handler at 0x7f0?
firmware_extract: Extract lib/firmware/amdgpu/liverpool_mec.bin ?
Copying MEC firmware?
NOP handler at 0xff0?
firmware_extract: Extract lib/firmware/amdgpu/liverpool_mec2.bin ?
Copying MEC2 firmware?
NOP handler at 0xff0?
firmware_extract: Extract lib/firmware/amdgpu/liverpool_rlc.bin ?
Copying RLC firmware?
firmware_extract: Extract lib/firmware/amdgpu/liverpool_sdma.bin ?
Copying SDMA firmware?
firmware_extract: Extract lib/firmware/amdgpu/liverpool_sdma1.bin ?
Copying SDMA1 firmware?
?
kexec parameters:?
    Kernel image size:   11437056 bytes?
    Initramfs size:      4255366 bytes (4160630 from user)?
    Kernel command line: earlycon=uart8250,mmio32,0xC890E000,115200n8 console=tty0 keep_bootcon 8250.nr_uarts=0 iommu=pt intremap=off panic=10 loglevel=8 ignore_loglevel printk.devkmsg=on drm.edid_firmware=edid/1920x1080.bin video=HDMI-A-1:1920x1080@60D pci=nocrs libata.force=1.00:disable root=LABEL=psxitarch rootwait rw systemd.unit=multi-user.target systemd.log_level=info amdgpu.gpu_recovery=0 amdgpu.lockup_timeout=10000 amdgpu.gfx_off=0 amdgpu.runpm=0 amdgpu.bapm=0 amdgpu.dpm=0?
    Kernel image buffer: 0xffffa12a1c000000?
    Initramfs buffer:    0xffffffffffffffff?
kernel_hook_install(0xffffff807abc512d, 0xffffffffa0d6fad0)?
  Using 64bit absolute jump?
******************************************************?
kexec successfully armed. Please shut down the system.?
******************************************************?
?
[SceShellUI] I/PSM.UI : [FirstClear] : ClearFrameBuffer=False?
[SceShellCore] Libc Heap Status: free 35%, in-use 3939.0 KB, trend +45.8 KB/min, peak 4374.6 KB, when 771 [sec]?
[KE]sceCameraDevKill::2685 ERROR: sceCameraProcConfigStop 0x802e0006 i=0 handle=257 pid=43C?ont
ext.cc:174 (ajmContextCleanup) - Instance 278532 Conwtaext.cc:17s 4no (ajmtCont extClpeanupro) -pe In[srKltaEynR cdNEL]ee s 1tdrmeo6my3_e9hd0a.n? d
le_vmswCaopsnt not pacrope_erlexyite desdtroyed .?
pCCoinodntext.: 7c1c,:189  pt(yajmCponet=ex1t, C0Colxeffffaan1nu2pta)4 e8x-7t caC.29cco0d:->pt_l1e8coaded i9 sO  pTu(Rs aSUIE?
jL[KERNELm] KC domnEentme_cxhtoadCendler l_wveasamsnpu pacn)oe t_-e  xpCoirdtedeopc e rlmOpyu sap #0u 0 xnCffErffffeLgTfi fsEfnffctfoerefddfff.er?? 

w[CKoaERnNELts e] dmxetnm_ha.onctdle _vmspcpr:oa1p8c9 e(e_exited paridjl:my 7C 1u, aponp_mnraeptgis_cesxtteouCrnt[le1]d, 1 -.>e? 0
a?nCu
po)n t-ex Cot.cc:d1e89c  (ajmCoOntextpCuleanup) - Cso dec OCpus ELCTELT Decoder wa Ens conodte rproperly  unwarseg instote red.?
properly uCnonretext.cgc:189 is(ajmConttextClereaneudp) .-? 
CCoondec CtEeLxP8t Decoder w.as nocct prop:18e9rly  un(aregistered.?
jContext.mCcocn:189t ex(atCjmColntextCleaneaup) - Codec CEnLP8 Encodeur wasp) no -t p ropeCrloy underegisterec d.?
OContextp.cc:1u8s 9D ec(ajmContoextCldeeanup) - rC woadesc ntexott pro.pcerlcy unregistered.?:1
89 (aj mCCoELP(16)nt eDecoder waxst not propeCrly ulnregistereeand.?
uConp)te -xt.c cC:19od1 (eacjm ConMtextClePanup3 ) - DMore eccooddecs weere not properly urnregi stered.w.a.s?
 not properly unregisConttereextd..?
cc:1C8on9t e(xatjmCon.ctc:e1xtCl89ean up)( -a jCodmCeoc MPEnG4 AtAeC Exncotder waCs nolt propeaernly upun)re e-x Cto.decc ATRAC9 Decoderc: wa1s8 not9  p(roperlyaj umCnornegistered.?
texgistered.?
tCleanup) - Codec Opus SILK Encoder was not properly unregistered.?
Context.cc:174 (ajmContextCleanup) - Instance 344067 was not properly destroyed.?
Context.cc:189 (ajmContextCleanup) - Codec Opus Decoder was not properly unregistered.?
Context.cc:174 (ajmContextCleanup) - Instance 114689 was not properly destroyed.?
Context.cc:189 (ajmContextCleanup) - Codec AC3 Encoder was not properly unregistered.?
Context.cc:174 (ajmContextCleanup) - Instance 163842 was not properly destroyed.?
Context.cc:189 (ajmContextCleanup) - Codec DTS Encoder was not properly unregistered.?
[SceSysCore mini] killall timeout 5[sec]...?
[SceSysCore mini] forcibly unmount 4 nullfses?
[SceSysCore mini] forcibly unmount /mnt/usb0?
[SceSysCore mini[REGMGR] 000006 ...?
] sceKernelPollE[ventFlag(reboot_flag): failed 80020010?
[SceSysCore mini] call reboot(4000)?
REGMGR] (    787.062 sec) 010006 ...?
[REGMGR] (   0.011766 sec) 010007 ...?
[REGMGR] 000108 ...?
Waiting (max 60 seconds) for system process `SceVnlru' to stop...done?
Waiting (max 60 seconds) for system process `SceBufdaemon0' to stop...SD Manual Tuning done. MaxPassWindowSize=22, TunePoint=20 CORE_CTRL=0x184094?
done?
Waiting (max 60 seconds) for system process `SceBufdaemon1' to stop...done?
Waiting (max 60 seconds) for system process `SceBufdaemon2' to stop...done?
?Wait
ing (mSyax nc60 seconids) for sysngte md proiscesks `SsceSyn,cer' to stop... vnodes remaining...1 0 0 sched_sync: flush softdep (iter=2)?
sched_sync: flush softdep (iter=1)?
done?
All buffers synced.?
[PFS] umount[0x00005b38ec35bdc4] finished 0?
[PFS] umount[0x00005b38ec35befc] finished 0?
Uptime: 13m13s?
icc post sync:Thermal alert LED off?
[REGMGR] 000007 @2@ ...?
icc08-4001 0802?
icc:failed to disabled reset button notification: 0005?
icc:disabled thermal notification?
eth0: link state changed to DOWN?
ICC: howto:00004000 depth:2 cause:00 hand:01?
ICC: Shutdown.?
hook_icc_query_nowait called?
ICC 05-00 polling?
Fixing ACPI tables at 0xe0000 (0xffffa12a000e0000)?
RSDT at 0xe0024?
XSDT at 0xe0088?
FACP at 0xe016c?
FACS at 0xe012c?
DSDT at 0xe0430?
APIC at 0xe0298?
MCFG at 0xe0304?
SSDT at 0xe0730?
ACPI tables fixed?
kexec: Waiting for secondary CPUs...?
kexec: Secondary CPUs quiesced?
kexec: Setting up GDT...?
kexec: Relocating stub...?
kexec: Setting up boot params...?
kexec: Cleaning up hardware...?
Current sb_id: 3?
?
SB_BAIKAL constant: 3?
?
kexec: Detected Baikal Southbridge, disabling IOMMU...?
kexec: Reconfiguring VRAM...?
kexec: Resetting GPU...?
kexec: About to relocate and jump to kernel?
[    0.000000] ps4: x86_ps4_early_setup: PS4 early setup?
[    0.000000] Linux version 6.15.4-Baikal_TESTING_crashniels-dirty (meerzulee@cachynator) (gcc (GCC) 16.1.1 20260430, GNU ld (GNU Binutils) 2.46.0) #10 SMP PREEMPT_DYNAMIC Wed May 13 00:02:09 +06 2026?
[    0.000000] Command line: earlycon=uart8250,mmio32,0xC890E000,115200n8 console=tty0 keep_bootcon 8250.nr_uarts=0 iommu=pt intremap=off panic=10 loglevel=8 ignore_loglevel printk.devkmsg=on drm.edid_firmware=edid/1920x1080.bin video=HDMI-A-1:1920x1080@60D pci=nocrs libata.force=1.00:disable root=LABEL=psxitarch rootwait rw systemd.unit=multi-user.target systemd.log_level=info amdgpu.gpu_recovery=0 amdgpu.lockup_timeout=10000 amdgpu.gfx_off=0 amdgpu.runpm=0 amdgpu.bapm=0 amdgpu.dpm=0?
[    0.000000] KERNEL supported cpus:?
[    0.000000]   AMD AuthenticAMD?
[    0.000000] BIOS-provided physical RAM map:?
[    0.000000] BIOS-e820: [mem 0x0000000000000000-0x0000000000007fff] usable?
[    0.000000] BIOS-e820: [mem 0x0000000000008000-0x000000000007ffff] reserved?
[    0.000000] BIOS-e820: [mem 0x0000000000080000-0x0000000000099fff] usable?
[    0.000000] BIOS-e820: [mem 0x000000000009a000-0x00000000000bffff] reserved?
[    0.000000] BIOS-e820: [mem 0x00000000000e0000-0x00000000000effff] ACPI data?
[    0.000000] BIOS-e820: [mem 0x0000000000100000-0x00000000003fffff] usable?
[    0.000000] BIOS-e820: [mem 0x0000000000400000-0x000000000047ffff] reserved?
[    0.000000] BIOS-e820: [mem 0x0000000000480000-0x000000000067ffff] usable?
[    0.000000] BIOS-e820: [mem 0x0000000000680000-0x00000000006fffff] reserved?
[    0.000000] BIOS-e820: [mem 0x0000000000700000-0x000000007efe7fff] usable?
[    0.000000] BIOS-e820: [mem 0x000000007efe8000-0x000000007efeffff] ACPI NVS?
[    0.000000] BIOS-e820: [mem 0x000000007eff0000-0x000000007effffff] ACPI data?
[    0.000000] BIOS-e820: [mem 0x000000007f000000-0x000000007fffffff] usable?
[    0.000000] BIOS-e820: [mem 0x0000000080000000-0x00000000fbffffff] reserved?
[    0.000000] BIOS-e820: [mem 0x0000000100000000-0x000000013fffffff] reserved?
[    0.000000] BIOS-e820: [mem 0x0000000140000000-0x000000027effffff] usable?
[    0.000000] earlycon: uart8250 at MMIO32 0x00000000c890e000 (options '115200n8')?
[    0.000000] printk: legacy bootconsole [uart8250] enabled?
[    0.000000] printk: debug: skip boot console de-registration.?
[    0.000000] printk: debug: ignoring loglevel setting.?
[    0.000000] NX (Execute Disable) protection: active?
[    0.000000] APIC: Static calls initialized?
[    0.000000] SMBIOS 2.1 present.?
[    0.000000] DMI:  , BIOS unde Wed 09/22/2021 16:2?
[    0.000000] DMI: Memory slots populated: 1/1?
[    0.000000] ps4: EMC timer started in 29880 TSC ticks?
[    0.000000] ps4: Calibrated TSC frequency: 1594062272 kHz?
[    0.000000] tsc: Detected 1594.062 MHz processor?
[    0.001421] e820: update [mem 0x00000000-0x00000fff] usable ==> reserved?
[    0.008247] e820: remove [mem 0x000a0000-0x000fffff] usable?
[    0.013931] last_pfn = 0x27f000 max_arch_pfn = 0x400000000?
[    0.019518] MTRR map: 6 entries (3 fixed + 3 variable; max 20), built from 9 variable MTRRs?
[    0.028019] x86/PAT: Configuration [0-7]: WB  WC  UC- UC  WB  WP  UC- WT  ?
[    0.035397] e820: update [mem 0x80000000-0x13fffffff] usable ==> reserved?
[    0.042326] last_pfn = 0x80000 max_arch_pfn = 0x400000000?
[    0.056436] Using GB pages for direct mapping?
[    0.062403] RAMDISK: [mem 0x41800000-0x41c0efff]?
[    0.067114] ACPI: Early table checksum verification disabled?
[    0.072873] ACPI: RSDP 0x00000000000E0000 000024 (v02 SIE   )?
[    0.078724] ACPI: XSDT 0x00000000000E0088 00004C (v01 SIE    ORBIS    20121218 INTL 20110211)?
[    0.087410] ACPI: FACP 0x00000000000E016C 0000F4 (v04 SIE    ORBIS    20130205 INTL 20110211)?
[    0.096095] ACPI: DSDT 0x00000000000E0430 00018C (v02 SIE    ORBIS    20121002 INTL 20110211)?
[    0.104777] ACPI: FACS 0x00000000000E012C 000040?
[    0.109476] ACPI: FACS 0x00000000000E012C 000040?
[    0.114174] ACPI: APIC 0x00000000000E0298 00006C (v02 SIE    ORBIS    20120725 INTL 20110211)?
[    0.122855] ACPI: MCFG 0x00000000000E0304 00003C (v01 SIE    ORBIS    20120725 INTL 20110211)?
[    0.131538] ACPI: SSDT 0x00000000000E0730 001944 (v01 AMD    POWERNOW 00000001 AMD  00000001)?
[    0.140219] ACPI: IVRS 0x00000000000E2074 000054 (v01 F0F    PS4KEXEC 20161225 KEXC 20161225)?
[    0.148898] ACPI: Reserving FACP table memory at [mem 0xe016c-0xe025f]?
[    0.155540] ACPI: Reserving DSDT table memory at [mem 0xe0430-0xe05bb]?
[    0.162179] ACPI: Reserving FACS table memory at [mem 0xe012c-0xe016b]?
[    0.168818] ACPI: Reserving FACS table memory at [mem 0xe012c-0xe016b]?
[    0.175458] ACPI: Reserving APIC table memory at [mem 0xe0298-0xe0303]?
[    0.182098] ACPI: Reserving MCFG table memory at [mem 0xe0304-0xe033f]?
[    0.188739] ACPI: Reserving SSDT table memory at [mem 0xe0730-0xe2073]?
[    0.195379] ACPI: Reserving IVRS table memory at [mem 0xe2074-0xe20c7]?
[    0.202095] No NUMA configuration found?
[    0.205993] Faking a node at [mem 0x0000000000000000-0x000000027effffff]?
[    0.212814] NODE_DATA(0) allocated [mem 0x27effa800-0x27effdfff]?
[    0.218981] Zone ranges:?
[    0.221553]   DMA      [mem 0x0000000000001000-0x0000000000ffffff]?
[    0.227840]   DMA32    [mem 0x0000000001000000-0x00000000ffffffff]?
[    0.234127]   Normal   [mem 0x0000000100000000-0x000000027effffff]?
[    0.240414] Movable zone start for each node?
[    0.244754] Early memory node ranges?
[    0.248384]   node   0: [mem 0x0000000000001000-0x0000000000007fff]?
[    0.254760]   node   0: [mem 0x0000000000080000-0x0000000000099fff]?
[    0.261135]   node   0: [mem 0x0000000000100000-0x00000000003fffff]?
[    0.267509]   node   0: [mem 0x0000000000480000-0x000000000067ffff]?
[    0.273883]   node   0: [mem 0x0000000000700000-0x000000007efe7fff]?
[    0.280259]   node   0: [mem 0x000000007f000000-0x000000007fffffff]?
[    0.286635]   node   0: [mem 0x0000000140000000-0x000000027effffff]?
[    0.293010] Initmem setup node 0 [mem 0x0000000000001000-0x000000027effffff]?
[    0.300188] On node 0, zone DMA: 1 pages in unavailable ranges?
[    0.306129] On node 0, zone DMA: 120 pages in unavailable ranges?
[    0.312260] On node 0, zone DMA: 102 pages in unavailable ranges?
[    0.318387] On node 0, zone DMA: 128 pages in unavailable ranges?
[    0.324548] On node 0, zone DMA: 128 pages in unavailable ranges?
[    0.340934] On node 0, zone DMA32: 24 pages in unavailable ranges?
[    0.373260] On node 0, zone Normal: 4096 pages in unavailable ranges?
[    0.380639] ACPI: No IOAPIC entries present?
[    0.384891] ACPI: Using ACPI for processor (LAPIC) configuration information?
[    0.392075] CPU topo: Max. logical packages:   1?
[    0.396768] CPU topo: Max. logical dies:       1?
[    0.401459] CPU topo: Max. dies per package:   1?
[    0.406164] CPU topo: Max. threads per core:   1?
[    0.410858] CPU topo: Num. cores per package:     8?
[    0.415816] CPU topo: Num. threads per package:   8?
[    0.420773] CPU topo: Allowing 8 present CPUs plus 0 hotplug CPUs?
[    0.426999] [mem 0xfc000000-0xffffffff] available for PCI devices?
[    0.433201] clocksource: refined-jiffies: mask: 0xffffffff max_cycles: 0xffffffff, max_idle_ns: 1910969940391419 ns?
[    0.443835] setup_percpu: NR_CPUS:8 nr_cpumask_bits:8 nr_cpu_ids:8 nr_node_ids:1?
[    0.452033] percpu: Embedded 42 pages/cpu s131544 r8192 d32296 u262144?
[    0.458694] pcpu-alloc: s131544 r8192 d32296 u262144 alloc=1*2097152?
[    0.465163] pcpu-alloc: [0] 0 1 2 3 4 5 6 7 ?
[    0.469547] Kernel command line: earlycon=uart8250,mmio32,0xC890E000,115200n8 console=tty0 keep_bootcon 8250.nr_uarts=0 iommu=pt intremap=off panic=10 loglevel=8 ignore_loglevel printk.devkmsg=on drm.edid_firmware=edid/1920x1080.bin video=HDMI-A-1:1920x1080@60D pci=nocrs libata.force=1.00:disable root=LABEL=psxitarch rootwait rw systemd.unit=multi-user.target systemd.log_level=info amdgpu.gpu_recovery=0 amdgpu.lockup_timeout=10000 amdgpu.gfx_off=0 amdgpu.runpm=0 amdgpu.bapm=0 amdgpu.dpm=0?
[    0.513912] Setting dangerous option amdgpu.gpu_recovery - tainting kernel?
[    0.520965] printk: log buffer data + meta data: 262144 + 917504 = 1179648 bytes?
[    0.530289] Dentry cache hash table entries: 1048576 (order: 11, 8388608 bytes, linear)?
[    0.539355] Inode-cache hash table entries: 524288 (order: 10, 4194304 bytes, linear)?
[    0.547429] software IO TLB: area num 8.?
[    0.580479] Fallback order for Node 0: 0 ?
[    0.580499] Built 1 zonelists, mobility grouping on.  Total pages: 1830409?
[    0.591573] Policy zone: Normal?
[    0.594765] mem auto-init: stack:off, heap alloc:off, heap free:off?
[    0.638968] SLUB: HWalign=64, Order=0-3, MinObjects=0, CPUs=8, Nodes=1?
[    0.646765] Dynamic Preempt: voluntary?
[    0.650670] rcu: Preemptible hierarchical RCU implementation.?
[    0.656519] rcu: RCU calculated value of scheduler-enlistment delay is 100 jiffies.?
[    0.664335] NR_IRQS: 4352, nr_irqs: 128, preallocated irqs: 0?
[    0.670242] rcu: srcu_init: Setting srcu_struct sizes based on contention.?
[    0.677297] call_irq_handler: 0.49 No irq handler for vector?
[    0.683087] Console: colour dummy device 80x25?
[    0.687610] printk: legacy console [tty0] enabled?
[    0.692435] ACPI: Core revision 20240827?
[    0.696494] ACPI: setting ELCR to 0200 (from ffff)?
[    0.701386] Failed to register legacy timer interrupt?
[    0.706524] APIC: Switch to symmetric I/O mode setup?
[    0.711583] clocksource: tsc-early: mask: 0xffffffffffffffff max_cycles: 0x16fa3b8d372, max_idle_ns: 440795219083 ns?
[    0.722314] Calibrating delay loop (skipped), value calculated using timer frequency.. 3188.12 BogoMIPS (lpj=1594062)?
[    0.723305] Last level iTLB entries: 4KB 512, 2MB 8, 4MB 4?
[    0.723305] Last level dTLB entries: 4KB 512, 2MB 256, 4MB 128, 1GB 0?
[    0.723305] Spectre V1 : Mitigation: usercopy/swapgs barriers and __user pointer sanitization?
[    0.723305] Spectre V2 : Mitigation: Retpolines?
[    0.723305] Spectre V2 : Spectre v2 / SpectreRSB: Filling RSB on context switch and VMEXIT?
[    0.723305] RETBleed: Mitigation: untrained return thunk?
[    0.723305] Speculative Store Bypass: Mitigation: Speculative Store Bypass disabled via prctl?
[    0.723305] x86/fpu: Supporting XSAVE feature 0x001: 'x87 floating point registers'?
[    0.723305] x86/fpu: Supporting XSAVE feature 0x002: 'SSE registers'?
[    0.723305] x86/fpu: Supporting XSAVE feature 0x004: 'AVX registers'?
[    0.723305] x86/fpu: xstate_offset[2]:  576, xstate_sizes[2]:  256?
[    0.723305] x86/fpu: Enabled xstate features 0x7, context size is 832 bytes, using 'standard' format.?
[    0.723305] Freeing SMP alternatives memory: 52K?
[    0.723305] pid_max: default: 32768 minimum: 301?
[    0.723305] Mount-cache hash table entries: 16384 (order: 5, 131072 bytes, linear)?
[    0.723305] Mountpoint-cache hash table entries: 16384 (order: 5, 131072 bytes, linear)?
[    0.723305] smpboot: CPU0: AMD DG1401SNF87ID (family: 0x16, model: 0x1a, stepping: 0x0)?
[    0.723911] Performance Events: AMD PMU driver.?
[    0.724310] ... version:                0?
[    0.725309] ... bit width:              48?
[    0.726309] ... generic registers:      4?
[    0.727308] ... value mask:             0000ffffffffffff?
[    0.728308] ... max period:             00007fffffffffff?
[    0.729308] ... fixed-purpose events:   0?
[    0.730309] ... event mask:             000000000000000f?
[    0.731533] signal: max sigframe size: 1776?
[    0.732397] rcu: Hierarchical SRCU implementation.?
[    0.733310] rcu: 	Max phase no-delay instances is 400.?
[    0.734460] Timer migration: 1 hierarchy levels; 8 children per group; 1 crossnode level?
[    0.738633] smp: Bringing up secondary CPUs ...?
[    0.740561] smpboot: x86: Booting SMP configuration:?
[    0.741313] .... node  #0, CPUs:      #1 #2 #3 #4 #5 #6 #7?
[    0.751414] smp: Brought up 1 node, 8 CPUs?
[    0.753310] smpboot: Total of 8 processors activated (25504.99 BogoMIPS)?
[    0.755528] Memory: 7077464K/7321636K available (23470K kernel code, 2053K rwdata, 8784K rodata, 1624K init, 2232K bss, 239924K reserved, 0K cma-reserved)?
[    0.757713] devtmpfs: initialized?
[    0.760328] clocksource: jiffies: mask: 0xffffffff max_cycles: 0xffffffff, max_idle_ns: 1911260446275000 ns?
[    0.761317] posixtimers hash table entries: 4096 (order: 4, 65536 bytes, linear)?
[    0.762329] futex hash table entries: 2048 (order: 5, 131072 bytes, linear)?
[    0.763403] prandom: seed boundary self test passed?
[    0.766223] prandom: 100 self tests passed?
[    0.766569] NET: Registered PF_NETLINK/PF_ROUTE protocol family?
[    0.767477] audit: initializing netlink subsys (disabled)?
[    0.768371] audit: type=2000 audit(0.046:1): state=initialized audit_enabled=0 res=1?
[    0.768483] i2c-core: driver [dummy] registered?
[    0.770312] thermal_sys: Registered thermal governor 'step_wise'?
[    0.770336] cpuidle: using governor ladder?
[    0.772318] cpuidle: using governor menu?
[    0.773509] ps4: ps4: pre-allocated IRQ 9 desc for ACPI SCI (virq=9)?
[    0.774568] PCI: ECAM [mem 0xf8000000-0xfbffffff] (base 0xf8000000) for domain 0000 [bus 00-3f]?
[    0.775330] PCI: Using configuration type 1 for base access?
[    0.777569] HugeTLB: allocation took 0ms with hugepage_allocation_threads=2?
[    0.778341] HugeTLB: registered 2.00 MiB page size, pre-allocated 0 pages?
[    0.779309] HugeTLB: 28 KiB vmemmap can be freed for a 2.00 MiB page?
[    0.780681] cryptd: max_cpu_qlen set to 1000?
[    0.798312] raid6: sse2x4   gen()  4053 MB/s?
[    0.816312] raid6: sse2x2   gen()  3962 MB/s?
[    0.834312] raid6: sse2x1   gen()  3197 MB/s?
[    0.835309] raid6: using algorithm sse2x4 gen() 4053 MB/s?
[    0.853312] raid6: .... xor() 2020 MB/s, rmw enabled?
[    0.854310] raid6: using ssse3x2 recovery algorithm?
[    0.855416] ACPI: Added _OSI(Module Device)?
[    0.856311] ACPI: Added _OSI(Processor Device)?
[    0.857310] ACPI: Added _OSI(Processor Aggregator Device)?
[    0.860587] ACPI: 2 ACPI AML tables successfully acquired and loaded?
[    0.869532] ACPI: Interpreter enabled?
[    0.870324] ACPI: PM: (supports S0 S5)?
[    0.871317] ACPI: Using PIC for interrupt routing?
[    0.872335] PCI: Ignoring host bridge windows from ACPI; if necessary, use "pci=use_crs" and report a bug?
[    0.873309] PCI: Using E820 reservations for host bridge windows?
[    0.875972] acpi PNP0A03:00: [Firmware Bug]: no secondary bus range in _CRS?
[    0.876326] ACPI: PCI Root Bridge [PCI0] (domain 0000 [bus 00-ff])?
[    0.877319] acpi PNP0A03:00: _OSC: OS supports [ExtendedConfig ASPM ClockPM Segments MSI HPX-Type3]?
[    0.878327] acpi PNP0A03:00: [Firmware Info]: ECAM [mem 0xf8000000-0xfbffffff] for domain 0000 [bus 00-3f] only partially covers this bridge?
[    0.879333] acpi PNP0A03:00: host bridge window [io  0x0cf8-0x0cff] (ignored)?
[    0.880310] PCI: root bus 00: using default resources?
[    0.881360] PCI host bridge to bus 0000:00?
[    0.882321] pci_bus 0000:00: root bus resource [io  0x0000-0xffff]?
[    0.883310] pci_bus 0000:00: root bus resource [mem 0x00000000-0xffffffffff]?
[    0.884311] pci_bus 0000:00: root bus resource [bus 00-ff]?
[    0.886309] pci 0000:00:00.0: [1022:1436] type 00 class 0x060000 conventional PCI endpoint?
[    0.887431] pci 0000:00:00.2: [1022:1437] type 00 class 0x080600 conventional PCI endpoint?
[    0.889422] pci 0000:00:01.0: [1002:9923] type 00 class 0x030000 PCIe Root Complex Integrated Endpoint?
[    0.890332] pci 0000:00:01.0: BAR 0 [mem 0xe0000000-0xe3ffffff 64bit pref]?
[    0.891311] pci 0000:00:01.0: BAR 2 [mem 0xe4000000-0xe47fffff 64bit pref]?
[    0.892311] pci 0000:00:01.0: BAR 4 [io  0x6000-0x60ff]?
[    0.893311] pci 0000:00:01.0: BAR 5 [mem 0xe4800000-0xe483ffff]?
[    0.894311] pci 0000:00:01.0: ROM [mem 0x00000000-0x0001ffff pref]?
[    0.895314] pci 0000:00:01.0: enabling Extended Tags?
[    0.896326] pci 0000:00:01.0: Video device with shadowed ROM at [mem 0x000c0000-0x000dffff]?
[    0.897331] pci 0000:00:01.0: supports D1 D2?
[    0.898310] pci 0000:00:01.0: PME# supported from D1 D2 D3hot?
[    0.899403] pci 0000:00:01.1: [1002:9921] type 00 class 0x040300 PCIe Root Complex Integrated Endpoint?
[    0.900331] pci 0000:00:01.1: BAR 0 [mem 0xe4840000-0xe4843fff 64bit]?
[    0.901317] pci 0000:00:01.1: enabling Extended Tags?
[    0.902339] pci 0000:00:01.1: supports D1 D2?
[    0.903404] pci 0000:00:02.0: [1022:1438] type 00 class 0x060000 conventional PCI endpoint?
[    0.904438] pci 0000:00:14.0: [104d:90d7] type 00 class 0x088000 PCIe Endpoint?
[    0.905350] pci 0000:00:14.0: BAR 0 [mem 0xfdf8000000-0xfdf9ffffff 64bit]?
[    0.906311] pci 0000:00:14.0: BAR 2 [io  0x1000-0x13ff]?
[    0.907497] pci 0000:00:14.1: [104d:90d8] type 00 class 0x088001 PCIe Endpoint?
[    0.908350] pci 0000:00:14.1: BAR 0 [mem 0xc2000000-0xc2000fff 64bit]?
[    0.909493] pci 0000:00:14.2: [104d:90d9] type 00 class 0x088002 PCIe Endpoint?
[    0.910350] pci 0000:00:14.2: BAR 0 [mem 0xc4000000-0xc4007fff 64bit]?
[    0.911494] pci 0000:00:14.3: [104d:90da] type 00 class 0x088003 PCIe Endpoint?
[    0.913330] pci 0000:00:14.3: BAR 0 [mem 0xc6000000-0xc6000fff 64bit]?
[    0.914493] pci 0000:00:14.4: [104d:90db] type 00 class 0x088004 PCIe Endpoint?
[    0.915350] pci 0000:00:14.4: BAR 0 [mem 0xc8000000-0xc8001fff 64bit]?
[    0.916312] pci 0000:00:14.4: BAR 2 [mem 0xc8800000-0xc89fffff 64bit]?
[    0.917312] pci 0000:00:14.4: BAR 4 [mem 0xc9000000-0xc91fffff 64bit]?
[    0.919381] pci 0000:00:14.5: [104d:90dc] type 00 class 0x088005 PCIe Endpoint?
[    0.920350] pci 0000:00:14.5: BAR 0 [mem 0xca000000-0xca000fff 64bit]?
[    0.921312] pci 0000:00:14.5: BAR 2 [mem 0xca800000-0xca800fff 64bit]?
[    0.922490] pci 0000:00:14.6: [104d:90dd] type 00 class 0x088006 PCIe Endpoint?
[    0.923350] pci 0000:00:14.6: BAR 0 [mem 0xcc000000-0xcc000fff 64bit]?
[    0.924312] pci 0000:00:14.6: BAR 2 [mem 0x80000000-0xbfffffff 64bit]?
[    0.925311] pci 0000:00:14.6: BAR 4 [mem 0xcd000000-0xcd0fffff]?
[    0.926311] pci 0000:00:14.6: BAR 5 [mem 0xcd400000-0xcd43ffff]?
[    0.927489] pci 0000:00:14.7: [104d:90de] type 00 class 0x088007 PCIe Endpoint?
[    0.929327] pci 0000:00:14.7: BAR 0 [mem 0xce000000-0xce3fffff 64bit]?
[    0.930312] pci 0000:00:14.7: BAR 2 [mem 0xce800000-0xce80ffff 64bit]?
[    0.931312] pci 0000:00:14.7: BAR 4 [mem 0xcf000000-0xcf7fffff 64bit]?
[    0.932481] pci 0000:00:18.0: [1022:142e] type 00 class 0x060000 conventional PCI endpoint?
[    0.933411] pci 0000:00:18.1: [1022:142f] type 00 class 0x060000 conventional PCI endpoint?
[    0.934414] pci 0000:00:18.2: [1022:1430] type 00 class 0x060000 conventional PCI endpoint?
[    0.935407] pci 0000:00:18.3: [1022:1431] type 00 class 0x060000 conventional PCI endpoint?
[    0.937340] pci 0000:00:18.4: [1022:1432] type 00 class 0x060000 conventional PCI endpoint?
[    0.938405] pci 0000:00:18.5: [1022:1433] type 00 class 0x060000 conventional PCI endpoint?
[    0.940396] pci 0000:00:18.6: [1022:1434] type 00 class 0x060000 conventional PCI endpoint?
[    0.941513] iommu: Default domain type: Passthrough (set via kernel command line)?
[    0.942506] SCSI subsystem initialized?
[    0.943335] libata version 3.00 loaded.?
[    0.944369] ACPI: bus type USB registered?
[    0.945363] usbcore: registered new interface driver usbfs?
[    0.946331] usbcore: registered new interface driver hub?
[    0.947330] usbcore: registered new device driver usb?
[    0.948487] Advanced Linux Sound Architecture Driver Initialized.?
[    0.949674] Bluetooth: Core ver 2.22?
[    0.950324] NET: Registered PF_BLUETOOTH protocol family?
[    0.951309] Bluetooth: HCI device and connection manager initialized?
[    0.952312] Bluetooth: HCI socket layer initialized?
[    0.953312] Bluetooth: L2CAP socket layer initialized?
[    0.954316] Bluetooth: SCO socket layer initialized?
[    0.955398] PCI: Using ACPI for IRQ routing?
[    0.958906] PCI: pci_cache_line_size set to 64 bytes?
[    0.959352] e820: reserve RAM buffer [mem 0x00008000-0x0000ffff]?
[    0.960311] e820: reserve RAM buffer [mem 0x0009a000-0x0009ffff]?
[    0.961310] e820: reserve RAM buffer [mem 0x00680000-0x006fffff]?
[    0.962310] e820: reserve RAM buffer [mem 0x7efe8000-0x7fffffff]?
[    0.963310] e820: reserve RAM buffer [mem 0x27f000000-0x27fffffff]?
[    0.964336] pci 0000:00:01.0: vgaarb: setting as boot VGA device?
[    0.965305] pci 0000:00:01.0: vgaarb: bridge control possible?
[    0.965305] pci 0000:00:01.0: vgaarb: VGA device added: decodes=io+mem,owns=io+mem,locks=none?
[    0.965318] vgaarb: loaded?
[    0.966584] clocksource: Switched to clocksource tsc-early?
[    0.972162] pnp: PnP ACPI init?
[    0.975322] pnp: PnP ACPI: found 0 devices?
[    0.984399] NET: Registered PF_INET protocol family?
[    0.989682] IP idents hash table entries: 131072 (order: 8, 1048576 bytes, linear)?
[    1.001529] tcp_listen_portaddr_hash hash table entries: 4096 (order: 4, 65536 bytes, linear)?
[    1.010258] Table-perturb hash table entries: 65536 (order: 6, 262144 bytes, linear)?
[    1.018186] TCP established hash table entries: 65536 (order: 7, 524288 bytes, linear)?
[    1.026527] TCP bind hash table entries: 65536 (order: 9, 2097152 bytes, linear)?
[    1.034698] TCP: Hash tables configured (established 65536 bind 65536)?
[    1.041474] UDP hash table entries: 4096 (order: 6, 262144 bytes, linear)?
[    1.048491] UDP-Lite hash table entries: 4096 (order: 6, 262144 bytes, linear)?
[    1.056040] NET: Registered PF_UNIX/PF_LOCAL protocol family?
[    1.062173] RPC: Registered named UNIX socket transport module.?
[    1.068210] RPC: Registered udp transport module.?
[    1.073003] RPC: Registered tcp transport module.?
[    1.077797] RPC: Registered tcp-with-tls transport module.?
[    1.083387] RPC: Registered tcp NFSv4.1 backchannel transport module.?
[    1.090450] pci_bus 0000:00: resource 4 [io  0x0000-0xffff]?
[    1.096140] pci_bus 0000:00: resource 5 [mem 0x00000000-0xffffffffff]?
[    1.102781] pci 0000:00:01.1: D0 power state depends on 0000:00:01.0?
[    1.109267] pci 0000:00:02.0: CLS mismatch (64 != 512), using 64 bytes?
[    1.116043] AMD-Vi: Using global IVHD EFR:0x0, EFR2:0x0?
[    1.116243] Trying to unpack rootfs image as initramfs...?
[    1.121585] pci 0000:00:00.0: Adding to iommu group 0?
[    1.132150] pci 0000:00:14.0: Adding to iommu group 1?
[    1.137332] pci 0000:00:14.1: Adding to iommu group 1?
[    1.142521] pci 0000:00:14.2: Adding to iommu group 1?
[    1.147711] pci 0000:00:14.3: Adding to iommu group 1?
[    1.152893] pci 0000:00:14.4: Adding to iommu group 1?
[    1.158078] pci 0000:00:14.5: Adding to iommu group 1?
[    1.163271] pci 0000:00:14.6: Adding to iommu group 1?
[    1.168458] pci 0000:00:14.7: Adding to iommu group 1?
[    1.173690] AMD-Vi: Extended features (0x840, 0x0): IA?
[    1.179218] PCI-DMA: Using software bounce buffering for IO (SWIOTLB)?
[    1.185793] software IO TLB: mapped [mem 0x000000007afe8000-0x000000007efe8000] (64MB)?
[    1.194047] LVT offset 0 assigned for vector 0x400?
[    1.200120] perf: AMD IBS detected (0x000000ff)?
[    1.204799] kvm_amd: TSC scaling supported?
[    1.208976] kvm_amd: Nested Virtualization enabled?
[    1.213858] kvm_amd: Nested Paging enabled?
[    1.218034] kvm_amd: LBR virtualization supported?
[    1.246303] Freeing initrd memory: 4156K?
[    1.256696] platform rtc_cmos: registered platform RTC device (no PNP device found)?
[    1.267513] Initialise system trusted keyrings?
[    1.272172] workingset: timestamp_bits=40 max_order=21 bucket_order=0?
[    1.279151] ntfs3: Warning: Activated 64 bits per cluster. Windows does not support this?
[    1.287504] fuse: init (API version 7.43)?
[    1.327563] NET: Registered PF_ALG protocol family?
[    1.332451] xor: automatically using best checksumming function   avx       ?
[    1.339637] Key type asymmetric registered?
[    1.343810] Asymmetric key parser 'x509' registered?
[    1.348808] Block layer SCSI generic (bsg) driver version 0.4 loaded (major 252)?
[    1.356348] io scheduler mq-deadline registered?
[    1.360962] io scheduler kyber registered?
[    1.367177] Could not retrieve perf counters (-19)?
[    1.403453] Non-volatile memory driver v1.3?
[    1.407740] Linux agpgart interface v0.103?
[    1.412353] ACPI: bus type drm_connector registered?
[    1.417360] [drm] amdgpu kernel modesetting enabled.?
[    1.424015] brd: module loaded?
[    1.430599] loop: module loaded?
[    1.433823] i2c-core: driver [at24] registered?
[    1.438570] baikal_pcie 0000:00:14.4: bpcie_probe()?
[    1.443586] baikal_pcie 0000:00:14.4: bpcie glue probe?
[    1.448829] baikal_pcie 0000:00:14.4: Baikal chip revision: 4c0c2021:8d76a398:0000b100?
[    1.456901] pci 0000:00:14.0: bpcie_create_irq_domain?
[    1.462051] baikal_pcie 0000:00:14.4: devid = 164?
[    1.466847] baikal_pcie 0000:00:14.4: no parent ?
[    1.471559] bpcie_create_irq_domain: marked Baikal-MSI-164-3-14 as MSI parent (flags=0x113 bus_token=AMDVI)?
[    1.481490] pci 0000:00:14.1: bpcie_create_irq_domain?
[    1.486638] baikal_pcie 0000:00:14.4: devid = 164?
[    1.491432] baikal_pcie 0000:00:14.4: no parent ?
[    1.496140] bpcie_create_irq_domain: marked Baikal-MSI-164-3-14 as MSI parent (flags=0x113 bus_token=AMDVI)?
[    1.506068] pci 0000:00:14.2: bpcie_create_irq_domain?
[    1.511216] baikal_pcie 0000:00:14.4: devid = 164?
[    1.516008] baikal_pcie 0000:00:14.4: no parent ?
[    1.520715] bpcie_create_irq_domain: marked Baikal-MSI-164-3-14 as MSI parent (flags=0x113 bus_token=AMDVI)?
[    1.530642] pci 0000:00:14.3: bpcie_create_irq_domain?
[    1.535790] baikal_pcie 0000:00:14.4: devid = 164?
[    1.540584] baikal_pcie 0000:00:14.4: no parent ?
[    1.545292] bpcie_create_irq_domain: marked Baikal-MSI-164-3-14 as MSI parent (flags=0x113 bus_token=AMDVI)?
[    1.555230] baikal_pcie 0000:00:14.4: bpcie_create_irq_domain?
[    1.561092] baikal_pcie 0000:00:14.4: devid = 164?
[    1.565886] baikal_pcie 0000:00:14.4: no parent ?
[    1.570591] bpcie_create_irq_domain: marked Baikal-MSI-164-3-14 as MSI parent (flags=0x113 bus_token=AMDVI)?
[    1.580522] pci 0000:00:14.5: bpcie_create_irq_domain?
[    1.585671] baikal_pcie 0000:00:14.4: devid = 164?
[    1.590466] baikal_pcie 0000:00:14.4: no parent ?
[    1.595172] bpcie_create_irq_domain: marked Baikal-MSI-164-3-14 as MSI parent (flags=0x113 bus_token=AMDVI)?
[    1.605100] pci 0000:00:14.6: bpcie_create_irq_domain?
[    1.610250] baikal_pcie 0000:00:14.4: devid = 164?
[    1.615043] baikal_pcie 0000:00:14.4: no parent ?
[    1.619750] bpcie_create_irq_domain: marked Baikal-MSI-164-3-14 as MSI parent (flags=0x113 bus_token=AMDVI)?
[    1.629677] pci 0000:00:14.7: bpcie_create_irq_domain?
[    1.634825] baikal_pcie 0000:00:14.4: devid = 164?
[    1.639618] baikal_pcie 0000:00:14.4: no parent ?
[    1.644324] bpcie_create_irq_domain: marked Baikal-MSI-164-3-14 as MSI parent (flags=0x113 bus_token=AMDVI)?
[    1.654264] bpcie_init_dev_msi_info: dev=0000:00:14.4 installed bpcie demuxer (sc=(____ptrval____))?
[    1.664048] bpcie_msi_init: virq=10 hwirq=0x0 domain=(____ptrval____) info=(____ptrval____) sc=(____ptrval____)?
[    1.674340] bpcie_msi_init: registered virq=10 irq_map[0]?
[    1.679847] bpcie_msi_init: virq=11 hwirq=0x1 domain=(____ptrval____) info=(____ptrval____) sc=(____ptrval____)?
[    1.690131] bpcie_msi_init: registered virq=11 irq_map[1]?
[    1.695630] bpcie_msi_init: virq=12 hwirq=0x2 domain=(____ptrval____) info=(____ptrval____) sc=(____ptrval____)?
[    1.705913] bpcie_msi_init: registered virq=12 irq_map[2]?
[    1.711413] bpcie_msi_init: virq=13 hwirq=0x3 domain=(____ptrval____) info=(____ptrval____) sc=(____ptrval____)?
[    1.721697] bpcie_msi_init: registered virq=13 irq_map[3]?
[    1.727198] bpcie_msi_init: virq=14 hwirq=0x4 domain=(____ptrval____) info=(____ptrval____) sc=(____ptrval____)?
[    1.737480] bpcie_msi_init: registered virq=14 irq_map[4]?
[    1.742979] bpcie_msi_init: virq=15 hwirq=0x5 domain=(____ptrval____) info=(____ptrval____) sc=(____ptrval____)?
[    1.753262] bpcie_msi_init: registered virq=15 irq_map[5]?
[    1.758761] bpcie_msi_init: virq=16 hwirq=0x6 domain=(____ptrval____) info=(____ptrval____) sc=(____ptrval____)?
[    1.769042] bpcie_msi_init: registered virq=16 irq_map[6]?
[    1.774543] bpcie_msi_init: virq=17 hwirq=0x7 domain=(____ptrval____) info=(____ptrval____) sc=(____ptrval____)?
[    1.784825] bpcie_msi_init: registered virq=17 irq_map[7]?
[    1.790324] bpcie_msi_init: virq=18 hwirq=0x8 domain=(____ptrval____) info=(____ptrval____) sc=(____ptrval____)?
[    1.800607] bpcie_msi_init: registered virq=18 irq_map[8]?
[    1.806106] bpcie_msi_init: virq=19 hwirq=0x9 domain=(____ptrval____) info=(____ptrval____) sc=(____ptrval____)?
[    1.816388] bpcie_msi_init: registered virq=19 irq_map[9]?
[    1.821888] bpcie_msi_init: virq=20 hwirq=0xa domain=(____ptrval____) info=(____ptrval____) sc=(____ptrval____)?
[    1.832170] bpcie_msi_init: registered virq=20 irq_map[10]?
[    1.837758] bpcie_msi_init: virq=21 hwirq=0xb domain=(____ptrval____) info=(____ptrval____) sc=(____ptrval____)?
[    1.848040] bpcie_msi_init: registered virq=21 irq_map[11]?
[    1.853628] bpcie_msi_init: virq=22 hwirq=0xc domain=(____ptrval____) info=(____ptrval____) sc=(____ptrval____)?
[    1.863909] bpcie_msi_init: registered virq=22 irq_map[12]?
[    1.869497] bpcie_msi_init: virq=23 hwirq=0xd domain=(____ptrval____) info=(____ptrval____) sc=(____ptrval____)?
[    1.879779] bpcie_msi_init: registered virq=23 irq_map[13]?
[    1.885368] bpcie_msi_init: virq=24 hwirq=0xe domain=(____ptrval____) info=(____ptrval____) sc=(____ptrval____)?
[    1.895651] bpcie_msi_init: registered virq=24 irq_map[14]?
[    1.901239] bpcie_msi_init: virq=25 hwirq=0xf domain=(____ptrval____) info=(____ptrval____) sc=(____ptrval____)?
[    1.911526] bpcie_msi_init: registered virq=25 irq_map[15]?
[    1.917116] bpcie_msi_init: virq=26 hwirq=0x10 domain=(____ptrval____) info=(____ptrval____) sc=(____ptrval____)?
[    1.927486] bpcie_msi_init: registered virq=26 irq_map[16]?
[    1.933074] bpcie_msi_init: virq=27 hwirq=0x11 domain=(____ptrval____) info=(____ptrval____) sc=(____ptrval____)?
[    1.943449] bpcie_msi_init: registered virq=27 irq_map[17]?
[    1.949037] bpcie_msi_init: virq=28 hwirq=0x12 domain=(____ptrval____) info=(____ptrval____) sc=(____ptrval____)?
[    1.959410] bpcie_msi_init: registered virq=28 irq_map[18]?
[    1.964998] bpcie_msi_init: virq=29 hwirq=0x13 domain=(____ptrval____) info=(____ptrval____) sc=(____ptrval____)?
[    1.975369] bpcie_msi_init: registered virq=29 irq_map[19]?
[    1.980958] bpcie_msi_init: virq=30 hwirq=0x14 domain=(____ptrval____) info=(____ptrval____) sc=(____ptrval____)?
[    1.991327] bpcie_msi_init: registered virq=30 irq_map[20]?
[    1.996916] bpcie_msi_init: virq=31 hwirq=0x15 domain=(____ptrval____) info=(____ptrval____) sc=(____ptrval____)?
[    2.007289] bpcie_msi_init: registered virq=31 irq_map[21]?
[    2.012877] bpcie_msi_init: virq=32 hwirq=0x16 domain=(____ptrval____) info=(____ptrval____) sc=(____ptrval____)?
[    2.023249] bpcie_msi_init: registered virq=32 irq_map[22]?
[    2.028837] bpcie_msi_init: virq=33 hwirq=0x17 domain=(____ptrval____) info=(____ptrval____) sc=(____ptrval____)?
[    2.039207] bpcie_msi_init: registered virq=33 irq_map[23]?
[    2.044796] bpcie_msi_init: virq=34 hwirq=0x18 domain=(____ptrval____) info=(____ptrval____) sc=(____ptrval____)?
[    2.055166] bpcie_msi_init: registered virq=34 irq_map[24]?
[    2.060754] bpcie_msi_init: virq=35 hwirq=0x19 domain=(____ptrval____) info=(____ptrval____) sc=(____ptrval____)?
[    2.071126] bpcie_msi_init: registered virq=35 irq_map[25]?
[    2.076715] bpcie_msi_init: virq=36 hwirq=0x1a domain=(____ptrval____) info=(____ptrval____) sc=(____ptrval____)?
[    2.087086] bpcie_msi_init: registered virq=36 irq_map[26]?
[    2.092674] bpcie_msi_init: virq=37 hwirq=0x1b domain=(____ptrval____) info=(____ptrval____) sc=(____ptrval____)?
[    2.103047] bpcie_msi_init: registered virq=37 irq_map[27]?
[    2.108637] bpcie_msi_init: virq=38 hwirq=0x1c domain=(____ptrval____) info=(____ptrval____) sc=(____ptrval____)?
[    2.119008] bpcie_msi_init: registered virq=38 irq_map[28]?
[    2.124596] bpcie_msi_init: virq=39 hwirq=0x1d domain=(____ptrval____) info=(____ptrval____) sc=(____ptrval____)?
[    2.134966] bpcie_msi_init: registered virq=39 irq_map[29]?
[    2.140554] bpcie_msi_init: virq=40 hwirq=0x1e domain=(____ptrval____) info=(____ptrval____) sc=(____ptrval____)?
[    2.150927] bpcie_msi_init: registered virq=40 irq_map[30]?
[    2.156515] bpcie_msi_init: virq=41 hwirq=0x1f domain=(____ptrval____) info=(____ptrval____) sc=(____ptrval____)?
[    2.166886] bpcie_msi_init: registered virq=41 irq_map[31]?
[    2.172511] baikal_pcie 0000:00:14.4: bpcie_msi_write_msg(fee00000, 000000ef) mask=0x0 irq=10 hwirq=0x0 (____ptrval____)?
[    2.183606] baikal_pcie 0000:00:14.4: bpcie_config_msi: func=4 subfunc=0 addr=fee00000 data=000000ef?
[    2.192939] baikal_pcie 0000:00:14.4: bpcie_msi_write_msg(fee00000, 000000ef) mask=0x0 irq=11 hwirq=0x1 (____ptrval____)?
[    2.204032] baikal_pcie 0000:00:14.4: bpcie_config_msi: func=4 subfunc=1 addr=fee00000 data=000000ef?
[    2.213353] baikal_pcie 0000:00:14.4: bpcie_msi_write_msg(fee00000, 000000ef) mask=0x0 irq=12 hwirq=0x2 (____ptrval____)?
[    2.224440] baikal_pcie 0000:00:14.4: bpcie_config_msi: func=4 subfunc=2 addr=fee00000 data=000000ef?
[    2.233759] baikal_pcie 0000:00:14.4: bpcie_msi_write_msg(fee00000, 000000ef) mask=0x0 irq=13 hwirq=0x3 (____ptrval____)?
[    2.244840] baikal_pcie 0000:00:14.4: bpcie_config_msi: func=4 subfunc=3 addr=fee00000 data=000000ef?
[    2.254157] baikal_pcie 0000:00:14.4: bpcie_msi_write_msg(fee00000, 000000ef) mask=0x0 irq=14 hwirq=0x4 (____ptrval____)?
[    2.265237] baikal_pcie 0000:00:14.4: bpcie_config_msi: func=4 subfunc=4 addr=fee00000 data=000000ef?
[    2.274555] baikal_pcie 0000:00:14.4: bpcie_msi_write_msg(fee00000, 000000ef) mask=0x0 irq=15 hwirq=0x5 (____ptrval____)?
[    2.285645] baikal_pcie 0000:00:14.4: bpcie_config_msi: func=4 subfunc=5 addr=fee00000 data=000000ef?
[    2.294962] baikal_pcie 0000:00:14.4: bpcie_msi_write_msg(fee00000, 000000ef) mask=0x0 irq=16 hwirq=0x6 (____ptrval____)?
[    2.306042] baikal_pcie 0000:00:14.4: bpcie_config_msi: func=4 subfunc=6 addr=fee00000 data=000000ef?
[    2.315358] baikal_pcie 0000:00:14.4: bpcie_msi_write_msg(fee00000, 000000ef) mask=0x0 irq=17 hwirq=0x7 (____ptrval____)?
[    2.326440] baikal_pcie 0000:00:14.4: bpcie_config_msi: func=4 subfunc=7 addr=fee00000 data=000000ef?
[    2.335759] baikal_pcie 0000:00:14.4: bpcie_msi_write_msg(fee00000, 000000ef) mask=0x0 irq=18 hwirq=0x8 (____ptrval____)?
[    2.346839] baikal_pcie 0000:00:14.4: bpcie_config_msi: func=4 subfunc=8 addr=fee00000 data=000000ef?
[    2.356156] baikal_pcie 0000:00:14.4: bpcie_msi_write_msg(fee00000, 000000ef) mask=0x0 irq=19 hwirq=0x9 (____ptrval____)?
[    2.367235] baikal_pcie 0000:00:14.4: bpcie_config_msi: func=4 subfunc=9 addr=fee00000 data=000000ef?
[    2.376555] baikal_pcie 0000:00:14.4: bpcie_msi_write_msg(fee00000, 000000ef) mask=0x0 irq=20 hwirq=0xa (____ptrval____)?
[    2.387634] baikal_pcie 0000:00:14.4: bpcie_config_msi: func=4 subfunc=10 addr=fee00000 data=000000ef?
[    2.397040] baikal_pcie 0000:00:14.4: bpcie_msi_write_msg(fee00000, 000000ef) mask=0x0 irq=21 hwirq=0xb (____ptrval____)?
[    2.408120] baikal_pcie 0000:00:14.4: bpcie_config_msi: func=4 subfunc=11 addr=fee00000 data=000000ef?
[    2.417524] baikal_pcie 0000:00:14.4: bpcie_msi_write_msg(fee00000, 000000ef) mask=0x0 irq=22 hwirq=0xc (____ptrval____)?
[    2.428607] baikal_pcie 0000:00:14.4: bpcie_config_msi: func=4 subfunc=12 addr=fee00000 data=000000ef?
[    2.438012] baikal_pcie 0000:00:14.4: bpcie_msi_write_msg(fee00000, 000000ef) mask=0x0 irq=23 hwirq=0xd (____ptrval____)?
[    2.449091] baikal_pcie 0000:00:14.4: bpcie_config_msi: func=4 subfunc=13 addr=fee00000 data=000000ef?
[    2.458496] baikal_pcie 0000:00:14.4: bpcie_msi_write_msg(fee00000, 000000ef) mask=0x0 irq=24 hwirq=0xe (____ptrval____)?
[    2.469583] baikal_pcie 0000:00:14.4: bpcie_config_msi: func=4 subfunc=14 addr=fee00000 data=000000ef?
[    2.478990] baikal_pcie 0000:00:14.4: bpcie_msi_write_msg(fee00000, 000000ef) mask=0x0 irq=25 hwirq=0xf (____ptrval____)?
[    2.490070] baikal_pcie 0000:00:14.4: bpcie_config_msi: func=4 subfunc=15 addr=fee00000 data=000000ef?
[    2.499476] baikal_pcie 0000:00:14.4: bpcie_msi_write_msg(fee00000, 000000ef) mask=0x0 irq=26 hwirq=0x10 (____ptrval____)?
[    2.510644] baikal_pcie 0000:00:14.4: bpcie_config_msi: func=4 subfunc=16 addr=fee00000 data=000000ef?
[    2.520051] baikal_pcie 0000:00:14.4: bpcie_msi_write_msg(fee00000, 000000ef) mask=0x0 irq=27 hwirq=0x11 (____ptrval____)?
[    2.531221] baikal_pcie 0000:00:14.4: bpcie_config_msi: func=4 subfunc=17 addr=fee00000 data=000000ef?
[    2.540630] baikal_pcie 0000:00:14.4: bpcie_msi_write_msg(fee00000, 000000ef) mask=0x0 irq=28 hwirq=0x12 (____ptrval____)?
[    2.551798] baikal_pcie 0000:00:14.4: bpcie_config_msi: func=4 subfunc=18 addr=fee00000 data=000000ef?
[    2.561205] baikal_pcie 0000:00:14.4: bpcie_msi_write_msg(fee00000, 000000ef) mask=0x0 irq=29 hwirq=0x13 (____ptrval____)?
[    2.572373] baikal_pcie 0000:00:14.4: bpcie_config_msi: func=4 subfunc=19 addr=fee00000 data=000000ef?
[    2.581780] baikal_pcie 0000:00:14.4: bpcie_msi_write_msg(fee00000, 000000ef) mask=0x0 irq=30 hwirq=0x14 (____ptrval____)?
[    2.592949] baikal_pcie 0000:00:14.4: bpcie_config_msi: func=4 subfunc=20 addr=fee00000 data=000000ef?
[    2.602354] baikal_pcie 0000:00:14.4: bpcie_msi_write_msg(fee00000, 000000ef) mask=0x0 irq=31 hwirq=0x15 (____ptrval____)?
[    2.613522] baikal_pcie 0000:00:14.4: bpcie_config_msi: func=4 subfunc=21 addr=fee00000 data=000000ef?
[    2.622928] baikal_pcie 0000:00:14.4: bpcie_msi_write_msg(fee00000, 000000ef) mask=0x0 irq=32 hwirq=0x16 (____ptrval____)?
[    2.634097] baikal_pcie 0000:00:14.4: bpcie_config_msi: func=4 subfunc=22 addr=fee00000 data=000000ef?
[    2.643504] baikal_pcie 0000:00:14.4: bpcie_msi_write_msg(fee00000, 000000ef) mask=0x0 irq=33 hwirq=0x17 (____ptrval____)?
[    2.654672] baikal_pcie 0000:00:14.4: bpcie_config_msi: func=4 subfunc=23 addr=fee00000 data=000000ef?
[    2.664079] baikal_pcie 0000:00:14.4: bpcie_msi_write_msg(fee00000, 000000ef) mask=0x0 irq=34 hwirq=0x18 (____ptrval____)?
[    2.675247] baikal_pcie 0000:00:14.4: bpcie_config_msi: func=4 subfunc=24 addr=fee00000 data=000000ef?
[    2.684653] baikal_pcie 0000:00:14.4: bpcie_msi_write_msg(fee00000, 000000ef) mask=0x0 irq=35 hwirq=0x19 (____ptrval____)?
[    2.695822] baikal_pcie 0000:00:14.4: bpcie_config_msi: func=4 subfunc=25 addr=fee00000 data=000000ef?
[    2.705228] baikal_pcie 0000:00:14.4: bpcie_msi_write_msg(fee00000, 000000ef) mask=0x0 irq=36 hwirq=0x1a (____ptrval____)?
[    2.716395] baikal_pcie 0000:00:14.4: bpcie_config_msi: func=4 subfunc=26 addr=fee00000 data=000000ef?
[    2.725806] baikal_pcie 0000:00:14.4: bpcie_msi_write_msg(fee00000, 000000ef) mask=0x0 irq=37 hwirq=0x1b (____ptrval____)?
[    2.736975] baikal_pcie 0000:00:14.4: bpcie_config_msi: func=4 subfunc=27 addr=fee00000 data=000000ef?
[    2.746381] baikal_pcie 0000:00:14.4: bpcie_msi_write_msg(fee00000, 000000ef) mask=0x0 irq=38 hwirq=0x1c (____ptrval____)?
[    2.757548] baikal_pcie 0000:00:14.4: bpcie_config_msi: func=4 subfunc=28 addr=fee00000 data=000000ef?
[    2.766953] baikal_pcie 0000:00:14.4: bpcie_msi_write_msg(fee00000, 000000ef) mask=0x0 irq=39 hwirq=0x1d (____ptrval____)?
[    2.778121] baikal_pcie 0000:00:14.4: bpcie_config_msi: func=4 subfunc=29 addr=fee00000 data=000000ef?
[    2.787527] baikal_pcie 0000:00:14.4: bpcie_msi_write_msg(fee00000, 000000ef) mask=0x0 irq=40 hwirq=0x1e (____ptrval____)?
[    2.798695] baikal_pcie 0000:00:14.4: bpcie_config_msi: func=4 subfunc=30 addr=fee00000 data=000000ef?
[    2.808100] baikal_pcie 0000:00:14.4: bpcie_msi_write_msg(fee00000, 000000ef) mask=0x0 irq=41 hwirq=0x1f (____ptrval____)?
[    2.819267] baikal_pcie 0000:00:14.4: bpcie_config_msi: func=4 subfunc=31 addr=fee00000 data=000000ef?
[    2.828697] clocksource: tsc: mask: 0xffffffffffffffff max_cycles: 0x16fa3b8d372, max_idle_ns: 440795219083 ns?
[    2.828770] baikal_pcie 0000:00:14.4: dev->irq=10?
[    2.843703] clocksource: Switched to clocksource tsc?
[    2.843824] baikal_pcie 0000:00:14.4: Failed to register serial port 0?
[    2.848776] clocksource: timekeeping watchdog on CPU3: Marking clocksource 'tsc-early' as unstable because the skew is too large:?
[    2.848781] clocksource:                       'refined-jiffies' wd_nsec: 622905304 wd_now: fffb746f wd_last: fffb7200 mask: ffffffff?
[    2.848786] clocksource:                       'tsc-early' cs_nsec: 443360982 cs_now: 12adde4b889 cs_last: 12ab3c4a63b mask: ffffffffffffffff?
[    2.848796] clocksource:                       Clocksource 'tsc-early' skewed -179544322 ns (-179 ms) over watchdog 'refined-jiffies' interval of 622905304 ns (622 ms)?
[    2.848801] clocksource:                       'tsc' (not 'tsc-early') is current clocksource.?
[    2.848805] tsc: Marking TSC unstable due to clocksource watchdog?
[    2.922763] baikal_pcie 0000:00:14.4: UART init failed (-5); continuing without serial console?
[    2.931568] bpcie_icc_init: msi_desc msi_index=0 irq=10?
[    2.936907] bpcie_icc_init: ICC subfunc 3 -> bpcie_irqnum=13 found_virq=-1?
[    2.943951] baikal_pcie 0000:00:14.4: bpcie_msi_write_msg(fee01000, 00000020) mask=0x0 irq=13 hwirq=0x3 (____ptrval____)?
[    2.944909] baikal_pcie 0000:00:14.4: bpcie_config_msi: func=4 subfunc=3 addr=fee01000 data=00000020?
[    2.944909] baikal_pcie 0000:00:14.4: bpcie_msi_write_msg(fee01000, 00000020) mask=0x0 irq=13 hwirq=0x3 (____ptrval____)?
[    2.944909] baikal_pcie 0000:00:14.4: bpcie_config_msi: func=4 subfunc=3 addr=fee01000 data=00000020?
[    2.984762] genirq: Flags mismatch irq 0. 00200080 (icc-shotgun) vs. 00000000 (AMD-Vi)?
[    2.992851] baikal_pcie 0000:00:14.4: bpcie_msi_write_msg(fee02000, 00000020) mask=0x0 irq=10 hwirq=0x0 (____ptrval____)?
[    2.993833] baikal_pcie 0000:00:14.4: bpcie_config_msi: func=4 subfunc=0 addr=fee02000 data=00000020?
[    2.993833] baikal_pcie 0000:00:14.4: bpcie_msi_write_msg(fee02000, 00000020) mask=0x0 irq=10 hwirq=0x0 (____ptrval____)?
[    2.993833] baikal_pcie 0000:00:14.4: bpcie_config_msi: func=4 subfunc=0 addr=fee02000 data=00000020?
[    3.033673] baikal_pcie 0000:00:14.4: bpcie_msi_write_msg(fee03000, 00000020) mask=0x0 irq=11 hwirq=0x1 (____ptrval____)?
[    3.034649] baikal_pcie 0000:00:14.4: bpcie_config_msi: func=4 subfunc=1 addr=fee03000 data=00000020?
[    3.034649] baikal_pcie 0000:00:14.4: bpcie_msi_write_msg(fee03000, 00000020) mask=0x0 irq=11 hwirq=0x1 (____ptrval____)?
[    3.034649] baikal_pcie 0000:00:14.4: bpcie_config_msi: func=4 subfunc=1 addr=fee03000 data=00000020?
[    3.074472] baikal_pcie 0000:00:14.4: bpcie_msi_write_msg(fee04000, 00000020) mask=0x0 irq=12 hwirq=0x2 (____ptrval____)?
[    3.075447] baikal_pcie 0000:00:14.4: bpcie_config_msi: func=4 subfunc=2 addr=fee04000 data=00000020?
[    3.075447] baikal_pcie 0000:00:14.4: bpcie_msi_write_msg(fee04000, 00000020) mask=0x0 irq=12 hwirq=0x2 (____ptrval____)?
[    3.075447] baikal_pcie 0000:00:14.4: bpcie_config_msi: func=4 subfunc=2 addr=fee04000 data=00000020?
[    3.115282] baikal_pcie 0000:00:14.4: bpcie_msi_write_msg(fee05000, 00000020) mask=0x0 irq=14 hwirq=0x4 (____ptrval____)?
[    3.116253] baikal_pcie 0000:00:14.4: bpcie_config_msi: func=4 subfunc=4 addr=fee05000 data=00000020?
[    3.116253] baikal_pcie 0000:00:14.4: bpcie_msi_write_msg(fee05000, 00000020) mask=0x0 irq=14 hwirq=0x4 (____ptrval____)?
[    3.116253] baikal_pcie 0000:00:14.4: bpcie_config_msi: func=4 subfunc=4 addr=fee05000 data=00000020?
[    3.156084] baikal_pcie 0000:00:14.4: bpcie_msi_write_msg(fee06000, 00000020) mask=0x0 irq=15 hwirq=0x5 (____ptrval____)?
[    3.157057] baikal_pcie 0000:00:14.4: bpcie_config_msi: func=4 subfunc=5 addr=fee06000 data=00000020?
[    3.157057] baikal_pcie 0000:00:14.4: bpcie_msi_write_msg(fee06000, 00000020) mask=0x0 irq=15 hwirq=0x5 (____ptrval____)?
[    3.157057] baikal_pcie 0000:00:14.4: bpcie_config_msi: func=4 subfunc=5 addr=fee06000 data=00000020?
[    3.196883] baikal_pcie 0000:00:14.4: bpcie_msi_write_msg(fee07000, 00000020) mask=0x0 irq=16 hwirq=0x6 (____ptrval____)?
[    3.197858] baikal_pcie 0000:00:14.4: bpcie_config_msi: func=4 subfunc=6 addr=fee07000 data=00000020?
[    3.197858] baikal_pcie 0000:00:14.4: bpcie_msi_write_msg(fee07000, 00000020) mask=0x0 irq=16 hwirq=0x6 (____ptrval____)?
[    3.197858] baikal_pcie 0000:00:14.4: bpcie_config_msi: func=4 subfunc=6 addr=fee07000 data=00000020?
[    3.237682] baikal_pcie 0000:00:14.4: bpcie_msi_write_msg(fee00000, 00000021) mask=0x0 irq=17 hwirq=0x7 (____ptrval____)?
[    3.238657] baikal_pcie 0000:00:14.4: bpcie_config_msi: func=4 subfunc=7 addr=fee00000 data=00000021?
[    3.238657] baikal_pcie 0000:00:14.4: bpcie_msi_write_msg(fee00000, 00000021) mask=0x0 irq=17 hwirq=0x7 (____ptrval____)?
[    3.238657] baikal_pcie 0000:00:14.4: bpcie_config_msi: func=4 subfunc=7 addr=fee00000 data=00000021?
[    3.278478] baikal_pcie 0000:00:14.4: bpcie_msi_write_msg(fee01000, 00000021) mask=0x0 irq=18 hwirq=0x8 (____ptrval____)?
[    3.279455] baikal_pcie 0000:00:14.4: bpcie_config_msi: func=4 subfunc=8 addr=fee01000 data=00000021?
[    3.279455] baikal_pcie 0000:00:14.4: bpcie_msi_write_msg(fee01000, 00000021) mask=0x0 irq=18 hwirq=0x8 (____ptrval____)?
[    3.279455] baikal_pcie 0000:00:14.4: bpcie_config_msi: func=4 subfunc=8 addr=fee01000 data=00000021?
[    3.319272] baikal_pcie 0000:00:14.4: bpcie_msi_write_msg(fee02000, 00000021) mask=0x0 irq=19 hwirq=0x9 (____ptrval____)?
[    3.320248] baikal_pcie 0000:00:14.4: bpcie_config_msi: func=4 subfunc=9 addr=fee02000 data=00000021?
[    3.320248] baikal_pcie 0000:00:14.4: bpcie_msi_write_msg(fee02000, 00000021) mask=0x0 irq=19 hwirq=0x9 (____ptrval____)?
[    3.320248] baikal_pcie 0000:00:14.4: bpcie_config_msi: func=4 subfunc=9 addr=fee02000 data=00000021?
[    3.360081] baikal_pcie 0000:00:14.4: bpcie_msi_write_msg(fee03000, 00000021) mask=0x0 irq=20 hwirq=0xa (____ptrval____)?
[    3.361046] baikal_pcie 0000:00:14.4: bpcie_config_msi: func=4 subfunc=10 addr=fee03000 data=00000021?
[    3.361046] baikal_pcie 0000:00:14.4: bpcie_msi_write_msg(fee03000, 00000021) mask=0x0 irq=20 hwirq=0xa (____ptrval____)?
[    3.361046] baikal_pcie 0000:00:14.4: bpcie_config_msi: func=4 subfunc=10 addr=fee03000 data=00000021?
[    3.401057] baikal_pcie 0000:00:14.4: bpcie_msi_write_msg(fee04000, 00000021) mask=0x0 irq=21 hwirq=0xb (____ptrval____)?
[    3.402033] baikal_pcie 0000:00:14.4: bpcie_config_msi: func=4 subfunc=11 addr=fee04000 data=00000021?
[    3.402033] baikal_pcie 0000:00:14.4: bpcie_msi_write_msg(fee04000, 00000021) mask=0x0 irq=21 hwirq=0xb (____ptrval____)?
[    3.402033] baikal_pcie 0000:00:14.4: bpcie_config_msi: func=4 subfunc=11 addr=fee04000 data=00000021?
[    3.442046] baikal_pcie 0000:00:14.4: bpcie_msi_write_msg(fee05000, 00000021) mask=0x0 irq=22 hwirq=0xc (____ptrval____)?
[    3.443009] baikal_pcie 0000:00:14.4: bpcie_config_msi: func=4 subfunc=12 addr=fee05000 data=00000021?
[    3.443009] baikal_pcie 0000:00:14.4: bpcie_msi_write_msg(fee05000, 00000021) mask=0x0 irq=22 hwirq=0xc (____ptrval____)?
[    3.443009] baikal_pcie 0000:00:14.4: bpcie_config_msi: func=4 subfunc=12 addr=fee05000 data=00000021?
[    3.483013] baikal_pcie 0000:00:14.4: bpcie_msi_write_msg(fee06000, 00000021) mask=0x0 irq=23 hwirq=0xd (____ptrval____)?
[    3.483996] baikal_pcie 0000:00:14.4: bpcie_config_msi: func=4 subfunc=13 addr=fee06000 data=00000021?
[    3.483996] baikal_pcie 0000:00:14.4: bpcie_msi_write_msg(fee06000, 00000021) mask=0x0 irq=23 hwirq=0xd (____ptrval____)?
[    3.483996] baikal_pcie 0000:00:14.4: bpcie_config_msi: func=4 subfunc=13 addr=fee06000 data=00000021?
[    3.523982] baikal_pcie 0000:00:14.4: bpcie_msi_write_msg(fee07000, 00000021) mask=0x0 irq=24 hwirq=0xe (____ptrval____)?
[    3.524962] baikal_pcie 0000:00:14.4: bpcie_config_msi: func=4 subfunc=14 addr=fee07000 data=00000021?
[    3.524962] baikal_pcie 0000:00:14.4: bpcie_msi_write_msg(fee07000, 00000021) mask=0x0 irq=24 hwirq=0xe (____ptrval____)?
[    3.524962] baikal_pcie 0000:00:14.4: bpcie_config_msi: func=4 subfunc=14 addr=fee07000 data=00000021?
[    3.564950] baikal_pcie 0000:00:14.4: bpcie_msi_write_msg(fee00000, 00000022) mask=0x0 irq=25 hwirq=0xf (____ptrval____)?
[    3.565934] baikal_pcie 0000:00:14.4: bpcie_config_msi: func=4 subfunc=15 addr=fee00000 data=00000022?
[    3.565934] baikal_pcie 0000:00:14.4: bpcie_msi_write_msg(fee00000, 00000022) mask=0x0 irq=25 hwirq=0xf (____ptrval____)?
[    3.565934] baikal_pcie 0000:00:14.4: bpcie_config_msi: func=4 subfunc=15 addr=fee00000 data=00000022?
[    3.605918] baikal_pcie 0000:00:14.4: bpcie_msi_write_msg(fee01000, 00000022) mask=0x0 irq=26 hwirq=0x10 (____ptrval____)?
[    3.606901] baikal_pcie 0000:00:14.4: bpcie_config_msi: func=4 subfunc=16 addr=fee01000 data=00000022?
[    3.606901] baikal_pcie 0000:00:14.4: bpcie_msi_write_msg(fee01000, 00000022) mask=0x0 irq=26 hwirq=0x10 (____ptrval____)?
[    3.606901] baikal_pcie 0000:00:14.4: bpcie_config_msi: func=4 subfunc=16 addr=fee01000 data=00000022?
[    3.647064] baikal_pcie 0000:00:14.4: bpcie_msi_write_msg(fee02000, 00000022) mask=0x0 irq=27 hwirq=0x11 (____ptrval____)?
[    3.648046] baikal_pcie 0000:00:14.4: bpcie_config_msi: func=4 subfunc=17 addr=fee02000 data=00000022?
[    3.648046] baikal_pcie 0000:00:14.4: bpcie_msi_write_msg(fee02000, 00000022) mask=0x0 irq=27 hwirq=0x11 (____ptrval____)?
[    3.648046] baikal_pcie 0000:00:14.4: bpcie_config_msi: func=4 subfunc=17 addr=fee02000 data=00000022?
[    3.688215] baikal_pcie 0000:00:14.4: bpcie_msi_write_msg(fee03000, 00000022) mask=0x0 irq=28 hwirq=0x12 (____ptrval____)?
[    3.689194] baikal_pcie 0000:00:14.4: bpcie_config_msi: func=4 subfunc=18 addr=fee03000 data=00000022?
[    3.689194] baikal_pcie 0000:00:14.4: bpcie_msi_write_msg(fee03000, 00000022) mask=0x0 irq=28 hwirq=0x12 (____ptrval____)?
[    3.689194] baikal_pcie 0000:00:14.4: bpcie_config_msi: func=4 subfunc=18 addr=fee03000 data=00000022?
[    3.729361] baikal_pcie 0000:00:14.4: bpcie_msi_write_msg(fee04000, 00000022) mask=0x0 irq=29 hwirq=0x13 (____ptrval____)?
[    3.730342] baikal_pcie 0000:00:14.4: bpcie_config_msi: func=4 subfunc=19 addr=fee04000 data=00000022?
[    3.730342] baikal_pcie 0000:00:14.4: bpcie_msi_write_msg(fee04000, 00000022) mask=0x0 irq=29 hwirq=0x13 (____ptrval____)?
[    3.730342] baikal_pcie 0000:00:14.4: bpcie_config_msi: func=4 subfunc=19 addr=fee04000 data=00000022?
[    3.770507] baikal_pcie 0000:00:14.4: bpcie_msi_write_msg(fee05000, 00000022) mask=0x0 irq=30 hwirq=0x14 (____ptrval____)?
[    3.771489] baikal_pcie 0000:00:14.4: bpcie_config_msi: func=4 subfunc=20 addr=fee05000 data=00000022?
[    3.771489] baikal_pcie 0000:00:14.4: bpcie_msi_write_msg(fee05000, 00000022) mask=0x0 irq=30 hwirq=0x14 (____ptrval____)?
[    3.771489] baikal_pcie 0000:00:14.4: bpcie_config_msi: func=4 subfunc=20 addr=fee05000 data=00000022?
[    3.811651] baikal_pcie 0000:00:14.4: bpcie_msi_write_msg(fee06000, 00000022) mask=0x0 irq=31 hwirq=0x15 (____ptrval____)?
[    3.812632] baikal_pcie 0000:00:14.4: bpcie_config_msi: func=4 subfunc=21 addr=fee06000 data=00000022?
[    3.812632] baikal_pcie 0000:00:14.4: bpcie_msi_write_msg(fee06000, 00000022) mask=0x0 irq=31 hwirq=0x15 (____ptrval____)?
[    3.812632] baikal_pcie 0000:00:14.4: bpcie_config_msi: func=4 subfunc=21 addr=fee06000 data=00000022?
[    3.852795] baikal_pcie 0000:00:14.4: bpcie_msi_write_msg(fee07000, 00000022) mask=0x0 irq=32 hwirq=0x16 (____ptrval____)?
[    3.853778] baikal_pcie 0000:00:14.4: bpcie_config_msi: func=4 subfunc=22 addr=fee07000 data=00000022?
[    3.853778] baikal_pcie 0000:00:14.4: bpcie_msi_write_msg(fee07000, 00000022) mask=0x0 irq=32 hwirq=0x16 (____ptrval____)?
[    3.853778] baikal_pcie 0000:00:14.4: bpcie_config_msi: func=4 subfunc=22 addr=fee07000 data=00000022?
[    3.893948] baikal_pcie 0000:00:14.4: bpcie_msi_write_msg(fee00000, 00000023) mask=0x0 irq=33 hwirq=0x17 (____ptrval____)?
[    3.894922] baikal_pcie 0000:00:14.4: bpcie_config_msi: func=4 subfunc=23 addr=fee00000 data=00000023?
[    3.894922] baikal_pcie 0000:00:14.4: bpcie_msi_write_msg(fee00000, 00000023) mask=0x0 irq=33 hwirq=0x17 (____ptrval____)?
[    3.894922] baikal_pcie 0000:00:14.4: bpcie_config_msi: func=4 subfunc=23 addr=fee00000 data=00000023?
[    3.935093] baikal_pcie 0000:00:14.4: bpcie_msi_write_msg(fee01000, 00000023) mask=0x0 irq=34 hwirq=0x18 (____ptrval____)?
[    3.936073] baikal_pcie 0000:00:14.4: bpcie_config_msi: func=4 subfunc=24 addr=fee01000 data=00000023?
[    3.936073] baikal_pcie 0000:00:14.4: bpcie_msi_write_msg(fee01000, 00000023) mask=0x0 irq=34 hwirq=0x18 (____ptrval____)?
[    3.936073] baikal_pcie 0000:00:14.4: bpcie_config_msi: func=4 subfunc=24 addr=fee01000 data=00000023?
[    3.976242] baikal_pcie 0000:00:14.4: bpcie_msi_write_msg(fee02000, 00000023) mask=0x0 irq=35 hwirq=0x19 (____ptrval____)?
[    3.977221] baikal_pcie 0000:00:14.4: bpcie_config_msi: func=4 subfunc=25 addr=fee02000 data=00000023?
[    3.977221] baikal_pcie 0000:00:14.4: bpcie_msi_write_msg(fee02000, 00000023) mask=0x0 irq=35 hwirq=0x19 (____ptrval____)?
[    3.977221] baikal_pcie 0000:00:14.4: bpcie_config_msi: func=4 subfunc=25 addr=fee02000 data=00000023?
[    4.017388] baikal_pcie 0000:00:14.4: bpcie_msi_write_msg(fee03000, 00000023) mask=0x0 irq=36 hwirq=0x1a (____ptrval____)?
[    4.018368] baikal_pcie 0000:00:14.4: bpcie_config_msi: func=4 subfunc=26 addr=fee03000 data=00000023?
[    4.018368] baikal_pcie 0000:00:14.4: bpcie_msi_write_msg(fee03000, 00000023) mask=0x0 irq=36 hwirq=0x1a (____ptrval____)?
[    4.018368] baikal_pcie 0000:00:14.4: bpcie_config_msi: func=4 subfunc=26 addr=fee03000 data=00000023?
[    4.058536] baikal_pcie 0000:00:14.4: bpcie_msi_write_msg(fee04000, 00000023) mask=0x0 irq=37 hwirq=0x1b (____ptrval____)?
[    4.059517] baikal_pcie 0000:00:14.4: bpcie_config_msi: func=4 subfunc=27 addr=fee04000 data=00000023?
[    4.059517] baikal_pcie 0000:00:14.4: bpcie_msi_write_msg(fee04000, 00000023) mask=0x0 irq=37 hwirq=0x1b (____ptrval____)?
[    4.059517] baikal_pcie 0000:00:14.4: bpcie_config_msi: func=4 subfunc=27 addr=fee04000 data=00000023?
[    4.099684] baikal_pcie 0000:00:14.4: bpcie_msi_write_msg(fee05000, 00000023) mask=0x0 irq=38 hwirq=0x1c (____ptrval____)?
[    4.100664] baikal_pcie 0000:00:14.4: bpcie_config_msi: func=4 subfunc=28 addr=fee05000 data=00000023?
[    4.100664] baikal_pcie 0000:00:14.4: bpcie_msi_write_msg(fee05000, 00000023) mask=0x0 irq=38 hwirq=0x1c (____ptrval____)?
[    4.100664] baikal_pcie 0000:00:14.4: bpcie_config_msi: func=4 subfunc=28 addr=fee05000 data=00000023?
[    4.140826] baikal_pcie 0000:00:14.4: bpcie_msi_write_msg(fee06000, 00000023) mask=0x0 irq=39 hwirq=0x1d (____ptrval____)?
[    4.141810] baikal_pcie 0000:00:14.4: bpcie_config_msi: func=4 subfunc=29 addr=fee06000 data=00000023?
[    4.141810] baikal_pcie 0000:00:14.4: bpcie_msi_write_msg(fee06000, 00000023) mask=0x0 irq=39 hwirq=0x1d (____ptrval____)?
[    4.141810] baikal_pcie 0000:00:14.4: bpcie_config_msi: func=4 subfunc=29 addr=fee06000 data=00000023?
[    4.181970] baikal_pcie 0000:00:14.4: bpcie_msi_write_msg(fee07000, 00000023) mask=0x0 irq=40 hwirq=0x1e (____ptrval____)?
[    4.182952] baikal_pcie 0000:00:14.4: bpcie_config_msi: func=4 subfunc=30 addr=fee07000 data=00000023?
[    4.182952] baikal_pcie 0000:00:14.4: bpcie_msi_write_msg(fee07000, 00000023) mask=0x0 irq=40 hwirq=0x1e (____ptrval____)?
[    4.182952] baikal_pcie 0000:00:14.4: bpcie_config_msi: func=4 subfunc=30 addr=fee07000 data=00000023?
[    4.223117] baikal_pcie 0000:00:14.4: bpcie_msi_write_msg(fee00000, 00000024) mask=0x0 irq=41 hwirq=0x1f (____ptrval____)?
[    4.224098] baikal_pcie 0000:00:14.4: bpcie_config_msi: func=4 subfunc=31 addr=fee00000 data=00000024?
[    4.224098] baikal_pcie 0000:00:14.4: bpcie_msi_write_msg(fee00000, 00000024) mask=0x0 irq=41 hwirq=0x1f (____ptrval____)?
[    4.224098] baikal_pcie 0000:00:14.4: bpcie_config_msi: func=4 subfunc=31 addr=fee00000 data=00000024?
[    4.264269] bpcie_icc_init: shotgun-registered ICC at 32 additional virqs (0..63)?
[    4.271906] baikal_pcie 0000:00:14.4: icc init-diag: ICC virq=13 STATUS=0x0 IRQ_MASK=0x3 DOORBELL_off=0x108004 STATUS_off=0x108014?
[    4.283933] i2c i2c-0: adapter [icc] registered?
[    4.288696] icc_interrupt: irq=35 entry status=0x2?
[    4.289330] icc_interrupt: irq=0 entry status=0x2?
[    4.312108] icc_interrupt: irq=35 entry status=0x1?
[    4.312323] icc_interrupt: irq=0 entry status=0x1?
[    4.321791] Turn ON BT/WLAN: ret=20, reply 00 00 00 00?
[    4.321931] icc_interrupt: irq=35 entry status=0x2?
[    4.322328] icc_interrupt: irq=0 entry status=0x2?
[    4.336843] usb0 status: ret=20, reply 00 00 01 00?
[    4.336848] USB is already turned ON!?
[    4.341804] input: Power Button as /devices/pci0000:00/0000:00:14.4/input/input0?
[    4.353214] icc_interrupt: irq=35 entry status=0x2?
[    4.354125] icc_interrupt: irq=0 entry status=0x2?
[    4.367100] icc_interrupt: irq=35 entry status=0x1?
[    4.367982] icc_interrupt: irq=0 entry status=0x1?
[    4.376785] icc: not ready?
[    4.379544] baikal_pcie 0000:00:14.4: icc_pwrbutton_init: Failed to enable reset notifications (-11)?
[    4.403058] ret=46, reply 00 00 03 00 00 00 15 00?
[    4.412958] ret=20, reply 00 00 01 02 10 00 00 00?
[    4.422322] ret=20, reply 00 00 00 00 00 00 00 00?
[    4.427233] wireguard: WireGuard 1.0.0 loaded. See www.wireguard.com for information.?
[    4.435218] wireguard: Copyright (C) 2015-2019 Jason A. Donenfeld <Jason@zx2c4.com>. All Rights Reserved.?
[    4.445473] sky2: driver version 1.30?
[    4.449280] ps4_mts 0000:00:14.1: Baikal MTS: BAR0=[mem 0xc2000000-0xc2000fff 64bit], mapped at (____ptrval____)?
[    4.459675] ps4_mts 0000:00:14.1: DMA rings: TX=0x000000000103e000 RX=0x000000000103f000 (each 4096 bytes, zeroed)?
[    4.470244] genirq: Flags mismatch irq 0. 00200080 (ps4_mts) vs. 00000000 (AMD-Vi)?
[    4.477964] ps4_mts 0000:00:14.1: request_irq(0) failed: -16?
[    4.483736] ps4_mts 0000:00:14.1: probe with driver ps4_mts failed with error -16?
[    4.491828] xhci_aeolia 0000:00:14.7: bpcie_assign_irqs(3)?
[    4.497438] bpcie_init_dev_msi_info: dev=0000:00:14.7 installed bpcie demuxer (sc=(____ptrval____))?
[    4.506704] bpcie_msi_init: virq=1 hwirq=0x0 domain=(____ptrval____) info=(____ptrval____) sc=(____ptrval____)?
[    4.516907] bpcie_msi_init: registered virq=1 irq_map[32]?
[    4.522420] xhci_aeolia 0000:00:14.7: bpcie_msi_write_msg(fee00000, 000000ef) mask=0x0 irq=1 hwirq=0x0 (____ptrval____)?
[    4.533430] baikal_pcie 0000:00:14.4: bpcie_config_msi: func=7 subfunc=0 addr=fee00000 data=000000ef?
[    4.542769] xhci_aeolia 0000:00:14.7: bpcie_assign_irqs returning 1?
[    4.549165] xhci_aeolia 0000:00:14.7: version 3.0?
[    4.553975] xhci_aeolia 0000:00:14.7: Belize SATA PHY init?
[    5.559605] xhci_aeolia 0000:00:14.7: PHY SET GEN3?
[    5.564490] xhci_aeolia 0000:00:14.7: Belize SATA PHY Trace length : 6?
[    6.571229] xhci_aeolia 0000:00:14.7: Align 90=0x00?
[    6.576284] xhci_aeolia 0000:00:14.7: AHCI vers 0001.0300, 32 command slots, 6 Gbps, ATA mode?
[    6.584984] xhci_aeolia 0000:00:14.7: 1/1 ports implemented (port mask 0x1)?
[    6.592085] xhci_aeolia 0000:00:14.7: flags: ncq sntf pm clo only pmp pio slum part ccc apst ?
[    6.600828] xhci_aeolia 0000:00:14.7: bpcie_msi_write_msg(fee01000, 00000024) mask=0x0 irq=1 hwirq=0x0 (____ptrval____)?
[    6.601775] baikal_pcie 0000:00:14.4: bpcie_config_msi: func=7 subfunc=0 addr=fee01000 data=00000024?
[    6.601775] xhci_aeolia 0000:00:14.7: bpcie_msi_write_msg(fee01000, 00000024) mask=0x0 irq=1 hwirq=0x0 (____ptrval____)?
[    6.601775] baikal_pcie 0000:00:14.4: bpcie_config_msi: func=7 subfunc=0 addr=fee01000 data=00000024?
[    6.641935] scsi host0: ahci?
[    6.644988] ata1: SATA max UDMA/133 abar m65536@0xce800000 port 0xce800100 irq 1 lpm-pol 0?
[    6.704434] xhci_aeolia_probe_one 0, controller is 90de?
[    6.709832] xhci_aeolia 0000:00:14.7: xHCI Host Controller?
[    6.715446] xhci_aeolia 0000:00:14.7: new USB bus registered, assigned bus number 1?
[    6.723386] xhci_aeolia 0000:00:14.7: hcc params 0x0228f66c hci version 0x100 quirks 0x0004000000010010?
[    6.732979] xhci_aeolia 0000:00:14.7: irq 1, io mem 0xce000000?
[    6.739036] xhci_aeolia 0000:00:14.7: xHCI Host Controller?
[    6.744634] xhci_aeolia 0000:00:14.7: new USB bus registered, assigned bus number 2?
[    6.773441] xhci_aeolia 0000:00:14.7: Host supports USB 3.0 SuperSpeed?
[    6.780276] usb usb1: New USB device found, idVendor=1d6b, idProduct=0002, bcdDevice= 6.15?
[    6.788709] usb usb1: New USB device strings: Mfr=3, Product=2, SerialNumber=1?
[    6.796074] usb usb1: Product: xHCI Host Controller?
[    6.801046] usb usb1: Manufacturer: Linux 6.15.4-Baikal_TESTING_crashniels-dirty xhci-hcd?
[    6.809384] usb usb1: SerialNumber: 0000:00:14.7?
[    6.814455] hub 1-0:1.0: USB hub found?
[    6.818302] hub 1-0:1.0: 2 ports detected?
[    6.822613] usb usb2: We don't know the algorithms for LPM for this host, disabling LPM.?
[    6.830943] usb usb2: New USB device found, idVendor=1d6b, idProduct=0003, bcdDevice= 6.15?
[    6.839386] usb usb2: New USB device strings: Mfr=3, Product=2, SerialNumber=1?
[    6.846753] usb usb2: Product: xHCI Host Controller?
[    6.851727] usb usb2: Manufacturer: Linux 6.15.4-Baikal_TESTING_crashniels-dirty xhci-hcd?
[    6.860072] usb usb2: SerialNumber: 0000:00:14.7?
[    6.865077] hub 2-0:1.0: USB hub found?
[    6.868924] hub 2-0:1.0: 2 ports detected?
[    6.893460] xhci_aeolia_probe_one 2, controller is 90de?
[    6.898852] xhci_aeolia 0000:00:14.7: xHCI Host Controller?
[    6.904458] xhci_aeolia 0000:00:14.7: new USB bus registered, assigned bus number 3?
[    6.912388] xhci_aeolia 0000:00:14.7: hcc params 0x0220f06c hci version 0x100 quirks 0x0004000000010010?
[    6.921991] xhci_aeolia 0000:00:14.7: irq 1, io mem 0xcf000000?
[    6.927949] debugfs: Directory '0000:00:14.7' with parent 'xhci' already present!?
[    6.935621] xhci_aeolia 0000:00:14.7: xHCI Host Controller?
[    6.941220] xhci_aeolia 0000:00:14.7: new USB bus registered, assigned bus number 4?
[    6.969469] xhci_aeolia 0000:00:14.7: Host supports USB 3.0 SuperSpeed?
[    6.976264] usb usb3: New USB device found, idVendor=1d6b, idProduct=0002, bcdDevice= 6.15?
[    6.984700] usb usb3: New USB device strings: Mfr=3, Product=2, SerialNumber=1?
[    6.992066] usb usb3: Product: xHCI Host Controller?
[    6.997038] usb usb3: Manufacturer: Linux 6.15.4-Baikal_TESTING_crashniels-dirty xhci-hcd?
[    7.005376] usb usb3: SerialNumber: 0000:00:14.7?
[    7.010495] hub 3-0:1.0: USB hub found?
[    7.014341] hub 3-0:1.0: 1 port detected?
[    7.018522] usb usb4: We don't know the algorithms for LPM for this host, disabling LPM.?
[    7.026849] usb usb4: New USB device found, idVendor=1d6b, idProduct=0003, bcdDevice= 6.15?
[    7.035282] usb usb4: New USB device strings: Mfr=3, Product=2, SerialNumber=1?
[    7.042649] usb usb4: Product: xHCI Host Controller?
[    7.047622] usb usb4: Manufacturer: Linux 6.15.4-Baikal_TESTING_crashniels-dirty xhci-hcd?
[    7.055959] usb usb4: SerialNumber: 0000:00:14.7?
[    7.061089] hub 4-0:1.0: USB hub found?
[    7.065003] hub 4-0:1.0: 1 port detected?
[    7.086463] usb 1-1: new high-speed USB device number 2 using xhci_aeolia?
[    7.093967] usbcore: registered new interface driver uas?
[    7.099477] usbcore: registered new interface driver usb-storage?
[    7.105664] i8042: PNP: No PS/2 controller found.?
[    7.110771] mousedev: PS/2 mouse device common for all mice?
[    7.116676] usbcore: registered new interface driver xpad?
[    7.121352] ata1: SATA link up 3.0 Gbps (SStatus 123 SControl 300)?
[    7.122379] i2c_dev: i2c /dev entries driver?
[    7.132956] i2c_dev: adapter [icc] registered as minor 0?
[    7.138398] i2c-core: driver [i2c-slave-eeprom] registered?
[    7.143983] ata1.00: FORCE: modified (disable)?
[    7.143998] ata1.00: unsupported device, disabling?
[    7.144422] device-mapper: ioctl: 4.49.0-ioctl (2025-01-17) initialised: dm-devel@lists.linux.dev?
[    7.148554] ata1.00: disable device?
[    7.148771] amd_pstate: the _CPC object is not present in SBIOS or ACPI disabled?
[    7.173583] sdhci: Secure Digital Host Controller Interface driver?
[    7.179908] sdhci: Copyright(c) Pierre Ossman?
[    7.184508] usb usb3-port1: over-current condition?
[    7.184564] sdhci-pci 0000:00:14.3: SDHCI controller found [104d:90da] (rev 0)?
[    7.184614] hid: raw HID events driver (C) Jiri Kosina?
[    7.184930] usbcore: registered new interface driver usbhid?
[    7.184934] usbhid: USB HID core driver?
[    7.185471] snd_hda_intel 0000:00:01.1: can't derive routing for PCI INT B?
[    7.185477] snd_hda_intel 0000:00:01.1: PCI INT B: not connected?
[    7.185768] NET: Registered PF_INET6 protocol family?
[    7.186478] Segment Routing with IPv6?
[    7.186506] In-situ OAM (IOAM) with IPv6?
[    7.186551] NET: Registered PF_PACKET protocol family?
[    7.186635] Bluetooth: RFCOMM TTY layer initialized?
[    7.186642] Bluetooth: RFCOMM socket layer initialized?
[    7.186653] Bluetooth: RFCOMM ver 1.11?
[    7.186662] Bluetooth: BNEP (Ethernet Emulation) ver 1.3?
[    7.186665] Bluetooth: BNEP filters: protocol multicast?
[    7.186670] Bluetooth: BNEP socket layer initialized?
[    7.186672] Bluetooth: HIDP (Human Interface Emulation) ver 1.2?
[    7.186677] Bluetooth: HIDP socket layer initialized?
[    7.216644] usb 1-1: New USB device found, idVendor=1a40, idProduct=0101, bcdDevice= 1.00?
[    7.218837] bpcie_init_dev_msi_info: dev=0000:00:14.3 installed bpcie demuxer (sc=(____ptrval____))?
[    7.219381] microcode: Current revision: 0x0701a001?
[    7.224802] usb 1-1: New USB device strings: Mfr=0, Product=1, SerialNumber=0?
[    7.224808] usb 1-1: Product: USB2.0 HUB?
[    7.224921] bpcie_msi_init: virq=3 hwirq=0x0 domain=(____ptrval____) info=(____ptrval____) sc=(____ptrval____)?
[    7.292265] hub 1-1:1.0: USB hub found?
[    7.301279] bpcie_msi_init: registered virq=3 irq_map[33]?
[    7.306299] hub 1-1:1.0: 4 ports detected?
[    7.313535] sdhci-pci 0000:00:14.3: bpcie_msi_write_msg(fee00000, 000000ef) mask=0x0 irq=3 hwirq=0x0 (____ptrval____)?
[    7.328455] usb 2-2: new SuperSpeed USB device number 2 using xhci_aeolia?
[    7.331553] baikal_pcie 0000:00:14.4: bpcie_config_msi: func=3 subfunc=0 addr=fee00000 data=000000ef?
[    7.332106] sdhci-pci 0000:00:14.3: bpcie_msi_write_msg(fee03000, 00000024) mask=0x0 irq=3 hwirq=0x0 (____ptrval____)?
[    7.334208] input: HD-Audio Generic HDMI/DP,pcm=3 as /devices/pci0000:00/0000:00:01.1/sound/card0/input1?
[    7.334361] input: HD-Audio Generic HDMI/DP,pcm=7 as /devices/pci0000:00/0000:00:01.1/sound/card0/input2?
[    7.350329] usb 2-2: New USB device found, idVendor=0951, idProduct=1666, bcdDevice= 1.10?
[    7.350350] baikal_pcie 0000:00:14.4: bpcie_config_msi: func=3 subfunc=0 addr=fee03000 data=00000024?
[    7.351954] usb 2-2: New USB device strings: Mfr=2, Product=3, SerialNumber=4?
[    7.350350] sdhci-pci 0000:00:14.3: bpcie_msi_write_msg(fee03000, 00000024) mask=0x0 irq=3 hwirq=0x0 (____ptrval____)?
[    7.358884] usb 2-2: Product: DataTraveler 3.0?
[    7.365374] baikal_pcie 0000:00:14.4: bpcie_config_msi: func=3 subfunc=0 addr=fee03000 data=00000024?
[    7.368189] usb 2-2: Manufacturer: Kingston?
[    7.368360] IPI shorthand broadcast: enabled?
[    7.379008] usb 2-2: SerialNumber: E0D55EA573F0194049CD0236?
[    7.379640] usb-storage 2-2:1.0: USB Mass Storage device detected?
[    7.388786] mmc0: SDHCI controller on PCI [0000:00:14.3] using ADMA?
[    7.398666] scsi host1: usb-storage 2-2:1.0?
[    7.405208] registered taskstats version 1?
[    7.405216] Loading compiled-in X.509 certificates?
[    7.406743] usb usb4-port1: over-current condition?
[    7.493037] Demotion targets for Node 0: null?
[    7.498673] Btrfs loaded, zoned=no, fsverity=no?
[    7.503900] amdgpu 0000:00:01.0: can't derive routing for PCI INT A?
[    7.510323] amdgpu 0000:00:01.0: PCI INT A: not connected?
[    7.515833] [drm] initializing kernel modesetting (LIVERPOOL 0x1002:0x9923 0x1002:0x9923 0x00).?
[    7.524746] [drm] register mmio base: 0xE4800000?
[    7.529458] [drm] register mmio size: 262144?
[    7.533966] amdgpu 0000:00:01.0: amdgpu: detected ip block number 0 <cik_common>?
[    7.541527] amdgpu 0000:00:01.0: amdgpu: detected ip block number 1 <gmc_v7_0>?
[    7.548920] amdgpu 0000:00:01.0: amdgpu: detected ip block number 2 <cik_ih>?
[    7.556130] amdgpu 0000:00:01.0: amdgpu: detected ip block number 3 <dce_v8_0>?
[    7.563502] amdgpu 0000:00:01.0: amdgpu: detected ip block number 4 <gfx_v7_0>?
[    7.570864] amdgpu 0000:00:01.0: amdgpu: detected ip block number 5 <cik_sdma>?
[    7.578227] amdgpu 0000:00:01.0: amdgpu: detected ip block number 6 <uvd_v4_2>?
[    7.585596] amdgpu 0000:00:01.0: amdgpu: detected ip block number 7 <vce_v2_0>?
[    7.594463] mmc0: new UHS-I speed SDR104 SDIO card at address 0001?
[    7.603213] [wlan][90]halPollDbgCr:(INIT WARN) SWPCDBGR 0x00000000?
[    7.638504] amdgpu 0000:00:01.0: amdgpu: Fetched VBIOS from ROM BAR?
[    7.644915] amdgpu: ATOM BIOS: 113-Starsha2-018?
[    7.649882] [drm] ps4 uvd: skipping UVD entirely on Liverpool/Gladius (no SAMU auth -> no functional UVD; avoids fault storm)?
[    7.661441] [drm:amdgpu_device_init.cold] *ERROR* early_init of IP block <uvd_v4_2> failed -19?
[    7.670247] [drm] ps4 vce: skipping VCE entirely on Liverpool/Gladius?
[    7.676819] [drm:amdgpu_device_init.cold] *ERROR* early_init of IP block <vce_v2_0> failed -19?
[    7.685611] amdgpu 0000:00:01.0: amdgpu: Fatal error during GPU init?
[    7.692165] amdgpu 0000:00:01.0: amdgpu: amdgpu: finishing device.?
[    7.697378] usb 1-1.1: new high-speed USB device number 3 using xhci_aeolia?
[    7.698793] ahci 0000:00:14.2: version 3.0?
[    7.709808] ahci 0000:00:14.2: probe with driver ahci failed with error -12?
[    7.716984] ps4-power: reboot_notifier installed ??? ICC cmd 04/0004 on SYS_POWER_OFF?
[    7.725001] printk: legacy console [netcon0] enabled?
[    7.730082] netconsole: network logging started?
[    7.734911] cfg80211: Loading compiled-in X.509 certificates for regulatory database?
[    7.744055] Loaded X.509 cert 'sforshee: 00b28ddf47aef9cea7'?
[    7.750464] Loaded X.509 cert 'wens: 61c038651aabdcf94bd0ac7ff06c7248db18c600'?
[    7.757860] clk: Disabling unused clocks?
[    7.761963] platform regulatory.0: Direct firmware load for regulatory.db failed with error -2?
[    7.762398] ALSA device list:?
[    7.770780] cfg80211: failed to load regulatory.db?
[    7.773803]   #0: HD-Audio Generic at 0xe4840000 irq 2?
[    7.784991] Freeing unused kernel image (initmem) memory: 1624K?
[    7.791086] Write protecting the kernel read-only data: 34816k?
[    7.797917] Freeing unused kernel image (text/rodata gap) memory: 1104K?
[    7.805524] Freeing unused kernel image (rodata/data gap) memory: 1456K?
[    7.812297] rodata_test: all tests were successful?
[    7.817207] Run /init as init process?
[    7.820944]   with arguments:?
[    7.823972]     /init?
[    7.826291]   with environment:?
[    7.829497]     HOME=/?
[    7.831902]     TERM=linux?
[    7.884824] usb 1-1.1: New USB device found, idVendor=2357, idProduct=0138, bcdDevice= 2.10?
[    7.893378] usb 1-1.1: New USB device strings: Mfr=1, Product=2, SerialNumber=3?
[    7.900847] usb 1-1.1: Product: 802.11ac NIC?
[    7.905215] usb 1-1.1: Manufacturer: Realtek?
[    7.909584] usb 1-1.1: SerialNumber: 123456?
[    8.129331] usb 1-1.3: new low-speed USB device number 4 using xhci_aeolia?
[    8.323705] usb 1-1.3: New USB device found, idVendor=04f3, idProduct=152e, bcdDevice=1c.02?
[    8.332239] usb 1-1.3: New USB device strings: Mfr=1, Product=2, SerialNumber=0?
[    8.339705] usb 1-1.3: Product: Gaming KB?
[    8.343811] usb 1-1.3: Manufacturer: Gaming KB?
[    8.434041] scsi 1:0:0:0: Direct-Access     Kingston DataTraveler 3.0 0000 PQ: 0 ANSI: 6?
[    8.442666] sd 1:0:0:0: Attached scsi generic sg0 type 0?
[    8.443631] sd 1:0:0:0: [sda] 242155520 512-byte logical blocks: (124 GB/115 GiB)?
[    8.451939] input: Gaming KB Gaming KB as /devices/pci0000:00/0000:00:14.7/usb1/1-1/1-1.3/1-1.3:1.0/0003:04F3:152E.0001/input/input3?
[    8.456376] sd 1:0:0:0: [sda] Write Protect is off?
[    8.472870] sd 1:0:0:0: [sda] Mode Sense: 23 00 00 00?
[    8.478371] sd 1:0:0:0: [sda] Write cache: disabled, read cache: enabled, doesn't support DPO or FUA?
[    8.506546] hid-generic 0003:04F3:152E.0001: input,hidraw0: USB HID v1.11 Keyboard [Gaming KB Gaming KB] on usb-0000:00:14.7-1.3/input0?
[    8.508585]  sda: sda1 sda2?
[    8.522145] sd 1:0:0:0: [sda] Attached SCSI removable disk?
[    8.525573] input: Gaming KB Gaming KB Consumer Control as /devices/pci0000:00/0000:00:14.7/usb1/1-1/1-1.3/1-1.3:1.1/0003:04F3:152E.0002/input/input4?
[    8.541717] input: Gaming KB Gaming KB System Control as /devices/pci0000:00/0000:00:14.7/usb1/1-1/1-1.3/1-1.3:1.1/0003:04F3:152E.0002/input/input5?
[    8.555485] input: Gaming KB Gaming KB Keyboard as /devices/pci0000:00/0000:00:14.7/usb1/1-1/1-1.3/1-1.3:1.1/0003:04F3:152E.0002/input/input6?
[    8.568577] [wlan][90]wlanAdapterStart:(INIT WARN) Send a Dummy CMD as workaround?
[    8.568693] input: Gaming KB Gaming KB as /devices/pci0000:00/0000:00:14.7/usb1/1-1/1-1.3/1-1.3:1.1/0003:04F3:152E.0002/input/input7?
[    8.588657] [wlan][90]wlanQueryNicCapability:(INIT WARN) wlanQueryNicCapability: skip unexpected event ID[0x27]?
[    8.588795] hid-generic 0003:04F3:152E.0002: input,hiddev96,hidraw1: USB HID v1.11 Keyboard [Gaming KB Gaming KB] on usb-0000:00:14.7-1.3/input1?
[    8.614990] [wlan][90]wlanAdapterStart:(INIT WARN) wlanAdapterStart: load manufacture data fail?
[    8.802932] [wlan][90]mtk_reg_notify:(RLM WARN) County Code is not assigned. Use default WW.?
[    8.811581] [wlan][90]rlmDomainSearchRegdomainFromLocalDataBase:(RLM ERROR) rlmDomainSearchRegdomainFromLocalDataBase(): Error, Cannot find the correct RegDomain. country = 00.?
[    8.829389] [wlan][150]wlanBindBssIdxToNetInterface:(INIT ERROR) Array index out of bound, ucBssIndex=4?
[    8.838996] [wlan][150]p2pRoleFsmStateTransition:(P2P STATE) [P2P_ROLE][0]TRANSITION(Bss1): [P2P_ROLE_STATE_IDLE] -> [P2P_ROLE_STATE_IDLE]?
[    8.851694] [wlan][150]wlanBindBssIdxToNetInterface:(INIT ERROR) Array index out of bound, ucBssIndex=4?
[    8.861283] [wlan][150]p2pRoleFsmStateTransition:(P2P STATE) [P2P_ROLE][1]TRANSITION(Bss2): [P2P_ROLE_STATE_IDLE] -> [P2P_ROLE_STATE_IDLE]?
