[SceSysCore] System CPU cores: c0?
DBG AutoMounter(_delayedTimeout 131):?
	initialDetectStatus is set to 0x2.?
MSG AutoMounter(int32_t AutoMount::EventManager::notifyEvent(uint32_t, const void *, size_t) 609):?
	melUtilPreUmntHandler starts without dispatching thread.?
MSG AutoMounter(int32_t AutoMount::EventManager::notifyEvent(uint32_t, const void *, size_t) 611):?
	melUtilPreUmntHandler ended.?
[BGFT] [RDL2] [SoC] Error : getNotificationDetail(notstarted) = 0x80550006?
[BGFT] [RDL2] [SoC] onCancel() <<< start checking user = 1ab07dc3 >>?
[BGFT] [RDL2] [SoC] Error : getNotificationDetail(usercancelled) = 0x80550006?
[BGFT] [RDL2] [SoC] onAdd() <<< start checking user = 1ab07dc7, Primary >>?
[BGFT] [RDL2] [SoC] Error : getNotificationDetail(notstarted) = 0x80550006?
[BGFT] [RDL2] [SoC] onCancel() <<< start checking user = 1ab07dc7 >>?
[BGFT] [RDL2] [SoC] Error : getNotificationDetail(usercancelled) = 0x80550006?
[BGFT] [RDL2] [SoC] onAdd() <<< start checking user = 1ab07dc9, Primary >>?
[BGFT] [RDL2] [SoC] Error : getNotificationDetail(notstarted) = 0x80550006?
[BGFT] [RDL2] [SoC] onCancel() <<< start checking user = 1ab07dc9 >>?
[BGFT] [RDL2] [SoC] Error : getNotificationDetail(usercancelled) = 0x80550006?
[BGFT] [RDL2] [SoC] onAdd() <<< start checking user = 1ab07dca, Not Primary >>?
[BGFT] [RDL2] [SoC] onCancel() <<< start checking user = 1ab07dca >>?
[BGFT] [RDL2] [SoC] Error : getNotificationDetail(usercancelled) = 0x8055000a?
[SL][17:53:35:713][Thread 0x0001884d][INFO][TRACE][ALWAYS][INITIALIZE][SubThread][END  ][Heap]sanity OK, free 2265248 (36%), in-use 3960672 (64%), peak 3961312 (64%), when 53 [sec]?
[SceWorkaroundCtl] PERIODIC_DOWNLOAD_INTERVAL_SEC={86400} elapsed={50} isFirstTime={1}?
[SceWorkaroundCtl] start DownloadFile?
[SceWorkaroundCtl] ifModifiedSince={Thu, 10 Dec 2020 08:29:25 +0000}?
[SceWorkaroundCtl] statusCode={404}?
[SceWorkaroundCtl] W:\Build\J02688430\vsh\shell\shell_core\workaround_ctl\http_client.cpp(140) Get: WC_CHECK::0x814c0005 (statusCode == SCE_HTTP_STATUS_CODE_OK value is false)?
[SceWorkaroundCtl] W:\Build\J02688430\vsh\shell\shell_core\workaround_ctl\workaround_ctl_manager.cpp(288) DownloadFile: WC_ISOK::0x814c0005?
[SceWorkaroundCtl] update lastDownloadTime?
[SceWorkaroundCtl] PERIODIC_CHECK_INTERVAL_SEC={420}?
@ jackDisconnected:L2697?
* mbusOnJackDisconnected:L5627 jackDisconnected failed. ret = 0xfffffffd?
* registerDevice:L1621 not found sub device id.?
ScePsP[TID:0x18873]: sceMbusEvent has been received. (eventId=1 ADD, deviceId=0x70300)?
#LOGIN MGR# Receive Event : SCE_MBUS_EVENT_DEVICE_ADDED [DeviceId:0x70300][type:1][subType:2]?
D/125878 X?
ScePsP[TID:0x18873]: Open Pad [0x0000000000070300, 0, 0]: ret=0x03030301?
#LOGIN MGR# SetDisableVibration( 0x0000000000070300, 1 )?
ScePsP[TID:0x18873]: ConnectedDeviceStatus: count=2?
  [c][DeviceId          ][UserId    ][Model     ]?
#LOGIN MGR# sceSystemStateMgrSendCecOneTouchPlayCommand : 0(0x00000000)?
  [o][0x0000000000070300][0xffffffff][DUALSHOCK4]?
#LOGIN MGR# isIduMode = 0?
  [ ][0xffffffffffffffff][0xffffffff][none      ]?
  [ ][0xffffffffffffffff][0xffffffff][none      ]?
  [ ][0xffffffffffffffff][0xffffffff][none      ]?
#LOGIN MGR# getControllerNum() : 1?
#LOGIN MGR# [RunBusTransitionNewDevice] ret : -2135556047 / deviceUniqueId : 0x0000a05a5cb97fc0?
#LOGIN MGR# [IsSameControllerDeviceConnected] _total=0?
#LOGIN MGR# The device(0x70300) was auto assigned to User 0x1ab07dc7.?
#LOGIN MGR# [Assign] DeviceId:0x0000000000070300 / UserId:0x1ab07dc7?
#LOGIN MGR# [Controller::onHoldDevice] userId = 0x1ab07dc7 / holdAudioOutDeivice : 0?
#LOGIN MGR# [AudioDeviceStateChange] updState : 0 / functionType : 1 / scrachData : 128?
#LOGIN MGR# [AudioDeviceStateChange] function : 0 / isEnabled : 0 / realState : 0?
#LOGIN MGR# [AudioDeviceStateChange] updState : 0 / functionType : 2 / scrachData : 64?
#LOGIN MGR# [AudioDeviceStateChange] function : 0 / isEnabled : 0 / realState : 0?
@ connectDeviceByFunction:L1258?
@ checkAudioOutHandleStatus:L2487?
#LOGIN MGR# sceMbusBindDeviceWithUserId( 0x0000000000070300, 0x1ab07dc7 ) : 0(0x00000000)?
#LOGIN MGR# SetDisableVibration( 0x0000000000070300, 0 )?
#LOGIN MGR# EnablePadKeyRemapping start( 1, 0x70300, 0x1ab07dc7, 1 )?
#LOGIN MGR# IsKeyRemapEnable start( 0x1ab07dc7 )?
#LOGIN MGR# IsKeyRemapEnable end( 0x1ab07dc7 ) -> 0 ?
#LOGIN MGR# EnablePadKeyRemapping end( 1, 0x70300, 0x1ab07dc7, 1 ) -> 0(0x00000000)?
#LOGIN MGR# : \login_mgr.cpp(478) : NotifyDeviceAdd : OnDeviceAdded event send.?
Event OnControllerActivated isAutoAssignComplete:1, m_systemState:1000, isSendEvent:1?
#LOGIN MGR# [DeviceQueueMgr::Dequeue(new)] deviceId : 0x0000000000070300 / isForce : 0 / isDeviceRemoved : 0?
#LOGIN MGR# [IsNeedControllerLightCalibration] isNeed : 0 / type : 0?
#LOGIN MGR# Receive Event : SCE_MBUS_EVENT_DEVICE_STATUS_UPDATED [DeviceId:0x70300]?
#LOGIN MGR# Battery status changed.?
Battery status : 0?
Battery level : 100?
[LoginMgr] OnLoginMgrDequeueEvent?
[LoginMgr:EventQueue] Dequeue - param : {"EventType":3,"deviceId":459520,"isDeviceRemoved":false,"isForce":false}?
[LoginMgr:Queue] Dequeue - queueType : Level2 / eventType : QueueEventTypeSelectUser / eventJson : [{"EventType":3,"deviceId":459520,"isDeviceRemoved":false,"isForce":false}] / isForce : False / isDeviceRemoved : False?
ScePsP[TID:0x18873]: sceMbusEvent has been received. (eventId=16 OWNERCHG, deviceId=0x70300)?
ScePsP[TID:0x18873]: ConnectedDeviceStatus: count=2?
  [c][DeviceId          ][UserId    ][Model     ]?
  [o][0x0000000000070300][0x1ab07dc7][DUALSHOCK4]?
  [ ][0xffffffffffffffff][0xffffffff][none      ]?
  [ ][0xffffffffffffffff][0xffffffff][none      ]?
  [ ][0xffffffffffffffff][0xffffffff][none      ]?
#LOGIN MGR# Receive Event : SCE_MBUS_EVENT_DEVICE_OWNER_CHANGED [DeviceId:0x70300][UserId:0x1ab07dc7]?
#LOGIN MGR# [OnDeviceOwnerChanged] deviceId : 0x70300 / userId : 0x1ab07dc7 ?
D/88391:?
D/88391:AZIF00003?
D/88391:?
D/88391:NPXS20123?
[SceNetEv] PERIODIC_DOWNLOAD_INTERVAL_SEC={86400} contentId={8}, serviceName={netev}?
[SceNetEv] start DownloadFile, contentId={8}, serviceName={netev}?
[SceNetEv] ifModifiedSince={Tue, 02 Mar 2021 16:11:59 +0000}?
[BVT] CPU Time : 2670 usec. ?
[SceShellCore] VM Stats: RSS 563.0, kernel 260.4, wire count 313.7, swap out 0.0, page table CPU 2299/6144 GPU 368/2048?
[SceShellCore] FMEM   1.3/   4.5 NPXS20977 SceSysAvControl.elf?
[SceShellCore] FMEM  10.7/  74.3 NPXS20991 SceSysCore.elf?
[SceShellCore] FMEM   9.3/  54.3 NPXS20973 orbis_audiod.elf?
[SceShellCore] FMEM   3.2/  11.2 NPXS20976 GnmCompositor.elf?
[SceShellCore] FMEM  47.0/ 344.6 NPXS20000 SceShellCore?
[SceShellCore] FMEM 337.8/ 829.9 NPXS20001 SceShellUI?
[SceShellCore] FMEM   3.4/   8.3 NPXS21003 SceAvCapture?
[SceShellCore] FMEM   8.8/  24.6 NPXS21000 SceGameLiveStreaming?
[SceShellCore] FMEM  14.1/  43.5 NPXS21002 ScePartyDaemon?
[SceShellCore] FMEM   4.2/  25.4 NPXS21004 SceVideoCoreServer?
[SceShellCore] FMEM  12.0/  51.3 NPXS21006 SceRemotePlay?
[SceShellCore] FMEM   7.3/  19.5 NPXS21010 SceCloudClientDaemon?
[SceShellCore] FMEM   8.5/ 156.0 NPXS21002 webrtc_daemon.self?
[SceShellCore] FMEM   3.2/  10.8 NPXS21016 SceSpZeroConf?
[SceShellCore] FMEM   6.9/  18.1 NPXS21019 SceSocialScreenMgr?
[SceShellCore] FMEM   4.9/   9.8 NPXS21007 SceMusicCoreServer?
[SceShellCore] FMEM   7.1/  14.4 NPXS21020 SceVoiceAndAgent?
[SceShellCore] FMEM   2.1/   5.1 NPXS20967 fs_cleaner.elf?
[SceShellCore] FMEM   2.0/  10.2 NPXS20974 SceVdecProxy.elf?
[SceShellCore] FMEM   2.0/  10.3 NPXS20975 SceVencProxy.elf?
[SceShellCore] FMEM  24.7/ 265.9 NPXS20001 SecureUIProcess.self?
[SceShellCore] FMEM  31.8/ 525.9 NPXS20001 SecureWebProcess.self?
[SceShellCore] FMEM  10.5/ 358.8 NPXS20001 orbis-jsc-compiler.self?
[SceNetEv] statusCode={404}?
[SceNetEv] W:\Build\J02688430\vsh\shell\shell_core\netev\netev_http_client.cpp(140) Get: NETEV_CHECK::0x8041440a (statusCode == SCE_HTTP_STATUS_CODE_OK value is false)?
[SceNetEv] W:\Build\J02688430\vsh\shell\shell_core\netev\netev_manager.cpp(345) DownloadFile: NETEV_ISOK::0x8041440a?
[SceNetEv] W:\Build\J02688430\vsh\shell\shell_core\netev\netev_manager.cpp(493) Run: NETEV_CONTINUE::0x8041440a?
[SceNetEv] PERIODIC_CHECK_INTERVAL_SEC={480}?
[SceShellCore] Libc Heap Status: free 37%, in-use 3806.0 KB, trend +3683.2 KB/min, peak 3908.4 KB, when 62 [sec]?
[SceShellUI] I/PSM.UI : OnFocusActiveSceneChanged [ContentAreaScene : ContentAreaScene] -> []?
SetDeviceIndexBehavior: mode=SpecificUser, param=0x1ab07dc7?
[SceShellUI] I/PSM.UI : SceneQ : Loaded[0.01msec] Layout[0.00msec/0widgets] : StorePlugin : StorePlugin?
[SceShellUI] I/PSM.UI : OnFocusActiveSceneChanged [] -> [Noname : StoreScene]?
[SceShellUI] I/PSM.UI :      Scene [Noname : StoreScene] : Alive?
SetDeviceIndexBehavior: mode=SpecificUser, param=0x1ab07dc7?
[Theme/I] : Apply [BLUE] : [Option:111111]: with preloaded user?
[SceShellUI] I/PSM.UI : SceneQ : Loaded[0.01msec] Layout[0.00msec/0widgets] : Noname : StoreScene?
[SceShellUI] I/PSM.UI : SceneQ : Loaded[0.01msec] Layout[0.00msec/0widgets] : Noname : FrameScene?
[ShellUI][SharedWebView][BVT] OnNotifyDidFinishLoading : 40892 ms?
[ShellUI][SharedWebView][BVT] OnNotifyDidFinishLoading : 41537 ms?
[ShellUI][SharedWebView][BVT] OnFinishedLoad : 42620 ms?
[Theme/I] : Apply [BLUE] : [Option:000001]: with preloaded user?
[SceShellUI] I/PSM.UI : ----- WebView Created AC CanvasTexture2D -----2 (1920:1080)?
[ShellUI][SharedWebView][BVT] OnNotifyDidFinishLoading : 43006 ms?
[JSEx]<Shared> AsyncRes(getDrmContentData) {"type" : "callback","cbid" : "1778608431996_15","res" : {"code":-2131034111,"error":"invalid_length_id"}}?
[SceShellCore] Delete /user/TRASH/0/_temp.dat?
[SceShellUI] I/PSM.UI : UI system timer elapsed 00:01:00?
#LOGIN MGR# Receive Event : SCE_MBUS_EVENT_DEVICE_STATUS_UPDATED [DeviceId:0x70300]?
#LOGIN MGR# Battery status changed.?
Battery status : 0?
Battery level : 35?
[SceShellCore] Libc Heap Status: free 38%, in-use 3776.5 KB, trend +856.0 KB/min, peak 3908.4 KB, when 93 [sec]?
[SceLncService] launchApp(CUSA00127)?
[SceLncService] category={gde} VRMode={0,0}?
[SceLncService] hnm,psnf,pc,tk,ns={0,0,0,0,1} appBootMode={0}?
[SceLncService] appType={SCE_LNC_APP_TYPE_MINI_APP} [] appVer={01.53}?
[SceLncService] mem_mode = {NORMAL}?
[SceLncService] Num. of logged-in users is 1?
[SceLncService] PrepareProcessLaunchDirCheck()?
[SceLncService] PrepareProcessLaunchDirCheck() returned?
[SceSystemStateMgr] Power Mode Change: FULL_GAME?
[SceSystemStateMgr] CPU  HLT CP SE CU ACLK DCLK ECLK LCLK SCLK SAMCLK VCLK DispCLK NCLK MemCLK MemP GMC DPM VDD      VDDNB    SOC      ?
[SceSystemStateMgr] 1600   0 NA  0 18  800  673  609  800  800    711  711     673 1400   1375   NA  NA   3 05b/975  05d/956  00710fa0?
[SceLncService] PrepareProcessLaunchDir()?
[Theme/I] : Apply [BLUE] : [Option:000001]: with preloaded user?
[SceShellUI] I/PSM.UI : OnFocusActiveSceneChanged [Noname : StoreScene] -> [SplashScreen : SplashScreenScene]?
[SceShellUI] I/PSM.UI :      Scene [SplashScreen : SplashScreenScene] : Alive?
SetDeviceIndexBehavior: mode=MergeAllConnectedDevice, param=null?
[Theme/I] : ActiveUserChanged : From : [BLUE(userId = 1ab07dc7)]?
[Theme/I] : ActiveUserChanged : To   : [ANONYMOUS(userId = ffffffff)]?
[Theme/I] : Apply [ANONYMOUS] : [Option:101000]: with not preloaded user?
[ScePatchChecker] (*) check (title_id='CUSA00127', app_version='01.53', check_option=0): status=0, trigger=1 userId=0xffffffff return 0x8095170d?
[ScePatchChecker] check (title_id='CUSA00127', app_version='01.53', check_option=0): status=0, dl_status=0, trigger=1 userId=0xffffffff return 0x8095170d?
[BGFT] [571] GameStartBoot(CUSA00127, 7) start?
[BGFT] [573] GameStartBoot(CUSA00127, 7) end?
[PFS] mount [0x00000825175b7f88] finished 1 1 1 1 0 1 1?
[PFS] mount [0x00000825175b63af] finished 1 0 0 1 0 1 1?
ioctl(DIOCGSECTORSIZE): Inappropriate ioctl for device?
sceFsUfsCheckFixedCylinderGroupSize: sceFsGetDeviceSectorsize() failed[80020019], assume DEV_BSIZE?
[sceProcessStarter] MountDownloadData() title_id = [CUSA00127] data_path = [/user/download/CUSA00127/download0.dat] mount_path = [/mnt/sandbox/download/CUSA00127]?
[BGFT] [606] GameWillStart(CUSA00127, 7) start?
[BGFT] [608] GameWillStart(CUSA00127, 7) end?
[SceLncService] PrepareProcessLaunchDir() returned?
[SceLncService] spawnApp?
[Syscore App] createApp CUSA00127?
[Syscore App]  ExpandCpuSetMode : disable?
[Syscore App] processSpawn(pid, 0x60000d0c, 0x10d0c110, appParam, processParam, 1, 1, 1, param, debug, 0)?
[Syscore App] appParam: appType = 0x1, rootPath = /mnt/sandbox/CUSA00127_000, titleId = CUSA00127?
[Syscore App] processParam: elfPath = /app0/eboot.bin, fullPath = /mnt/sandbox/pfsmnt/CUSA00127-app0-patch0-union/eboot.bin?
[Syscore App] new pid=0x40[Syscore App] attributeExe= 0?
[Syscore App] Ready to exec?
[Syscore App] wait for NOTE_EXIT|NOTE_EXEC?
[KERNEL] dmem_start_app_process pid: 64, map=0xfffff750303f84f0, app_maps_count[1], 0 -> 1?
[Syscore App] Add event : pid=0x40?
[AppMgr Trace]: New Process, pid=0x40, created.?
[AppMgr Trace]: New App, appId=0x60000d0c, created?
[Syscore App]  ExpandCpuSetMode : disable?
[BGFT] [1094] (disable throttling) App focused?
[SL] AppFocusChanged [NPXS20001] -> [CUSA00127]?
[mbus] onNewClient. clientNum 10 over 8?
[sceProcessStarter] OnIpcSessionClose()?
[PS]Error: W:\Build\J02688430\vsh\shell\shell_core\process_starter\process_starter_util.cpp at 1031?
unmount : 0x16(0x80020016)(/mnt/sandbox/CUSA00127_000/temp0)?
[PS]Error: W:\Build\J02688430\vsh\shell\shell_core\process_starter\process_mount.cpp at 2073?
UnmountWithRetry :ret = (0x80020016)?
[PS]Error: W:\Build\J02688430\vsh\shell\shell_core\process_starter\process_mount.cpp at 6466?
uNmount() ret = 80020016?
[avs] no need to change 10,0,201054613947?
[SceLncService] launchApp(NPXS22010)?
[SceLncService] category={gdg} VRMode={0,0}?
[SceLncService] hnm,psnf,pc,tk,ns={0,0,0,0,0} appBootMode={-1}?
[SceLncService] appType={SCE_LNC_APP_TYPE_CDLG} [] appVer={00.00}?
[SceLncService] Num. of logged-in users is 1?
[SceLncService] PrepareProcessLaunchDebuggerCheck()?
[SceLncService] PrepareProcessLaunchDebuggerCheck() returned?
[SceLncService] PrepareProcessLaunchDebugger()?
[SceLncService] PrepareProcessLaunchDebugger() returned?
[SceLncService] spawnApp?
[Syscore App] createApp NPXS22010?
[Syscore App] processSpawn(pid, 0x60000e0d, 0x10e0d120, appParam, processParam, 0, 0, 1, param, debug, 0)?
[Syscore App] appParam: appType = 0x7, rootPath = /mnt/sandbox/NPXS22010_000, titleId = NPXS22010?
[Syscore App] processParam: elfPath = /app0/eboot.bin, fullPath = /system/vsh/app/NPXS22010/eboot.bin?
[Syscore App] new pid=0x41[Syscore App] attributeExe= 0?
[Syscore App] Ready to exec?
[Syscore App] wait for NOTE_EXIT|NOTE_EXEC?
** cpv:e1 **?
[** set_mode ** 0x40/-1?
 video: port:0 1080P_5994 RGB444 limited CERGB 24bpp 16:9 nodata n-u?
 audio: port:HDMI src:I2S 48k 2.0 24bit fmt:LPCM LPCM once?
[av control] : 1080P_5994 RGB444 CERGB 24bpp LT=Fast?
[av control] : LinkRate(5.4Gbps), HDMI(FLV2)?
#LOGIN MGR# Receive Event : SCE_MBUS_EVENT_VIDEO_OUT_EVENT eventType=0x1?
#LOGIN MGR# Receive Event : SCE_MBUS_EVENT_VIDEO_OUT_EVENT?
#LOGIN MGR# [IsPuConnectHdmi] start checkDeviceId : 0x7000 ?
#LOGIN MGR# [IsPuConnectHdmi] sceAvSettingGetDeviceInfo -> 0(0x00000000) ?
#LOGIN MGR# [IsPuConnectHdmi] videoOutCapability = 0x1 ?
#LOGIN MGR# [IsPuConnectHdmi] end checkDeviceId : 0x7000 -> isReady = 0 ?
#LOGIN MGR# [NotifyMorpheusConnectStatusChangedForHmuSetupDialog] deviceId : 0xffffffffffffffff / userId : 0xffffffff / avSettingPuType : 0 / connectStatus : 6 ?
[Syscore App] Add event : pid=0x41?
[AppMgr Trace]: New Process, pid=0x41, created.?
[AppMgr Trace]: New App, appId=0x60000e0d, created?
[Syscore App]  ExpandCpuSetMode : disable?
av control k] : set_mode -> set_mode?
[av control k] : change supplementary_info and skip csc_direct?
[av control] : lt_req=0 hdmi_misc_up_req=0 vr_flg_up_req=0 vr_switch=0 csc_dir_req=2 hdr_dir_req=0?
[av control] : flip_set_mode_start(UPDATE_ONLY)?
[SceShellUI] I/PSM.UI : VideoOutMode   : IsSystemDefault=False, IsVr=False?
[SceShellUI] I/PSM.UI : VideoOutStatus : [1920 1080] : freq 59.94?
[av control] : HdmiSetCscDirect is skipped ?
*** Hdmi Setup(kern) : 0 ***?
[avc] ConfigSetSystemMute(0)?
[avc] ConfigSetSystemMute() done?
[SceSysAvControl] : hdmi video config skipped?
** set_mode done (201663580010:138) **?
#LOGIN MGR# Receive Event : SCE_MBUS_EVENT_VIDEO_OUT_EVENT eventType=0x2?
[SceShellUI] I/PSM.UI : OnFocusActiveSceneChanged [SplashScreen : SplashScreenScene] -> [AppScreen : ApplicationScreenScene]?
[SceShellUI] I/PSM.UI :      Scene [AppScreen : ApplicationScreenScene] : Alive?
SetDeviceIndexBehavior: mode=MergeAllConnectedDevice, param=null?
[Theme/I] : Apply [ANONYMOUS] : [Option:101000]: with not preloaded user?
[SceShellUI] I/PSM.UI : [NoDraw] : ClearFrameBuffer=False?
#PROFILE CACHE#: \profile_cache_server_event.cpp(38) : onNewClient : ?
[mbus] onNewClient. clientNum 11 over 8?
sync call performance warning tid:0x00018839 kid:0x000000f1 name:SceSysCoreApp method id:0xAA11000C time:0000000000081947 micro sec?
[SceLncService] suspendApp() appId={0x60000e0d}, causeCode={0x0000000d}?
[SceLncService] lockSuspendBlock(0x60000e0d)?
[SceLncService] lockSuspendBlock: appId={0x60000e0d}?
[SceLncService] sceApplicationSuspend(0x60000e0d)?
[Syscore App] Suspend App : 0x60000e0d NPXS22010?
[Syscore App] Suspend process : 0x41?
[Syscore App] Suspend process : 0x41 => 0?
[AppMgr Trace]: AppId=0x60000e0d suspended?
[Syscore App] Suspend App : 0x60000e0d NPXS22010 => SCE_OK?
[Syscore App]  ExpandCpuSetMode : disable?
[SceLncService] sceApplicationSuspend(0x60000e0d) returned?
MSG AutoMounter(int32_t AppIdManager::getPidWithIndex(SceApplicationId, int, pid_t *) 174):?
	appId(0x60000e0d) with index(0) is not registered.?
MSG AutoMounter(int32_t AutoMount::UsbMass::fakeEjection(SceApplicationId) 716):?
	getPidWithIndex(0x60000e0d, 0) returned 0x80f40002.?
[SceLncService] unlockSuspendBlock: appId={0x60000e0d}?
[SceShellCore] VM Stats: RSS 983.3, kernel 265.5, wire count 344.1, swap out 0.0, page table CPU 2656/6144 GPU 372/2048?
[SceShellCore] FMEM   1.3/   4.5 NPXS20977 SceSysAvControl.elf?
[SceShellCore] FMEM  10.7/  74.3 NPXS20991 SceSysCore.elf?
[SceShellCore] FMEM   9.4/  54.6 NPXS20973 orbis_audiod.elf?
[SceShellCore] FMEM   3.2/  11.2 NPXS20976 GnmCompositor.elf?
[SceShellCore] FMEM  48.2/ 344.8 NPXS20000 SceShellCore?
[SceShellCore] FMEM 344.4/ 832.8 NPXS20001 SceShellUI?
[SceShellCore] FMEM   3.4/   8.3 NPXS21003 SceAvCapture?
[SceShellCore] FMEM   8.8/  24.6 NPXS21000 SceGameLiveStreaming?
[SceShellCore] FMEM  14.2/  43.5 NPXS21002 ScePartyDaemon?
[SceShellCore] FMEM   4.3/  25.4 NPXS21004 SceVideoCoreServer?
[SceShellCore] FMEM  13.3/  51.3 NPXS21006 SceRemotePlay?
[SceShellCore] FMEM   7.9/  19.5 NPXS21010 SceCloudClientDaemon?
[SceShellCore] FMEM   8.5/ 156.0 NPXS21002 webrtc_daemon.self?
[SceShellCore] FMEM   3.2/  10.8 NPXS21016 SceSpZeroConf?
[SceShellCore] FMEM   6.9/  18.1 NPXS21019 SceSocialScreenMgr?
[SceShellCore] FMEM   4.9/   9.8 NPXS21007 SceMusicCoreServer?
[SceShellCore] FMEM   7.1/  14.4 NPXS21020 SceVoiceAndAgent?
[SceShellCore] FMEM   2.1/   5.1 NPXS20967 fs_cleaner.elf?
[SceShellCore] FMEM   2.0/  10.2 NPXS20974 SceVdecProxy.elf?
[SceShellCore] FMEM   2.0/  10.3 NPXS20975 SceVencProxy.elf?
[SceShellCore] FMEM  45.4/ 284.8 NPXS20001 SecureUIProcess.self?
[SceShellCore] FMEM 165.0/ 594.9 NPXS20001 SecureWebProcess.self?
[SceShellCore] FMEM  85.3/ 364.6 NPXS20001 orbis-jsc-compiler.self?
[SceShellCore] FMEM  59.8/1102.8 CUSA00127 eboot.bin?
[SceShellCore] FMEM 122.0/ 215.3 NPXS22010 SceCdlgApp?
[SceShellCore] Libc Heap Status: free 37%, in-use 3843.3 KB, trend +34.7 KB/min, peak 4200.3 KB, when 124 [sec]?
[0]_aio_multi_poll() line=4967 i=54 err=0x3?
[0]_aio_multi_poll() line=4967 i=0 err=0x3?
[0]_aio_multi_poll() line=4981 i=0 err=0x3?
[0]_aio_multi_poll() line=4981 i=1 err=0x3?
?
~~~~~~~~~~~~~~~~~~~~~~~~~~~~~~~~~~~~~~~~~~~~~~~~~~~~~~~~~~~~~~~~~~~~~~~~?
  _________________  .____  ________    ___ ______________ _______?
 /  _____________  \ |    | \______ \  /   |   \_   _____/ \      \?
/   \  ___  /   |   \|    |  |    |  \/    ~    \    __)_  /   |   \?
\    \_\  \/    |    \    |__|    `   \    Y    /        \/    |    \?
 \______  /\_______  /_______ \_____  /\___|_  /_______  /\____|__  /?
        \/         \/        \/     \/       \/        \/         \/?
?
                              Coded By?
        _________.__  ____________________________ ________?
       /   _____/|__|/   _________    _________   \_____   \?
       \_____  \ |  |\_____  \   |    |  |       _/ /   |   \?
       /        \|  |/        \  |    |  |    |   \/    |    \?
      /_______  /|__/_______  /  |____|  |____|_  /\_________/?
              \/            \/                  \/?
~~~~~~~~~~~~~~~~~~~~~~~~~~~~~~~~~~~~~~~~~~~~~~~~~~~~~~~~~~~~~~~~~~~~~~~~?
?
[GoldHEN] Installing GoldHEN in Kernel...?
[SceShellUI] I/PSM.UI : [FirstClear] : ClearFrameBuffer=False?
[GoldHEN] FakePKG hooks installed!?
[GoldHEN] FakeSelf hooks installed!?
[GoldHEN] SceShellCore patches installed!?
[GoldHEN] Kernel patches installed!?
[GoldHEN] SceShellUI patches installed!?
[GoldHEN] SceRemotePlay patches installed!?
[GoldHEN] Klog server on port 3232?
[GoldHEN] All done!?
[GoldHEN] <binloader> Server started at 9090 port?
** cpv:e1 **?
[mbus] onSession[Killed. pid=64?
** set_mode ** -1/-1?
 video: port:0 1080P_5994 RGB444 limited CERGB 24bpp 16:9 nodata n-s?
 audCio: port:HDMI src:I2S 48k 2.0 24bit fmt:LPCM LPCM once?
[av control] : 1080P_5994 RGB444 CERGB 24bpp LT=Fast?
[av control] : LinkRate(5.4Gbps), HDMI(FLV2)?
@ removeSession:L184?
#LOGIN MGR# Receive Event : SCE_MBUS_EVENT_VIDEO_OUT_EVENT eventType=0x1?
#LOGIN MGR# Receive Event : SCE_MBUS_EVENT_VIDEO_OUT_EVENT?
#LOGIN MGR# [IsPuConnectHdmi] start checkDeviceId : 0x7000 ?
#LOGIN MGR# [IsPuConnectHdmi] sceAvSettingGetDeviceInfo -> 0(0x00000000) ?
#LOGIN MGR# [IsPuConnectHdmi] videoOutCapability = 0x1 ?
#LOGIN MGR# [IsPuConnectHdmi] end checkDeviceId : 0x7000 -> isReady = 0 ?
#LOGIN MGR# [NotifyMorpheusConnectStatusChangedForHmuSetupDialog] deviceId : 0xffffffffffffffff / userId : 0xffffffff / avSettingPuType : 0 / connectStatus : 6 ?
onteaxv control t.cc:1k8]9 (ajm Conte: setx_tmodeC -le> asetnup) -_ Comdodece?
 MPE[Ga4 v AcontACr oDelco dek] : r wacs notha npge rsuopeprplly uneregistmenetrary_inefdo. ?
and skip csc_direct?
[av control] : lt_req=0 hdmi_misc_up_req=0 vr_flg_up_req=0 vr_switch=0 csc_dir_req=2 hdr_dir_req=0?
[av control] : flip_set_mode_start(UPDATE_ONLY)?
[KERNEL] dmem_handle_vmspace_exited pid: 64, ptype=1, 0xfffff750303f84f0->pt_loaded is TRUE?
[KERN[av control] : HdmiSetCscDirect is skipped ?
*** Hdmi Setup(kern) : 0 ***?
[SceShellUI] I/PSM.UI : VideoOutMode   : IsSystemDefault=True, IsVr=False?
[SceShellUI] I/PSM.UI : VideoOutStatus : [1920 1080] : freq 59.94?
[avc] ConfigSetSystemMute(0)?
[avc] ConfigSetSystemMute() done?
[SceSysAvControl] : hdmi video config skipped?
** set_mode done (250590774437:164) **?
#LOGIN MGR# Receive Event : SCE_MBUS_EVENT_VIDEO_OUT_EVENT eventType=0x2?
EL] dmem_handle_vmspace_exited map #0 0xfffff750303f84f0?
[KERNEL] dmem_handle_vmspace_exited pid: 64, app_maps_count[1], 1 -> 0?
[Syscore App] EVFILT_PROC NOTE_EXIT received : pid=0x40?
[Syscore App] process delete event : pid=0x40?
[AppMgr Trace]: pid=0x40, deleted.?
[Syscore App] Syscore Event Queue Push : SCE_SYSCORE_EVENT_ON_PROCESS_UNLOADED?
[AppMgr] All processes exited?
[Syscore App] Syscore Event Queue Push : SCE_SYSCORE_EVENT_ON_APP_UNLOADED?
[AppMgr Trace]: AppId=0x60000d0c  deleted?
[AppMgr] checkAppTerminated invalid app.?
[Syscore App] Syscore Event Queue Pop : SCE_SYSCORE_EVENT_ON_PROCESS_UNLOADED?
[Syscore App]  ExpandCpuSetMode : enable?
[Syscore App] Syscore Event Queue Pop : SCE_SYSCORE_EVENT_ON_APP_UNLOADED?
[SceLncService] onAppExit() appId={0x60000d0c}?
[SceLncService] start unmountAllForShellCoreInternal()?
[SceLncService] end unmountAllForShellCoreInternal()?
[SceSystemStateMgr] Power Mode Change: NAVIGATION?
[SceSystemStateMgr] CPU  HLT CP SE CU ACLK DCLK ECLK LCLK SCLK SAMCLK VCLK DispCLK NCLK MemCLK CMemP GMC DPM VDD      VDDNB    SOC      ?
[SceSystemStateMgr] 1600   1 NA  0  8  711  673  533  711  711    609  711     673 1400   1375   NA  NA   2 05b/975  067/900  00710fa0?
[libSceSaveData] wait 0 msec for session killed?
[SceRnpsAppMgr] UnblockAllAppInstall(): CUSA00127(appId=0x60000d0c)?
[SceLncService] KillApp() appId={0x60000e0d}, withSuspend={1}, forceKill={1} killReason={0}?
[SceLncService] BlockingKill() appId={0x60000e0d}, titleId={NPXS22010}, is_coredumpFinished={0}, forceKill={1}?
[SceLncService] convertToSysCoreKillReason: {0x00000000}->{0x00000000}?
[Syscore App] Kill App : 0x60000e0d NPXS22010?
[Syscore App] Kill process: 0x41?
[SceShellUI] I/PSM.UI : OnFocusActiveSceneChanged [AppScreen : ApplicationScreenScene] -> [ContentAreaScene : ContentAreaScene]?
[SceShellUI] I/PSM.UI :      Scene [ContentAreaScene : ContentAreaScene] : Alive?
SetDeviceIndexBehavior: mode=SpecificUser, param=0x1ab07dc7?
[Theme/I] : ActiveUserChanged : From : [ANONYMOUS(userId = ffffffff)]?
[Theme/I] : ActiveUserChanged : To   : [BLUE(userId = 1ab07dc7)]?
[Theme/I] : Apply [BLUE] : [Option:111111]: with preloaded user?
[mbus] onSessionKilled. pid=65?
@ removeSession:L184?
#PROFILE CACHE#: \profile_cache_server_event.cpp(92) : onSessionKilled : ?
[VCS]closeSession() [APP->VCS] clientPid = 0x41.?
[UIProcess] malloc stats freeSize:38723456 (92%) inuseSize:3219584 peakSize:4069216 [pid:0x3a]?
ontext.cc:189 (ajmContextCleanup) - Codec MP3 Decoder was not properly unregistered.?
Context.cc:189 (ajmContextCleanup) - Codec ATRAC9 Decoder was not properly unregistered.?
[Syscore App] EVFILT_PROC NOTE_EXIT received : pid=0x41?
[Syscore App] Kill process: 0x41 => 0?
[AppMgr Trace]: pid=0x41, deleted.?
[Syscore App] Syscore Event Queue Push : SCE_SYSCORE_EVENT_ON_PROCESS_UNLOADED?
[AppMgr] All processes exited?
[Syscore App] Syscore Event Queue Push : SCE_SYSCORE_EVENT_ON_APP_UNLOADED?
[AppMgr Trace]: AppId=0x60000e0d  deleted?
[Syscore App] Kill App : 0xffffffff  => 0?
[Syscore App] blockingKill(0x60000e0d, 1) complete?
[AppMgr] checkAppTerminated invalid app.?
[Syscore App] Syscore Event Queue Pop : SCE_SYSCORE_EVENT_ON_PROCESS_UNLOADED?
[Syscore App]  ExpandCpuSetMode : enable?
[Syscore App] Syscore Event Queue Pop : SCE_SYSCORE_EVENT_ON_APP_UNLOADED?
[SceLncService] start unmountAllForShellCoreInternal()?
[SceLncService] end unmountAllForShellCoreInternal()?
[Syscore App] process delete event : pid=0x41?
[libSceSaveData] wait 0 msec for session killed?
[SceRnpsAppMgr] UnblockAllAppInstall(): NPXS22010(appId=0x60000e0d)?
[BGFT] [1085] (disable throttling) ShellUI focused?
[SL] AppFocusChanged [CUSA00127] -> [NPXS20001]?
[SceLncService] ProcessTerm()?
[SceLncService] ProcessTerm() returned?
[SceLncService] convertToSysCoreKillReason: {0x00000000}->{0x00000000}?
[SceLncService] ProcessTerm()?
[VCS]checkFocusStatus() [LNC->VCS] Focus Change. appType = 1(SHELL_UI). appId = 0x6[PFS] umount[0x00000825175b63af] finished 0?
0000201.?
[sceProcessStarter] ProcessTerm() big/mini app title_id = [CUSA00127] [PFS] umount[0x00000825175b7f88] finished 0?
root_dir = [/mnt/sandbox/CUSA00127_000]?
[sceProcessStarter] UnMountDownloadData() mount_path = [/mnt/sandbox/download/CUSA00127]?
[BGFT] [641] GameStopped(CUSA00127, 7) start?
[BGFT] [643] GameStopped(CUSA00127, 7) end?
[SceLncService] ProcessTerm() returned?
GetPlusInfoJob : Run(Start)?
GetPlusInfoJob : Run(End)?
GetPlusInfoJob : Finish / Cancelled False / Result True?
[UpdateUserInfoforPlus] upd_userId : 447774151 / type : None?
[VCS]checkApplicationStatus() [LNC->VCS] App was Killed. appId = 0x60000d0c.?
[SceLncService] onAppExit() appId={0x60000e0d}?
[VCS]checkApplicationStatus() [LNC->VCS] App was Killed. appId = 0x60000e0d.?
[SceShellUI] I/PSM.UI : ----- WebView Created AC CanvasTexture2D -----2 (1920:1080)?
[SceShellCore] Libc Heap Status: free 37%, in-use 3805.7 KB, trend +29.7 KB/min, peak 4200.3 KB, when 155 [sec]?
ugen0.6: <Kingston, DataTraveler 3.0, E0D55EA573F0194049CD0236>(VID=0x0951 PID=0x1666 depth=1 port=4 speed=4) at usbus0?
umass1: <Kingston DataTraveler 3.0, class 0/0, rev 3.20/1.10, addr 6> on usbus0?
umass1: sim_unit:0x00000001 device_unit:0x00000001?
umass1:  SCSI over Bulk-Only; quirks = 0x0000?
umass1:3:1:-1: Attached to scbus3?
(probe0:umass-sim1:1:0:0): REPORT LUNS. CDB: a0 0 0 0 0 0 0 0 0 10 0 0 ?
(probe0:umass-sim1:1:0:0): CAM status: SCSI Status Error?
(probe0:umass-sim1:1:0:0): SCSI status: Check Condition?
(probe0:umass-sim1:1:0:0): SCSI sense: ILLEGAL REQUEST asc:20,0 (Invalid command operation code)?
da1 at umass-sim1 bus 1 scbus3 target 0 lun 0?
da1: <Kingston DataTraveler 3.0 0000> Removable Direct Access SCSI-6 device ?
da1: 400.000MB/s transfers?
da1: 118240MB (242155520 512 byte sectors: 255H 63S/T 15073C)?
?
DBG AutoMounter(checkSpecAndHub 494):?
	device(/dev/da1) is SUPER_SPEED.?
DBG AutoMounter(checkSpecAndHub 504):?
	deviceFilePath[/dev/da1] is connected to the USB port in general?
WARNING AutoMounter(bool AutoMounter::DevctlReader::UsbStartupHandler::isStartUp() 76):?
	fake implementation.?
MSG AutoMounter(void AutoMount::PsmEventNotifier::callback_connection(void **) 360):?
	Notify PsmEvent OnUsbStorageInserted?
MSG AutoMounter(int32_t AutoMounter::Util::checkFsFormat(const char *, uint32_t *) 888):?
	device(/dev/da1) has unknown format(0).?
MSG AutoMounter(int32_t _AutoMounter::UsbHandler::(anonymous namespace)::_mountFileSystem(std::string, bool, std::string &, uint32_t *, uint64_t *, uint64_t *, uint64_t *) 542):?
	/dev/da1 has unknown format.?
MSG AutoMounter(int32_t _AutoMounter::UsbHandler::requestMount(const char *, bool) 763): _mountFileSystem(deviceFilePath, false, mountPoint, &fsFormatType, &space, &freeSpace, &availableSpace) returned 0x80f4001c.?
MSG AutoMounter(int32_t _AutoMounter::UsbHandler::(anonymous namespace)::_acquireEncryptDevice(std::string, uint32_t *, uint32_t *, std::string &, uint64_t *) 592):?
	device(/dev/da1) is not qualified for encrypt device. ng_capability(0x2)?
verify_metadata: sceSblExternalHDDVerifyMetadata(0) failed 800f0435?
MSG AutoMounter(int32_t _AutoMounter::UsbHandler::(anonymous namespace)::checkEncryption(std::string, bool *) 347):?
	sceFsExternalStorageVerifyMetadata(/dev/da1) returned 0x80020050. device is not encrypted.?
MSG AutoMounter(int32_t _AutoMounter::UsbHandler::requestMount(const char *, bool) 795): _acquireEncryptDevice(deviceFilePath, &encryptDeviceFormat, &encryptDeviceStatus, encryptDeviceFilePath, &encryptDeviceId) returned 0x80f4001a.?
DBG AutoMounter(notifyMount 435):?
	eventArg.additionalFeatures[0x2000].?
MSG AutoMounter(int32_t AutoMounter::DevctlReader::handleCreateUsbDevice(const char *) 174): AutoMounter::UsbHandler::requestMount(deviceFilePath.c_str(), true) returned 0x80f4001a.?
MSG AutoMounter(void AutoMount::PsmEventNotifier::callback_mount(void **) 270):?
	Notify PsmEvent OnUsbStorageMounted?
?
DBG AutoMounter(checkSpecAndHub 494):?
	device(/dev/da1) is SUPER_SPEED.?
DBG AutoMounter(checkSpecAndHub 504):?
	deviceFilePath[/dev/da1] is connected to the USB port in general?
WARNING AutoMounter(bool AutoMounter::DevctlReader::UsbStartupHandler::isStartUp() 76):?
	fake implementation.?
MSG AutoMounter(void AutoMount::PsmEventNotifier::callback_connection(void **) 360):?
	Notify PsmEvent OnUsbStorageInserted?
MSG AutoMounter(int32_t _AutoMounter::UsbHandler::(anonymous namespace)::tryExfatMount(std::string, bool, std::string &, uint64_t *, uint64_t *, uint64_t *) 129):?
	device(/dev/da1p1) is mounted to /mnt/usb0 with exfat.?
DBG AutoMounter(notifyMount 435):?
	eventArg.additionalFeatures[0x2040].?
MSG AutoMounter(void AutoMount::PsmEventNotifier::callback_mount(void **) 270):?
	Notify PsmEvent OnUsbStorageMounted?
callbackUsbStorageMountInternal()[374]: [MediaEvent] callbackUsbStorageMountInternal() devNum=0?
callbackUsbStorageMountInternal()[377]: [MediaEvent] callbackUsbStorageMountInternal() locked.?
MSG AutoMounterMelUtil(void sceAutomounterMelUtil::callbackMountAll(void **) 279):?
		device(/dev/da1p1): exfat(mediaType=0x1001) is mounted at /mnt/usb0.?
MSG AutoMounterWrapper(void callbackUsbMount(SceUsbStorageEventDatas *, void *) 102):?
	DeviceId=0x22a4e93a?
?
[SceLncUtil] blockAppSuspend: name={SceSaveData}, appId={0x60000100}, refCount={1}?
[SceLncUtil] unblockAppSuspend: name={SceSaveData}, appId={0x60000100}, refCount={0}?
DBG AutoMounter(checkSpecAndHub 494):?
	device(/dev/da1) is SUPER_SPEED.?
DBG AutoMounter(checkSpecAndHub 504):?
	deviceFilePath[/dev/da1] is connected to the USB port in general?
WARNING AutoMounter(bool AutoMounter::DevctlReader::UsbStartupHandler::isStartUp() 76):?
	fake implementation.?
MSG AutoMounter(void AutoMount::PsmEventNotifier::callback_connection(void **) 360):?
	Notify PsmEvent OnUsbStorageInserted?
MSG AutoMounter(int32_t AutoMounter::Util::checkFsFormat(const char *, uint32_t *) 888):?
	device(/dev/da1p2) has unknown format(0).?
MSG AutoMounter(int32_t _AutoMounter::UsbHandler::(anonymous namespace)::_mountFileSystem(std::string, bool, std::string &, uint32_t *, uint64_t *, uint64_t *, uint64_t *) 542):?
	/dev/da1p2 has unknown format.?
MSG AutoMounter(int32_t _AutoMounter::UsbHandler::requestMount(const char *, bool) 763): _mountFileSystem(deviceFilePath, false, mountPoint, &fsFormatType, &space, &freeSpace, &availableSpace) returned 0x80f4001c.?
MSG AutoMounter(int32_t _AutoMounter::UsbHandler::(anonymous namespace)::_acquireEncryptDevice(std::string, uint32_t *, uint32_t *, std::string &, uint64_t *) 592):?
	device(/dev/da1p2) is not qualified for encrypt device. ng_capability(0x12)?
verify_metadata: sceSblExternalHDDVerifyMetadata(0) failed 800f0435?
MSG AutoMounter(int32_t _AutoMounter::UsbHandler::(anonymous namespace)::checkEncryption(std::string, bool *) 347):?
	sceFsExternalStorageVerifyMetadata(/dev/da1p2) returned 0x80020050. device is not encrypted.?
MSG AutoMounter(int32_t _AutoMounter::UsbHandler::requestMount(const char *, bool) 795): _acquireEncryptDevice(deviceFilePath, &encryptDeviceFormat, &encryptDeviceStatus, encryptDeviceFilePath, &encryptDeviceId) returned 0x80f4001a.?
DBG AutoMounter(notifyMount 435):?
	eventArg.additionalFeatures[0x2000].?
MSG AutoMounter(int32_t AutoMounter::DevctlReader::handleCreateUsbDevice(const char *) 174): AutoMounter::UsbHandler::requestMount(deviceFilePath.c_str(), true) returned 0x80f4001a.?
MSG AutoMounter(void AutoMount::PsmEventNotifier::callback_mount(void **) 270):?
	Notify PsmEvent OnUsbStorageMounted?
D/88391:?
[UIProcess] malloc stats freeSize:38826752 (93%) inuseSize:3116288 peakSize:4069216 [pid:0x3a]?
D/88391:AZIF00003?
[SceLncService] launchApp(AZIF00003)?
[SceLncService] category={gde} VRMode={0,0}?
[SceLncService] hnm,psnf,pc,tk,ns={0,0,0,0,0} appBootMode={0}?
[SceLncService] appType={SCE_LNC_APP_TYPE_MINI_APP} [] appVer={0.98}?
[SceLncService] mem_mode = {NORMAL}?
[SceLncService] Num. of logged-in users is 1?
[SceLncService] PrepareProcessLaunchDirCheck()?
[SceLncService] PrepareProcessLaunchDirCheck() returned?
[SceSystemStateMgr] Power Mode Change: FULL_GAME?
[ScePatchChecker] (*) check (title_id='AZIF00003', app_version='0.98', check_option=0): status=0, trigger=1 userId=0xffffffff return 0x80412883?
[SceSystemStateMgr] CPU  HLT CP SE CU ACLK DCLK ECLK LCLK SCLK SAMCLK VCLK DispCLK NCLK MemCLK MemP GMC DPM VDD      VDDNB    SOC      ?
[SceSystemStateMgr] 1600   0 NA  0 18  800  673  609  800  800    711  711     673 1400   1375   NA  NA   3 05b/975  05d/950  00710fa0?
[SceLncService] PrepareProcessLaunchDir()?
[ScePatchChecker] check (title_id='AZIF00003', app_version='0.98', check_option=0): status=0, dl_status=0, trigger=1 userId=0xffffffff return 0x80412883?
[SceShellUI] I/PSM.UI : OnFocusActiveSceneChanged [ContentAreaScene : ContentAreaScene] -> [SplashScreen : SplashScreenScene]?
[SceShellUI] I/PSM.UI :      Scene [SplashScreen : SplashScreenScene] : Alive?
SetDeviceIndexBehavior: mode=MergeAllConnectedDevice, param=null?
[Theme/I] : ActiveUserChanged : From : [BLUE(userId = 1ab07dc7)]?
[Theme/I] : ActiveUserChanged : To   : [ANONYMOUS(userId = ffffffff)]?
[Theme/I] : Apply [ANONYMOUS] : [Option:101000]: with not preloaded user?
[BGFT] [571] GameStartBoot(AZIF00003, 7) start?
[BGFT] [573] GameStartBoot(AZIF00003, 7) end?
[PFS] mount [0x000008253343fb38] finished 1 1 1 1 0 1 1?
[PFS] mount [0x0000082533433400] finished 1 0 0 1 0 1 1?
[BGFT] [606] GameWillStart(AZIF00003, 7) start?
[BGFT] [608] GameWillStart(AZIF00003, 7) end?
[SceLncService] PrepareProcessLaunchDir() returned?
[SceLncService] spawnApp?
[Syscore App] createApp AZIF00003?
[Sy[score App]  ExpandCpuSetMode : disable?
[Syscore App] processSpawn(pid, 0x60000f0c, 0x10f0c130, appParam, processParam, 1, 1, 1, param, debug, 0)?
[Syscore App] appParam: appType = 0x1, rootPath = /mnt/sandbox/AZIF00003_000, titleId = AZIF00003?
[Syscore App] processParam: elfPath = /app0/eboot.bin, fullPath = /mnt/sandbox/pfsmnt/AZIF00003-app0-patch0-union/eboot.bin?
[Syscore App] new pid=0x46[Syscore App] attributeExe= 0?
[Syscore App] Ready to exec?
[Syscore App] wait for NOTE_EXIT|NOTE_EXEC?
KERNEL] dmem_start_app_process pid: 70, map=0xfffff750303f8278, app_maps_count[1], 0 -> 1?
[Syscore App] Add event : pid=0xm46?
[AppMgr Trace]: New Process, pid=0x46, created.?
[AppMgr Trace]: New App, appId=0x60000f0c, created?
[Syscore App]  ExpandCpuSetMode : disable?
DBG: Process 70 untraced!?
<70> EXEC /app0/eboot.bin [system], vm#0, dmem#0  <179482 msec>?
[AppDb] openDb()[1063]: [File:Open] openDb() call dbutil::Connection::Open() path[/ZP9Sg56lWC/priv/mms/app.db] flags[0x10000002] result[0x0, 0]?
[AppDb] AppInfoDbInitializeDaemon()[54]: [File:Open] AppInfoDbInitializeDaemon() call DbAccessor::Init() path[/ZP9Sg56lWC/priv/mms/app.db] result[0x0, 0].?
[AppDb] AppInfoDbTerminateDaemon()[67]: [File:Close] AppInfoDbTerminateDaemon() call DbAccessor::Terminate().?
[AppDb] Terminate()[768]: [File:Close] DbAccessor::Terminate() call dbutil::Connection::Close().?
[VCS]checkFocusStatus() [LNC->VCS] Focus Change. appType = 4(MINI_APP). appId = 0x60000f0c.?
[GoldHEN] <Plugins Loader> Started successfully?
[GoldHEN] <Plugins Loader> Config parser failed to parse config: /data/GoldHEN/plugins.ini?
[SL] AppFocusChanged [NPXS20001] -> [AZIF00003]?
(../game_patch/source/main.cpp:354) [GoldHEN] <game_patch\Ver.0x00000110> module_start?
(../game_patch/source/main.cpp:355) [GoldHEN] Plugin Author(s): illusion?
(../game_patch/source/main.cpp:356) Commit: caacf01174654235459d48ab9d0b9e00a588b300 Branch: main Build: 188 (Release)?
(../game_patch/source/main.cpp:356) Built: May 27 2023 @ 04:49:25?
(../game_patch/source/main.cpp:356) GoldHEN SDK Ver: 0x00000100?
(../game_patch/source/main.cpp:356) GoldHEN System SDK Ver: 0xffffffff?
(../game_patch/source/main.cpp:324) numModules: 5?
(../game_patch/source/main.cpp:328) ret 0x0?
(../game_patch/source/main.cpp:329) module 0?
(../game_patch/source/main.cpp:330) name: eboot.bin?
(../game_patch/source/main.cpp:331) start: 0x400000?
(../game_patch/source/main.cpp:332) size: 49152 (0xc000)?
(../game_patch/source/main.cpp:365) Module start: 0x400000 0xc000?
(../game_patch/source/main.cpp:371) process info?
(../game_patch/source/main.cpp:371) pid: 70?
(../game_patch/source/main.cpp:371) name: eboot.bin?
(../game_patch/source/main.c?pp:371) path: /app0/eboot.bin?
(../game_patch/source/main.cpp:371) titleid: AZIF00003?
(../game_patch/source/main.cpp:371) contentid: IV0000-AZIF00003_00-PAYLOADGUEST0000?
(../game_patch/source/main.cpp:371) version: 0.98?
(../game_patch/source/main.cpp:371) base_address: 0x400000?
(../game_patch/source/main.cpp:130) file /data/GoldHEN/patches/xml/AZIF00003.xml not found?
[32m[Info ] src/ChainLauncher.c:22: Loading "/app0/guest.elf"?[0m?
[SceLncService] tryLockSuspendBl[ock: appId={0x60000f0c}?
[Syscore App] Kill for LoadExec(0x46)?
KERNEL] dmem_handle_vmspace_exited pid: 70, ptype=1, 0xfffff750303f8278->pt_loaded is TRUE?
[KERNEL] dmem_handle_vmspace_exited map #0 0xffffffffffffffff?
[KERNEL] dmem_handle_vmspace_exited pid: 70, app_maps_count[1], 1 -> 0?
[Syscore App] EVFILT_PROC NOTE_EXIT received : pid=0x46?
[Syscore App] Kill for LoadExec(0x46) => 0?
[Syscore App] process delete event : pid=0x46?
[AppMgr Trace]: pid=0x46, deleted.?
[Syscore App] Syscore Event Queue Push : SCE_SYSCORE_EVENT_ON_PROCESS_UNLOADED?
[AppMgr] All processes exited, ready for next spawn?
[AppMgr] Executing next spawn?
[Syscore App]  ExpandCpuSetMode : disable?
[Syscore App] Syscore Event Queue Pop : SCE_SYSCORE_EVENT_ON_PROCESS_UNLOADED?
[Syscore App] processSpawn(pid, 0x60000f0c, 0x10f0c140, appParam, processParam, 1, 1, 1, param, debug, 1)?
[Syscore App] appParam: appType = 0x1, rootPath = /mnt/sandbox/AZIF00003_000, titleId = AZIF00003?
[Syscore App] processParam: elfPath = /app0/guest.elf, fullPath = /mnt/sandbox/pfsmnt/AZIF00003-app0-patch0-[union/eboot.bin?
[Syscore App] new pid=0x47[Syscore App] attributeExe= 0?
[Syscore App] Ready to exec?
[Syscore App] wait for NOTE_EXIT|NOTE_EXEC?
KERNEL] dmem_start_app_process pid: 71, map=0xfffff750303f8000, app_maps_count[1], 0 -> 1?
[Syscore App] Add event : pid=0xm47?
[SceLncService] unlockSuspendBlock: appId={0x60000f0c}?
DBG: Process 71 untraced!?
<71> EXEC /app0/guest.elf [system], vm#0, dmem#0  <179995 msec>?
[GoldHEN] <Plugins Loader> Started successfully?
[GoldHEN] <Plugins Loader> Config parser failed to parse config: /data/GoldHEN/plugins.ini?
(../game_patch/source/main.cpp:354) [GoldHEN] <game_patch\Ver.0x00000110> module_start?
(../game_patch/source/main.cpp:355) [GoldHEN] Plugin Author(s): illusion?
(../game_patch/source/main.cpp:356) Commit: caacf01174654235459d48ab9d0b9e00a588b300 Branch: main Build: 188 (Release)?
(../game_?patch/source/main.cpp:356) Built: May 27 2023 @ 04:49:25?
(../game_patch/source/main.cpp:356) GoldHEN SDK Ver: 0x00000100?
(../game_patch/source/main.cpp:356) GoldHEN System SDK Ver: 0xffffffff?
(../game_patch/source/main.cpp:324) numModules: 5?
(../game_patch/source/main.cpp:328) ret 0x0?
(../game_patch/source/main.cpp:329) module 0?
(../game_patch/source/main.cpp:330) name: guest.elf?
(../game_patch/source/main.cpp:331) start: 0x400000?
(../game_patch/source/main.cpp:332) size: 851968 (0xd0000)?
(../game_patch/source/main.cpp:365) Module start: 0x400000 0xd0000?
(../game_patch/source/main.cpp:371) process info?
(../game_patch/source/main.cpp:371) pid: 71?
(../game_patch/source/main.cpp:371) name: guest.elf?
(../game_patch/source/main.cpp:371) path: /app0/guest.elf?
(../game_patch/source/main.cpp:371) titleid: AZIF00003?
(../game_patch/source/main.cpp:371) contentid: IV0000-AZIF00003_00-PAYLOADGUEST0000?
(../game_patch/source/main.cpp:371) version: 0.98?
(../game_patch/source/main.cpp:371) base_address: 0x400000?
(../game_patch/source/main.cpp:130) file /data/GoldHEN/patches/xml/AZIF00003.xml not found?
error: 0x80020002**** Base Mode ****?
[36m[Debug] src/App.cpp:29: Initialize Language...?[0m?
?[36m[Debug] src/App.cpp:31: Initialize Controller...?[0m?
[mbus] onNewClie?nt. clientNum 10 over 8?
[36m[Debug] src/App.cpp:33: Initialize Graphics...?[0m?
?[36m[Debug] src/Graphics.cpp:89: Handle is 1309737216 (0x4e110100)?[0m?
?[36m[Debug] src/Graphics.cpp:181: DirectMemOff: 0x200000?[0m?
?[36m[Debug] src/Graphics.cpp:182: DirectMemAllocationSize: 0xc000000?[0m?
?[36m[Debug] src/Graphics.cpp:183: alignment: 2097152 (0x00200000)?[0m?
?[36m[Debug] src/Graphics.cpp:188: VideoMem: 0x200200000?[0m?
?[36m[Debug] src/Graphics.cpp:109: Allocating framebuffer...?[0m?
?[36m[Debug] src/Graphics.cpp:237: handle: 1309737216 (0x4e110100)?[0m?
?[36m[Debug] src/Graphics.cpp:239: flipArgLog: 0x2000041a0?[0m?
?[36m[Debug] src/Graphics.cpp:240: FrameBuffers: 0x2000042c0?[0m?
?[36m[Debug] src/Graphics.cpp:255: sceVideoOutRegisterBuffers: 0x00000000?[0m?
?[36m[Debug] src/App.cpp:35: Initialize Resource...?[0m?
?[36m[Debug] src/Graphics.cpp:627: Loading PNG...?[0m?
?[36m[Debug] src/Graphics.cpp:637: PNG Loaded!?[0m?
?[36m[Debug] src/Graphics.cpp:627: Loading PNG...?[0m?
?[36m[Debug] src/Graphics.cpp:637: PNG Loaded!?[0m?
?[36m[Debug] src/Graphics.cpp:627: Loading PNG...?[0m?
?[36m[Debug] src/Graphics.cpp:637: PNG Loaded!?[0m?
?[36m[Debug] src/Graphics.cpp:627: Loading PNG...?[0m?
?[36m[Debug] src/Graphics.cpp:637: PNG Loaded!?[0m?
?[36m[Debug] src/Graphics.cpp:627: Loading PNG...?[0m?
?[36m[Debug] src/Graphics.cpp:637: PNG Loaded!?[0m?
?[36m[Debug] src/Graphics.cpp:627: Loading PNG...?[0m?
?[36m[Debug] src/Graphics.cpp:637: PNG Loaded!?[0m?
?[36m[Debug] src/Graphics.cpp:627: Loading PNG...?[0m?
?[36m[Debug] src/Graphics.cpp:637: PNG Loaded!?[0m?
?[36m[Debug] src/App.cpp:43: Initialize the Main View...?[0m?
?[36m[Debug] src/PayloadsView.cpp:186: GeneratePayloads is called!?[0m?
?[36m[Debug] src/PayloadsView.cpp:212: Cleanup payload list...?[0m?
?[36m[Debug] src/PayloadsView.cpp:206: GeneratePayloads: Refreshed?[0m?
?[36m[Debug] src/PayloadsView.cpp:252: PayloadsView: End of constructor?[0m?
?[36m[Debug] src/App.cpp:119: Application: RUN?[0m?
[SceShellUI] I/PSM.UI : OnFocusActiveSceneChanged [SplashScreen : SplashScreenScene] -> [AppScreen : ApplicationScreenScene]?
[SceShellUI] I/PSM.UI :      Scene [AppScreen : ApplicationScreenScene] : Alive?
SetDeviceIndexBehavior: mode=MergeAllConnectedDevice, param=null?
[Theme/I] : Apply [ANONYMOUS] : [Option:101000]: with not preloaded user?
[SceShellUI] I/PSM.UI : [NoDraw] : ClearFrameBuffer=False?
?[36m[Debug] src/PayloadsView.cpp:319: Loading: /data/payloads/linux-1024mb.bin?[0m?
[GoldHEN] <binloader> accepted a new payload?
[GoldHEN] <binloader> TCP Mode?
?[36m[Deb[ug]G srcol/PaylodadsVHEiNew.] <bincloadppe:r>18 6: pGaenyleoaratdePa reylceoivadse is d [csizealle:d !?[280m3?840
 ?[-36 mbu[fDfebeurg]_ srsc/iPzaeylo: a290d816 sVi-ew.cpp:2 ip12::  C1le2an7.up 0p.a0y.1]l?o
ad [lGoilsdt.H.EN.?[0m?
] <binload?er> f[3o6unm[d aDebund g] jasilrcbr/PayoloadksVenie wt.capp:2rg0et p6: rGoceses [pind: 4e6r]?
at[eGolPayldoadHEsN: ]Re <fbirenshedlo?[a0dm?e
r> launching payload... [format: BIN]?
[GoldHEN] <binloader> payload launched?
kernel_init()?
Kernel base = ffffffff84db0000?
Direct map base = fffff75000000000?
Testing global variable access (write protection)...?
OK.?
Kernel interface initialized?
Installing sys_kexec to system call #153?
kexec_init() successful?
?
sys_kexec invoked?
========================================?
PS4 Linux Payloads AIO?
FW 12.02 (1202)?
VRAM 1024 MB?
Southbridge: Baikal?
========================================?
sys_kexec(0x200d9c000, 11441152, 0x201888000, 4160630, "earlycon=uart8250,mmio32,0xC890E000,115200n8 console=tty0 keep_bootcon 8250.nr_uarts=0 iommu=pt intremap=off panic=10 loglevel=8 ignore_loglevel printk.devkmsg=on drm.edid_firmware=edid/1920x1080.bin video=HDMI-A-1:1920x1080@60D pci=nocrs libata.force=1.00:disable root=LABEL=psxitarch rootwait rw systemd.unit=multi-user.target systemd.log_level=info amdgpu.gpu_recovery=0 amdgpu.lockup_timeout=10000 amdgpu.gfx_off=0 amdgpu.runpm=0 amdgpu.bapm=0 amdgpu.dpm=0")?
firmware_extract: Extract lib/firmware/amdgpu/liverpool_pfp.bin ?
Copying PFP firmware?
NOP handler at 0xff0?
firmware_extract: Extract lib/firmware/amdgpu/liverpool_me.bin ?
Copying ME firmware?
firmware_extract: Extract lib/firmware/amdgpu/liverpool_ce.bin ?
Copying CE firmware?
NOP handler at 0x7f0?
firmware_extract: Extract lib/firmware/amdgpu/liverpool_mec.bin ?
Copying MEC firmware?
NOP handler at 0xff0?
firmware_extract: Extract lib/firmware/amdgpu/liverpool_mec2.bin ?
Copying MEC2 firmware?
NOP handler at 0xff0?
firmware_extract: Extract lib/firmware/amdgpu/liverpool_rlc.bin ?
Copying RLC firmware?
firmware_extract: Extract lib/firmware/amdgpu/liverpool_sdma.bin ?
Copying SDMA firmware?
firmware_extract: Extract lib/firmware/amdgpu/liverpool_sdma1.bin ?
Copying SDMA1 firmware?
?
kexec parameters:?
    Kernel image size:   11441152 bytes?
    Initramfs size:      4255366 bytes (4160630 from user)?
    Kernel command line: earlycon=uart8250,mmio32,0xC890E000,115200n8 console=tty0 keep_bootcon 8250.nr_uarts=0 iommu=pt intremap=off panic=10 loglevel=8 ignore_loglevel printk.devkmsg=on drm.edid_firmware=edid/1920x1080.bin video=HDMI-A-1:1920x1080@60D pci=nocrs libata.force=1.00:disable root=LABEL=psxitarch rootwait rw systemd.unit=multi-user.target systemd.log_level=info amdgpu.gpu_recovery=0 amdgpu.lockup_timeout=10000 amdgpu.gfx_off=0 amdgpu.runpm=0 amdgpu.bapm=0 amdgpu.dpm=0?
    Kernel image buffer: 0xffffffffffffffff?
    Initramfs buffer:    0xffffffffffffffff?
kernel_hook_install(0xffffff807cbcd12d, 0xffffffff851f7ad0)?
  Using 64bit absolute jump?
******************************************************?
kexec successfully armed. Please shut down the system.?
******************************************************?
?
[SceShellUI] I/PSM.UI : [FirstClear] : ClearFrameBuffer=False?
[KE]sceCameraDevKill::2685 ERROR: sceCameraProcConfigStop 0x802e0006 i=0 handle=257 pid=43?
Context.cc:174 (ajmContextCleanup) - InstanContext.cc:1Co74ntext. cc:1(89 (aajmjContmCeoxtCleanup)n t-[e KERNExCLto]dC ledecamn Oemp_huups )aSnI -dlLe_v KmsI paEcnnes_tceaoxdneicrtee dw 1 6asp3 id:n9 0o71, t ptyw paeps= r1,on op0xfffff7te50r p3rl0oy3f8p ue0rn0lr0-y de>eptgs_tloriasded toiyese drTR.eUE?d
?.[
?CKoE
nRNEtCoLnt] dmeeexxm_hatndle.t_c.vmccsp:ca1:ce_189exi t8(9ed  (maaap jj#m0CmC 0oxfffonftnf7503et0xe3f8xt0tC0Cl0l?
e[KeaEnaunRup)Np E)L] dme -m_han- d CleCoo_ddevmspaec ccO peMu_exitsP3  CDeeEd cpLid: oT71, d aeEnr pcpo_madwps_easc orun nt[wot1], 1 apsr - o>p en0?ro
ly ut npropreerlygi unrestgistereder.?e
dCont.?ex
t.cc:18Co9 (ajmContextCleanup) -n teCodec Oxpus Decodetr was not properly unr.cecg:i1ste89 r(ed.?
ajmContextCleaCnontextup.)c c:189-ce Codec  A2TRAC79 8D5ecod3er was not 2 pwaroperls y notunr egipsrotepered.?r
ly destroyed.?
Context.cc:189 (ajmContextCleanup) - Codec Opus SILK Encoder was not properly unregistered.?
Context.cc:174 (ajmContextCleanup) - Instance 344067 was not properly destroyed.?
CCoontntextext.c.c:cc:1189 8(ajm9 C(ontextCleanup) a-jm CCoodec Opntuse DecoxdterCle waas not npuproperly unre g(ajmContiextsteClearneud.?p) -
 Codec ) O-pus CE CLT Encooddecer C EwLaPs n8 ot properDely unregicosterdeed.?
r wContexats.cc:189 (ajmContex ntoClteanup p) -ro pCerodecl Opuy usn CELT rDecodeegr was not isprteoperlyr eunregistered.d?.
?
Context.cc:189 Con(atjemxt.cc:189 C(aojmContenxtCletanupe) - xtCCodlec MPEeGa4n AAC uEncoderp w) a-s  nCoto properldye unrcegistered.?
 CELP8 Encoder was not properly unregistered.?
Context.cc:189 (ajmContCextColeannutpe) - Cxodec CELP(16) Dtecode.r wascc no:t pr1ope7r4l y (uanregistered.?
jContmext.cCoc:1ntextCleanup) - Instance 114689 9wa1s  (anjmContextColtean upp) -r opMerore lcody deecss weretro noyedt proper.?
lyCo unnregisteredt.ex..?
t.cc:189 (ajmContextCleanup) - Codec AC3 Encoder was not properly unregistered.?
Context.cc:174 (ajmContextCleanup) - Instance 163842 was not properly destroyed.?
Context.cc:189 (ajmContextCleanup) - Codec DTS Encoder was not properly unregistered.?
[SceSysCore mini] killall timeout 5[sec]...?
[SceSysCore mini] forcibly unmount 4 nullfses?
[SceSysCore mini] forcibly unmount /mnt/usb0?
[SceSysCore mini[REGMGR] 000006 ...?
] sceKernelPollE[ventFlag(reboot_flag): failed 80020010?
[SceSysCore mini] call reboot(4000)?
REGMGR] (    189.868 sec) 010006 ...?
[REGMGR] (   0.011783 sec) 010007 ...?
[REGMGR] 000108 ...?
Waiting (max 60 seconds) for system process `SceVnlru' to stop...done?
Waiting (max 60 seconds) for system process `SceBufdaemon0' to stop...SD Manual Tuning done. MaxPassWindowSize=22, TunePoint=20 CORE_CTRL=0x184094?
done?
Waiting (max 60 seconds) for system process `SceBufdaemon1' to stop...done?
Waiting (max 60 seconds) for system process `SceBufdaemon2' to stop...done?
W?
aiting (max 6S0 synceconids) fonr sgy sdtem priocesss `SckeSynscer' to stop..., vnodes remaining...1 0 sched_sync: flush softdep (iter=2)?
sched_sync: flush softdep (iter=1)?
done?
All buffers synced.?
[PFS] umount[0x0000082533433400] finished 0?
[PFS] umount[0x000008253343fb38] finished 0?
Uptime: 3m15s?
icc post sync:Thermal alert LED off?
[REGMGR] 000007 @2@ ...?
icc08-4001 0802?
icc:failed to disabled reset button notification: 0005?
icc:disabled thermal notification?
eth0: link state changed to DOWN?
ICC: howto:00004000 depth:2 cause:00 hand:01?
ICC: Shutdown.?
hook_icc_query_nowait called?
ICC 05-00 polling?
Fixing ACPI tables at 0xe0000 (0xffffffffffffffff)?
RSDT at 0xe0024?
XSDT at 0xe0088?
FACP at 0xe016c?
FACS at 0xe012c?
DSDT at 0xe0430?
APIC at 0xe0298?
MCFG at 0xe0304?
SSDT at 0xe0730?
ACPI tables fixed?
kexec: Waiting for secondary CPUs...?
kexec: Secondary CPUs quiesced?
kexec: Setting up GDT...?
kexec: Relocating stub...?
kexec: Setting up boot params...?
kexec: Cleaning up hardware...?
Current sb_id: 3?
?
SB_BAIKAL constant: 3?
?
kexec: Detected Baikal Southbridge, disabling IOMMU...?
kexec: Reconfiguring VRAM...?
kexec: Resetting GPU...?
kexec: About to relocate and jump to kernel?
[    0.000000] ps4: x86_ps4_early_setup: PS4 early setup?
[    0.000000] Linux version 6.15.4-Baikal_TESTING_crashniels-dirty (meerzulee@cachynator) (gcc (GCC) 16.1.1 20260430, GNU ld (GNU Binutils) 2.46.0) #9 SMP PREEMPT_DYNAMIC Tue May 12 23:33:00 +06 2026?
[    0.000000] Command line: earlycon=uart8250,mmio32,0xC890E000,115200n8 console=tty0 keep_bootcon 8250.nr_uarts=0 iommu=pt intremap=off panic=10 loglevel=8 ignore_loglevel printk.devkmsg=on drm.edid_firmware=edid/1920x1080.bin video=HDMI-A-1:1920x1080@60D pci=nocrs libata.force=1.00:disable root=LABEL=psxitarch rootwait rw systemd.unit=multi-user.target systemd.log_level=info amdgpu.gpu_recovery=0 amdgpu.lockup_timeout=10000 amdgpu.gfx_off=0 amdgpu.runpm=0 amdgpu.bapm=0 amdgpu.dpm=0?
[    0.000000] KERNEL supported cpus:?
[    0.000000]   AMD AuthenticAMD?
[    0.000000] BIOS-provided physical RAM map:?
[    0.000000] BIOS-e820: [mem 0x0000000000000000-0x0000000000007fff] usable?
[    0.000000] BIOS-e820: [mem 0x0000000000008000-0x000000000007ffff] reserved?
[    0.000000] BIOS-e820: [mem 0x0000000000080000-0x0000000000099fff] usable?
[    0.000000] BIOS-e820: [mem 0x000000000009a000-0x00000000000bffff] reserved?
[    0.000000] BIOS-e820: [mem 0x00000000000e0000-0x00000000000effff] ACPI data?
[    0.000000] BIOS-e820: [mem 0x0000000000100000-0x00000000003fffff] usable?
[    0.000000] BIOS-e820: [mem 0x0000000000400000-0x000000000047ffff] reserved?
[    0.000000] BIOS-e820: [mem 0x0000000000480000-0x000000000067ffff] usable?
[    0.000000] BIOS-e820: [mem 0x0000000000680000-0x00000000006fffff] reserved?
[    0.000000] BIOS-e820: [mem 0x0000000000700000-0x000000007efe7fff] usable?
[    0.000000] BIOS-e820: [mem 0x000000007efe8000-0x000000007efeffff] ACPI NVS?
[    0.000000] BIOS-e820: [mem 0x000000007eff0000-0x000000007effffff] ACPI data?
[    0.000000] BIOS-e820: [mem 0x000000007f000000-0x000000007fffffff] usable?
[    0.000000] BIOS-e820: [mem 0x0000000080000000-0x00000000fbffffff] reserved?
[    0.000000] BIOS-e820: [mem 0x0000000100000000-0x000000013fffffff] reserved?
[    0.000000] BIOS-e820: [mem 0x0000000140000000-0x000000027effffff] usable?
[    0.000000] earlycon: uart8250 at MMIO32 0x00000000c890e000 (options '115200n8')?
[    0.000000] printk: legacy bootconsole [uart8250] enabled?
[    0.000000] printk: debug: skip boot console de-registration.?
[    0.000000] printk: debug: ignoring loglevel setting.?
[    0.000000] NX (Execute Disable) protection: active?
[    0.000000] APIC: Static calls initialized?
[    0.000000] SMBIOS 2.1 present.?
[    0.000000] DMI:  , BIOS unde Wed 09/22/2021 16:2?
[    0.000000] DMI: Memory slots populated: 1/1?
[    0.000000] ps4: EMC timer started in 16217 TSC ticks?
[    0.000000] ps4: Calibrated TSC frequency: 1594073344 kHz?
[    0.000000] tsc: Detected 1594.073 MHz processor?
[    0.001421] e820: update [mem 0x00000000-0x00000fff] usable ==> reserved?
[    0.008246] e820: remove [mem 0x000a0000-0x000fffff] usable?
[    0.013928] last_pfn = 0x27f000 max_arch_pfn = 0x400000000?
[    0.019514] MTRR map: 6 entries (3 fixed + 3 variable; max 20), built from 9 variable MTRRs?
[    0.028015] x86/PAT: Configuration [0-7]: WB  WC  UC- UC  WB  WP  UC- WT  ?
[    0.035395] e820: update [mem 0x80000000-0x13fffffff] usable ==> reserved?
[    0.042325] last_pfn = 0x80000 max_arch_pfn = 0x400000000?
[    0.056434] Using GB pages for direct mapping?
[    0.062399] RAMDISK: [mem 0x36800000-0x36c0efff]?
[    0.067110] ACPI: Early table checksum verification disabled?
[    0.072870] ACPI: RSDP 0x00000000000E0000 000024 (v02 SIE   )?
[    0.078721] ACPI: XSDT 0x00000000000E0088 00004C (v01 SIE    ORBIS    20121218 INTL 20110211)?
[    0.087407] ACPI: FACP 0x00000000000E016C 0000F4 (v04 SIE    ORBIS    20130205 INTL 20110211)?
[    0.096093] ACPI: DSDT 0x00000000000E0430 00018C (v02 SIE    ORBIS    20121002 INTL 20110211)?
[    0.104776] ACPI: FACS 0x00000000000E012C 000040?
[    0.109474] ACPI: FACS 0x00000000000E012C 000040?
[    0.114172] ACPI: APIC 0x00000000000E0298 00006C (v02 SIE    ORBIS    20120725 INTL 20110211)?
[    0.122855] ACPI: MCFG 0x00000000000E0304 00003C (v01 SIE    ORBIS    20120725 INTL 20110211)?
[    0.131535] ACPI: SSDT 0x00000000000E0730 001944 (v01 AMD    POWERNOW 00000001 AMD  00000001)?
[    0.140217] ACPI: IVRS 0x00000000000E2074 000054 (v01 F0F    PS4KEXEC 20161225 KEXC 20161225)?
[    0.148898] ACPI: Reserving FACP table memory at [mem 0xe016c-0xe025f]?
[    0.155539] ACPI: Reserving DSDT table memory at [mem 0xe0430-0xe05bb]?
[    0.162182] ACPI: Reserving FACS table memory at [mem 0xe012c-0xe016b]?
[    0.168821] ACPI: Reserving FACS table memory at [mem 0xe012c-0xe016b]?
[    0.175461] ACPI: Reserving APIC table memory at [mem 0xe0298-0xe0303]?
[    0.182102] ACPI: Reserving MCFG table memory at [mem 0xe0304-0xe033f]?
[    0.188741] ACPI: Reserving SSDT table memory at [mem 0xe0730-0xe2073]?
[    0.195380] ACPI: Reserving IVRS table memory at [mem 0xe2074-0xe20c7]?
[    0.202099] No NUMA configuration found?
[    0.205996] Faking a node at [mem 0x0000000000000000-0x000000027effffff]?
[    0.212818] NODE_DATA(0) allocated [mem 0x27effa800-0x27effdfff]?
[    0.218987] Zone ranges:?
[    0.221557]   DMA      [mem 0x0000000000001000-0x0000000000ffffff]?
[    0.227845]   DMA32    [mem 0x0000000001000000-0x00000000ffffffff]?
[    0.234133]   Normal   [mem 0x0000000100000000-0x000000027effffff]?
[    0.240421] Movable zone start for each node?
[    0.244759] Early memory node ranges?
[    0.248389]   node   0: [mem 0x0000000000001000-0x0000000000007fff]?
[    0.254764]   node   0: [mem 0x0000000000080000-0x0000000000099fff]?
[    0.261138]   node   0: [mem 0x0000000000100000-0x00000000003fffff]?
[    0.267513]   node   0: [mem 0x0000000000480000-0x000000000067ffff]?
[    0.273888]   node   0: [mem 0x0000000000700000-0x000000007efe7fff]?
[    0.280263]   node   0: [mem 0x000000007f000000-0x000000007fffffff]?
[    0.286638]   node   0: [mem 0x0000000140000000-0x000000027effffff]?
[    0.293014] Initmem setup node 0 [mem 0x0000000000001000-0x000000027effffff]?
[    0.300191] On node 0, zone DMA: 1 pages in unavailable ranges?
[    0.306133] On node 0, zone DMA: 120 pages in unavailable ranges?
[    0.312265] On node 0, zone DMA: 102 pages in unavailable ranges?
[    0.318392] On node 0, zone DMA: 128 pages in unavailable ranges?
[    0.324555] On node 0, zone DMA: 128 pages in unavailable ranges?
[    0.340943] On node 0, zone DMA32: 24 pages in unavailable ranges?
[    0.373287] On node 0, zone Normal: 4096 pages in unavailable ranges?
[    0.380663] ACPI: No IOAPIC entries present?
[    0.384916] ACPI: Using ACPI for processor (LAPIC) configuration information?
[    0.392101] CPU topo: Max. logical packages:   1?
[    0.396794] CPU topo: Max. logical dies:       1?
[    0.401487] CPU topo: Max. dies per package:   1?
[    0.406192] CPU topo: Max. threads per core:   1?
[    0.410886] CPU topo: Num. cores per package:     8?
[    0.415844] CPU topo: Num. threads per package:   8?
[    0.420802] CPU topo: Allowing 8 present CPUs plus 0 hotplug CPUs?
[    0.427029] [mem 0xfc000000-0xffffffff] available for PCI devices?
[    0.433230] clocksource: refined-jiffies: mask: 0xffffffff max_cycles: 0xffffffff, max_idle_ns: 1910969940391419 ns?
[    0.443868] setup_percpu: NR_CPUS:8 nr_cpumask_bits:8 nr_cpu_ids:8 nr_node_ids:1?
[    0.452067] percpu: Embedded 42 pages/cpu s131544 r8192 d32296 u262144?
[    0.458729] pcpu-alloc: s131544 r8192 d32296 u262144 alloc=1*2097152?
[    0.465196] pcpu-alloc: [0] 0 1 2 3 4 5 6 7 ?
[    0.469582] Kernel command line: earlycon=uart8250,mmio32,0xC890E000,115200n8 console=tty0 keep_bootcon 8250.nr_uarts=0 iommu=pt intremap=off panic=10 loglevel=8 ignore_loglevel printk.devkmsg=on drm.edid_firmware=edid/1920x1080.bin video=HDMI-A-1:1920x1080@60D pci=nocrs libata.force=1.00:disable root=LABEL=psxitarch rootwait rw systemd.unit=multi-user.target systemd.log_level=info amdgpu.gpu_recovery=0 amdgpu.lockup_timeout=10000 amdgpu.gfx_off=0 amdgpu.runpm=0 amdgpu.bapm=0 amdgpu.dpm=0?
[    0.513949] Setting dangerous option amdgpu.gpu_recovery - tainting kernel?
[    0.521002] printk: log buffer data + meta data: 262144 + 917504 = 1179648 bytes?
[    0.530328] Dentry cache hash table entries: 1048576 (order: 11, 8388608 bytes, linear)?
[    0.539394] Inode-cache hash table entries: 524288 (order: 10, 4194304 bytes, linear)?
[    0.547468] software IO TLB: area num 8.?
[    0.580502] Fallback order for Node 0: 0 ?
[    0.580521] Built 1 zonelists, mobility grouping on.  Total pages: 1830409?
[    0.591593] Policy zone: Normal?
[    0.594785] mem auto-init: stack:off, heap alloc:off, heap free:off?
[    0.639012] SLUB: HWalign=64, Order=0-3, MinObjects=0, CPUs=8, Nodes=1?
[    0.646805] Dynamic Preempt: voluntary?
[    0.650709] rcu: Preemptible hierarchical RCU implementation.?
[    0.656556] rcu: RCU calculated value of scheduler-enlistment delay is 100 jiffies.?
[    0.664372] NR_IRQS: 4352, nr_irqs: 128, preallocated irqs: 0?
[    0.670278] rcu: srcu_init: Setting srcu_struct sizes based on contention.?
[    0.677330] call_irq_handler: 0.49 No irq handler for vector?
[    0.683118] Console: colour dummy device 80x25?
[    0.687641] printk: legacy console [tty0] enabled?
[    0.692470] ACPI: Core revision 20240827?
[    0.696528] ACPI: setting ELCR to 0200 (from ffff)?
[    0.701419] Failed to register legacy timer interrupt?
[    0.706558] APIC: Switch to symmetric I/O mode setup?
[    0.711617] clocksource: tsc-early: mask: 0xffffffffffffffff max_cycles: 0x16fa45dd0df, max_idle_ns: 440795225867 ns?
[    0.722347] Calibrating delay loop (skipped), value calculated using timer frequency.. 3188.14 BogoMIPS (lpj=1594073)?
[    0.723338] Last level iTLB entries: 4KB 512, 2MB 8, 4MB 4?
[    0.723338] Last level dTLB entries: 4KB 512, 2MB 256, 4MB 128, 1GB 0?
[    0.723338] Spectre V1 : Mitigation: usercopy/swapgs barriers and __user pointer sanitization?
[    0.723338] Spectre V2 : Mitigation: Retpolines?
[    0.723338] Spectre V2 : Spectre v2 / SpectreRSB: Filling RSB on context switch and VMEXIT?
[    0.723338] RETBleed: Mitigation: untrained return thunk?
[    0.723338] Speculative Store Bypass: Mitigation: Speculative Store Bypass disabled via prctl?
[    0.723338] x86/fpu: Supporting XSAVE feature 0x001: 'x87 floating point registers'?
[    0.723338] x86/fpu: Supporting XSAVE feature 0x002: 'SSE registers'?
[    0.723338] x86/fpu: Supporting XSAVE feature 0x004: 'AVX registers'?
[    0.723338] x86/fpu: xstate_offset[2]:  576, xstate_sizes[2]:  256?
[    0.723338] x86/fpu: Enabled xstate features 0x7, context size is 832 bytes, using 'standard' format.?
[    0.723338] Freeing SMP alternatives memory: 52K?
[    0.723338] pid_max: default: 32768 minimum: 301?
[    0.723338] Mount-cache hash table entries: 16384 (order: 5, 131072 bytes, linear)?
[    0.723338] Mountpoint-cache hash table entries: 16384 (order: 5, 131072 bytes, linear)?
[    0.723338] smpboot: CPU0: AMD DG1401SNF87ID (family: 0x16, model: 0x1a, stepping: 0x0)?
[    0.723931] Performance Events: AMD PMU driver.?
[    0.724343] ... version:                0?
[    0.725342] ... bit width:              48?
[    0.726341] ... generic registers:      4?
[    0.727341] ... value mask:             0000ffffffffffff?
[    0.728341] ... max period:             00007fffffffffff?
[    0.729341] ... fixed-purpose events:   0?
[    0.730341] ... event mask:             000000000000000f?
[    0.731564] signal: max sigframe size: 1776?
[    0.732436] rcu: Hierarchical SRCU implementation.?
[    0.733342] rcu: 	Max phase no-delay instances is 400.?
[    0.734484] Timer migration: 1 hierarchy levels; 8 children per group; 1 crossnode level?
[    0.738660] smp: Bringing up secondary CPUs ...?
[    0.740583] smpboot: x86: Booting SMP configuration:?
[    0.741346] .... node  #0, CPUs:      #1 #2 #3 #4 #5 #6 #7?
[    0.751448] smp: Brought up 1 node, 8 CPUs?
[    0.753343] smpboot: Total of 8 processors activated (25505.16 BogoMIPS)?
[    0.755559] Memory: 7077464K/7321636K available (23470K kernel code, 2053K rwdata, 8784K rodata, 1624K init, 2232K bss, 239924K reserved, 0K cma-reserved)?
[    0.757752] devtmpfs: initialized?
[    0.760428] clocksource: jiffies: mask: 0xffffffff max_cycles: 0xffffffff, max_idle_ns: 1911260446275000 ns?
[    0.761349] posixtimers hash table entries: 4096 (order: 4, 65536 bytes, linear)?
[    0.762365] futex hash table entries: 2048 (order: 5, 131072 bytes, linear)?
[    0.763444] prandom: seed boundary self test passed?
[    0.766341] prandom: 100 self tests passed?
[    0.767601] NET: Registered PF_NETLINK/PF_ROUTE protocol family?
[    0.768509] audit: initializing netlink subsys (disabled)?
[    0.769403] audit: type=2000 audit(0.047:1): state=initialized audit_enabled=0 res=1?
[    0.769513] i2c-core: driver [dummy] registered?
[    0.771345] thermal_sys: Registered thermal governor 'step_wise'?
[    0.771369] cpuidle: using governor ladder?
[    0.773351] cpuidle: using governor menu?
[    0.774542] ps4: ps4: pre-allocated IRQ 9 desc for ACPI SCI (virq=9)?
[    0.775610] PCI: ECAM [mem 0xf8000000-0xfbffffff] (base 0xf8000000) for domain 0000 [bus 00-3f]?
[    0.776362] PCI: Using configuration type 1 for base access?
[    0.777654] HugeTLB: allocation took 0ms with hugepage_allocation_threads=2?
[    0.778377] HugeTLB: registered 2.00 MiB page size, pre-allocated 0 pages?
[    0.779342] HugeTLB: 28 KiB vmemmap can be freed for a 2.00 MiB page?
[    0.781351] cryptd: max_cpu_qlen set to 1000?
[    0.799341] raid6: sse2x4   gen()  4050 MB/s?
[    0.817342] raid6: sse2x2   gen()  3953 MB/s?
[    0.835340] raid6: sse2x1   gen()  3202 MB/s?
[    0.836342] raid6: using algorithm sse2x4 gen() 4050 MB/s?
[    0.854344] raid6: .... xor() 2021 MB/s, rmw enabled?
[    0.855342] raid6: using ssse3x2 recovery algorithm?
[    0.856450] ACPI: Added _OSI(Module Device)?
[    0.857343] ACPI: Added _OSI(Processor Device)?
[    0.858342] ACPI: Added _OSI(Processor Aggregator Device)?
[    0.861574] ACPI: 2 ACPI AML tables successfully acquired and loaded?
[    0.869569] ACPI: Interpreter enabled?
[    0.870353] ACPI: PM: (supports S0 S5)?
[    0.871342] ACPI: Using PIC for interrupt routing?
[    0.872371] PCI: Ignoring host bridge windows from ACPI; if necessary, use "pci=use_crs" and report a bug?
[    0.873342] PCI: Using E820 reservations for host bridge windows?
[    0.875970] acpi PNP0A03:00: [Firmware Bug]: no secondary bus range in _CRS?
[    0.876359] ACPI: PCI Root Bridge [PCI0] (domain 0000 [bus 00-ff])?
[    0.877349] acpi PNP0A03:00: _OSC: OS supports [ExtendedConfig ASPM ClockPM Segments MSI HPX-Type3]?
[    0.878360] acpi PNP0A03:00: [Firmware Info]: ECAM [mem 0xf8000000-0xfbffffff] for domain 0000 [bus 00-3f] only partially covers this bridge?
[    0.879365] acpi PNP0A03:00: host bridge window [io  0x0cf8-0x0cff] (ignored)?
[    0.880342] PCI: root bus 00: using default resources?
[    0.881392] PCI host bridge to bus 0000:00?
[    0.882354] pci_bus 0000:00: root bus resource [io  0x0000-0xffff]?
[    0.883343] pci_bus 0000:00: root bus resource [mem 0x00000000-0xffffffffff]?
[    0.884343] pci_bus 0000:00: root bus resource [bus 00-ff]?
[    0.885361] pci 0000:00:00.0: [1022:1436] type 00 class 0x060000 conventional PCI endpoint?
[    0.886468] pci 0000:00:00.2: [1022:1437] type 00 class 0x080600 conventional PCI endpoint?
[    0.888417] pci 0000:00:01.0: [1002:9923] type 00 class 0x030000 PCIe Root Complex Integrated Endpoint?
[    0.889364] pci 0000:00:01.0: BAR 0 [mem 0xe0000000-0xe3ffffff 64bit pref]?
[    0.890344] pci 0000:00:01.0: BAR 2 [mem 0xe4000000-0xe47fffff 64bit pref]?
[    0.891343] pci 0000:00:01.0: BAR 4 [io  0x6000-0x60ff]?
[    0.892343] pci 0000:00:01.0: BAR 5 [mem 0xe4800000-0xe483ffff]?
[    0.893343] pci 0000:00:01.0: ROM [mem 0x00000000-0x0001ffff pref]?
[    0.895347] pci 0000:00:01.0: enabling Extended Tags?
[    0.896358] pci 0000:00:01.0: Video device with shadowed ROM at [mem 0x000c0000-0x000dffff]?
[    0.897363] pci 0000:00:01.0: supports D1 D2?
[    0.898342] pci 0000:00:01.0: PME# supported from D1 D2 D3hot?
[    0.899439] pci 0000:00:01.1: [1002:9921] type 00 class 0x040300 PCIe Root Complex Integrated Endpoint?
[    0.900363] pci 0000:00:01.1: BAR 0 [mem 0xe4840000-0xe4843fff 64bit]?
[    0.901349] pci 0000:00:01.1: enabling Extended Tags?
[    0.902372] pci 0000:00:01.1: supports D1 D2?
[    0.903439] pci 0000:00:02.0: [1022:1438] type 00 class 0x060000 conventional PCI endpoint?
[    0.904473] pci 0000:00:14.0: [104d:90d7] type 00 class 0x088000 PCIe Endpoint?
[    0.905383] pci 0000:00:14.0: BAR 0 [mem 0xfdf8000000-0xfdf9ffffff 64bit]?
[    0.906344] pci 0000:00:14.0: BAR 2 [io  0x1000-0x13ff]?
[    0.907531] pci 0000:00:14.1: [104d:90d8] type 00 class 0x088001 PCIe Endpoint?
[    0.908383] pci 0000:00:14.1: BAR 0 [mem 0xc2000000-0xc2000fff 64bit]?
[    0.909529] pci 0000:00:14.2: [104d:90d9] type 00 class 0x088002 PCIe Endpoint?
[    0.910383] pci 0000:00:14.2: BAR 0 [mem 0xc4000000-0xc4007fff 64bit]?
[    0.911529] pci 0000:00:14.3: [104d:90da] type 00 class 0x088003 PCIe Endpoint?
[    0.913341] pci 0000:00:14.3: BAR 0 [mem 0xc6000000-0xc6000fff 64bit]?
[    0.914528] pci 0000:00:14.4: [104d:90db] type 00 class 0x088004 PCIe Endpoint?
[    0.915383] pci 0000:00:14.4: BAR 0 [mem 0xc8000000-0xc8001fff 64bit]?
[    0.916345] pci 0000:00:14.4: BAR 2 [mem 0xc8800000-0xc89fffff 64bit]?
[    0.917345] pci 0000:00:14.4: BAR 4 [mem 0xc9000000-0xc91fffff 64bit]?
[    0.919397] pci 0000:00:14.5: [104d:90dc] type 00 class 0x088005 PCIe Endpoint?
[    0.920383] pci 0000:00:14.5: BAR 0 [mem 0xca000000-0xca000fff 64bit]?
[    0.921345] pci 0000:00:14.5: BAR 2 [mem 0xca800000-0xca800fff 64bit]?
[    0.922525] pci 0000:00:14.6: [104d:90dd] type 00 class 0x088006 PCIe Endpoint?
[    0.923383] pci 0000:00:14.6: BAR 0 [mem 0xcc000000-0xcc000fff 64bit]?
[    0.924345] pci 0000:00:14.6: BAR 2 [mem 0x80000000-0xbfffffff 64bit]?
[    0.925344] pci 0000:00:14.6: BAR 4 [mem 0xcd000000-0xcd0fffff]?
[    0.926344] pci 0000:00:14.6: BAR 5 [mem 0xcd400000-0xcd43ffff]?
[    0.927524] pci 0000:00:14.7: [104d:90de] type 00 class 0x088007 PCIe Endpoint?
[    0.929341] pci 0000:00:14.7: BAR 0 [mem 0xce000000-0xce3fffff 64bit]?
[    0.930345] pci 0000:00:14.7: BAR 2 [mem 0xce800000-0xce80ffff 64bit]?
[    0.931345] pci 0000:00:14.7: BAR 4 [mem 0xcf000000-0xcf7fffff 64bit]?
[    0.932516] pci 0000:00:18.0: [1022:142e] type 00 class 0x060000 conventional PCI endpoint?
[    0.933445] pci 0000:00:18.1: [1022:142f] type 00 class 0x060000 conventional PCI endpoint?
[    0.934450] pci 0000:00:18.2: [1022:1430] type 00 class 0x060000 conventional PCI endpoint?
[    0.935442] pci 0000:00:18.3: [1022:1431] type 00 class 0x060000 conventional PCI endpoint?
[    0.937364] pci 0000:00:18.4: [1022:1432] type 00 class 0x060000 conventional PCI endpoint?
[    0.938440] pci 0000:00:18.5: [1022:1433] type 00 class 0x060000 conventional PCI endpoint?
[    0.940428] pci 0000:00:18.6: [1022:1434] type 00 class 0x060000 conventional PCI endpoint?
[    0.941551] iommu: Default domain type: Passthrough (set via kernel command line)?
[    0.942536] SCSI subsystem initialized?
[    0.943368] libata version 3.00 loaded.?
[    0.944403] ACPI: bus type USB registered?
[    0.945396] usbcore: registered new interface driver usbfs?
[    0.946365] usbcore: registered new interface driver hub?
[    0.947362] usbcore: registered new device driver usb?
[    0.948522] Advanced Linux Sound Architecture Driver Initialized.?
[    0.949715] Bluetooth: Core ver 2.22?
[    0.950356] NET: Registered PF_BLUETOOTH protocol family?
[    0.951342] Bluetooth: HCI device and connection manager initialized?
[    0.952345] Bluetooth: HCI socket layer initialized?
[    0.953345] Bluetooth: L2CAP socket layer initialized?
[    0.954349] Bluetooth: SCO socket layer initialized?
[    0.955430] PCI: Using ACPI for IRQ routing?
[    0.958935] PCI: pci_cache_line_size set to 64 bytes?
[    0.959385] e820: reserve RAM buffer [mem 0x00008000-0x0000ffff]?
[    0.960343] e820: reserve RAM buffer [mem 0x0009a000-0x0009ffff]?
[    0.961342] e820: reserve RAM buffer [mem 0x00680000-0x006fffff]?
[    0.962342] e820: reserve RAM buffer [mem 0x7efe8000-0x7fffffff]?
[    0.963342] e820: reserve RAM buffer [mem 0x27f000000-0x27fffffff]?
[    0.964374] pci 0000:00:01.0: vgaarb: setting as boot VGA device?
[    0.965338] pci 0000:00:01.0: vgaarb: bridge control possible?
[    0.965338] pci 0000:00:01.0: vgaarb: VGA device added: decodes=io+mem,owns=io+mem,locks=none?
[    0.965352] vgaarb: loaded?
[    0.966625] clocksource: Switched to clocksource tsc-early?
[    0.972190] pnp: PnP ACPI init?
[    0.975346] pnp: PnP ACPI: found 0 devices?
[    0.984448] NET: Registered PF_INET protocol family?
[    0.989733] IP idents hash table entries: 131072 (order: 8, 1048576 bytes, linear)?
[    1.001576] tcp_listen_portaddr_hash hash table entries: 4096 (order: 4, 65536 bytes, linear)?
[    1.010305] Table-perturb hash table entries: 65536 (order: 6, 262144 bytes, linear)?
[    1.018233] TCP established hash table entries: 65536 (order: 7, 524288 bytes, linear)?
[    1.026583] TCP bind hash table entries: 65536 (order: 9, 2097152 bytes, linear)?
[    1.034755] TCP: Hash tables configured (established 65536 bind 65536)?
[    1.041531] UDP hash table entries: 4096 (order: 6, 262144 bytes, linear)?
[    1.048543] UDP-Lite hash table entries: 4096 (order: 6, 262144 bytes, linear)?
[    1.056094] NET: Registered PF_UNIX/PF_LOCAL protocol family?
[    1.062213] RPC: Registered named UNIX socket transport module.?
[    1.068251] RPC: Registered udp transport module.?
[    1.073047] RPC: Registered tcp transport module.?
[    1.077841] RPC: Registered tcp-with-tls transport module.?
[    1.083430] RPC: Registered tcp NFSv4.1 backchannel transport module.?
[    1.090482] pci_bus 0000:00: resource 4 [io  0x0000-0xffff]?
[    1.096171] pci_bus 0000:00: resource 5 [mem 0x00000000-0xffffffffff]?
[    1.102813] pci 0000:00:01.1: D0 power state depends on 0000:00:01.0?
[    1.109299] pci 0000:00:02.0: CLS mismatch (64 != 512), using 64 bytes?
[    1.116075] AMD-Vi: Using global IVHD EFR:0x0, EFR2:0x0?
[    1.116317] Trying to unpack rootfs image as initramfs...?
[    1.121619] pci 0000:00:00.0: Adding to iommu group 0?
[    1.132193] pci 0000:00:14.0: Adding to iommu group 1?
[    1.137378] pci 0000:00:14.1: Adding to iommu group 1?
[    1.142565] pci 0000:00:14.2: Adding to iommu group 1?
[    1.147755] pci 0000:00:14.3: Adding to iommu group 1?
[    1.152939] pci 0000:00:14.4: Adding to iommu group 1?
[    1.158124] pci 0000:00:14.5: Adding to iommu group 1?
[    1.163316] pci 0000:00:14.6: Adding to iommu group 1?
[    1.168504] pci 0000:00:14.7: Adding to iommu group 1?
[    1.173730] AMD-Vi: Extended features (0x840, 0x0): IA?
[    1.179260] PCI-DMA: Using software bounce buffering for IO (SWIOTLB)?
[    1.185837] software IO TLB: mapped [mem 0x000000007afe8000-0x000000007efe8000] (64MB)?
[    1.194087] LVT offset 0 assigned for vector 0x400?
[    1.199846] perf: AMD IBS detected (0x000000ff)?
[    1.204522] kvm_amd: TSC scaling supported?
[    1.208700] kvm_amd: Nested Virtualization enabled?
[    1.213584] kvm_amd: Nested Paging enabled?
[    1.217759] kvm_amd: LBR virtualization supported?
[    1.246290] Freeing initrd memory: 4156K?
[    1.256222] platform rtc_cmos: registered platform RTC device (no PNP device found)?
[    1.267143] Initialise system trusted keyrings?
[    1.271817] workingset: timestamp_bits=40 max_order=21 bucket_order=0?
[    1.278814] ntfs3: Warning: Activated 64 bits per cluster. Windows does not support this?
[    1.287148] fuse: init (API version 7.43)?
[    1.327263] NET: Registered PF_ALG protocol family?
[    1.332152] xor: automatically using best checksumming function   avx       ?
[    1.339340] Key type asymmetric registered?
[    1.343515] Asymmetric key parser 'x509' registered?
[    1.348515] Block layer SCSI generic (bsg) driver version 0.4 loaded (major 252)?
[    1.356056] io scheduler mq-deadline registered?
[    1.360674] io scheduler kyber registered?
[    1.366889] Could not retrieve perf counters (-19)?
[    1.403056] Non-volatile memory driver v1.3?
[    1.407344] Linux agpgart interface v0.103?
[    1.411948] ACPI: bus type drm_connector registered?
[    1.416949] [drm] amdgpu kernel modesetting enabled.?
[    1.423592] brd: module loaded?
[    1.430282] loop: module loaded?
[    1.433509] i2c-core: driver [at24] registered?
[    1.438248] baikal_pcie 0000:00:14.4: bpcie_probe()?
[    1.443266] baikal_pcie 0000:00:14.4: bpcie glue probe?
[    1.448516] baikal_pcie 0000:00:14.4: Baikal chip revision: 4c0c2021:8d76a398:0000b100?
[    1.456591] pci 0000:00:14.0: bpcie_create_irq_domain?
[    1.461741] baikal_pcie 0000:00:14.4: devid = 164?
[    1.466539] baikal_pcie 0000:00:14.4: no parent ?
[    1.471251] bpcie_create_irq_domain: marked Baikal-MSI-164-3-14 as MSI parent (flags=0x113 bus_token=AMDVI)?
[    1.481180] pci 0000:00:14.1: bpcie_create_irq_domain?
[    1.486330] baikal_pcie 0000:00:14.4: devid = 164?
[    1.491128] baikal_pcie 0000:00:14.4: no parent ?
[    1.495836] bpcie_create_irq_domain: marked Baikal-MSI-164-3-14 as MSI parent (flags=0x113 bus_token=AMDVI)?
[    1.505766] pci 0000:00:14.2: bpcie_create_irq_domain?
[    1.510921] baikal_pcie 0000:00:14.4: devid = 164?
[    1.515717] baikal_pcie 0000:00:14.4: no parent ?
[    1.520425] bpcie_create_irq_domain: marked Baikal-MSI-164-3-14 as MSI parent (flags=0x113 bus_token=AMDVI)?
[    1.530353] pci 0000:00:14.3: bpcie_create_irq_domain?
[    1.535502] baikal_pcie 0000:00:14.4: devid = 164?
[    1.540297] baikal_pcie 0000:00:14.4: no parent ?
[    1.545005] bpcie_create_irq_domain: marked Baikal-MSI-164-3-14 as MSI parent (flags=0x113 bus_token=AMDVI)?
[    1.554934] baikal_pcie 0000:00:14.4: bpcie_create_irq_domain?
[    1.560791] baikal_pcie 0000:00:14.4: devid = 164?
[    1.565587] baikal_pcie 0000:00:14.4: no parent ?
[    1.570295] bpcie_create_irq_domain: marked Baikal-MSI-164-3-14 as MSI parent (flags=0x113 bus_token=AMDVI)?
[    1.580224] pci 0000:00:14.5: bpcie_create_irq_domain?
[    1.585373] baikal_pcie 0000:00:14.4: devid = 164?
[    1.590169] baikal_pcie 0000:00:14.4: no parent ?
[    1.594878] bpcie_create_irq_domain: marked Baikal-MSI-164-3-14 as MSI parent (flags=0x113 bus_token=AMDVI)?
[    1.604807] pci 0000:00:14.6: bpcie_create_irq_domain?
[    1.609959] baikal_pcie 0000:00:14.4: devid = 164?
[    1.614754] baikal_pcie 0000:00:14.4: no parent ?
[    1.619468] bpcie_create_irq_domain: marked Baikal-MSI-164-3-14 as MSI parent (flags=0x113 bus_token=AMDVI)?
[    1.629398] pci 0000:00:14.7: bpcie_create_irq_domain?
[    1.634547] baikal_pcie 0000:00:14.4: devid = 164?
[    1.639342] baikal_pcie 0000:00:14.4: no parent ?
[    1.644051] bpcie_create_irq_domain: marked Baikal-MSI-164-3-14 as MSI parent (flags=0x113 bus_token=AMDVI)?
[    1.653991] bpcie_init_dev_msi_info: dev=0000:00:14.4 installed bpcie demuxer (sc=(____ptrval____))?
[    1.663789] bpcie_msi_init: virq=10 hwirq=0x0 domain=(____ptrval____) info=(____ptrval____) sc=(____ptrval____)?
[    1.674079] bpcie_msi_init: registered virq=10 irq_map[0]?
[    1.679581] bpcie_msi_init: virq=11 hwirq=0x1 domain=(____ptrval____) info=(____ptrval____) sc=(____ptrval____)?
[    1.689865] bpcie_msi_init: registered virq=11 irq_map[1]?
[    1.695366] bpcie_msi_init: virq=12 hwirq=0x2 domain=(____ptrval____) info=(____ptrval____) sc=(____ptrval____)?
[    1.705649] bpcie_msi_init: registered virq=12 irq_map[2]?
[    1.711150] bpcie_msi_init: virq=13 hwirq=0x3 domain=(____ptrval____) info=(____ptrval____) sc=(____ptrval____)?
[    1.721433] bpcie_msi_init: registered virq=13 irq_map[3]?
[    1.726936] bpcie_msi_init: virq=14 hwirq=0x4 domain=(____ptrval____) info=(____ptrval____) sc=(____ptrval____)?
[    1.737220] bpcie_msi_init: registered virq=14 irq_map[4]?
[    1.742721] bpcie_msi_init: virq=15 hwirq=0x5 domain=(____ptrval____) info=(____ptrval____) sc=(____ptrval____)?
[    1.753009] bpcie_msi_init: registered virq=15 irq_map[5]?
[    1.758509] bpcie_msi_init: virq=16 hwirq=0x6 domain=(____ptrval____) info=(____ptrval____) sc=(____ptrval____)?
[    1.768797] bpcie_msi_init: registered virq=16 irq_map[6]?
[    1.774298] bpcie_msi_init: virq=17 hwirq=0x7 domain=(____ptrval____) info=(____ptrval____) sc=(____ptrval____)?
[    1.784585] bpcie_msi_init: registered virq=17 irq_map[7]?
[    1.790086] bpcie_msi_init: virq=18 hwirq=0x8 domain=(____ptrval____) info=(____ptrval____) sc=(____ptrval____)?
[    1.800369] bpcie_msi_init: registered virq=18 irq_map[8]?
[    1.805873] bpcie_msi_init: virq=19 hwirq=0x9 domain=(____ptrval____) info=(____ptrval____) sc=(____ptrval____)?
[    1.816155] bpcie_msi_init: registered virq=19 irq_map[9]?
[    1.821656] bpcie_msi_init: virq=20 hwirq=0xa domain=(____ptrval____) info=(____ptrval____) sc=(____ptrval____)?
[    1.831942] bpcie_msi_init: registered virq=20 irq_map[10]?
[    1.837533] bpcie_msi_init: virq=21 hwirq=0xb domain=(____ptrval____) info=(____ptrval____) sc=(____ptrval____)?
[    1.847816] bpcie_msi_init: registered virq=21 irq_map[11]?
[    1.853406] bpcie_msi_init: virq=22 hwirq=0xc domain=(____ptrval____) info=(____ptrval____) sc=(____ptrval____)?
[    1.863689] bpcie_msi_init: registered virq=22 irq_map[12]?
[    1.869279] bpcie_msi_init: virq=23 hwirq=0xd domain=(____ptrval____) info=(____ptrval____) sc=(____ptrval____)?
[    1.879561] bpcie_msi_init: registered virq=23 irq_map[13]?
[    1.885151] bpcie_msi_init: virq=24 hwirq=0xe domain=(____ptrval____) info=(____ptrval____) sc=(____ptrval____)?
[    1.895436] bpcie_msi_init: registered virq=24 irq_map[14]?
[    1.901025] bpcie_msi_init: virq=25 hwirq=0xf domain=(____ptrval____) info=(____ptrval____) sc=(____ptrval____)?
[    1.911308] bpcie_msi_init: registered virq=25 irq_map[15]?
[    1.916898] bpcie_msi_init: virq=26 hwirq=0x10 domain=(____ptrval____) info=(____ptrval____) sc=(____ptrval____)?
[    1.927275] bpcie_msi_init: registered virq=26 irq_map[16]?
[    1.932864] bpcie_msi_init: virq=27 hwirq=0x11 domain=(____ptrval____) info=(____ptrval____) sc=(____ptrval____)?
[    1.943238] bpcie_msi_init: registered virq=27 irq_map[17]?
[    1.948828] bpcie_msi_init: virq=28 hwirq=0x12 domain=(____ptrval____) info=(____ptrval____) sc=(____ptrval____)?
[    1.959203] bpcie_msi_init: registered virq=28 irq_map[18]?
[    1.964793] bpcie_msi_init: virq=29 hwirq=0x13 domain=(____ptrval____) info=(____ptrval____) sc=(____ptrval____)?
[    1.975164] bpcie_msi_init: registered virq=29 irq_map[19]?
[    1.980756] bpcie_msi_init: virq=30 hwirq=0x14 domain=(____ptrval____) info=(____ptrval____) sc=(____ptrval____)?
[    1.991127] bpcie_msi_init: registered virq=30 irq_map[20]?
[    1.996717] bpcie_msi_init: virq=31 hwirq=0x15 domain=(____ptrval____) info=(____ptrval____) sc=(____ptrval____)?
[    2.007103] bpcie_msi_init: registered virq=31 irq_map[21]?
[    2.012693] bpcie_msi_init: virq=32 hwirq=0x16 domain=(____ptrval____) info=(____ptrval____) sc=(____ptrval____)?
[    2.023065] bpcie_msi_init: registered virq=32 irq_map[22]?
[    2.028655] bpcie_msi_init: virq=33 hwirq=0x17 domain=(____ptrval____) info=(____ptrval____) sc=(____ptrval____)?
[    2.039027] bpcie_msi_init: registered virq=33 irq_map[23]?
[    2.044617] bpcie_msi_init: virq=34 hwirq=0x18 domain=(____ptrval____) info=(____ptrval____) sc=(____ptrval____)?
[    2.054988] bpcie_msi_init: registered virq=34 irq_map[24]?
[    2.060579] bpcie_msi_init: virq=35 hwirq=0x19 domain=(____ptrval____) info=(____ptrval____) sc=(____ptrval____)?
[    2.070951] bpcie_msi_init: registered virq=35 irq_map[25]?
[    2.076542] bpcie_msi_init: virq=36 hwirq=0x1a domain=(____ptrval____) info=(____ptrval____) sc=(____ptrval____)?
[    2.086914] bpcie_msi_init: registered virq=36 irq_map[26]?
[    2.092504] bpcie_msi_init: virq=37 hwirq=0x1b domain=(____ptrval____) info=(____ptrval____) sc=(____ptrval____)?
[    2.102877] bpcie_msi_init: registered virq=37 irq_map[27]?
[    2.108467] bpcie_msi_init: virq=38 hwirq=0x1c domain=(____ptrval____) info=(____ptrval____) sc=(____ptrval____)?
[    2.118840] bpcie_msi_init: registered virq=38 irq_map[28]?
[    2.124429] bpcie_msi_init: virq=39 hwirq=0x1d domain=(____ptrval____) info=(____ptrval____) sc=(____ptrval____)?
[    2.134801] bpcie_msi_init: registered virq=39 irq_map[29]?
[    2.140392] bpcie_msi_init: virq=40 hwirq=0x1e domain=(____ptrval____) info=(____ptrval____) sc=(____ptrval____)?
[    2.150763] bpcie_msi_init: registered virq=40 irq_map[30]?
[    2.156354] bpcie_msi_init: virq=41 hwirq=0x1f domain=(____ptrval____) info=(____ptrval____) sc=(____ptrval____)?
[    2.166728] bpcie_msi_init: registered virq=41 irq_map[31]?
[    2.172353] baikal_pcie 0000:00:14.4: bpcie_msi_write_msg(fee00000, 000000ef) mask=0x0 irq=10 hwirq=0x0 (____ptrval____)?
[    2.183447] baikal_pcie 0000:00:14.4: bpcie_config_msi: func=4 subfunc=0 addr=fee00000 data=000000ef?
[    2.192775] baikal_pcie 0000:00:14.4: bpcie_msi_write_msg(fee00000, 000000ef) mask=0x0 irq=11 hwirq=0x1 (____ptrval____)?
[    2.203860] baikal_pcie 0000:00:14.4: bpcie_config_msi: func=4 subfunc=1 addr=fee00000 data=000000ef?
[    2.213179] baikal_pcie 0000:00:14.4: bpcie_msi_write_msg(fee00000, 000000ef) mask=0x0 irq=12 hwirq=0x2 (____ptrval____)?
[    2.224263] baikal_pcie 0000:00:14.4: bpcie_config_msi: func=4 subfunc=2 addr=fee00000 data=000000ef?
[    2.233581] baikal_pcie 0000:00:14.4: bpcie_msi_write_msg(fee00000, 000000ef) mask=0x0 irq=13 hwirq=0x3 (____ptrval____)?
[    2.244665] baikal_pcie 0000:00:14.4: bpcie_config_msi: func=4 subfunc=3 addr=fee00000 data=000000ef?
[    2.253984] baikal_pcie 0000:00:14.4: bpcie_msi_write_msg(fee00000, 000000ef) mask=0x0 irq=14 hwirq=0x4 (____ptrval____)?
[    2.265065] baikal_pcie 0000:00:14.4: bpcie_config_msi: func=4 subfunc=4 addr=fee00000 data=000000ef?
[    2.274386] baikal_pcie 0000:00:14.4: bpcie_msi_write_msg(fee00000, 000000ef) mask=0x0 irq=15 hwirq=0x5 (____ptrval____)?
[    2.285468] baikal_pcie 0000:00:14.4: bpcie_config_msi: func=4 subfunc=5 addr=fee00000 data=000000ef?
[    2.294786] baikal_pcie 0000:00:14.4: bpcie_msi_write_msg(fee00000, 000000ef) mask=0x0 irq=16 hwirq=0x6 (____ptrval____)?
[    2.305867] baikal_pcie 0000:00:14.4: bpcie_config_msi: func=4 subfunc=6 addr=fee00000 data=000000ef?
[    2.315186] baikal_pcie 0000:00:14.4: bpcie_msi_write_msg(fee00000, 000000ef) mask=0x0 irq=17 hwirq=0x7 (____ptrval____)?
[    2.326268] baikal_pcie 0000:00:14.4: bpcie_config_msi: func=4 subfunc=7 addr=fee00000 data=000000ef?
[    2.335587] baikal_pcie 0000:00:14.4: bpcie_msi_write_msg(fee00000, 000000ef) mask=0x0 irq=18 hwirq=0x8 (____ptrval____)?
[    2.346668] baikal_pcie 0000:00:14.4: bpcie_config_msi: func=4 subfunc=8 addr=fee00000 data=000000ef?
[    2.355987] baikal_pcie 0000:00:14.4: bpcie_msi_write_msg(fee00000, 000000ef) mask=0x0 irq=19 hwirq=0x9 (____ptrval____)?
[    2.367069] baikal_pcie 0000:00:14.4: bpcie_config_msi: func=4 subfunc=9 addr=fee00000 data=000000ef?
[    2.376387] baikal_pcie 0000:00:14.4: bpcie_msi_write_msg(fee00000, 000000ef) mask=0x0 irq=20 hwirq=0xa (____ptrval____)?
[    2.387471] baikal_pcie 0000:00:14.4: bpcie_config_msi: func=4 subfunc=10 addr=fee00000 data=000000ef?
[    2.396876] baikal_pcie 0000:00:14.4: bpcie_msi_write_msg(fee00000, 000000ef) mask=0x0 irq=21 hwirq=0xb (____ptrval____)?
[    2.407957] baikal_pcie 0000:00:14.4: bpcie_config_msi: func=4 subfunc=11 addr=fee00000 data=000000ef?
[    2.417365] baikal_pcie 0000:00:14.4: bpcie_msi_write_msg(fee00000, 000000ef) mask=0x0 irq=22 hwirq=0xc (____ptrval____)?
[    2.428447] baikal_pcie 0000:00:14.4: bpcie_config_msi: func=4 subfunc=12 addr=fee00000 data=000000ef?
[    2.437854] baikal_pcie 0000:00:14.4: bpcie_msi_write_msg(fee00000, 000000ef) mask=0x0 irq=23 hwirq=0xd (____ptrval____)?
[    2.448934] baikal_pcie 0000:00:14.4: bpcie_config_msi: func=4 subfunc=13 addr=fee00000 data=000000ef?
[    2.458342] baikal_pcie 0000:00:14.4: bpcie_msi_write_msg(fee00000, 000000ef) mask=0x0 irq=24 hwirq=0xe (____ptrval____)?
[    2.469423] baikal_pcie 0000:00:14.4: bpcie_config_msi: func=4 subfunc=14 addr=fee00000 data=000000ef?
[    2.478830] baikal_pcie 0000:00:14.4: bpcie_msi_write_msg(fee00000, 000000ef) mask=0x0 irq=25 hwirq=0xf (____ptrval____)?
[    2.489911] baikal_pcie 0000:00:14.4: bpcie_config_msi: func=4 subfunc=15 addr=fee00000 data=000000ef?
[    2.499322] baikal_pcie 0000:00:14.4: bpcie_msi_write_msg(fee00000, 000000ef) mask=0x0 irq=26 hwirq=0x10 (____ptrval____)?
[    2.510492] baikal_pcie 0000:00:14.4: bpcie_config_msi: func=4 subfunc=16 addr=fee00000 data=000000ef?
[    2.519899] baikal_pcie 0000:00:14.4: bpcie_msi_write_msg(fee00000, 000000ef) mask=0x0 irq=27 hwirq=0x11 (____ptrval____)?
[    2.531070] baikal_pcie 0000:00:14.4: bpcie_config_msi: func=4 subfunc=17 addr=fee00000 data=000000ef?
[    2.540477] baikal_pcie 0000:00:14.4: bpcie_msi_write_msg(fee00000, 000000ef) mask=0x0 irq=28 hwirq=0x12 (____ptrval____)?
[    2.551647] baikal_pcie 0000:00:14.4: bpcie_config_msi: func=4 subfunc=18 addr=fee00000 data=000000ef?
[    2.561054] baikal_pcie 0000:00:14.4: bpcie_msi_write_msg(fee00000, 000000ef) mask=0x0 irq=29 hwirq=0x13 (____ptrval____)?
[    2.572224] baikal_pcie 0000:00:14.4: bpcie_config_msi: func=4 subfunc=19 addr=fee00000 data=000000ef?
[    2.581632] baikal_pcie 0000:00:14.4: bpcie_msi_write_msg(fee00000, 000000ef) mask=0x0 irq=30 hwirq=0x14 (____ptrval____)?
[    2.592801] baikal_pcie 0000:00:14.4: bpcie_config_msi: func=4 subfunc=20 addr=fee00000 data=000000ef?
[    2.602208] baikal_pcie 0000:00:14.4: bpcie_msi_write_msg(fee00000, 000000ef) mask=0x0 irq=31 hwirq=0x15 (____ptrval____)?
[    2.613377] baikal_pcie 0000:00:14.4: bpcie_config_msi: func=4 subfunc=21 addr=fee00000 data=000000ef?
[    2.622783] baikal_pcie 0000:00:14.4: bpcie_msi_write_msg(fee00000, 000000ef) mask=0x0 irq=32 hwirq=0x16 (____ptrval____)?
[    2.633953] baikal_pcie 0000:00:14.4: bpcie_config_msi: func=4 subfunc=22 addr=fee00000 data=000000ef?
[    2.643360] baikal_pcie 0000:00:14.4: bpcie_msi_write_msg(fee00000, 000000ef) mask=0x0 irq=33 hwirq=0x17 (____ptrval____)?
[    2.654531] baikal_pcie 0000:00:14.4: bpcie_config_msi: func=4 subfunc=23 addr=fee00000 data=000000ef?
[    2.663938] baikal_pcie 0000:00:14.4: bpcie_msi_write_msg(fee00000, 000000ef) mask=0x0 irq=34 hwirq=0x18 (____ptrval____)?
[    2.675109] baikal_pcie 0000:00:14.4: bpcie_config_msi: func=4 subfunc=24 addr=fee00000 data=000000ef?
[    2.684521] baikal_pcie 0000:00:14.4: bpcie_msi_write_msg(fee00000, 000000ef) mask=0x0 irq=35 hwirq=0x19 (____ptrval____)?
[    2.695691] baikal_pcie 0000:00:14.4: bpcie_config_msi: func=4 subfunc=25 addr=fee00000 data=000000ef?
[    2.705099] baikal_pcie 0000:00:14.4: bpcie_msi_write_msg(fee00000, 000000ef) mask=0x0 irq=36 hwirq=0x1a (____ptrval____)?
[    2.716269] baikal_pcie 0000:00:14.4: bpcie_config_msi: func=4 subfunc=26 addr=fee00000 data=000000ef?
[    2.725677] baikal_pcie 0000:00:14.4: bpcie_msi_write_msg(fee00000, 000000ef) mask=0x0 irq=37 hwirq=0x1b (____ptrval____)?
[    2.736847] baikal_pcie 0000:00:14.4: bpcie_config_msi: func=4 subfunc=27 addr=fee00000 data=000000ef?
[    2.746254] baikal_pcie 0000:00:14.4: bpcie_msi_write_msg(fee00000, 000000ef) mask=0x0 irq=38 hwirq=0x1c (____ptrval____)?
[    2.757425] baikal_pcie 0000:00:14.4: bpcie_config_msi: func=4 subfunc=28 addr=fee00000 data=000000ef?
[    2.766831] baikal_pcie 0000:00:14.4: bpcie_msi_write_msg(fee00000, 000000ef) mask=0x0 irq=39 hwirq=0x1d (____ptrval____)?
[    2.778001] baikal_pcie 0000:00:14.4: bpcie_config_msi: func=4 subfunc=29 addr=fee00000 data=000000ef?
[    2.787410] baikal_pcie 0000:00:14.4: bpcie_msi_write_msg(fee00000, 000000ef) mask=0x0 irq=40 hwirq=0x1e (____ptrval____)?
[    2.798580] baikal_pcie 0000:00:14.4: bpcie_config_msi: func=4 subfunc=30 addr=fee00000 data=000000ef?
[    2.807988] baikal_pcie 0000:00:14.4: bpcie_msi_write_msg(fee00000, 000000ef) mask=0x0 irq=41 hwirq=0x1f (____ptrval____)?
[    2.819157] baikal_pcie 0000:00:14.4: bpcie_config_msi: func=4 subfunc=31 addr=fee00000 data=000000ef?
[    2.828651] baikal_pcie 0000:00:14.4: dev->irq=10?
[    2.833575] baikal_pcie 0000:00:14.4: Failed to register serial port 0?
[    2.840234] baikal_pcie 0000:00:14.4: UART init failed (-5); continuing without serial console?
[    2.849020] bpcie_icc_init: msi_desc msi_index=0 irq=10?
[    2.854346] bpcie_icc_init: ICC subfunc 3 -> bpcie_irqnum=13 found_virq=-1?
[    2.861363] baikal_pcie 0000:00:14.4: bpcie_msi_write_msg(fee01000, 00000020) mask=0x0 irq=13 hwirq=0x3 (____ptrval____)?
[    2.862351] baikal_pcie 0000:00:14.4: bpcie_config_msi: func=4 subfunc=3 addr=fee01000 data=00000020?
[    2.862351] baikal_pcie 0000:00:14.4: bpcie_msi_write_msg(fee01000, 00000020) mask=0x0 irq=13 hwirq=0x3 (____ptrval____)?
[    2.862351] baikal_pcie 0000:00:14.4: bpcie_config_msi: func=4 subfunc=3 addr=fee01000 data=00000020?
[    2.902161] genirq: Flags mismatch irq 0. 00200080 (icc-shotgun) vs. 00000000 (AMD-Vi)?
[    2.910243] baikal_pcie 0000:00:14.4: bpcie_msi_write_msg(fee02000, 00000020) mask=0x0 irq=10 hwirq=0x0 (____ptrval____)?
[    2.911231] baikal_pcie 0000:00:14.4: bpcie_config_msi: func=4 subfunc=0 addr=fee02000 data=00000020?
[    2.911231] baikal_pcie 0000:00:14.4: bpcie_msi_write_msg(fee02000, 00000020) mask=0x0 irq=10 hwirq=0x0 (____ptrval____)?
[    2.911231] baikal_pcie 0000:00:14.4: bpcie_config_msi: func=4 subfunc=0 addr=fee02000 data=00000020?
[    2.951063] baikal_pcie 0000:00:14.4: bpcie_msi_write_msg(fee03000, 00000020) mask=0x0 irq=11 hwirq=0x1 (____ptrval____)?
[    2.952047] baikal_pcie 0000:00:14.4: bpcie_config_msi: func=4 subfunc=1 addr=fee03000 data=00000020?
[    2.952047] baikal_pcie 0000:00:14.4: bpcie_msi_write_msg(fee03000, 00000020) mask=0x0 irq=11 hwirq=0x1 (____ptrval____)?
[    2.952047] baikal_pcie 0000:00:14.4: bpcie_config_msi: func=4 subfunc=1 addr=fee03000 data=00000020?
[    2.991855] baikal_pcie 0000:00:14.4: bpcie_msi_write_msg(fee04000, 00000020) mask=0x0 irq=12 hwirq=0x2 (____ptrval____)?
[    2.992838] baikal_pcie 0000:00:14.4: bpcie_config_msi: func=4 subfunc=2 addr=fee04000 data=00000020?
[    2.992838] baikal_pcie 0000:00:14.4: bpcie_msi_write_msg(fee04000, 00000020) mask=0x0 irq=12 hwirq=0x2 (____ptrval____)?
[    2.992838] baikal_pcie 0000:00:14.4: bpcie_config_msi: func=4 subfunc=2 addr=fee04000 data=00000020?
[    3.032648] baikal_pcie 0000:00:14.4: bpcie_msi_write_msg(fee05000, 00000020) mask=0x0 irq=14 hwirq=0x4 (____ptrval____)?
[    3.033630] baikal_pcie 0000:00:14.4: bpcie_config_msi: func=4 subfunc=4 addr=fee05000 data=00000020?
[    3.033630] baikal_pcie 0000:00:14.4: bpcie_msi_write_msg(fee05000, 00000020) mask=0x0 irq=14 hwirq=0x4 (____ptrval____)?
[    3.033630] baikal_pcie 0000:00:14.4: bpcie_config_msi: func=4 subfunc=4 addr=fee05000 data=00000020?
[    3.073438] baikal_pcie 0000:00:14.4: bpcie_msi_write_msg(fee06000, 00000020) mask=0x0 irq=15 hwirq=0x5 (____ptrval____)?
[    3.074420] baikal_pcie 0000:00:14.4: bpcie_config_msi: func=4 subfunc=5 addr=fee06000 data=00000020?
[    3.074420] baikal_pcie 0000:00:14.4: bpcie_msi_write_msg(fee06000, 00000020) mask=0x0 irq=15 hwirq=0x5 (____ptrval____)?
[    3.074420] baikal_pcie 0000:00:14.4: bpcie_config_msi: func=4 subfunc=5 addr=fee06000 data=00000020?
[    3.114230] baikal_pcie 0000:00:14.4: bpcie_msi_write_msg(fee07000, 00000020) mask=0x0 irq=16 hwirq=0x6 (____ptrval____)?
[    3.115212] baikal_pcie 0000:00:14.4: bpcie_config_msi: func=4 subfunc=6 addr=fee07000 data=00000020?
[    3.115212] baikal_pcie 0000:00:14.4: bpcie_msi_write_msg(fee07000, 00000020) mask=0x0 irq=16 hwirq=0x6 (____ptrval____)?
[    3.115212] baikal_pcie 0000:00:14.4: bpcie_config_msi: func=4 subfunc=6 addr=fee07000 data=00000020?
[    3.155020] baikal_pcie 0000:00:14.4: bpcie_msi_write_msg(fee00000, 00000021) mask=0x0 irq=17 hwirq=0x7 (____ptrval____)?
[    3.156003] baikal_pcie 0000:00:14.4: bpcie_config_msi: func=4 subfunc=7 addr=fee00000 data=00000021?
[    3.156003] baikal_pcie 0000:00:14.4: bpcie_msi_write_msg(fee00000, 00000021) mask=0x0 irq=17 hwirq=0x7 (____ptrval____)?
[    3.156003] baikal_pcie 0000:00:14.4: bpcie_config_msi: func=4 subfunc=7 addr=fee00000 data=00000021?
[    3.195834] baikal_pcie 0000:00:14.4: bpcie_msi_write_msg(fee01000, 00000021) mask=0x0 irq=18 hwirq=0x8 (____ptrval____)?
[    3.196798] baikal_pcie 0000:00:14.4: bpcie_config_msi: func=4 subfunc=8 addr=fee01000 data=00000021?
[    3.196798] baikal_pcie 0000:00:14.4: bpcie_msi_write_msg(fee01000, 00000021) mask=0x0 irq=18 hwirq=0x8 (____ptrval____)?
[    3.196798] baikal_pcie 0000:00:14.4: bpcie_config_msi: func=4 subfunc=8 addr=fee01000 data=00000021?
[    3.236628] baikal_pcie 0000:00:14.4: bpcie_msi_write_msg(fee02000, 00000021) mask=0x0 irq=19 hwirq=0x9 (____ptrval____)?
[    3.237608] baikal_pcie 0000:00:14.4: bpcie_config_msi: func=4 subfunc=9 addr=fee02000 data=00000021?
[    3.237608] baikal_pcie 0000:00:14.4: bpcie_msi_write_msg(fee02000, 00000021) mask=0x0 irq=19 hwirq=0x9 (____ptrval____)?
[    3.237608] baikal_pcie 0000:00:14.4: bpcie_config_msi: func=4 subfunc=9 addr=fee02000 data=00000021?
[    3.277425] baikal_pcie 0000:00:14.4: bpcie_msi_write_msg(fee03000, 00000021) mask=0x0 irq=20 hwirq=0xa (____ptrval____)?
[    3.278402] baikal_pcie 0000:00:14.4: bpcie_config_msi: func=4 subfunc=10 addr=fee03000 data=00000021?
[    3.278402] baikal_pcie 0000:00:14.4: bpcie_msi_write_msg(fee03000, 00000021) mask=0x0 irq=20 hwirq=0xa (____ptrval____)?
[    3.278402] baikal_pcie 0000:00:14.4: bpcie_config_msi: func=4 subfunc=10 addr=fee03000 data=00000021?
[    3.318398] baikal_pcie 0000:00:14.4: bpcie_msi_write_msg(fee04000, 00000021) mask=0x0 irq=21 hwirq=0xb (____ptrval____)?
[    3.319378] baikal_pcie 0000:00:14.4: bpcie_config_msi: func=4 subfunc=11 addr=fee04000 data=00000021?
[    3.319378] baikal_pcie 0000:00:14.4: bpcie_msi_write_msg(fee04000, 00000021) mask=0x0 irq=21 hwirq=0xb (____ptrval____)?
[    3.319378] baikal_pcie 0000:00:14.4: bpcie_config_msi: func=4 subfunc=11 addr=fee04000 data=00000021?
[    3.359365] baikal_pcie 0000:00:14.4: bpcie_msi_write_msg(fee05000, 00000021) mask=0x0 irq=22 hwirq=0xc (____ptrval____)?
[    3.360349] baikal_pcie 0000:00:14.4: bpcie_config_msi: func=4 subfunc=12 addr=fee05000 data=00000021?
[    3.360349] baikal_pcie 0000:00:14.4: bpcie_msi_write_msg(fee05000, 00000021) mask=0x0 irq=22 hwirq=0xc (____ptrval____)?
[    3.360349] baikal_pcie 0000:00:14.4: bpcie_config_msi: func=4 subfunc=12 addr=fee05000 data=00000021?
[    3.400336] baikal_pcie 0000:00:14.4: bpcie_msi_write_msg(fee06000, 00000021) mask=0x0 irq=23 hwirq=0xd (____ptrval____)?
[    3.401317] baikal_pcie 0000:00:14.4: bpcie_config_msi: func=4 subfunc=13 addr=fee06000 data=00000021?
[    3.401317] baikal_pcie 0000:00:14.4: bpcie_msi_write_msg(fee06000, 00000021) mask=0x0 irq=23 hwirq=0xd (____ptrval____)?
