kexec: About to relocate and jump to kernel
[    0.000000] ps4: x86_ps4_early_setup: PS4 early setup
[    0.000000] Linux version 5.4.247-neocine-1.1 (root@5a84db8b4183) (Ubuntu clang version 14.0.6) #1 SMP Wed Mar 11 20:23:59 UTC 2026
[    0.000000] Command line: earlycon=uart8250,mmio32,0xC890E000,115200n8 console=tty0 console=ttyS0,115200n8 8250.nr_uarts=8 panic=0 loglevel=8 ignore_loglevel printk.devkmsg=on
[    0.000000] x86/fpu: Supporting XSAVE feature 0x001: 'x87 floating point registers'
[    0.000000] x86/fpu: Supporting XSAVE feature 0x002: 'SSE registers'
[    0.000000] x86/fpu: Supporting XSAVE feature 0x004: 'AVX registers'
[    0.000000] x86/fpu: xstate_offset[2]:  576, xstate_sizes[2]:  256
[    0.000000] x86/fpu: Enabled xstate features 0x7, context size is 832 bytes, using 'standard' format.
[    0.000000] BIOS-provided physical RAM map:
[    0.000000] BIOS-e820: [mem 0x0000000000000000-0x0000000000007fff] usable
[    0.000000] BIOS-e820: [mem 0x0000000000008000-0x000000000007ffff] reserved
[    0.000000] BIOS-e820: [mem 0x0000000000080000-0x0000000000099fff] usable
[    0.000000] BIOS-e820: [mem 0x000000000009a000-0x00000000000bffff] reserved
[    0.000000] BIOS-e820: [mem 0x00000000000e0000-0x00000000000effff] ACPI data
[    0.000000] BIOS-e820: [mem 0x0000000000100000-0x00000000003fffff] usable
[    0.000000] BIOS-e820: [mem 0x0000000000400000-0x000000000047ffff] reserved
[    0.000000] BIOS-e820: [mem 0x0000000000480000-0x000000000067ffff] usable
[    0.000000] BIOS-e820: [mem 0x0000000000680000-0x00000000006fffff] reserved
[    0.000000] BIOS-e820: [mem 0x0000000000700000-0x000000007efe7fff] usable
[    0.000000] BIOS-e820: [mem 0x000000007efe8000-0x000000007efeffff] ACPI NVS
[    0.000000] BIOS-e820: [mem 0x000000007eff0000-0x000000007effffff] ACPI data
[    0.000000] BIOS-e820: [mem 0x000000007f000000-0x000000007fffffff] usable
[    0.000000] BIOS-e820: [mem 0x0000000080000000-0x00000000fbffffff] reserved
[    0.000000] BIOS-e820: [mem 0x0000000100000000-0x000000013fffffff] reserved
[    0.000000] BIOS-e820: [mem 0x0000000140000000-0x000000027effffff] usable
[    0.000000] earlycon: uart8250 at MMIO32 0x00000000c890e000 (options '115200n8')
[    0.000000] printk: bootconsole [uart8250] enabled
[    0.000000] printk: debug: ignoring loglevel setting.
[    0.000000] NX (Execute Disable) protection: active
[    0.000000] SMBIOS 2.1 present.
[    0.000000] DMI:  , BIOS unde Wed 09/22/2021 16:2
[    0.000000] ps4: Unable to measure TSC frequency, assuming default.
[    0.000000] tsc: Detected 1594.000 MHz processor
[    0.002454] e820: update [mem 0x00000000-0x00000fff] usable ==> reserved
[    0.009268] e820: remove [mem 0x000a0000-0x000fffff] usable
[    0.014941] last_pfn = 0x27f000 max_arch_pfn = 0x400000000
[    0.020518] MTRR default type: uncachable
[    0.024589] MTRR fixed ranges enabled:
[    0.028394]   00000-9FFFF write-back
[    0.032022]   A0000-BFFFF uncachable
[    0.035650]   C0000-FFFFF write-back
[    0.039277] MTRR variable ranges enabled:
[    0.043349]   0 base 0000000000 mask FF80000000 write-back
[    0.048924]   1 base 0100000000 mask FF00000000 write-back
[    0.054498]   2 base 0200000000 mask FF80000000 write-back
[    0.060072]   3 base 0100000000 mask FFC0000000 uncachable
[    0.065645]   4 disabled
[    0.068211]   5 disabled
[    0.070776]   6 disabled
[    0.073342]   7 disabled
[    0.075909] TOM2: 000000027f000000 aka 10224M
[    0.080761] x86/PAT: Configuration [0-7]: WB  WC  UC- UC  WB  WP  UC- WT  
[    0.088286] e820: update [mem 0x80000000-0x13fffffff] usable ==> reserved
[    0.095197] last_pfn = 0x80000 max_arch_pfn = 0x400000000
[    0.108296] Using GB pages for direct mapping
[    0.114000] RAMDISK: [mem 0x21800000-0x21c00fff]
[    0.118703] ACPI: Early table checksum verification disabled
[    0.124458] ACPI: RSDP 0x00000000000E0000 000024 (v02 SIE   )
[    0.130302] ACPI: XSDT 0x00000000000E0088 00004C (v01 SIE    ORBIS    20121218 INTL 20110211)
[    0.138979] ACPI: FACP 0x00000000000E016C 0000F4 (v04 SIE    ORBIS    20130205 INTL 20110211)
[    0.147655] ACPI: DSDT 0x00000000000E0430 00018C (v02 SIE    ORBIS    20121002 INTL 20110211)
[    0.156328] ACPI: FACS 0x00000000000E012C 000040
[    0.161019] ACPI: FACS 0x00000000000E012C 000040
[    0.165712] ACPI: APIC 0x00000000000E0298 00006C (v02 SIE    ORBIS    20120725 INTL 20110211)
[    0.174385] ACPI: MCFG 0x00000000000E0304 00003C (v01 SIE    ORBIS    20120725 INTL 20110211)
[    0.183058] ACPI: SSDT 0x00000000000E0730 001944 (v01 AMD    POWERNOW 00000001 AMD  00000001)
[    0.191730] ACPI: IVRS 0x00000000000E2074 000054 (v01 F0F    PS4KEXEC 20161225 KEXC 20161225)
[    0.200404] ACPI: Reserving FACP table memory at [mem 0xe016c-0xe025f]
[    0.207038] ACPI: Reserving DSDT table memory at [mem 0xe0430-0xe05bb]
[    0.213672] ACPI: Reserving FACS table memory at [mem 0xe012c-0xe016b]
[    0.220307] ACPI: Reserving FACS table memory at [mem 0xe012c-0xe016b]
[    0.226941] ACPI: Reserving APIC table memory at [mem 0xe0298-0xe0303]
[    0.233576] ACPI: Reserving MCFG table memory at [mem 0xe0304-0xe033f]
[    0.240211] ACPI: Reserving SSDT table memory at [mem 0xe0730-0xe2073]
[    0.246846] ACPI: Reserving IVRS table memory at [mem 0xe2074-0xe20c7]
[    0.253489] ACPI: Local APIC address 0xfee00000
[    0.258164] No NUMA configuration found
[    0.262058] Faking a node at [mem 0x0000000000000000-0x000000027effffff]
[    0.268874] NODE_DATA(0) allocated [mem 0x27effa000-0x27effdfff]
[    0.275016] Zone ranges:
[    0.277582]   DMA      [mem 0x0000000000001000-0x0000000000ffffff]
[    0.283864]   DMA32    [mem 0x0000000001000000-0x00000000ffffffff]
[    0.290147]   Normal   [mem 0x0000000100000000-0x000000027effffff]
[    0.296428] Movable zone start for each node
[    0.300762] Early memory node ranges
[    0.304391]   node   0: [mem 0x0000000000001000-0x0000000000007fff]
[    0.310760]   node   0: [mem 0x0000000000080000-0x0000000000099fff]
[    0.317130]   node   0: [mem 0x0000000000100000-0x00000000003fffff]
[    0.323500]   node   0: [mem 0x0000000000480000-0x000000000067ffff]
[    0.329869]   node   0: [mem 0x0000000000700000-0x000000007efe7fff]
[    0.336238]   node   0: [mem 0x000000007f000000-0x000000007fffffff]
[    0.342607]   node   0: [mem 0x0000000140000000-0x000000027effffff]
[    0.349062] Zeroed struct page in unavailable ranges: 4599 pages
[    0.349065] Initmem setup node 0 [mem 0x0000000000001000-0x000000027effffff]
[    0.362334] On node 0 totalpages: 1830409
[    0.366405]   DMA zone: 57 pages used for memmap
[    0.371094]   DMA zone: 13 pages reserved
[    0.375164]   DMA zone: 3617 pages, LIFO batch:0
[    0.379994]   DMA32 zone: 8128 pages used for memmap
[    0.385036]   DMA32 zone: 520168 pages, LIFO batch:63
[    0.411130]   Normal zone: 20416 pages used for memmap
[    0.416355]   Normal zone: 1306624 pages, LIFO batch:63
[    0.465611] ACPI: PM-Timer IO Port: 0x1008
[    0.469777] ACPI: Local APIC address 0xfee00000
[    0.474387] ACPI: No IOAPIC entries present
[    0.478633] Using ACPI for processor (LAPIC) configuration information
[    0.485270] smpboot: Allowing 8 CPUs, 0 hotplug CPUs
[    0.490342] [mem 0xfc000000-0xffffffff] available for PCI devices
[    0.496541] clocksource: refined-jiffies: mask: 0xffffffff max_cycles: 0xffffffff, max_idle_ns: 1910969940391419 ns
[    0.816203] setup_percpu: NR_CPUS:8 nr_cpumask_bits:8 nr_cpu_ids:8 nr_node_ids:1
[    0.824470] percpu: Embedded 47 pages/cpu s152600 r8192 d31720 u262144
[    0.831123] pcpu-alloc: s152600 r8192 d31720 u262144 alloc=1*2097152
[    0.837581] pcpu-alloc: [0] 0 1 2 3 4 5 6 7 
[    0.841954] Built 1 zonelists, mobility grouping on.  Total pages: 1801795
[    0.848945] Policy zone: Normal
[    0.852134] Kernel command line: earlycon=uart8250,mmio32,0xC890E000,115200n8 console=tty0 console=ttyS0,115200n8 8250.nr_uarts=8 panic=0 loglevel=8 ignore_loglevel printk.devkmsg=on
[    0.868790] printk: log_buf_len individual max cpu contribution: 65536 bytes
[    0.875954] printk: log_buf_len total cpu_extra contributions: 458752 bytes
[    0.883030] printk: log_buf_len min size: 65536 bytes
[    0.888300] printk: log_buf_len: 524288 bytes
[    0.892725] printk: early log buf free: 57256(87%)
[    0.899395] Dentry cache hash table entries: 1048576 (order: 11, 8388608 bytes, linear)
[    0.908451] Inode-cache hash table entries: 524288 (order: 10, 4194304 bytes, linear)
[    0.916475] mem auto-init: stack:off, heap alloc:off, heap free:off
[    0.978809] Memory: 7085604K/7321636K available (18436K kernel code, 716K rwdata, 6664K rodata, 1060K init, 1584K bss, 236032K reserved, 0K cma-reserved)
[    0.992914] SLUB: HWalign=64, Order=0-3, MinObjects=0, CPUs=8, Nodes=1
[    0.999653] rcu: Hierarchical RCU implementation.
[    1.004433] rcu: RCU calculated value of scheduler-enlistment delay is 100 jiffies.
[    1.012230] NR_IRQS: 4352, nr_irqs: 128, preallocated irqs: 0
[    1.018136] do_IRQ: 0.49 No irq handler for vector
[    1.023035] Console: colour dummy device 80x25
[    1.027921] printk: console [tty0] enabled
[    1.032096] printk: console [ttyS0] enabled
[    1.036422] printk: bootconsole [uart8250] disabled
