kexec: About to relocate and jump to kernel
[    0.000000] ps4: x86_ps4_early_setup: PS4 early setup
[    0.000000] Linux version 6.15.4-Baikal_TESTING_crashniels-dirty (meerzulee@cachynator) (gcc (GCC) 16.1.1 20260430, GNU ld (GNU Binutils) 2.46.0) #1 SMP PREEMPT_DYNAMIC Fri May  8 21:06:33 +06 2026
[    0.000000] Command line: earlycon=uart8250,mmio32,0xC890E000,115200n8 console=tty0 keep_bootcon initcall_debug 8250.nr_uarts=0 panic=0 loglevel=8 ignore_loglevel printk.devkmsg=on
[    0.000000] KERNEL supported cpus:
[    0.000000]   AMD AuthenticAMD
[    0.000000] BIOS-provided physical RAM map:
[    0.000000] BIOS-e820: [mem 0x0000000000000000-0x0000000000007fff] usable
[    0.000000] BIOS-e820: [mem 0x0000000000008000-0x000000000007ffff] reserved
[    0.000000] BIOS-e820: [mem 0x0000000000080000-0x0000000000099fff] usable
[    0.000000] BIOS-e820: [mem 0x000000000009a000-0x00000000000bffff] reserved
[    0.000000] BIOS-e820: [mem 0x00000000000e0000-0x00000000000effff] ACPI data
[    0.000000] BIOS-e820: [mem 0x0000000000100000-0x00000000003fffff] usable
[    0.000000] BIOS-e820: [mem 0x0000000000400000-0x000000000047ffff] reserved
[    0.000000] BIOS-e820: [mem 0x0000000000480000-0x000000000067ffff] usable
[    0.000000] BIOS-e820: [mem 0x0000000000680000-0x00000000006fffff] reserved
[    0.000000] BIOS-e820: [mem 0x0000000000700000-0x000000007efe7fff] usable
[    0.000000] BIOS-e820: [mem 0x000000007efe8000-0x000000007efeffff] ACPI NVS
[    0.000000] BIOS-e820: [mem 0x000000007eff0000-0x000000007effffff] ACPI data
[    0.000000] BIOS-e820: [mem 0x000000007f000000-0x000000007fffffff] usable
[    0.000000] BIOS-e820: [mem 0x0000000080000000-0x00000000fbffffff] reserved
[    0.000000] BIOS-e820: [mem 0x0000000100000000-0x000000013fffffff] reserved
[    0.000000] BIOS-e820: [mem 0x0000000140000000-0x000000027effffff] usable
[    0.000000] earlycon: uart8250 at MMIO32 0x00000000c890e000 (options '115200n8')
[    0.000000] printk: legacy bootconsole [uart8250] enabled
[    0.000000] printk: debug: skip boot console de-registration.
[    0.000000] printk: debug: ignoring loglevel setting.
[    0.000000] NX (Execute Disable) protection: active
[    0.000000] APIC: Static calls initialized
[    0.000000] SMBIOS 2.1 present.
[    0.000000] DMI:  , BIOS unde Wed 09/22/2021 16:2
[    0.000000] DMI: Memory slots populated: 1/1
[    0.000000] ps4: EMC timer started in 2360 TSC ticks
[    0.000000] ps4: Calibrated TSC frequency: 1594100864 kHz
[    0.000000] tsc: Detected 1594.101 MHz processor
[    0.001421] e820: update [mem 0x00000000-0x00000fff] usable ==> reserved
[    0.008246] e820: remove [mem 0x000a0000-0x000fffff] usable
[    0.013927] last_pfn = 0x27f000 max_arch_pfn = 0x400000000
[    0.019514] MTRR map: 6 entries (3 fixed + 3 variable; max 20), built from 9 variable MTRRs
[    0.028014] x86/PAT: Configuration [0-7]: WB  WC  UC- UC  WB  WP  UC- WT  
[    0.035399] e820: update [mem 0x80000000-0x13fffffff] usable ==> reserved
[    0.042327] last_pfn = 0x80000 max_arch_pfn = 0x400000000
[    0.056429] Using GB pages for direct mapping
[    0.062394] RAMDISK: [mem 0x3c800000-0x3cc00fff]
[    0.067105] ACPI: Early table checksum verification disabled
[    0.072863] ACPI: RSDP 0x00000000000E0000 000024 (v02 SIE   )
[    0.078715] ACPI: XSDT 0x00000000000E0088 00004C (v01 SIE    ORBIS    20121218 INTL 20110211)
[    0.087401] ACPI: FACP 0x00000000000E016C 0000F4 (v04 SIE    ORBIS    20130205 INTL 20110211)
[    0.096086] ACPI: DSDT 0x00000000000E0430 00018C (v02 SIE    ORBIS    20121002 INTL 20110211)
[    0.104768] ACPI: FACS 0x00000000000E012C 000040
[    0.109467] ACPI: FACS 0x00000000000E012C 000040
[    0.114165] ACPI: APIC 0x00000000000E0298 00006C (v02 SIE    ORBIS    20120725 INTL 20110211)
[    0.122847] ACPI: MCFG 0x00000000000E0304 00003C (v01 SIE    ORBIS    20120725 INTL 20110211)
[    0.131528] ACPI: SSDT 0x00000000000E0730 001944 (v01 AMD    POWERNOW 00000001 AMD  00000001)
[    0.140208] ACPI: IVRS 0x00000000000E2074 000054 (v01 F0F    PS4KEXEC 20161225 KEXC 20161225)
[    0.148887] ACPI: Reserving FACP table memory at [mem 0xe016c-0xe025f]
[    0.155528] ACPI: Reserving DSDT table memory at [mem 0xe0430-0xe05bb]
[    0.162167] ACPI: Reserving FACS table memory at [mem 0xe012c-0xe016b]
[    0.168805] ACPI: Reserving FACS table memory at [mem 0xe012c-0xe016b]
[    0.175444] ACPI: Reserving APIC table memory at [mem 0xe0298-0xe0303]
[    0.182083] ACPI: Reserving MCFG table memory at [mem 0xe0304-0xe033f]
[    0.188723] ACPI: Reserving SSDT table memory at [mem 0xe0730-0xe2073]
[    0.195361] ACPI: Reserving IVRS table memory at [mem 0xe2074-0xe20c7]
[    0.202078] No NUMA configuration found
[    0.205975] Faking a node at [mem 0x0000000000000000-0x000000027effffff]
[    0.212798] NODE_DATA(0) allocated [mem 0x27effa800-0x27effdfff]
[    0.218952] Zone ranges:
[    0.221521]   DMA      [mem 0x0000000000001000-0x0000000000ffffff]
[    0.227809]   DMA32    [mem 0x0000000001000000-0x00000000ffffffff]
[    0.234096]   Normal   [mem 0x0000000100000000-0x000000027effffff]
[    0.240383] Movable zone start for each node
[    0.244722] Early memory node ranges
[    0.248353]   node   0: [mem 0x0000000000001000-0x0000000000007fff]
[    0.254728]   node   0: [mem 0x0000000000080000-0x0000000000099fff]
[    0.261103]   node   0: [mem 0x0000000000100000-0x00000000003fffff]
[    0.267479]   node   0: [mem 0x0000000000480000-0x000000000067ffff]
[    0.273852]   node   0: [mem 0x0000000000700000-0x000000007efe7fff]
[    0.280226]   node   0: [mem 0x000000007f000000-0x000000007fffffff]
[    0.286599]   node   0: [mem 0x0000000140000000-0x000000027effffff]
[    0.292974] Initmem setup node 0 [mem 0x0000000000001000-0x000000027effffff]
[    0.300150] On node 0, zone DMA: 1 pages in unavailable ranges
[    0.306092] On node 0, zone DMA: 120 pages in unavailable ranges
[    0.312222] On node 0, zone DMA: 102 pages in unavailable ranges
[    0.318348] On node 0, zone DMA: 128 pages in unavailable ranges
[    0.324511] On node 0, zone DMA: 128 pages in unavailable ranges
[    0.340945] On node 0, zone DMA32: 24 pages in unavailable ranges
[    0.373411] On node 0, zone Normal: 4096 pages in unavailable ranges
[    0.380790] ACPI: No IOAPIC entries present
[    0.385042] ACPI: Using ACPI for processor (LAPIC) configuration information
[    0.392227] CPU topo: Max. logical packages:   1
[    0.396919] CPU topo: Max. logical dies:       1
[    0.401611] CPU topo: Max. dies per package:   1
[    0.406317] CPU topo: Max. threads per core:   1
[    0.411010] CPU topo: Num. cores per package:     8
[    0.415968] CPU topo: Num. threads per package:   8
[    0.420926] CPU topo: Allowing 8 present CPUs plus 0 hotplug CPUs
[    0.427155] [mem 0xfc000000-0xffffffff] available for PCI devices
[    0.433355] clocksource: refined-jiffies: mask: 0xffffffff max_cycles: 0xffffffff, max_idle_ns: 1910969940391419 ns
[    0.443987] setup_percpu: NR_CPUS:8 nr_cpumask_bits:8 nr_cpu_ids:8 nr_node_ids:1
[    0.452186] percpu: Embedded 42 pages/cpu s131544 r8192 d32296 u262144
[    0.458847] pcpu-alloc: s131544 r8192 d32296 u262144 alloc=1*2097152
[    0.465315] pcpu-alloc: [0] 0 1 2 3 4 5 6 7 
[    0.469699] Kernel command line: earlycon=uart8250,mmio32,0xC890E000,115200n8 console=tty0 keep_bootcon initcall_debug 8250.nr_uarts=0 panic=0 loglevel=8 ignore_loglevel printk.devkmsg=on
[    0.486842] printk: log buffer data + meta data: 262144 + 917504 = 1179648 bytes
[    0.496181] Dentry cache hash table entries: 1048576 (order: 11, 8388608 bytes, linear)
[    0.505256] Inode-cache hash table entries: 524288 (order: 10, 4194304 bytes, linear)
[    0.513330] software IO TLB: area num 8.
[    0.546602] Fallback order for Node 0: 0 
[    0.546622] Built 1 zonelists, mobility grouping on.  Total pages: 1830409
[    0.557694] Policy zone: Normal
[    0.560885] mem auto-init: stack:off, heap alloc:off, heap free:off
[    0.604971] SLUB: HWalign=64, Order=0-3, MinObjects=0, CPUs=8, Nodes=1
[    0.612849] Dynamic Preempt: voluntary
[    0.616753] rcu: Preemptible hierarchical RCU implementation.
[    0.622599] rcu: RCU calculated value of scheduler-enlistment delay is 100 jiffies.
[    0.630415] NR_IRQS: 4352, nr_irqs: 128, preallocated irqs: 0
[    0.636322] rcu: srcu_init: Setting srcu_struct sizes based on contention.
[    0.643374] call_irq_handler: 0.49 No irq handler for vector
[    0.649162] Console: colour dummy device 80x25
[    0.653683] printk: legacy console [tty0] enabled
[    0.658510] ACPI: Core revision 20240827
[    0.662569] ACPI: setting ELCR to 0200 (from ffff)
[    0.667459] Failed to register legacy timer interrupt
[    0.672598] APIC: Switch to symmetric I/O mode setup
[    0.677681] AMD-Vi: Using global IVHD EFR:0x0, EFR2:0x0
[    0.683117] clocksource: tsc-early: mask: 0xffffffffffffffff max_cycles: 0x16fa606ace6, max_idle_ns: 440795280981 ns
[    0.693849] Calibrating delay loop (skipped), value calculated using timer frequency.. 3188.20 BogoMIPS (lpj=1594101)
[    0.694840] Last level iTLB entries: 4KB 512, 2MB 8, 4MB 4
[    0.694840] Last level dTLB entries: 4KB 512, 2MB 256, 4MB 128, 1GB 0
[    0.694840] Spectre V1 : Mitigation: usercopy/swapgs barriers and __user pointer sanitization
[    0.694840] Spectre V2 : Mitigation: Retpolines
[    0.694840] Spectre V2 : Spectre v2 / SpectreRSB: Filling RSB on context switch and VMEXIT
[    0.694840] RETBleed: Mitigation: untrained return thunk
[    0.694840] Speculative Store Bypass: Mitigation: Speculative Store Bypass disabled via prctl
[    0.694840] x86/fpu: Supporting XSAVE feature 0x001: 'x87 floating point registers'
[    0.694840] x86/fpu: Supporting XSAVE feature 0x002: 'SSE registers'
[    0.694840] x86/fpu: Supporting XSAVE feature 0x004: 'AVX registers'
[    0.694840] x86/fpu: xstate_offset[2]:  576, xstate_sizes[2]:  256
[    0.694840] x86/fpu: Enabled xstate features 0x7, context size is 832 bytes, using 'standard' format.
[    0.694840] Freeing SMP alternatives memory: 52K
[    0.694840] pid_max: default: 32768 minimum: 301
[    0.694840] Mount-cache hash table entries: 16384 (order: 5, 131072 bytes, linear)
[    0.694840] Mountpoint-cache hash table entries: 16384 (order: 5, 131072 bytes, linear)
[    0.694840] smpboot: CPU0: AMD DG1401SNF87ID (family: 0x16, model: 0x1a, stepping: 0x0)
[    0.695450] calling  init_hw_perf_events+0x0/0x640 @ 1
[    0.695845] Performance Events: AMD PMU driver.
[    0.696845] ... version:                0
[    0.697844] ... bit width:              48
[    0.698844] ... generic registers:      4
[    0.699844] ... value mask:             0000ffffffffffff
[    0.701844] ... max period:             00007fffffffffff
[    0.702844] ... fixed-purpose events:   0
[    0.703844] ... event mask:             000000000000000f
[    0.705021] initcall init_hw_perf_events+0x0/0x640 returned 0 after 9000 usecs
[    0.705847] calling  do_init_real_mode+0x0/0x20 @ 1
[    0.706890] initcall do_init_real_mode+0x0/0x20 returned 0 after 0 usecs
[    0.707845] calling  init_sigframe_size+0x0/0x40 @ 1
[    0.708844] signal: max sigframe size: 1776
[    0.709844] initcall init_sigframe_size+0x0/0x40 returned 0 after 1000 usecs
[    0.710844] calling  cache_ap_register+0x0/0x50 @ 1
[    0.711845] initcall cache_ap_register+0x0/0x50 returned 0 after 0 usecs
[    0.712845] calling  bp_init_aperfmperf+0x0/0x280 @ 1
[    0.713844] initcall bp_init_aperfmperf+0x0/0x280 returned 0 after 0 usecs
[    0.714844] calling  save_microcode_in_initrd+0x0/0x150 @ 1
[    0.715860] initcall save_microcode_in_initrd+0x0/0x150 returned -22 after 0 usecs
[    0.716844] calling  register_nmi_cpu_backtrace_handler+0x0/0x20 @ 1
[    0.717844] initcall register_nmi_cpu_backtrace_handler+0x0/0x20 returned 0 after 0 usecs
[    0.718844] calling  spawn_ksoftirqd+0x0/0x60 @ 1
[    0.719901] initcall spawn_ksoftirqd+0x0/0x60 returned 0 after 0 usecs
[    0.720845] calling  init_signal_sysctls+0x0/0x30 @ 1
[    0.721854] initcall init_signal_sysctls+0x0/0x30 returned 0 after 0 usecs
[    0.722844] calling  init_umh_sysctls+0x0/0x30 @ 1
[    0.724847] initcall init_umh_sysctls+0x0/0x30 returned 0 after 0 usecs
[    0.725844] calling  kthreads_init+0x0/0x30 @ 1
[    0.726845] initcall kthreads_init+0x0/0x30 returned 0 after 0 usecs
[    0.727845] calling  migration_init+0x0/0x40 @ 1
[    0.728844] initcall migration_init+0x0/0x40 returned 0 after 0 usecs
[    0.729844] calling  printk_set_kthreads_ready+0x0/0x40 @ 1
[    0.730845] initcall printk_set_kthreads_ready+0x0/0x40 returned 0 after 0 usecs
[    0.731844] calling  srcu_bootup_announce+0x0/0x80 @ 1
[    0.732844] rcu: Hierarchical SRCU implementation.
[    0.733844] rcu: 	Max phase no-delay instances is 400.
[    0.734844] initcall srcu_bootup_announce+0x0/0x80 returned 0 after 2000 usecs
[    0.735844] calling  rcu_spawn_gp_kthread+0x0/0x220 @ 1
[    0.736981] initcall rcu_spawn_gp_kthread+0x0/0x220 returned 0 after 0 usecs
[    0.737845] calling  check_cpu_stall_init+0x0/0x20 @ 1
[    0.738845] initcall check_cpu_stall_init+0x0/0x20 returned 0 after 0 usecs
[    0.739845] calling  rcu_sysrq_init+0x0/0x30 @ 1
[    0.740844] initcall rcu_sysrq_init+0x0/0x30 returned 0 after 0 usecs
[    0.741844] calling  tmigr_init+0x0/0x150 @ 1
[    0.742851] Timer migration: 1 hierarchy levels; 8 children per group; 1 crossnode level
[    0.743847] initcall tmigr_init+0x0/0x150 returned 0 after 1000 usecs
[    0.744844] calling  cpu_stop_init+0x0/0x90 @ 1
[    0.745904] initcall cpu_stop_init+0x0/0x90 returned 0 after 0 usecs
[    0.746845] calling  irq_work_init_threads+0x0/0x10 @ 1
[    0.747844] initcall irq_work_init_threads+0x0/0x10 returned 0 after 0 usecs
[    0.748844] calling  static_call_init+0x0/0xa0 @ 1
[    0.752564] initcall static_call_init+0x0/0xa0 returned 0 after 2000 usecs
[    0.752845] calling  jump_label_init_module+0x0/0x20 @ 1
[    0.753845] initcall jump_label_init_module+0x0/0x20 returned 0 after 0 usecs
[    0.754844] calling  init_zero_pfn+0x0/0x40 @ 1
[    0.755844] initcall init_zero_pfn+0x0/0x40 returned 0 after 0 usecs
[    0.756845] calling  init_fs_inode_sysctls+0x0/0x30 @ 1
[    0.757848] initcall init_fs_inode_sysctls+0x0/0x30 returned 0 after 0 usecs
[    0.758844] calling  init_fs_locks_sysctls+0x0/0x30 @ 1
[    0.759847] initcall init_fs_locks_sysctls+0x0/0x30 returned 0 after 0 usecs
[    0.760844] calling  init_fs_sysctls+0x0/0x30 @ 1
[    0.761846] initcall init_fs_sysctls+0x0/0x30 returned 0 after 0 usecs
[    0.762844] calling  init_security_keys_sysctls+0x0/0x30 @ 1
[    0.763849] initcall init_security_keys_sysctls+0x0/0x30 returned 0 after 0 usecs
[    0.764844] calling  dynamic_debug_init+0x0/0x230 @ 1
[    0.766102] initcall dynamic_debug_init+0x0/0x230 returned 0 after 0 usecs
[    0.767868] smp: Bringing up secondary CPUs ...
[    0.769148] smpboot: x86: Booting SMP configuration:
[    0.769850] .... node  #0, CPUs:      #1 #2 #3 #4 #5 #6 #7
[    0.779948] smp: Brought up 1 node, 8 CPUs
[    0.781845] smpboot: Total of 8 processors activated (25505.61 BogoMIPS)
[    0.785062] Memory: 7081368K/7321636K available (21563K kernel code, 2022K rwdata, 7096K rodata, 1588K init, 2344K bss, 235772K reserved, 0K cma-reserved)
[    0.786947] devtmpfs: initialized
[    0.789185] calling  setup_split_lock_delayed_work+0x0/0x90 @ 1
[    0.789851] initcall setup_split_lock_delayed_work+0x0/0x90 returned 0 after 0 usecs
[    0.790845] calling  ipc_ns_init+0x0/0x50 @ 1
[    0.791868] initcall ipc_ns_init+0x0/0x50 returned 0 after 0 usecs
[    0.792850] calling  init_mmap_min_addr+0x0/0x40 @ 1
[    0.793848] initcall init_mmap_min_addr+0x0/0x40 returned 0 after 0 usecs
[    0.794845] calling  pci_realloc_setup_params+0x0/0x70 @ 1
[    0.795849] initcall pci_realloc_setup_params+0x0/0x70 returned 0 after 0 usecs
[    0.796847] calling  inet_frag_wq_init+0x0/0x50 @ 1
[    0.797895] initcall inet_frag_wq_init+0x0/0x50 returned 0 after 0 usecs
[    0.798885] calling  e820__register_nvs_regions+0x0/0x40 @ 1
[    0.799846] initcall e820__register_nvs_regions+0x0/0x40 returned 0 after 0 usecs
[    0.800844] calling  cpufreq_register_tsc_scaling+0x0/0x40 @ 1
[    0.801844] initcall cpufreq_register_tsc_scaling+0x0/0x40 returned 0 after 0 usecs
[    0.802844] calling  reboot_init+0x0/0x30 @ 1
[    0.803848] initcall reboot_init+0x0/0x30 returned 0 after 0 usecs
[    0.804844] calling  wq_sysfs_init+0x0/0x20 @ 1
[    0.806876] initcall wq_sysfs_init+0x0/0x20 returned 0 after 0 usecs
[    0.807846] calling  ksysfs_init+0x0/0xa0 @ 1
[    0.808865] initcall ksysfs_init+0x0/0xa0 returned 0 after 0 usecs
[    0.809845] calling  schedutil_gov_init+0x0/0x20 @ 1
[    0.810845] initcall schedutil_gov_init+0x0/0x20 returned 0 after 0 usecs
[    0.811844] calling  rcu_set_runtime_mode+0x0/0x20 @ 1
[    0.812846] initcall rcu_set_runtime_mode+0x0/0x20 returned 0 after 0 usecs
[    0.813844] calling  init_jiffies_clocksource+0x0/0x20 @ 1
[    0.814845] clocksource: jiffies: mask: 0xffffffff max_cycles: 0xffffffff, max_idle_ns: 1911260446275000 ns
[    0.815846] initcall init_jiffies_clocksource+0x0/0x20 returned 0 after 1000 usecs
[    0.816844] calling  posixtimer_init+0x0/0xa0 @ 1
[    0.817849] posixtimers hash table entries: 4096 (order: 4, 65536 bytes, linear)
[    0.818858] initcall posixtimer_init+0x0/0xa0 returned 0 after 1000 usecs
[    0.819845] calling  futex_init+0x0/0xa0 @ 1
[    0.820846] futex hash table entries: 2048 (order: 5, 131072 bytes, linear)
[    0.821868] initcall futex_init+0x0/0xa0 returned 0 after 1000 usecs
[    0.822844] calling  cgroup_wq_init+0x0/0x30 @ 1
[    0.823850] initcall cgroup_wq_init+0x0/0x30 returned 0 after 0 usecs
[    0.824845] calling  cgroup1_wq_init+0x0/0x30 @ 1
[    0.825850] initcall cgroup1_wq_init+0x0/0x30 returned 0 after 0 usecs
[    0.826846] calling  init_events_core_sysctls+0x0/0x30 @ 1
[    0.827852] initcall init_events_core_sysctls+0x0/0x30 returned 0 after 0 usecs
[    0.828844] calling  init_callchain_sysctls+0x0/0x30 @ 1
[    0.829848] initcall init_callchain_sysctls+0x0/0x30 returned 0 after 0 usecs
[    0.830844] calling  fsnotify_init+0x0/0x60 @ 1
[    0.831855] initcall fsnotify_init+0x0/0x60 returned 0 after 0 usecs
[    0.832845] calling  filelock_init+0x0/0x120 @ 1
[    0.833857] initcall filelock_init+0x0/0x120 returned 0 after 0 usecs
[    0.834845] calling  init_misc_binfmt+0x0/0x40 @ 1
[    0.835846] initcall init_misc_binfmt+0x0/0x40 returned 0 after 0 usecs
[    0.836844] calling  init_script_binfmt+0x0/0x20 @ 1
[    0.837844] initcall init_script_binfmt+0x0/0x20 returned 0 after 0 usecs
[    0.838844] calling  init_elf_binfmt+0x0/0x20 @ 1
[    0.839844] initcall init_elf_binfmt+0x0/0x20 returned 0 after 0 usecs
[    0.840844] calling  init_compat_elf_binfmt+0x0/0x20 @ 1
[    0.841844] initcall init_compat_elf_binfmt+0x0/0x20 returned 0 after 0 usecs
[    0.842846] calling  configfs_init+0x0/0xc0 @ 1
[    0.843856] initcall configfs_init+0x0/0xc0 returned 0 after 0 usecs
[    0.845844] calling  debugfs_init+0x0/0xe0 @ 1
[    0.846845] initcall debugfs_init+0x0/0xe0 returned -1 after 0 usecs
[    0.847844] calling  register_xor_blocks+0x0/0xa0 @ 1
[    0.848844] initcall register_xor_blocks+0x0/0xa0 returned 0 after 0 usecs
[    0.849847] calling  prandom_state_selftest+0x0/0x110 @ 1
[    0.850846] prandom: seed boundary self test passed
[    0.853187] prandom: 100 self tests passed
[    0.853844] initcall prandom_state_selftest+0x0/0x110 returned 0 after 3000 usecs
[    0.854844] calling  iommu_init+0x0/0x30 @ 1
[    0.855850] initcall iommu_init+0x0/0x30 returned 0 after 0 usecs
[    0.856845] calling  component_debug_init+0x0/0x30 @ 1
[    0.857845] initcall component_debug_init+0x0/0x30 returned 0 after 0 usecs
[    0.858844] calling  cpufreq_core_init+0x0/0x90 @ 1
[    0.859849] initcall cpufreq_core_init+0x0/0x90 returned 0 after 0 usecs
[    0.860844] calling  cpufreq_gov_performance_init+0x0/0x20 @ 1
[    0.861845] initcall cpufreq_gov_performance_init+0x0/0x20 returned 0 after 0 usecs
[    0.862846] calling  cpuidle_init+0x0/0x30 @ 1
[    0.863855] initcall cpuidle_init+0x0/0x30 returned 0 after 0 usecs
[    0.864844] calling  sock_init+0x0/0xb0 @ 1
[    0.865893] initcall sock_init+0x0/0xb0 returned 0 after 0 usecs
[    0.866845] calling  net_inuse_init+0x0/0x30 @ 1
[    0.867849] initcall net_inuse_init+0x0/0x30 returned 0 after 0 usecs
[    0.868845] calling  sock_struct_check+0x0/0x10 @ 1
[    0.869844] initcall sock_struct_check+0x0/0x10 returned 0 after 0 usecs
[    0.870844] calling  init_default_flow_dissectors+0x0/0x60 @ 1
[    0.871845] initcall init_default_flow_dissectors+0x0/0x60 returned 0 after 0 usecs
[    0.872844] calling  netlink_proto_init+0x0/0x130 @ 1
[    0.873987] NET: Registered PF_NETLINK/PF_ROUTE protocol family
[    0.874867] initcall netlink_proto_init+0x0/0x130 returned 0 after 1000 usecs
[    0.875848] calling  genl_init+0x0/0x40 @ 1
[    0.876854] initcall genl_init+0x0/0x40 returned 0 after 0 usecs
[    0.877882] calling  irq_sysfs_init+0x0/0xf0 @ 1
[    0.878851] initcall irq_sysfs_init+0x0/0xf0 returned 0 after 0 usecs
[    0.879845] calling  audit_init+0x0/0x190 @ 1
[    0.880847] audit: initializing netlink subsys (disabled)
[    0.881872] initcall audit_init+0x0/0x190 returned 0 after 1000 usecs
[    0.881872] audit: type=2000 audit(0.188:1): state=initialized audit_enabled=0 res=1
[    0.882846] calling  bdi_class_init+0x0/0x40 @ 1
[    0.882862] initcall bdi_class_init+0x0/0x40 returned 0 after 0 usecs
[    0.885844] calling  mm_sysfs_init+0x0/0x30 @ 1
[    0.886848] initcall mm_sysfs_init+0x0/0x30 returned 0 after 0 usecs
[    0.887845] calling  init_per_zone_wmark_min+0x0/0x30 @ 1
[    0.888855] initcall init_per_zone_wmark_min+0x0/0x30 returned 0 after 0 usecs
[    0.889845] calling  pcibus_class_init+0x0/0x20 @ 1
[    0.891845] initcall pcibus_class_init+0x0/0x20 returned 0 after 1000 usecs
[    0.892846] calling  pci_driver_init+0x0/0x30 @ 1
[    0.893874] initcall pci_driver_init+0x0/0x30 returned 0 after 0 usecs
[    0.894845] calling  backlight_class_init+0x0/0x60 @ 1
[    0.895852] initcall backlight_class_init+0x0/0x60 returned 0 after 0 usecs
[    0.896845] calling  tty_class_init+0x0/0x20 @ 1
[    0.897851] initcall tty_class_init+0x0/0x20 returned 0 after 0 usecs
[    0.898845] calling  vtconsole_class_init+0x0/0xa0 @ 1
[    0.899877] initcall vtconsole_class_init+0x0/0xa0 returned 0 after 0 usecs
[    0.900845] calling  iommu_dev_init+0x0/0x20 @ 1
[    0.901852] initcall iommu_dev_init+0x0/0x20 returned 0 after 0 usecs
[    0.902845] calling  devlink_class_init+0x0/0x40 @ 1
[    0.903853] initcall devlink_class_init+0x0/0x40 returned 0 after 0 usecs
[    0.904845] calling  software_node_init+0x0/0x30 @ 1
[    0.905848] initcall software_node_init+0x0/0x30 returned 0 after 0 usecs
[    0.906845] calling  regmap_initcall+0x0/0x20 @ 1
[    0.907845] initcall regmap_initcall+0x0/0x20 returned 0 after 0 usecs
[    0.908846] calling  i2c_init+0x0/0xa0 @ 1
[    0.909872] i2c-core: driver [dummy] registered
[    0.910846] initcall i2c_init+0x0/0xa0 returned 0 after 1000 usecs
[    0.911850] calling  thermal_init+0x0/0x140 @ 1
[    0.912846] thermal_sys: Registered thermal governor 'step_wise'
[    0.912857] initcall thermal_init+0x0/0x140 returned 0 after 0 usecs
[    0.914844] calling  init_ladder+0x0/0x30 @ 1
[    0.915858] cpuidle: using governor ladder
[    0.916845] initcall init_ladder+0x0/0x30 returned 0 after 1000 usecs
[    0.917844] calling  init_menu+0x0/0x20 @ 1
[    0.918853] cpuidle: using governor menu
[    0.919844] initcall init_menu+0x0/0x20 returned 0 after 1000 usecs
[    0.920844] calling  pcc_init+0x0/0xa0 @ 1
[    0.921847] initcall pcc_init+0x0/0xa0 returned -19 after 0 usecs
[    0.922844] calling  amd_postcore_init+0x0/0x130 @ 1
[    0.923877] initcall amd_postcore_init+0x0/0x130 returned 0 after 0 usecs
[    0.924845] calling  kobject_uevent_init+0x0/0x20 @ 1
[    0.925849] initcall kobject_uevent_init+0x0/0x20 returned 0 after 0 usecs
[    0.926882] calling  init_x86_sysctl+0x0/0x30 @ 1
[    0.927853] initcall init_x86_sysctl+0x0/0x30 returned 0 after 0 usecs
[    0.928846] calling  boot_params_ksysfs_init+0x0/0x2b0 @ 1
[    0.929852] initcall boot_params_ksysfs_init+0x0/0x2b0 returned 0 after 0 usecs
[    0.930845] calling  sbf_init+0x0/0xf0 @ 1
[    0.931845] initcall sbf_init+0x0/0xf0 returned 0 after 0 usecs
[    0.932844] calling  arch_kdebugfs_init+0x0/0x200 @ 1
[    0.933845] initcall arch_kdebugfs_init+0x0/0x200 returned 0 after 0 usecs
[    0.934844] calling  xfd_update_static_branch+0x0/0x30 @ 1
[    0.935844] initcall xfd_update_static_branch+0x0/0x30 returned 0 after 0 usecs
[    0.936844] calling  mtrr_if_init+0x0/0x60 @ 1
[    0.937848] initcall mtrr_if_init+0x0/0x60 returned 0 after 0 usecs
[    0.938844] calling  ffh_cstate_init+0x0/0x50 @ 1
[    0.939848] initcall ffh_cstate_init+0x0/0x50 returned 0 after 0 usecs
[    0.940845] calling  kcmp_cookies_init+0x0/0x40 @ 1
[    0.941851] initcall kcmp_cookies_init+0x0/0x40 returned 0 after 0 usecs
[    0.942846] calling  cryptomgr_init+0x0/0x20 @ 1
[    0.943845] initcall cryptomgr_init+0x0/0x20 returned 0 after 0 usecs
[    0.944844] calling  crc32_x86_init+0x0/0xd0 @ 1
[    0.946026] initcall crc32_x86_init+0x0/0xd0 returned 0 after 0 usecs
[    0.946845] calling  acpi_pci_init+0x0/0x40 @ 1
[    0.947844] initcall acpi_pci_init+0x0/0x40 returned 0 after 0 usecs
[    0.948844] calling  serial_base_init+0x0/0x60 @ 1
[    0.949884] initcall serial_base_init+0x0/0x60 returned 0 after 0 usecs
[    0.950846] calling  iommu_dma_init+0x0/0x30 @ 1
[    0.951855] initcall iommu_dma_init+0x0/0x30 returned 0 after 0 usecs
[    0.952845] calling  dmi_id_init+0x0/0x370 @ 1
[    0.953880] initcall dmi_id_init+0x0/0x370 returned 0 after 0 usecs
[    0.955844] calling  pci_arch_init+0x0/0x80 @ 1
[    0.956856] PCI: ECAM [mem 0xf8000000-0xfbffffff] (base 0xf8000000) for domain 0000 [bus 00-3f]
[    0.957865] PCI: Using configuration type 1 for base access
[    0.958847] initcall pci_arch_init+0x0/0x80 returned 0 after 2000 usecs
[    0.959881] calling  init_vdso_image_64+0x0/0x20 @ 1
[    0.960861] initcall init_vdso_image_64+0x0/0x20 returned 0 after 0 usecs
[    0.961846] calling  init_vdso_image_32+0x0/0x20 @ 1
[    0.962863] initcall init_vdso_image_32+0x0/0x20 returned 0 after 0 usecs
[    0.963844] calling  mtrr_init_finalize+0x0/0x40 @ 1
[    0.964846] initcall mtrr_init_finalize+0x0/0x40 returned 0 after 0 usecs
[    0.965844] calling  blake2s_mod_init+0x0/0x70 @ 1
[    0.966925] initcall blake2s_mod_init+0x0/0x70 returned 0 after 0 usecs
[    0.967845] calling  uid_cache_init+0x0/0xe0 @ 1
[    0.968852] initcall uid_cache_init+0x0/0xe0 returned 0 after 0 usecs
[    0.969846] calling  pid_namespace_sysctl_init+0x0/0x20 @ 1
[    0.970851] initcall pid_namespace_sysctl_init+0x0/0x20 returned 0 after 0 usecs
[    0.971845] calling  param_sysfs_init+0x0/0x50 @ 1
[    0.972849] initcall param_sysfs_init+0x0/0x50 returned 0 after 0 usecs
[    0.973845] calling  user_namespace_sysctl_init+0x0/0xc0 @ 1
[    0.974862] initcall user_namespace_sysctl_init+0x0/0xc0 returned 0 after 0 usecs
[    0.975845] calling  pm_sysrq_init+0x0/0x20 @ 1
[    0.976854] initcall pm_sysrq_init+0x0/0x20 returned 0 after 0 usecs
[    0.977849] calling  crash_save_vmcoreinfo_init+0x0/0x680 @ 1
[    0.978909] initcall crash_save_vmcoreinfo_init+0x0/0x680 returned 0 after 0 usecs
[    0.979845] calling  crash_notes_memory_init+0x0/0x50 @ 1
[    0.980848] initcall crash_notes_memory_init+0x0/0x50 returned 0 after 0 usecs
[    0.981845] calling  crash_hotplug_init+0x0/0x30 @ 1
[    0.982845] initcall crash_hotplug_init+0x0/0x30 returned 64 after 0 usecs
[    0.983844] calling  cgroup_sysfs_init+0x0/0x20 @ 1
[    0.984850] initcall cgroup_sysfs_init+0x0/0x20 returned 0 after 0 usecs
[    0.985845] calling  user_namespaces_init+0x0/0x50 @ 1
[    0.986850] initcall user_namespaces_init+0x0/0x50 returned 0 after 0 usecs
[    0.987845] calling  oom_init+0x0/0x60 @ 1
[    0.988871] initcall oom_init+0x0/0x60 returned 0 after 0 usecs
[    0.989847] calling  init_user_buckets+0x0/0x30 @ 1
[    0.990845] initcall init_user_buckets+0x0/0x30 returned 0 after 0 usecs
[    0.991845] calling  init_vm_util_sysctls+0x0/0x30 @ 1
[    0.992849] initcall init_vm_util_sysctls+0x0/0x30 returned 0 after 0 usecs
[    0.993845] calling  default_bdi_init+0x0/0x30 @ 1
[    0.995886] initcall default_bdi_init+0x0/0x30 returned 0 after 1000 usecs
[    0.996845] calling  cgwb_init+0x0/0x30 @ 1
[    0.997850] initcall cgwb_init+0x0/0x30 returned 0 after 0 usecs
[    0.998845] calling  percpu_enable_async+0x0/0x10 @ 1
[    0.999844] initcall percpu_enable_async+0x0/0x10 returned 0 after 0 usecs
[    1.000844] calling  kcompactd_init+0x0/0x90 @ 1
[    1.001861] initcall kcompactd_init+0x0/0x90 returned 0 after 0 usecs
[    1.002847] calling  init_user_reserve+0x0/0x40 @ 1
[    1.003845] initcall init_user_reserve+0x0/0x40 returned 0 after 0 usecs
[    1.005845] calling  init_admin_reserve+0x0/0x40 @ 1
[    1.006844] initcall init_admin_reserve+0x0/0x40 returned 0 after 0 usecs
[    1.007844] calling  init_reserve_notifier+0x0/0x10 @ 1
[    1.008844] initcall init_reserve_notifier+0x0/0x10 returned 0 after 0 usecs
[    1.009844] calling  swap_init_sysfs+0x0/0x70 @ 1
[    1.010850] initcall swap_init_sysfs+0x0/0x70 returned 0 after 0 usecs
[    1.011845] calling  swapfile_init+0x0/0xd0 @ 1
[    1.012845] initcall swapfile_init+0x0/0xd0 returned 0 after 0 usecs
[    1.013844] calling  hugetlb_init+0x0/0x4e0 @ 1
[    1.014849] HugeTLB: allocation took 0ms with hugepage_allocation_threads=2
[    1.015901] HugeTLB: registered 2.00 MiB page size, pre-allocated 0 pages
[    1.016844] HugeTLB: 28 KiB vmemmap can be freed for a 2.00 MiB page
[    1.017894] initcall hugetlb_init+0x0/0x4e0 returned 0 after 3000 usecs
[    1.018845] calling  ksm_init+0x0/0x1d0 @ 1
[    1.019894] initcall ksm_init+0x0/0x1d0 returned 0 after 0 usecs
[    1.020847] calling  memory_tier_init+0x0/0xc0 @ 1
[    1.021872] initcall memory_tier_init+0x0/0xc0 returned 0 after 0 usecs
[    1.022846] calling  numa_init_sysfs+0x0/0x70 @ 1
[    1.023850] initcall numa_init_sysfs+0x0/0x70 returned 0 after 0 usecs
[    1.024845] calling  hugepage_init+0x0/0x340 @ 1
[    1.026168] initcall hugepage_init+0x0/0x340 returned 0 after 0 usecs
[    1.026847] calling  mem_cgroup_init+0x0/0xb0 @ 1
[    1.027846] initcall mem_cgroup_init+0x0/0xb0 returned 0 after 0 usecs
[    1.028844] calling  mem_cgroup_swap_init+0x0/0x30 @ 1
[    1.029847] initcall mem_cgroup_swap_init+0x0/0x30 returned 0 after 0 usecs
[    1.030845] calling  init_msg_buckets+0x0/0x30 @ 1
[    1.031844] initcall init_msg_buckets+0x0/0x30 returned 0 after 0 usecs
[    1.032844] calling  seqiv_module_init+0x0/0x20 @ 1
[    1.033845] initcall seqiv_module_init+0x0/0x20 returned 0 after 0 usecs
[    1.034844] calling  rsa_init+0x0/0x60 @ 1
[    1.035847] initcall rsa_init+0x0/0x60 returned 0 after 0 usecs
[    1.036845] calling  crypto_cmac_module_init+0x0/0x20 @ 1
[    1.037845] initcall crypto_cmac_module_init+0x0/0x20 returned 0 after 0 usecs
[    1.038844] calling  hmac_module_init+0x0/0x20 @ 1
[    1.039844] initcall hmac_module_init+0x0/0x20 returned 0 after 0 usecs
[    1.040844] calling  crypto_null_mod_init+0x0/0x60 @ 1
[    1.041848] initcall crypto_null_mod_init+0x0/0x60 returned 0 after 0 usecs
[    1.042845] calling  md5_mod_init+0x0/0x20 @ 1
[    1.044845] initcall md5_mod_init+0x0/0x20 returned 0 after 0 usecs
[    1.045844] calling  sha1_generic_mod_init+0x0/0x20 @ 1
[    1.046845] initcall sha1_generic_mod_init+0x0/0x20 returned 0 after 0 usecs
[    1.047844] calling  sha256_generic_mod_init+0x0/0x20 @ 1
[    1.048847] initcall sha256_generic_mod_init+0x0/0x20 returned 0 after 0 usecs
[    1.049845] calling  sha512_generic_mod_init+0x0/0x20 @ 1
[    1.050847] initcall sha512_generic_mod_init+0x0/0x20 returned 0 after 0 usecs
[    1.051844] calling  sha3_generic_mod_init+0x0/0x20 @ 1
[    1.053844] initcall sha3_generic_mod_init+0x0/0x20 returned 0 after 1000 usecs
[    1.054845] calling  wp512_mod_init+0x0/0x20 @ 1
[    1.055848] initcall wp512_mod_init+0x0/0x20 returned 0 after 0 usecs
[    1.056844] calling  blake2b_mod_init+0x0/0x20 @ 1
[    1.057851] initcall blake2b_mod_init+0x0/0x20 returned 0 after 0 usecs
[    1.058845] calling  crypto_ecb_module_init+0x0/0x20 @ 1
[    1.059844] initcall crypto_ecb_module_init+0x0/0x20 returned 0 after 0 usecs
[    1.060844] calling  crypto_cbc_module_init+0x0/0x20 @ 1
[    1.061844] initcall crypto_cbc_module_init+0x0/0x20 returned 0 after 0 usecs
[    1.062844] calling  lrw_module_init+0x0/0x20 @ 1
[    1.063844] initcall lrw_module_init+0x0/0x20 returned 0 after 0 usecs
[    1.064844] calling  xts_module_init+0x0/0x20 @ 1
[    1.065845] initcall xts_module_init+0x0/0x20 returned 0 after 0 usecs
[    1.066844] calling  crypto_ctr_module_init+0x0/0x20 @ 1
[    1.067845] initcall crypto_ctr_module_init+0x0/0x20 returned 0 after 0 usecs
[    1.068844] calling  crypto_gcm_module_init+0x0/0x70 @ 1
[    1.069845] initcall crypto_gcm_module_init+0x0/0x70 returned 0 after 0 usecs
[    1.070845] calling  crypto_ccm_module_init+0x0/0x20 @ 1
[    1.071845] initcall crypto_ccm_module_init+0x0/0x20 returned 0 after 0 usecs
[    1.072844] calling  cryptd_init+0x0/0x120 @ 1
[    1.073870] cryptd: max_cpu_qlen set to 1000
[    1.074847] initcall cryptd_init+0x0/0x120 returned 0 after 1000 usecs
[    1.075845] calling  des_generic_mod_init+0x0/0x20 @ 1
[    1.076848] initcall des_generic_mod_init+0x0/0x20 returned 0 after 0 usecs
[    1.077845] calling  aes_init+0x0/0x20 @ 1
[    1.078846] initcall aes_init+0x0/0x20 returned 0 after 0 usecs
[    1.079844] calling  arc4_init+0x0/0x20 @ 1
[    1.080847] initcall arc4_init+0x0/0x20 returned 0 after 0 usecs
[    1.081845] calling  deflate_mod_init+0x0/0x20 @ 1
[    1.082847] initcall deflate_mod_init+0x0/0x20 returned 0 after 0 usecs
[    1.083844] calling  crc32c_mod_init+0x0/0x30 @ 1
[    1.084849] initcall crc32c_mod_init+0x0/0x30 returned 0 after 0 usecs
[    1.085845] calling  crc32_mod_init+0x0/0x30 @ 1
[    1.086849] initcall crc32_mod_init+0x0/0x30 returned 0 after 0 usecs
[    1.087844] calling  crypto_authenc_module_init+0x0/0x20 @ 1
[    1.088845] initcall crypto_authenc_module_init+0x0/0x20 returned 0 after 0 usecs
[    1.089844] calling  crypto_authenc_esn_module_init+0x0/0x20 @ 1
[    1.090845] initcall crypto_authenc_esn_module_init+0x0/0x20 returned 0 after 0 usecs
[    1.091844] calling  xxhash_mod_init+0x0/0x20 @ 1
[    1.092847] initcall xxhash_mod_init+0x0/0x20 returned 0 after 0 usecs
[    1.093845] calling  prng_mod_init+0x0/0x20 @ 1
[    1.094847] initcall prng_mod_init+0x0/0x20 returned 0 after 0 usecs
[    1.095844] calling  drbg_init+0x0/0x90 @ 1
[    1.096862] initcall drbg_init+0x0/0x90 returned 0 after 0 usecs
[    1.097845] calling  ghash_mod_init+0x0/0x20 @ 1
[    1.098847] initcall ghash_mod_init+0x0/0x20 returned 0 after 0 usecs
[    1.099845] calling  essiv_module_init+0x0/0x20 @ 1
[    1.100845] initcall essiv_module_init+0x0/0x20 returned 0 after 0 usecs
[    1.101845] calling  ecdh_init+0x0/0x70 @ 1
[    1.102854] initcall ecdh_init+0x0/0x70 returned 0 after 0 usecs
[    1.103845] calling  init_bio+0x0/0xb0 @ 1
[    1.104872] initcall init_bio+0x0/0xb0 returned 0 after 0 usecs
[    1.105845] calling  blk_ioc_init+0x0/0x50 @ 1
[    1.106850] initcall blk_ioc_init+0x0/0x50 returned 0 after 0 usecs
[    1.107845] calling  blk_mq_init+0x0/0x130 @ 1
[    1.108846] initcall blk_mq_init+0x0/0x130 returned 0 after 0 usecs
[    1.109844] calling  genhd_device_init+0x0/0x50 @ 1
[    1.110871] initcall genhd_device_init+0x0/0x50 returned 0 after 0 usecs
[    1.111847] calling  blkcg_punt_bio_init+0x0/0x30 @ 1
[    1.113858] initcall blkcg_punt_bio_init+0x0/0x30 returned 0 after 1000 usecs
[    1.114846] calling  raid6_select_algo+0x0/0x2e0 @ 1
[    1.132847] raid6: sse2x4   gen()  4051 MB/s
[    1.150847] raid6: sse2x2   gen()  3958 MB/s
[    1.168850] raid6: sse2x1   gen()  3197 MB/s
[    1.169844] raid6: using algorithm sse2x4 gen() 4051 MB/s
[    1.187844] raid6: .... xor() 2022 MB/s, rmw enabled
[    1.188845] raid6: using ssse3x2 recovery algorithm
[    1.189847] initcall raid6_select_algo+0x0/0x2e0 returned 0 after 74000 usecs
[    1.190845] calling  sg_pool_init+0x0/0xf0 @ 1
[    1.191861] initcall sg_pool_init+0x0/0xf0 returned 0 after 0 usecs
[    1.192845] calling  leds_init+0x0/0x50 @ 1
[    1.193862] initcall leds_init+0x0/0x50 returned 0 after 0 usecs
[    1.194845] calling  pci_slot_init+0x0/0x40 @ 1
[    1.195849] initcall pci_slot_init+0x0/0x40 returned 0 after 0 usecs
[    1.196845] calling  fbmem_init+0x0/0x80 @ 1
[    1.197885] initcall fbmem_init+0x0/0x80 returned 0 after 0 usecs
[    1.198845] calling  acpi_init+0x0/0x480 @ 1
[    1.199882] ACPI: Added _OSI(Module Device)
[    1.200846] ACPI: Added _OSI(Processor Device)
[    1.201845] ACPI: Added _OSI(Processor Aggregator Device)
[    1.204746] ACPI: 2 ACPI AML tables successfully acquired and loaded
[    1.209947] ACPI: OSL: SCI (IRQ9) allocation failed
[    1.210846] ACPI Error: AE_NOT_ACQUIRED, Unable to install System Control Interrupt handler (20240827/evevent-96)
[    1.211844] ACPI: Unable to start the ACPI Interpreter
[    1.212846] ACPI Error: Could not remove SCI handler (20240827/evmisc-251)
[    1.215027] initcall acpi_init+0x0/0x480 returned -19 after 15000 usecs
[    1.215848] calling  pnp_init+0x0/0x20 @ 1
[    1.216863] initcall pnp_init+0x0/0x20 returned 0 after 0 usecs
[    1.217846] calling  misc_init+0x0/0xa0 @ 1
[    1.218856] initcall misc_init+0x0/0xa0 returned 0 after 0 usecs
[    1.219845] calling  iommu_subsys_init+0x0/0x110 @ 1
[    1.220844] iommu: Default domain type: Passthrough
[    1.221845] initcall iommu_subsys_init+0x0/0x110 returned 0 after 1000 usecs
[    1.222845] calling  cn_init+0x0/0xd0 @ 1
[    1.223853] initcall cn_init+0x0/0xd0 returned 0 after 0 usecs
[    1.224845] calling  dax_core_init+0x0/0xe0 @ 1
[    1.225903] initcall dax_core_init+0x0/0xe0 returned 0 after 0 usecs
[    1.226845] calling  dma_buf_init+0x0/0xa0 @ 1
[    1.227861] initcall dma_buf_init+0x0/0xa0 returned 0 after 0 usecs
[    1.228845] calling  init_scsi+0x0/0x80 @ 1
[    1.229939] SCSI subsystem initialized
[    1.230845] initcall init_scsi+0x0/0x80 returned 0 after 1000 usecs
[    1.231844] calling  ata_init+0x0/0x2d0 @ 1
[    1.232865] libata version 3.00 loaded.
[    1.233844] initcall ata_init+0x0/0x2d0 returned 0 after 1000 usecs
[    1.234844] calling  phy_init+0x0/0x1f0 @ 1
[    1.235899] initcall phy_init+0x0/0x1f0 returned 0 after 0 usecs
[    1.236846] calling  usb_common_init+0x0/0x30 @ 1
[    1.237844] initcall usb_common_init+0x0/0x30 returned 0 after 0 usecs
[    1.238844] calling  usb_init+0x0/0x160 @ 1
[    1.239896] usbcore: registered new interface driver usbfs
[    1.240869] usbcore: registered new interface driver hub
[    1.241870] usbcore: registered new device driver usb
[    1.242846] initcall usb_init+0x0/0x160 returned 0 after 3000 usecs
[    1.243845] calling  serio_init+0x0/0x30 @ 1
[    1.244860] initcall serio_init+0x0/0x30 returned 0 after 0 usecs
[    1.245845] calling  input_init+0x0/0xf0 @ 1
[    1.246857] initcall input_init+0x0/0xf0 returned 0 after 0 usecs
[    1.247845] calling  cec_devnode_init+0x0/0xb0 @ 1
[    1.248845] cec: Failed to create debugfs cec dir
[    1.249862] initcall cec_devnode_init+0x0/0xb0 returned 0 after 1000 usecs
[    1.250845] calling  power_supply_class_init+0x0/0x20 @ 1
[    1.251858] initcall power_supply_class_init+0x0/0x20 returned 0 after 0 usecs
[    1.252845] calling  hwmon_init+0x0/0xd0 @ 1
[    1.253853] initcall hwmon_init+0x0/0xd0 returned 0 after 0 usecs
[    1.254846] calling  mmc_init+0x0/0x40 @ 1
[    1.255878] initcall mmc_init+0x0/0x40 returned 0 after 0 usecs
[    1.256846] calling  dmi_init+0x0/0x120 @ 1
[    1.257861] initcall dmi_init+0x0/0x120 returned 0 after 0 usecs
[    1.258845] calling  ras_init+0x0/0x20 @ 1
[    1.259845] initcall ras_init+0x0/0x20 returned -19 after 0 usecs
[    1.260844] calling  nvmem_init+0x0/0x20 @ 1
[    1.261860] initcall nvmem_init+0x0/0x20 returned 0 after 0 usecs
[    1.262845] calling  init_soundcore+0x0/0x80 @ 1
[    1.263853] initcall init_soundcore+0x0/0x80 returned 0 after 0 usecs
[    1.264845] calling  alsa_sound_init+0x0/0xa0 @ 1
[    1.266859] Advanced Linux Sound Architecture Driver Initialized.
[    1.267846] initcall alsa_sound_init+0x0/0xa0 returned 0 after 2000 usecs
[    1.268845] calling  alsa_seq_device_init+0x0/0x80 @ 1
[    1.269867] initcall alsa_seq_device_init+0x0/0x80 returned 0 after 0 usecs
[    1.270845] calling  hda_bus_init+0x0/0x20 @ 1
[    1.271860] initcall hda_bus_init+0x0/0x20 returned 0 after 0 usecs
[    1.272845] calling  proto_init+0x0/0x20 @ 1
[    1.273849] initcall proto_init+0x0/0x20 returned 0 after 0 usecs
[    1.274846] calling  net_dev_init+0x0/0x320 @ 1
[    1.276083] initcall net_dev_init+0x0/0x320 returned 0 after 0 usecs
[    1.276845] calling  neigh_init+0x0/0x20 @ 1
[    1.277851] initcall neigh_init+0x0/0x20 returned 0 after 0 usecs
[    1.278845] calling  fib_notifier_init+0x0/0x20 @ 1
[    1.279846] initcall fib_notifier_init+0x0/0x20 returned 0 after 0 usecs
[    1.280845] calling  netdev_genl_init+0x0/0x40 @ 1
[    1.281866] initcall netdev_genl_init+0x0/0x40 returned 0 after 0 usecs
[    1.282845] calling  page_pool_user_init+0x0/0x20 @ 1
[    1.283845] initcall page_pool_user_init+0x0/0x20 returned 0 after 0 usecs
[    1.284845] calling  ethnl_init+0x0/0x60 @ 1
[    1.286847] initcall ethnl_init+0x0/0x60 returned 0 after 1000 usecs
[    1.287845] calling  nexthop_init+0x0/0x40 @ 1
[    1.288849] initcall nexthop_init+0x0/0x40 returned 0 after 0 usecs
[    1.289846] calling  bt_init+0x0/0xc0 @ 1
[    1.290846] Bluetooth: Core ver 2.22
[    1.291856] NET: Registered PF_BLUETOOTH protocol family
[    1.292845] Bluetooth: HCI device and connection manager initialized
[    1.293850] Bluetooth: HCI socket layer initialized
[    1.294847] Bluetooth: L2CAP socket layer initialized
[    1.295847] Bluetooth: SCO socket layer initialized
[    1.296845] initcall bt_init+0x0/0xc0 returned 0 after 6000 usecs
[    1.297845] calling  wireless_nlevent_init+0x0/0x40 @ 1
[    1.298846] initcall wireless_nlevent_init+0x0/0x40 returned 0 after 0 usecs
[    1.299845] calling  rfkill_init+0x0/0x110 @ 1
[    1.300919] initcall rfkill_init+0x0/0x110 returned 0 after 0 usecs
[    1.301852] calling  pci_subsys_init+0x0/0x70 @ 1
[    1.302855] PCI: Probing PCI hardware
[    1.303875] PCI: root bus 00: using default resources
[    1.304845] PCI: Probing PCI hardware (bus 00)
[    1.305883] PCI host bridge to bus 0000:00
[    1.306848] pci_bus 0000:00: root bus resource [io  0x0000-0xffff]
[    1.307845] pci_bus 0000:00: root bus resource [mem 0x00000000-0xffffffffff]
[    1.308846] pci_bus 0000:00: No busn resource found for root bus, will use [bus 00-ff]
[    1.309862] pci 0000:00:00.0: calling  quirk_mmio_always_on+0x0/0x10 @ 1
[    1.310846] pci 0000:00:00.0: quirk_mmio_always_on+0x0/0x10 took 0 usecs
[    1.311847] pci 0000:00:00.0: [1022:1436] type 00 class 0x060000 conventional PCI endpoint
[    1.312968] pci 0000:00:00.2: [1022:1437] type 00 class 0x080600 conventional PCI endpoint
[    1.313967] pci 0000:00:01.0: [1002:9923] type 00 class 0x030000 PCIe Root Complex Integrated Endpoint
[    1.314867] pci 0000:00:01.0: BAR 0 [mem 0xe0000000-0xe3ffffff 64bit pref]
[    1.315847] pci 0000:00:01.0: BAR 2 [mem 0xe4000000-0xe47fffff 64bit pref]
[    1.316846] pci 0000:00:01.0: BAR 4 [io  0x6000-0x60ff]
[    1.317846] pci 0000:00:01.0: BAR 5 [mem 0xe4800000-0xe483ffff]
[    1.318846] pci 0000:00:01.0: ROM [mem 0x00000000-0x0001ffff pref]
[    1.319850] pci 0000:00:01.0: enabling Extended Tags
[    1.320853] pci 0000:00:01.0: calling  quirk_no_pm_reset+0x0/0x20 @ 1
[    1.321845] pci 0000:00:01.0: quirk_no_pm_reset+0x0/0x20 took 0 usecs
[    1.322846] pci 0000:00:01.0: calling  screen_info_fixup_lfb+0x0/0x170 @ 1
[    1.323845] pci 0000:00:01.0: screen_info_fixup_lfb+0x0/0x170 took 0 usecs
[    1.324845] pci 0000:00:01.0: calling  pci_fixup_video+0x0/0xc0 @ 1
[    1.325848] pci 0000:00:01.0: Video device with shadowed ROM at [mem 0x000c0000-0x000dffff]
[    1.326845] pci 0000:00:01.0: pci_fixup_video+0x0/0xc0 took 976 usecs
[    1.327865] pci 0000:00:01.0: supports D1 D2
[    1.328845] pci 0000:00:01.0: PME# supported from D1 D2 D3hot
[    1.330921] pci 0000:00:01.1: [1002:9921] type 00 class 0x040300 PCIe Root Complex Integrated Endpoint
[    1.331866] pci 0000:00:01.1: BAR 0 [mem 0xe4840000-0xe4843fff 64bit]
[    1.332852] pci 0000:00:01.1: enabling Extended Tags
[    1.333870] pci 0000:00:01.1: supports D1 D2
[    1.334942] pci 0000:00:02.0: calling  quirk_mmio_always_on+0x0/0x10 @ 1
[    1.335846] pci 0000:00:02.0: quirk_mmio_always_on+0x0/0x10 took 0 usecs
[    1.336846] pci 0000:00:02.0: [1022:1438] type 00 class 0x060000 conventional PCI endpoint
[    1.337973] pci 0000:00:14.0: [104d:90d7] type 00 class 0x088000 PCIe Endpoint
[    1.338886] pci 0000:00:14.0: BAR 0 [mem 0xfdf8000000-0xfdf9ffffff 64bit]
[    1.339846] pci 0000:00:14.0: BAR 2 [io  0x1000-0x13ff]
[    1.341040] pci 0000:00:14.1: [104d:90d8] type 00 class 0x088001 PCIe Endpoint
[    1.341886] pci 0000:00:14.1: BAR 0 [mem 0xc2000000-0xc2000fff 64bit]
[    1.343035] pci 0000:00:14.2: [104d:90d9] type 00 class 0x088002 PCIe Endpoint
[    1.343885] pci 0000:00:14.2: BAR 0 [mem 0xc4000000-0xc4007fff 64bit]
[    1.345970] pci 0000:00:14.3: [104d:90da] type 00 class 0x088003 PCIe Endpoint
[    1.346885] pci 0000:00:14.3: BAR 0 [mem 0xc6000000-0xc6000fff 64bit]
[    1.348033] pci 0000:00:14.4: [104d:90db] type 00 class 0x088004 PCIe Endpoint
[    1.348885] pci 0000:00:14.4: BAR 0 [mem 0xc8000000-0xc8001fff 64bit]
[    1.349848] pci 0000:00:14.4: BAR 2 [mem 0xc8800000-0xc89fffff 64bit]
[    1.350847] pci 0000:00:14.4: BAR 4 [mem 0xc9000000-0xc91fffff 64bit]
[    1.352029] pci 0000:00:14.5: [104d:90dc] type 00 class 0x088005 PCIe Endpoint
[    1.353845] pci 0000:00:14.5: BAR 0 [mem 0xca000000-0xca000fff 64bit]
[    1.354847] pci 0000:00:14.5: BAR 2 [mem 0xca800000-0xca800fff 64bit]
[    1.356033] pci 0000:00:14.6: [104d:90dd] type 00 class 0x088006 PCIe Endpoint
[    1.356887] pci 0000:00:14.6: BAR 0 [mem 0xcc000000-0xcc000fff 64bit]
[    1.357848] pci 0000:00:14.6: BAR 2 [mem 0x80000000-0xbfffffff 64bit]
[    1.358846] pci 0000:00:14.6: BAR 4 [mem 0xcd000000-0xcd0fffff]
[    1.359846] pci 0000:00:14.6: BAR 5 [mem 0xcd400000-0xcd43ffff]
[    1.361981] pci 0000:00:14.7: [104d:90de] type 00 class 0x088007 PCIe Endpoint
[    1.362885] pci 0000:00:14.7: BAR 0 [mem 0xce000000-0xce3fffff 64bit]
[    1.363847] pci 0000:00:14.7: BAR 2 [mem 0xce800000-0xce80ffff 64bit]
[    1.364847] pci 0000:00:14.7: BAR 4 [mem 0xcf000000-0xcf7fffff 64bit]
[    1.366020] pci 0000:00:18.0: calling  quirk_mmio_always_on+0x0/0x10 @ 1
[    1.366846] pci 0000:00:18.0: quirk_mmio_always_on+0x0/0x10 took 0 usecs
[    1.367846] pci 0000:00:18.0: [1022:142e] type 00 class 0x060000 conventional PCI endpoint
[    1.368944] pci 0000:00:18.1: calling  quirk_mmio_always_on+0x0/0x10 @ 1
[    1.369846] pci 0000:00:18.1: quirk_mmio_always_on+0x0/0x10 took 0 usecs
[    1.370846] pci 0000:00:18.1: [1022:142f] type 00 class 0x060000 conventional PCI endpoint
[    1.371941] pci 0000:00:18.2: calling  quirk_mmio_always_on+0x0/0x10 @ 1
[    1.372846] pci 0000:00:18.2: quirk_mmio_always_on+0x0/0x10 took 0 usecs
[    1.373846] pci 0000:00:18.2: [1022:1430] type 00 class 0x060000 conventional PCI endpoint
[    1.375879] pci 0000:00:18.3: calling  quirk_mmio_always_on+0x0/0x10 @ 1
[    1.376846] pci 0000:00:18.3: quirk_mmio_always_on+0x0/0x10 took 0 usecs
[    1.377846] pci 0000:00:18.3: [1022:1431] type 00 class 0x060000 conventional PCI endpoint
[    1.378945] pci 0000:00:18.4: calling  quirk_mmio_always_on+0x0/0x10 @ 1
[    1.379846] pci 0000:00:18.4: quirk_mmio_always_on+0x0/0x10 took 0 usecs
[    1.380846] pci 0000:00:18.4: [1022:1432] type 00 class 0x060000 conventional PCI endpoint
[    1.381939] pci 0000:00:18.5: calling  quirk_mmio_always_on+0x0/0x10 @ 1
[    1.382846] pci 0000:00:18.5: quirk_mmio_always_on+0x0/0x10 took 0 usecs
[    1.383846] pci 0000:00:18.5: [1022:1433] type 00 class 0x060000 conventional PCI endpoint
[    1.384944] pci 0000:00:18.6: calling  quirk_mmio_always_on+0x0/0x10 @ 1
[    1.385846] pci 0000:00:18.6: quirk_mmio_always_on+0x0/0x10 took 0 usecs
[    1.386846] pci 0000:00:18.6: [1022:1434] type 00 class 0x060000 conventional PCI endpoint
[    1.387943] pci_bus 0000:00: busn_res: [bus 00-ff] end is updated to 00
[    1.391695] PCI: pci_cache_line_size set to 64 bytes
[    1.391887] e820: reserve RAM buffer [mem 0x00008000-0x0000ffff]
[    1.392846] e820: reserve RAM buffer [mem 0x0009a000-0x0009ffff]
[    1.393845] e820: reserve RAM buffer [mem 0x00680000-0x006fffff]
[    1.394845] e820: reserve RAM buffer [mem 0x7efe8000-0x7fffffff]
[    1.395845] e820: reserve RAM buffer [mem 0x27f000000-0x27fffffff]
[    1.396845] initcall pci_subsys_init+0x0/0x70 returned 0 after 94000 usecs
[    1.397844] calling  vsprintf_init_hashval+0x0/0x20 @ 1
[    1.398845] initcall vsprintf_init_hashval+0x0/0x20 returned 0 after 0 usecs
[    1.399844] calling  vga_arb_device_init+0x0/0xa0 @ 1
[    1.400871] pci 0000:00:01.0: vgaarb: setting as boot VGA device
[    1.401840] pci 0000:00:01.0: vgaarb: bridge control possible
[    1.401840] pci 0000:00:01.0: vgaarb: VGA device added: decodes=io+mem,owns=io+mem,locks=none
[    1.401854] vgaarb: loaded
[    1.402844] initcall vga_arb_device_init+0x0/0xa0 returned 0 after 2000 usecs
[    1.403845] calling  acpi_wmi_init+0x0/0x80 @ 1
[    1.404845] initcall acpi_wmi_init+0x0/0x80 returned -19 after 0 usecs
[    1.405896] calling  nmi_warning_debugfs+0x0/0x30 @ 1
[    1.406845] initcall nmi_warning_debugfs+0x0/0x30 returned 0 after 0 usecs
[    1.407846] calling  hpet_late_init+0x0/0x310 @ 1
[    1.408845] initcall hpet_late_init+0x0/0x310 returned -19 after 0 usecs
[    1.409844] calling  init_amd_nbs+0x0/0x280 @ 1
[    1.410862] initcall init_amd_nbs+0x0/0x280 returned 0 after 0 usecs
[    1.411844] calling  amd_smn_init+0x0/0x1d0 @ 1
[    1.412844] initcall amd_smn_init+0x0/0x1d0 returned 0 after 0 usecs
[    1.413844] calling  iomem_init_inode+0x0/0x90 @ 1
[    1.414869] initcall iomem_init_inode+0x0/0x90 returned 0 after 0 usecs
[    1.415845] calling  clocksource_done_booting+0x0/0x50 @ 1
[    1.416905] clocksource: Switched to clocksource tsc-early
[    1.422442] initcall clocksource_done_booting+0x0/0x50 returned 0 after 5600 usecs
[    1.430160] calling  secretmem_init+0x0/0x40 @ 1
[    1.434888] initcall secretmem_init+0x0/0x40 returned 0 after 17 usecs
[    1.441548] calling  init_fs_stat_sysctls+0x0/0x40 @ 1
[    1.446801] initcall init_fs_stat_sysctls+0x0/0x40 returned 0 after 8 usecs
[    1.453902] calling  init_fs_exec_sysctls+0x0/0x30 @ 1
[    1.459145] initcall init_fs_exec_sysctls+0x0/0x30 returned 0 after 2 usecs
[    1.466244] calling  init_pipe_fs+0x0/0x70 @ 1
[    1.470798] initcall init_pipe_fs+0x0/0x70 returned 0 after 22 usecs
[    1.477279] calling  init_fs_namei_sysctls+0x0/0x30 @ 1
[    1.482611] initcall init_fs_namei_sysctls+0x0/0x30 returned 0 after 5 usecs
[    1.489799] calling  init_fs_dcache_sysctls+0x0/0x50 @ 1
[    1.495222] initcall init_fs_dcache_sysctls+0x0/0x50 returned 0 after 7 usecs
[    1.502500] calling  init_fs_namespace_sysctls+0x0/0x30 @ 1
[    1.508182] initcall init_fs_namespace_sysctls+0x0/0x30 returned 0 after 2 usecs
[    1.515724] calling  cgroup_writeback_init+0x0/0x30 @ 1
[    1.521056] initcall cgroup_writeback_init+0x0/0x30 returned 0 after 7 usecs
[    1.528244] calling  inotify_user_setup+0x0/0xd0 @ 1
[    1.533316] initcall inotify_user_setup+0x0/0xd0 returned 0 after 12 usecs
[    1.540327] calling  eventpoll_init+0x0/0x130 @ 1
[    1.545129] initcall eventpoll_init+0x0/0x130 returned 0 after 7 usecs
[    1.551785] calling  anon_inode_init+0x0/0x70 @ 1
[    1.556595] initcall anon_inode_init+0x0/0x70 returned 0 after 16 usecs
[    1.563339] calling  proc_locks_init+0x0/0x30 @ 1
[    1.568138] initcall proc_locks_init+0x0/0x30 returned 0 after 3 usecs
[    1.574792] calling  backing_aio_init+0x0/0x50 @ 1
[    1.579678] initcall backing_aio_init+0x0/0x50 returned 0 after 3 usecs
[    1.586422] calling  init_fs_coredump_sysctls+0x0/0x30 @ 1
[    1.592020] initcall init_fs_coredump_sysctls+0x0/0x30 returned 0 after 7 usecs
[    1.599471] calling  init_vm_drop_caches_sysctls+0x0/0x30 @ 1
[    1.605332] initcall init_vm_drop_caches_sysctls+0x0/0x30 returned 0 after 3 usecs
[    1.613049] calling  iomap_dio_init+0x0/0x30 @ 1
[    1.617773] initcall iomap_dio_init+0x0/0x30 returned 0 after 17 usecs
[    1.624430] calling  iomap_ioend_init+0x0/0x30 @ 1
[    1.629338] initcall iomap_ioend_init+0x0/0x30 returned 0 after 24 usecs
[    1.636171] calling  proc_cmdline_init+0x0/0x40 @ 1
[    1.641147] initcall proc_cmdline_init+0x0/0x40 returned 0 after 3 usecs
[    1.647978] calling  proc_consoles_init+0x0/0x30 @ 1
[    1.653040] initcall proc_consoles_init+0x0/0x30 returned 0 after 2 usecs
[    1.659960] calling  proc_cpuinfo_init+0x0/0x30 @ 1
[    1.664936] initcall proc_cpuinfo_init+0x0/0x30 returned 0 after 2 usecs
[    1.671767] calling  proc_devices_init+0x0/0x30 @ 1
[    1.676741] initcall proc_devices_init+0x0/0x30 returned 0 after 2 usecs
[    1.683573] calling  proc_interrupts_init+0x0/0x30 @ 1
[    1.688812] initcall proc_interrupts_init+0x0/0x30 returned 0 after 2 usecs
[    1.695910] calling  proc_loadavg_init+0x0/0x30 @ 1
[    1.700889] initcall proc_loadavg_init+0x0/0x30 returned 0 after 6 usecs
[    1.707721] calling  proc_meminfo_init+0x0/0x30 @ 1
[    1.712694] initcall proc_meminfo_init+0x0/0x30 returned 0 after 2 usecs
[    1.719527] calling  proc_stat_init+0x0/0x30 @ 1
[    1.724236] initcall proc_stat_init+0x0/0x30 returned 0 after 2 usecs
[    1.730804] calling  proc_uptime_init+0x0/0x30 @ 1
[    1.735691] initcall proc_uptime_init+0x0/0x30 returned 0 after 2 usecs
[    1.742434] calling  proc_version_init+0x0/0x30 @ 1
[    1.747407] initcall proc_version_init+0x0/0x30 returned 0 after 2 usecs
[    1.754240] calling  proc_softirqs_init+0x0/0x30 @ 1
[    1.759301] initcall proc_softirqs_init+0x0/0x30 returned 0 after 2 usecs
[    1.766221] calling  vmcore_init+0x0/0x4e0 @ 1
[    1.770752] initcall vmcore_init+0x0/0x4e0 returned 0 after 0 usecs
[    1.777138] calling  proc_kmsg_init+0x0/0x30 @ 1
[    1.781850] initcall proc_kmsg_init+0x0/0x30 returned 0 after 4 usecs
[    1.788423] calling  proc_page_init+0x0/0x60 @ 1
[    1.793133] initcall proc_page_init+0x0/0x60 returned 0 after 4 usecs
[    1.799698] calling  init_ramfs_fs+0x0/0x20 @ 1
[    1.804317] initcall init_ramfs_fs+0x0/0x20 returned 0 after 1 usecs
[    1.810793] calling  init_hugetlbfs_fs+0x0/0x130 @ 1
[    1.815880] initcall init_hugetlbfs_fs+0x0/0x130 returned 0 after 27 usecs
[    1.822893] calling  dynamic_debug_init_control+0x0/0x90 @ 1
[    1.828669] initcall dynamic_debug_init_control+0x0/0x90 returned 0 after 4 usecs
[    1.836300] calling  acpi_event_init+0x0/0x40 @ 1
[    1.841096] initcall acpi_event_init+0x0/0x40 returned 0 after 0 usecs
[    1.847749] calling  pnp_system_init+0x0/0x20 @ 1
[    1.852561] initcall pnp_system_init+0x0/0x20 returned 0 after 16 usecs
[    1.859306] calling  pnpacpi_init+0x0/0x70 @ 1
[    1.863837] pnp: PnP ACPI: disabled
[    1.867390] initcall pnpacpi_init+0x0/0x70 returned 0 after 3552 usecs
[    1.874045] calling  chr_dev_init+0x0/0x90 @ 1
[    1.883362] initcall chr_dev_init+0x0/0x90 returned 0 after 4786 usecs
[    1.890025] calling  hwrng_modinit+0x0/0xa0 @ 1
[    1.894719] initcall hwrng_modinit+0x0/0xa0 returned 0 after 73 usecs
[    1.901290] calling  firmware_class_init+0x0/0x40 @ 1
[    1.906438] initcall firmware_class_init+0x0/0x40 returned 0 after 1 usecs
[    1.913449] calling  sysctl_core_init+0x0/0x40 @ 1
[    1.918361] initcall sysctl_core_init+0x0/0x40 returned 0 after 26 usecs
[    1.925194] calling  eth_offload_init+0x0/0x20 @ 1
[    1.930079] initcall eth_offload_init+0x0/0x20 returned 0 after 0 usecs
[    1.936822] calling  ipv4_offload_init+0x0/0xc0 @ 1
[    1.941797] initcall ipv4_offload_init+0x0/0xc0 returned 0 after 1 usecs
[    1.948633] calling  inet_init+0x0/0x2c0 @ 1
[    1.953006] NET: Registered PF_INET protocol family
[    1.958289] IP idents hash table entries: 131072 (order: 8, 1048576 bytes, linear)
[    1.970123] tcp_listen_portaddr_hash hash table entries: 4096 (order: 4, 65536 bytes, linear)
[    1.978850] Table-perturb hash table entries: 65536 (order: 6, 262144 bytes, linear)
[    1.986775] TCP established hash table entries: 65536 (order: 7, 524288 bytes, linear)
[    1.995121] TCP bind hash table entries: 65536 (order: 9, 2097152 bytes, linear)
[    2.003274] TCP: Hash tables configured (established 65536 bind 65536)
[    2.010042] UDP hash table entries: 4096 (order: 6, 262144 bytes, linear)
[    2.017056] UDP-Lite hash table entries: 4096 (order: 6, 262144 bytes, linear)
[    2.024587] initcall inet_init+0x0/0x2c0 returned 0 after 71601 usecs
[    2.031164] calling  af_unix_init+0x0/0xb0 @ 1
[    2.035699] NET: Registered PF_UNIX/PF_LOCAL protocol family
[    2.041477] initcall af_unix_init+0x0/0xb0 returned 0 after 5782 usecs
[    2.048140] calling  ipv6_offload_init+0x0/0xc0 @ 1
[    2.053117] initcall ipv6_offload_init+0x0/0xc0 returned 0 after 2 usecs
[    2.059950] calling  init_sunrpc+0x0/0x80 @ 1
[    2.064706] RPC: Registered named UNIX socket transport module.
[    2.070743] RPC: Registered udp transport module.
[    2.075535] RPC: Registered tcp transport module.
[    2.080328] RPC: Registered tcp-with-tls transport module.
[    2.085914] RPC: Registered tcp NFSv4.1 backchannel transport module.
[    2.092477] initcall init_sunrpc+0x0/0x80 returned 0 after 28085 usecs
[    2.099140] calling  pcibios_assign_resources+0x0/0xd0 @ 1
[    2.104760] pci_bus 0000:00: resource 4 [io  0x0000-0xffff]
[    2.110442] pci_bus 0000:00: resource 5 [mem 0x00000000-0xffffffffff]
[    2.117009] initcall pcibios_assign_resources+0x0/0xd0 returned 0 after 12275 usecs
[    2.124816] calling  pci_apply_final_quirks+0x0/0x110 @ 1
[    2.130344] pci 0000:00:01.1: calling  quirk_gpu_hda+0x0/0x20 @ 1
[    2.136626] pci 0000:00:01.1: D0 power state depends on 0000:00:01.0
[    2.143106] pci 0000:00:01.1: quirk_gpu_hda+0x0/0x20 took 6392 usecs
[    2.149593] pci 0000:00:02.0: CLS mismatch (64 != 512), using 64 bytes
[    2.156304] initcall pci_apply_final_quirks+0x0/0x110 returned 0 after 25985 usecs
[    2.164022] calling  acpi_reserve_resources+0x0/0x100 @ 1
[    2.169527] initcall acpi_reserve_resources+0x0/0x100 returned 0 after 3 usecs
[    2.176892] calling  populate_rootfs+0x0/0x50 @ 1
[    2.181702] initcall populate_rootfs+0x0/0x50 returned 0 after 11 usecs
[    2.182015] Trying to unpack rootfs image as initramfs...
[    2.188448] calling  pci_iommu_init+0x0/0x40 @ 1
[    2.188560] pci 0000:00:00.0: Adding to iommu group 0
[    2.203946] pci 0000:00:14.0: Adding to iommu group 1
[    2.209133] pci 0000:00:14.1: Adding to iommu group 1
[    2.214317] pci 0000:00:14.2: Adding to iommu group 1
[    2.219501] pci 0000:00:14.3: Adding to iommu group 1
[    2.224684] pci 0000:00:14.4: Adding to iommu group 1
[    2.229870] pci 0000:00:14.5: Adding to iommu group 1
[    2.235056] pci 0000:00:14.6: Adding to iommu group 1
[    2.240239] pci 0000:00:14.7: Adding to iommu group 1
[    2.245466] pci 0000:00:00.2: can't find IRQ for PCI INT A; please try using pci=biosirq
[    2.253728] AMD-Vi: Extended features (0x840, 0x0): IA
[    2.258974] AMD-Vi: Interrupt remapping enabled
[    2.263884] PCI-DMA: Using software bounce buffering for IO (SWIOTLB)
[    2.270458] software IO TLB: mapped [mem 0x000000007afe8000-0x000000007efe8000] (64MB)
[    2.278533] initcall pci_iommu_init+0x0/0x40 returned 0 after 90078 usecs
[    2.285521] calling  ia32_binfmt_init+0x0/0x30 @ 1
[    2.290457] initcall ia32_binfmt_init+0x0/0x30 returned 0 after 28 usecs
[    2.297296] calling  amd_ibs_init+0x0/0x370 @ 1
[    2.301922] LVT offset 0 assigned for vector 0x400
[    2.307525] perf: AMD IBS detected (0x000000ff)
[    2.312159] initcall amd_ibs_init+0x0/0x370 returned 0 after 10240 usecs
[    2.313563] Freeing initrd memory: 4100K
[    2.319023] calling  amd_iommu_pc_init+0x0/0x230 @ 1
[    2.328071] initcall amd_iommu_pc_init+0x0/0x230 returned -19 after 0 usecs
[    2.335168] calling  msr_init+0x0/0x60 @ 1
[    2.339360] initcall msr_init+0x0/0x60 returned 0 after 18 usecs
[    2.345485] calling  kvm_x86_init+0x0/0x30 @ 1
[    2.350016] initcall kvm_x86_init+0x0/0x30 returned 0 after 2 usecs
[    2.356405] calling  svm_init+0x0/0xb0 @ 1
[    2.360618] kvm_amd: TSC scaling supported
[    2.364794] kvm_amd: Nested Virtualization enabled
[    2.369674] kvm_amd: Nested Paging enabled
[    2.373846] kvm_amd: LBR virtualization supported
[    2.410448] initcall svm_init+0x0/0xb0 returned 0 after 49869 usecs
[    2.416853] calling  register_kernel_offset_dumper+0x0/0x20 @ 1
[    2.422891] initcall register_kernel_offset_dumper+0x0/0x20 returned 0 after 0 usecs
[    2.430787] calling  i8259A_init_ops+0x0/0x30 @ 1
[    2.435582] initcall i8259A_init_ops+0x0/0x30 returned 0 after 0 usecs
[    2.442235] calling  init_tsc_clocksource+0x0/0xc0 @ 1
[    2.447478] initcall init_tsc_clocksource+0x0/0xc0 returned 0 after 5 usecs
[    2.454576] calling  add_rtc_cmos+0x0/0xa0 @ 1
[    2.459154] platform rtc_cmos: registered platform RTC device (no PNP device found)
[    2.466964] initcall add_rtc_cmos+0x0/0xa0 returned 0 after 7858 usecs
[    2.473622] calling  i8237A_init_ops+0x0/0x50 @ 1
[    2.478423] initcall i8237A_init_ops+0x0/0x50 returned -19 after 1 usecs
[    2.485255] calling  umwait_init+0x0/0xa0 @ 1
[    2.489699] initcall umwait_init+0x0/0xa0 returned -19 after 0 usecs
[    2.496178] calling  msr_init+0x0/0xc0 @ 1
[    2.501692] initcall msr_init+0x0/0xc0 returned 0 after 1338 usecs
[    2.508001] calling  cpuid_init+0x0/0xc0 @ 1
[    2.513220] initcall cpuid_init+0x0/0xc0 returned 0 after 865 usecs
[    2.519616] calling  ioapic_init_ops+0x0/0x20 @ 1
[    2.524420] initcall ioapic_init_ops+0x0/0x20 returned 0 after 0 usecs
[    2.531074] calling  audit_classes_init+0x0/0xc0 @ 1
[    2.536144] initcall audit_classes_init+0x0/0xc0 returned 0 after 7 usecs
[    2.543066] calling  twofish_glue_init+0x0/0x20 @ 1
[    2.548052] initcall twofish_glue_init+0x0/0x20 returned 0 after 12 usecs
[    2.554974] calling  twofish_3way_init+0x0/0x70 @ 1
[    2.559953] initcall twofish_3way_init+0x0/0x70 returned 0 after 6 usecs
[    2.566789] calling  twofish_init+0x0/0x50 @ 1
[    2.571337] initcall twofish_init+0x0/0x50 returned 0 after 15 usecs
[    2.577819] calling  des3_ede_x86_init+0x0/0x80 @ 1
[    2.582805] initcall des3_ede_x86_init+0x0/0x80 returned 0 after 11 usecs
[    2.589726] calling  blowfish_init+0x0/0x80 @ 1
[    2.594359] initcall blowfish_init+0x0/0x80 returned 0 after 10 usecs
[    2.600926] calling  chacha_simd_mod_init+0x0/0x90 @ 1
[    2.606266] initcall chacha_simd_mod_init+0x0/0x90 returned 0 after 101 usecs
[    2.613545] calling  aesni_init+0x0/0x280 @ 1
[    2.618096] initcall aesni_init+0x0/0x280 returned 0 after 108 usecs
[    2.624577] calling  sha1_ssse3_mod_init+0x0/0xb0 @ 1
[    2.629746] initcall sha1_ssse3_mod_init+0x0/0xb0 returned 0 after 13 usecs
[    2.636846] calling  sha256_ssse3_mod_init+0x0/0xc0 @ 1
[    2.642198] initcall sha256_ssse3_mod_init+0x0/0xc0 returned 0 after 24 usecs
[    2.649475] calling  sha512_ssse3_mod_init+0x0/0x90 @ 1
[    2.654827] initcall sha512_ssse3_mod_init+0x0/0x90 returned 0 after 24 usecs
[    2.662104] calling  poly1305_simd_mod_init+0x0/0xc0 @ 1
[    2.667608] initcall poly1305_simd_mod_init+0x0/0xc0 returned 0 after 87 usecs
[    2.674976] calling  curve25519_mod_init+0x0/0x40 @ 1
[    2.680124] initcall curve25519_mod_init+0x0/0x40 returned 0 after 0 usecs
[    2.687135] calling  iosf_mbi_init+0x0/0x30 @ 1
[    2.691802] initcall iosf_mbi_init+0x0/0x30 returned 0 after 50 usecs
[    2.698369] calling  proc_execdomains_init+0x0/0x30 @ 1
[    2.703704] initcall proc_execdomains_init+0x0/0x30 returned 0 after 9 usecs
[    2.710891] calling  register_warn_debugfs+0x0/0x30 @ 1
[    2.716217] initcall register_warn_debugfs+0x0/0x30 returned 0 after 0 usecs
[    2.723402] calling  cpuhp_sysfs_init+0x0/0xf0 @ 1
[    2.728351] initcall cpuhp_sysfs_init+0x0/0xf0 returned 0 after 65 usecs
[    2.735183] calling  ioresources_init+0x0/0x50 @ 1
[    2.740070] initcall ioresources_init+0x0/0x50 returned 0 after 4 usecs
[    2.746812] calling  proc_modules_init+0x0/0x30 @ 1
[    2.751788] initcall proc_modules_init+0x0/0x30 returned 0 after 3 usecs
[    2.758620] calling  timer_sysctl_init+0x0/0x30 @ 1
[    2.763601] initcall timer_sysctl_init+0x0/0x30 returned 0 after 7 usecs
[    2.770434] calling  timekeeping_init_ops+0x0/0x20 @ 1
[    2.775673] initcall timekeeping_init_ops+0x0/0x20 returned 0 after 0 usecs
[    2.782772] calling  init_clocksource_sysfs+0x0/0x30 @ 1
[    2.788235] initcall init_clocksource_sysfs+0x0/0x30 returned 0 after 47 usecs
[    2.795601] calling  init_timer_list_procfs+0x0/0x40 @ 1
[    2.801020] initcall init_timer_list_procfs+0x0/0x40 returned 0 after 2 usecs
[    2.808295] calling  alarmtimer_init+0x0/0x90 @ 1
[    2.813110] initcall alarmtimer_init+0x0/0x90 returned 0 after 18 usecs
[    2.819855] calling  init_posix_timers+0x0/0x50 @ 1
[    2.824831] initcall init_posix_timers+0x0/0x50 returned 0 after 2 usecs
[    2.831665] calling  clockevents_init_sysfs+0x0/0xe0 @ 1
[    2.837274] initcall clockevents_init_sysfs+0x0/0xe0 returned 0 after 191 usecs
[    2.844730] calling  proc_dma_init+0x0/0x30 @ 1
[    2.849351] initcall proc_dma_init+0x0/0x30 returned 0 after 2 usecs
[    2.855830] calling  kallsyms_init+0x0/0x30 @ 1
[    2.860451] initcall kallsyms_init+0x0/0x30 returned 0 after 2 usecs
[    2.866929] calling  pid_namespaces_init+0x0/0x60 @ 1
[    2.872093] initcall pid_namespaces_init+0x0/0x60 returned 0 after 12 usecs
[    2.879193] calling  ikconfig_init+0x0/0x50 @ 1
[    2.883814] initcall ikconfig_init+0x0/0x50 returned 0 after 2 usecs
[    2.890294] calling  audit_watch_init+0x0/0x40 @ 1
[    2.895179] initcall audit_watch_init+0x0/0x40 returned 0 after 1 usecs
[    2.901923] calling  audit_fsnotify_init+0x0/0x50 @ 1
[    2.907073] initcall audit_fsnotify_init+0x0/0x50 returned 0 after 0 usecs
[    2.914083] calling  audit_tree_init+0x0/0x90 @ 1
[    2.918882] initcall audit_tree_init+0x0/0x90 returned 0 after 2 usecs
[    2.925537] calling  seccomp_sysctl_init+0x0/0x30 @ 1
[    2.930693] initcall seccomp_sysctl_init+0x0/0x30 returned 0 after 5 usecs
[    2.937702] calling  utsname_sysctl_init+0x0/0x30 @ 1
[    2.942862] initcall utsname_sysctl_init+0x0/0x30 returned 0 after 9 usecs
[    2.949873] calling  perf_event_sysfs_init+0x0/0x90 @ 1
[    2.955395] initcall perf_event_sysfs_init+0x0/0x90 returned 0 after 194 usecs
[    2.962762] calling  system_trusted_keyring_init+0x0/0x70 @ 1
[    2.968621] Initialise system trusted keyrings
[    2.973159] initcall system_trusted_keyring_init+0x0/0x70 returned 0 after 4538 usecs
[    2.981147] calling  kswapd_init+0x0/0x90 @ 1
[    2.985712] initcall kswapd_init+0x0/0x90 returned 0 after 122 usecs
[    2.992196] calling  extfrag_debug_init+0x0/0x60 @ 1
[    2.997259] initcall extfrag_debug_init+0x0/0x60 returned 0 after 0 usecs
[    3.004180] calling  mm_compute_batch_init+0x0/0x20 @ 1
[    3.009506] initcall mm_compute_batch_init+0x0/0x20 returned 0 after 0 usecs
[    3.016691] calling  slab_proc_init+0x0/0x30 @ 1
[    3.021400] initcall slab_proc_init+0x0/0x30 returned 0 after 2 usecs
[    3.027966] calling  workingset_init+0x0/0xb0 @ 1
[    3.032762] workingset: timestamp_bits=40 max_order=21 bucket_order=0
[    3.039328] initcall workingset_init+0x0/0xb0 returned 0 after 6566 usecs
[    3.046247] calling  proc_vmalloc_init+0x0/0x40 @ 1
[    3.051223] initcall proc_vmalloc_init+0x0/0x40 returned 0 after 2 usecs
[    3.058058] calling  slab_debugfs_init+0x0/0x60 @ 1
[    3.063032] initcall slab_debugfs_init+0x0/0x60 returned 0 after 2 usecs
[    3.069867] calling  procswaps_init+0x0/0x30 @ 1
[    3.074577] initcall procswaps_init+0x0/0x30 returned 0 after 2 usecs
[    3.081143] calling  fcntl_init+0x0/0x50 @ 1
[    3.085501] initcall fcntl_init+0x0/0x50 returned 0 after 3 usecs
[    3.091716] calling  proc_filesystems_init+0x0/0x30 @ 1
[    3.097045] initcall proc_filesystems_init+0x0/0x30 returned 0 after 2 usecs
[    3.104233] calling  start_dirtytime_writeback+0x0/0x50 @ 1
[    3.109919] initcall start_dirtytime_writeback+0x0/0x50 returned 0 after 5 usecs
[    3.117460] calling  dio_init+0x0/0x50 @ 1
[    3.121637] initcall dio_init+0x0/0x50 returned 0 after 2 usecs
[    3.127672] calling  dnotify_init+0x0/0xd0 @ 1
[    3.132208] initcall dnotify_init+0x0/0xd0 returned 0 after 8 usecs
[    3.138600] calling  fanotify_user_setup+0x0/0x190 @ 1
[    3.143849] initcall fanotify_user_setup+0x0/0x190 returned 0 after 11 usecs
[    3.151036] calling  aio_setup+0x0/0xd0 @ 1
[    3.155343] initcall aio_setup+0x0/0xd0 returned 0 after 42 usecs
[    3.161558] calling  mbcache_init+0x0/0x50 @ 1
[    3.166095] initcall mbcache_init+0x0/0x50 returned 0 after 6 usecs
[    3.172485] calling  init_grace+0x0/0x20 @ 1
[    3.176840] initcall init_grace+0x0/0x20 returned 0 after 3 usecs
[    3.183051] calling  init_devpts_fs+0x0/0x40 @ 1
[    3.187766] initcall init_devpts_fs+0x0/0x40 returned 0 after 8 usecs
[    3.194336] calling  ext4_init_fs+0x0/0x1a0 @ 1
[    3.199019] initcall ext4_init_fs+0x0/0x1a0 returned 0 after 65 usecs
[    3.205590] calling  journal_init+0x0/0x160 @ 1
[    3.210224] initcall journal_init+0x0/0x160 returned 0 after 14 usecs
[    3.216794] calling  init_fat_fs+0x0/0x70 @ 1
[    3.221242] initcall init_fat_fs+0x0/0x70 returned 0 after 5 usecs
[    3.227543] calling  init_vfat_fs+0x0/0x20 @ 1
[    3.232074] initcall init_vfat_fs+0x0/0x20 returned 0 after 1 usecs
[    3.238463] calling  init_exfat_fs+0x0/0x90 @ 1
[    3.243086] initcall init_exfat_fs+0x0/0x90 returned 0 after 6 usecs
[    3.249567] calling  init_iso9660_fs+0x0/0x90 @ 1
[    3.254376] initcall init_iso9660_fs+0x0/0x90 returned 0 after 14 usecs
[    3.261127] calling  init_nfs_fs+0x0/0x130 @ 1
[    3.265838] initcall init_nfs_fs+0x0/0x130 returned 0 after 180 usecs
[    3.272411] calling  init_nfs_v3+0x0/0x20 @ 1
[    3.276854] initcall init_nfs_v3+0x0/0x20 returned 0 after 0 usecs
[    3.283155] calling  init_nlm+0x0/0x90 @ 1
[    3.287360] initcall init_nlm+0x0/0x90 returned 0 after 29 usecs
[    3.293491] calling  init_nls_cp437+0x0/0x20 @ 1
[    3.298198] initcall init_nls_cp437+0x0/0x20 returned 0 after 0 usecs
[    3.304763] calling  init_nls_cp850+0x0/0x20 @ 1
[    3.309469] initcall init_nls_cp850+0x0/0x20 returned 0 after 0 usecs
[    3.316035] calling  init_nls_iso8859_1+0x0/0x20 @ 1
[    3.321097] initcall init_nls_iso8859_1+0x0/0x20 returned 0 after 0 usecs
[    3.328017] calling  init_nls_iso8859_15+0x0/0x20 @ 1
[    3.333166] initcall init_nls_iso8859_15+0x0/0x20 returned 0 after 0 usecs
[    3.340174] calling  init_nls_utf8+0x0/0x30 @ 1
[    3.344793] initcall init_nls_utf8+0x0/0x30 returned 0 after 1 usecs
[    3.351271] calling  init_ntfs_fs+0x0/0xf0 @ 1
[    3.355800] ntfs3: Warning: Activated 64 bits per cluster. Windows does not support this
[    3.364053] initcall init_ntfs_fs+0x0/0xf0 returned 0 after 8252 usecs
[    3.370710] calling  init_ufs_fs+0x0/0x90 @ 1
[    3.375156] initcall init_ufs_fs+0x0/0x90 returned 0 after 4 usecs
[    3.381458] calling  init_autofs_fs+0x0/0x30 @ 1
[    3.386232] initcall init_autofs_fs+0x0/0x30 returned 0 after 68 usecs
[    3.392891] calling  fuse_init+0x0/0x170 @ 1
[    3.397245] fuse: init (API version 7.43)
[    3.401422] initcall fuse_init+0x0/0x170 returned 0 after 4176 usecs
[    3.407906] calling  cuse_init+0x0/0xb0 @ 1
[    3.412241] initcall cuse_init+0x0/0xb0 returned 0 after 69 usecs
[    3.418459] calling  init_udf_fs+0x0/0x80 @ 1
[    3.422908] initcall init_udf_fs+0x0/0x80 returned 0 after 5 usecs
[    3.429210] calling  ipc_init+0x0/0x30 @ 1
[    3.433410] initcall ipc_init+0x0/0x30 returned 0 after 22 usecs
[    3.439536] calling  ipc_sysctl_init+0x0/0x30 @ 1
[    3.444349] initcall ipc_sysctl_init+0x0/0x30 returned 0 after 16 usecs
[    3.451092] calling  init_mqueue_fs+0x0/0xd0 @ 1
[    3.455840] initcall init_mqueue_fs+0x0/0xd0 returned 0 after 41 usecs
[    3.462499] calling  key_proc_init+0x0/0x70 @ 1
[    3.467123] initcall key_proc_init+0x0/0x70 returned 0 after 4 usecs
[    3.473603] calling  jent_mod_init+0x0/0xc0 @ 1
[    3.514229] initcall jent_mod_init+0x0/0xc0 returned 0 after 36006 usecs
[    3.521066] calling  af_alg_init+0x0/0x40 @ 1
[    3.525511] NET: Registered PF_ALG protocol family
[    3.530391] initcall af_alg_init+0x0/0x40 returned 0 after 4881 usecs
[    3.536957] calling  algif_hash_init+0x0/0x20 @ 1
[    3.541754] initcall algif_hash_init+0x0/0x20 returned 0 after 1 usecs
[    3.548410] calling  algif_skcipher_init+0x0/0x20 @ 1
[    3.553560] initcall algif_skcipher_init+0x0/0x20 returned 0 after 0 usecs
[    3.560571] calling  rng_init+0x0/0x20 @ 1
[    3.564750] initcall rng_init+0x0/0x20 returned 0 after 0 usecs
[    3.570788] calling  calibrate_xor_blocks+0x0/0x130 @ 1
[    3.576117] xor: automatically using best checksumming function   avx       
[    3.583299] initcall calibrate_xor_blocks+0x0/0x130 returned 0 after 7182 usecs
[    3.590752] calling  asymmetric_key_init+0x0/0x20 @ 1
[    3.595904] Key type asymmetric registered
[    3.600076] initcall asymmetric_key_init+0x0/0x20 returned 0 after 4174 usecs
[    3.607350] calling  x509_key_init+0x0/0x20 @ 1
[    3.611969] Asymmetric key parser 'x509' registered
[    3.616938] initcall x509_key_init+0x0/0x20 returned 0 after 4969 usecs
[    3.623681] calling  blkdev_init+0x0/0x30 @ 1
[    3.628140] initcall blkdev_init+0x0/0x30 returned 0 after 15 usecs
[    3.634532] calling  proc_genhd_init+0x0/0x50 @ 1
[    3.639332] initcall proc_genhd_init+0x0/0x50 returned 0 after 3 usecs
[    3.645989] calling  bsg_init+0x0/0x70 @ 1
[    3.650175] Block layer SCSI generic (bsg) driver version 0.4 loaded (major 252)
[    3.657714] initcall bsg_init+0x0/0x70 returned 0 after 7547 usecs
[    3.664015] calling  deadline_init+0x0/0x20 @ 1
[    3.668636] io scheduler mq-deadline registered
[    3.673251] initcall deadline_init+0x0/0x20 returned 0 after 4615 usecs
[    3.679999] calling  kyber_init+0x0/0x20 @ 1
[    3.684353] io scheduler kyber registered
[    3.688437] initcall kyber_init+0x0/0x20 returned 0 after 4085 usecs
[    3.694917] calling  blake2s_mod_init+0x0/0x10 @ 1
[    3.699802] initcall blake2s_mod_init+0x0/0x10 returned 0 after 0 usecs
[    3.706545] calling  chacha20poly1305_init+0x0/0x10 @ 1
[    3.711873] initcall chacha20poly1305_init+0x0/0x10 returned 0 after 0 usecs
[    3.719060] calling  curve25519_init+0x0/0x10 @ 1
[    3.723856] initcall curve25519_init+0x0/0x10 returned 0 after 0 usecs
[    3.730512] calling  percpu_counter_startup+0x0/0x60 @ 1
[    3.736155] initcall percpu_counter_startup+0x0/0x60 returned 0 after 226 usecs
[    3.743614] calling  phy_core_init+0x0/0x50 @ 1
[    3.748239] initcall phy_core_init+0x0/0x50 returned 0 after 8 usecs
[    3.754717] calling  pcie_portdrv_init+0x0/0x50 @ 1
[    3.759760] initcall pcie_portdrv_init+0x0/0x50 returned 0 after 64 usecs
[    3.766683] calling  pci_proc_init+0x0/0x80 @ 1
[    3.771348] initcall pci_proc_init+0x0/0x80 returned 0 after 46 usecs
[    3.777916] calling  vesafb_driver_init+0x0/0x20 @ 1
[    3.782993] initcall vesafb_driver_init+0x0/0x20 returned 0 after 15 usecs
[    3.790002] calling  simplefb_driver_init+0x0/0x20 @ 1
[    3.795254] initcall simplefb_driver_init+0x0/0x20 returned 0 after 13 usecs
[    3.802440] calling  ged_driver_init+0x0/0x20 @ 1
[    3.807250] initcall ged_driver_init+0x0/0x20 returned 0 after 14 usecs
[    3.813994] calling  acpi_button_driver_init+0x0/0x60 @ 1
[    3.819500] initcall acpi_button_driver_init+0x0/0x60 returned 0 after 1 usecs
[    3.826863] calling  acpi_video_init+0x0/0xa0 @ 1
[    3.831659] initcall acpi_video_init+0x0/0xa0 returned 0 after 0 usecs
[    3.838314] calling  acpi_processor_driver_init+0x0/0xc0 @ 1
[    3.844083] initcall acpi_processor_driver_init+0x0/0xc0 returned 0 after 0 usecs
[    3.851711] calling  acpi_thermal_init+0x0/0x80 @ 1
[    3.856807] initcall acpi_thermal_init+0x0/0x80 returned -19 after 123 usecs
[    3.863999] calling  acpi_pad_init+0x0/0xa0 @ 1
[    3.868635] initcall acpi_pad_init+0x0/0xa0 returned 0 after 16 usecs
[    3.875203] calling  gpio_clk_driver_init+0x0/0x20 @ 1
[    3.880455] initcall gpio_clk_driver_init+0x0/0x20 returned 0 after 14 usecs
[    3.887643] calling  gated_fixed_clk_driver_init+0x0/0x20 @ 1
[    3.893516] initcall gated_fixed_clk_driver_init+0x0/0x20 returned 0 after 13 usecs
[    3.901326] calling  n_null_init+0x0/0x20 @ 1
[    3.905769] initcall n_null_init+0x0/0x20 returned 0 after 0 usecs
[    3.912069] calling  pty_init+0x0/0x340 @ 1
[    3.945862] initcall pty_init+0x0/0x340 returned 0 after 29526 usecs
[    3.952357] calling  sysrq_init+0x0/0x70 @ 1
[    3.956719] initcall sysrq_init+0x0/0x70 returned 0 after 7 usecs
[    3.962933] calling  serial8250_init+0x0/0x110 @ 1
[    3.967819] initcall serial8250_init+0x0/0x110 returned -19 after 0 usecs
[    3.974739] calling  exar_pci_driver_init+0x0/0x20 @ 1
[    3.980029] initcall exar_pci_driver_init+0x0/0x20 returned 0 after 48 usecs
[    3.987219] calling  serial_pci_driver_init+0x0/0x20 @ 1
[    3.992709] initcall serial_pci_driver_init+0x0/0x20 returned 0 after 73 usecs
[    4.000080] calling  pericom8250_pci_driver_init+0x0/0x20 @ 1
[    4.005978] initcall pericom8250_pci_driver_init+0x0/0x20 returned 0 after 36 usecs
[    4.013787] calling  init_lqasc+0x0/0x40 @ 1
[    4.018165] initcall init_lqasc+0x0/0x40 returned 0 after 25 usecs
[    4.024469] calling  random_sysctls_init+0x0/0x30 @ 1
[    4.029629] initcall random_sysctls_init+0x0/0x30 returned 0 after 10 usecs
[    4.036727] calling  nvram_module_init+0x0/0x90 @ 1
[    4.041786] Non-volatile memory driver v1.3
[    4.046053] initcall nvram_module_init+0x0/0x90 returned 0 after 4352 usecs
[    4.053152] calling  amd_rng_mod_init+0x0/0x1c0 @ 1
[    4.058140] initcall amd_rng_mod_init+0x0/0x1c0 returned -19 after 13 usecs
[    4.065239] calling  agp_init+0x0/0x30 @ 1
[    4.069415] Linux agpgart interface v0.103
[    4.073588] initcall agp_init+0x0/0x30 returned 0 after 4173 usecs
[    4.079890] calling  agp_amd64_mod_init+0x0/0x30 @ 1
[    4.085011] probe of 0000:00:00.0 returned 19 after 20 usecs
[    4.090807] probe of 0000:00:01.0 returned 19 after 14 usecs
[    4.096592] probe of 0000:00:01.1 returned 19 after 13 usecs
[    4.102376] probe of 0000:00:02.0 returned 19 after 11 usecs
[    4.108163] probe of 0000:00:14.0 returned 19 after 16 usecs
[    4.113949] probe of 0000:00:14.1 returned 19 after 16 usecs
[    4.119735] probe of 0000:00:14.2 returned 19 after 16 usecs
[    4.125520] probe of 0000:00:14.3 returned 19 after 16 usecs
[    4.131306] probe of 0000:00:14.4 returned 19 after 16 usecs
[    4.137092] probe of 0000:00:14.5 returned 19 after 16 usecs
[    4.142889] probe of 0000:00:14.6 returned 19 after 16 usecs
[    4.148674] probe of 0000:00:14.7 returned 19 after 16 usecs
[    4.154459] probe of 0000:00:18.0 returned 19 after 15 usecs
[    4.160247] probe of 0000:00:18.1 returned 19 after 16 usecs
[    4.166028] probe of 0000:00:18.2 returned 19 after 12 usecs
[    4.171810] probe of 0000:00:18.3 returned 19 after 13 usecs
[    4.177592] probe of 0000:00:18.4 returned 19 after 12 usecs
[    4.183373] probe of 0000:00:18.5 returned 19 after 11 usecs
[    4.189153] probe of 0000:00:18.6 returned 19 after 11 usecs
[    4.194943] initcall agp_amd64_mod_init+0x0/0x30 returned -19 after 109992 usecs
[    4.202487] calling  drm_core_init+0x0/0x90 @ 1
[    4.207217] initcall drm_core_init+0x0/0x90 returned 0 after 109 usecs
[    4.213877] calling  drm_buddy_module_init+0x0/0x50 @ 1
[    4.219208] initcall drm_buddy_module_init+0x0/0x50 returned 0 after 4 usecs
[    4.226394] calling  drm_display_helper_module_init+0x0/0x10 @ 1
[    4.232517] initcall drm_display_helper_module_init+0x0/0x10 returned 0 after 0 usecs
[    4.240501] calling  drm_sched_fence_slab_init+0x0/0x50 @ 1
[    4.246185] initcall drm_sched_fence_slab_init+0x0/0x50 returned 0 after 3 usecs
[    4.253729] calling  amdgpu_init+0x0/0x80 @ 1
[    4.258176] [drm] amdgpu kernel modesetting enabled.
[    4.263271] probe of 0000:00:01.0 returned 517 after 13 usecs
[    4.269184] initcall amdgpu_init+0x0/0x80 returned 0 after 11012 usecs
[    4.275845] calling  cn_proc_init+0x0/0x40 @ 1
[    4.280378] initcall cn_proc_init+0x0/0x40 returned 0 after 2 usecs
[    4.286768] calling  topology_sysfs_init+0x0/0x40 @ 1
[    4.292135] initcall topology_sysfs_init+0x0/0x40 returned 0 after 220 usecs
[    4.299322] calling  cacheinfo_sysfs_init+0x0/0x40 @ 1
[    4.305421] initcall cacheinfo_sysfs_init+0x0/0x40 returned 0 after 861 usecs
[    4.312707] calling  devcoredump_init+0x0/0x20 @ 1
[    4.317604] initcall devcoredump_init+0x0/0x20 returned 0 after 12 usecs
[    4.324439] calling  brd_init+0x0/0xf0 @ 1
[    4.328985] brd: module loaded
[    4.332101] initcall brd_init+0x0/0xf0 returned 0 after 3485 usecs
[    4.338416] calling  loop_init+0x0/0xe0 @ 1
[    4.345198] loop: module loaded
[    4.348404] initcall loop_init+0x0/0xe0 returned 0 after 5722 usecs
[    4.354795] calling  at24_init+0x0/0x50 @ 1
[    4.359077] i2c-core: driver [at24] registered
[    4.363608] initcall at24_init+0x0/0x50 returned 0 after 4548 usecs
[    4.369997] calling  init_sd+0x0/0x100 @ 1
[    4.374201] initcall init_sd+0x0/0x100 returned 0 after 27 usecs
[    4.380328] calling  init_sr+0x0/0x50 @ 1
[    4.384432] initcall init_sr+0x0/0x50 returned 0 after 17 usecs
[    4.390469] calling  init_sg+0x0/0x1e0 @ 1
[    4.394669] initcall init_sg+0x0/0x1e0 returned 0 after 24 usecs
[    4.400793] calling  ahci_pci_driver_init+0x0/0x20 @ 1
[    4.406075] probe of 0000:00:14.2 returned 517 after 16 usecs
[    4.411989] initcall ahci_pci_driver_init+0x0/0x20 returned 0 after 5954 usecs
[    4.419356] calling  apcie_driver_init+0x0/0x20 @ 1
[    4.424365] initcall apcie_driver_init+0x0/0x20 returned 0 after 36 usecs
[    4.431289] calling  bpcie_driver_init+0x0/0x20 @ 1
[    4.436280] baikal_pcie 0000:00:14.4: bpcie_probe()
[    4.441289] baikal_pcie 0000:00:14.4: bpcie glue probe
[    4.446534] baikal_pcie 0000:00:14.4: Baikal chip revision: 4c0c2021:8d76a398:0000b100
[    4.454608] pci 0000:00:14.0: bpcie_create_irq_domain
[    4.459759] baikal_pcie 0000:00:14.4: devid = 164
[    4.464556] baikal_pcie 0000:00:14.4: no parent 
[    4.469265] pci 0000:00:14.1: bpcie_create_irq_domain
[    4.474415] baikal_pcie 0000:00:14.4: devid = 164
[    4.479210] baikal_pcie 0000:00:14.4: no parent 
[    4.483919] pci 0000:00:14.2: bpcie_create_irq_domain
[    4.489068] baikal_pcie 0000:00:14.4: devid = 164
[    4.493862] baikal_pcie 0000:00:14.4: no parent 
[    4.498569] pci 0000:00:14.3: bpcie_create_irq_domain
[    4.503719] baikal_pcie 0000:00:14.4: devid = 164
[    4.508513] baikal_pcie 0000:00:14.4: no parent 
[    4.513220] baikal_pcie 0000:00:14.4: bpcie_create_irq_domain
[    4.519076] baikal_pcie 0000:00:14.4: devid = 164
[    4.523869] baikal_pcie 0000:00:14.4: no parent 
[    4.528577] pci 0000:00:14.5: bpcie_create_irq_domain
[    4.533726] baikal_pcie 0000:00:14.4: devid = 164
[    4.538522] baikal_pcie 0000:00:14.4: no parent 
[    4.543230] pci 0000:00:14.6: bpcie_create_irq_domain
[    4.548378] baikal_pcie 0000:00:14.4: devid = 164
[    4.553173] baikal_pcie 0000:00:14.4: no parent 
[    4.557879] pci 0000:00:14.7: bpcie_create_irq_domain
[    4.563029] baikal_pcie 0000:00:14.4: devid = 164
[    4.567823] baikal_pcie 0000:00:14.4: no parent 
[    4.573414] baikal_pcie 0000:00:14.4: dev->irq=1
[    4.578167] probe of 0000:00:14.4:0 returned 0 after 11 usecs
[    4.584056] probe of 0000:00:14.4:0.0 returned 0 after 9 usecs
[    4.590056] baikal_pcie 0000:00:14.4: Failed to register serial port 0
[    4.596712] baikal_pcie 0000:00:14.4: bpcie glue remove
[    4.602545] baikal_pcie 0000:00:14.4: probe with driver baikal_pcie failed with error -5
[    4.610811] ------------[ cut here ]------------
[    4.615517] WARNING: CPU: 0 PID: 1 at kernel/irq/msi.c:293 msi_device_data_release+0x39/0x40
[    4.624123] Modules linked in:
[    4.627240] CPU: 0 UID: 0 PID: 1 Comm: swapper/0 Not tainted 6.15.4-Baikal_TESTING_crashniels-dirty #1 PREEMPT(voluntary) 
[    4.638499] Hardware name:  , BIOS unde Wed 09/22/2021 16:2
[    4.644178] RIP: 0010:msi_device_data_release+0x39/0x40
[    4.649507] Code: e8 2c ff ff ff 48 83 7b 30 00 75 1e 48 8d 7b 28 e8 2c 1e 11 01 49 c7 84 24 18 01 00 00 00 00 00 00 5b 41 5c 5d e9 d7 70 12 01 <0f> 0b eb de 0f 1f 00 55 48 89 e5 41 56 41 89 d6 41 54 41 89 f4 53
[    4.668640] RSP: 0018:ffff888140153c98 EFLAGS: 00010286
[    4.673966] RAX: ffff8881400f8000 RBX: ffff8881408db828 RCX: 0000000000000001
[    4.681238] RDX: 0000000000000000 RSI: 0000000000000257 RDI: ffff8881408db830
[    4.688510] RBP: ffff888140153ca8 R08: 0000000000000001 R09: ffffffff813e732a
[    4.695782] R10: ffffea000509aa00 R11: ffff8881426a8600 R12: ffff8881409030c8
[    4.703052] R13: ffff8881409030c8 R14: ffff888140153cc0 R15: 0000000000000002
[    4.710323] FS:  0000000000000000(0000) GS:ffff8882f4a78000(0000) knlGS:0000000000000000
[    4.718569] CS:  0010 DS: 0000 ES: 0000 CR0: 0000000080050033
[    4.724424] CR2: ffff88827efff000 CR3: 0000000007e12000 CR4: 00000000000406f0
[    4.731696] Call Trace:
[    4.734188]  <TASK>
[    4.736327]  devres_release_all+0xa2/0x120
[    4.740508]  really_probe+0x20b/0x3b0
[    4.744245]  __driver_probe_device+0x84/0x110
[    4.748689]  driver_probe_device+0x1f/0xa0
[    4.752867]  ? __device_attach_driver+0x110/0x110
[    4.757664]  __driver_attach+0xcc/0x1e0
[    4.761576]  ? __device_attach_driver+0x110/0x110
[    4.766373]  bus_for_each_dev+0x6e/0xb0
[    4.770286]  driver_attach+0x19/0x20
[    4.773932]  bus_add_driver+0x11e/0x230
[    4.777844]  ? apcie_driver_init+0x20/0x20
[    4.782020]  driver_register+0x70/0xe0
[    4.785843]  __pci_register_driver+0x5c/0x70
[    4.790200]  bpcie_driver_init+0x19/0x20
[    4.794200]  do_one_initcall+0x3d/0x180
[    4.798114]  kernel_init_freeable+0x17e/0x1d0
[    4.802561]  ? rest_init+0xd0/0xd0
[    4.806031]  kernel_init+0x15/0x130
[    4.809588]  ret_from_fork+0x38/0x60
[    4.813233]  ? rest_init+0xd0/0xd0
[    4.816701]  ret_from_fork_asm+0x11/0x20
[    4.820700] RIP: 1f0f:0x0
[    4.823371] Code: Unable to access opcode bytes at 0xffffffffffffffd6.
[    4.830025] RSP: 0000:0000000000000000 EFLAGS: 841f0f2e66 ORIG_RAX: 1f0f2e6600000000
[    4.837919] RAX: 0000000000000000 RBX: 1f0f2e6600000000 RCX: 2e66000000000084
[    4.845191] RDX: 0000000000841f0f RSI: 000000841f0f2e66 RDI: 00841f0f2e660000
[    4.852463] RBP: 00841f0f2e660000 R08: 00841f0f2e660000 R09: 000000841f0f2e66
[    4.859735] R10: 0000000000841f0f R11: 2e66000000000084 R12: 000000841f0f2e66
[    4.867006] R13: 0000000000841f0f R14: 2e66000000000084 R15: 1f0f2e6600000000
[    4.874278]  </TASK>
[    4.876504] ---[ end trace 0000000000000000 ]---
[    4.881240] probe of 0000:00:14.4 returned 5 after 444967 usecs
[    4.887303] initcall bpcie_driver_init+0x0/0x20 returned 0 after 451039 usecs
[    4.894580] calling  wg_mod_init+0x0/0x70 @ 1
[    4.899065] wireguard: WireGuard 1.0.0 loaded. See www.wireguard.com for information.
[    4.907047] wireguard: Copyright (C) 2015-2019 Jason A. Donenfeld <Jason@zx2c4.com>. All Rights Reserved.
[    4.916797] initcall wg_mod_init+0x0/0x70 returned 0 after 17773 usecs
[    4.923456] calling  blackhole_netdev_init+0x0/0x80 @ 1
[    4.928797] initcall blackhole_netdev_init+0x0/0x80 returned 0 after 13 usecs
[    4.936074] calling  fixed_mdio_bus_init+0x0/0xd0 @ 1
[    4.941251] probe of Fixed MDIO bus returned 0 after 9 usecs
[    4.947232] initcall fixed_mdio_bus_init+0x0/0xd0 returned 0 after 6008 usecs
[    4.954509] calling  phy_module_init+0x0/0x20 @ 1
[    4.959568] initcall phy_module_init+0x0/0x20 returned 0 after 262 usecs
[    4.966403] calling  sky2_init_module+0x0/0x30 @ 1
[    4.971288] sky2: driver version 1.30
[    4.975055] initcall sky2_init_module+0x0/0x30 returned 0 after 3766 usecs
[    4.982067] calling  uio_init+0x0/0xe0 @ 1
[    4.986252] initcall uio_init+0x0/0xe0 returned 0 after 9 usecs
[    4.992287] calling  uio_pdrv_genirq_init+0x0/0x20 @ 1
[    4.997544] initcall uio_pdrv_genirq_init+0x0/0x20 returned 0 after 19 usecs
[    5.004733] calling  uio_dmem_genirq_init+0x0/0x20 @ 1
[    5.009987] initcall uio_dmem_genirq_init+0x0/0x20 returned 0 after 14 usecs
[    5.017173] calling  uio_pci_driver_init+0x0/0x20 @ 1
[    5.022357] initcall uio_pci_driver_init+0x0/0x20 returned 0 after 32 usecs
[    5.029458] calling  cdrom_init+0x0/0x20 @ 1
[    5.033819] initcall cdrom_init+0x0/0x20 returned 0 after 7 usecs
[    5.040030] calling  xhci_hcd_init+0x0/0x30 @ 1
[    5.044649] initcall xhci_hcd_init+0x0/0x30 returned 0 after 0 usecs
[    5.051125] calling  xhci_pci_init+0x0/0x60 @ 1
[    5.055779] initcall xhci_pci_init+0x0/0x60 returned 0 after 34 usecs
[    5.062347] calling  xhci_aeolia_init+0x0/0x40 @ 1
[    5.067253] probe of 0000:00:14.7 returned 517 after 11 usecs
[    5.073141] initcall xhci_aeolia_init+0x0/0x40 returned 0 after 5909 usecs
[    5.080151] calling  uas_init+0x0/0x60 @ 1
[    5.084511] usbcore: registered new interface driver uas
[    5.089932] initcall uas_init+0x0/0x60 returned 0 after 5603 usecs
[    5.096240] calling  usb_storage_driver_init+0x0/0x40 @ 1
[    5.101777] usbcore: registered new interface driver usb-storage
[    5.107904] initcall usb_storage_driver_init+0x0/0x40 returned 0 after 6160 usecs
[    5.115533] calling  i8042_init+0x0/0x600 @ 1
[    5.120023] i8042: PNP: No PS/2 controller found.
[    5.124819] initcall i8042_init+0x0/0x600 returned 0 after 4844 usecs
[    5.131388] calling  serport_init+0x0/0x30 @ 1
[    5.135918] initcall serport_init+0x0/0x30 returned 0 after 0 usecs
[    5.142306] calling  input_leds_init+0x0/0x20 @ 1
[    5.147103] initcall input_leds_init+0x0/0x20 returned 0 after 0 usecs
[    5.153757] calling  mousedev_init+0x0/0x90 @ 1
[    5.158562] mousedev: PS/2 mouse device common for all mice
[    5.164247] initcall mousedev_init+0x0/0x90 returned 0 after 5868 usecs
[    5.171023] calling  joydev_init+0x0/0x20 @ 1
[    5.175547] initcall joydev_init+0x0/0x20 returned 0 after 73 usecs
[    5.181937] calling  evdev_init+0x0/0x20 @ 1
[    5.186291] initcall evdev_init+0x0/0x20 returned 0 after 0 usecs
[    5.192508] calling  atkbd_init+0x0/0x30 @ 1
[    5.196899] initcall atkbd_init+0x0/0x30 returned 0 after 38 usecs
[    5.203202] calling  xpad_driver_init+0x0/0x20 @ 1
[    5.208125] usbcore: registered new interface driver xpad
[    5.213632] initcall xpad_driver_init+0x0/0x20 returned 0 after 5546 usecs
[    5.220643] calling  uinput_misc_init+0x0/0x20 @ 1
[    5.225620] initcall uinput_misc_init+0x0/0x20 returned 0 after 91 usecs
[    5.232456] calling  i2c_dev_init+0x0/0xa0 @ 1
[    5.236988] i2c_dev: i2c /dev entries driver
[    5.241348] initcall i2c_dev_init+0x0/0xa0 returned 0 after 4359 usecs
[    5.248004] calling  i2c_slave_eeprom_driver_init+0x0/0x20 @ 1
[    5.253965] i2c-core: driver [i2c-slave-eeprom] registered
[    5.259558] initcall i2c_slave_eeprom_driver_init+0x0/0x20 returned 0 after 5608 usecs
[    5.267630] calling  fam15h_power_driver_init+0x0/0x20 @ 1
[    5.273286] probe of 0000:00:18.4 returned 0 after 48 usecs
[    5.278993] initcall fam15h_power_driver_init+0x0/0x20 returned 0 after 5768 usecs
[    5.286713] calling  k8temp_driver_init+0x0/0x20 @ 1
[    5.291811] initcall k8temp_driver_init+0x0/0x20 returned 0 after 32 usecs
[    5.298821] calling  k10temp_driver_init+0x0/0x20 @ 1
[    5.304040] probe of 0000:00:18.3 returned 0 after 54 usecs
[    5.309748] initcall k10temp_driver_init+0x0/0x20 returned 0 after 5776 usecs
[    5.317024] calling  dm_init+0x0/0x60 @ 1
[    5.321224] device-mapper: ioctl: 4.49.0-ioctl (2025-01-17) initialised: dm-devel@lists.linux.dev
[    5.330274] initcall dm_init+0x0/0x60 returned 0 after 9162 usecs
[    5.336487] calling  dm_bufio_init+0x0/0x150 @ 1
[    5.341320] initcall dm_bufio_init+0x0/0x150 returned 0 after 125 usecs
[    5.348070] calling  dm_crypt_init+0x0/0x20 @ 1
[    5.352693] initcall dm_crypt_init+0x0/0x20 returned 0 after 0 usecs
[    5.359174] calling  dm_snapshot_init+0x0/0x210 @ 1
[    5.364157] initcall dm_snapshot_init+0x0/0x210 returned 0 after 9 usecs
[    5.370990] calling  btsdio_driver_init+0x0/0x20 @ 1
[    5.376068] initcall btsdio_driver_init+0x0/0x20 returned 0 after 16 usecs
[    5.383081] calling  btmrvl_sdio_init_module+0x0/0x40 @ 1
[    5.388601] initcall btmrvl_sdio_init_module+0x0/0x40 returned 0 after 14 usecs
[    5.396055] calling  amd_pstate_init+0x0/0x2a0 @ 1
[    5.400940] amd_pstate: the _CPC object is not present in SBIOS or ACPI disabled
[    5.408475] initcall amd_pstate_init+0x0/0x2a0 returned -19 after 7536 usecs
[    5.415661] calling  sdhci_drv_init+0x0/0x30 @ 1
[    5.420367] sdhci: Secure Digital Host Controller Interface driver
[    5.426663] sdhci: Copyright(c) Pierre Ossman
[    5.431100] initcall sdhci_drv_init+0x0/0x30 returned 0 after 10732 usecs
[    5.438022] calling  sdhci_uhs2_mod_init+0x0/0x10 @ 1
[    5.443172] initcall sdhci_uhs2_mod_init+0x0/0x10 returned 0 after 0 usecs
[    5.450180] calling  sdhci_driver_init+0x0/0x20 @ 1
[    5.455209] initcall sdhci_driver_init+0x0/0x20 returned 0 after 56 usecs
[    5.455216] sdhci-pci 0000:00:14.3: SDHCI controller found [104d:90da] (rev 0)
[    5.455223] calling  dmi_sysfs_init+0x0/0xb0 @ 1
[    5.455253] probe of 0000:00:14.3 returned 517 after 48 usecs
[    5.462187] initcall dmi_sysfs_init+0x0/0xb0 returned 0 after 40 usecs
[    5.486702] calling  sysfb_init+0x0/0x180 @ 1
[    5.491146] initcall sysfb_init+0x0/0x180 returned -22 after 1 usecs
[    5.497624] calling  hid_init+0x0/0x50 @ 1
[    5.501826] hid: raw HID events driver (C) Jiri Kosina
[    5.507063] initcall hid_init+0x0/0x50 returned 0 after 5263 usecs
[    5.513364] calling  uhid_misc_init+0x0/0x20 @ 1
[    5.518156] initcall uhid_misc_init+0x0/0x20 returned 0 after 85 usecs
[    5.524822] calling  hid_generic_init+0x0/0x20 @ 1
[    5.529738] initcall hid_generic_init+0x0/0x20 returned 0 after 29 usecs
[    5.536573] calling  ps_init+0x0/0x20 @ 1
[    5.540689] initcall ps_init+0x0/0x20 returned 0 after 28 usecs
[    5.546728] calling  sony_init+0x0/0x50 @ 1
[    5.551024] initcall sony_init+0x0/0x50 returned 0 after 30 usecs
[    5.557240] calling  wiimote_hid_driver_init+0x0/0x20 @ 1
[    5.562772] initcall wiimote_hid_driver_init+0x0/0x20 returned 0 after 28 usecs
[    5.570226] calling  hid_init+0x0/0x60 @ 1
[    5.574429] usbcore: registered new interface driver usbhid
[    5.580109] usbhid: USB HID core driver
[    5.584015] initcall hid_init+0x0/0x60 returned 0 after 9613 usecs
[    5.590315] calling  wmi_bmof_driver_init+0x0/0x20 @ 1
[    5.595556] Driver 'wmi-bmof' was unable to register with bus_type 'wmi' because the bus was not initialized.
[    5.605660] initcall wmi_bmof_driver_init+0x0/0x20 returned -22 after 10105 usecs
[    5.613292] calling  snd_ctl_led_init+0x0/0x140 @ 1
[    5.618307] initcall snd_ctl_led_init+0x0/0x140 returned 0 after 41 usecs
[    5.625232] calling  alsa_hwdep_init+0x0/0x70 @ 1
[    5.630034] initcall alsa_hwdep_init+0x0/0x70 returned 0 after 6 usecs
[    5.636690] calling  alsa_timer_init+0x0/0x200 @ 1
[    5.641683] initcall alsa_timer_init+0x0/0x200 returned 0 after 107 usecs
[    5.648612] calling  snd_hrtimer_init+0x0/0xf0 @ 1
[    5.653499] initcall snd_hrtimer_init+0x0/0xf0 returned 0 after 1 usecs
[    5.660247] calling  alsa_pcm_init+0x0/0x70 @ 1
[    5.664870] initcall alsa_pcm_init+0x0/0x70 returned 0 after 3 usecs
[    5.671350] calling  alsa_mixer_oss_init+0x0/0x50 @ 1
[    5.676500] initcall alsa_mixer_oss_init+0x0/0x50 returned 0 after 1 usecs
[    5.683510] calling  alsa_pcm_oss_init+0x0/0x90 @ 1
[    5.688485] initcall alsa_pcm_oss_init+0x0/0x90 returned 0 after 0 usecs
[    5.695317] calling  alsa_seq_init+0x0/0x50 @ 1
[    5.700019] initcall alsa_seq_init+0x0/0x50 returned 0 after 82 usecs
[    5.706598] calling  generic_driver_init+0x0/0x20 @ 1
[    5.711769] initcall generic_driver_init+0x0/0x20 returned 0 after 16 usecs
[    5.718869] calling  realtek_driver_init+0x0/0x20 @ 1
[    5.724035] initcall realtek_driver_init+0x0/0x20 returned 0 after 14 usecs
[    5.731135] calling  cmedia_driver_init+0x0/0x20 @ 1
[    5.736211] initcall cmedia_driver_init+0x0/0x20 returned 0 after 14 usecs
[    5.743221] calling  analog_driver_init+0x0/0x20 @ 1
[    5.748299] initcall analog_driver_init+0x0/0x20 returned 0 after 16 usecs
[    5.755311] calling  sigmatel_driver_init+0x0/0x20 @ 1
[    5.760564] initcall sigmatel_driver_init+0x0/0x20 returned 0 after 13 usecs
[    5.767760] calling  si3054_driver_init+0x0/0x20 @ 1
[    5.772836] initcall si3054_driver_init+0x0/0x20 returned 0 after 14 usecs
[    5.779848] calling  cirrus_driver_init+0x0/0x20 @ 1
[    5.784924] initcall cirrus_driver_init+0x0/0x20 returned 0 after 14 usecs
[    5.791934] calling  ca0110_driver_init+0x0/0x20 @ 1
[    5.797010] initcall ca0110_driver_init+0x0/0x20 returned 0 after 14 usecs
[    5.804022] calling  ca0132_driver_init+0x0/0x20 @ 1
[    5.809098] initcall ca0132_driver_init+0x0/0x20 returned 0 after 14 usecs
[    5.816109] calling  conexant_driver_init+0x0/0x20 @ 1
[    5.821366] initcall conexant_driver_init+0x0/0x20 returned 0 after 15 usecs
[    5.828554] calling  via_driver_init+0x0/0x20 @ 1
[    5.833368] initcall via_driver_init+0x0/0x20 returned 0 after 17 usecs
[    5.840113] calling  hdmi_driver_init+0x0/0x20 @ 1
[    5.845012] initcall hdmi_driver_init+0x0/0x20 returned 0 after 14 usecs
[    5.851846] calling  azx_driver_init+0x0/0x20 @ 1
